[ct_train] config=exploration/cell_types/experiments/configs/exp082_seed9.json
[ct_train] device=cuda  checkpoints=/home/abel/code/Tissue-Reassembly-using-GenAI-and-new-metrics/exploration/cell_types/outputs/exp082_seed9
[ct_train] logs=/home/abel/code/Tissue-Reassembly-using-GenAI-and-new-metrics/exploration/cell_types/logs/exp082_seed9/20260808_005221
[ct_train] Loading data …
[DataModule] Reading '/home/abel/biodata/MERFISH_LUNA_small_cortex/MERFISH_mouse_cortex_train.csv' (split=train) with float32 dtype on 254 gene cols + coord cols …
[DataModule] Loaded 158,379 rows for split=train.
[DataModule] Reading '/home/abel/biodata/MERFISH_LUNA_small_cortex/MERFISH_mouse_cortex_test.csv' (split=test) with float32 dtype on 254 gene cols + coord cols …
[DataModule] Loaded 118,036 rows for split=test.
[DataModule] Reading '/home/abel/biodata/MERFISH_LUNA_small_cortex/MERFISH_mouse_cortex_test.csv' (split=validation) with float32 dtype on 254 gene cols + coord cols …
[DataModule] Loaded 118,036 rows for split=validation.
[ct_train] genes=254  classes=23
[ct_train] model predict_cme=True  params=1,305,308
[ct_train] soft CME loaded split=train sigma=96.0 n=158379 C=23
[ct_train] soft CME loaded split=validation sigma=96.0 n=118036 C=23
[ct_train] soft CME loaded split=train sigma=50.0 n=158379 C=23
[ct_train] soft CME loaded split=train sigma=64.0 n=158379 C=23
[ct_train] soft CME loaded split=validation sigma=50.0 n=118036 C=23
[ct_train] soft CME loaded split=validation sigma=64.0 n=118036 C=23
wandb: [wandb.login()] Loaded credentials for https://api.wandb.ai from /home/abel/.netrc.
wandb: Currently logged in as: abel-salmona (abel-salmona-polytechnique-montr-al) to https://api.wandb.ai. Use `wandb login --relogin` to force relogin
wandb: WARNING Using a boolean value for 'reinit' is deprecated. Use 'return_previous' or 'finish_previous' instead.
wandb: setting up run etl67za3
wandb: Tracking run with wandb version 0.26.1
wandb: Run data is saved locally in /home/abel/code/Tissue-Reassembly-using-GenAI-and-new-metrics/exploration/cell_types/logs/exp082_seed9/20260808_005221/wandb/run-20260808_005229-etl67za3
wandb: Run `wandb offline` to turn off syncing.
wandb: Syncing run exp082_seed9
wandb:  View project at https://wandb.ai/abel-salmona-polytechnique-montr-al/cell_types
wandb:  View run at https://wandb.ai/abel-salmona-polytechnique-montr-al/cell_types/runs/etl67za3
wandb: WARNING Saving files without folders. If you want to preserve subdirectories pass base_path to wandb.save, i.e. wandb.save("/mnt/folder/file.h5", base_path="/mnt")
wandb: WARNING Symlinked 1 file into the W&B run directory; call wandb.save again to sync new files.
[ct_train] wandb: project=cell_types name=exp082_seed9 mode=online url=https://wandb.ai/abel-salmona-polytechnique-montr-al/cell_types/runs/etl67za3
[ct_train] parameters: total=1,305,308 trainable=1,305,308
  [params] mlp_in_node_features: 26,720
  [params] transformer_layers: 633,600
  [params] type_stage1: 28,320
  [params] env_stage1: 93,056
  [params] type_probe: 2,231
  [params] env_probe: 7,383
  [params] fusion_mlp: 383,008
  [params] type_stage2: 30,551
  [params] env_stage2: 100,439
[ct_train] rechunked train graphs (seed=1)

=== Epoch 1/1000 ===
[train] loss=8.6640 cls=2.7136 cme=2.7680 acc=0.2589 cells=158379
[ct_train] rechunked train graphs (seed=2)

=== Epoch 2/1000 ===
[train] loss=7.2143 cls=1.8191 cme=2.5119 acc=0.6153 cells=158379
[val]   loss=6.5411 eval=3.7392 cls=1.2964 cme=2.4428 acc=0.7751 cells=118036
[ct_train] saved best checkpoint (val_eval_loss=3.7392 val_acc=0.7751)
[ct_train] rechunked train graphs (seed=3)

=== Epoch 3/1000 ===
[train] loss=6.3797 cls=1.1876 cme=2.4185 acc=0.7920 cells=158379
[ct_train] rechunked train graphs (seed=4)

=== Epoch 4/1000 ===
[train] loss=5.9073 cls=0.8402 cme=2.3610 acc=0.8734 cells=158379
[val]   loss=5.7077 eval=3.0139 cls=0.6631 cme=2.3508 acc=0.9046 cells=118036
[ct_train] saved best checkpoint (val_eval_loss=3.0139 val_acc=0.9046)
[ct_train] rechunked train graphs (seed=5)

=== Epoch 5/1000 ===
[train] loss=5.7089 cls=0.6923 cme=2.3376 acc=0.9064 cells=158379
[ct_train] rechunked train graphs (seed=6)

=== Epoch 6/1000 ===
[train] loss=5.6030 cls=0.6268 cme=2.3189 acc=0.9240 cells=158379
[val]   loss=5.5208 eval=2.8632 cls=0.5435 cme=2.3196 acc=0.9396 cells=118036
[ct_train] saved best checkpoint (val_eval_loss=2.8632 val_acc=0.9396)
[ct_train] rechunked train graphs (seed=7)

=== Epoch 7/1000 ===
[train] loss=5.5457 cls=0.5919 cme=2.3086 acc=0.9357 cells=158379
[ct_train] rechunked train graphs (seed=8)

=== Epoch 8/1000 ===
[train] loss=5.5016 cls=0.5686 cme=2.2990 acc=0.9413 cells=158379
[val]   loss=5.4343 eval=2.8000 cls=0.5011 cme=2.2989 acc=0.9525 cells=118036
[ct_train] saved best checkpoint (val_eval_loss=2.8000 val_acc=0.9525)
[ct_train] rechunked train graphs (seed=9)

=== Epoch 9/1000 ===
[train] loss=5.4753 cls=0.5509 cme=2.2950 acc=0.9448 cells=158379
[ct_train] rechunked train graphs (seed=10)

=== Epoch 10/1000 ===
[train] loss=5.4350 cls=0.5384 cme=2.2821 acc=0.9479 cells=158379
[val]   loss=5.3820 eval=2.7681 cls=0.4864 cme=2.2817 acc=0.9550 cells=118036
[ct_train] saved best checkpoint (val_eval_loss=2.7681 val_acc=0.9550)
[ct_train] rechunked train graphs (seed=11)

=== Epoch 11/1000 ===
[train] loss=5.4085 cls=0.5267 cme=2.2753 acc=0.9509 cells=158379
[ct_train] rechunked train graphs (seed=12)

=== Epoch 12/1000 ===
[train] loss=5.3891 cls=0.5195 cme=2.2697 acc=0.9521 cells=158379
[val]   loss=5.3638 eval=2.7518 cls=0.4716 cme=2.2802 acc=0.9590 cells=118036
[ct_train] saved best checkpoint (val_eval_loss=2.7518 val_acc=0.9590)
[ct_train] rechunked train graphs (seed=13)

=== Epoch 13/1000 ===
[train] loss=5.3823 cls=0.5119 cme=2.2700 acc=0.9542 cells=158379
[ct_train] rechunked train graphs (seed=14)

=== Epoch 14/1000 ===
[train] loss=5.3649 cls=0.5085 cme=2.2637 acc=0.9552 cells=158379
[val]   loss=5.3291 eval=2.7332 cls=0.4674 cme=2.2659 acc=0.9597 cells=118036
[ct_train] saved best checkpoint (val_eval_loss=2.7332 val_acc=0.9597)
[ct_train] rechunked train graphs (seed=15)

=== Epoch 15/1000 ===
[train] loss=5.3451 cls=0.5017 cme=2.2576 acc=0.9562 cells=158379
[ct_train] rechunked train graphs (seed=16)

=== Epoch 16/1000 ===
[train] loss=5.3431 cls=0.4989 cme=2.2580 acc=0.9577 cells=158379
[val]   loss=5.3101 eval=2.7216 cls=0.4619 cme=2.2598 acc=0.9616 cells=118036
[ct_train] saved best checkpoint (val_eval_loss=2.7216 val_acc=0.9616)
[ct_train] rechunked train graphs (seed=17)

=== Epoch 17/1000 ===
[train] loss=5.3288 cls=0.4933 cme=2.2540 acc=0.9583 cells=158379
[ct_train] rechunked train graphs (seed=18)

=== Epoch 18/1000 ===
[train] loss=5.3155 cls=0.4900 cme=2.2493 acc=0.9593 cells=158379
[val]   loss=5.2847 eval=2.7060 cls=0.4549 cme=2.2510 acc=0.9633 cells=118036
[ct_train] saved best checkpoint (val_eval_loss=2.7060 val_acc=0.9633)
[ct_train] rechunked train graphs (seed=19)

=== Epoch 19/1000 ===
[train] loss=5.2971 cls=0.4858 cme=2.2428 acc=0.9609 cells=158379
[ct_train] rechunked train graphs (seed=20)

=== Epoch 20/1000 ===
[train] loss=5.2861 cls=0.4824 cme=2.2392 acc=0.9613 cells=158379
[val]   loss=5.2733 eval=2.6998 cls=0.4529 cme=2.2469 acc=0.9641 cells=118036
[ct_train] saved best checkpoint (val_eval_loss=2.6998 val_acc=0.9641)
[ct_train] rechunked train graphs (seed=21)

=== Epoch 21/1000 ===
[train] loss=5.2866 cls=0.4813 cme=2.2400 acc=0.9617 cells=158379
[ct_train] rechunked train graphs (seed=22)

=== Epoch 22/1000 ===
[train] loss=5.2847 cls=0.4784 cme=2.2406 acc=0.9625 cells=158379
[val]   loss=5.2702 eval=2.6956 cls=0.4480 cme=2.2476 acc=0.9651 cells=118036
[ct_train] saved best checkpoint (val_eval_loss=2.6956 val_acc=0.9651)
[ct_train] rechunked train graphs (seed=23)

=== Epoch 23/1000 ===
[train] loss=5.2798 cls=0.4764 cme=2.2391 acc=0.9628 cells=158379
[ct_train] rechunked train graphs (seed=24)

=== Epoch 24/1000 ===
[train] loss=5.2692 cls=0.4718 cme=2.2364 acc=0.9637 cells=158379
[val]   loss=5.2538 eval=2.6866 cls=0.4448 cme=2.2417 acc=0.9664 cells=118036
[ct_train] saved best checkpoint (val_eval_loss=2.6866 val_acc=0.9664)
[ct_train] rechunked train graphs (seed=25)

=== Epoch 25/1000 ===
[train] loss=5.2616 cls=0.4712 cme=2.2331 acc=0.9647 cells=158379
[ct_train] rechunked train graphs (seed=26)

=== Epoch 26/1000 ===
[train] loss=5.2612 cls=0.4688 cme=2.2342 acc=0.9650 cells=158379
[val]   loss=5.2517 eval=2.6846 cls=0.4433 cme=2.2413 acc=0.9662 cells=118036
[ct_train] saved best checkpoint (val_eval_loss=2.6846 val_acc=0.9664)
[ct_train] rechunked train graphs (seed=27)

=== Epoch 27/1000 ===
[train] loss=5.2588 cls=0.4683 cme=2.2332 acc=0.9648 cells=158379
[ct_train] rechunked train graphs (seed=28)

=== Epoch 28/1000 ===
[train] loss=5.2483 cls=0.4672 cme=2.2288 acc=0.9657 cells=158379
[val]   loss=5.2462 eval=2.6811 cls=0.4411 cme=2.2400 acc=0.9672 cells=118036
[ct_train] saved best checkpoint (val_eval_loss=2.6811 val_acc=0.9672)
[ct_train] rechunked train graphs (seed=29)

=== Epoch 29/1000 ===
[train] loss=5.2474 cls=0.4631 cme=2.2304 acc=0.9664 cells=158379
[ct_train] rechunked train graphs (seed=30)

=== Epoch 30/1000 ===
[train] loss=5.2277 cls=0.4623 cme=2.2217 acc=0.9665 cells=158379
[val]   loss=5.2385 eval=2.6765 cls=0.4392 cme=2.2373 acc=0.9679 cells=118036
[ct_train] saved best checkpoint (val_eval_loss=2.6765 val_acc=0.9679)
[ct_train] rechunked train graphs (seed=31)

=== Epoch 31/1000 ===
[train] loss=5.2431 cls=0.4628 cme=2.2285 acc=0.9664 cells=158379
[ct_train] rechunked train graphs (seed=32)

=== Epoch 32/1000 ===
[train] loss=5.2448 cls=0.4604 cme=2.2304 acc=0.9666 cells=158379
[val]   loss=5.2437 eval=2.6793 cls=0.4398 cme=2.2395 acc=0.9675 cells=118036
[ct_train] early_stopping: no improve on val/eval_loss for 1/45 val checks
[ct_train] rechunked train graphs (seed=33)

=== Epoch 33/1000 ===
[train] loss=5.2209 cls=0.4594 cme=2.2198 acc=0.9675 cells=158379
[ct_train] rechunked train graphs (seed=34)

=== Epoch 34/1000 ===
[train] loss=5.2234 cls=0.4578 cme=2.2217 acc=0.9678 cells=158379
[val]   loss=5.2280 eval=2.6709 cls=0.4376 cme=2.2333 acc=0.9682 cells=118036
[ct_train] saved best checkpoint (val_eval_loss=2.6709 val_acc=0.9682)
[ct_train] rechunked train graphs (seed=35)

=== Epoch 35/1000 ===
[train] loss=5.2039 cls=0.4561 cme=2.2134 acc=0.9683 cells=158379
[ct_train] rechunked train graphs (seed=36)

=== Epoch 36/1000 ===
[train] loss=5.2119 cls=0.4554 cme=2.2176 acc=0.9689 cells=158379
[val]   loss=5.2233 eval=2.6665 cls=0.4338 cme=2.2328 acc=0.9688 cells=118036
[ct_train] saved best checkpoint (val_eval_loss=2.6665 val_acc=0.9688)
[ct_train] rechunked train graphs (seed=37)

=== Epoch 37/1000 ===
[train] loss=5.2032 cls=0.4521 cme=2.2150 acc=0.9692 cells=158379
[ct_train] rechunked train graphs (seed=38)

=== Epoch 38/1000 ===
[train] loss=5.2013 cls=0.4505 cme=2.2148 acc=0.9699 cells=158379
[val]   loss=5.2206 eval=2.6647 cls=0.4326 cme=2.2320 acc=0.9697 cells=118036
[ct_train] saved best checkpoint (val_eval_loss=2.6647 val_acc=0.9697)
[ct_train] rechunked train graphs (seed=39)

=== Epoch 39/1000 ===
[train] loss=5.2022 cls=0.4514 cme=2.2149 acc=0.9695 cells=158379
[ct_train] rechunked train graphs (seed=40)

=== Epoch 40/1000 ===
[train] loss=5.2122 cls=0.4494 cme=2.2205 acc=0.9699 cells=158379
[val]   loss=5.2302 eval=2.6685 cls=0.4316 cme=2.2369 acc=0.9701 cells=118036
[ct_train] early_stopping: no improve on val/eval_loss for 1/45 val checks
[ct_train] rechunked train graphs (seed=41)

=== Epoch 41/1000 ===
[train] loss=5.2071 cls=0.4480 cme=2.2186 acc=0.9706 cells=158379
[ct_train] rechunked train graphs (seed=42)

=== Epoch 42/1000 ===
[train] loss=5.1981 cls=0.4484 cme=2.2144 acc=0.9707 cells=158379
[val]   loss=5.2044 eval=2.6550 cls=0.4288 cme=2.2262 acc=0.9706 cells=118036
[ct_train] saved best checkpoint (val_eval_loss=2.6550 val_acc=0.9706)
[ct_train] rechunked train graphs (seed=43)

=== Epoch 43/1000 ===
[train] loss=5.1905 cls=0.4475 cme=2.2112 acc=0.9704 cells=158379
[ct_train] rechunked train graphs (seed=44)

=== Epoch 44/1000 ===
[train] loss=5.1991 cls=0.4475 cme=2.2152 acc=0.9705 cells=158379
[val]   loss=5.2130 eval=2.6598 cls=0.4300 cme=2.2298 acc=0.9708 cells=118036
[ct_train] early_stopping: no improve on val/eval_loss for 1/45 val checks
[ct_train] rechunked train graphs (seed=45)

=== Epoch 45/1000 ===
[train] loss=5.1791 cls=0.4443 cme=2.2075 acc=0.9705 cells=158379
[ct_train] rechunked train graphs (seed=46)

=== Epoch 46/1000 ===
[train] loss=5.1891 cls=0.4447 cme=2.2118 acc=0.9710 cells=158379
[val]   loss=5.2018 eval=2.6535 cls=0.4279 cme=2.2256 acc=0.9709 cells=118036
[ct_train] saved best checkpoint (val_eval_loss=2.6535 val_acc=0.9709)
[ct_train] rechunked train graphs (seed=47)

=== Epoch 47/1000 ===
[train] loss=5.1804 cls=0.4421 cme=2.2091 acc=0.9718 cells=158379
[ct_train] rechunked train graphs (seed=48)

=== Epoch 48/1000 ===
[train] loss=5.1902 cls=0.4423 cme=2.2135 acc=0.9716 cells=158379
[val]   loss=5.1976 eval=2.6515 cls=0.4280 cme=2.2235 acc=0.9708 cells=118036
[ct_train] saved best checkpoint (val_eval_loss=2.6515 val_acc=0.9709)
[ct_train] rechunked train graphs (seed=49)

=== Epoch 49/1000 ===
[train] loss=5.1712 cls=0.4431 cme=2.2044 acc=0.9718 cells=158379
[ct_train] rechunked train graphs (seed=50)

=== Epoch 50/1000 ===
[train] loss=5.1676 cls=0.4411 cme=2.2036 acc=0.9719 cells=158379
[val]   loss=5.2218 eval=2.6620 cls=0.4270 cme=2.2350 acc=0.9712 cells=118036
[ct_train] early_stopping: no improve on val/eval_loss for 1/45 val checks
[ct_train] rechunked train graphs (seed=51)

=== Epoch 51/1000 ===
[train] loss=5.1783 cls=0.4410 cme=2.2086 acc=0.9716 cells=158379
[ct_train] rechunked train graphs (seed=52)

=== Epoch 52/1000 ===
[train] loss=5.1778 cls=0.4404 cme=2.2087 acc=0.9720 cells=158379
[val]   loss=5.2037 eval=2.6534 cls=0.4260 cme=2.2275 acc=0.9719 cells=118036
[ct_train] early_stopping: no improve on val/eval_loss for 2/45 val checks
[ct_train] rechunked train graphs (seed=53)

=== Epoch 53/1000 ===
[train] loss=5.1709 cls=0.4386 cme=2.2063 acc=0.9727 cells=158379
[ct_train] rechunked train graphs (seed=54)

=== Epoch 54/1000 ===
[train] loss=5.1629 cls=0.4392 cme=2.2024 acc=0.9727 cells=158379
[val]   loss=5.1928 eval=2.6490 cls=0.4273 cme=2.2217 acc=0.9711 cells=118036
[ct_train] saved best checkpoint (val_eval_loss=2.6490 val_acc=0.9719)
[ct_train] rechunked train graphs (seed=55)

=== Epoch 55/1000 ===
[train] loss=5.1633 cls=0.4377 cme=2.2032 acc=0.9728 cells=158379
[ct_train] rechunked train graphs (seed=56)

=== Epoch 56/1000 ===
[train] loss=5.1654 cls=0.4387 cme=2.2037 acc=0.9725 cells=158379
[val]   loss=5.1866 eval=2.6442 cls=0.4239 cme=2.2204 acc=0.9718 cells=118036
[ct_train] saved best checkpoint (val_eval_loss=2.6442 val_acc=0.9719)
[ct_train] rechunked train graphs (seed=57)

=== Epoch 57/1000 ===
[train] loss=5.1571 cls=0.4364 cme=2.2009 acc=0.9734 cells=158379
[ct_train] rechunked train graphs (seed=58)

=== Epoch 58/1000 ===
[train] loss=5.1636 cls=0.4364 cme=2.2041 acc=0.9734 cells=158379
[val]   loss=5.1996 eval=2.6500 cls=0.4233 cme=2.2267 acc=0.9723 cells=118036
[ct_train] early_stopping: no improve on val/eval_loss for 1/45 val checks
[ct_train] rechunked train graphs (seed=59)

=== Epoch 59/1000 ===
[train] loss=5.1623 cls=0.4349 cme=2.2039 acc=0.9733 cells=158379
[ct_train] rechunked train graphs (seed=60)

=== Epoch 60/1000 ===
[train] loss=5.1460 cls=0.4346 cme=2.1967 acc=0.9737 cells=158379
[val]   loss=5.2031 eval=2.6518 cls=0.4238 cme=2.2281 acc=0.9720 cells=118036
[ct_train] early_stopping: no improve on val/eval_loss for 2/45 val checks
[ct_train] rechunked train graphs (seed=61)

=== Epoch 61/1000 ===
[train] loss=5.1556 cls=0.4344 cme=2.2012 acc=0.9738 cells=158379
[ct_train] rechunked train graphs (seed=62)

=== Epoch 62/1000 ===
[train] loss=5.1433 cls=0.4336 cme=2.1959 acc=0.9743 cells=158379
[val]   loss=5.1997 eval=2.6496 cls=0.4223 cme=2.2272 acc=0.9724 cells=118036
[ct_train] early_stopping: no improve on val/eval_loss for 3/45 val checks
[ct_train] rechunked train graphs (seed=63)

=== Epoch 63/1000 ===
[train] loss=5.1528 cls=0.4326 cme=2.2007 acc=0.9740 cells=158379
[ct_train] rechunked train graphs (seed=64)

=== Epoch 64/1000 ===
[train] loss=5.1531 cls=0.4331 cme=2.2006 acc=0.9741 cells=158379
[val]   loss=5.1856 eval=2.6436 cls=0.4232 cme=2.2205 acc=0.9724 cells=118036
[ct_train] saved best checkpoint (val_eval_loss=2.6436 val_acc=0.9724)
[ct_train] rechunked train graphs (seed=65)

=== Epoch 65/1000 ===
[train] loss=5.1328 cls=0.4312 cme=2.1921 acc=0.9749 cells=158379
[ct_train] rechunked train graphs (seed=66)

=== Epoch 66/1000 ===
[train] loss=5.1274 cls=0.4307 cme=2.1898 acc=0.9746 cells=158379
[val]   loss=5.1904 eval=2.6458 cls=0.4233 cme=2.2225 acc=0.9724 cells=118036
[ct_train] early_stopping: no improve on val/eval_loss for 1/45 val checks
[ct_train] rechunked train graphs (seed=67)

=== Epoch 67/1000 ===
[train] loss=5.1384 cls=0.4310 cme=2.1948 acc=0.9744 cells=158379
[ct_train] rechunked train graphs (seed=68)

=== Epoch 68/1000 ===
[train] loss=5.1498 cls=0.4313 cme=2.2000 acc=0.9745 cells=158379
[val]   loss=5.1884 eval=2.6438 cls=0.4213 cme=2.2224 acc=0.9730 cells=118036
[ct_train] early_stopping: no improve on val/eval_loss for 2/45 val checks
[ct_train] rechunked train graphs (seed=69)

=== Epoch 69/1000 ===
[train] loss=5.1304 cls=0.4291 cme=2.1920 acc=0.9752 cells=158379
[ct_train] rechunked train graphs (seed=70)

=== Epoch 70/1000 ===
[train] loss=5.1302 cls=0.4278 cme=2.1925 acc=0.9755 cells=158379
[val]   loss=5.1870 eval=2.6441 cls=0.4227 cme=2.2214 acc=0.9724 cells=118036
[ct_train] early_stopping: no improve on val/eval_loss for 3/45 val checks
[ct_train] rechunked train graphs (seed=71)

=== Epoch 71/1000 ===
[train] loss=5.1384 cls=0.4283 cme=2.1961 acc=0.9754 cells=158379
[ct_train] rechunked train graphs (seed=72)

=== Epoch 72/1000 ===
[train] loss=5.1219 cls=0.4269 cme=2.1891 acc=0.9755 cells=158379
[val]   loss=5.1790 eval=2.6389 cls=0.4200 cme=2.2189 acc=0.9731 cells=118036
[ct_train] saved best checkpoint (val_eval_loss=2.6389 val_acc=0.9731)
[ct_train] rechunked train graphs (seed=73)

=== Epoch 73/1000 ===
[train] loss=5.1279 cls=0.4271 cme=2.1917 acc=0.9759 cells=158379
[ct_train] rechunked train graphs (seed=74)

=== Epoch 74/1000 ===
[train] loss=5.1326 cls=0.4281 cme=2.1935 acc=0.9761 cells=158379
[val]   loss=5.1928 eval=2.6456 cls=0.4211 cme=2.2245 acc=0.9721 cells=118036
[ct_train] early_stopping: no improve on val/eval_loss for 1/45 val checks
[ct_train] rechunked train graphs (seed=75)

=== Epoch 75/1000 ===
[train] loss=5.1272 cls=0.4262 cme=2.1917 acc=0.9761 cells=158379
[ct_train] rechunked train graphs (seed=76)

=== Epoch 76/1000 ===
[train] loss=5.1162 cls=0.4260 cme=2.1869 acc=0.9764 cells=158379
[val]   loss=5.1812 eval=2.6398 cls=0.4199 cme=2.2199 acc=0.9728 cells=118036
[ct_train] early_stopping: no improve on val/eval_loss for 2/45 val checks
[ct_train] rechunked train graphs (seed=77)

=== Epoch 77/1000 ===
[train] loss=5.1255 cls=0.4255 cme=2.1914 acc=0.9762 cells=158379
[ct_train] rechunked train graphs (seed=78)

=== Epoch 78/1000 ===
[train] loss=5.1159 cls=0.4259 cme=2.1867 acc=0.9760 cells=158379
[val]   loss=5.1889 eval=2.6441 cls=0.4213 cme=2.2228 acc=0.9723 cells=118036
[ct_train] early_stopping: no improve on val/eval_loss for 3/45 val checks
[ct_train] rechunked train graphs (seed=79)

=== Epoch 79/1000 ===
[train] loss=5.1175 cls=0.4244 cme=2.1882 acc=0.9761 cells=158379
[ct_train] rechunked train graphs (seed=80)

=== Epoch 80/1000 ===
[train] loss=5.1173 cls=0.4233 cme=2.1887 acc=0.9767 cells=158379
[val]   loss=5.1860 eval=2.6409 cls=0.4181 cme=2.2228 acc=0.9736 cells=118036
[ct_train] early_stopping: no improve on val/eval_loss for 4/45 val checks
[ct_train] rechunked train graphs (seed=81)

=== Epoch 81/1000 ===
[train] loss=5.1119 cls=0.4229 cme=2.1863 acc=0.9769 cells=158379
[ct_train] rechunked train graphs (seed=82)

=== Epoch 82/1000 ===
[train] loss=5.1182 cls=0.4237 cme=2.1888 acc=0.9770 cells=158379
[val]   loss=5.1853 eval=2.6414 cls=0.4191 cme=2.2223 acc=0.9731 cells=118036
[ct_train] early_stopping: no improve on val/eval_loss for 5/45 val checks
[ct_train] rechunked train graphs (seed=83)

=== Epoch 83/1000 ===
[train] loss=5.1083 cls=0.4227 cme=2.1848 acc=0.9770 cells=158379
[ct_train] rechunked train graphs (seed=84)

=== Epoch 84/1000 ===
[train] loss=5.1055 cls=0.4224 cme=2.1836 acc=0.9771 cells=158379
[val]   loss=5.1685 eval=2.6326 cls=0.4178 cme=2.2149 acc=0.9736 cells=118036
[ct_train] saved best checkpoint (val_eval_loss=2.6326 val_acc=0.9736)
[ct_train] rechunked train graphs (seed=85)

=== Epoch 85/1000 ===
[train] loss=5.1109 cls=0.4223 cme=2.1861 acc=0.9773 cells=158379
[ct_train] rechunked train graphs (seed=86)

=== Epoch 86/1000 ===
[train] loss=5.1019 cls=0.4213 cme=2.1824 acc=0.9775 cells=158379
[val]   loss=5.1678 eval=2.6323 cls=0.4177 cme=2.2146 acc=0.9734 cells=118036
[ct_train] saved best checkpoint (val_eval_loss=2.6323 val_acc=0.9736)
[ct_train] rechunked train graphs (seed=87)

=== Epoch 87/1000 ===
[train] loss=5.0916 cls=0.4201 cme=2.1783 acc=0.9774 cells=158379
[ct_train] rechunked train graphs (seed=88)

=== Epoch 88/1000 ===
[train] loss=5.1057 cls=0.4202 cme=2.1847 acc=0.9774 cells=158379
[val]   loss=5.1668 eval=2.6313 cls=0.4172 cme=2.2141 acc=0.9737 cells=118036
[ct_train] saved best checkpoint (val_eval_loss=2.6313 val_acc=0.9737)
[ct_train] rechunked train graphs (seed=89)

=== Epoch 89/1000 ===
[train] loss=5.1019 cls=0.4203 cme=2.1829 acc=0.9777 cells=158379
[ct_train] rechunked train graphs (seed=90)

=== Epoch 90/1000 ===
[train] loss=5.1146 cls=0.4210 cme=2.1884 acc=0.9778 cells=158379
[val]   loss=5.1681 eval=2.6318 cls=0.4165 cme=2.2153 acc=0.9739 cells=118036
[ct_train] early_stopping: no improve on val/eval_loss for 1/45 val checks
[ct_train] rechunked train graphs (seed=91)

=== Epoch 91/1000 ===
[train] loss=5.0966 cls=0.4194 cme=2.1809 acc=0.9780 cells=158379
[ct_train] rechunked train graphs (seed=92)

=== Epoch 92/1000 ===
[train] loss=5.0971 cls=0.4194 cme=2.1811 acc=0.9780 cells=158379
[val]   loss=5.1663 eval=2.6319 cls=0.4183 cme=2.2136 acc=0.9729 cells=118036
[ct_train] early_stopping: no improve on val/eval_loss for 2/45 val checks
[ct_train] rechunked train graphs (seed=93)

=== Epoch 93/1000 ===
[train] loss=5.1070 cls=0.4191 cme=2.1859 acc=0.9780 cells=158379
[ct_train] rechunked train graphs (seed=94)

=== Epoch 94/1000 ===
[train] loss=5.0877 cls=0.4188 cme=2.1770 acc=0.9781 cells=158379
[val]   loss=5.1603 eval=2.6283 cls=0.4171 cme=2.2112 acc=0.9737 cells=118036
[ct_train] saved best checkpoint (val_eval_loss=2.6283 val_acc=0.9739)
[ct_train] rechunked train graphs (seed=95)

=== Epoch 95/1000 ===
[train] loss=5.1005 cls=0.4187 cme=2.1831 acc=0.9780 cells=158379
[ct_train] rechunked train graphs (seed=96)

=== Epoch 96/1000 ===
[train] loss=5.0978 cls=0.4185 cme=2.1819 acc=0.9784 cells=158379
[val]   loss=5.1723 eval=2.6345 cls=0.4180 cme=2.2165 acc=0.9728 cells=118036
[ct_train] early_stopping: no improve on val/eval_loss for 1/45 val checks
[ct_train] rechunked train graphs (seed=97)

=== Epoch 97/1000 ===
[train] loss=5.1010 cls=0.4180 cme=2.1835 acc=0.9782 cells=158379
[ct_train] rechunked train graphs (seed=98)

=== Epoch 98/1000 ===
[train] loss=5.1028 cls=0.4174 cme=2.1847 acc=0.9789 cells=158379
[val]   loss=5.1569 eval=2.6261 cls=0.4155 cme=2.2106 acc=0.9739 cells=118036
[ct_train] saved best checkpoint (val_eval_loss=2.6261 val_acc=0.9739)
[ct_train] rechunked train graphs (seed=99)

=== Epoch 99/1000 ===
[train] loss=5.0931 cls=0.4159 cme=2.1809 acc=0.9790 cells=158379
[ct_train] rechunked train graphs (seed=100)

=== Epoch 100/1000 ===
[train] loss=5.0946 cls=0.4164 cme=2.1814 acc=0.9789 cells=158379
[val]   loss=5.1651 eval=2.6309 cls=0.4176 cme=2.2133 acc=0.9733 cells=118036
[ct_train] early_stopping: no improve on val/eval_loss for 1/45 val checks
[ct_train] rechunked train graphs (seed=101)

=== Epoch 101/1000 ===
[train] loss=5.0839 cls=0.4160 cme=2.1765 acc=0.9789 cells=158379
[ct_train] rechunked train graphs (seed=102)

=== Epoch 102/1000 ===
[train] loss=5.0987 cls=0.4167 cme=2.1830 acc=0.9788 cells=158379
[val]   loss=5.1739 eval=2.6345 cls=0.4165 cme=2.2180 acc=0.9739 cells=118036
[ct_train] early_stopping: no improve on val/eval_loss for 2/45 val checks
[ct_train] rechunked train graphs (seed=103)

=== Epoch 103/1000 ===
[train] loss=5.0880 cls=0.4153 cme=2.1787 acc=0.9793 cells=158379
[ct_train] rechunked train graphs (seed=104)

=== Epoch 104/1000 ===
[train] loss=5.0987 cls=0.4170 cme=2.1829 acc=0.9788 cells=158379
[val]   loss=5.1709 eval=2.6322 cls=0.4145 cme=2.2177 acc=0.9742 cells=118036
[ct_train] early_stopping: no improve on val/eval_loss for 3/45 val checks
[ct_train] rechunked train graphs (seed=105)

=== Epoch 105/1000 ===
[train] loss=5.0893 cls=0.4145 cme=2.1797 acc=0.9793 cells=158379
[ct_train] rechunked train graphs (seed=106)

=== Epoch 106/1000 ===
[train] loss=5.0809 cls=0.4144 cme=2.1759 acc=0.9793 cells=158379
[val]   loss=5.1833 eval=2.6382 cls=0.4151 cme=2.2230 acc=0.9739 cells=118036
[ct_train] early_stopping: no improve on val/eval_loss for 4/45 val checks
[ct_train] rechunked train graphs (seed=107)

=== Epoch 107/1000 ===
[train] loss=5.0800 cls=0.4135 cme=2.1760 acc=0.9794 cells=158379
[ct_train] rechunked train graphs (seed=108)

=== Epoch 108/1000 ===
[train] loss=5.0757 cls=0.4135 cme=2.1739 acc=0.9799 cells=158379
[val]   loss=5.1728 eval=2.6332 cls=0.4146 cme=2.2186 acc=0.9740 cells=118036
[ct_train] early_stopping: no improve on val/eval_loss for 5/45 val checks
[ct_train] rechunked train graphs (seed=109)

=== Epoch 109/1000 ===
[train] loss=5.0645 cls=0.4124 cme=2.1693 acc=0.9803 cells=158379
[ct_train] rechunked train graphs (seed=110)

=== Epoch 110/1000 ===
[train] loss=5.0697 cls=0.4129 cme=2.1714 acc=0.9796 cells=158379
[val]   loss=5.1621 eval=2.6278 cls=0.4142 cme=2.2136 acc=0.9743 cells=118036
[ct_train] early_stopping: no improve on val/eval_loss for 6/45 val checks
[ct_train] rechunked train graphs (seed=111)

=== Epoch 111/1000 ===
[train] loss=5.0751 cls=0.4114 cme=2.1746 acc=0.9803 cells=158379
[ct_train] rechunked train graphs (seed=112)

=== Epoch 112/1000 ===
[train] loss=5.0764 cls=0.4116 cme=2.1752 acc=0.9802 cells=158379
[val]   loss=5.1719 eval=2.6328 cls=0.4150 cme=2.2178 acc=0.9743 cells=118036
[ct_train] early_stopping: no improve on val/eval_loss for 7/45 val checks
[ct_train] rechunked train graphs (seed=113)

=== Epoch 113/1000 ===
[train] loss=5.0673 cls=0.4110 cme=2.1712 acc=0.9802 cells=158379
[ct_train] rechunked train graphs (seed=114)

=== Epoch 114/1000 ===
[train] loss=5.0740 cls=0.4108 cme=2.1744 acc=0.9804 cells=158379
[val]   loss=5.1598 eval=2.6274 cls=0.4154 cme=2.2119 acc=0.9739 cells=118036
[ct_train] early_stopping: no improve on val/eval_loss for 8/45 val checks
[ct_train] rechunked train graphs (seed=115)

=== Epoch 115/1000 ===
[train] loss=5.0793 cls=0.4118 cme=2.1764 acc=0.9802 cells=158379
[ct_train] rechunked train graphs (seed=116)

=== Epoch 116/1000 ===
[train] loss=5.0689 cls=0.4111 cme=2.1719 acc=0.9803 cells=158379
[val]   loss=5.1604 eval=2.6275 cls=0.4153 cme=2.2122 acc=0.9737 cells=118036
[ct_train] early_stopping: no improve on val/eval_loss for 9/45 val checks
[ct_train] rechunked train graphs (seed=117)

=== Epoch 117/1000 ===
[train] loss=5.0677 cls=0.4112 cme=2.1713 acc=0.9806 cells=158379
[ct_train] rechunked train graphs (seed=118)

=== Epoch 118/1000 ===
[train] loss=5.0791 cls=0.4110 cme=2.1767 acc=0.9804 cells=158379
[val]   loss=5.1585 eval=2.6261 cls=0.4136 cme=2.2125 acc=0.9741 cells=118036
[ct_train] saved best checkpoint (val_eval_loss=2.6261 val_acc=0.9743)
[ct_train] early_stopping: no improve on val/eval_loss for 10/45 val checks
[ct_train] rechunked train graphs (seed=119)

=== Epoch 119/1000 ===
[train] loss=5.0665 cls=0.4102 cme=2.1712 acc=0.9808 cells=158379
[ct_train] rechunked train graphs (seed=120)

=== Epoch 120/1000 ===
[train] loss=5.0622 cls=0.4092 cme=2.1697 acc=0.9809 cells=158379
[val]   loss=5.1648 eval=2.6288 cls=0.4135 cme=2.2153 acc=0.9744 cells=118036
[ct_train] early_stopping: no improve on val/eval_loss for 11/45 val checks
[ct_train] rechunked train graphs (seed=121)

=== Epoch 121/1000 ===
[train] loss=5.0567 cls=0.4094 cme=2.1671 acc=0.9806 cells=158379
[ct_train] rechunked train graphs (seed=122)

=== Epoch 122/1000 ===
[train] loss=5.0634 cls=0.4105 cme=2.1695 acc=0.9801 cells=158379
[val]   loss=5.1712 eval=2.6323 cls=0.4144 cme=2.2179 acc=0.9741 cells=118036
[ct_train] early_stopping: no improve on val/eval_loss for 12/45 val checks
[ct_train] rechunked train graphs (seed=123)

=== Epoch 123/1000 ===
[train] loss=5.0601 cls=0.4090 cme=2.1688 acc=0.9813 cells=158379
[ct_train] rechunked train graphs (seed=124)

=== Epoch 124/1000 ===
[train] loss=5.0717 cls=0.4089 cme=2.1742 acc=0.9810 cells=158379
[val]   loss=5.1588 eval=2.6264 cls=0.4144 cme=2.2120 acc=0.9740 cells=118036
[ct_train] early_stopping: no improve on val/eval_loss for 13/45 val checks
[ct_train] rechunked train graphs (seed=125)

=== Epoch 125/1000 ===
[train] loss=5.0597 cls=0.4078 cme=2.1692 acc=0.9813 cells=158379
[ct_train] rechunked train graphs (seed=126)

=== Epoch 126/1000 ===
[train] loss=5.0638 cls=0.4079 cme=2.1710 acc=0.9811 cells=158379
[val]   loss=5.1694 eval=2.6322 cls=0.4157 cme=2.2165 acc=0.9735 cells=118036
[ct_train] early_stopping: no improve on val/eval_loss for 14/45 val checks
[ct_train] rechunked train graphs (seed=127)

=== Epoch 127/1000 ===
[train] loss=5.0553 cls=0.4078 cme=2.1672 acc=0.9816 cells=158379
[ct_train] rechunked train graphs (seed=128)

=== Epoch 128/1000 ===
[train] loss=5.0524 cls=0.4072 cme=2.1661 acc=0.9819 cells=158379
[val]   loss=5.1732 eval=2.6331 cls=0.4138 cme=2.2193 acc=0.9742 cells=118036
[ct_train] early_stopping: no improve on val/eval_loss for 15/45 val checks
[ct_train] rechunked train graphs (seed=129)

=== Epoch 129/1000 ===
[train] loss=5.0606 cls=0.4068 cme=2.1701 acc=0.9816 cells=158379
[ct_train] rechunked train graphs (seed=130)

=== Epoch 130/1000 ===
[train] loss=5.0568 cls=0.4065 cme=2.1684 acc=0.9820 cells=158379
[val]   loss=5.1568 eval=2.6258 cls=0.4149 cme=2.2110 acc=0.9744 cells=118036
[ct_train] saved best checkpoint (val_eval_loss=2.6258 val_acc=0.9744)
[ct_train] early_stopping: no improve on val/eval_loss for 16/45 val checks
[ct_train] rechunked train graphs (seed=131)

=== Epoch 131/1000 ===
[train] loss=5.0536 cls=0.4071 cme=2.1667 acc=0.9815 cells=158379
[ct_train] rechunked train graphs (seed=132)

=== Epoch 132/1000 ===
[train] loss=5.0538 cls=0.4076 cme=2.1665 acc=0.9811 cells=158379
[val]   loss=5.1558 eval=2.6255 cls=0.4153 cme=2.2102 acc=0.9736 cells=118036
[ct_train] saved best checkpoint (val_eval_loss=2.6255 val_acc=0.9744)
[ct_train] rechunked train graphs (seed=133)

=== Epoch 133/1000 ===
[train] loss=5.0598 cls=0.4064 cme=2.1699 acc=0.9820 cells=158379
[ct_train] rechunked train graphs (seed=134)

=== Epoch 134/1000 ===
[train] loss=5.0538 cls=0.4062 cme=2.1671 acc=0.9815 cells=158379
[val]   loss=5.1618 eval=2.6272 cls=0.4133 cme=2.2139 acc=0.9741 cells=118036
[ct_train] early_stopping: no improve on val/eval_loss for 1/45 val checks
[ct_train] rechunked train graphs (seed=135)

=== Epoch 135/1000 ===
[train] loss=5.0508 cls=0.4052 cme=2.1663 acc=0.9824 cells=158379
[ct_train] rechunked train graphs (seed=136)

=== Epoch 136/1000 ===
[train] loss=5.0568 cls=0.4057 cme=2.1688 acc=0.9822 cells=158379
[val]   loss=5.1481 eval=2.6202 cls=0.4118 cme=2.2084 acc=0.9752 cells=118036
[ct_train] saved best checkpoint (val_eval_loss=2.6202 val_acc=0.9752)
[ct_train] rechunked train graphs (seed=137)

=== Epoch 137/1000 ===
[train] loss=5.0621 cls=0.4057 cme=2.1712 acc=0.9821 cells=158379
[ct_train] rechunked train graphs (seed=138)

=== Epoch 138/1000 ===
[train] loss=5.0446 cls=0.4045 cme=2.1637 acc=0.9827 cells=158379
[val]   loss=5.1484 eval=2.6211 cls=0.4135 cme=2.2077 acc=0.9745 cells=118036
[ct_train] early_stopping: no improve on val/eval_loss for 1/45 val checks
[ct_train] rechunked train graphs (seed=139)

=== Epoch 139/1000 ===
[train] loss=5.0386 cls=0.4040 cme=2.1613 acc=0.9826 cells=158379
[ct_train] rechunked train graphs (seed=140)

=== Epoch 140/1000 ===
[train] loss=5.0471 cls=0.4042 cme=2.1650 acc=0.9825 cells=158379
[val]   loss=5.1623 eval=2.6273 cls=0.4130 cme=2.2143 acc=0.9747 cells=118036
[ct_train] early_stopping: no improve on val/eval_loss for 2/45 val checks
[ct_train] rechunked train graphs (seed=141)

=== Epoch 141/1000 ===
[train] loss=5.0460 cls=0.4041 cme=2.1645 acc=0.9823 cells=158379
[ct_train] rechunked train graphs (seed=142)

=== Epoch 142/1000 ===
[train] loss=5.0433 cls=0.4041 cme=2.1633 acc=0.9826 cells=158379
[val]   loss=5.1516 eval=2.6223 cls=0.4127 cme=2.2096 acc=0.9749 cells=118036
[ct_train] early_stopping: no improve on val/eval_loss for 3/45 val checks
[ct_train] rechunked train graphs (seed=143)

=== Epoch 143/1000 ===
[train] loss=5.0366 cls=0.4030 cme=2.1607 acc=0.9830 cells=158379
[ct_train] rechunked train graphs (seed=144)

=== Epoch 144/1000 ===
[train] loss=5.0421 cls=0.4028 cme=2.1634 acc=0.9829 cells=158379
[val]   loss=5.1566 eval=2.6246 cls=0.4129 cme=2.2117 acc=0.9747 cells=118036
[ct_train] early_stopping: no improve on val/eval_loss for 4/45 val checks
[ct_train] rechunked train graphs (seed=145)

=== Epoch 145/1000 ===
[train] loss=5.0374 cls=0.4028 cme=2.1613 acc=0.9828 cells=158379
[ct_train] rechunked train graphs (seed=146)

=== Epoch 146/1000 ===
[train] loss=5.0342 cls=0.4026 cme=2.1598 acc=0.9830 cells=158379
[val]   loss=5.1561 eval=2.6238 cls=0.4120 cme=2.2118 acc=0.9752 cells=118036
[ct_train] early_stopping: no improve on val/eval_loss for 5/45 val checks
[ct_train] rechunked train graphs (seed=147)

=== Epoch 147/1000 ===
[train] loss=5.0350 cls=0.4019 cme=2.1605 acc=0.9833 cells=158379
[ct_train] rechunked train graphs (seed=148)

=== Epoch 148/1000 ===
[train] loss=5.0446 cls=0.4020 cme=2.1649 acc=0.9832 cells=158379
[val]   loss=5.1643 eval=2.6279 cls=0.4122 cme=2.2157 acc=0.9750 cells=118036
[ct_train] early_stopping: no improve on val/eval_loss for 6/45 val checks
[ct_train] rechunked train graphs (seed=149)

=== Epoch 149/1000 ===
[train] loss=5.0420 cls=0.4016 cme=2.1639 acc=0.9834 cells=158379
[ct_train] rechunked train graphs (seed=150)

=== Epoch 150/1000 ===
[train] loss=5.0317 cls=0.4013 cme=2.1592 acc=0.9835 cells=158379
[val]   loss=5.1714 eval=2.6328 cls=0.4145 cme=2.2182 acc=0.9742 cells=118036
[ct_train] early_stopping: no improve on val/eval_loss for 7/45 val checks
[ct_train] rechunked train graphs (seed=151)

=== Epoch 151/1000 ===
[train] loss=5.0360 cls=0.4021 cme=2.1610 acc=0.9836 cells=158379
[ct_train] rechunked train graphs (seed=152)

=== Epoch 152/1000 ===
[train] loss=5.0273 cls=0.4009 cme=2.1574 acc=0.9833 cells=158379
[val]   loss=5.1658 eval=2.6285 cls=0.4118 cme=2.2167 acc=0.9750 cells=118036
[ct_train] early_stopping: no improve on val/eval_loss for 8/45 val checks
[ct_train] rechunked train graphs (seed=153)

=== Epoch 153/1000 ===
[train] loss=5.0394 cls=0.4010 cme=2.1630 acc=0.9838 cells=158379
[ct_train] rechunked train graphs (seed=154)

=== Epoch 154/1000 ===
[train] loss=5.0295 cls=0.4007 cme=2.1585 acc=0.9837 cells=158379
[val]   loss=5.1546 eval=2.6240 cls=0.4130 cme=2.2110 acc=0.9746 cells=118036
[ct_train] early_stopping: no improve on val/eval_loss for 9/45 val checks
[ct_train] rechunked train graphs (seed=155)

=== Epoch 155/1000 ===
[train] loss=5.0384 cls=0.4004 cme=2.1628 acc=0.9838 cells=158379
[ct_train] rechunked train graphs (seed=156)

=== Epoch 156/1000 ===
[train] loss=5.0369 cls=0.4012 cme=2.1617 acc=0.9837 cells=158379
[val]   loss=5.1560 eval=2.6246 cls=0.4131 cme=2.2114 acc=0.9748 cells=118036
[ct_train] early_stopping: no improve on val/eval_loss for 10/45 val checks
[ct_train] rechunked train graphs (seed=157)

=== Epoch 157/1000 ===
[train] loss=5.0358 cls=0.3999 cme=2.1617 acc=0.9839 cells=158379
[ct_train] rechunked train graphs (seed=158)

=== Epoch 158/1000 ===
[train] loss=5.0258 cls=0.3990 cme=2.1575 acc=0.9844 cells=158379
[val]   loss=5.1576 eval=2.6251 cls=0.4129 cme=2.2122 acc=0.9747 cells=118036
[ct_train] early_stopping: no improve on val/eval_loss for 11/45 val checks
[ct_train] rechunked train graphs (seed=159)

=== Epoch 159/1000 ===
[train] loss=5.0338 cls=0.3996 cme=2.1610 acc=0.9844 cells=158379
[ct_train] rechunked train graphs (seed=160)

=== Epoch 160/1000 ===
[train] loss=5.0165 cls=0.3987 cme=2.1534 acc=0.9845 cells=158379
[val]   loss=5.1502 eval=2.6217 cls=0.4131 cme=2.2086 acc=0.9748 cells=118036
[ct_train] early_stopping: no improve on val/eval_loss for 12/45 val checks
[ct_train] rechunked train graphs (seed=161)

=== Epoch 161/1000 ===
[train] loss=5.0142 cls=0.3979 cme=2.1528 acc=0.9847 cells=158379
[ct_train] rechunked train graphs (seed=162)

=== Epoch 162/1000 ===
[train] loss=5.0270 cls=0.3983 cme=2.1584 acc=0.9844 cells=158379
[val]   loss=5.1587 eval=2.6267 cls=0.4144 cme=2.2122 acc=0.9744 cells=118036
[ct_train] early_stopping: no improve on val/eval_loss for 13/45 val checks
[ct_train] rechunked train graphs (seed=163)

=== Epoch 163/1000 ===
[train] loss=5.0178 cls=0.3976 cme=2.1545 acc=0.9849 cells=158379
[ct_train] rechunked train graphs (seed=164)

=== Epoch 164/1000 ===
[train] loss=5.0239 cls=0.3980 cme=2.1571 acc=0.9848 cells=158379
[val]   loss=5.1598 eval=2.6256 cls=0.4114 cme=2.2141 acc=0.9755 cells=118036
[ct_train] early_stopping: no improve on val/eval_loss for 14/45 val checks
[ct_train] rechunked train graphs (seed=165)

=== Epoch 165/1000 ===
[train] loss=5.0248 cls=0.3976 cme=2.1578 acc=0.9848 cells=158379
[ct_train] rechunked train graphs (seed=166)

=== Epoch 166/1000 ===
[train] loss=5.0223 cls=0.3977 cme=2.1565 acc=0.9848 cells=158379
[val]   loss=5.1578 eval=2.6251 cls=0.4122 cme=2.2129 acc=0.9750 cells=118036
[ct_train] early_stopping: no improve on val/eval_loss for 15/45 val checks
[ct_train] rechunked train graphs (seed=167)

=== Epoch 167/1000 ===
[train] loss=5.0264 cls=0.3965 cme=2.1591 acc=0.9852 cells=158379
[ct_train] rechunked train graphs (seed=168)

=== Epoch 168/1000 ===
[train] loss=5.0232 cls=0.3975 cme=2.1571 acc=0.9851 cells=158379
[val]   loss=5.1538 eval=2.6232 cls=0.4124 cme=2.2107 acc=0.9751 cells=118036
[ct_train] early_stopping: no improve on val/eval_loss for 16/45 val checks
[ct_train] rechunked train graphs (seed=169)

=== Epoch 169/1000 ===
[train] loss=5.0254 cls=0.3972 cme=2.1582 acc=0.9850 cells=158379
[ct_train] rechunked train graphs (seed=170)

=== Epoch 170/1000 ===
[train] loss=5.0156 cls=0.3970 cme=2.1538 acc=0.9847 cells=158379
[val]   loss=5.1560 eval=2.6244 cls=0.4131 cme=2.2114 acc=0.9750 cells=118036
[ct_train] early_stopping: no improve on val/eval_loss for 17/45 val checks
[ct_train] rechunked train graphs (seed=171)

=== Epoch 171/1000 ===
[train] loss=5.0179 cls=0.3964 cme=2.1551 acc=0.9850 cells=158379
[ct_train] rechunked train graphs (seed=172)

=== Epoch 172/1000 ===
[train] loss=5.0241 cls=0.3969 cme=2.1577 acc=0.9851 cells=158379
[val]   loss=5.1519 eval=2.6227 cls=0.4131 cme=2.2096 acc=0.9753 cells=118036
[ct_train] early_stopping: no improve on val/eval_loss for 18/45 val checks
[ct_train] rechunked train graphs (seed=173)

=== Epoch 173/1000 ===
[train] loss=5.0214 cls=0.3962 cme=2.1568 acc=0.9855 cells=158379
[ct_train] rechunked train graphs (seed=174)

=== Epoch 174/1000 ===
[train] loss=5.0189 cls=0.3954 cme=2.1561 acc=0.9856 cells=158379
[val]   loss=5.1549 eval=2.6249 cls=0.4143 cme=2.2106 acc=0.9748 cells=118036
[ct_train] early_stopping: no improve on val/eval_loss for 19/45 val checks
[ct_train] rechunked train graphs (seed=175)

=== Epoch 175/1000 ===
[train] loss=5.0085 cls=0.3944 cme=2.1517 acc=0.9860 cells=158379
[ct_train] rechunked train graphs (seed=176)

=== Epoch 176/1000 ===
[train] loss=5.0102 cls=0.3950 cme=2.1522 acc=0.9857 cells=158379
[val]   loss=5.1532 eval=2.6236 cls=0.4138 cme=2.2098 acc=0.9750 cells=118036
[ct_train] early_stopping: no improve on val/eval_loss for 20/45 val checks
[ct_train] rechunked train graphs (seed=177)

=== Epoch 177/1000 ===
[train] loss=5.0181 cls=0.3954 cme=2.1557 acc=0.9856 cells=158379
[ct_train] rechunked train graphs (seed=178)

=== Epoch 178/1000 ===
[train] loss=5.0153 cls=0.3954 cme=2.1544 acc=0.9858 cells=158379
[val]   loss=5.1569 eval=2.6260 cls=0.4146 cme=2.2114 acc=0.9745 cells=118036
[ct_train] early_stopping: no improve on val/eval_loss for 21/45 val checks
[ct_train] rechunked train graphs (seed=179)

=== Epoch 179/1000 ===
[train] loss=5.0108 cls=0.3946 cme=2.1527 acc=0.9861 cells=158379
[ct_train] rechunked train graphs (seed=180)

=== Epoch 180/1000 ===
[train] loss=5.0138 cls=0.3945 cme=2.1541 acc=0.9857 cells=158379
[val]   loss=5.1563 eval=2.6246 cls=0.4126 cme=2.2120 acc=0.9753 cells=118036
[ct_train] early_stopping: no improve on val/eval_loss for 22/45 val checks
[ct_train] rechunked train graphs (seed=181)

=== Epoch 181/1000 ===
[train] loss=5.0127 cls=0.3950 cme=2.1534 acc=0.9859 cells=158379
[ct_train] rechunked train graphs (seed=182)

=== Epoch 182/1000 ===
[train] loss=5.0111 cls=0.3940 cme=2.1531 acc=0.9858 cells=158379
[val]   loss=5.1663 eval=2.6299 cls=0.4140 cme=2.2159 acc=0.9747 cells=118036
[ct_train] early_stopping: no improve on val/eval_loss for 23/45 val checks
[ct_train] rechunked train graphs (seed=183)

=== Epoch 183/1000 ===
[train] loss=5.0127 cls=0.3941 cme=2.1538 acc=0.9861 cells=158379
[ct_train] rechunked train graphs (seed=184)

=== Epoch 184/1000 ===
[train] loss=5.0121 cls=0.3938 cme=2.1537 acc=0.9861 cells=158379
[val]   loss=5.1612 eval=2.6272 cls=0.4133 cme=2.2138 acc=0.9746 cells=118036
[ct_train] early_stopping: no improve on val/eval_loss for 24/45 val checks
[ct_train] rechunked train graphs (seed=185)

=== Epoch 185/1000 ===
[train] loss=5.0069 cls=0.3936 cme=2.1514 acc=0.9862 cells=158379
[ct_train] rechunked train graphs (seed=186)

=== Epoch 186/1000 ===
[train] loss=5.0093 cls=0.3931 cme=2.1527 acc=0.9862 cells=158379
[val]   loss=5.1614 eval=2.6280 cls=0.4148 cme=2.2132 acc=0.9746 cells=118036
[ct_train] early_stopping: no improve on val/eval_loss for 25/45 val checks
[ct_train] rechunked train graphs (seed=187)

=== Epoch 187/1000 ===
[train] loss=5.0084 cls=0.3934 cme=2.1521 acc=0.9859 cells=158379
[ct_train] rechunked train graphs (seed=188)

=== Epoch 188/1000 ===
[train] loss=5.0023 cls=0.3936 cme=2.1492 acc=0.9862 cells=158379
[val]   loss=5.1541 eval=2.6244 cls=0.4144 cme=2.2100 acc=0.9750 cells=118036
[ct_train] early_stopping: no improve on val/eval_loss for 26/45 val checks
[ct_train] rechunked train graphs (seed=189)

=== Epoch 189/1000 ===
[train] loss=5.0050 cls=0.3930 cme=2.1508 acc=0.9863 cells=158379
[ct_train] rechunked train graphs (seed=190)

=== Epoch 190/1000 ===
[train] loss=4.9929 cls=0.3918 cme=2.1457 acc=0.9869 cells=158379
[val]   loss=5.1644 eval=2.6286 cls=0.4132 cme=2.2154 acc=0.9749 cells=118036
[ct_train] early_stopping: no improve on val/eval_loss for 27/45 val checks
[ct_train] rechunked train graphs (seed=191)

=== Epoch 191/1000 ===
[train] loss=5.0098 cls=0.3918 cme=2.1535 acc=0.9867 cells=158379
[ct_train] rechunked train graphs (seed=192)

=== Epoch 192/1000 ===
[train] loss=5.0073 cls=0.3926 cme=2.1520 acc=0.9868 cells=158379
[val]   loss=5.1547 eval=2.6251 cls=0.4150 cme=2.2101 acc=0.9748 cells=118036
[ct_train] early_stopping: no improve on val/eval_loss for 28/45 val checks
[ct_train] rechunked train graphs (seed=193)

=== Epoch 193/1000 ===
[train] loss=5.0107 cls=0.3916 cme=2.1540 acc=0.9869 cells=158379
[ct_train] rechunked train graphs (seed=194)

=== Epoch 194/1000 ===
[train] loss=5.0084 cls=0.3913 cme=2.1531 acc=0.9871 cells=158379
[val]   loss=5.1527 eval=2.6238 cls=0.4147 cme=2.2090 acc=0.9749 cells=118036
[ct_train] early_stopping: no improve on val/eval_loss for 29/45 val checks
[ct_train] rechunked train graphs (seed=195)

=== Epoch 195/1000 ===
[train] loss=5.0000 cls=0.3914 cme=2.1492 acc=0.9870 cells=158379
[ct_train] rechunked train graphs (seed=196)

=== Epoch 196/1000 ===
[train] loss=4.9987 cls=0.3911 cme=2.1488 acc=0.9871 cells=158379
[val]   loss=5.1670 eval=2.6298 cls=0.4133 cme=2.2165 acc=0.9752 cells=118036
[ct_train] early_stopping: no improve on val/eval_loss for 30/45 val checks
[ct_train] rechunked train graphs (seed=197)

=== Epoch 197/1000 ===
[train] loss=4.9930 cls=0.3911 cme=2.1461 acc=0.9872 cells=158379
[ct_train] rechunked train graphs (seed=198)

=== Epoch 198/1000 ===
[train] loss=5.0032 cls=0.3906 cme=2.1510 acc=0.9872 cells=158379
[val]   loss=5.1547 eval=2.6243 cls=0.4137 cme=2.2105 acc=0.9756 cells=118036
[ct_train] early_stopping: no improve on val/eval_loss for 31/45 val checks
[ct_train] rechunked train graphs (seed=199)

=== Epoch 199/1000 ===
[train] loss=5.0001 cls=0.3919 cme=2.1490 acc=0.9868 cells=158379
[ct_train] rechunked train graphs (seed=200)

=== Epoch 200/1000 ===
[train] loss=5.0088 cls=0.3917 cme=2.1531 acc=0.9867 cells=158379
[val]   loss=5.1565 eval=2.6253 cls=0.4141 cme=2.2112 acc=0.9749 cells=118036
[ct_train] early_stopping: no improve on val/eval_loss for 32/45 val checks
[ct_train] rechunked train graphs (seed=201)

=== Epoch 201/1000 ===
[train] loss=4.9973 cls=0.3907 cme=2.1482 acc=0.9870 cells=158379
[ct_train] rechunked train graphs (seed=202)

=== Epoch 202/1000 ===
[train] loss=4.9991 cls=0.3898 cme=2.1496 acc=0.9874 cells=158379
[val]   loss=5.1623 eval=2.6277 cls=0.4135 cme=2.2142 acc=0.9752 cells=118036
[ct_train] early_stopping: no improve on val/eval_loss for 33/45 val checks
[ct_train] rechunked train graphs (seed=203)

=== Epoch 203/1000 ===
[train] loss=5.0020 cls=0.3905 cme=2.1505 acc=0.9875 cells=158379
[ct_train] rechunked train graphs (seed=204)

=== Epoch 204/1000 ===
[train] loss=4.9884 cls=0.3895 cme=2.1447 acc=0.9876 cells=158379
[val]   loss=5.1526 eval=2.6242 cls=0.4154 cme=2.2087 acc=0.9746 cells=118036
[ct_train] early_stopping: no improve on val/eval_loss for 34/45 val checks
[ct_train] rechunked train graphs (seed=205)

=== Epoch 205/1000 ===
[train] loss=4.9939 cls=0.3905 cme=2.1468 acc=0.9869 cells=158379
[ct_train] rechunked train graphs (seed=206)

=== Epoch 206/1000 ===
[train] loss=4.9937 cls=0.3900 cme=2.1469 acc=0.9875 cells=158379
[val]   loss=5.1601 eval=2.6280 cls=0.4156 cme=2.2123 acc=0.9744 cells=118036
[ct_train] early_stopping: no improve on val/eval_loss for 35/45 val checks
[ct_train] rechunked train graphs (seed=207)

=== Epoch 207/1000 ===
[train] loss=4.9777 cls=0.3887 cme=2.1401 acc=0.9880 cells=158379
[ct_train] rechunked train graphs (seed=208)

=== Epoch 208/1000 ===
[train] loss=4.9960 cls=0.3894 cme=2.1482 acc=0.9875 cells=158379
[val]   loss=5.1595 eval=2.6276 cls=0.4157 cme=2.2120 acc=0.9746 cells=118036
[ct_train] early_stopping: no improve on val/eval_loss for 36/45 val checks
[ct_train] rechunked train graphs (seed=209)

=== Epoch 209/1000 ===
[train] loss=4.9881 cls=0.3891 cme=2.1448 acc=0.9879 cells=158379
[ct_train] rechunked train graphs (seed=210)

=== Epoch 210/1000 ===
[train] loss=4.9790 cls=0.3881 cme=2.1410 acc=0.9879 cells=158379
[val]   loss=5.1628 eval=2.6287 cls=0.4148 cme=2.2140 acc=0.9750 cells=118036
[ct_train] early_stopping: no improve on val/eval_loss for 37/45 val checks
[ct_train] rechunked train graphs (seed=211)

=== Epoch 211/1000 ===
[train] loss=4.9827 cls=0.3887 cme=2.1424 acc=0.9879 cells=158379
[ct_train] rechunked train graphs (seed=212)

=== Epoch 212/1000 ===
[train] loss=4.9879 cls=0.3881 cme=2.1451 acc=0.9880 cells=158379
[val]   loss=5.1600 eval=2.6272 cls=0.4144 cme=2.2128 acc=0.9750 cells=118036
[ct_train] early_stopping: no improve on val/eval_loss for 38/45 val checks
[ct_train] rechunked train graphs (seed=213)

=== Epoch 213/1000 ===
[train] loss=4.9876 cls=0.3880 cme=2.1450 acc=0.9884 cells=158379
[ct_train] rechunked train graphs (seed=214)

=== Epoch 214/1000 ===
[train] loss=4.9812 cls=0.3873 cme=2.1424 acc=0.9883 cells=158379
[val]   loss=5.1572 eval=2.6262 cls=0.4152 cme=2.2110 acc=0.9749 cells=118036
[ct_train] early_stopping: no improve on val/eval_loss for 39/45 val checks
[ct_train] rechunked train graphs (seed=215)

=== Epoch 215/1000 ===
[train] loss=4.9924 cls=0.3884 cme=2.1471 acc=0.9881 cells=158379
[ct_train] rechunked train graphs (seed=216)

=== Epoch 216/1000 ===
[train] loss=4.9875 cls=0.3871 cme=2.1453 acc=0.9884 cells=158379
[val]   loss=5.1684 eval=2.6323 cls=0.4167 cme=2.2156 acc=0.9743 cells=118036
[ct_train] early_stopping: no improve on val/eval_loss for 40/45 val checks
[ct_train] rechunked train graphs (seed=217)

=== Epoch 217/1000 ===
[train] loss=4.9971 cls=0.3879 cme=2.1494 acc=0.9885 cells=158379
[ct_train] rechunked train graphs (seed=218)

=== Epoch 218/1000 ===
[train] loss=4.9761 cls=0.3868 cme=2.1402 acc=0.9886 cells=158379
[val]   loss=5.1567 eval=2.6260 cls=0.4149 cme=2.2111 acc=0.9755 cells=118036
[ct_train] early_stopping: no improve on val/eval_loss for 41/45 val checks
[ct_train] rechunked train graphs (seed=219)

=== Epoch 219/1000 ===
[train] loss=4.9900 cls=0.3878 cme=2.1462 acc=0.9882 cells=158379
[ct_train] rechunked train graphs (seed=220)

=== Epoch 220/1000 ===
[train] loss=4.9694 cls=0.3866 cme=2.1372 acc=0.9889 cells=158379
[val]   loss=5.1637 eval=2.6305 cls=0.4172 cme=2.2133 acc=0.9745 cells=118036
[ct_train] early_stopping: no improve on val/eval_loss for 42/45 val checks
[ct_train] rechunked train graphs (seed=221)

=== Epoch 221/1000 ===
[train] loss=4.9862 cls=0.3870 cme=2.1448 acc=0.9886 cells=158379
[ct_train] rechunked train graphs (seed=222)

=== Epoch 222/1000 ===
[train] loss=4.9767 cls=0.3869 cme=2.1405 acc=0.9887 cells=158379
[val]   loss=5.1690 eval=2.6331 cls=0.4174 cme=2.2157 acc=0.9743 cells=118036
[ct_train] early_stopping: no improve on val/eval_loss for 43/45 val checks
[ct_train] rechunked train graphs (seed=223)

=== Epoch 223/1000 ===
[train] loss=4.9731 cls=0.3860 cme=2.1392 acc=0.9889 cells=158379
[ct_train] rechunked train graphs (seed=224)

=== Epoch 224/1000 ===
[train] loss=4.9709 cls=0.3870 cme=2.1377 acc=0.9886 cells=158379
[val]   loss=5.1680 eval=2.6312 cls=0.4151 cme=2.2161 acc=0.9752 cells=118036
[ct_train] early_stopping: no improve on val/eval_loss for 44/45 val checks
[ct_train] rechunked train graphs (seed=225)

=== Epoch 225/1000 ===
[train] loss=4.9725 cls=0.3857 cme=2.1391 acc=0.9891 cells=158379
[ct_train] rechunked train graphs (seed=226)

=== Epoch 226/1000 ===
[train] loss=4.9704 cls=0.3864 cme=2.1378 acc=0.9884 cells=158379
[val]   loss=5.1688 eval=2.6327 cls=0.4170 cme=2.2157 acc=0.9747 cells=118036
[ct_train] early_stopping: no improve on val/eval_loss for 45/45 val checks
[ct_train] early stopping at epoch 226 (patience=45, monitor=val/eval_loss)

[ct_train] done. best_val_acc=0.9756  best_val_eval_loss=2.6202  checkpoints=/home/abel/code/Tissue-Reassembly-using-GenAI-and-new-metrics/exploration/cell_types/outputs/exp082_seed9  logs=/home/abel/code/Tissue-Reassembly-using-GenAI-and-new-metrics/exploration/cell_types/logs/exp082_seed9/20260808_005221
wandb: updating run metadata
wandb: uploading output.log; uploading wandb-summary.json; uploading config.yaml
wandb: 
wandb: Run summary:
wandb:                      best_epoch 136
wandb:                    best_val_acc 0.9756
wandb:              best_val_eval_loss 2.62024
wandb:                           epoch 226
wandb:                              lr 0.00018
wandb:           model/parameter_count 1305308
wandb: model/trainable_parameter_count 1305308
wandb:                       train/acc 0.9884
wandb:       train/acc_per_class/Astro 0.9934
wandb:        train/acc_per_class/Endo 0.98592
wandb:                             +54 ...
wandb: 
wandb:  View run exp082_seed9 at: https://wandb.ai/abel-salmona-polytechnique-montr-al/cell_types/runs/etl67za3
wandb:  View project at: https://wandb.ai/abel-salmona-polytechnique-montr-al/cell_types
wandb: Synced 5 W&B file(s), 1 media file(s), 2 artifact file(s) and 1 other file(s)
wandb: Find logs at: ./exploration/cell_types/logs/exp082_seed9/20260808_005221/wandb/run-20260808_005229-etl67za3/logs
