[ct_train] config=exploration/cell_types/experiments/configs/exp133_ls006_lr185.json
[ct_train] device=cuda  checkpoints=/home/abel/code/Tissue-Reassembly-using-GenAI-and-new-metrics/exploration/cell_types/outputs/exp133_ls006_lr185
[ct_train] logs=/home/abel/code/Tissue-Reassembly-using-GenAI-and-new-metrics/exploration/cell_types/logs/exp133_ls006_lr185/20260808_061147
[ct_train] Loading data …
[DataModule] Reading '/home/abel/biodata/MERFISH_LUNA_small_cortex/MERFISH_mouse_cortex_train.csv' (split=train) with float32 dtype on 254 gene cols + coord cols …
[DataModule] Loaded 158,379 rows for split=train.
[DataModule] Reading '/home/abel/biodata/MERFISH_LUNA_small_cortex/MERFISH_mouse_cortex_test.csv' (split=test) with float32 dtype on 254 gene cols + coord cols …
[DataModule] Loaded 118,036 rows for split=test.
[DataModule] Reading '/home/abel/biodata/MERFISH_LUNA_small_cortex/MERFISH_mouse_cortex_test.csv' (split=validation) with float32 dtype on 254 gene cols + coord cols …
[DataModule] Loaded 118,036 rows for split=validation.
[ct_train] genes=254  classes=23
[ct_train] model predict_cme=True  params=1,305,308
[ct_train] soft CME loaded split=train sigma=96.0 n=158379 C=23
[ct_train] soft CME loaded split=validation sigma=96.0 n=118036 C=23
[ct_train] soft CME loaded split=train sigma=50.0 n=158379 C=23
[ct_train] soft CME loaded split=train sigma=64.0 n=158379 C=23
[ct_train] soft CME loaded split=validation sigma=50.0 n=118036 C=23
[ct_train] soft CME loaded split=validation sigma=64.0 n=118036 C=23
wandb: [wandb.login()] Loaded credentials for https://api.wandb.ai from /home/abel/.netrc.
wandb: Currently logged in as: abel-salmona (abel-salmona-polytechnique-montr-al) to https://api.wandb.ai. Use `wandb login --relogin` to force relogin
wandb: WARNING Using a boolean value for 'reinit' is deprecated. Use 'return_previous' or 'finish_previous' instead.
wandb: setting up run iyhqcej3
wandb: Tracking run with wandb version 0.26.1
wandb: Run data is saved locally in /home/abel/code/Tissue-Reassembly-using-GenAI-and-new-metrics/exploration/cell_types/logs/exp133_ls006_lr185/20260808_061147/wandb/run-20260808_061156-iyhqcej3
wandb: Run `wandb offline` to turn off syncing.
wandb: Syncing run exp133_ls006_lr185
wandb:  View project at https://wandb.ai/abel-salmona-polytechnique-montr-al/cell_types
wandb:  View run at https://wandb.ai/abel-salmona-polytechnique-montr-al/cell_types/runs/iyhqcej3
wandb: WARNING Saving files without folders. If you want to preserve subdirectories pass base_path to wandb.save, i.e. wandb.save("/mnt/folder/file.h5", base_path="/mnt")
wandb: WARNING Symlinked 1 file into the W&B run directory; call wandb.save again to sync new files.
[ct_train] wandb: project=cell_types name=exp133_ls006_lr185 mode=online url=https://wandb.ai/abel-salmona-polytechnique-montr-al/cell_types/runs/iyhqcej3
[ct_train] parameters: total=1,305,308 trainable=1,305,308
  [params] mlp_in_node_features: 26,720
  [params] transformer_layers: 633,600
  [params] type_stage1: 28,320
  [params] env_stage1: 93,056
  [params] type_probe: 2,231
  [params] env_probe: 7,383
  [params] fusion_mlp: 383,008
  [params] type_stage2: 30,551
  [params] env_stage2: 100,439
[ct_train] EMA enabled decay=0.98
[ct_train] rechunked train graphs (seed=1)

=== Epoch 1/1000 ===
[train] loss=8.7203 cls=2.7497 cme=2.7772 acc=0.2394 cells=158379
[ct_train] rechunked train graphs (seed=2)

=== Epoch 2/1000 ===
[train] loss=7.2470 cls=1.8492 cme=2.5130 acc=0.6632 cells=158379
[val]   loss=8.3317 eval=5.2203 cls=2.5206 cme=2.6997 acc=0.4568 cells=118036
[ct_train] saved best checkpoint (val_eval_loss=5.2203 val_acc=0.4568)
[ct_train] rechunked train graphs (seed=3)

=== Epoch 3/1000 ===
[train] loss=6.3827 cls=1.1975 cme=2.4153 acc=0.7950 cells=158379
[ct_train] rechunked train graphs (seed=4)

=== Epoch 4/1000 ===
[train] loss=5.9922 cls=0.8988 cme=2.3730 acc=0.8660 cells=158379
[val]   loss=6.6229 eval=3.7720 cls=1.3110 cme=2.4610 acc=0.8178 cells=118036
[ct_train] saved best checkpoint (val_eval_loss=3.7720 val_acc=0.8178)
[ct_train] rechunked train graphs (seed=5)

=== Epoch 5/1000 ===
[train] loss=5.7804 cls=0.7558 cme=2.3412 acc=0.9081 cells=158379
[ct_train] rechunked train graphs (seed=6)

=== Epoch 6/1000 ===
[train] loss=5.6874 cls=0.6857 cme=2.3307 acc=0.9249 cells=158379
[val]   loss=5.8793 eval=3.1223 cls=0.7532 cme=2.3690 acc=0.9092 cells=118036
[ct_train] saved best checkpoint (val_eval_loss=3.1223 val_acc=0.9092)
[ct_train] rechunked train graphs (seed=7)

=== Epoch 7/1000 ===
[train] loss=5.5963 cls=0.6440 cme=2.3079 acc=0.9352 cells=158379
[ct_train] rechunked train graphs (seed=8)

=== Epoch 8/1000 ===
[train] loss=5.5330 cls=0.6160 cme=2.2915 acc=0.9407 cells=158379
[val]   loss=5.6158 eval=2.9010 cls=0.5751 cme=2.3259 acc=0.9375 cells=118036
[ct_train] saved best checkpoint (val_eval_loss=2.9010 val_acc=0.9375)
[ct_train] rechunked train graphs (seed=9)

=== Epoch 9/1000 ===
[train] loss=5.5167 cls=0.6035 cme=2.2898 acc=0.9444 cells=158379
[ct_train] rechunked train graphs (seed=10)

=== Epoch 10/1000 ===
[train] loss=5.4887 cls=0.5899 cme=2.2832 acc=0.9474 cells=158379
[val]   loss=5.5036 eval=2.8135 cls=0.5126 cme=2.3009 acc=0.9482 cells=118036
[ct_train] saved best checkpoint (val_eval_loss=2.8135 val_acc=0.9482)
[ct_train] rechunked train graphs (seed=11)

=== Epoch 11/1000 ===
[train] loss=5.4484 cls=0.5807 cme=2.2688 acc=0.9496 cells=158379
[ct_train] rechunked train graphs (seed=12)

=== Epoch 12/1000 ===
[train] loss=5.4412 cls=0.5731 cme=2.2690 acc=0.9517 cells=158379
[val]   loss=5.4442 eval=2.7706 cls=0.4858 cme=2.2848 acc=0.9542 cells=118036
[ct_train] saved best checkpoint (val_eval_loss=2.7706 val_acc=0.9542)
[ct_train] rechunked train graphs (seed=13)

=== Epoch 13/1000 ===
[train] loss=5.4255 cls=0.5660 cme=2.2650 acc=0.9538 cells=158379
[ct_train] rechunked train graphs (seed=14)

=== Epoch 14/1000 ===
[train] loss=5.4102 cls=0.5595 cme=2.2609 acc=0.9554 cells=158379
[val]   loss=5.4046 eval=2.7435 cls=0.4705 cme=2.2730 acc=0.9572 cells=118036
[ct_train] saved best checkpoint (val_eval_loss=2.7435 val_acc=0.9572)
[ct_train] rechunked train graphs (seed=15)

=== Epoch 15/1000 ===
[train] loss=5.3900 cls=0.5542 cme=2.2540 acc=0.9566 cells=158379
[ct_train] rechunked train graphs (seed=16)

=== Epoch 16/1000 ===
[train] loss=5.3832 cls=0.5515 cme=2.2522 acc=0.9571 cells=158379
[val]   loss=5.3751 eval=2.7242 cls=0.4605 cme=2.2638 acc=0.9595 cells=118036
[ct_train] saved best checkpoint (val_eval_loss=2.7242 val_acc=0.9595)
[ct_train] rechunked train graphs (seed=17)

=== Epoch 17/1000 ===
[train] loss=5.3664 cls=0.5459 cme=2.2471 acc=0.9583 cells=158379
[ct_train] rechunked train graphs (seed=18)

=== Epoch 18/1000 ===
[train] loss=5.3578 cls=0.5425 cme=2.2447 acc=0.9597 cells=158379
[val]   loss=5.3549 eval=2.7110 cls=0.4535 cme=2.2575 acc=0.9615 cells=118036
[ct_train] saved best checkpoint (val_eval_loss=2.7110 val_acc=0.9615)
[ct_train] rechunked train graphs (seed=19)

=== Epoch 19/1000 ===
[train] loss=5.3559 cls=0.5387 cme=2.2455 acc=0.9607 cells=158379
[ct_train] rechunked train graphs (seed=20)

=== Epoch 20/1000 ===
[train] loss=5.3452 cls=0.5370 cme=2.2413 acc=0.9608 cells=158379
[val]   loss=5.3403 eval=2.7014 cls=0.4483 cme=2.2531 acc=0.9632 cells=118036
[ct_train] saved best checkpoint (val_eval_loss=2.7014 val_acc=0.9632)
[ct_train] rechunked train graphs (seed=21)

=== Epoch 21/1000 ===
[train] loss=5.3438 cls=0.5337 cme=2.2423 acc=0.9616 cells=158379
[ct_train] rechunked train graphs (seed=22)

=== Epoch 22/1000 ===
[train] loss=5.3278 cls=0.5314 cme=2.2359 acc=0.9627 cells=158379
[val]   loss=5.3257 eval=2.6922 cls=0.4438 cme=2.2484 acc=0.9645 cells=118036
[ct_train] saved best checkpoint (val_eval_loss=2.6922 val_acc=0.9645)
[ct_train] rechunked train graphs (seed=23)

=== Epoch 23/1000 ===
[train] loss=5.3163 cls=0.5286 cme=2.2320 acc=0.9635 cells=158379
[ct_train] rechunked train graphs (seed=24)

=== Epoch 24/1000 ===
[train] loss=5.3134 cls=0.5267 cme=2.2314 acc=0.9644 cells=158379
[val]   loss=5.3124 eval=2.6838 cls=0.4398 cme=2.2440 acc=0.9657 cells=118036
[ct_train] saved best checkpoint (val_eval_loss=2.6838 val_acc=0.9657)
[ct_train] rechunked train graphs (seed=25)

=== Epoch 25/1000 ===
[train] loss=5.3130 cls=0.5241 cme=2.2324 acc=0.9645 cells=158379
[ct_train] rechunked train graphs (seed=26)

=== Epoch 26/1000 ===
[train] loss=5.2952 cls=0.5209 cme=2.2257 acc=0.9657 cells=158379
[val]   loss=5.3011 eval=2.6767 cls=0.4364 cme=2.2404 acc=0.9668 cells=118036
[ct_train] saved best checkpoint (val_eval_loss=2.6767 val_acc=0.9668)
[ct_train] rechunked train graphs (seed=27)

=== Epoch 27/1000 ===
[train] loss=5.2887 cls=0.5191 cme=2.2235 acc=0.9658 cells=158379
[ct_train] rechunked train graphs (seed=28)

=== Epoch 28/1000 ===
[train] loss=5.2814 cls=0.5170 cme=2.2211 acc=0.9667 cells=158379
[val]   loss=5.2912 eval=2.6707 cls=0.4336 cme=2.2371 acc=0.9674 cells=118036
[ct_train] saved best checkpoint (val_eval_loss=2.6707 val_acc=0.9674)
[ct_train] rechunked train graphs (seed=29)

=== Epoch 29/1000 ===
[train] loss=5.2795 cls=0.5152 cme=2.2211 acc=0.9671 cells=158379
[ct_train] rechunked train graphs (seed=30)

=== Epoch 30/1000 ===
[train] loss=5.2805 cls=0.5148 cme=2.2218 acc=0.9670 cells=158379
[val]   loss=5.2831 eval=2.6657 cls=0.4312 cme=2.2344 acc=0.9679 cells=118036
[ct_train] saved best checkpoint (val_eval_loss=2.6657 val_acc=0.9679)
[ct_train] rechunked train graphs (seed=31)

=== Epoch 31/1000 ===
[train] loss=5.2755 cls=0.5133 cme=2.2200 acc=0.9673 cells=158379
[ct_train] rechunked train graphs (seed=32)

=== Epoch 32/1000 ===
[train] loss=5.2944 cls=0.5133 cme=2.2289 acc=0.9677 cells=158379
[val]   loss=5.2763 eval=2.6615 cls=0.4293 cme=2.2322 acc=0.9685 cells=118036
[ct_train] saved best checkpoint (val_eval_loss=2.6615 val_acc=0.9685)
[ct_train] rechunked train graphs (seed=33)

=== Epoch 33/1000 ===
[train] loss=5.2708 cls=0.5089 cme=2.2200 acc=0.9686 cells=158379
[ct_train] rechunked train graphs (seed=34)

=== Epoch 34/1000 ===
[train] loss=5.2588 cls=0.5092 cme=2.2143 acc=0.9688 cells=158379
[val]   loss=5.2703 eval=2.6578 cls=0.4275 cme=2.2303 acc=0.9689 cells=118036
[ct_train] saved best checkpoint (val_eval_loss=2.6578 val_acc=0.9689)
[ct_train] rechunked train graphs (seed=35)

=== Epoch 35/1000 ===
[train] loss=5.2650 cls=0.5081 cme=2.2176 acc=0.9691 cells=158379
[ct_train] rechunked train graphs (seed=36)

=== Epoch 36/1000 ===
[train] loss=5.2537 cls=0.5056 cme=2.2136 acc=0.9695 cells=158379
[val]   loss=5.2649 eval=2.6545 cls=0.4261 cme=2.2285 acc=0.9692 cells=118036
[ct_train] saved best checkpoint (val_eval_loss=2.6545 val_acc=0.9692)
[ct_train] rechunked train graphs (seed=37)

=== Epoch 37/1000 ===
[train] loss=5.2525 cls=0.5075 cme=2.2121 acc=0.9690 cells=158379
[ct_train] rechunked train graphs (seed=38)

=== Epoch 38/1000 ===
[train] loss=5.2451 cls=0.5040 cme=2.2104 acc=0.9701 cells=158379
[val]   loss=5.2594 eval=2.6512 cls=0.4245 cme=2.2267 acc=0.9696 cells=118036
[ct_train] saved best checkpoint (val_eval_loss=2.6512 val_acc=0.9696)
[ct_train] rechunked train graphs (seed=39)

=== Epoch 39/1000 ===
[train] loss=5.2469 cls=0.5034 cme=2.2115 acc=0.9703 cells=158379
[ct_train] rechunked train graphs (seed=40)

=== Epoch 40/1000 ===
[train] loss=5.2450 cls=0.5025 cme=2.2110 acc=0.9703 cells=158379
[val]   loss=5.2543 eval=2.6481 cls=0.4232 cme=2.2249 acc=0.9701 cells=118036
[ct_train] saved best checkpoint (val_eval_loss=2.6481 val_acc=0.9701)
[ct_train] rechunked train graphs (seed=41)

=== Epoch 41/1000 ===
[train] loss=5.2318 cls=0.5016 cme=2.2054 acc=0.9702 cells=158379
[ct_train] rechunked train graphs (seed=42)

=== Epoch 42/1000 ===
[train] loss=5.2360 cls=0.5007 cme=2.2076 acc=0.9712 cells=158379
[val]   loss=5.2502 eval=2.6456 cls=0.4221 cme=2.2235 acc=0.9702 cells=118036
[ct_train] saved best checkpoint (val_eval_loss=2.6456 val_acc=0.9702)
[ct_train] rechunked train graphs (seed=43)

=== Epoch 43/1000 ===
[train] loss=5.2470 cls=0.5008 cme=2.2127 acc=0.9710 cells=158379
[ct_train] rechunked train graphs (seed=44)

=== Epoch 44/1000 ===
[train] loss=5.2269 cls=0.4995 cme=2.2041 acc=0.9713 cells=158379
[val]   loss=5.2470 eval=2.6437 cls=0.4211 cme=2.2225 acc=0.9706 cells=118036
[ct_train] saved best checkpoint (val_eval_loss=2.6437 val_acc=0.9706)
[ct_train] rechunked train graphs (seed=45)

=== Epoch 45/1000 ===
[train] loss=5.2318 cls=0.4991 cme=2.2064 acc=0.9713 cells=158379
[ct_train] rechunked train graphs (seed=46)

=== Epoch 46/1000 ===
[train] loss=5.2197 cls=0.4975 cme=2.2017 acc=0.9718 cells=158379
[val]   loss=5.2433 eval=2.6415 cls=0.4201 cme=2.2213 acc=0.9708 cells=118036
[ct_train] saved best checkpoint (val_eval_loss=2.6415 val_acc=0.9708)
[ct_train] rechunked train graphs (seed=47)

=== Epoch 47/1000 ===
[train] loss=5.2297 cls=0.4967 cme=2.2066 acc=0.9721 cells=158379
[ct_train] rechunked train graphs (seed=48)

=== Epoch 48/1000 ===
[train] loss=5.2156 cls=0.4953 cme=2.2007 acc=0.9725 cells=158379
[val]   loss=5.2403 eval=2.6395 cls=0.4192 cme=2.2204 acc=0.9712 cells=118036
[ct_train] saved best checkpoint (val_eval_loss=2.6395 val_acc=0.9712)
[ct_train] rechunked train graphs (seed=49)

=== Epoch 49/1000 ===
[train] loss=5.2239 cls=0.4951 cme=2.2047 acc=0.9727 cells=158379
[ct_train] rechunked train graphs (seed=50)

=== Epoch 50/1000 ===
[train] loss=5.2127 cls=0.4943 cme=2.1999 acc=0.9730 cells=158379
[val]   loss=5.2373 eval=2.6377 cls=0.4183 cme=2.2194 acc=0.9714 cells=118036
[ct_train] saved best checkpoint (val_eval_loss=2.6377 val_acc=0.9714)
[ct_train] rechunked train graphs (seed=51)

=== Epoch 51/1000 ===
[train] loss=5.2047 cls=0.4938 cme=2.1964 acc=0.9728 cells=158379
[ct_train] rechunked train graphs (seed=52)

=== Epoch 52/1000 ===
[train] loss=5.2037 cls=0.4928 cme=2.1964 acc=0.9736 cells=158379
[val]   loss=5.2345 eval=2.6360 cls=0.4175 cme=2.2185 acc=0.9718 cells=118036
[ct_train] saved best checkpoint (val_eval_loss=2.6360 val_acc=0.9718)
[ct_train] rechunked train graphs (seed=53)

=== Epoch 53/1000 ===
[train] loss=5.2013 cls=0.4915 cme=2.1959 acc=0.9736 cells=158379
[ct_train] rechunked train graphs (seed=54)

=== Epoch 54/1000 ===
[train] loss=5.2155 cls=0.4923 cme=2.2021 acc=0.9738 cells=158379
[val]   loss=5.2322 eval=2.6345 cls=0.4168 cme=2.2177 acc=0.9721 cells=118036
[ct_train] saved best checkpoint (val_eval_loss=2.6345 val_acc=0.9721)
[ct_train] rechunked train graphs (seed=55)

=== Epoch 55/1000 ===
[train] loss=5.2004 cls=0.4905 cme=2.1960 acc=0.9739 cells=158379
[ct_train] rechunked train graphs (seed=56)

=== Epoch 56/1000 ===
[train] loss=5.2101 cls=0.4908 cme=2.2003 acc=0.9740 cells=158379
[val]   loss=5.2296 eval=2.6330 cls=0.4162 cme=2.2168 acc=0.9722 cells=118036
[ct_train] saved best checkpoint (val_eval_loss=2.6330 val_acc=0.9722)
[ct_train] rechunked train graphs (seed=57)

=== Epoch 57/1000 ===
[train] loss=5.2071 cls=0.4912 cme=2.1987 acc=0.9734 cells=158379
[ct_train] rechunked train graphs (seed=58)

=== Epoch 58/1000 ===
[train] loss=5.1946 cls=0.4897 cme=2.1936 acc=0.9746 cells=158379
[val]   loss=5.2285 eval=2.6323 cls=0.4157 cme=2.2166 acc=0.9724 cells=118036
[ct_train] saved best checkpoint (val_eval_loss=2.6323 val_acc=0.9724)
[ct_train] rechunked train graphs (seed=59)

=== Epoch 59/1000 ===
[train] loss=5.1890 cls=0.4869 cme=2.1924 acc=0.9751 cells=158379
[ct_train] rechunked train graphs (seed=60)

=== Epoch 60/1000 ===
[train] loss=5.1994 cls=0.4886 cme=2.1963 acc=0.9745 cells=158379
[val]   loss=5.2262 eval=2.6309 cls=0.4151 cme=2.2158 acc=0.9726 cells=118036
[ct_train] saved best checkpoint (val_eval_loss=2.6309 val_acc=0.9726)
[ct_train] rechunked train graphs (seed=61)

=== Epoch 61/1000 ===
[train] loss=5.1864 cls=0.4874 cme=2.1908 acc=0.9749 cells=158379
[ct_train] rechunked train graphs (seed=62)

=== Epoch 62/1000 ===
[train] loss=5.1950 cls=0.4873 cme=2.1950 acc=0.9748 cells=158379
[val]   loss=5.2237 eval=2.6295 cls=0.4146 cme=2.2149 acc=0.9729 cells=118036
[ct_train] saved best checkpoint (val_eval_loss=2.6295 val_acc=0.9729)
[ct_train] rechunked train graphs (seed=63)

=== Epoch 63/1000 ===
[train] loss=5.1898 cls=0.4864 cme=2.1930 acc=0.9750 cells=158379
[ct_train] rechunked train graphs (seed=64)

=== Epoch 64/1000 ===
[train] loss=5.1751 cls=0.4848 cme=2.1869 acc=0.9755 cells=158379
[val]   loss=5.2228 eval=2.6287 cls=0.4140 cme=2.2147 acc=0.9731 cells=118036
[ct_train] saved best checkpoint (val_eval_loss=2.6287 val_acc=0.9731)
[ct_train] rechunked train graphs (seed=65)

=== Epoch 65/1000 ===
[train] loss=5.1857 cls=0.4848 cme=2.1918 acc=0.9757 cells=158379
[ct_train] rechunked train graphs (seed=66)

=== Epoch 66/1000 ===
[train] loss=5.1928 cls=0.4843 cme=2.1954 acc=0.9757 cells=158379
[val]   loss=5.2200 eval=2.6272 cls=0.4135 cme=2.2137 acc=0.9732 cells=118036
[ct_train] saved best checkpoint (val_eval_loss=2.6272 val_acc=0.9732)
[ct_train] rechunked train graphs (seed=67)

=== Epoch 67/1000 ===
[train] loss=5.1853 cls=0.4847 cme=2.1917 acc=0.9756 cells=158379
[ct_train] rechunked train graphs (seed=68)

=== Epoch 68/1000 ===
[train] loss=5.1798 cls=0.4832 cme=2.1898 acc=0.9759 cells=158379
[val]   loss=5.2191 eval=2.6265 cls=0.4130 cme=2.2135 acc=0.9733 cells=118036
[ct_train] saved best checkpoint (val_eval_loss=2.6265 val_acc=0.9733)
[ct_train] rechunked train graphs (seed=69)

=== Epoch 69/1000 ===
[train] loss=5.1707 cls=0.4826 cme=2.1859 acc=0.9760 cells=158379
[ct_train] rechunked train graphs (seed=70)

=== Epoch 70/1000 ===
[train] loss=5.1666 cls=0.4835 cme=2.1836 acc=0.9762 cells=158379
[val]   loss=5.2180 eval=2.6258 cls=0.4125 cme=2.2132 acc=0.9734 cells=118036
[ct_train] saved best checkpoint (val_eval_loss=2.6258 val_acc=0.9734)
[ct_train] rechunked train graphs (seed=71)

=== Epoch 71/1000 ===
[train] loss=5.1803 cls=0.4833 cme=2.1900 acc=0.9763 cells=158379
[ct_train] rechunked train graphs (seed=72)

=== Epoch 72/1000 ===
[train] loss=5.1724 cls=0.4821 cme=2.1869 acc=0.9759 cells=158379
[val]   loss=5.2166 eval=2.6250 cls=0.4123 cme=2.2126 acc=0.9736 cells=118036
[ct_train] saved best checkpoint (val_eval_loss=2.6250 val_acc=0.9736)
[ct_train] rechunked train graphs (seed=73)

=== Epoch 73/1000 ===
[train] loss=5.1793 cls=0.4822 cme=2.1901 acc=0.9759 cells=158379
[ct_train] rechunked train graphs (seed=74)

=== Epoch 74/1000 ===
[train] loss=5.1822 cls=0.4815 cme=2.1917 acc=0.9762 cells=158379
[val]   loss=5.2154 eval=2.6242 cls=0.4120 cme=2.2122 acc=0.9736 cells=118036
[ct_train] saved best checkpoint (val_eval_loss=2.6242 val_acc=0.9736)
[ct_train] rechunked train graphs (seed=75)

=== Epoch 75/1000 ===
[train] loss=5.1641 cls=0.4804 cme=2.1839 acc=0.9763 cells=158379
[ct_train] rechunked train graphs (seed=76)

=== Epoch 76/1000 ===
[train] loss=5.1648 cls=0.4797 cme=2.1844 acc=0.9765 cells=158379
[val]   loss=5.2138 eval=2.6233 cls=0.4118 cme=2.2116 acc=0.9736 cells=118036
[ct_train] saved best checkpoint (val_eval_loss=2.6233 val_acc=0.9736)
[ct_train] rechunked train graphs (seed=77)

=== Epoch 77/1000 ===
[train] loss=5.1608 cls=0.4792 cme=2.1829 acc=0.9770 cells=158379
[ct_train] rechunked train graphs (seed=78)

=== Epoch 78/1000 ===
[train] loss=5.1618 cls=0.4792 cme=2.1833 acc=0.9767 cells=158379
[val]   loss=5.2117 eval=2.6222 cls=0.4113 cme=2.2109 acc=0.9739 cells=118036
[ct_train] saved best checkpoint (val_eval_loss=2.6222 val_acc=0.9739)
[ct_train] rechunked train graphs (seed=79)

=== Epoch 79/1000 ===
[train] loss=5.1682 cls=0.4786 cme=2.1865 acc=0.9770 cells=158379
[ct_train] rechunked train graphs (seed=80)

=== Epoch 80/1000 ===
[train] loss=5.1535 cls=0.4787 cme=2.1798 acc=0.9771 cells=158379
[val]   loss=5.2111 eval=2.6217 cls=0.4110 cme=2.2108 acc=0.9739 cells=118036
[ct_train] saved best checkpoint (val_eval_loss=2.6217 val_acc=0.9739)
[ct_train] rechunked train graphs (seed=81)

=== Epoch 81/1000 ===
[train] loss=5.1517 cls=0.4780 cme=2.1792 acc=0.9770 cells=158379
[ct_train] rechunked train graphs (seed=82)

=== Epoch 82/1000 ===
[train] loss=5.1528 cls=0.4770 cme=2.1803 acc=0.9778 cells=158379
[val]   loss=5.2096 eval=2.6210 cls=0.4108 cme=2.2102 acc=0.9741 cells=118036
[ct_train] saved best checkpoint (val_eval_loss=2.6210 val_acc=0.9741)
[ct_train] rechunked train graphs (seed=83)

=== Epoch 83/1000 ===
[train] loss=5.1579 cls=0.4765 cme=2.1828 acc=0.9779 cells=158379
[ct_train] rechunked train graphs (seed=84)

=== Epoch 84/1000 ===
[train] loss=5.1516 cls=0.4764 cme=2.1800 acc=0.9780 cells=158379
[val]   loss=5.2089 eval=2.6205 cls=0.4104 cme=2.2101 acc=0.9742 cells=118036
[ct_train] saved best checkpoint (val_eval_loss=2.6205 val_acc=0.9742)
[ct_train] rechunked train graphs (seed=85)

=== Epoch 85/1000 ===
[train] loss=5.1450 cls=0.4756 cme=2.1772 acc=0.9782 cells=158379
[ct_train] rechunked train graphs (seed=86)

=== Epoch 86/1000 ===
[train] loss=5.1570 cls=0.4757 cme=2.1828 acc=0.9780 cells=158379
[val]   loss=5.2077 eval=2.6198 cls=0.4102 cme=2.2096 acc=0.9742 cells=118036
[ct_train] saved best checkpoint (val_eval_loss=2.6198 val_acc=0.9742)
[ct_train] rechunked train graphs (seed=87)

=== Epoch 87/1000 ===
[train] loss=5.1491 cls=0.4758 cme=2.1791 acc=0.9781 cells=158379
[ct_train] rechunked train graphs (seed=88)

=== Epoch 88/1000 ===
[train] loss=5.1517 cls=0.4755 cme=2.1805 acc=0.9784 cells=158379
[val]   loss=5.2066 eval=2.6191 cls=0.4099 cme=2.2092 acc=0.9743 cells=118036
[ct_train] saved best checkpoint (val_eval_loss=2.6191 val_acc=0.9743)
[ct_train] rechunked train graphs (seed=89)

=== Epoch 89/1000 ===
[train] loss=5.1505 cls=0.4751 cme=2.1800 acc=0.9782 cells=158379
[ct_train] rechunked train graphs (seed=90)

=== Epoch 90/1000 ===
[train] loss=5.1512 cls=0.4737 cme=2.1810 acc=0.9784 cells=158379
[val]   loss=5.2058 eval=2.6187 cls=0.4097 cme=2.2090 acc=0.9744 cells=118036
[ct_train] saved best checkpoint (val_eval_loss=2.6187 val_acc=0.9744)
[ct_train] rechunked train graphs (seed=91)

=== Epoch 91/1000 ===
[train] loss=5.1397 cls=0.4725 cme=2.1763 acc=0.9790 cells=158379
[ct_train] rechunked train graphs (seed=92)

=== Epoch 92/1000 ===
[train] loss=5.1394 cls=0.4726 cme=2.1760 acc=0.9790 cells=158379
[val]   loss=5.2048 eval=2.6181 cls=0.4093 cme=2.2088 acc=0.9745 cells=118036
[ct_train] saved best checkpoint (val_eval_loss=2.6181 val_acc=0.9745)
[ct_train] rechunked train graphs (seed=93)

=== Epoch 93/1000 ===
[train] loss=5.1454 cls=0.4733 cme=2.1785 acc=0.9789 cells=158379
[ct_train] rechunked train graphs (seed=94)

=== Epoch 94/1000 ===
[train] loss=5.1367 cls=0.4720 cme=2.1751 acc=0.9792 cells=158379
[val]   loss=5.2044 eval=2.6178 cls=0.4092 cme=2.2086 acc=0.9746 cells=118036
[ct_train] saved best checkpoint (val_eval_loss=2.6178 val_acc=0.9746)
[ct_train] early_stopping: no improve on val/eval_loss for 1/45 val checks
[ct_train] rechunked train graphs (seed=95)

=== Epoch 95/1000 ===
[train] loss=5.1562 cls=0.4731 cme=2.1836 acc=0.9789 cells=158379
[ct_train] rechunked train graphs (seed=96)

=== Epoch 96/1000 ===
[train] loss=5.1441 cls=0.4720 cme=2.1786 acc=0.9792 cells=158379
[val]   loss=5.2035 eval=2.6173 cls=0.4090 cme=2.2083 acc=0.9746 cells=118036
[ct_train] saved best checkpoint (val_eval_loss=2.6173 val_acc=0.9746)
[ct_train] rechunked train graphs (seed=97)

=== Epoch 97/1000 ===
[train] loss=5.1436 cls=0.4710 cme=2.1787 acc=0.9794 cells=158379
[ct_train] rechunked train graphs (seed=98)

=== Epoch 98/1000 ===
[train] loss=5.1350 cls=0.4729 cme=2.1739 acc=0.9792 cells=158379
[val]   loss=5.2032 eval=2.6171 cls=0.4088 cme=2.2083 acc=0.9747 cells=118036
[ct_train] saved best checkpoint (val_eval_loss=2.6171 val_acc=0.9747)
[ct_train] early_stopping: no improve on val/eval_loss for 1/45 val checks
[ct_train] rechunked train graphs (seed=99)

=== Epoch 99/1000 ===
[train] loss=5.1230 cls=0.4721 cme=2.1687 acc=0.9791 cells=158379
[ct_train] rechunked train graphs (seed=100)

=== Epoch 100/1000 ===
[train] loss=5.1262 cls=0.4707 cme=2.1708 acc=0.9794 cells=158379
[val]   loss=5.2033 eval=2.6171 cls=0.4086 cme=2.2084 acc=0.9747 cells=118036
[ct_train] early_stopping: no improve on val/eval_loss for 2/45 val checks
[ct_train] rechunked train graphs (seed=101)

=== Epoch 101/1000 ===
[train] loss=5.1444 cls=0.4708 cme=2.1792 acc=0.9802 cells=158379
[ct_train] rechunked train graphs (seed=102)

=== Epoch 102/1000 ===
[train] loss=5.1366 cls=0.4696 cme=2.1762 acc=0.9798 cells=158379
[val]   loss=5.2025 eval=2.6166 cls=0.4085 cme=2.2081 acc=0.9748 cells=118036
[ct_train] saved best checkpoint (val_eval_loss=2.6166 val_acc=0.9748)
[ct_train] rechunked train graphs (seed=103)

=== Epoch 103/1000 ===
[train] loss=5.1439 cls=0.4697 cme=2.1794 acc=0.9799 cells=158379
[ct_train] rechunked train graphs (seed=104)

=== Epoch 104/1000 ===
[train] loss=5.1270 cls=0.4693 cme=2.1718 acc=0.9801 cells=158379
[val]   loss=5.2023 eval=2.6164 cls=0.4083 cme=2.2082 acc=0.9749 cells=118036
[ct_train] saved best checkpoint (val_eval_loss=2.6164 val_acc=0.9749)
[ct_train] early_stopping: no improve on val/eval_loss for 1/45 val checks
[ct_train] rechunked train graphs (seed=105)

=== Epoch 105/1000 ===
[train] loss=5.1272 cls=0.4699 cme=2.1716 acc=0.9799 cells=158379
[ct_train] rechunked train graphs (seed=106)

=== Epoch 106/1000 ===
[train] loss=5.1263 cls=0.4696 cme=2.1714 acc=0.9796 cells=158379
[val]   loss=5.2023 eval=2.6163 cls=0.4082 cme=2.2082 acc=0.9749 cells=118036
[ct_train] saved best checkpoint (val_eval_loss=2.6163 val_acc=0.9749)
[ct_train] early_stopping: no improve on val/eval_loss for 2/45 val checks
[ct_train] rechunked train graphs (seed=107)

=== Epoch 107/1000 ===
[train] loss=5.1230 cls=0.4683 cme=2.1705 acc=0.9803 cells=158379
[ct_train] rechunked train graphs (seed=108)

=== Epoch 108/1000 ===
[train] loss=5.1415 cls=0.4691 cme=2.1787 acc=0.9799 cells=158379
[val]   loss=5.2016 eval=2.6160 cls=0.4081 cme=2.2079 acc=0.9750 cells=118036
[ct_train] saved best checkpoint (val_eval_loss=2.6160 val_acc=0.9750)
[ct_train] early_stopping: no improve on val/eval_loss for 3/45 val checks
[ct_train] rechunked train graphs (seed=109)

=== Epoch 109/1000 ===
[train] loss=5.1200 cls=0.4678 cme=2.1693 acc=0.9804 cells=158379
[ct_train] rechunked train graphs (seed=110)

=== Epoch 110/1000 ===
[train] loss=5.1231 cls=0.4680 cme=2.1707 acc=0.9801 cells=158379
[val]   loss=5.2008 eval=2.6156 cls=0.4079 cme=2.2076 acc=0.9750 cells=118036
[ct_train] saved best checkpoint (val_eval_loss=2.6156 val_acc=0.9750)
[ct_train] rechunked train graphs (seed=111)

=== Epoch 111/1000 ===
[train] loss=5.1173 cls=0.4670 cme=2.1685 acc=0.9804 cells=158379
[ct_train] rechunked train graphs (seed=112)

=== Epoch 112/1000 ===
[train] loss=5.1147 cls=0.4668 cme=2.1673 acc=0.9806 cells=158379
[val]   loss=5.1997 eval=2.6151 cls=0.4079 cme=2.2072 acc=0.9752 cells=118036
[ct_train] saved best checkpoint (val_eval_loss=2.6151 val_acc=0.9752)
[ct_train] rechunked train graphs (seed=113)

=== Epoch 113/1000 ===
[train] loss=5.1252 cls=0.4670 cme=2.1721 acc=0.9807 cells=158379
[ct_train] rechunked train graphs (seed=114)

=== Epoch 114/1000 ===
[train] loss=5.1225 cls=0.4666 cme=2.1710 acc=0.9807 cells=158379
[val]   loss=5.1991 eval=2.6146 cls=0.4076 cme=2.2070 acc=0.9751 cells=118036
[ct_train] saved best checkpoint (val_eval_loss=2.6146 val_acc=0.9752)
[ct_train] rechunked train graphs (seed=115)

=== Epoch 115/1000 ===
[train] loss=5.1119 cls=0.4668 cme=2.1661 acc=0.9805 cells=158379
[ct_train] rechunked train graphs (seed=116)

=== Epoch 116/1000 ===
[train] loss=5.1092 cls=0.4663 cme=2.1650 acc=0.9808 cells=158379
[val]   loss=5.1985 eval=2.6144 cls=0.4075 cme=2.2069 acc=0.9752 cells=118036
[ct_train] saved best checkpoint (val_eval_loss=2.6144 val_acc=0.9752)
[ct_train] early_stopping: no improve on val/eval_loss for 1/45 val checks
[ct_train] rechunked train graphs (seed=117)

=== Epoch 117/1000 ===
[train] loss=5.1163 cls=0.4662 cme=2.1684 acc=0.9810 cells=158379
[ct_train] rechunked train graphs (seed=118)

=== Epoch 118/1000 ===
[train] loss=5.1127 cls=0.4654 cme=2.1671 acc=0.9811 cells=158379
[val]   loss=5.1980 eval=2.6140 cls=0.4073 cme=2.2067 acc=0.9753 cells=118036
[ct_train] saved best checkpoint (val_eval_loss=2.6140 val_acc=0.9753)
[ct_train] rechunked train graphs (seed=119)

=== Epoch 119/1000 ===
[train] loss=5.0988 cls=0.4636 cme=2.1615 acc=0.9815 cells=158379
[ct_train] rechunked train graphs (seed=120)

=== Epoch 120/1000 ===
[train] loss=5.1020 cls=0.4646 cme=2.1625 acc=0.9814 cells=158379
[val]   loss=5.1974 eval=2.6137 cls=0.4072 cme=2.2065 acc=0.9753 cells=118036
[ct_train] saved best checkpoint (val_eval_loss=2.6137 val_acc=0.9753)
[ct_train] early_stopping: no improve on val/eval_loss for 1/45 val checks
[ct_train] rechunked train graphs (seed=121)

=== Epoch 121/1000 ===
[train] loss=5.1167 cls=0.4657 cme=2.1688 acc=0.9810 cells=158379
[ct_train] rechunked train graphs (seed=122)

=== Epoch 122/1000 ===
[train] loss=5.0963 cls=0.4641 cme=2.1601 acc=0.9814 cells=158379
[val]   loss=5.1966 eval=2.6134 cls=0.4071 cme=2.2062 acc=0.9754 cells=118036
[ct_train] saved best checkpoint (val_eval_loss=2.6134 val_acc=0.9754)
[ct_train] rechunked train graphs (seed=123)

=== Epoch 123/1000 ===
[train] loss=5.1076 cls=0.4639 cme=2.1654 acc=0.9818 cells=158379
[ct_train] rechunked train graphs (seed=124)

=== Epoch 124/1000 ===
[train] loss=5.1124 cls=0.4635 cme=2.1678 acc=0.9818 cells=158379
[val]   loss=5.1970 eval=2.6136 cls=0.4072 cme=2.2064 acc=0.9754 cells=118036
[ct_train] early_stopping: no improve on val/eval_loss for 1/45 val checks
[ct_train] rechunked train graphs (seed=125)

=== Epoch 125/1000 ===
[train] loss=5.1077 cls=0.4646 cme=2.1651 acc=0.9813 cells=158379
[ct_train] rechunked train graphs (seed=126)

=== Epoch 126/1000 ===
[train] loss=5.1044 cls=0.4634 cme=2.1642 acc=0.9817 cells=158379
[val]   loss=5.1959 eval=2.6131 cls=0.4071 cme=2.2060 acc=0.9756 cells=118036
[ct_train] saved best checkpoint (val_eval_loss=2.6131 val_acc=0.9756)
[ct_train] rechunked train graphs (seed=127)

=== Epoch 127/1000 ===
[train] loss=5.1192 cls=0.4636 cme=2.1709 acc=0.9814 cells=158379
[ct_train] rechunked train graphs (seed=128)

=== Epoch 128/1000 ===
[train] loss=5.1055 cls=0.4631 cme=2.1648 acc=0.9818 cells=158379
[val]   loss=5.1946 eval=2.6124 cls=0.4071 cme=2.2053 acc=0.9756 cells=118036
[ct_train] saved best checkpoint (val_eval_loss=2.6124 val_acc=0.9756)
[ct_train] rechunked train graphs (seed=129)

=== Epoch 129/1000 ===
[train] loss=5.1082 cls=0.4625 cme=2.1665 acc=0.9820 cells=158379
[ct_train] rechunked train graphs (seed=130)

=== Epoch 130/1000 ===
[train] loss=5.1054 cls=0.4616 cme=2.1653 acc=0.9826 cells=158379
[val]   loss=5.1941 eval=2.6122 cls=0.4070 cme=2.2052 acc=0.9756 cells=118036
[ct_train] saved best checkpoint (val_eval_loss=2.6122 val_acc=0.9756)
[ct_train] early_stopping: no improve on val/eval_loss for 1/45 val checks
[ct_train] rechunked train graphs (seed=131)

=== Epoch 131/1000 ===
[train] loss=5.0972 cls=0.4622 cme=2.1614 acc=0.9820 cells=158379
[ct_train] rechunked train graphs (seed=132)

=== Epoch 132/1000 ===
[train] loss=5.0956 cls=0.4618 cme=2.1609 acc=0.9823 cells=158379
[val]   loss=5.1934 eval=2.6118 cls=0.4069 cme=2.2049 acc=0.9757 cells=118036
[ct_train] saved best checkpoint (val_eval_loss=2.6118 val_acc=0.9757)
[ct_train] rechunked train graphs (seed=133)

=== Epoch 133/1000 ===
[train] loss=5.0992 cls=0.4610 cme=2.1628 acc=0.9823 cells=158379
[ct_train] rechunked train graphs (seed=134)

=== Epoch 134/1000 ===
[train] loss=5.1006 cls=0.4620 cme=2.1630 acc=0.9824 cells=158379
[val]   loss=5.1934 eval=2.6119 cls=0.4070 cme=2.2049 acc=0.9756 cells=118036
[ct_train] early_stopping: no improve on val/eval_loss for 1/45 val checks
[ct_train] rechunked train graphs (seed=135)

=== Epoch 135/1000 ===
[train] loss=5.0987 cls=0.4605 cme=2.1629 acc=0.9828 cells=158379
[ct_train] rechunked train graphs (seed=136)

=== Epoch 136/1000 ===
[train] loss=5.0924 cls=0.4603 cme=2.1600 acc=0.9828 cells=158379
[val]   loss=5.1936 eval=2.6120 cls=0.4070 cme=2.2050 acc=0.9756 cells=118036
[ct_train] early_stopping: no improve on val/eval_loss for 2/45 val checks
[ct_train] rechunked train graphs (seed=137)

=== Epoch 137/1000 ===
[train] loss=5.1025 cls=0.4606 cme=2.1646 acc=0.9828 cells=158379
[ct_train] rechunked train graphs (seed=138)

=== Epoch 138/1000 ===
[train] loss=5.0834 cls=0.4611 cme=2.1555 acc=0.9825 cells=158379
[val]   loss=5.1934 eval=2.6118 cls=0.4068 cme=2.2050 acc=0.9756 cells=118036
[ct_train] early_stopping: no improve on val/eval_loss for 3/45 val checks
[ct_train] rechunked train graphs (seed=139)

=== Epoch 139/1000 ===
[train] loss=5.0944 cls=0.4613 cme=2.1605 acc=0.9823 cells=158379
[ct_train] rechunked train graphs (seed=140)

=== Epoch 140/1000 ===
[train] loss=5.0931 cls=0.4603 cme=2.1603 acc=0.9829 cells=158379
[val]   loss=5.1923 eval=2.6113 cls=0.4068 cme=2.2045 acc=0.9757 cells=118036
[ct_train] saved best checkpoint (val_eval_loss=2.6113 val_acc=0.9757)
[ct_train] rechunked train graphs (seed=141)

=== Epoch 141/1000 ===
[train] loss=5.0967 cls=0.4597 cme=2.1623 acc=0.9827 cells=158379
[ct_train] rechunked train graphs (seed=142)

=== Epoch 142/1000 ===
[train] loss=5.0921 cls=0.4587 cme=2.1606 acc=0.9832 cells=158379
[val]   loss=5.1926 eval=2.6115 cls=0.4070 cme=2.2045 acc=0.9757 cells=118036
[ct_train] early_stopping: no improve on val/eval_loss for 1/45 val checks
[ct_train] rechunked train graphs (seed=143)

=== Epoch 143/1000 ===
[train] loss=5.0819 cls=0.4589 cme=2.1558 acc=0.9833 cells=158379
[ct_train] rechunked train graphs (seed=144)

=== Epoch 144/1000 ===
[train] loss=5.0900 cls=0.4597 cme=2.1593 acc=0.9832 cells=158379
[val]   loss=5.1920 eval=2.6112 cls=0.4069 cme=2.2043 acc=0.9757 cells=118036
[ct_train] saved best checkpoint (val_eval_loss=2.6112 val_acc=0.9757)
[ct_train] early_stopping: no improve on val/eval_loss for 2/45 val checks
[ct_train] rechunked train graphs (seed=145)

=== Epoch 145/1000 ===
[train] loss=5.0944 cls=0.4591 cme=2.1615 acc=0.9833 cells=158379
[ct_train] rechunked train graphs (seed=146)

=== Epoch 146/1000 ===
[train] loss=5.0811 cls=0.4585 cme=2.1557 acc=0.9834 cells=158379
[val]   loss=5.1923 eval=2.6114 cls=0.4070 cme=2.2044 acc=0.9757 cells=118036
[ct_train] early_stopping: no improve on val/eval_loss for 3/45 val checks
[ct_train] rechunked train graphs (seed=147)

=== Epoch 147/1000 ===
[train] loss=5.0948 cls=0.4586 cme=2.1619 acc=0.9833 cells=158379
[ct_train] rechunked train graphs (seed=148)

=== Epoch 148/1000 ===
[train] loss=5.0914 cls=0.4574 cme=2.1609 acc=0.9835 cells=158379
[val]   loss=5.1908 eval=2.6107 cls=0.4069 cme=2.2038 acc=0.9756 cells=118036
[ct_train] saved best checkpoint (val_eval_loss=2.6107 val_acc=0.9757)
[ct_train] rechunked train graphs (seed=149)

=== Epoch 149/1000 ===
[train] loss=5.0811 cls=0.4578 cme=2.1560 acc=0.9835 cells=158379
[ct_train] rechunked train graphs (seed=150)

=== Epoch 150/1000 ===
[train] loss=5.0826 cls=0.4575 cme=2.1568 acc=0.9836 cells=158379
[val]   loss=5.1915 eval=2.6110 cls=0.4069 cme=2.2041 acc=0.9757 cells=118036
[ct_train] early_stopping: no improve on val/eval_loss for 1/45 val checks
[ct_train] rechunked train graphs (seed=151)

=== Epoch 151/1000 ===
[train] loss=5.0854 cls=0.4574 cme=2.1581 acc=0.9837 cells=158379
[ct_train] rechunked train graphs (seed=152)

=== Epoch 152/1000 ===
[train] loss=5.0898 cls=0.4576 cme=2.1601 acc=0.9837 cells=158379
[val]   loss=5.1912 eval=2.6109 cls=0.4069 cme=2.2039 acc=0.9756 cells=118036
[ct_train] early_stopping: no improve on val/eval_loss for 2/45 val checks
[ct_train] rechunked train graphs (seed=153)

=== Epoch 153/1000 ===
[train] loss=5.0762 cls=0.4575 cme=2.1538 acc=0.9836 cells=158379
[ct_train] rechunked train graphs (seed=154)

=== Epoch 154/1000 ===
[train] loss=5.0781 cls=0.4567 cme=2.1551 acc=0.9838 cells=158379
[val]   loss=5.1914 eval=2.6110 cls=0.4069 cme=2.2041 acc=0.9756 cells=118036
[ct_train] early_stopping: no improve on val/eval_loss for 3/45 val checks
[ct_train] rechunked train graphs (seed=155)

=== Epoch 155/1000 ===
[train] loss=5.0853 cls=0.4564 cme=2.1585 acc=0.9844 cells=158379
[ct_train] rechunked train graphs (seed=156)

=== Epoch 156/1000 ===
[train] loss=5.0744 cls=0.4558 cme=2.1538 acc=0.9847 cells=158379
[val]   loss=5.1927 eval=2.6118 cls=0.4072 cme=2.2046 acc=0.9756 cells=118036
[ct_train] early_stopping: no improve on val/eval_loss for 4/45 val checks
[ct_train] rechunked train graphs (seed=157)

=== Epoch 157/1000 ===
[train] loss=5.0840 cls=0.4557 cme=2.1584 acc=0.9842 cells=158379
[ct_train] rechunked train graphs (seed=158)

=== Epoch 158/1000 ===
[train] loss=5.0836 cls=0.4562 cme=2.1578 acc=0.9841 cells=158379
[val]   loss=5.1932 eval=2.6121 cls=0.4073 cme=2.2049 acc=0.9758 cells=118036
[ct_train] early_stopping: no improve on val/eval_loss for 5/45 val checks
[ct_train] rechunked train graphs (seed=159)

=== Epoch 159/1000 ===
[train] loss=5.0824 cls=0.4550 cme=2.1579 acc=0.9843 cells=158379
[ct_train] rechunked train graphs (seed=160)

=== Epoch 160/1000 ===
[train] loss=5.0942 cls=0.4558 cme=2.1630 acc=0.9843 cells=158379
[val]   loss=5.1934 eval=2.6121 cls=0.4071 cme=2.2050 acc=0.9758 cells=118036
[ct_train] early_stopping: no improve on val/eval_loss for 6/45 val checks
[ct_train] rechunked train graphs (seed=161)

=== Epoch 161/1000 ===
[train] loss=5.0781 cls=0.4552 cme=2.1558 acc=0.9844 cells=158379
[ct_train] rechunked train graphs (seed=162)

=== Epoch 162/1000 ===
[train] loss=5.0808 cls=0.4553 cme=2.1570 acc=0.9847 cells=158379
[val]   loss=5.1932 eval=2.6121 cls=0.4072 cme=2.2049 acc=0.9756 cells=118036
[ct_train] early_stopping: no improve on val/eval_loss for 7/45 val checks
[ct_train] rechunked train graphs (seed=163)

=== Epoch 163/1000 ===
[train] loss=5.0658 cls=0.4544 cme=2.1505 acc=0.9849 cells=158379
[ct_train] rechunked train graphs (seed=164)

=== Epoch 164/1000 ===
[train] loss=5.0783 cls=0.4553 cme=2.1559 acc=0.9845 cells=158379
[val]   loss=5.1935 eval=2.6122 cls=0.4073 cme=2.2050 acc=0.9758 cells=118036
[ct_train] early_stopping: no improve on val/eval_loss for 8/45 val checks
[ct_train] rechunked train graphs (seed=165)

=== Epoch 165/1000 ===
[train] loss=5.0760 cls=0.4543 cme=2.1552 acc=0.9847 cells=158379
[ct_train] rechunked train graphs (seed=166)

=== Epoch 166/1000 ===
[train] loss=5.0732 cls=0.4536 cme=2.1542 acc=0.9849 cells=158379
[val]   loss=5.1916 eval=2.6114 cls=0.4073 cme=2.2041 acc=0.9757 cells=118036
[ct_train] early_stopping: no improve on val/eval_loss for 9/45 val checks
[ct_train] rechunked train graphs (seed=167)

=== Epoch 167/1000 ===
[train] loss=5.0752 cls=0.4538 cme=2.1551 acc=0.9855 cells=158379
[ct_train] rechunked train graphs (seed=168)

=== Epoch 168/1000 ===
[train] loss=5.0657 cls=0.4529 cme=2.1511 acc=0.9850 cells=158379
[val]   loss=5.1916 eval=2.6114 cls=0.4072 cme=2.2041 acc=0.9758 cells=118036
[ct_train] early_stopping: no improve on val/eval_loss for 10/45 val checks
[ct_train] rechunked train graphs (seed=169)

=== Epoch 169/1000 ===
[train] loss=5.0625 cls=0.4532 cme=2.1495 acc=0.9850 cells=158379
[ct_train] rechunked train graphs (seed=170)

=== Epoch 170/1000 ===
[train] loss=5.0759 cls=0.4551 cme=2.1548 acc=0.9844 cells=158379
[val]   loss=5.1916 eval=2.6115 cls=0.4075 cme=2.2040 acc=0.9756 cells=118036
[ct_train] early_stopping: no improve on val/eval_loss for 11/45 val checks
[ct_train] rechunked train graphs (seed=171)

=== Epoch 171/1000 ===
[train] loss=5.0629 cls=0.4527 cme=2.1500 acc=0.9850 cells=158379
[ct_train] rechunked train graphs (seed=172)

=== Epoch 172/1000 ===
[train] loss=5.0682 cls=0.4536 cme=2.1520 acc=0.9851 cells=158379
[val]   loss=5.1912 eval=2.6114 cls=0.4076 cme=2.2038 acc=0.9758 cells=118036
[ct_train] early_stopping: no improve on val/eval_loss for 12/45 val checks
[ct_train] rechunked train graphs (seed=173)

=== Epoch 173/1000 ===
[train] loss=5.0856 cls=0.4532 cme=2.1601 acc=0.9854 cells=158379
[ct_train] rechunked train graphs (seed=174)

=== Epoch 174/1000 ===
[train] loss=5.0697 cls=0.4524 cme=2.1532 acc=0.9855 cells=158379
[val]   loss=5.1907 eval=2.6111 cls=0.4075 cme=2.2036 acc=0.9758 cells=118036
[ct_train] early_stopping: no improve on val/eval_loss for 13/45 val checks
[ct_train] rechunked train graphs (seed=175)

=== Epoch 175/1000 ===
[train] loss=5.0632 cls=0.4518 cme=2.1505 acc=0.9858 cells=158379
[ct_train] rechunked train graphs (seed=176)

=== Epoch 176/1000 ===
[train] loss=5.0678 cls=0.4521 cme=2.1524 acc=0.9857 cells=158379
[val]   loss=5.1920 eval=2.6118 cls=0.4077 cme=2.2042 acc=0.9759 cells=118036
[ct_train] early_stopping: no improve on val/eval_loss for 14/45 val checks
[ct_train] rechunked train graphs (seed=177)

=== Epoch 177/1000 ===
[train] loss=5.0569 cls=0.4519 cme=2.1475 acc=0.9859 cells=158379
[ct_train] rechunked train graphs (seed=178)

=== Epoch 178/1000 ===
[train] loss=5.0583 cls=0.4511 cme=2.1485 acc=0.9860 cells=158379
[val]   loss=5.1911 eval=2.6115 cls=0.4078 cme=2.2036 acc=0.9760 cells=118036
[ct_train] early_stopping: no improve on val/eval_loss for 15/45 val checks
[ct_train] rechunked train graphs (seed=179)

=== Epoch 179/1000 ===
[train] loss=5.0695 cls=0.4516 cme=2.1535 acc=0.9859 cells=158379
[ct_train] rechunked train graphs (seed=180)

=== Epoch 180/1000 ===
[train] loss=5.0581 cls=0.4504 cme=2.1487 acc=0.9861 cells=158379
[val]   loss=5.1916 eval=2.6117 cls=0.4079 cme=2.2038 acc=0.9759 cells=118036
[ct_train] early_stopping: no improve on val/eval_loss for 16/45 val checks
[ct_train] rechunked train graphs (seed=181)

=== Epoch 181/1000 ===
[train] loss=5.0451 cls=0.4504 cme=2.1428 acc=0.9862 cells=158379
[ct_train] rechunked train graphs (seed=182)

=== Epoch 182/1000 ===
[train] loss=5.0595 cls=0.4520 cme=2.1487 acc=0.9859 cells=158379
[val]   loss=5.1924 eval=2.6124 cls=0.4082 cme=2.2042 acc=0.9758 cells=118036
[ct_train] early_stopping: no improve on val/eval_loss for 17/45 val checks
[ct_train] rechunked train graphs (seed=183)

=== Epoch 183/1000 ===
[train] loss=5.0594 cls=0.4510 cme=2.1491 acc=0.9861 cells=158379
[ct_train] rechunked train graphs (seed=184)

=== Epoch 184/1000 ===
[train] loss=5.0493 cls=0.4505 cme=2.1446 acc=0.9864 cells=158379
[val]   loss=5.1937 eval=2.6129 cls=0.4081 cme=2.2048 acc=0.9760 cells=118036
[ct_train] early_stopping: no improve on val/eval_loss for 18/45 val checks
[ct_train] rechunked train graphs (seed=185)

=== Epoch 185/1000 ===
[train] loss=5.0513 cls=0.4504 cme=2.1456 acc=0.9862 cells=158379
[ct_train] rechunked train graphs (seed=186)

=== Epoch 186/1000 ===
[train] loss=5.0649 cls=0.4511 cme=2.1517 acc=0.9862 cells=158379
[val]   loss=5.1935 eval=2.6128 cls=0.4081 cme=2.2047 acc=0.9760 cells=118036
[ct_train] early_stopping: no improve on val/eval_loss for 19/45 val checks
[ct_train] rechunked train graphs (seed=187)

=== Epoch 187/1000 ===
[train] loss=5.0556 cls=0.4503 cme=2.1476 acc=0.9863 cells=158379
[ct_train] rechunked train graphs (seed=188)

=== Epoch 188/1000 ===
[train] loss=5.0650 cls=0.4518 cme=2.1513 acc=0.9854 cells=158379
[val]   loss=5.1956 eval=2.6140 cls=0.4084 cme=2.2056 acc=0.9759 cells=118036
[ct_train] early_stopping: no improve on val/eval_loss for 20/45 val checks
[ct_train] rechunked train graphs (seed=189)

=== Epoch 189/1000 ===
[train] loss=5.0681 cls=0.4511 cme=2.1531 acc=0.9854 cells=158379
[ct_train] rechunked train graphs (seed=190)

=== Epoch 190/1000 ===
[train] loss=5.0578 cls=0.4505 cme=2.1486 acc=0.9859 cells=158379
[val]   loss=5.1957 eval=2.6139 cls=0.4081 cme=2.2057 acc=0.9760 cells=118036
[ct_train] early_stopping: no improve on val/eval_loss for 21/45 val checks
[ct_train] rechunked train graphs (seed=191)

=== Epoch 191/1000 ===
[train] loss=5.0576 cls=0.4495 cme=2.1489 acc=0.9866 cells=158379
[ct_train] rechunked train graphs (seed=192)

=== Epoch 192/1000 ===
[train] loss=5.0572 cls=0.4497 cme=2.1487 acc=0.9864 cells=158379
[val]   loss=5.1962 eval=2.6142 cls=0.4083 cme=2.2059 acc=0.9758 cells=118036
[ct_train] early_stopping: no improve on val/eval_loss for 22/45 val checks
[ct_train] rechunked train graphs (seed=193)

=== Epoch 193/1000 ===
[train] loss=5.0508 cls=0.4492 cme=2.1459 acc=0.9864 cells=158379
[ct_train] rechunked train graphs (seed=194)

=== Epoch 194/1000 ===
[train] loss=5.0494 cls=0.4485 cme=2.1457 acc=0.9873 cells=158379
[val]   loss=5.1957 eval=2.6140 cls=0.4084 cme=2.2056 acc=0.9758 cells=118036
[ct_train] early_stopping: no improve on val/eval_loss for 23/45 val checks
[ct_train] rechunked train graphs (seed=195)

=== Epoch 195/1000 ===
[train] loss=5.0434 cls=0.4488 cme=2.1427 acc=0.9870 cells=158379
[ct_train] rechunked train graphs (seed=196)

=== Epoch 196/1000 ===
[train] loss=5.0436 cls=0.4485 cme=2.1430 acc=0.9870 cells=158379
[val]   loss=5.1952 eval=2.6139 cls=0.4086 cme=2.2052 acc=0.9758 cells=118036
[ct_train] early_stopping: no improve on val/eval_loss for 24/45 val checks
[ct_train] rechunked train graphs (seed=197)

=== Epoch 197/1000 ===
[train] loss=5.0388 cls=0.4484 cme=2.1408 acc=0.9866 cells=158379
[ct_train] rechunked train graphs (seed=198)

=== Epoch 198/1000 ===
[train] loss=5.0444 cls=0.4492 cme=2.1429 acc=0.9865 cells=158379
[val]   loss=5.1960 eval=2.6141 cls=0.4085 cme=2.2057 acc=0.9759 cells=118036
[ct_train] early_stopping: no improve on val/eval_loss for 25/45 val checks
[ct_train] rechunked train graphs (seed=199)

=== Epoch 199/1000 ===
[train] loss=5.0435 cls=0.4480 cme=2.1431 acc=0.9872 cells=158379
[ct_train] rechunked train graphs (seed=200)

=== Epoch 200/1000 ===
[train] loss=5.0480 cls=0.4484 cme=2.1450 acc=0.9869 cells=158379
[val]   loss=5.1970 eval=2.6148 cls=0.4088 cme=2.2061 acc=0.9759 cells=118036
[ct_train] early_stopping: no improve on val/eval_loss for 26/45 val checks
[ct_train] rechunked train graphs (seed=201)

=== Epoch 201/1000 ===
[train] loss=5.0385 cls=0.4484 cme=2.1407 acc=0.9870 cells=158379
[ct_train] rechunked train graphs (seed=202)

=== Epoch 202/1000 ===
[train] loss=5.0371 cls=0.4473 cme=2.1405 acc=0.9874 cells=158379
[val]   loss=5.1977 eval=2.6152 cls=0.4088 cme=2.2064 acc=0.9760 cells=118036
[ct_train] early_stopping: no improve on val/eval_loss for 27/45 val checks
[ct_train] rechunked train graphs (seed=203)

=== Epoch 203/1000 ===
[train] loss=5.0448 cls=0.4468 cme=2.1442 acc=0.9875 cells=158379
[ct_train] rechunked train graphs (seed=204)

=== Epoch 204/1000 ===
[train] loss=5.0353 cls=0.4476 cme=2.1396 acc=0.9871 cells=158379
[val]   loss=5.1982 eval=2.6155 cls=0.4090 cme=2.2065 acc=0.9760 cells=118036
[ct_train] early_stopping: no improve on val/eval_loss for 28/45 val checks
[ct_train] rechunked train graphs (seed=205)

=== Epoch 205/1000 ===
[train] loss=5.0308 cls=0.4473 cme=2.1376 acc=0.9876 cells=158379
[ct_train] rechunked train graphs (seed=206)

=== Epoch 206/1000 ===
[train] loss=5.0551 cls=0.4473 cme=2.1488 acc=0.9875 cells=158379
[val]   loss=5.1987 eval=2.6158 cls=0.4092 cme=2.2067 acc=0.9759 cells=118036
[ct_train] early_stopping: no improve on val/eval_loss for 29/45 val checks
[ct_train] rechunked train graphs (seed=207)

=== Epoch 207/1000 ===
[train] loss=5.0397 cls=0.4464 cme=2.1421 acc=0.9878 cells=158379
[ct_train] rechunked train graphs (seed=208)

=== Epoch 208/1000 ===
[train] loss=5.0365 cls=0.4458 cme=2.1410 acc=0.9880 cells=158379
[val]   loss=5.1996 eval=2.6163 cls=0.4092 cme=2.2071 acc=0.9760 cells=118036
[ct_train] early_stopping: no improve on val/eval_loss for 30/45 val checks
[ct_train] rechunked train graphs (seed=209)

=== Epoch 209/1000 ===
[train] loss=5.0334 cls=0.4461 cme=2.1393 acc=0.9880 cells=158379
[ct_train] rechunked train graphs (seed=210)

=== Epoch 210/1000 ===
[train] loss=5.0454 cls=0.4470 cme=2.1446 acc=0.9877 cells=158379
[val]   loss=5.1987 eval=2.6160 cls=0.4095 cme=2.2066 acc=0.9759 cells=118036
[ct_train] early_stopping: no improve on val/eval_loss for 31/45 val checks
[ct_train] rechunked train graphs (seed=211)

=== Epoch 211/1000 ===
[train] loss=5.0376 cls=0.4460 cme=2.1413 acc=0.9881 cells=158379
[ct_train] rechunked train graphs (seed=212)

=== Epoch 212/1000 ===
[train] loss=5.0390 cls=0.4473 cme=2.1414 acc=0.9875 cells=158379
[val]   loss=5.1980 eval=2.6157 cls=0.4094 cme=2.2062 acc=0.9759 cells=118036
[ct_train] early_stopping: no improve on val/eval_loss for 32/45 val checks
[ct_train] rechunked train graphs (seed=213)

=== Epoch 213/1000 ===
[train] loss=5.0209 cls=0.4454 cme=2.1339 acc=0.9876 cells=158379
[ct_train] rechunked train graphs (seed=214)

=== Epoch 214/1000 ===
[train] loss=5.0357 cls=0.4450 cme=2.1409 acc=0.9884 cells=158379
[val]   loss=5.1999 eval=2.6167 cls=0.4096 cme=2.2071 acc=0.9759 cells=118036
[ct_train] early_stopping: no improve on val/eval_loss for 33/45 val checks
[ct_train] rechunked train graphs (seed=215)

=== Epoch 215/1000 ===
[train] loss=5.0370 cls=0.4457 cme=2.1413 acc=0.9876 cells=158379
[ct_train] rechunked train graphs (seed=216)

=== Epoch 216/1000 ===
[train] loss=5.0258 cls=0.4445 cme=2.1365 acc=0.9884 cells=158379
[val]   loss=5.2002 eval=2.6168 cls=0.4096 cme=2.2072 acc=0.9759 cells=118036
[ct_train] early_stopping: no improve on val/eval_loss for 34/45 val checks
[ct_train] rechunked train graphs (seed=217)

=== Epoch 217/1000 ===
[train] loss=5.0358 cls=0.4450 cme=2.1410 acc=0.9884 cells=158379
[ct_train] rechunked train graphs (seed=218)

=== Epoch 218/1000 ===
[train] loss=5.0386 cls=0.4447 cme=2.1424 acc=0.9885 cells=158379
[val]   loss=5.2013 eval=2.6175 cls=0.4099 cme=2.2075 acc=0.9758 cells=118036
[ct_train] early_stopping: no improve on val/eval_loss for 35/45 val checks
[ct_train] rechunked train graphs (seed=219)

=== Epoch 219/1000 ===
[train] loss=5.0324 cls=0.4443 cme=2.1396 acc=0.9885 cells=158379
[ct_train] rechunked train graphs (seed=220)

=== Epoch 220/1000 ===
[train] loss=5.0393 cls=0.4442 cme=2.1430 acc=0.9882 cells=158379
[val]   loss=5.2015 eval=2.6178 cls=0.4104 cme=2.2074 acc=0.9757 cells=118036
[ct_train] early_stopping: no improve on val/eval_loss for 36/45 val checks
[ct_train] rechunked train graphs (seed=221)

=== Epoch 221/1000 ===
[train] loss=5.0222 cls=0.4435 cme=2.1354 acc=0.9888 cells=158379
[ct_train] rechunked train graphs (seed=222)

=== Epoch 222/1000 ===
[train] loss=5.0134 cls=0.4443 cme=2.1309 acc=0.9885 cells=158379
[val]   loss=5.2011 eval=2.6177 cls=0.4105 cme=2.2073 acc=0.9756 cells=118036
[ct_train] early_stopping: no improve on val/eval_loss for 37/45 val checks
[ct_train] rechunked train graphs (seed=223)

=== Epoch 223/1000 ===
[train] loss=5.0274 cls=0.4441 cme=2.1375 acc=0.9888 cells=158379
[ct_train] rechunked train graphs (seed=224)

=== Epoch 224/1000 ===
[train] loss=5.0360 cls=0.4434 cme=2.1418 acc=0.9889 cells=158379
[val]   loss=5.2023 eval=2.6183 cls=0.4104 cme=2.2078 acc=0.9758 cells=118036
[ct_train] early_stopping: no improve on val/eval_loss for 38/45 val checks
[ct_train] rechunked train graphs (seed=225)

=== Epoch 225/1000 ===
[train] loss=5.0285 cls=0.4435 cme=2.1384 acc=0.9888 cells=158379
[ct_train] rechunked train graphs (seed=226)

=== Epoch 226/1000 ===
[train] loss=5.0358 cls=0.4439 cme=2.1414 acc=0.9888 cells=158379
[val]   loss=5.2024 eval=2.6184 cls=0.4107 cme=2.2078 acc=0.9756 cells=118036
[ct_train] early_stopping: no improve on val/eval_loss for 39/45 val checks
[ct_train] rechunked train graphs (seed=227)

=== Epoch 227/1000 ===
[train] loss=5.0239 cls=0.4451 cme=2.1355 acc=0.9882 cells=158379
[ct_train] rechunked train graphs (seed=228)

=== Epoch 228/1000 ===
[train] loss=5.0291 cls=0.4446 cme=2.1380 acc=0.9883 cells=158379
[val]   loss=5.2028 eval=2.6186 cls=0.4108 cme=2.2078 acc=0.9758 cells=118036
[ct_train] early_stopping: no improve on val/eval_loss for 40/45 val checks
[ct_train] rechunked train graphs (seed=229)

=== Epoch 229/1000 ===
[train] loss=5.0269 cls=0.4438 cme=2.1374 acc=0.9889 cells=158379
[ct_train] rechunked train graphs (seed=230)

=== Epoch 230/1000 ===
[train] loss=5.0210 cls=0.4434 cme=2.1349 acc=0.9889 cells=158379
[val]   loss=5.2038 eval=2.6192 cls=0.4110 cme=2.2082 acc=0.9757 cells=118036
[ct_train] early_stopping: no improve on val/eval_loss for 41/45 val checks
[ct_train] rechunked train graphs (seed=231)

=== Epoch 231/1000 ===
[train] loss=5.0088 cls=0.4430 cme=2.1294 acc=0.9890 cells=158379
[ct_train] rechunked train graphs (seed=232)

=== Epoch 232/1000 ===
[train] loss=5.0298 cls=0.4431 cme=2.1391 acc=0.9889 cells=158379
[val]   loss=5.2045 eval=2.6197 cls=0.4110 cme=2.2086 acc=0.9757 cells=118036
[ct_train] early_stopping: no improve on val/eval_loss for 42/45 val checks
[ct_train] rechunked train graphs (seed=233)

=== Epoch 233/1000 ===
[train] loss=5.0315 cls=0.4435 cme=2.1396 acc=0.9891 cells=158379
[ct_train] rechunked train graphs (seed=234)

=== Epoch 234/1000 ===
[train] loss=5.0317 cls=0.4442 cme=2.1395 acc=0.9885 cells=158379
[val]   loss=5.2053 eval=2.6200 cls=0.4109 cme=2.2091 acc=0.9758 cells=118036
[ct_train] early_stopping: no improve on val/eval_loss for 43/45 val checks
[ct_train] rechunked train graphs (seed=235)

=== Epoch 235/1000 ===
[train] loss=5.0242 cls=0.4427 cme=2.1367 acc=0.9889 cells=158379
[ct_train] rechunked train graphs (seed=236)

=== Epoch 236/1000 ===
[train] loss=5.0247 cls=0.4425 cme=2.1370 acc=0.9891 cells=158379
[val]   loss=5.2057 eval=2.6201 cls=0.4109 cme=2.2092 acc=0.9759 cells=118036
[ct_train] early_stopping: no improve on val/eval_loss for 44/45 val checks
[ct_train] rechunked train graphs (seed=237)

=== Epoch 237/1000 ===
[train] loss=5.0325 cls=0.4433 cme=2.1402 acc=0.9891 cells=158379
[ct_train] rechunked train graphs (seed=238)

=== Epoch 238/1000 ===
[train] loss=5.0124 cls=0.4420 cme=2.1315 acc=0.9893 cells=158379
[val]   loss=5.2058 eval=2.6203 cls=0.4111 cme=2.2092 acc=0.9759 cells=118036
[ct_train] early_stopping: no improve on val/eval_loss for 45/45 val checks
[ct_train] early stopping at epoch 238 (patience=45, monitor=val/eval_loss)

[ct_train] done. best_val_acc=0.9760  best_val_eval_loss=2.6107  checkpoints=/home/abel/code/Tissue-Reassembly-using-GenAI-and-new-metrics/exploration/cell_types/outputs/exp133_ls006_lr185  logs=/home/abel/code/Tissue-Reassembly-using-GenAI-and-new-metrics/exploration/cell_types/logs/exp133_ls006_lr185/20260808_061147
wandb: updating run metadata
wandb: uploading output.log; uploading wandb-summary.json; uploading config.yaml
wandb: uploading output.log; uploading wandb-summary.json
wandb: 
wandb: Run summary:
wandb:                      best_epoch 148
wandb:                    best_val_acc 0.97603
wandb:              best_val_eval_loss 2.61069
wandb:                           epoch 238
wandb:                              lr 0.00018
wandb:           model/parameter_count 1305308
wandb: model/trainable_parameter_count 1305308
wandb:                       train/acc 0.98934
wandb:       train/acc_per_class/Astro 0.99316
wandb:        train/acc_per_class/Endo 0.9872
wandb:                             +54 ...
wandb: 
wandb:  View run exp133_ls006_lr185 at: https://wandb.ai/abel-salmona-polytechnique-montr-al/cell_types/runs/iyhqcej3
wandb:  View project at: https://wandb.ai/abel-salmona-polytechnique-montr-al/cell_types
wandb: Synced 5 W&B file(s), 1 media file(s), 2 artifact file(s) and 1 other file(s)
wandb: Find logs at: ./exploration/cell_types/logs/exp133_ls006_lr185/20260808_061147/wandb/run-20260808_061156-iyhqcej3/logs
