[ct_train] config=exploration/cell_types/experiments/configs/exp193_kd_div2_179.json
[ct_train] device=cuda  checkpoints=/home/abel/code/Tissue-Reassembly-using-GenAI-and-new-metrics/exploration/cell_types/outputs/exp193_kd_div2_179
[ct_train] logs=/home/abel/code/Tissue-Reassembly-using-GenAI-and-new-metrics/exploration/cell_types/logs/exp193_kd_div2_179/20260808_114622
[ct_train] Loading data …
[DataModule] Reading '/home/abel/biodata/MERFISH_LUNA_small_cortex/MERFISH_mouse_cortex_train.csv' (split=train) with float32 dtype on 254 gene cols + coord cols …
[DataModule] Loaded 158,379 rows for split=train.
[DataModule] Reading '/home/abel/biodata/MERFISH_LUNA_small_cortex/MERFISH_mouse_cortex_test.csv' (split=test) with float32 dtype on 254 gene cols + coord cols …
[DataModule] Loaded 118,036 rows for split=test.
[DataModule] Reading '/home/abel/biodata/MERFISH_LUNA_small_cortex/MERFISH_mouse_cortex_test.csv' (split=validation) with float32 dtype on 254 gene cols + coord cols …
[DataModule] Loaded 118,036 rows for split=validation.
[ct_train] genes=254  classes=23
[ct_train] model predict_cme=True  params=1,305,308
[ct_train] initialized student from /home/abel/code/Tissue-Reassembly-using-GenAI-and-new-metrics/exploration/cell_types/outputs/exp188_kd_diverse/best.pt
[ct_train] teacher loaded: /home/abel/code/Tissue-Reassembly-using-GenAI-and-new-metrics/exploration/cell_types/outputs/exp188_kd_diverse/best.pt
[ct_train] teacher loaded: /home/abel/code/Tissue-Reassembly-using-GenAI-and-new-metrics/exploration/cell_types/outputs/exp157_cls_w09/best.pt
[ct_train] teacher loaded: /home/abel/code/Tissue-Reassembly-using-GenAI-and-new-metrics/exploration/cell_types/outputs/exp179_kd_gen4_T15/best.pt
[ct_train] distillation ON: n_teachers=3 hard_w=0.2 kd_cls=2.0 kd_cme=3.0 T=1.5
[ct_train] soft CME loaded split=train sigma=96.0 n=158379 C=23
[ct_train] soft CME loaded split=validation sigma=96.0 n=118036 C=23
[ct_train] soft CME loaded split=train sigma=50.0 n=158379 C=23
[ct_train] soft CME loaded split=train sigma=64.0 n=158379 C=23
[ct_train] soft CME loaded split=validation sigma=50.0 n=118036 C=23
[ct_train] soft CME loaded split=validation sigma=64.0 n=118036 C=23
wandb: [wandb.login()] Loaded credentials for https://api.wandb.ai from /home/abel/.netrc.
wandb: Currently logged in as: abel-salmona (abel-salmona-polytechnique-montr-al) to https://api.wandb.ai. Use `wandb login --relogin` to force relogin
wandb: WARNING Using a boolean value for 'reinit' is deprecated. Use 'return_previous' or 'finish_previous' instead.
wandb: Tracking run with wandb version 0.26.1
wandb: Run data is saved locally in /home/abel/code/Tissue-Reassembly-using-GenAI-and-new-metrics/exploration/cell_types/logs/exp193_kd_div2_179/20260808_114622/wandb/run-20260808_114631-s3snqh1v
wandb: Run `wandb offline` to turn off syncing.
wandb: Syncing run exp193_kd_div2_179
wandb:  View project at https://wandb.ai/abel-salmona-polytechnique-montr-al/cell_types
wandb:  View run at https://wandb.ai/abel-salmona-polytechnique-montr-al/cell_types/runs/s3snqh1v
wandb: WARNING Saving files without folders. If you want to preserve subdirectories pass base_path to wandb.save, i.e. wandb.save("/mnt/folder/file.h5", base_path="/mnt")
wandb: WARNING Symlinked 1 file into the W&B run directory; call wandb.save again to sync new files.
[ct_train] wandb: project=cell_types name=exp193_kd_div2_179 mode=online url=https://wandb.ai/abel-salmona-polytechnique-montr-al/cell_types/runs/s3snqh1v
[ct_train] parameters: total=1,305,308 trainable=1,305,308
  [params] mlp_in_node_features: 26,720
  [params] transformer_layers: 633,600
  [params] type_stage1: 28,320
  [params] env_stage1: 93,056
  [params] type_probe: 2,231
  [params] env_probe: 7,383
  [params] fusion_mlp: 383,008
  [params] type_stage2: 30,551
  [params] env_stage2: 100,439
[ct_train] EMA enabled decay=0.98
[ct_train] rechunked train graphs (seed=1)

=== Epoch 1/1000 ===
wandb: updating run metadata; uploading artifact run-s3snqh1v-modelparameters_by_component_table-whMY9Q
wandb: uploading artifact run-s3snqh1v-modelparameters_by_component_table-whMY9Q
wandb: uploading history steps 0-0, summary, console lines 1-16
wandb: 
wandb: Run summary:
wandb:           model/parameter_count 1305308
wandb: model/trainable_parameter_count 1305308
wandb: 
wandb:  View run exp193_kd_div2_179 at: https://wandb.ai/abel-salmona-polytechnique-montr-al/cell_types/runs/s3snqh1v
wandb:  View project at: https://wandb.ai/abel-salmona-polytechnique-montr-al/cell_types
wandb: Synced 5 W&B file(s), 1 media file(s), 2 artifact file(s) and 1 other file(s)
wandb: Find logs at: ./exploration/cell_types/logs/exp193_kd_div2_179/20260808_114622/wandb/run-20260808_114631-s3snqh1v/logs
Traceback (most recent call last):
  File "/home/abel/code/Tissue-Reassembly-using-GenAI-and-new-metrics/exploration/cell_types/ct_train.py", line 1432, in <module>
    main()
  File "/home/abel/code/Tissue-Reassembly-using-GenAI-and-new-metrics/exploration/cell_types/ct_train.py", line 1174, in main
    train_metrics = run_epoch(
  File "/home/abel/code/Tissue-Reassembly-using-GenAI-and-new-metrics/exploration/cell_types/ct_train.py", line 857, in run_epoch
    outputs = model(batch)
  File "/home/abel/miniconda3/envs/LUNA/lib/python3.9/site-packages/torch/nn/modules/module.py", line 1773, in _wrapped_call_impl
    return self._call_impl(*args, **kwargs)
  File "/home/abel/miniconda3/envs/LUNA/lib/python3.9/site-packages/torch/nn/modules/module.py", line 1784, in _call_impl
    return forward_call(*args, **kwargs)
  File "/home/abel/code/Tissue-Reassembly-using-GenAI-and-new-metrics/exploration/cell_types/ct_transformer.py", line 711, in forward
    f = self.fusion_mlp(fused_in)
  File "/home/abel/miniconda3/envs/LUNA/lib/python3.9/site-packages/torch/nn/modules/module.py", line 1773, in _wrapped_call_impl
    return self._call_impl(*args, **kwargs)
  File "/home/abel/miniconda3/envs/LUNA/lib/python3.9/site-packages/torch/nn/modules/module.py", line 1784, in _call_impl
    return forward_call(*args, **kwargs)
  File "/home/abel/miniconda3/envs/LUNA/lib/python3.9/site-packages/torch/nn/modules/container.py", line 244, in forward
    input = module(input)
  File "/home/abel/miniconda3/envs/LUNA/lib/python3.9/site-packages/torch/nn/modules/module.py", line 1773, in _wrapped_call_impl
    return self._call_impl(*args, **kwargs)
  File "/home/abel/miniconda3/envs/LUNA/lib/python3.9/site-packages/torch/nn/modules/module.py", line 1784, in _call_impl
    return forward_call(*args, **kwargs)
  File "/home/abel/miniconda3/envs/LUNA/lib/python3.9/site-packages/torch/nn/modules/linear.py", line 125, in forward
    return F.linear(input, self.weight, self.bias)
torch.OutOfMemoryError: CUDA out of memory. Tried to allocate 18.00 MiB. GPU 0 has a total capacity of 139.72 GiB of which 9.12 MiB is free. Process 710873 has 138.33 GiB memory in use. Including non-PyTorch memory, this process has 1.37 GiB memory in use. Of the allocated memory 651.33 MiB is allocated by PyTorch, and 78.67 MiB is reserved by PyTorch but unallocated. If reserved but unallocated memory is large try setting PYTORCH_CUDA_ALLOC_CONF=expandable_segments:True to avoid fragmentation.  See documentation for Memory Management  (https://pytorch.org/docs/stable/notes/cuda.html#environment-variables)
Traceback (most recent call last):
  File "/home/abel/code/Tissue-Reassembly-using-GenAI-and-new-metrics/exploration/cell_types/ct_train.py", line 1432, in <module>
    main()
  File "/home/abel/code/Tissue-Reassembly-using-GenAI-and-new-metrics/exploration/cell_types/ct_train.py", line 1174, in main
    train_metrics = run_epoch(
  File "/home/abel/code/Tissue-Reassembly-using-GenAI-and-new-metrics/exploration/cell_types/ct_train.py", line 857, in run_epoch
    outputs = model(batch)
  File "/home/abel/miniconda3/envs/LUNA/lib/python3.9/site-packages/torch/nn/modules/module.py", line 1773, in _wrapped_call_impl
    return self._call_impl(*args, **kwargs)
  File "/home/abel/miniconda3/envs/LUNA/lib/python3.9/site-packages/torch/nn/modules/module.py", line 1784, in _call_impl
    return forward_call(*args, **kwargs)
  File "/home/abel/code/Tissue-Reassembly-using-GenAI-and-new-metrics/exploration/cell_types/ct_transformer.py", line 711, in forward
    f = self.fusion_mlp(fused_in)
  File "/home/abel/miniconda3/envs/LUNA/lib/python3.9/site-packages/torch/nn/modules/module.py", line 1773, in _wrapped_call_impl
    return self._call_impl(*args, **kwargs)
  File "/home/abel/miniconda3/envs/LUNA/lib/python3.9/site-packages/torch/nn/modules/module.py", line 1784, in _call_impl
    return forward_call(*args, **kwargs)
  File "/home/abel/miniconda3/envs/LUNA/lib/python3.9/site-packages/torch/nn/modules/container.py", line 244, in forward
    input = module(input)
  File "/home/abel/miniconda3/envs/LUNA/lib/python3.9/site-packages/torch/nn/modules/module.py", line 1773, in _wrapped_call_impl
    return self._call_impl(*args, **kwargs)
  File "/home/abel/miniconda3/envs/LUNA/lib/python3.9/site-packages/torch/nn/modules/module.py", line 1784, in _call_impl
    return forward_call(*args, **kwargs)
  File "/home/abel/miniconda3/envs/LUNA/lib/python3.9/site-packages/torch/nn/modules/linear.py", line 125, in forward
    return F.linear(input, self.weight, self.bias)
torch.OutOfMemoryError: CUDA out of memory. Tried to allocate 18.00 MiB. GPU 0 has a total capacity of 139.72 GiB of which 9.12 MiB is free. Process 710873 has 138.33 GiB memory in use. Including non-PyTorch memory, this process has 1.37 GiB memory in use. Of the allocated memory 651.33 MiB is allocated by PyTorch, and 78.67 MiB is reserved by PyTorch but unallocated. If reserved but unallocated memory is large try setting PYTORCH_CUDA_ALLOC_CONF=expandable_segments:True to avoid fragmentation.  See documentation for Memory Management  (https://pytorch.org/docs/stable/notes/cuda.html#environment-variables)
