[ct_train] config=exploration/cell_types/experiments/configs/exp041_g8192_fus_ms.json
[ct_train] device=cuda  checkpoints=/home/abel/code/Tissue-Reassembly-using-GenAI-and-new-metrics/exploration/cell_types/outputs/exp041_g8192_fus_ms
[ct_train] logs=/home/abel/code/Tissue-Reassembly-using-GenAI-and-new-metrics/exploration/cell_types/logs/exp041_g8192_fus_ms/20260807_213602
[ct_train] Loading data …
[DataModule] Reading '/home/abel/biodata/MERFISH_LUNA_small_cortex/MERFISH_mouse_cortex_train.csv' (split=train) with float32 dtype on 254 gene cols + coord cols …
[DataModule] Loaded 158,379 rows for split=train.
[DataModule] Reading '/home/abel/biodata/MERFISH_LUNA_small_cortex/MERFISH_mouse_cortex_test.csv' (split=test) with float32 dtype on 254 gene cols + coord cols …
[DataModule] Loaded 118,036 rows for split=test.
[DataModule] Reading '/home/abel/biodata/MERFISH_LUNA_small_cortex/MERFISH_mouse_cortex_test.csv' (split=validation) with float32 dtype on 254 gene cols + coord cols …
[DataModule] Loaded 118,036 rows for split=validation.
[ct_train] genes=254  classes=23
[ct_train] model predict_cme=True  params=1,272,988
[ct_train] soft CME loaded split=train sigma=96.0 n=158379 C=23
[ct_train] soft CME loaded split=validation sigma=96.0 n=118036 C=23
[ct_train] soft CME loaded split=train sigma=50.0 n=158379 C=23
[ct_train] soft CME loaded split=train sigma=64.0 n=158379 C=23
[ct_train] soft CME loaded split=validation sigma=50.0 n=118036 C=23
[ct_train] soft CME loaded split=validation sigma=64.0 n=118036 C=23
wandb: [wandb.login()] Loaded credentials for https://api.wandb.ai from /home/abel/.netrc.
wandb: Currently logged in as: abel-salmona (abel-salmona-polytechnique-montr-al) to https://api.wandb.ai. Use `wandb login --relogin` to force relogin
wandb: WARNING Using a boolean value for 'reinit' is deprecated. Use 'return_previous' or 'finish_previous' instead.
wandb: Tracking run with wandb version 0.26.1
wandb: Run data is saved locally in /home/abel/code/Tissue-Reassembly-using-GenAI-and-new-metrics/exploration/cell_types/logs/exp041_g8192_fus_ms/20260807_213602/wandb/run-20260807_213610-ght4dtrs
wandb: Run `wandb offline` to turn off syncing.
wandb: Syncing run exp041_g8192_fus_ms
wandb:  View project at https://wandb.ai/abel-salmona-polytechnique-montr-al/cell_types
wandb:  View run at https://wandb.ai/abel-salmona-polytechnique-montr-al/cell_types/runs/ght4dtrs
wandb: WARNING Saving files without folders. If you want to preserve subdirectories pass base_path to wandb.save, i.e. wandb.save("/mnt/folder/file.h5", base_path="/mnt")
wandb: WARNING Symlinked 1 file into the W&B run directory; call wandb.save again to sync new files.
[ct_train] wandb: project=cell_types name=exp041_g8192_fus_ms mode=online url=https://wandb.ai/abel-salmona-polytechnique-montr-al/cell_types/runs/ght4dtrs
[ct_train] parameters: total=1,272,988 trainable=1,272,988
  [params] mlp_in_node_features: 26,720
  [params] transformer_layers: 633,600
  [params] type_stage1: 19,072
  [params] env_stage1: 93,056
  [params] type_probe: 1,495
  [params] env_probe: 7,383
  [params] fusion_mlp: 370,656
  [params] type_stage2: 20,567
  [params] env_stage2: 100,439
[ct_train] rechunked train graphs (seed=1)

=== Epoch 1/1000 ===
[train] loss=8.8802 cls=2.7936 cme=2.7668 acc=0.1738 cells=158379
[ct_train] rechunked train graphs (seed=2)

=== Epoch 2/1000 ===
[train] loss=7.7060 cls=2.0869 cme=2.5565 acc=0.5039 cells=158379
[val]   loss=6.9411 eval=3.9907 cls=1.5246 cme=2.4661 acc=0.7128 cells=118036
[ct_train] saved best checkpoint (val_eval_loss=3.9907 val_acc=0.7128)
[ct_train] rechunked train graphs (seed=3)

=== Epoch 3/1000 ===
[train] loss=6.8165 cls=1.4650 cme=2.4368 acc=0.7013 cells=158379
[ct_train] rechunked train graphs (seed=4)

=== Epoch 4/1000 ===
[train] loss=6.3084 cls=1.0745 cme=2.3842 acc=0.8115 cells=158379
[val]   loss=5.9447 eval=3.1169 cls=0.7501 cme=2.3668 acc=0.8971 cells=118036
[ct_train] saved best checkpoint (val_eval_loss=3.1169 val_acc=0.8971)
[ct_train] rechunked train graphs (seed=5)

=== Epoch 5/1000 ===
[train] loss=6.0473 cls=0.8693 cme=2.3591 acc=0.8703 cells=158379
[ct_train] rechunked train graphs (seed=6)

=== Epoch 6/1000 ===
[train] loss=5.8787 cls=0.7530 cme=2.3356 acc=0.8994 cells=158379
[val]   loss=5.6820 eval=2.9019 cls=0.5742 cme=2.3277 acc=0.9349 cells=118036
[ct_train] saved best checkpoint (val_eval_loss=2.9019 val_acc=0.9349)
[ct_train] rechunked train graphs (seed=7)

=== Epoch 7/1000 ===
[train] loss=5.7869 cls=0.6886 cme=2.3232 acc=0.9171 cells=158379
[ct_train] rechunked train graphs (seed=8)

=== Epoch 8/1000 ===
[train] loss=5.7150 cls=0.6483 cme=2.3090 acc=0.9295 cells=158379
[val]   loss=5.5796 eval=2.8271 cls=0.5227 cme=2.3044 acc=0.9491 cells=118036
[ct_train] saved best checkpoint (val_eval_loss=2.8271 val_acc=0.9491)
[ct_train] rechunked train graphs (seed=9)

=== Epoch 9/1000 ===
[train] loss=5.6719 cls=0.6203 cme=2.3021 acc=0.9375 cells=158379
[ct_train] rechunked train graphs (seed=10)

=== Epoch 10/1000 ===
[train] loss=5.6229 cls=0.6003 cme=2.2891 acc=0.9419 cells=158379
[val]   loss=5.5052 eval=2.7785 cls=0.4948 cme=2.2838 acc=0.9564 cells=118036
[ct_train] saved best checkpoint (val_eval_loss=2.7785 val_acc=0.9564)
[ct_train] rechunked train graphs (seed=11)

=== Epoch 11/1000 ===
[train] loss=5.6037 cls=0.5867 cme=2.2866 acc=0.9451 cells=158379
[ct_train] rechunked train graphs (seed=12)

=== Epoch 12/1000 ===
[train] loss=5.5719 cls=0.5737 cme=2.2782 acc=0.9475 cells=158379
[val]   loss=5.4834 eval=2.7637 cls=0.4860 cme=2.2777 acc=0.9579 cells=118036
[ct_train] saved best checkpoint (val_eval_loss=2.7637 val_acc=0.9579)
[ct_train] rechunked train graphs (seed=13)

=== Epoch 13/1000 ===
[train] loss=5.5536 cls=0.5654 cme=2.2737 acc=0.9503 cells=158379
[ct_train] rechunked train graphs (seed=14)

=== Epoch 14/1000 ===
[train] loss=5.5453 cls=0.5568 cme=2.2737 acc=0.9518 cells=158379
[val]   loss=5.4503 eval=2.7439 cls=0.4775 cme=2.2664 acc=0.9604 cells=118036
[ct_train] saved best checkpoint (val_eval_loss=2.7439 val_acc=0.9604)
[ct_train] rechunked train graphs (seed=15)

=== Epoch 15/1000 ===
[train] loss=5.5105 cls=0.5497 cme=2.2614 acc=0.9535 cells=158379
[ct_train] rechunked train graphs (seed=16)

=== Epoch 16/1000 ===
[train] loss=5.5124 cls=0.5445 cme=2.2645 acc=0.9541 cells=158379
[val]   loss=5.4415 eval=2.7381 cls=0.4733 cme=2.2647 acc=0.9615 cells=118036
[ct_train] saved best checkpoint (val_eval_loss=2.7381 val_acc=0.9615)
[ct_train] rechunked train graphs (seed=17)

=== Epoch 17/1000 ===
[train] loss=5.4983 cls=0.5392 cme=2.2606 acc=0.9555 cells=158379
[ct_train] rechunked train graphs (seed=18)

=== Epoch 18/1000 ===
[train] loss=5.4991 cls=0.5362 cme=2.2622 acc=0.9563 cells=158379
[val]   loss=5.4128 eval=2.7214 cls=0.4669 cme=2.2545 acc=0.9630 cells=118036
[ct_train] saved best checkpoint (val_eval_loss=2.7214 val_acc=0.9630)
[ct_train] rechunked train graphs (seed=19)

=== Epoch 19/1000 ===
[train] loss=5.4658 cls=0.5310 cme=2.2497 acc=0.9570 cells=158379
[ct_train] rechunked train graphs (seed=20)

=== Epoch 20/1000 ===
[train] loss=5.4620 cls=0.5280 cme=2.2492 acc=0.9581 cells=158379
[val]   loss=5.4013 eval=2.7142 cls=0.4632 cme=2.2511 acc=0.9640 cells=118036
[ct_train] saved best checkpoint (val_eval_loss=2.7142 val_acc=0.9640)
[ct_train] rechunked train graphs (seed=21)

=== Epoch 21/1000 ===
[train] loss=5.4648 cls=0.5262 cme=2.2513 acc=0.9589 cells=158379
[ct_train] rechunked train graphs (seed=22)

=== Epoch 22/1000 ===
[train] loss=5.4434 cls=0.5204 cme=2.2443 acc=0.9598 cells=158379
[val]   loss=5.3999 eval=2.7130 cls=0.4616 cme=2.2515 acc=0.9644 cells=118036
[ct_train] saved best checkpoint (val_eval_loss=2.7130 val_acc=0.9644)
[ct_train] rechunked train graphs (seed=23)

=== Epoch 23/1000 ===
[train] loss=5.4317 cls=0.5169 cme=2.2406 acc=0.9604 cells=158379
[ct_train] rechunked train graphs (seed=24)

=== Epoch 24/1000 ===
[train] loss=5.4338 cls=0.5140 cme=2.2428 acc=0.9609 cells=158379
[val]   loss=5.3765 eval=2.6978 cls=0.4536 cme=2.2441 acc=0.9658 cells=118036
[ct_train] saved best checkpoint (val_eval_loss=2.6978 val_acc=0.9658)
[ct_train] rechunked train graphs (seed=25)

=== Epoch 25/1000 ===
[train] loss=5.4133 cls=0.5118 cme=2.2347 acc=0.9615 cells=158379
[ct_train] rechunked train graphs (seed=26)

=== Epoch 26/1000 ===
[train] loss=5.4184 cls=0.5069 cme=2.2391 acc=0.9627 cells=158379
[val]   loss=5.3705 eval=2.6936 cls=0.4513 cme=2.2423 acc=0.9667 cells=118036
[ct_train] saved best checkpoint (val_eval_loss=2.6936 val_acc=0.9667)
[ct_train] rechunked train graphs (seed=27)

=== Epoch 27/1000 ===
[train] loss=5.4187 cls=0.5065 cme=2.2395 acc=0.9628 cells=158379
[ct_train] rechunked train graphs (seed=28)

=== Epoch 28/1000 ===
[train] loss=5.4140 cls=0.5043 cme=2.2383 acc=0.9636 cells=158379
[val]   loss=5.3609 eval=2.6896 cls=0.4519 cme=2.2377 acc=0.9668 cells=118036
[ct_train] saved best checkpoint (val_eval_loss=2.6896 val_acc=0.9668)
[ct_train] rechunked train graphs (seed=29)

=== Epoch 29/1000 ===
[train] loss=5.4047 cls=0.5020 cme=2.2352 acc=0.9638 cells=158379
[ct_train] rechunked train graphs (seed=30)

=== Epoch 30/1000 ===
[train] loss=5.4041 cls=0.4983 cme=2.2365 acc=0.9651 cells=158379
[val]   loss=5.3548 eval=2.6842 cls=0.4468 cme=2.2374 acc=0.9679 cells=118036
[ct_train] saved best checkpoint (val_eval_loss=2.6842 val_acc=0.9679)
[ct_train] rechunked train graphs (seed=31)

=== Epoch 31/1000 ===
[train] loss=5.3808 cls=0.4981 cme=2.2261 acc=0.9649 cells=158379
[ct_train] rechunked train graphs (seed=32)

=== Epoch 32/1000 ===
[train] loss=5.3847 cls=0.4956 cme=2.2291 acc=0.9652 cells=158379
[val]   loss=5.3448 eval=2.6792 cls=0.4459 cme=2.2333 acc=0.9683 cells=118036
[ct_train] saved best checkpoint (val_eval_loss=2.6792 val_acc=0.9683)
[ct_train] rechunked train graphs (seed=33)

=== Epoch 33/1000 ===
[train] loss=5.3832 cls=0.4951 cme=2.2285 acc=0.9657 cells=158379
[ct_train] rechunked train graphs (seed=34)

=== Epoch 34/1000 ===
[train] loss=5.3737 cls=0.4927 cme=2.2254 acc=0.9662 cells=158379
[val]   loss=5.3482 eval=2.6815 cls=0.4475 cme=2.2340 acc=0.9683 cells=118036
[ct_train] early_stopping: no improve on val/eval_loss for 1/36 val checks
[ct_train] rechunked train graphs (seed=35)

=== Epoch 35/1000 ===
[train] loss=5.3702 cls=0.4898 cme=2.2251 acc=0.9664 cells=158379
[ct_train] rechunked train graphs (seed=36)

=== Epoch 36/1000 ===
[train] loss=5.3819 cls=0.4900 cme=2.2303 acc=0.9665 cells=158379
[val]   loss=5.3330 eval=2.6718 cls=0.4422 cme=2.2296 acc=0.9688 cells=118036
[ct_train] saved best checkpoint (val_eval_loss=2.6718 val_acc=0.9688)
[ct_train] rechunked train graphs (seed=37)

=== Epoch 37/1000 ===
[train] loss=5.3608 cls=0.4861 cme=2.2226 acc=0.9675 cells=158379
[ct_train] rechunked train graphs (seed=38)

=== Epoch 38/1000 ===
[train] loss=5.3628 cls=0.4877 cme=2.2226 acc=0.9678 cells=158379
[val]   loss=5.3305 eval=2.6705 cls=0.4419 cme=2.2286 acc=0.9692 cells=118036
[ct_train] saved best checkpoint (val_eval_loss=2.6705 val_acc=0.9692)
[ct_train] rechunked train graphs (seed=39)

=== Epoch 39/1000 ===
[train] loss=5.3538 cls=0.4838 cme=2.2205 acc=0.9680 cells=158379
[ct_train] rechunked train graphs (seed=40)

=== Epoch 40/1000 ===
[train] loss=5.3479 cls=0.4830 cme=2.2180 acc=0.9683 cells=158379
[val]   loss=5.3275 eval=2.6676 cls=0.4389 cme=2.2287 acc=0.9698 cells=118036
[ct_train] saved best checkpoint (val_eval_loss=2.6676 val_acc=0.9698)
[ct_train] rechunked train graphs (seed=41)

=== Epoch 41/1000 ===
[train] loss=5.3462 cls=0.4818 cme=2.2179 acc=0.9685 cells=158379
[ct_train] rechunked train graphs (seed=42)

=== Epoch 42/1000 ===
[train] loss=5.3498 cls=0.4803 cme=2.2202 acc=0.9687 cells=158379
[val]   loss=5.3216 eval=2.6645 cls=0.4381 cme=2.2264 acc=0.9700 cells=118036
[ct_train] saved best checkpoint (val_eval_loss=2.6645 val_acc=0.9700)
[ct_train] rechunked train graphs (seed=43)

=== Epoch 43/1000 ===
[train] loss=5.3310 cls=0.4790 cme=2.2123 acc=0.9689 cells=158379
[ct_train] rechunked train graphs (seed=44)

=== Epoch 44/1000 ===
[train] loss=5.3281 cls=0.4779 cme=2.2115 acc=0.9696 cells=158379
[val]   loss=5.3182 eval=2.6624 cls=0.4367 cme=2.2257 acc=0.9705 cells=118036
[ct_train] saved best checkpoint (val_eval_loss=2.6624 val_acc=0.9705)
[ct_train] rechunked train graphs (seed=45)

=== Epoch 45/1000 ===
[train] loss=5.3264 cls=0.4768 cme=2.2113 acc=0.9696 cells=158379
[ct_train] rechunked train graphs (seed=46)

=== Epoch 46/1000 ===
[train] loss=5.3201 cls=0.4763 cme=2.2086 acc=0.9694 cells=158379
[val]   loss=5.3230 eval=2.6645 cls=0.4369 cme=2.2276 acc=0.9701 cells=118036
[ct_train] early_stopping: no improve on val/eval_loss for 1/36 val checks
[ct_train] rechunked train graphs (seed=47)

=== Epoch 47/1000 ===
[train] loss=5.3249 cls=0.4750 cme=2.2113 acc=0.9701 cells=158379
[ct_train] rechunked train graphs (seed=48)

=== Epoch 48/1000 ===
[train] loss=5.3152 cls=0.4730 cme=2.2079 acc=0.9706 cells=158379
[val]   loss=5.3083 eval=2.6563 cls=0.4339 cme=2.2224 acc=0.9708 cells=118036
[ct_train] saved best checkpoint (val_eval_loss=2.6563 val_acc=0.9708)
[ct_train] rechunked train graphs (seed=49)

=== Epoch 49/1000 ===
[train] loss=5.3183 cls=0.4723 cme=2.2097 acc=0.9705 cells=158379
[ct_train] rechunked train graphs (seed=50)

=== Epoch 50/1000 ===
[train] loss=5.3195 cls=0.4717 cme=2.2105 acc=0.9711 cells=158379
[val]   loss=5.3113 eval=2.6579 cls=0.4342 cme=2.2238 acc=0.9706 cells=118036
[ct_train] early_stopping: no improve on val/eval_loss for 1/36 val checks
[ct_train] rechunked train graphs (seed=51)

=== Epoch 51/1000 ===
[train] loss=5.3100 cls=0.4698 cme=2.2071 acc=0.9714 cells=158379
[ct_train] rechunked train graphs (seed=52)

=== Epoch 52/1000 ===
[train] loss=5.3160 cls=0.4707 cme=2.2092 acc=0.9710 cells=158379
[val]   loss=5.3109 eval=2.6573 cls=0.4334 cme=2.2239 acc=0.9707 cells=118036
[ct_train] early_stopping: no improve on val/eval_loss for 2/36 val checks
[ct_train] rechunked train graphs (seed=53)

=== Epoch 53/1000 ===
[train] loss=5.3029 cls=0.4695 cme=2.2040 acc=0.9712 cells=158379
[ct_train] rechunked train graphs (seed=54)

=== Epoch 54/1000 ===
[train] loss=5.3046 cls=0.4687 cme=2.2050 acc=0.9715 cells=158379
[val]   loss=5.3067 eval=2.6549 cls=0.4325 cme=2.2224 acc=0.9717 cells=118036
[ct_train] saved best checkpoint (val_eval_loss=2.6549 val_acc=0.9717)
[ct_train] rechunked train graphs (seed=55)

=== Epoch 55/1000 ===
[train] loss=5.2983 cls=0.4674 cme=2.2028 acc=0.9718 cells=158379
[ct_train] rechunked train graphs (seed=56)

=== Epoch 56/1000 ===
[train] loss=5.3089 cls=0.4668 cme=2.2078 acc=0.9715 cells=158379
[val]   loss=5.3046 eval=2.6540 cls=0.4326 cme=2.2214 acc=0.9713 cells=118036
[ct_train] saved best checkpoint (val_eval_loss=2.6540 val_acc=0.9717)
[ct_train] rechunked train graphs (seed=57)

=== Epoch 57/1000 ===
[train] loss=5.3017 cls=0.4662 cme=2.2048 acc=0.9719 cells=158379
[ct_train] rechunked train graphs (seed=58)

=== Epoch 58/1000 ===
[train] loss=5.3091 cls=0.4662 cme=2.2082 acc=0.9722 cells=158379
[val]   loss=5.3025 eval=2.6517 cls=0.4305 cme=2.2212 acc=0.9715 cells=118036
[ct_train] saved best checkpoint (val_eval_loss=2.6517 val_acc=0.9717)
[ct_train] rechunked train graphs (seed=59)

=== Epoch 59/1000 ===
[train] loss=5.2924 cls=0.4638 cme=2.2018 acc=0.9723 cells=158379
[ct_train] rechunked train graphs (seed=60)

=== Epoch 60/1000 ===
[train] loss=5.3013 cls=0.4624 cme=2.2063 acc=0.9726 cells=158379
[val]   loss=5.2999 eval=2.6504 cls=0.4298 cme=2.2206 acc=0.9715 cells=118036
[ct_train] saved best checkpoint (val_eval_loss=2.6504 val_acc=0.9717)
[ct_train] rechunked train graphs (seed=61)

=== Epoch 61/1000 ===
[train] loss=5.2919 cls=0.4644 cme=2.2013 acc=0.9724 cells=158379
[ct_train] rechunked train graphs (seed=62)

=== Epoch 62/1000 ===
[train] loss=5.2870 cls=0.4627 cme=2.1999 acc=0.9727 cells=158379
[val]   loss=5.3026 eval=2.6517 cls=0.4302 cme=2.2215 acc=0.9717 cells=118036
[ct_train] early_stopping: no improve on val/eval_loss for 1/36 val checks
[ct_train] rechunked train graphs (seed=63)

=== Epoch 63/1000 ===
[train] loss=5.2951 cls=0.4630 cme=2.2034 acc=0.9727 cells=158379
[ct_train] rechunked train graphs (seed=64)

=== Epoch 64/1000 ===
[train] loss=5.2847 cls=0.4616 cme=2.1992 acc=0.9734 cells=158379
[val]   loss=5.2985 eval=2.6492 cls=0.4287 cme=2.2205 acc=0.9723 cells=118036
[ct_train] saved best checkpoint (val_eval_loss=2.6492 val_acc=0.9723)
[ct_train] rechunked train graphs (seed=65)

=== Epoch 65/1000 ===
[train] loss=5.2918 cls=0.4605 cme=2.2030 acc=0.9736 cells=158379
[ct_train] rechunked train graphs (seed=66)

=== Epoch 66/1000 ===
[train] loss=5.2986 cls=0.4613 cme=2.2057 acc=0.9728 cells=158379
[val]   loss=5.2988 eval=2.6485 cls=0.4276 cme=2.2209 acc=0.9721 cells=118036
[ct_train] saved best checkpoint (val_eval_loss=2.6485 val_acc=0.9723)
[ct_train] rechunked train graphs (seed=67)

=== Epoch 67/1000 ===
[train] loss=5.2830 cls=0.4608 cme=2.1989 acc=0.9731 cells=158379
[ct_train] rechunked train graphs (seed=68)

=== Epoch 68/1000 ===
[train] loss=5.2816 cls=0.4596 cme=2.1988 acc=0.9735 cells=158379
[val]   loss=5.3050 eval=2.6520 cls=0.4286 cme=2.2235 acc=0.9721 cells=118036
[ct_train] early_stopping: no improve on val/eval_loss for 1/36 val checks
[ct_train] rechunked train graphs (seed=69)

=== Epoch 69/1000 ===
[train] loss=5.2758 cls=0.4593 cme=2.1964 acc=0.9739 cells=158379
[ct_train] rechunked train graphs (seed=70)

=== Epoch 70/1000 ===
[train] loss=5.2787 cls=0.4587 cme=2.1978 acc=0.9739 cells=158379
[val]   loss=5.2926 eval=2.6453 cls=0.4271 cme=2.2183 acc=0.9721 cells=118036
[ct_train] saved best checkpoint (val_eval_loss=2.6453 val_acc=0.9723)
[ct_train] rechunked train graphs (seed=71)

=== Epoch 71/1000 ===
[train] loss=5.2647 cls=0.4567 cme=2.1925 acc=0.9742 cells=158379
[ct_train] rechunked train graphs (seed=72)

=== Epoch 72/1000 ===
[train] loss=5.2678 cls=0.4562 cme=2.1941 acc=0.9745 cells=158379
[val]   loss=5.2980 eval=2.6496 cls=0.4299 cme=2.2197 acc=0.9721 cells=118036
[ct_train] early_stopping: no improve on val/eval_loss for 1/36 val checks
[ct_train] rechunked train graphs (seed=73)

=== Epoch 73/1000 ===
[train] loss=5.2559 cls=0.4561 cme=2.1888 acc=0.9741 cells=158379
[ct_train] rechunked train graphs (seed=74)

=== Epoch 74/1000 ===
[train] loss=5.2622 cls=0.4544 cme=2.1925 acc=0.9745 cells=158379
[val]   loss=5.2953 eval=2.6460 cls=0.4262 cme=2.2198 acc=0.9726 cells=118036
[ct_train] early_stopping: no improve on val/eval_loss for 2/36 val checks
[ct_train] rechunked train graphs (seed=75)

=== Epoch 75/1000 ===
[train] loss=5.2720 cls=0.4564 cme=2.1959 acc=0.9748 cells=158379
[ct_train] rechunked train graphs (seed=76)

=== Epoch 76/1000 ===
[train] loss=5.2549 cls=0.4538 cme=2.1893 acc=0.9747 cells=158379
[val]   loss=5.2834 eval=2.6396 cls=0.4242 cme=2.2154 acc=0.9728 cells=118036
[ct_train] saved best checkpoint (val_eval_loss=2.6396 val_acc=0.9728)
[ct_train] rechunked train graphs (seed=77)

=== Epoch 77/1000 ===
[train] loss=5.2610 cls=0.4533 cme=2.1923 acc=0.9751 cells=158379
[ct_train] rechunked train graphs (seed=78)

=== Epoch 78/1000 ===
[train] loss=5.2628 cls=0.4544 cme=2.1927 acc=0.9747 cells=158379
[val]   loss=5.2855 eval=2.6416 cls=0.4255 cme=2.2160 acc=0.9727 cells=118036
[ct_train] early_stopping: no improve on val/eval_loss for 1/36 val checks
[ct_train] rechunked train graphs (seed=79)

=== Epoch 79/1000 ===
[train] loss=5.2603 cls=0.4521 cme=2.1926 acc=0.9753 cells=158379
[ct_train] rechunked train graphs (seed=80)

=== Epoch 80/1000 ===
[train] loss=5.2633 cls=0.4526 cme=2.1937 acc=0.9751 cells=158379
[val]   loss=5.2858 eval=2.6417 cls=0.4258 cme=2.2159 acc=0.9725 cells=118036
[ct_train] early_stopping: no improve on val/eval_loss for 2/36 val checks
[ct_train] rechunked train graphs (seed=81)

=== Epoch 81/1000 ===
[train] loss=5.2674 cls=0.4520 cme=2.1958 acc=0.9757 cells=158379
[ct_train] rechunked train graphs (seed=82)

=== Epoch 82/1000 ===
[train] loss=5.2506 cls=0.4504 cme=2.1891 acc=0.9756 cells=158379
[val]   loss=5.2794 eval=2.6377 cls=0.4237 cme=2.2140 acc=0.9731 cells=118036
[ct_train] saved best checkpoint (val_eval_loss=2.6377 val_acc=0.9731)
[ct_train] rechunked train graphs (seed=83)

=== Epoch 83/1000 ===
[train] loss=5.2490 cls=0.4489 cme=2.1889 acc=0.9763 cells=158379
[ct_train] rechunked train graphs (seed=84)

=== Epoch 84/1000 ===
[train] loss=5.2472 cls=0.4483 cme=2.1883 acc=0.9762 cells=158379
[val]   loss=5.2824 eval=2.6393 cls=0.4241 cme=2.2152 acc=0.9732 cells=118036
[ct_train] early_stopping: no improve on val/eval_loss for 1/36 val checks
[ct_train] rechunked train graphs (seed=85)

=== Epoch 85/1000 ===
[train] loss=5.2505 cls=0.4495 cme=2.1893 acc=0.9760 cells=158379
[ct_train] rechunked train graphs (seed=86)

=== Epoch 86/1000 ===
[train] loss=5.2497 cls=0.4485 cme=2.1894 acc=0.9761 cells=158379
[val]   loss=5.2880 eval=2.6426 cls=0.4258 cme=2.2168 acc=0.9728 cells=118036
[ct_train] early_stopping: no improve on val/eval_loss for 2/36 val checks
[ct_train] rechunked train graphs (seed=87)

=== Epoch 87/1000 ===
[train] loss=5.2562 cls=0.4473 cme=2.1928 acc=0.9764 cells=158379
[ct_train] rechunked train graphs (seed=88)

=== Epoch 88/1000 ===
[train] loss=5.2472 cls=0.4470 cme=2.1890 acc=0.9767 cells=158379
[val]   loss=5.2738 eval=2.6345 cls=0.4224 cme=2.2121 acc=0.9738 cells=118036
[ct_train] saved best checkpoint (val_eval_loss=2.6345 val_acc=0.9738)
[ct_train] rechunked train graphs (seed=89)

=== Epoch 89/1000 ===
[train] loss=5.2408 cls=0.4468 cme=2.1862 acc=0.9765 cells=158379
[ct_train] rechunked train graphs (seed=90)

=== Epoch 90/1000 ===
[train] loss=5.2563 cls=0.4459 cme=2.1935 acc=0.9768 cells=158379
[val]   loss=5.2898 eval=2.6435 cls=0.4251 cme=2.2183 acc=0.9733 cells=118036
[ct_train] early_stopping: no improve on val/eval_loss for 1/36 val checks
[ct_train] rechunked train graphs (seed=91)

=== Epoch 91/1000 ===
[train] loss=5.2520 cls=0.4461 cme=2.1918 acc=0.9768 cells=158379
[ct_train] rechunked train graphs (seed=92)

=== Epoch 92/1000 ===
[train] loss=5.2533 cls=0.4463 cme=2.1919 acc=0.9765 cells=158379
[val]   loss=5.2860 eval=2.6413 cls=0.4244 cme=2.2169 acc=0.9732 cells=118036
[ct_train] early_stopping: no improve on val/eval_loss for 2/36 val checks
[ct_train] rechunked train graphs (seed=93)

=== Epoch 93/1000 ===
[train] loss=5.2545 cls=0.4470 cme=2.1923 acc=0.9767 cells=158379
[ct_train] rechunked train graphs (seed=94)

=== Epoch 94/1000 ===
[train] loss=5.2347 cls=0.4449 cme=2.1842 acc=0.9770 cells=158379
[val]   loss=5.2747 eval=2.6348 cls=0.4221 cme=2.2127 acc=0.9736 cells=118036
[ct_train] early_stopping: no improve on val/eval_loss for 3/36 val checks
[ct_train] rechunked train graphs (seed=95)

=== Epoch 95/1000 ===
[train] loss=5.2385 cls=0.4448 cme=2.1861 acc=0.9768 cells=158379
[ct_train] rechunked train graphs (seed=96)

=== Epoch 96/1000 ===
[train] loss=5.2415 cls=0.4438 cme=2.1878 acc=0.9772 cells=158379
[val]   loss=5.2732 eval=2.6344 cls=0.4230 cme=2.2114 acc=0.9733 cells=118036
[ct_train] saved best checkpoint (val_eval_loss=2.6344 val_acc=0.9738)
[ct_train] early_stopping: no improve on val/eval_loss for 4/36 val checks
[ct_train] rechunked train graphs (seed=97)

=== Epoch 97/1000 ===
[train] loss=5.2270 cls=0.4441 cme=2.1811 acc=0.9769 cells=158379
[ct_train] rechunked train graphs (seed=98)

=== Epoch 98/1000 ===
[train] loss=5.2352 cls=0.4438 cme=2.1849 acc=0.9776 cells=158379
[val]   loss=5.2863 eval=2.6399 cls=0.4215 cme=2.2185 acc=0.9742 cells=118036
[ct_train] early_stopping: no improve on val/eval_loss for 5/36 val checks
[ct_train] rechunked train graphs (seed=99)

=== Epoch 99/1000 ===
[train] loss=5.2318 cls=0.4426 cme=2.1841 acc=0.9776 cells=158379
[ct_train] rechunked train graphs (seed=100)

=== Epoch 100/1000 ===
[train] loss=5.2334 cls=0.4419 cme=2.1851 acc=0.9781 cells=158379
[val]   loss=5.2700 eval=2.6321 cls=0.4211 cme=2.2109 acc=0.9739 cells=118036
[ct_train] saved best checkpoint (val_eval_loss=2.6321 val_acc=0.9742)
[ct_train] rechunked train graphs (seed=101)

=== Epoch 101/1000 ===
[train] loss=5.2349 cls=0.4419 cme=2.1857 acc=0.9783 cells=158379
[ct_train] rechunked train graphs (seed=102)

=== Epoch 102/1000 ===
[train] loss=5.2260 cls=0.4424 cme=2.1815 acc=0.9777 cells=158379
[val]   loss=5.2743 eval=2.6338 cls=0.4210 cme=2.2128 acc=0.9743 cells=118036
[ct_train] early_stopping: no improve on val/eval_loss for 1/36 val checks
[ct_train] rechunked train graphs (seed=103)

=== Epoch 103/1000 ===
[train] loss=5.2326 cls=0.4420 cme=2.1846 acc=0.9780 cells=158379
[ct_train] rechunked train graphs (seed=104)

=== Epoch 104/1000 ===
[train] loss=5.2396 cls=0.4415 cme=2.1880 acc=0.9780 cells=158379
[val]   loss=5.2986 eval=2.6457 cls=0.4220 cme=2.2238 acc=0.9736 cells=118036
[ct_train] early_stopping: no improve on val/eval_loss for 2/36 val checks
[ct_train] rechunked train graphs (seed=105)

=== Epoch 105/1000 ===
[train] loss=5.2289 cls=0.4400 cme=2.1838 acc=0.9782 cells=158379
[ct_train] rechunked train graphs (seed=106)

=== Epoch 106/1000 ===
[train] loss=5.2110 cls=0.4396 cme=2.1760 acc=0.9783 cells=158379
[val]   loss=5.2726 eval=2.6328 cls=0.4202 cme=2.2126 acc=0.9741 cells=118036
[ct_train] early_stopping: no improve on val/eval_loss for 3/36 val checks
[ct_train] rechunked train graphs (seed=107)

=== Epoch 107/1000 ===
[train] loss=5.2156 cls=0.4397 cme=2.1780 acc=0.9784 cells=158379
[ct_train] rechunked train graphs (seed=108)

=== Epoch 108/1000 ===
[train] loss=5.2093 cls=0.4394 cme=2.1754 acc=0.9788 cells=158379
[val]   loss=5.2744 eval=2.6337 cls=0.4200 cme=2.2137 acc=0.9743 cells=118036
[ct_train] early_stopping: no improve on val/eval_loss for 4/36 val checks
[ct_train] rechunked train graphs (seed=109)

=== Epoch 109/1000 ===
[train] loss=5.2206 cls=0.4388 cme=2.1807 acc=0.9789 cells=158379
[ct_train] rechunked train graphs (seed=110)

=== Epoch 110/1000 ===
[train] loss=5.2203 cls=0.4379 cme=2.1810 acc=0.9791 cells=158379
[val]   loss=5.2684 eval=2.6310 cls=0.4202 cme=2.2108 acc=0.9740 cells=118036
[ct_train] saved best checkpoint (val_eval_loss=2.6310 val_acc=0.9743)
[ct_train] rechunked train graphs (seed=111)

=== Epoch 111/1000 ===
[train] loss=5.2247 cls=0.4390 cme=2.1825 acc=0.9788 cells=158379
[ct_train] rechunked train graphs (seed=112)

=== Epoch 112/1000 ===
[train] loss=5.2180 cls=0.4386 cme=2.1797 acc=0.9786 cells=158379
[val]   loss=5.2844 eval=2.6384 cls=0.4205 cme=2.2179 acc=0.9742 cells=118036
[ct_train] early_stopping: no improve on val/eval_loss for 1/36 val checks
[ct_train] rechunked train graphs (seed=113)

=== Epoch 113/1000 ===
[train] loss=5.2207 cls=0.4380 cme=2.1812 acc=0.9786 cells=158379
[ct_train] rechunked train graphs (seed=114)

=== Epoch 114/1000 ===
[train] loss=5.2048 cls=0.4375 cme=2.1741 acc=0.9787 cells=158379
[val]   loss=5.2664 eval=2.6299 cls=0.4191 cme=2.2108 acc=0.9749 cells=118036
[ct_train] saved best checkpoint (val_eval_loss=2.6299 val_acc=0.9749)
[ct_train] rechunked train graphs (seed=115)

=== Epoch 115/1000 ===
[train] loss=5.2192 cls=0.4378 cme=2.1805 acc=0.9791 cells=158379
[ct_train] rechunked train graphs (seed=116)

=== Epoch 116/1000 ===
[train] loss=5.1983 cls=0.4366 cme=2.1717 acc=0.9794 cells=158379
[val]   loss=5.2705 eval=2.6323 cls=0.4208 cme=2.2115 acc=0.9739 cells=118036
[ct_train] early_stopping: no improve on val/eval_loss for 1/36 val checks
[ct_train] rechunked train graphs (seed=117)

=== Epoch 117/1000 ===
[train] loss=5.2121 cls=0.4369 cme=2.1778 acc=0.9794 cells=158379
[ct_train] rechunked train graphs (seed=118)

=== Epoch 118/1000 ===
[train] loss=5.2175 cls=0.4365 cme=2.1803 acc=0.9796 cells=158379
[val]   loss=5.2795 eval=2.6378 cls=0.4236 cme=2.2142 acc=0.9735 cells=118036
[ct_train] early_stopping: no improve on val/eval_loss for 2/36 val checks
[ct_train] rechunked train graphs (seed=119)

=== Epoch 119/1000 ===
[train] loss=5.2111 cls=0.4353 cme=2.1780 acc=0.9798 cells=158379
[ct_train] rechunked train graphs (seed=120)

=== Epoch 120/1000 ===
[train] loss=5.2088 cls=0.4351 cme=2.1770 acc=0.9797 cells=158379
[val]   loss=5.2671 eval=2.6301 cls=0.4197 cme=2.2103 acc=0.9746 cells=118036
[ct_train] early_stopping: no improve on val/eval_loss for 3/36 val checks
[ct_train] rechunked train graphs (seed=121)

=== Epoch 121/1000 ===
[train] loss=5.2033 cls=0.4350 cme=2.1746 acc=0.9793 cells=158379
[ct_train] rechunked train graphs (seed=122)

=== Epoch 122/1000 ===
[train] loss=5.2061 cls=0.4339 cme=2.1764 acc=0.9801 cells=158379
[val]   loss=5.2628 eval=2.6277 cls=0.4189 cme=2.2088 acc=0.9745 cells=118036
[ct_train] saved best checkpoint (val_eval_loss=2.6277 val_acc=0.9749)
[ct_train] rechunked train graphs (seed=123)

=== Epoch 123/1000 ===
[train] loss=5.2132 cls=0.4346 cme=2.1792 acc=0.9799 cells=158379
[ct_train] rechunked train graphs (seed=124)

=== Epoch 124/1000 ===
[train] loss=5.2009 cls=0.4341 cme=2.1739 acc=0.9799 cells=158379
[val]   loss=5.2715 eval=2.6321 cls=0.4197 cme=2.2125 acc=0.9747 cells=118036
[ct_train] early_stopping: no improve on val/eval_loss for 1/36 val checks
[ct_train] rechunked train graphs (seed=125)

=== Epoch 125/1000 ===
[train] loss=5.2056 cls=0.4342 cme=2.1761 acc=0.9798 cells=158379
[ct_train] rechunked train graphs (seed=126)

=== Epoch 126/1000 ===
[train] loss=5.2068 cls=0.4331 cme=2.1771 acc=0.9801 cells=158379
[val]   loss=5.2637 eval=2.6276 cls=0.4180 cme=2.2096 acc=0.9749 cells=118036
[ct_train] saved best checkpoint (val_eval_loss=2.6276 val_acc=0.9749)
[ct_train] early_stopping: no improve on val/eval_loss for 2/36 val checks
[ct_train] rechunked train graphs (seed=127)

=== Epoch 127/1000 ===
[train] loss=5.2071 cls=0.4334 cme=2.1770 acc=0.9801 cells=158379
[ct_train] rechunked train graphs (seed=128)

=== Epoch 128/1000 ===
[train] loss=5.2123 cls=0.4343 cme=2.1789 acc=0.9795 cells=158379
[val]   loss=5.2660 eval=2.6306 cls=0.4213 cme=2.2093 acc=0.9737 cells=118036
[ct_train] early_stopping: no improve on val/eval_loss for 3/36 val checks
[ct_train] rechunked train graphs (seed=129)

=== Epoch 129/1000 ===
[train] loss=5.1986 cls=0.4322 cme=2.1738 acc=0.9803 cells=158379
[ct_train] rechunked train graphs (seed=130)

=== Epoch 130/1000 ===
[train] loss=5.2025 cls=0.4319 cme=2.1756 acc=0.9808 cells=158379
[val]   loss=5.2712 eval=2.6318 cls=0.4194 cme=2.2124 acc=0.9743 cells=118036
[ct_train] early_stopping: no improve on val/eval_loss for 4/36 val checks
[ct_train] rechunked train graphs (seed=131)

=== Epoch 131/1000 ===
[train] loss=5.1981 cls=0.4326 cme=2.1733 acc=0.9802 cells=158379
[ct_train] rechunked train graphs (seed=132)

=== Epoch 132/1000 ===
[train] loss=5.1947 cls=0.4320 cme=2.1721 acc=0.9805 cells=158379
[val]   loss=5.2641 eval=2.6278 cls=0.4181 cme=2.2097 acc=0.9752 cells=118036
[ct_train] early_stopping: no improve on val/eval_loss for 5/36 val checks
[ct_train] rechunked train graphs (seed=133)

=== Epoch 133/1000 ===
[train] loss=5.1887 cls=0.4306 cme=2.1701 acc=0.9809 cells=158379
[ct_train] rechunked train graphs (seed=134)

=== Epoch 134/1000 ===
[train] loss=5.1836 cls=0.4293 cme=2.1682 acc=0.9811 cells=158379
[val]   loss=5.2668 eval=2.6297 cls=0.4190 cme=2.2107 acc=0.9747 cells=118036
[ct_train] early_stopping: no improve on val/eval_loss for 6/36 val checks
[ct_train] rechunked train graphs (seed=135)

=== Epoch 135/1000 ===
[train] loss=5.1891 cls=0.4294 cme=2.1707 acc=0.9812 cells=158379
[ct_train] rechunked train graphs (seed=136)

=== Epoch 136/1000 ===
[train] loss=5.1829 cls=0.4293 cme=2.1679 acc=0.9810 cells=158379
[val]   loss=5.2646 eval=2.6288 cls=0.4191 cme=2.2097 acc=0.9749 cells=118036
[ct_train] early_stopping: no improve on val/eval_loss for 7/36 val checks
[ct_train] rechunked train graphs (seed=137)

=== Epoch 137/1000 ===
[train] loss=5.1840 cls=0.4294 cme=2.1685 acc=0.9808 cells=158379
[ct_train] rechunked train graphs (seed=138)

=== Epoch 138/1000 ===
[train] loss=5.1923 cls=0.4301 cme=2.1717 acc=0.9808 cells=158379
[val]   loss=5.2766 eval=2.6345 cls=0.4194 cme=2.2151 acc=0.9747 cells=118036
[ct_train] early_stopping: no improve on val/eval_loss for 8/36 val checks
[ct_train] rechunked train graphs (seed=139)

=== Epoch 139/1000 ===
[train] loss=5.1957 cls=0.4281 cme=2.1744 acc=0.9817 cells=158379
[ct_train] rechunked train graphs (seed=140)

=== Epoch 140/1000 ===
[train] loss=5.1829 cls=0.4278 cme=2.1686 acc=0.9817 cells=158379
[val]   loss=5.2663 eval=2.6307 cls=0.4212 cme=2.2095 acc=0.9740 cells=118036
[ct_train] early_stopping: no improve on val/eval_loss for 9/36 val checks
[ct_train] rechunked train graphs (seed=141)

=== Epoch 141/1000 ===
[train] loss=5.1897 cls=0.4286 cme=2.1713 acc=0.9814 cells=158379
[ct_train] rechunked train graphs (seed=142)

=== Epoch 142/1000 ===
[train] loss=5.1792 cls=0.4280 cme=2.1669 acc=0.9817 cells=158379
[val]   loss=5.2622 eval=2.6266 cls=0.4171 cme=2.2095 acc=0.9756 cells=118036
[ct_train] saved best checkpoint (val_eval_loss=2.6266 val_acc=0.9756)
[ct_train] rechunked train graphs (seed=143)

=== Epoch 143/1000 ===
[train] loss=5.1818 cls=0.4274 cme=2.1684 acc=0.9818 cells=158379
[ct_train] rechunked train graphs (seed=144)

=== Epoch 144/1000 ===
[train] loss=5.1922 cls=0.4277 cme=2.1728 acc=0.9818 cells=158379
[val]   loss=5.2893 eval=2.6387 cls=0.4165 cme=2.2223 acc=0.9754 cells=118036
[ct_train] early_stopping: no improve on val/eval_loss for 1/36 val checks
[ct_train] rechunked train graphs (seed=145)

=== Epoch 145/1000 ===
[train] loss=5.1839 cls=0.4270 cme=2.1696 acc=0.9819 cells=158379
[ct_train] rechunked train graphs (seed=146)

=== Epoch 146/1000 ===
[train] loss=5.1899 cls=0.4267 cme=2.1723 acc=0.9822 cells=158379
[val]   loss=5.2666 eval=2.6312 cls=0.4218 cme=2.2094 acc=0.9743 cells=118036
[ct_train] early_stopping: no improve on val/eval_loss for 2/36 val checks
[ct_train] rechunked train graphs (seed=147)

=== Epoch 147/1000 ===
[train] loss=5.1892 cls=0.4268 cme=2.1719 acc=0.9818 cells=158379
[ct_train] rechunked train graphs (seed=148)

=== Epoch 148/1000 ===
[train] loss=5.1649 cls=0.4254 cme=2.1616 acc=0.9824 cells=158379
[val]   loss=5.2642 eval=2.6282 cls=0.4181 cme=2.2100 acc=0.9751 cells=118036
[ct_train] early_stopping: no improve on val/eval_loss for 3/36 val checks
[ct_train] rechunked train graphs (seed=149)

=== Epoch 149/1000 ===
[train] loss=5.1772 cls=0.4262 cme=2.1668 acc=0.9820 cells=158379
[ct_train] rechunked train graphs (seed=150)

=== Epoch 150/1000 ===
[train] loss=5.1832 cls=0.4258 cme=2.1696 acc=0.9820 cells=158379
[val]   loss=5.2540 eval=2.6242 cls=0.4196 cme=2.2045 acc=0.9744 cells=118036
[ct_train] saved best checkpoint (val_eval_loss=2.6242 val_acc=0.9756)
[ct_train] rechunked train graphs (seed=151)

=== Epoch 151/1000 ===
[train] loss=5.1776 cls=0.4255 cme=2.1673 acc=0.9820 cells=158379
[ct_train] rechunked train graphs (seed=152)

=== Epoch 152/1000 ===
[train] loss=5.1803 cls=0.4256 cme=2.1685 acc=0.9823 cells=158379
[val]   loss=5.2660 eval=2.6299 cls=0.4202 cme=2.2098 acc=0.9743 cells=118036
[ct_train] early_stopping: no improve on val/eval_loss for 1/36 val checks
[ct_train] rechunked train graphs (seed=153)

=== Epoch 153/1000 ===
[train] loss=5.1733 cls=0.4239 cme=2.1660 acc=0.9828 cells=158379
[ct_train] rechunked train graphs (seed=154)

=== Epoch 154/1000 ===
[train] loss=5.1607 cls=0.4249 cme=2.1601 acc=0.9824 cells=158379
[val]   loss=5.2534 eval=2.6232 cls=0.4185 cme=2.2047 acc=0.9749 cells=118036
[ct_train] saved best checkpoint (val_eval_loss=2.6232 val_acc=0.9756)
[ct_train] rechunked train graphs (seed=155)

=== Epoch 155/1000 ===
[train] loss=5.1630 cls=0.4235 cme=2.1616 acc=0.9828 cells=158379
[ct_train] rechunked train graphs (seed=156)

=== Epoch 156/1000 ===
[train] loss=5.1667 cls=0.4233 cme=2.1634 acc=0.9831 cells=158379
[val]   loss=5.2511 eval=2.6219 cls=0.4180 cme=2.2040 acc=0.9752 cells=118036
[ct_train] saved best checkpoint (val_eval_loss=2.6219 val_acc=0.9756)
[ct_train] rechunked train graphs (seed=157)

=== Epoch 157/1000 ===
[train] loss=5.1652 cls=0.4234 cme=2.1626 acc=0.9827 cells=158379
[ct_train] rechunked train graphs (seed=158)

=== Epoch 158/1000 ===
[train] loss=5.1739 cls=0.4231 cme=2.1666 acc=0.9833 cells=158379
[val]   loss=5.2596 eval=2.6258 cls=0.4177 cme=2.2081 acc=0.9756 cells=118036
[ct_train] early_stopping: no improve on val/eval_loss for 1/36 val checks
[ct_train] rechunked train graphs (seed=159)

=== Epoch 159/1000 ===
[train] loss=5.1673 cls=0.4231 cme=2.1638 acc=0.9830 cells=158379
[ct_train] rechunked train graphs (seed=160)

=== Epoch 160/1000 ===
[train] loss=5.1639 cls=0.4223 cme=2.1626 acc=0.9831 cells=158379
[val]   loss=5.2536 eval=2.6229 cls=0.4176 cme=2.2053 acc=0.9755 cells=118036
[ct_train] early_stopping: no improve on val/eval_loss for 2/36 val checks
[ct_train] rechunked train graphs (seed=161)

=== Epoch 161/1000 ===
[train] loss=5.1616 cls=0.4223 cme=2.1615 acc=0.9830 cells=158379
[ct_train] rechunked train graphs (seed=162)

=== Epoch 162/1000 ===
[train] loss=5.1606 cls=0.4212 cme=2.1616 acc=0.9833 cells=158379
[val]   loss=5.2593 eval=2.6248 cls=0.4163 cme=2.2085 acc=0.9755 cells=118036
[ct_train] early_stopping: no improve on val/eval_loss for 3/36 val checks
[ct_train] rechunked train graphs (seed=163)

=== Epoch 163/1000 ===
[train] loss=5.1650 cls=0.4225 cme=2.1630 acc=0.9831 cells=158379
[ct_train] rechunked train graphs (seed=164)

=== Epoch 164/1000 ===
[train] loss=5.1660 cls=0.4210 cme=2.1641 acc=0.9834 cells=158379
[val]   loss=5.2539 eval=2.6229 cls=0.4172 cme=2.2057 acc=0.9756 cells=118036
[ct_train] early_stopping: no improve on val/eval_loss for 4/36 val checks
[ct_train] rechunked train graphs (seed=165)

=== Epoch 165/1000 ===
[train] loss=5.1568 cls=0.4211 cme=2.1599 acc=0.9836 cells=158379
[ct_train] rechunked train graphs (seed=166)

=== Epoch 166/1000 ===
[train] loss=5.1530 cls=0.4198 cme=2.1588 acc=0.9836 cells=158379
[val]   loss=5.2555 eval=2.6237 cls=0.4176 cme=2.2061 acc=0.9755 cells=118036
[ct_train] early_stopping: no improve on val/eval_loss for 5/36 val checks
[ct_train] rechunked train graphs (seed=167)

=== Epoch 167/1000 ===
[train] loss=5.1662 cls=0.4204 cme=2.1645 acc=0.9835 cells=158379
[ct_train] rechunked train graphs (seed=168)

=== Epoch 168/1000 ===
[train] loss=5.1557 cls=0.4198 cme=2.1600 acc=0.9837 cells=158379
[val]   loss=5.2551 eval=2.6238 cls=0.4177 cme=2.2061 acc=0.9754 cells=118036
[ct_train] early_stopping: no improve on val/eval_loss for 6/36 val checks
[ct_train] rechunked train graphs (seed=169)

=== Epoch 169/1000 ===
[train] loss=5.1579 cls=0.4202 cme=2.1608 acc=0.9840 cells=158379
[ct_train] rechunked train graphs (seed=170)

=== Epoch 170/1000 ===
[train] loss=5.1633 cls=0.4199 cme=2.1634 acc=0.9838 cells=158379
[val]   loss=5.2535 eval=2.6222 cls=0.4165 cme=2.2057 acc=0.9759 cells=118036
[ct_train] early_stopping: no improve on val/eval_loss for 7/36 val checks
[ct_train] rechunked train graphs (seed=171)

=== Epoch 171/1000 ===
[train] loss=5.1602 cls=0.4204 cme=2.1618 acc=0.9834 cells=158379
[ct_train] rechunked train graphs (seed=172)

=== Epoch 172/1000 ===
[train] loss=5.1567 cls=0.4213 cme=2.1596 acc=0.9834 cells=158379
[val]   loss=5.2533 eval=2.6224 cls=0.4167 cme=2.2056 acc=0.9754 cells=118036
[ct_train] early_stopping: no improve on val/eval_loss for 8/36 val checks
[ct_train] rechunked train graphs (seed=173)

=== Epoch 173/1000 ===
[train] loss=5.1587 cls=0.4205 cme=2.1612 acc=0.9834 cells=158379
[ct_train] rechunked train graphs (seed=174)

=== Epoch 174/1000 ===
[train] loss=5.1619 cls=0.4204 cme=2.1625 acc=0.9833 cells=158379
[val]   loss=5.2625 eval=2.6281 cls=0.4196 cme=2.2085 acc=0.9745 cells=118036
[ct_train] early_stopping: no improve on val/eval_loss for 9/36 val checks
[ct_train] rechunked train graphs (seed=175)

=== Epoch 175/1000 ===
[train] loss=5.1470 cls=0.4194 cme=2.1562 acc=0.9835 cells=158379
[ct_train] rechunked train graphs (seed=176)

=== Epoch 176/1000 ===
[train] loss=5.1516 cls=0.4191 cme=2.1584 acc=0.9846 cells=158379
[val]   loss=5.2662 eval=2.6283 cls=0.4168 cme=2.2115 acc=0.9755 cells=118036
[ct_train] early_stopping: no improve on val/eval_loss for 10/36 val checks
[ct_train] rechunked train graphs (seed=177)

=== Epoch 177/1000 ===
[train] loss=5.1599 cls=0.4198 cme=2.1619 acc=0.9837 cells=158379
[ct_train] rechunked train graphs (seed=178)

=== Epoch 178/1000 ===
[train] loss=5.1497 cls=0.4181 cme=2.1580 acc=0.9841 cells=158379
[val]   loss=5.2511 eval=2.6221 cls=0.4181 cme=2.2041 acc=0.9751 cells=118036
[ct_train] early_stopping: no improve on val/eval_loss for 11/36 val checks
[ct_train] rechunked train graphs (seed=179)

=== Epoch 179/1000 ===
[train] loss=5.1470 cls=0.4186 cme=2.1567 acc=0.9842 cells=158379
[ct_train] rechunked train graphs (seed=180)

=== Epoch 180/1000 ===
[train] loss=5.1584 cls=0.4185 cme=2.1618 acc=0.9846 cells=158379
[val]   loss=5.2629 eval=2.6274 cls=0.4179 cme=2.2095 acc=0.9756 cells=118036
[ct_train] early_stopping: no improve on val/eval_loss for 12/36 val checks
[ct_train] rechunked train graphs (seed=181)

=== Epoch 181/1000 ===
[train] loss=5.1477 cls=0.4173 cme=2.1575 acc=0.9849 cells=158379
[ct_train] rechunked train graphs (seed=182)

=== Epoch 182/1000 ===
[train] loss=5.1581 cls=0.4173 cme=2.1622 acc=0.9846 cells=158379
[val]   loss=5.2503 eval=2.6216 cls=0.4179 cme=2.2038 acc=0.9757 cells=118036
[ct_train] saved best checkpoint (val_eval_loss=2.6216 val_acc=0.9759)
[ct_train] early_stopping: no improve on val/eval_loss for 13/36 val checks
[ct_train] rechunked train graphs (seed=183)

=== Epoch 183/1000 ===
[train] loss=5.1392 cls=0.4161 cme=2.1542 acc=0.9850 cells=158379
[ct_train] rechunked train graphs (seed=184)

=== Epoch 184/1000 ===
[train] loss=5.1447 cls=0.4173 cme=2.1562 acc=0.9846 cells=158379
[val]   loss=5.2539 eval=2.6233 cls=0.4180 cme=2.2053 acc=0.9755 cells=118036
[ct_train] early_stopping: no improve on val/eval_loss for 14/36 val checks
[ct_train] rechunked train graphs (seed=185)

=== Epoch 185/1000 ===
[train] loss=5.1420 cls=0.4169 cme=2.1551 acc=0.9846 cells=158379
[ct_train] rechunked train graphs (seed=186)

=== Epoch 186/1000 ===
[train] loss=5.1529 cls=0.4166 cme=2.1602 acc=0.9850 cells=158379
[val]   loss=5.2528 eval=2.6228 cls=0.4180 cme=2.2048 acc=0.9754 cells=118036
[ct_train] early_stopping: no improve on val/eval_loss for 15/36 val checks
[ct_train] rechunked train graphs (seed=187)

=== Epoch 187/1000 ===
[train] loss=5.1498 cls=0.4165 cme=2.1588 acc=0.9849 cells=158379
[ct_train] rechunked train graphs (seed=188)

=== Epoch 188/1000 ===
[train] loss=5.1524 cls=0.4168 cme=2.1598 acc=0.9849 cells=158379
[val]   loss=5.2544 eval=2.6239 cls=0.4182 cme=2.2057 acc=0.9751 cells=118036
[ct_train] early_stopping: no improve on val/eval_loss for 16/36 val checks
[ct_train] rechunked train graphs (seed=189)

=== Epoch 189/1000 ===
[train] loss=5.1388 cls=0.4147 cme=2.1547 acc=0.9854 cells=158379
[ct_train] rechunked train graphs (seed=190)

=== Epoch 190/1000 ===
[train] loss=5.1317 cls=0.4149 cme=2.1514 acc=0.9854 cells=158379
[val]   loss=5.2530 eval=2.6232 cls=0.4182 cme=2.2049 acc=0.9753 cells=118036
[ct_train] early_stopping: no improve on val/eval_loss for 17/36 val checks
[ct_train] rechunked train graphs (seed=191)

=== Epoch 191/1000 ===
[train] loss=5.1310 cls=0.4147 cme=2.1512 acc=0.9856 cells=158379
[ct_train] rechunked train graphs (seed=192)

=== Epoch 192/1000 ===
[train] loss=5.1394 cls=0.4150 cme=2.1548 acc=0.9852 cells=158379
[val]   loss=5.2744 eval=2.6322 cls=0.4171 cme=2.2151 acc=0.9758 cells=118036
[ct_train] early_stopping: no improve on val/eval_loss for 18/36 val checks
[ct_train] rechunked train graphs (seed=193)

=== Epoch 193/1000 ===
[train] loss=5.1429 cls=0.4143 cme=2.1567 acc=0.9854 cells=158379
[ct_train] rechunked train graphs (seed=194)

=== Epoch 194/1000 ===
[train] loss=5.1452 cls=0.4139 cme=2.1579 acc=0.9856 cells=158379
[val]   loss=5.2620 eval=2.6283 cls=0.4207 cme=2.2076 acc=0.9750 cells=118036
[ct_train] early_stopping: no improve on val/eval_loss for 19/36 val checks
[ct_train] rechunked train graphs (seed=195)

=== Epoch 195/1000 ===
[train] loss=5.1354 cls=0.4145 cme=2.1532 acc=0.9855 cells=158379
[ct_train] rechunked train graphs (seed=196)

=== Epoch 196/1000 ===
[train] loss=5.1382 cls=0.4142 cme=2.1546 acc=0.9855 cells=158379
[val]   loss=5.2557 eval=2.6242 cls=0.4179 cme=2.2063 acc=0.9755 cells=118036
[ct_train] early_stopping: no improve on val/eval_loss for 20/36 val checks
[ct_train] rechunked train graphs (seed=197)

=== Epoch 197/1000 ===
[train] loss=5.1307 cls=0.4129 cme=2.1518 acc=0.9861 cells=158379
[ct_train] rechunked train graphs (seed=198)

=== Epoch 198/1000 ===
[train] loss=5.1289 cls=0.4130 cme=2.1510 acc=0.9858 cells=158379
[val]   loss=5.2554 eval=2.6251 cls=0.4199 cme=2.2052 acc=0.9752 cells=118036
[ct_train] early_stopping: no improve on val/eval_loss for 21/36 val checks
[ct_train] rechunked train graphs (seed=199)

=== Epoch 199/1000 ===
[train] loss=5.1337 cls=0.4128 cme=2.1533 acc=0.9860 cells=158379
[ct_train] rechunked train graphs (seed=200)

=== Epoch 200/1000 ===
[train] loss=5.1356 cls=0.4135 cme=2.1537 acc=0.9857 cells=158379
[val]   loss=5.2569 eval=2.6245 cls=0.4180 cme=2.2065 acc=0.9756 cells=118036
[ct_train] early_stopping: no improve on val/eval_loss for 22/36 val checks
[ct_train] rechunked train graphs (seed=201)

=== Epoch 201/1000 ===
[train] loss=5.1209 cls=0.4124 cme=2.1476 acc=0.9860 cells=158379
[ct_train] rechunked train graphs (seed=202)

=== Epoch 202/1000 ===
[train] loss=5.1330 cls=0.4125 cme=2.1531 acc=0.9861 cells=158379
[val]   loss=5.2594 eval=2.6259 cls=0.4181 cme=2.2078 acc=0.9756 cells=118036
[ct_train] early_stopping: no improve on val/eval_loss for 23/36 val checks
[ct_train] rechunked train graphs (seed=203)

=== Epoch 203/1000 ===
[train] loss=5.1282 cls=0.4117 cme=2.1512 acc=0.9860 cells=158379
[ct_train] rechunked train graphs (seed=204)

=== Epoch 204/1000 ===
[train] loss=5.1238 cls=0.4116 cme=2.1493 acc=0.9862 cells=158379
[val]   loss=5.2603 eval=2.6260 cls=0.4176 cme=2.2084 acc=0.9756 cells=118036
[ct_train] early_stopping: no improve on val/eval_loss for 24/36 val checks
[ct_train] rechunked train graphs (seed=205)

=== Epoch 205/1000 ===
[train] loss=5.1303 cls=0.4109 cme=2.1525 acc=0.9867 cells=158379
[ct_train] rechunked train graphs (seed=206)

=== Epoch 206/1000 ===
[train] loss=5.1251 cls=0.4126 cme=2.1495 acc=0.9861 cells=158379
[val]   loss=5.2597 eval=2.6259 cls=0.4181 cme=2.2079 acc=0.9755 cells=118036
[ct_train] early_stopping: no improve on val/eval_loss for 25/36 val checks
[ct_train] rechunked train graphs (seed=207)

=== Epoch 207/1000 ===
[train] loss=5.1372 cls=0.4110 cme=2.1555 acc=0.9863 cells=158379
[ct_train] rechunked train graphs (seed=208)

=== Epoch 208/1000 ===
[train] loss=5.1290 cls=0.4108 cme=2.1520 acc=0.9863 cells=158379
[val]   loss=5.2529 eval=2.6229 cls=0.4181 cme=2.2049 acc=0.9753 cells=118036
[ct_train] early_stopping: no improve on val/eval_loss for 26/36 val checks
[ct_train] rechunked train graphs (seed=209)

=== Epoch 209/1000 ===
[train] loss=5.1202 cls=0.4101 cme=2.1484 acc=0.9870 cells=158379
[ct_train] rechunked train graphs (seed=210)

=== Epoch 210/1000 ===
[train] loss=5.1292 cls=0.4097 cme=2.1527 acc=0.9870 cells=158379
[val]   loss=5.2555 eval=2.6251 cls=0.4196 cme=2.2055 acc=0.9755 cells=118036
[ct_train] early_stopping: no improve on val/eval_loss for 27/36 val checks
[ct_train] rechunked train graphs (seed=211)

=== Epoch 211/1000 ===
[train] loss=5.1308 cls=0.4117 cme=2.1524 acc=0.9863 cells=158379
[ct_train] rechunked train graphs (seed=212)

=== Epoch 212/1000 ===
[train] loss=5.1251 cls=0.4106 cme=2.1503 acc=0.9865 cells=158379
[val]   loss=5.2549 eval=2.6248 cls=0.4200 cme=2.2048 acc=0.9753 cells=118036
[ct_train] early_stopping: no improve on val/eval_loss for 28/36 val checks
[ct_train] rechunked train graphs (seed=213)

=== Epoch 213/1000 ===
[train] loss=5.1190 cls=0.4104 cme=2.1477 acc=0.9865 cells=158379
[ct_train] rechunked train graphs (seed=214)

=== Epoch 214/1000 ===
[train] loss=5.1240 cls=0.4108 cme=2.1497 acc=0.9863 cells=158379
[val]   loss=5.2583 eval=2.6263 cls=0.4197 cme=2.2065 acc=0.9750 cells=118036
[ct_train] early_stopping: no improve on val/eval_loss for 29/36 val checks
[ct_train] rechunked train graphs (seed=215)

=== Epoch 215/1000 ===
[train] loss=5.1213 cls=0.4099 cme=2.1489 acc=0.9866 cells=158379
[ct_train] rechunked train graphs (seed=216)

=== Epoch 216/1000 ===
[train] loss=5.1227 cls=0.4102 cme=2.1494 acc=0.9866 cells=158379
[val]   loss=5.2546 eval=2.6234 cls=0.4177 cme=2.2057 acc=0.9760 cells=118036
[ct_train] early_stopping: no improve on val/eval_loss for 30/36 val checks
[ct_train] rechunked train graphs (seed=217)

=== Epoch 217/1000 ===
[train] loss=5.1280 cls=0.4106 cme=2.1517 acc=0.9864 cells=158379
[ct_train] rechunked train graphs (seed=218)

=== Epoch 218/1000 ===
[train] loss=5.1221 cls=0.4088 cme=2.1498 acc=0.9867 cells=158379
[val]   loss=5.2716 eval=2.6325 cls=0.4205 cme=2.2120 acc=0.9754 cells=118036
[ct_train] early_stopping: no improve on val/eval_loss for 31/36 val checks
[ct_train] rechunked train graphs (seed=219)

=== Epoch 219/1000 ===
[train] loss=5.1201 cls=0.4085 cme=2.1491 acc=0.9871 cells=158379
[ct_train] rechunked train graphs (seed=220)

=== Epoch 220/1000 ===
[train] loss=5.1129 cls=0.4082 cme=2.1459 acc=0.9868 cells=158379
[val]   loss=5.2605 eval=2.6278 cls=0.4204 cme=2.2074 acc=0.9750 cells=118036
[ct_train] early_stopping: no improve on val/eval_loss for 32/36 val checks
[ct_train] rechunked train graphs (seed=221)

=== Epoch 221/1000 ===
[train] loss=5.1214 cls=0.4081 cme=2.1498 acc=0.9873 cells=158379
[ct_train] rechunked train graphs (seed=222)

=== Epoch 222/1000 ===
[train] loss=5.1077 cls=0.4082 cme=2.1436 acc=0.9871 cells=158379
[val]   loss=5.2543 eval=2.6241 cls=0.4190 cme=2.2051 acc=0.9755 cells=118036
[ct_train] early_stopping: no improve on val/eval_loss for 33/36 val checks
[ct_train] rechunked train graphs (seed=223)

=== Epoch 223/1000 ===
[train] loss=5.1155 cls=0.4073 cme=2.1475 acc=0.9874 cells=158379
[ct_train] rechunked train graphs (seed=224)

=== Epoch 224/1000 ===
[train] loss=5.1204 cls=0.4082 cme=2.1493 acc=0.9872 cells=158379
[val]   loss=5.2584 eval=2.6260 cls=0.4191 cme=2.2069 acc=0.9758 cells=118036
[ct_train] early_stopping: no improve on val/eval_loss for 34/36 val checks
[ct_train] rechunked train graphs (seed=225)

=== Epoch 225/1000 ===
[train] loss=5.1104 cls=0.4070 cme=2.1453 acc=0.9876 cells=158379
[ct_train] rechunked train graphs (seed=226)

=== Epoch 226/1000 ===
[train] loss=5.1151 cls=0.4075 cme=2.1472 acc=0.9875 cells=158379
[val]   loss=5.2681 eval=2.6309 cls=0.4203 cme=2.2106 acc=0.9752 cells=118036
[ct_train] early_stopping: no improve on val/eval_loss for 35/36 val checks
[ct_train] rechunked train graphs (seed=227)

=== Epoch 227/1000 ===
[train] loss=5.1191 cls=0.4070 cme=2.1493 acc=0.9873 cells=158379
[ct_train] rechunked train graphs (seed=228)

=== Epoch 228/1000 ===
[train] loss=5.1195 cls=0.4063 cme=2.1498 acc=0.9876 cells=158379
[val]   loss=5.2651 eval=2.6292 cls=0.4198 cme=2.2094 acc=0.9753 cells=118036
[ct_train] early_stopping: no improve on val/eval_loss for 36/36 val checks
[ct_train] early stopping at epoch 228 (patience=36, monitor=val/eval_loss)

[ct_train] done. best_val_acc=0.9760  best_val_eval_loss=2.6216  checkpoints=/home/abel/code/Tissue-Reassembly-using-GenAI-and-new-metrics/exploration/cell_types/outputs/exp041_g8192_fus_ms  logs=/home/abel/code/Tissue-Reassembly-using-GenAI-and-new-metrics/exploration/cell_types/logs/exp041_g8192_fus_ms/20260807_213602
wandb: updating run metadata
wandb: uploading output.log; uploading wandb-summary.json; uploading config.yaml
wandb: uploading wandb-summary.json
wandb: 
wandb: Run summary:
wandb:                      best_epoch 182
wandb:                    best_val_acc 0.97596
wandb:              best_val_eval_loss 2.62164
wandb:                           epoch 228
wandb:                              lr 0.0002
wandb:           model/parameter_count 1272988
wandb: model/trainable_parameter_count 1272988
wandb:                       train/acc 0.98764
wandb:       train/acc_per_class/Astro 0.99324
wandb:        train/acc_per_class/Endo 0.98368
wandb:                             +54 ...
wandb: 
wandb:  View run exp041_g8192_fus_ms at: https://wandb.ai/abel-salmona-polytechnique-montr-al/cell_types/runs/ght4dtrs
wandb:  View project at: https://wandb.ai/abel-salmona-polytechnique-montr-al/cell_types
wandb: Synced 5 W&B file(s), 1 media file(s), 2 artifact file(s) and 1 other file(s)
wandb: Find logs at: ./exploration/cell_types/logs/exp041_g8192_fus_ms/20260807_213602/wandb/run-20260807_213610-ght4dtrs/logs
