[ct_train] config=exploration/cell_types/experiments/configs/exp062_best_seed4.json
[ct_train] device=cuda  checkpoints=/home/abel/code/Tissue-Reassembly-using-GenAI-and-new-metrics/exploration/cell_types/outputs/exp062_best_seed4
[ct_train] logs=/home/abel/code/Tissue-Reassembly-using-GenAI-and-new-metrics/exploration/cell_types/logs/exp062_best_seed4/20260807_230140
[ct_train] Loading data …
[DataModule] Reading '/home/abel/biodata/MERFISH_LUNA_small_cortex/MERFISH_mouse_cortex_train.csv' (split=train) with float32 dtype on 254 gene cols + coord cols …
[DataModule] Loaded 158,379 rows for split=train.
[DataModule] Reading '/home/abel/biodata/MERFISH_LUNA_small_cortex/MERFISH_mouse_cortex_test.csv' (split=test) with float32 dtype on 254 gene cols + coord cols …
[DataModule] Loaded 118,036 rows for split=test.
[DataModule] Reading '/home/abel/biodata/MERFISH_LUNA_small_cortex/MERFISH_mouse_cortex_test.csv' (split=validation) with float32 dtype on 254 gene cols + coord cols …
[DataModule] Loaded 118,036 rows for split=validation.
[ct_train] genes=254  classes=23
[ct_train] model predict_cme=True  params=1,305,308
[ct_train] soft CME loaded split=train sigma=96.0 n=158379 C=23
[ct_train] soft CME loaded split=validation sigma=96.0 n=118036 C=23
[ct_train] soft CME loaded split=train sigma=50.0 n=158379 C=23
[ct_train] soft CME loaded split=train sigma=64.0 n=158379 C=23
[ct_train] soft CME loaded split=validation sigma=50.0 n=118036 C=23
[ct_train] soft CME loaded split=validation sigma=64.0 n=118036 C=23
wandb: [wandb.login()] Loaded credentials for https://api.wandb.ai from /home/abel/.netrc.
wandb: Currently logged in as: abel-salmona (abel-salmona-polytechnique-montr-al) to https://api.wandb.ai. Use `wandb login --relogin` to force relogin
wandb: WARNING Using a boolean value for 'reinit' is deprecated. Use 'return_previous' or 'finish_previous' instead.
wandb: Tracking run with wandb version 0.26.1
wandb: Run data is saved locally in /home/abel/code/Tissue-Reassembly-using-GenAI-and-new-metrics/exploration/cell_types/logs/exp062_best_seed4/20260807_230140/wandb/run-20260807_230149-8b1kg9jq
wandb: Run `wandb offline` to turn off syncing.
wandb: Syncing run exp062_best_seed4
wandb:  View project at https://wandb.ai/abel-salmona-polytechnique-montr-al/cell_types
wandb:  View run at https://wandb.ai/abel-salmona-polytechnique-montr-al/cell_types/runs/8b1kg9jq
wandb: WARNING Saving files without folders. If you want to preserve subdirectories pass base_path to wandb.save, i.e. wandb.save("/mnt/folder/file.h5", base_path="/mnt")
wandb: WARNING Symlinked 1 file into the W&B run directory; call wandb.save again to sync new files.
[ct_train] wandb: project=cell_types name=exp062_best_seed4 mode=online url=https://wandb.ai/abel-salmona-polytechnique-montr-al/cell_types/runs/8b1kg9jq
[ct_train] parameters: total=1,305,308 trainable=1,305,308
  [params] mlp_in_node_features: 26,720
  [params] transformer_layers: 633,600
  [params] type_stage1: 28,320
  [params] env_stage1: 93,056
  [params] type_probe: 2,231
  [params] env_probe: 7,383
  [params] fusion_mlp: 383,008
  [params] type_stage2: 30,551
  [params] env_stage2: 100,439
[ct_train] rechunked train graphs (seed=1)

=== Epoch 1/1000 ===
[train] loss=8.6717 cls=2.7165 cme=2.7701 acc=0.2598 cells=158379
[ct_train] rechunked train graphs (seed=2)

=== Epoch 2/1000 ===
[train] loss=7.2462 cls=1.8420 cme=2.5160 acc=0.5919 cells=158379
[val]   loss=6.6426 eval=3.8243 cls=1.3678 cme=2.4566 acc=0.7396 cells=118036
[ct_train] saved best checkpoint (val_eval_loss=3.8243 val_acc=0.7396)
[ct_train] rechunked train graphs (seed=3)

=== Epoch 3/1000 ===
[train] loss=6.4587 cls=1.2423 cme=2.4296 acc=0.7779 cells=158379
[ct_train] rechunked train graphs (seed=4)

=== Epoch 4/1000 ===
[train] loss=6.0181 cls=0.9056 cme=2.3818 acc=0.8563 cells=158379
[val]   loss=5.7709 eval=3.0639 cls=0.7019 cme=2.3620 acc=0.8894 cells=118036
[ct_train] saved best checkpoint (val_eval_loss=3.0639 val_acc=0.8894)
[ct_train] rechunked train graphs (seed=5)

=== Epoch 5/1000 ===
[train] loss=5.7834 cls=0.7325 cme=2.3534 acc=0.8932 cells=158379
[ct_train] rechunked train graphs (seed=6)

=== Epoch 6/1000 ===
[train] loss=5.6630 cls=0.6515 cme=2.3352 acc=0.9188 cells=158379
[val]   loss=5.5436 eval=2.8790 cls=0.5541 cme=2.3249 acc=0.9369 cells=118036
[ct_train] saved best checkpoint (val_eval_loss=2.8790 val_acc=0.9369)
[ct_train] rechunked train graphs (seed=7)

=== Epoch 7/1000 ===
[train] loss=5.5799 cls=0.6033 cme=2.3191 acc=0.9319 cells=158379
[ct_train] rechunked train graphs (seed=8)

=== Epoch 8/1000 ===
[train] loss=5.5218 cls=0.5734 cme=2.3061 acc=0.9395 cells=158379
[val]   loss=5.4558 eval=2.8133 cls=0.5074 cme=2.3059 acc=0.9492 cells=118036
[ct_train] saved best checkpoint (val_eval_loss=2.8133 val_acc=0.9492)
[ct_train] rechunked train graphs (seed=9)

=== Epoch 9/1000 ===
[train] loss=5.4796 cls=0.5526 cme=2.2962 acc=0.9452 cells=158379
[ct_train] rechunked train graphs (seed=10)

=== Epoch 10/1000 ===
[train] loss=5.4535 cls=0.5379 cme=2.2910 acc=0.9480 cells=158379
[val]   loss=5.4058 eval=2.7810 cls=0.4897 cme=2.2913 acc=0.9533 cells=118036
[ct_train] saved best checkpoint (val_eval_loss=2.7810 val_acc=0.9533)
[ct_train] rechunked train graphs (seed=11)

=== Epoch 11/1000 ===
[train] loss=5.4314 cls=0.5290 cme=2.2850 acc=0.9492 cells=158379
[ct_train] rechunked train graphs (seed=12)

=== Epoch 12/1000 ===
[train] loss=5.3973 cls=0.5180 cme=2.2742 acc=0.9518 cells=158379
[val]   loss=5.3633 eval=2.7535 cls=0.4756 cme=2.2780 acc=0.9574 cells=118036
[ct_train] saved best checkpoint (val_eval_loss=2.7535 val_acc=0.9574)
[ct_train] rechunked train graphs (seed=13)

=== Epoch 13/1000 ===
[train] loss=5.3950 cls=0.5119 cme=2.2759 acc=0.9532 cells=158379
[ct_train] rechunked train graphs (seed=14)

=== Epoch 14/1000 ===
[train] loss=5.3764 cls=0.5082 cme=2.2691 acc=0.9552 cells=158379
[val]   loss=5.3389 eval=2.7384 cls=0.4683 cme=2.2702 acc=0.9596 cells=118036
[ct_train] saved best checkpoint (val_eval_loss=2.7384 val_acc=0.9596)
[ct_train] rechunked train graphs (seed=15)

=== Epoch 15/1000 ===
[train] loss=5.3657 cls=0.5019 cme=2.2670 acc=0.9563 cells=158379
[ct_train] rechunked train graphs (seed=16)

=== Epoch 16/1000 ===
[train] loss=5.3439 cls=0.4975 cme=2.2590 acc=0.9568 cells=158379
[val]   loss=5.3190 eval=2.7266 cls=0.4632 cme=2.2634 acc=0.9612 cells=118036
[ct_train] saved best checkpoint (val_eval_loss=2.7266 val_acc=0.9612)
[ct_train] rechunked train graphs (seed=17)

=== Epoch 17/1000 ===
[train] loss=5.3382 cls=0.4942 cme=2.2579 acc=0.9583 cells=158379
[ct_train] rechunked train graphs (seed=18)

=== Epoch 18/1000 ===
[train] loss=5.3142 cls=0.4895 cme=2.2491 acc=0.9593 cells=158379
[val]   loss=5.2969 eval=2.7126 cls=0.4564 cme=2.2562 acc=0.9630 cells=118036
[ct_train] saved best checkpoint (val_eval_loss=2.7126 val_acc=0.9630)
[ct_train] rechunked train graphs (seed=19)

=== Epoch 19/1000 ===
[train] loss=5.3102 cls=0.4856 cme=2.2489 acc=0.9602 cells=158379
[ct_train] rechunked train graphs (seed=20)

=== Epoch 20/1000 ===
[train] loss=5.2942 cls=0.4823 cme=2.2431 acc=0.9610 cells=158379
[val]   loss=5.2836 eval=2.7053 cls=0.4542 cme=2.2511 acc=0.9630 cells=118036
[ct_train] saved best checkpoint (val_eval_loss=2.7053 val_acc=0.9630)
[ct_train] rechunked train graphs (seed=21)

=== Epoch 21/1000 ===
[train] loss=5.2947 cls=0.4790 cme=2.2448 acc=0.9621 cells=158379
[ct_train] rechunked train graphs (seed=22)

=== Epoch 22/1000 ===
[train] loss=5.2796 cls=0.4762 cme=2.2391 acc=0.9625 cells=158379
[val]   loss=5.2765 eval=2.6997 cls=0.4497 cme=2.2500 acc=0.9642 cells=118036
[ct_train] saved best checkpoint (val_eval_loss=2.6997 val_acc=0.9642)
[ct_train] rechunked train graphs (seed=23)

=== Epoch 23/1000 ===
[train] loss=5.2719 cls=0.4727 cme=2.2373 acc=0.9634 cells=158379
[ct_train] rechunked train graphs (seed=24)

=== Epoch 24/1000 ===
[train] loss=5.2709 cls=0.4722 cme=2.2369 acc=0.9640 cells=158379
[val]   loss=5.2544 eval=2.6864 cls=0.4441 cme=2.2423 acc=0.9662 cells=118036
[ct_train] saved best checkpoint (val_eval_loss=2.6864 val_acc=0.9662)
[ct_train] rechunked train graphs (seed=25)

=== Epoch 25/1000 ===
[train] loss=5.2645 cls=0.4704 cme=2.2349 acc=0.9647 cells=158379
[ct_train] rechunked train graphs (seed=26)

=== Epoch 26/1000 ===
[train] loss=5.2633 cls=0.4682 cme=2.2353 acc=0.9646 cells=158379
[val]   loss=5.2539 eval=2.6853 cls=0.4424 cme=2.2429 acc=0.9667 cells=118036
[ct_train] saved best checkpoint (val_eval_loss=2.6853 val_acc=0.9667)
[ct_train] rechunked train graphs (seed=27)

=== Epoch 27/1000 ===
[train] loss=5.2431 cls=0.4652 cme=2.2274 acc=0.9657 cells=158379
[ct_train] rechunked train graphs (seed=28)

=== Epoch 28/1000 ===
[train] loss=5.2496 cls=0.4627 cme=2.2315 acc=0.9666 cells=158379
[val]   loss=5.2466 eval=2.6800 cls=0.4391 cme=2.2409 acc=0.9678 cells=118036
[ct_train] saved best checkpoint (val_eval_loss=2.6800 val_acc=0.9678)
[ct_train] rechunked train graphs (seed=29)

=== Epoch 29/1000 ===
[train] loss=5.2292 cls=0.4616 cme=2.2226 acc=0.9667 cells=158379
[ct_train] rechunked train graphs (seed=30)

=== Epoch 30/1000 ===
[train] loss=5.2339 cls=0.4609 cme=2.2251 acc=0.9666 cells=158379
[val]   loss=5.2438 eval=2.6776 cls=0.4366 cme=2.2410 acc=0.9688 cells=118036
[ct_train] saved best checkpoint (val_eval_loss=2.6776 val_acc=0.9688)
[ct_train] rechunked train graphs (seed=31)

=== Epoch 31/1000 ===
[train] loss=5.2294 cls=0.4598 cme=2.2236 acc=0.9670 cells=158379
[ct_train] rechunked train graphs (seed=32)

=== Epoch 32/1000 ===
[train] loss=5.2239 cls=0.4587 cme=2.2215 acc=0.9681 cells=158379
[val]   loss=5.2353 eval=2.6737 cls=0.4367 cme=2.2370 acc=0.9684 cells=118036
[ct_train] saved best checkpoint (val_eval_loss=2.6737 val_acc=0.9688)
[ct_train] rechunked train graphs (seed=33)

=== Epoch 33/1000 ===
[train] loss=5.2289 cls=0.4560 cme=2.2250 acc=0.9681 cells=158379
[ct_train] rechunked train graphs (seed=34)

=== Epoch 34/1000 ===
[train] loss=5.2189 cls=0.4549 cme=2.2209 acc=0.9685 cells=158379
[val]   loss=5.2280 eval=2.6694 cls=0.4348 cme=2.2346 acc=0.9690 cells=118036
[ct_train] saved best checkpoint (val_eval_loss=2.6694 val_acc=0.9690)
[ct_train] rechunked train graphs (seed=35)

=== Epoch 35/1000 ===
[train] loss=5.2042 cls=0.4524 cme=2.2153 acc=0.9683 cells=158379
[ct_train] rechunked train graphs (seed=36)

=== Epoch 36/1000 ===
[train] loss=5.2182 cls=0.4534 cme=2.2213 acc=0.9690 cells=158379
[val]   loss=5.2214 eval=2.6654 cls=0.4333 cme=2.2321 acc=0.9696 cells=118036
[ct_train] saved best checkpoint (val_eval_loss=2.6654 val_acc=0.9696)
[ct_train] rechunked train graphs (seed=37)

=== Epoch 37/1000 ===
[train] loss=5.2202 cls=0.4512 cme=2.2232 acc=0.9695 cells=158379
[ct_train] rechunked train graphs (seed=38)

=== Epoch 38/1000 ===
[train] loss=5.2072 cls=0.4509 cme=2.2174 acc=0.9692 cells=158379
[val]   loss=5.2325 eval=2.6692 cls=0.4308 cme=2.2384 acc=0.9700 cells=118036
[ct_train] early_stopping: no improve on val/eval_loss for 1/40 val checks
[ct_train] rechunked train graphs (seed=39)

=== Epoch 39/1000 ===
[train] loss=5.2073 cls=0.4479 cme=2.2188 acc=0.9701 cells=158379
[ct_train] rechunked train graphs (seed=40)

=== Epoch 40/1000 ===
[train] loss=5.1931 cls=0.4477 cme=2.2124 acc=0.9704 cells=158379
[val]   loss=5.2135 eval=2.6607 cls=0.4314 cme=2.2294 acc=0.9698 cells=118036
[ct_train] saved best checkpoint (val_eval_loss=2.6607 val_acc=0.9700)
[ct_train] rechunked train graphs (seed=41)

=== Epoch 41/1000 ===
[train] loss=5.1900 cls=0.4453 cme=2.2120 acc=0.9705 cells=158379
[ct_train] rechunked train graphs (seed=42)

=== Epoch 42/1000 ===
[train] loss=5.1757 cls=0.4451 cme=2.2055 acc=0.9709 cells=158379
[val]   loss=5.2020 eval=2.6535 cls=0.4282 cme=2.2253 acc=0.9705 cells=118036
[ct_train] saved best checkpoint (val_eval_loss=2.6535 val_acc=0.9705)
[ct_train] rechunked train graphs (seed=43)

=== Epoch 43/1000 ===
[train] loss=5.1945 cls=0.4441 cme=2.2147 acc=0.9710 cells=158379
[ct_train] rechunked train graphs (seed=44)

=== Epoch 44/1000 ===
[train] loss=5.1858 cls=0.4426 cme=2.2113 acc=0.9716 cells=158379
[val]   loss=5.2138 eval=2.6595 cls=0.4290 cme=2.2306 acc=0.9706 cells=118036
[ct_train] early_stopping: no improve on val/eval_loss for 1/40 val checks
[ct_train] rechunked train graphs (seed=45)

=== Epoch 45/1000 ===
[train] loss=5.1894 cls=0.4432 cme=2.2127 acc=0.9713 cells=158379
[ct_train] rechunked train graphs (seed=46)

=== Epoch 46/1000 ===
[train] loss=5.1887 cls=0.4414 cme=2.2132 acc=0.9719 cells=158379
[val]   loss=5.2014 eval=2.6530 cls=0.4276 cme=2.2254 acc=0.9708 cells=118036
[ct_train] saved best checkpoint (val_eval_loss=2.6530 val_acc=0.9708)
[ct_train] rechunked train graphs (seed=47)

=== Epoch 47/1000 ===
[train] loss=5.1808 cls=0.4409 cme=2.2099 acc=0.9723 cells=158379
[ct_train] rechunked train graphs (seed=48)

=== Epoch 48/1000 ===
[train] loss=5.1697 cls=0.4403 cme=2.2050 acc=0.9723 cells=158379
[val]   loss=5.2012 eval=2.6527 cls=0.4270 cme=2.2257 acc=0.9712 cells=118036
[ct_train] saved best checkpoint (val_eval_loss=2.6527 val_acc=0.9712)
[ct_train] rechunked train graphs (seed=49)

=== Epoch 49/1000 ===
[train] loss=5.1804 cls=0.4394 cme=2.2103 acc=0.9726 cells=158379
[ct_train] rechunked train graphs (seed=50)

=== Epoch 50/1000 ===
[train] loss=5.1680 cls=0.4388 cme=2.2049 acc=0.9728 cells=158379
[val]   loss=5.2029 eval=2.6522 cls=0.4248 cme=2.2274 acc=0.9714 cells=118036
[ct_train] saved best checkpoint (val_eval_loss=2.6522 val_acc=0.9714)
[ct_train] rechunked train graphs (seed=51)

=== Epoch 51/1000 ===
[train] loss=5.1575 cls=0.4373 cme=2.2007 acc=0.9730 cells=158379
[ct_train] rechunked train graphs (seed=52)

=== Epoch 52/1000 ===
[train] loss=5.1654 cls=0.4377 cme=2.2042 acc=0.9727 cells=158379
[val]   loss=5.1947 eval=2.6474 cls=0.4233 cme=2.2241 acc=0.9720 cells=118036
[ct_train] saved best checkpoint (val_eval_loss=2.6474 val_acc=0.9720)
[ct_train] rechunked train graphs (seed=53)

=== Epoch 53/1000 ===
[train] loss=5.1480 cls=0.4356 cme=2.1971 acc=0.9733 cells=158379
[ct_train] rechunked train graphs (seed=54)

=== Epoch 54/1000 ===
[train] loss=5.1594 cls=0.4357 cme=2.2024 acc=0.9735 cells=158379
[val]   loss=5.1963 eval=2.6486 cls=0.4239 cme=2.2247 acc=0.9717 cells=118036
[ct_train] early_stopping: no improve on val/eval_loss for 1/40 val checks
[ct_train] rechunked train graphs (seed=55)

=== Epoch 55/1000 ===
[train] loss=5.1593 cls=0.4347 cme=2.2026 acc=0.9738 cells=158379
[ct_train] rechunked train graphs (seed=56)

=== Epoch 56/1000 ===
[train] loss=5.1508 cls=0.4343 cme=2.1990 acc=0.9742 cells=158379
[val]   loss=5.1858 eval=2.6437 cls=0.4239 cme=2.2199 acc=0.9715 cells=118036
[ct_train] saved best checkpoint (val_eval_loss=2.6437 val_acc=0.9720)
[ct_train] rechunked train graphs (seed=57)

=== Epoch 57/1000 ===
[train] loss=5.1485 cls=0.4334 cme=2.1983 acc=0.9742 cells=158379
[ct_train] rechunked train graphs (seed=58)

=== Epoch 58/1000 ===
[train] loss=5.1504 cls=0.4326 cme=2.1997 acc=0.9743 cells=158379
[val]   loss=5.1899 eval=2.6450 cls=0.4225 cme=2.2225 acc=0.9719 cells=118036
[ct_train] early_stopping: no improve on val/eval_loss for 1/40 val checks
[ct_train] rechunked train graphs (seed=59)

=== Epoch 59/1000 ===
[train] loss=5.1493 cls=0.4326 cme=2.1991 acc=0.9745 cells=158379
[ct_train] rechunked train graphs (seed=60)

=== Epoch 60/1000 ===
[train] loss=5.1463 cls=0.4310 cme=2.1985 acc=0.9748 cells=158379
[val]   loss=5.1900 eval=2.6451 cls=0.4225 cme=2.2226 acc=0.9719 cells=118036
[ct_train] early_stopping: no improve on val/eval_loss for 2/40 val checks
[ct_train] rechunked train graphs (seed=61)

=== Epoch 61/1000 ===
[train] loss=5.1423 cls=0.4315 cme=2.1963 acc=0.9747 cells=158379
[ct_train] rechunked train graphs (seed=62)

=== Epoch 62/1000 ===
[train] loss=5.1521 cls=0.4315 cme=2.2008 acc=0.9745 cells=158379
[val]   loss=5.1859 eval=2.6446 cls=0.4249 cme=2.2198 acc=0.9706 cells=118036
[ct_train] early_stopping: no improve on val/eval_loss for 3/40 val checks
[ct_train] rechunked train graphs (seed=63)

=== Epoch 63/1000 ===
[train] loss=5.1298 cls=0.4296 cme=2.1915 acc=0.9752 cells=158379
[ct_train] rechunked train graphs (seed=64)

=== Epoch 64/1000 ===
[train] loss=5.1403 cls=0.4293 cme=2.1964 acc=0.9753 cells=158379
[val]   loss=5.1915 eval=2.6442 cls=0.4193 cme=2.2249 acc=0.9726 cells=118036
[ct_train] early_stopping: no improve on val/eval_loss for 4/40 val checks
[ct_train] rechunked train graphs (seed=65)

=== Epoch 65/1000 ===
[train] loss=5.1477 cls=0.4299 cme=2.1996 acc=0.9753 cells=158379
[ct_train] rechunked train graphs (seed=66)

=== Epoch 66/1000 ===
[train] loss=5.1397 cls=0.4276 cme=2.1969 acc=0.9756 cells=158379
[val]   loss=5.1840 eval=2.6409 cls=0.4199 cme=2.2209 acc=0.9726 cells=118036
[ct_train] saved best checkpoint (val_eval_loss=2.6409 val_acc=0.9726)
[ct_train] rechunked train graphs (seed=67)

=== Epoch 67/1000 ===
[train] loss=5.1354 cls=0.4279 cme=2.1948 acc=0.9758 cells=158379
[ct_train] rechunked train graphs (seed=68)

=== Epoch 68/1000 ===
[train] loss=5.1247 cls=0.4265 cme=2.1906 acc=0.9756 cells=158379
[val]   loss=5.1875 eval=2.6420 cls=0.4189 cme=2.2231 acc=0.9731 cells=118036
[ct_train] early_stopping: no improve on val/eval_loss for 1/40 val checks
[ct_train] rechunked train graphs (seed=69)

=== Epoch 69/1000 ===
[train] loss=5.1348 cls=0.4276 cme=2.1947 acc=0.9759 cells=158379
[ct_train] rechunked train graphs (seed=70)

=== Epoch 70/1000 ===
[train] loss=5.1383 cls=0.4271 cme=2.1965 acc=0.9763 cells=158379
[val]   loss=5.1858 eval=2.6418 cls=0.4197 cme=2.2221 acc=0.9724 cells=118036
[ct_train] early_stopping: no improve on val/eval_loss for 2/40 val checks
[ct_train] rechunked train graphs (seed=71)

=== Epoch 71/1000 ===
[train] loss=5.1217 cls=0.4261 cme=2.1894 acc=0.9764 cells=158379
[ct_train] rechunked train graphs (seed=72)

=== Epoch 72/1000 ===
[train] loss=5.1426 cls=0.4255 cme=2.1992 acc=0.9767 cells=158379
[val]   loss=5.1755 eval=2.6368 cls=0.4193 cme=2.2174 acc=0.9729 cells=118036
[ct_train] saved best checkpoint (val_eval_loss=2.6368 val_acc=0.9731)
[ct_train] rechunked train graphs (seed=73)

=== Epoch 73/1000 ===
[train] loss=5.1178 cls=0.4247 cme=2.1882 acc=0.9765 cells=158379
[ct_train] rechunked train graphs (seed=74)

=== Epoch 74/1000 ===
[train] loss=5.1151 cls=0.4252 cme=2.1868 acc=0.9766 cells=158379
[val]   loss=5.1719 eval=2.6342 cls=0.4181 cme=2.2160 acc=0.9728 cells=118036
[ct_train] saved best checkpoint (val_eval_loss=2.6342 val_acc=0.9731)
[ct_train] rechunked train graphs (seed=75)

=== Epoch 75/1000 ===
[train] loss=5.1136 cls=0.4249 cme=2.1861 acc=0.9765 cells=158379
[ct_train] rechunked train graphs (seed=76)

=== Epoch 76/1000 ===
[train] loss=5.1260 cls=0.4245 cme=2.1921 acc=0.9767 cells=158379
[val]   loss=5.1694 eval=2.6331 cls=0.4179 cme=2.2153 acc=0.9736 cells=118036
[ct_train] saved best checkpoint (val_eval_loss=2.6331 val_acc=0.9736)
[ct_train] rechunked train graphs (seed=77)

=== Epoch 77/1000 ===
[train] loss=5.1243 cls=0.4230 cme=2.1920 acc=0.9769 cells=158379
[ct_train] rechunked train graphs (seed=78)

=== Epoch 78/1000 ===
[train] loss=5.1161 cls=0.4226 cme=2.1884 acc=0.9769 cells=158379
[val]   loss=5.1814 eval=2.6389 cls=0.4187 cme=2.2203 acc=0.9727 cells=118036
[ct_train] early_stopping: no improve on val/eval_loss for 1/40 val checks
[ct_train] rechunked train graphs (seed=79)

=== Epoch 79/1000 ===
[train] loss=5.1161 cls=0.4223 cme=2.1885 acc=0.9770 cells=158379
[ct_train] rechunked train graphs (seed=80)

=== Epoch 80/1000 ===
[train] loss=5.1080 cls=0.4218 cme=2.1850 acc=0.9772 cells=158379
[val]   loss=5.1727 eval=2.6334 cls=0.4158 cme=2.2177 acc=0.9738 cells=118036
[ct_train] early_stopping: no improve on val/eval_loss for 2/40 val checks
[ct_train] rechunked train graphs (seed=81)

=== Epoch 81/1000 ===
[train] loss=5.1134 cls=0.4221 cme=2.1874 acc=0.9771 cells=158379
[ct_train] rechunked train graphs (seed=82)

=== Epoch 82/1000 ===
[train] loss=5.1127 cls=0.4210 cme=2.1875 acc=0.9776 cells=158379
[val]   loss=5.1739 eval=2.6352 cls=0.4176 cme=2.2176 acc=0.9729 cells=118036
[ct_train] early_stopping: no improve on val/eval_loss for 3/40 val checks
[ct_train] rechunked train graphs (seed=83)

=== Epoch 83/1000 ===
[train] loss=5.1071 cls=0.4199 cme=2.1854 acc=0.9779 cells=158379
[ct_train] rechunked train graphs (seed=84)

=== Epoch 84/1000 ===
[train] loss=5.1047 cls=0.4198 cme=2.1845 acc=0.9780 cells=158379
[val]   loss=5.1705 eval=2.6328 cls=0.4163 cme=2.2164 acc=0.9734 cells=118036
[ct_train] saved best checkpoint (val_eval_loss=2.6328 val_acc=0.9738)
[ct_train] rechunked train graphs (seed=85)

=== Epoch 85/1000 ===
[train] loss=5.1039 cls=0.4195 cme=2.1841 acc=0.9779 cells=158379
[ct_train] rechunked train graphs (seed=86)

=== Epoch 86/1000 ===
[train] loss=5.1219 cls=0.4202 cme=2.1922 acc=0.9782 cells=158379
[val]   loss=5.1682 eval=2.6310 cls=0.4149 cme=2.2160 acc=0.9740 cells=118036
[ct_train] saved best checkpoint (val_eval_loss=2.6310 val_acc=0.9740)
[ct_train] rechunked train graphs (seed=87)

=== Epoch 87/1000 ===
[train] loss=5.0940 cls=0.4184 cme=2.1801 acc=0.9783 cells=158379
[ct_train] rechunked train graphs (seed=88)

=== Epoch 88/1000 ===
[train] loss=5.1096 cls=0.4190 cme=2.1870 acc=0.9781 cells=158379
[val]   loss=5.1678 eval=2.6312 cls=0.4157 cme=2.2155 acc=0.9739 cells=118036
[ct_train] early_stopping: no improve on val/eval_loss for 1/40 val checks
[ct_train] rechunked train graphs (seed=89)

=== Epoch 89/1000 ===
[train] loss=5.0938 cls=0.4191 cme=2.1798 acc=0.9780 cells=158379
[ct_train] rechunked train graphs (seed=90)

=== Epoch 90/1000 ===
[train] loss=5.1024 cls=0.4186 cme=2.1839 acc=0.9783 cells=158379
[val]   loss=5.1668 eval=2.6306 cls=0.4157 cme=2.2150 acc=0.9740 cells=118036
[ct_train] saved best checkpoint (val_eval_loss=2.6306 val_acc=0.9740)
[ct_train] rechunked train graphs (seed=91)

=== Epoch 91/1000 ===
[train] loss=5.0982 cls=0.4184 cme=2.1820 acc=0.9784 cells=158379
[ct_train] rechunked train graphs (seed=92)

=== Epoch 92/1000 ===
[train] loss=5.0951 cls=0.4178 cme=2.1809 acc=0.9785 cells=158379
[val]   loss=5.1730 eval=2.6339 cls=0.4161 cme=2.2178 acc=0.9736 cells=118036
[ct_train] early_stopping: no improve on val/eval_loss for 1/40 val checks
[ct_train] rechunked train graphs (seed=93)

=== Epoch 93/1000 ===
[train] loss=5.0884 cls=0.4169 cme=2.1782 acc=0.9783 cells=158379
[ct_train] rechunked train graphs (seed=94)

=== Epoch 94/1000 ===
[train] loss=5.0927 cls=0.4181 cme=2.1796 acc=0.9788 cells=158379
[val]   loss=5.1659 eval=2.6304 cls=0.4158 cme=2.2146 acc=0.9737 cells=118036
[ct_train] saved best checkpoint (val_eval_loss=2.6304 val_acc=0.9740)
[ct_train] early_stopping: no improve on val/eval_loss for 2/40 val checks
[ct_train] rechunked train graphs (seed=95)

=== Epoch 95/1000 ===
[train] loss=5.0838 cls=0.4157 cme=2.1767 acc=0.9792 cells=158379
[ct_train] rechunked train graphs (seed=96)

=== Epoch 96/1000 ===
[train] loss=5.0939 cls=0.4167 cme=2.1808 acc=0.9791 cells=158379
[val]   loss=5.1608 eval=2.6276 cls=0.4153 cme=2.2123 acc=0.9737 cells=118036
[ct_train] saved best checkpoint (val_eval_loss=2.6276 val_acc=0.9740)
[ct_train] rechunked train graphs (seed=97)

=== Epoch 97/1000 ===
[train] loss=5.0904 cls=0.4153 cme=2.1799 acc=0.9790 cells=158379
[ct_train] rechunked train graphs (seed=98)

=== Epoch 98/1000 ===
[train] loss=5.0962 cls=0.4150 cme=2.1827 acc=0.9794 cells=158379
[val]   loss=5.1645 eval=2.6300 cls=0.4160 cme=2.2140 acc=0.9734 cells=118036
[ct_train] early_stopping: no improve on val/eval_loss for 1/40 val checks
[ct_train] rechunked train graphs (seed=99)

=== Epoch 99/1000 ===
[train] loss=5.0920 cls=0.4146 cme=2.1810 acc=0.9795 cells=158379
[ct_train] rechunked train graphs (seed=100)

=== Epoch 100/1000 ===
[train] loss=5.0897 cls=0.4149 cme=2.1798 acc=0.9795 cells=158379
[val]   loss=5.1661 eval=2.6313 cls=0.4172 cme=2.2141 acc=0.9735 cells=118036
[ct_train] early_stopping: no improve on val/eval_loss for 2/40 val checks
[ct_train] rechunked train graphs (seed=101)

=== Epoch 101/1000 ===
[train] loss=5.0818 cls=0.4134 cme=2.1768 acc=0.9794 cells=158379
[ct_train] rechunked train graphs (seed=102)

=== Epoch 102/1000 ===
[train] loss=5.0870 cls=0.4136 cme=2.1790 acc=0.9801 cells=158379
[val]   loss=5.1641 eval=2.6290 cls=0.4146 cme=2.2143 acc=0.9739 cells=118036
[ct_train] early_stopping: no improve on val/eval_loss for 3/40 val checks
[ct_train] rechunked train graphs (seed=103)

=== Epoch 103/1000 ===
[train] loss=5.0832 cls=0.4134 cme=2.1774 acc=0.9802 cells=158379
[ct_train] rechunked train graphs (seed=104)

=== Epoch 104/1000 ===
[train] loss=5.0758 cls=0.4130 cme=2.1742 acc=0.9796 cells=158379
[val]   loss=5.1742 eval=2.6335 cls=0.4143 cme=2.2192 acc=0.9741 cells=118036
[ct_train] early_stopping: no improve on val/eval_loss for 4/40 val checks
[ct_train] rechunked train graphs (seed=105)

=== Epoch 105/1000 ===
[train] loss=5.0887 cls=0.4131 cme=2.1801 acc=0.9797 cells=158379
[ct_train] rechunked train graphs (seed=106)

=== Epoch 106/1000 ===
[train] loss=5.0748 cls=0.4129 cme=2.1738 acc=0.9796 cells=158379
[val]   loss=5.1630 eval=2.6288 cls=0.4156 cme=2.2132 acc=0.9739 cells=118036
[ct_train] early_stopping: no improve on val/eval_loss for 5/40 val checks
[ct_train] rechunked train graphs (seed=107)

=== Epoch 107/1000 ===
[train] loss=5.0784 cls=0.4127 cme=2.1755 acc=0.9799 cells=158379
[ct_train] rechunked train graphs (seed=108)

=== Epoch 108/1000 ===
[train] loss=5.0828 cls=0.4128 cme=2.1776 acc=0.9800 cells=158379
[val]   loss=5.1592 eval=2.6264 cls=0.4142 cme=2.2122 acc=0.9740 cells=118036
[ct_train] saved best checkpoint (val_eval_loss=2.6264 val_acc=0.9741)
[ct_train] rechunked train graphs (seed=109)

=== Epoch 109/1000 ===
[train] loss=5.0778 cls=0.4122 cme=2.1754 acc=0.9801 cells=158379
[ct_train] rechunked train graphs (seed=110)

=== Epoch 110/1000 ===
[train] loss=5.0747 cls=0.4117 cme=2.1743 acc=0.9802 cells=158379
[val]   loss=5.1597 eval=2.6280 cls=0.4163 cme=2.2117 acc=0.9732 cells=118036
[ct_train] early_stopping: no improve on val/eval_loss for 1/40 val checks
[ct_train] rechunked train graphs (seed=111)

=== Epoch 111/1000 ===
[train] loss=5.0711 cls=0.4118 cme=2.1726 acc=0.9798 cells=158379
[ct_train] rechunked train graphs (seed=112)

=== Epoch 112/1000 ===
[train] loss=5.0625 cls=0.4112 cme=2.1688 acc=0.9805 cells=158379
[val]   loss=5.1559 eval=2.6252 cls=0.4145 cme=2.2107 acc=0.9739 cells=118036
[ct_train] saved best checkpoint (val_eval_loss=2.6252 val_acc=0.9741)
[ct_train] rechunked train graphs (seed=113)

=== Epoch 113/1000 ===
[train] loss=5.0753 cls=0.4110 cme=2.1750 acc=0.9807 cells=158379
[ct_train] rechunked train graphs (seed=114)

=== Epoch 114/1000 ===
[train] loss=5.0798 cls=0.4111 cme=2.1769 acc=0.9805 cells=158379
[val]   loss=5.1550 eval=2.6247 cls=0.4144 cme=2.2103 acc=0.9744 cells=118036
[ct_train] saved best checkpoint (val_eval_loss=2.6247 val_acc=0.9744)
[ct_train] rechunked train graphs (seed=115)

=== Epoch 115/1000 ===
[train] loss=5.0724 cls=0.4096 cme=2.1743 acc=0.9807 cells=158379
[ct_train] rechunked train graphs (seed=116)

=== Epoch 116/1000 ===
[train] loss=5.0727 cls=0.4104 cme=2.1739 acc=0.9808 cells=158379
[val]   loss=5.1581 eval=2.6262 cls=0.4142 cme=2.2120 acc=0.9738 cells=118036
[ct_train] early_stopping: no improve on val/eval_loss for 1/40 val checks
[ct_train] rechunked train graphs (seed=117)

=== Epoch 117/1000 ===
[train] loss=5.0674 cls=0.4100 cme=2.1717 acc=0.9807 cells=158379
[ct_train] rechunked train graphs (seed=118)

=== Epoch 118/1000 ===
[train] loss=5.0577 cls=0.4097 cme=2.1673 acc=0.9806 cells=158379
[val]   loss=5.1635 eval=2.6290 cls=0.4150 cme=2.2140 acc=0.9740 cells=118036
[ct_train] early_stopping: no improve on val/eval_loss for 2/40 val checks
[ct_train] rechunked train graphs (seed=119)

=== Epoch 119/1000 ===
[train] loss=5.0633 cls=0.4085 cme=2.1705 acc=0.9813 cells=158379
[ct_train] rechunked train graphs (seed=120)

=== Epoch 120/1000 ===
[train] loss=5.0629 cls=0.4088 cme=2.1701 acc=0.9813 cells=158379
[val]   loss=5.1768 eval=2.6350 cls=0.4144 cme=2.2206 acc=0.9739 cells=118036
[ct_train] early_stopping: no improve on val/eval_loss for 3/40 val checks
[ct_train] rechunked train graphs (seed=121)

=== Epoch 121/1000 ===
[train] loss=5.0610 cls=0.4083 cme=2.1695 acc=0.9813 cells=158379
[ct_train] rechunked train graphs (seed=122)

=== Epoch 122/1000 ===
[train] loss=5.0536 cls=0.4085 cme=2.1660 acc=0.9812 cells=158379
[val]   loss=5.1610 eval=2.6274 cls=0.4142 cme=2.2132 acc=0.9740 cells=118036
[ct_train] early_stopping: no improve on val/eval_loss for 4/40 val checks
[ct_train] rechunked train graphs (seed=123)

=== Epoch 123/1000 ===
[train] loss=5.0648 cls=0.4081 cme=2.1714 acc=0.9813 cells=158379
[ct_train] rechunked train graphs (seed=124)

=== Epoch 124/1000 ===
[train] loss=5.0484 cls=0.4069 cme=2.1643 acc=0.9817 cells=158379
[val]   loss=5.1553 eval=2.6243 cls=0.4135 cme=2.2108 acc=0.9746 cells=118036
[ct_train] saved best checkpoint (val_eval_loss=2.6243 val_acc=0.9746)
[ct_train] rechunked train graphs (seed=125)

=== Epoch 125/1000 ===
[train] loss=5.0722 cls=0.4083 cme=2.1747 acc=0.9815 cells=158379
[ct_train] rechunked train graphs (seed=126)

=== Epoch 126/1000 ===
[train] loss=5.0617 cls=0.4077 cme=2.1702 acc=0.9819 cells=158379
[val]   loss=5.1590 eval=2.6262 cls=0.4139 cme=2.2123 acc=0.9740 cells=118036
[ct_train] early_stopping: no improve on val/eval_loss for 1/40 val checks
[ct_train] rechunked train graphs (seed=127)

=== Epoch 127/1000 ===
[train] loss=5.0535 cls=0.4079 cme=2.1663 acc=0.9815 cells=158379
[ct_train] rechunked train graphs (seed=128)

=== Epoch 128/1000 ===
[train] loss=5.0689 cls=0.4072 cme=2.1736 acc=0.9818 cells=158379
[val]   loss=5.1734 eval=2.6332 cls=0.4142 cme=2.2190 acc=0.9743 cells=118036
[ct_train] early_stopping: no improve on val/eval_loss for 2/40 val checks
[ct_train] rechunked train graphs (seed=129)

=== Epoch 129/1000 ===
[train] loss=5.0533 cls=0.4058 cme=2.1671 acc=0.9823 cells=158379
[ct_train] rechunked train graphs (seed=130)

=== Epoch 130/1000 ===
[train] loss=5.0476 cls=0.4052 cme=2.1648 acc=0.9825 cells=158379
[val]   loss=5.1627 eval=2.6274 cls=0.4125 cme=2.2149 acc=0.9748 cells=118036
[ct_train] early_stopping: no improve on val/eval_loss for 3/40 val checks
[ct_train] rechunked train graphs (seed=131)

=== Epoch 131/1000 ===
[train] loss=5.0534 cls=0.4050 cme=2.1676 acc=0.9821 cells=158379
[ct_train] rechunked train graphs (seed=132)

=== Epoch 132/1000 ===
[train] loss=5.0540 cls=0.4046 cme=2.1680 acc=0.9825 cells=158379
[val]   loss=5.1515 eval=2.6222 cls=0.4132 cme=2.2090 acc=0.9745 cells=118036
[ct_train] saved best checkpoint (val_eval_loss=2.6222 val_acc=0.9748)
[ct_train] rechunked train graphs (seed=133)

=== Epoch 133/1000 ===
[train] loss=5.0476 cls=0.4051 cme=2.1648 acc=0.9824 cells=158379
[ct_train] rechunked train graphs (seed=134)

=== Epoch 134/1000 ===
[train] loss=5.0632 cls=0.4051 cme=2.1720 acc=0.9826 cells=158379
[val]   loss=5.1841 eval=2.6378 cls=0.4139 cme=2.2239 acc=0.9744 cells=118036
[ct_train] early_stopping: no improve on val/eval_loss for 1/40 val checks
[ct_train] rechunked train graphs (seed=135)

=== Epoch 135/1000 ===
[train] loss=5.0511 cls=0.4055 cme=2.1662 acc=0.9822 cells=158379
[ct_train] rechunked train graphs (seed=136)

=== Epoch 136/1000 ===
[train] loss=5.0454 cls=0.4047 cme=2.1639 acc=0.9826 cells=158379
[val]   loss=5.1564 eval=2.6243 cls=0.4122 cme=2.2121 acc=0.9751 cells=118036
[ct_train] early_stopping: no improve on val/eval_loss for 2/40 val checks
[ct_train] rechunked train graphs (seed=137)

=== Epoch 137/1000 ===
[train] loss=5.0592 cls=0.4043 cme=2.1705 acc=0.9825 cells=158379
[ct_train] rechunked train graphs (seed=138)

=== Epoch 138/1000 ===
[train] loss=5.0459 cls=0.4043 cme=2.1645 acc=0.9826 cells=158379
[val]   loss=5.1548 eval=2.6237 cls=0.4133 cme=2.2105 acc=0.9746 cells=118036
[ct_train] early_stopping: no improve on val/eval_loss for 3/40 val checks
[ct_train] rechunked train graphs (seed=139)

=== Epoch 139/1000 ===
[train] loss=5.0467 cls=0.4042 cme=2.1648 acc=0.9829 cells=158379
[ct_train] rechunked train graphs (seed=140)

=== Epoch 140/1000 ===
[train] loss=5.0620 cls=0.4039 cme=2.1720 acc=0.9827 cells=158379
[val]   loss=5.1576 eval=2.6247 cls=0.4123 cme=2.2124 acc=0.9754 cells=118036
[ct_train] early_stopping: no improve on val/eval_loss for 4/40 val checks
[ct_train] rechunked train graphs (seed=141)

=== Epoch 141/1000 ===
[train] loss=5.0409 cls=0.4031 cme=2.1626 acc=0.9829 cells=158379
[ct_train] rechunked train graphs (seed=142)

=== Epoch 142/1000 ===
[train] loss=5.0440 cls=0.4030 cme=2.1641 acc=0.9832 cells=158379
[val]   loss=5.1557 eval=2.6244 cls=0.4132 cme=2.2112 acc=0.9747 cells=118036
[ct_train] early_stopping: no improve on val/eval_loss for 5/40 val checks
[ct_train] rechunked train graphs (seed=143)

=== Epoch 143/1000 ===
[train] loss=5.0398 cls=0.4031 cme=2.1621 acc=0.9829 cells=158379
[ct_train] rechunked train graphs (seed=144)

=== Epoch 144/1000 ===
[train] loss=5.0494 cls=0.4028 cme=2.1667 acc=0.9833 cells=158379
[val]   loss=5.1610 eval=2.6269 cls=0.4129 cme=2.2140 acc=0.9743 cells=118036
[ct_train] early_stopping: no improve on val/eval_loss for 6/40 val checks
[ct_train] rechunked train graphs (seed=145)

=== Epoch 145/1000 ===
[train] loss=5.0380 cls=0.4026 cme=2.1616 acc=0.9828 cells=158379
[ct_train] rechunked train graphs (seed=146)

=== Epoch 146/1000 ===
[train] loss=5.0491 cls=0.4026 cme=2.1667 acc=0.9833 cells=158379
[val]   loss=5.1542 eval=2.6237 cls=0.4133 cme=2.2104 acc=0.9745 cells=118036
[ct_train] early_stopping: no improve on val/eval_loss for 7/40 val checks
[ct_train] rechunked train graphs (seed=147)

=== Epoch 147/1000 ===
[train] loss=5.0390 cls=0.4015 cme=2.1626 acc=0.9834 cells=158379
[ct_train] rechunked train graphs (seed=148)

=== Epoch 148/1000 ===
[train] loss=5.0421 cls=0.4018 cme=2.1637 acc=0.9836 cells=158379
[val]   loss=5.1512 eval=2.6223 cls=0.4131 cme=2.2092 acc=0.9746 cells=118036
[ct_train] early_stopping: no improve on val/eval_loss for 8/40 val checks
[ct_train] rechunked train graphs (seed=149)

=== Epoch 149/1000 ===
[train] loss=5.0354 cls=0.4012 cme=2.1610 acc=0.9837 cells=158379
[ct_train] rechunked train graphs (seed=150)

=== Epoch 150/1000 ===
[train] loss=5.0265 cls=0.4010 cme=2.1569 acc=0.9837 cells=158379
[val]   loss=5.1577 eval=2.6257 cls=0.4138 cme=2.2118 acc=0.9742 cells=118036
[ct_train] early_stopping: no improve on val/eval_loss for 9/40 val checks
[ct_train] rechunked train graphs (seed=151)

=== Epoch 151/1000 ===
[train] loss=5.0391 cls=0.4009 cme=2.1629 acc=0.9838 cells=158379
[ct_train] rechunked train graphs (seed=152)

=== Epoch 152/1000 ===
[train] loss=5.0369 cls=0.4004 cme=2.1620 acc=0.9839 cells=158379
[val]   loss=5.1548 eval=2.6246 cls=0.4146 cme=2.2100 acc=0.9741 cells=118036
[ct_train] early_stopping: no improve on val/eval_loss for 10/40 val checks
[ct_train] rechunked train graphs (seed=153)

=== Epoch 153/1000 ===
[train] loss=5.0390 cls=0.4012 cme=2.1626 acc=0.9838 cells=158379
[ct_train] rechunked train graphs (seed=154)

=== Epoch 154/1000 ===
[train] loss=5.0282 cls=0.4002 cme=2.1581 acc=0.9840 cells=158379
[val]   loss=5.1558 eval=2.6241 cls=0.4123 cme=2.2117 acc=0.9752 cells=118036
[ct_train] early_stopping: no improve on val/eval_loss for 11/40 val checks
[ct_train] rechunked train graphs (seed=155)

=== Epoch 155/1000 ===
[train] loss=5.0325 cls=0.4003 cme=2.1600 acc=0.9843 cells=158379
[ct_train] rechunked train graphs (seed=156)

=== Epoch 156/1000 ===
[train] loss=5.0311 cls=0.3999 cme=2.1596 acc=0.9841 cells=158379
[val]   loss=5.1616 eval=2.6285 cls=0.4155 cme=2.2130 acc=0.9743 cells=118036
[ct_train] early_stopping: no improve on val/eval_loss for 12/40 val checks
[ct_train] rechunked train graphs (seed=157)

=== Epoch 157/1000 ===
[train] loss=5.0275 cls=0.4001 cme=2.1579 acc=0.9839 cells=158379
[ct_train] rechunked train graphs (seed=158)

=== Epoch 158/1000 ===
[train] loss=5.0327 cls=0.3998 cme=2.1604 acc=0.9838 cells=158379
[val]   loss=5.1574 eval=2.6251 cls=0.4130 cme=2.2121 acc=0.9748 cells=118036
[ct_train] early_stopping: no improve on val/eval_loss for 13/40 val checks
[ct_train] rechunked train graphs (seed=159)

=== Epoch 159/1000 ===
[train] loss=5.0344 cls=0.4005 cme=2.1608 acc=0.9838 cells=158379
[ct_train] rechunked train graphs (seed=160)

=== Epoch 160/1000 ===
[train] loss=5.0381 cls=0.3999 cme=2.1628 acc=0.9837 cells=158379
[val]   loss=5.1635 eval=2.6288 cls=0.4145 cme=2.2143 acc=0.9744 cells=118036
[ct_train] early_stopping: no improve on val/eval_loss for 14/40 val checks
[ct_train] rechunked train graphs (seed=161)

=== Epoch 161/1000 ===
[train] loss=5.0343 cls=0.3987 cme=2.1617 acc=0.9843 cells=158379
[ct_train] rechunked train graphs (seed=162)

=== Epoch 162/1000 ===
[train] loss=5.0259 cls=0.3988 cme=2.1577 acc=0.9842 cells=158379
[val]   loss=5.1812 eval=2.6361 cls=0.4130 cme=2.2231 acc=0.9745 cells=118036
[ct_train] early_stopping: no improve on val/eval_loss for 15/40 val checks
[ct_train] rechunked train graphs (seed=163)

=== Epoch 163/1000 ===
[train] loss=5.0328 cls=0.3990 cme=2.1608 acc=0.9845 cells=158379
[ct_train] rechunked train graphs (seed=164)

=== Epoch 164/1000 ===
[train] loss=5.0328 cls=0.3972 cme=2.1615 acc=0.9851 cells=158379
[val]   loss=5.1645 eval=2.6299 cls=0.4157 cme=2.2142 acc=0.9741 cells=118036
[ct_train] early_stopping: no improve on val/eval_loss for 16/40 val checks
[ct_train] rechunked train graphs (seed=165)

=== Epoch 165/1000 ===
[train] loss=5.0296 cls=0.3985 cme=2.1596 acc=0.9846 cells=158379
[ct_train] rechunked train graphs (seed=166)

=== Epoch 166/1000 ===
[train] loss=5.0159 cls=0.3967 cme=2.1540 acc=0.9851 cells=158379
[val]   loss=5.1546 eval=2.6245 cls=0.4142 cme=2.2103 acc=0.9746 cells=118036
[ct_train] early_stopping: no improve on val/eval_loss for 17/40 val checks
[ct_train] rechunked train graphs (seed=167)

=== Epoch 167/1000 ===
[train] loss=5.0290 cls=0.3969 cme=2.1600 acc=0.9850 cells=158379
[ct_train] rechunked train graphs (seed=168)

=== Epoch 168/1000 ===
[train] loss=5.0287 cls=0.3965 cme=2.1600 acc=0.9851 cells=158379
[val]   loss=5.1564 eval=2.6247 cls=0.4134 cme=2.2113 acc=0.9745 cells=118036
[ct_train] early_stopping: no improve on val/eval_loss for 18/40 val checks
[ct_train] rechunked train graphs (seed=169)

=== Epoch 169/1000 ===
[train] loss=5.0081 cls=0.3966 cme=2.1505 acc=0.9850 cells=158379
[ct_train] rechunked train graphs (seed=170)

=== Epoch 170/1000 ===
[train] loss=5.0195 cls=0.3969 cme=2.1556 acc=0.9850 cells=158379
[val]   loss=5.1640 eval=2.6284 cls=0.4131 cme=2.2152 acc=0.9749 cells=118036
[ct_train] early_stopping: no improve on val/eval_loss for 19/40 val checks
[ct_train] rechunked train graphs (seed=171)

=== Epoch 171/1000 ===
[train] loss=5.0327 cls=0.3975 cme=2.1615 acc=0.9851 cells=158379
[ct_train] rechunked train graphs (seed=172)

=== Epoch 172/1000 ===
[train] loss=5.0187 cls=0.3964 cme=2.1554 acc=0.9853 cells=158379
[val]   loss=5.1613 eval=2.6274 cls=0.4135 cme=2.2138 acc=0.9749 cells=118036
[ct_train] early_stopping: no improve on val/eval_loss for 20/40 val checks
[ct_train] rechunked train graphs (seed=173)

=== Epoch 173/1000 ===
[train] loss=5.0190 cls=0.3969 cme=2.1553 acc=0.9848 cells=158379
[ct_train] rechunked train graphs (seed=174)

=== Epoch 174/1000 ===
[train] loss=5.0154 cls=0.3969 cme=2.1537 acc=0.9850 cells=158379
[val]   loss=5.1717 eval=2.6336 cls=0.4160 cme=2.2176 acc=0.9736 cells=118036
[ct_train] early_stopping: no improve on val/eval_loss for 21/40 val checks
[ct_train] rechunked train graphs (seed=175)

=== Epoch 175/1000 ===
[train] loss=5.0175 cls=0.3961 cme=2.1551 acc=0.9852 cells=158379
[ct_train] rechunked train graphs (seed=176)

=== Epoch 176/1000 ===
[train] loss=5.0142 cls=0.3959 cme=2.1537 acc=0.9852 cells=158379
[val]   loss=5.1546 eval=2.6242 cls=0.4136 cme=2.2106 acc=0.9745 cells=118036
[ct_train] early_stopping: no improve on val/eval_loss for 22/40 val checks
[ct_train] rechunked train graphs (seed=177)

=== Epoch 177/1000 ===
[train] loss=5.0231 cls=0.3961 cme=2.1576 acc=0.9854 cells=158379
[ct_train] rechunked train graphs (seed=178)

=== Epoch 178/1000 ===
[train] loss=5.0212 cls=0.3961 cme=2.1568 acc=0.9852 cells=158379
[val]   loss=5.1603 eval=2.6276 cls=0.4148 cme=2.2127 acc=0.9743 cells=118036
[ct_train] early_stopping: no improve on val/eval_loss for 23/40 val checks
[ct_train] rechunked train graphs (seed=179)

=== Epoch 179/1000 ===
[train] loss=5.0117 cls=0.3953 cme=2.1528 acc=0.9855 cells=158379
[ct_train] rechunked train graphs (seed=180)

=== Epoch 180/1000 ===
[train] loss=5.0091 cls=0.3953 cme=2.1516 acc=0.9857 cells=158379
[val]   loss=5.1659 eval=2.6305 cls=0.4157 cme=2.2148 acc=0.9741 cells=118036
[ct_train] early_stopping: no improve on val/eval_loss for 24/40 val checks
[ct_train] rechunked train graphs (seed=181)

=== Epoch 181/1000 ===
[train] loss=5.0062 cls=0.3946 cme=2.1505 acc=0.9854 cells=158379
[ct_train] rechunked train graphs (seed=182)

=== Epoch 182/1000 ===
[train] loss=5.0052 cls=0.3947 cme=2.1501 acc=0.9858 cells=158379
[val]   loss=5.1646 eval=2.6284 cls=0.4126 cme=2.2158 acc=0.9752 cells=118036
[ct_train] early_stopping: no improve on val/eval_loss for 25/40 val checks
[ct_train] rechunked train graphs (seed=183)

=== Epoch 183/1000 ===
[train] loss=5.0192 cls=0.3954 cme=2.1562 acc=0.9856 cells=158379
[ct_train] rechunked train graphs (seed=184)

=== Epoch 184/1000 ===
[train] loss=5.0056 cls=0.3931 cme=2.1510 acc=0.9863 cells=158379
[val]   loss=5.1622 eval=2.6284 cls=0.4151 cme=2.2133 acc=0.9744 cells=118036
[ct_train] early_stopping: no improve on val/eval_loss for 26/40 val checks
[ct_train] rechunked train graphs (seed=185)

=== Epoch 185/1000 ===
[train] loss=5.0065 cls=0.3938 cme=2.1511 acc=0.9861 cells=158379
[ct_train] rechunked train graphs (seed=186)

=== Epoch 186/1000 ===
[train] loss=5.0213 cls=0.3938 cme=2.1579 acc=0.9859 cells=158379
[val]   loss=5.1608 eval=2.6276 cls=0.4147 cme=2.2128 acc=0.9744 cells=118036
[ct_train] early_stopping: no improve on val/eval_loss for 27/40 val checks
[ct_train] rechunked train graphs (seed=187)

=== Epoch 187/1000 ===
[train] loss=5.0090 cls=0.3926 cme=2.1527 acc=0.9864 cells=158379
[ct_train] rechunked train graphs (seed=188)

=== Epoch 188/1000 ===
[train] loss=4.9977 cls=0.3929 cme=2.1474 acc=0.9863 cells=158379
[val]   loss=5.1636 eval=2.6304 cls=0.4172 cme=2.2132 acc=0.9739 cells=118036
[ct_train] early_stopping: no improve on val/eval_loss for 28/40 val checks
[ct_train] rechunked train graphs (seed=189)

=== Epoch 189/1000 ===
[train] loss=4.9996 cls=0.3931 cme=2.1482 acc=0.9861 cells=158379
[ct_train] rechunked train graphs (seed=190)

=== Epoch 190/1000 ===
[train] loss=5.0043 cls=0.3928 cme=2.1504 acc=0.9866 cells=158379
[val]   loss=5.1729 eval=2.6338 cls=0.4155 cme=2.2183 acc=0.9743 cells=118036
[ct_train] early_stopping: no improve on val/eval_loss for 29/40 val checks
[ct_train] rechunked train graphs (seed=191)

=== Epoch 191/1000 ===
[train] loss=5.0030 cls=0.3920 cme=2.1503 acc=0.9869 cells=158379
[ct_train] rechunked train graphs (seed=192)

=== Epoch 192/1000 ===
[train] loss=5.0047 cls=0.3926 cme=2.1507 acc=0.9866 cells=158379
[val]   loss=5.1633 eval=2.6293 cls=0.4158 cme=2.2135 acc=0.9742 cells=118036
[ct_train] early_stopping: no improve on val/eval_loss for 30/40 val checks
[ct_train] rechunked train graphs (seed=193)

=== Epoch 193/1000 ===
[train] loss=5.0107 cls=0.3929 cme=2.1534 acc=0.9867 cells=158379
[ct_train] rechunked train graphs (seed=194)

=== Epoch 194/1000 ===
[train] loss=5.0048 cls=0.3913 cme=2.1514 acc=0.9867 cells=158379
[val]   loss=5.1594 eval=2.6265 cls=0.4138 cme=2.2127 acc=0.9750 cells=118036
[ct_train] early_stopping: no improve on val/eval_loss for 31/40 val checks
[ct_train] rechunked train graphs (seed=195)

=== Epoch 195/1000 ===
[train] loss=4.9941 cls=0.3907 cme=2.1467 acc=0.9869 cells=158379
[ct_train] rechunked train graphs (seed=196)

=== Epoch 196/1000 ===
[train] loss=5.0030 cls=0.3918 cme=2.1504 acc=0.9873 cells=158379
[val]   loss=5.1739 eval=2.6332 cls=0.4134 cme=2.2197 acc=0.9751 cells=118036
[ct_train] early_stopping: no improve on val/eval_loss for 32/40 val checks
[ct_train] rechunked train graphs (seed=197)

=== Epoch 197/1000 ===
[train] loss=5.0119 cls=0.3911 cme=2.1548 acc=0.9873 cells=158379
[ct_train] rechunked train graphs (seed=198)

=== Epoch 198/1000 ===
[train] loss=5.0044 cls=0.3903 cme=2.1517 acc=0.9875 cells=158379
[val]   loss=5.1628 eval=2.6286 cls=0.4148 cme=2.2138 acc=0.9748 cells=118036
[ct_train] early_stopping: no improve on val/eval_loss for 33/40 val checks
[ct_train] rechunked train graphs (seed=199)

=== Epoch 199/1000 ===
[train] loss=5.0047 cls=0.3908 cme=2.1517 acc=0.9873 cells=158379
[ct_train] rechunked train graphs (seed=200)

=== Epoch 200/1000 ===
[train] loss=5.0006 cls=0.3914 cme=2.1494 acc=0.9869 cells=158379
[val]   loss=5.1615 eval=2.6292 cls=0.4167 cme=2.2125 acc=0.9742 cells=118036
[ct_train] early_stopping: no improve on val/eval_loss for 34/40 val checks
[ct_train] rechunked train graphs (seed=201)

=== Epoch 201/1000 ===
[train] loss=5.0055 cls=0.3911 cme=2.1519 acc=0.9870 cells=158379
[ct_train] rechunked train graphs (seed=202)

=== Epoch 202/1000 ===
[train] loss=4.9980 cls=0.3915 cme=2.1482 acc=0.9868 cells=158379
[val]   loss=5.1733 eval=2.6336 cls=0.4150 cme=2.2186 acc=0.9744 cells=118036
[ct_train] early_stopping: no improve on val/eval_loss for 35/40 val checks
[ct_train] rechunked train graphs (seed=203)

=== Epoch 203/1000 ===
[train] loss=4.9988 cls=0.3898 cme=2.1494 acc=0.9877 cells=158379
[ct_train] rechunked train graphs (seed=204)

=== Epoch 204/1000 ===
[train] loss=4.9946 cls=0.3907 cme=2.1470 acc=0.9874 cells=158379
[val]   loss=5.1573 eval=2.6268 cls=0.4165 cme=2.2103 acc=0.9746 cells=118036
[ct_train] early_stopping: no improve on val/eval_loss for 36/40 val checks
[ct_train] rechunked train graphs (seed=205)

=== Epoch 205/1000 ===
[train] loss=4.9939 cls=0.3903 cme=2.1469 acc=0.9872 cells=158379
[ct_train] rechunked train graphs (seed=206)

=== Epoch 206/1000 ===
[train] loss=5.0005 cls=0.3902 cme=2.1499 acc=0.9875 cells=158379
[val]   loss=5.1675 eval=2.6311 cls=0.4150 cme=2.2161 acc=0.9744 cells=118036
[ct_train] early_stopping: no improve on val/eval_loss for 37/40 val checks
[ct_train] rechunked train graphs (seed=207)

=== Epoch 207/1000 ===
[train] loss=4.9907 cls=0.3893 cme=2.1458 acc=0.9876 cells=158379
[ct_train] rechunked train graphs (seed=208)

=== Epoch 208/1000 ===
[train] loss=4.9928 cls=0.3894 cme=2.1469 acc=0.9877 cells=158379
[val]   loss=5.1719 eval=2.6331 cls=0.4154 cme=2.2177 acc=0.9745 cells=118036
[ct_train] early_stopping: no improve on val/eval_loss for 38/40 val checks
[ct_train] rechunked train graphs (seed=209)

=== Epoch 209/1000 ===
[train] loss=5.0008 cls=0.3896 cme=2.1503 acc=0.9877 cells=158379
[ct_train] rechunked train graphs (seed=210)

=== Epoch 210/1000 ===
[train] loss=5.0054 cls=0.3899 cme=2.1523 acc=0.9875 cells=158379
[val]   loss=5.1633 eval=2.6283 cls=0.4137 cme=2.2146 acc=0.9753 cells=118036
[ct_train] early_stopping: no improve on val/eval_loss for 39/40 val checks
[ct_train] rechunked train graphs (seed=211)

=== Epoch 211/1000 ===
[train] loss=4.9931 cls=0.3892 cme=2.1470 acc=0.9878 cells=158379
[ct_train] rechunked train graphs (seed=212)

=== Epoch 212/1000 ===
[train] loss=4.9875 cls=0.3884 cme=2.1448 acc=0.9879 cells=158379
[val]   loss=5.1713 eval=2.6336 cls=0.4168 cme=2.2168 acc=0.9739 cells=118036
[ct_train] early_stopping: no improve on val/eval_loss for 40/40 val checks
[ct_train] early stopping at epoch 212 (patience=40, monitor=val/eval_loss)

[ct_train] done. best_val_acc=0.9754  best_val_eval_loss=2.6222  checkpoints=/home/abel/code/Tissue-Reassembly-using-GenAI-and-new-metrics/exploration/cell_types/outputs/exp062_best_seed4  logs=/home/abel/code/Tissue-Reassembly-using-GenAI-and-new-metrics/exploration/cell_types/logs/exp062_best_seed4/20260807_230140
wandb: updating run metadata
wandb: uploading output.log; uploading wandb-summary.json; uploading config.yaml
wandb: 
wandb: Run summary:
wandb:                      best_epoch 132
wandb:                    best_val_acc 0.97541
wandb:              best_val_eval_loss 2.62221
wandb:                           epoch 212
wandb:                              lr 0.00018
wandb:           model/parameter_count 1305308
wandb: model/trainable_parameter_count 1305308
wandb:                       train/acc 0.98794
wandb:       train/acc_per_class/Astro 0.99086
wandb:        train/acc_per_class/Endo 0.9848
wandb:                             +54 ...
wandb: 
wandb:  View run exp062_best_seed4 at: https://wandb.ai/abel-salmona-polytechnique-montr-al/cell_types/runs/8b1kg9jq
wandb:  View project at: https://wandb.ai/abel-salmona-polytechnique-montr-al/cell_types
wandb: Synced 5 W&B file(s), 1 media file(s), 2 artifact file(s) and 1 other file(s)
wandb: Find logs at: ./exploration/cell_types/logs/exp062_best_seed4/20260807_230140/wandb/run-20260807_230149-8b1kg9jq/logs
