[ct_train] config=exploration/cell_types/experiments/configs/exp083_ema_lr1p6.json
[ct_train] device=cuda  checkpoints=/home/abel/code/Tissue-Reassembly-using-GenAI-and-new-metrics/exploration/cell_types/outputs/exp083_ema_lr1p6
[ct_train] logs=/home/abel/code/Tissue-Reassembly-using-GenAI-and-new-metrics/exploration/cell_types/logs/exp083_ema_lr1p6/20260808_011127
[ct_train] Loading data …
[DataModule] Reading '/home/abel/biodata/MERFISH_LUNA_small_cortex/MERFISH_mouse_cortex_train.csv' (split=train) with float32 dtype on 254 gene cols + coord cols …
[DataModule] Loaded 158,379 rows for split=train.
[DataModule] Reading '/home/abel/biodata/MERFISH_LUNA_small_cortex/MERFISH_mouse_cortex_test.csv' (split=test) with float32 dtype on 254 gene cols + coord cols …
[DataModule] Loaded 118,036 rows for split=test.
[DataModule] Reading '/home/abel/biodata/MERFISH_LUNA_small_cortex/MERFISH_mouse_cortex_test.csv' (split=validation) with float32 dtype on 254 gene cols + coord cols …
[DataModule] Loaded 118,036 rows for split=validation.
[ct_train] genes=254  classes=23
[ct_train] model predict_cme=True  params=1,305,308
[ct_train] soft CME loaded split=train sigma=96.0 n=158379 C=23
[ct_train] soft CME loaded split=validation sigma=96.0 n=118036 C=23
[ct_train] soft CME loaded split=train sigma=50.0 n=158379 C=23
[ct_train] soft CME loaded split=train sigma=64.0 n=158379 C=23
[ct_train] soft CME loaded split=validation sigma=50.0 n=118036 C=23
[ct_train] soft CME loaded split=validation sigma=64.0 n=118036 C=23
wandb: [wandb.login()] Loaded credentials for https://api.wandb.ai from /home/abel/.netrc.
wandb: Currently logged in as: abel-salmona (abel-salmona-polytechnique-montr-al) to https://api.wandb.ai. Use `wandb login --relogin` to force relogin
wandb: WARNING Using a boolean value for 'reinit' is deprecated. Use 'return_previous' or 'finish_previous' instead.
wandb: setting up run r8xr4gzt
wandb: Tracking run with wandb version 0.26.1
wandb: Run data is saved locally in /home/abel/code/Tissue-Reassembly-using-GenAI-and-new-metrics/exploration/cell_types/logs/exp083_ema_lr1p6/20260808_011127/wandb/run-20260808_011135-r8xr4gzt
wandb: Run `wandb offline` to turn off syncing.
wandb: Syncing run exp083_ema_lr1p6
wandb:  View project at https://wandb.ai/abel-salmona-polytechnique-montr-al/cell_types
wandb:  View run at https://wandb.ai/abel-salmona-polytechnique-montr-al/cell_types/runs/r8xr4gzt
wandb: WARNING Saving files without folders. If you want to preserve subdirectories pass base_path to wandb.save, i.e. wandb.save("/mnt/folder/file.h5", base_path="/mnt")
wandb: WARNING Symlinked 1 file into the W&B run directory; call wandb.save again to sync new files.
[ct_train] wandb: project=cell_types name=exp083_ema_lr1p6 mode=online url=https://wandb.ai/abel-salmona-polytechnique-montr-al/cell_types/runs/r8xr4gzt
[ct_train] parameters: total=1,305,308 trainable=1,305,308
  [params] mlp_in_node_features: 26,720
  [params] transformer_layers: 633,600
  [params] type_stage1: 28,320
  [params] env_stage1: 93,056
  [params] type_probe: 2,231
  [params] env_probe: 7,383
  [params] fusion_mlp: 383,008
  [params] type_stage2: 30,551
  [params] env_stage2: 100,439
[ct_train] EMA enabled decay=0.995
[ct_train] rechunked train graphs (seed=1)

=== Epoch 1/1000 ===
[train] loss=8.8148 cls=2.7973 cme=2.7989 acc=0.2152 cells=158379
[ct_train] rechunked train graphs (seed=2)

=== Epoch 2/1000 ===
[train] loss=7.4313 cls=1.9715 cme=2.5415 acc=0.6252 cells=158379
[val]   loss=9.4103 eval=5.9764 cls=2.9904 cme=2.9861 acc=0.1725 cells=118036
[ct_train] saved best checkpoint (val_eval_loss=5.9764 val_acc=0.1725)
[ct_train] rechunked train graphs (seed=3)

=== Epoch 3/1000 ===
[train] loss=6.5387 cls=1.3099 cme=2.4353 acc=0.7652 cells=158379
[ct_train] rechunked train graphs (seed=4)

=== Epoch 4/1000 ===
[train] loss=6.0811 cls=0.9526 cme=2.3892 acc=0.8448 cells=158379
[val]   loss=8.6594 eval=5.4443 cls=2.6480 cme=2.7963 acc=0.4120 cells=118036
[ct_train] saved best checkpoint (val_eval_loss=5.4443 val_acc=0.4120)
[ct_train] rechunked train graphs (seed=5)

=== Epoch 5/1000 ===
[train] loss=5.8270 cls=0.7684 cme=2.3569 acc=0.8927 cells=158379
[ct_train] rechunked train graphs (seed=6)

=== Epoch 6/1000 ===
[train] loss=5.7069 cls=0.6735 cme=2.3453 acc=0.9156 cells=158379
[val]   loss=7.8459 eval=4.8005 cls=2.1510 cme=2.6496 acc=0.6798 cells=118036
[ct_train] saved best checkpoint (val_eval_loss=4.8005 val_acc=0.6798)
[ct_train] rechunked train graphs (seed=7)

=== Epoch 7/1000 ===
[train] loss=5.5979 cls=0.6148 cme=2.3221 acc=0.9300 cells=158379
[ct_train] rechunked train graphs (seed=8)

=== Epoch 8/1000 ===
[train] loss=5.5245 cls=0.5793 cme=2.3045 acc=0.9378 cells=158379
[val]   loss=7.0686 eval=4.1535 cls=1.6162 cme=2.5373 acc=0.8048 cells=118036
[ct_train] saved best checkpoint (val_eval_loss=4.1535 val_acc=0.8048)
[ct_train] rechunked train graphs (seed=9)

=== Epoch 9/1000 ===
[train] loss=5.5035 cls=0.5621 cme=2.3028 acc=0.9416 cells=158379
[ct_train] rechunked train graphs (seed=10)

=== Epoch 10/1000 ===
[train] loss=5.4666 cls=0.5463 cme=2.2932 acc=0.9451 cells=158379
[val]   loss=6.4556 eval=3.6358 cls=1.1802 cme=2.4556 acc=0.8747 cells=118036
[ct_train] saved best checkpoint (val_eval_loss=3.6358 val_acc=0.8747)
[ct_train] rechunked train graphs (seed=11)

=== Epoch 11/1000 ===
[train] loss=5.4264 cls=0.5348 cme=2.2799 acc=0.9478 cells=158379
[ct_train] rechunked train graphs (seed=12)

=== Epoch 12/1000 ===
[train] loss=5.4180 cls=0.5264 cme=2.2799 acc=0.9498 cells=158379
[val]   loss=6.0456 eval=3.2913 cls=0.8916 cme=2.3998 acc=0.9095 cells=118036
[ct_train] saved best checkpoint (val_eval_loss=3.2913 val_acc=0.9095)
[ct_train] rechunked train graphs (seed=13)

=== Epoch 13/1000 ===
[train] loss=5.4006 cls=0.5185 cme=2.2755 acc=0.9519 cells=158379
[ct_train] rechunked train graphs (seed=14)

=== Epoch 14/1000 ===
[train] loss=5.3830 cls=0.5124 cme=2.2701 acc=0.9539 cells=158379
[val]   loss=5.7888 eval=3.0792 cls=0.7174 cme=2.3617 acc=0.9282 cells=118036
[ct_train] saved best checkpoint (val_eval_loss=3.0792 val_acc=0.9282)
[ct_train] rechunked train graphs (seed=15)

=== Epoch 15/1000 ===
[train] loss=5.3604 cls=0.5051 cme=2.2631 acc=0.9548 cells=158379
[ct_train] rechunked train graphs (seed=16)

=== Epoch 16/1000 ===
[train] loss=5.3503 cls=0.5015 cme=2.2601 acc=0.9563 cells=158379
[val]   loss=5.6273 eval=2.9497 cls=0.6151 cme=2.3346 acc=0.9394 cells=118036
[ct_train] saved best checkpoint (val_eval_loss=2.9497 val_acc=0.9394)
[ct_train] rechunked train graphs (seed=17)

=== Epoch 17/1000 ===
[train] loss=5.3359 cls=0.4968 cme=2.2557 acc=0.9570 cells=158379
[ct_train] rechunked train graphs (seed=18)

=== Epoch 18/1000 ===
[train] loss=5.3250 cls=0.4927 cme=2.2526 acc=0.9582 cells=158379
[val]   loss=5.5232 eval=2.8688 cls=0.5539 cme=2.3149 acc=0.9462 cells=118036
[ct_train] saved best checkpoint (val_eval_loss=2.8688 val_acc=0.9462)
[ct_train] rechunked train graphs (seed=19)

=== Epoch 19/1000 ===
[train] loss=5.3218 cls=0.4892 cme=2.2526 acc=0.9589 cells=158379
[ct_train] rechunked train graphs (seed=20)

=== Epoch 20/1000 ===
[train] loss=5.3147 cls=0.4876 cme=2.2501 acc=0.9592 cells=158379
[val]   loss=5.4533 eval=2.8165 cls=0.5165 cme=2.3000 acc=0.9512 cells=118036
[ct_train] saved best checkpoint (val_eval_loss=2.8165 val_acc=0.9512)
[ct_train] rechunked train graphs (seed=21)

=== Epoch 21/1000 ===
[train] loss=5.3102 cls=0.4825 cme=2.2504 acc=0.9609 cells=158379
[ct_train] rechunked train graphs (seed=22)

=== Epoch 22/1000 ===
[train] loss=5.2974 cls=0.4812 cme=2.2451 acc=0.9613 cells=158379
[val]   loss=5.4034 eval=2.7807 cls=0.4925 cme=2.2882 acc=0.9547 cells=118036
[ct_train] saved best checkpoint (val_eval_loss=2.7807 val_acc=0.9547)
[ct_train] rechunked train graphs (seed=23)

=== Epoch 23/1000 ===
[train] loss=5.2849 cls=0.4786 cme=2.2406 acc=0.9620 cells=158379
[ct_train] rechunked train graphs (seed=24)

=== Epoch 24/1000 ===
[train] loss=5.2836 cls=0.4778 cme=2.2402 acc=0.9620 cells=158379
[val]   loss=5.3659 eval=2.7547 cls=0.4763 cme=2.2784 acc=0.9573 cells=118036
[ct_train] saved best checkpoint (val_eval_loss=2.7547 val_acc=0.9573)
[ct_train] rechunked train graphs (seed=25)

=== Epoch 25/1000 ===
[train] loss=5.2827 cls=0.4732 cme=2.2419 acc=0.9633 cells=158379
[ct_train] rechunked train graphs (seed=26)

=== Epoch 26/1000 ===
[train] loss=5.2644 cls=0.4717 cme=2.2342 acc=0.9639 cells=158379
[val]   loss=5.3372 eval=2.7355 cls=0.4651 cme=2.2704 acc=0.9594 cells=118036
[ct_train] saved best checkpoint (val_eval_loss=2.7355 val_acc=0.9594)
[ct_train] rechunked train graphs (seed=27)

=== Epoch 27/1000 ===
[train] loss=5.2584 cls=0.4688 cme=2.2328 acc=0.9644 cells=158379
[ct_train] rechunked train graphs (seed=28)

=== Epoch 28/1000 ===
[train] loss=5.2484 cls=0.4665 cme=2.2292 acc=0.9654 cells=158379
[val]   loss=5.3143 eval=2.7207 cls=0.4572 cme=2.2635 acc=0.9612 cells=118036
[ct_train] saved best checkpoint (val_eval_loss=2.7207 val_acc=0.9612)
[ct_train] rechunked train graphs (seed=29)

=== Epoch 29/1000 ===
[train] loss=5.2470 cls=0.4655 cme=2.2291 acc=0.9651 cells=158379
[ct_train] rechunked train graphs (seed=30)

=== Epoch 30/1000 ===
[train] loss=5.2469 cls=0.4637 cme=2.2299 acc=0.9662 cells=158379
[val]   loss=5.2955 eval=2.7089 cls=0.4513 cme=2.2576 acc=0.9627 cells=118036
[ct_train] saved best checkpoint (val_eval_loss=2.7089 val_acc=0.9627)
[ct_train] rechunked train graphs (seed=31)

=== Epoch 31/1000 ===
[train] loss=5.2413 cls=0.4613 cme=2.2282 acc=0.9666 cells=158379
[ct_train] rechunked train graphs (seed=32)

=== Epoch 32/1000 ===
[train] loss=5.2614 cls=0.4619 cme=2.2374 acc=0.9670 cells=158379
[val]   loss=5.2800 eval=2.6993 cls=0.4467 cme=2.2526 acc=0.9639 cells=118036
[ct_train] saved best checkpoint (val_eval_loss=2.6993 val_acc=0.9639)
[ct_train] rechunked train graphs (seed=33)

=== Epoch 33/1000 ===
[train] loss=5.2352 cls=0.4583 cme=2.2269 acc=0.9670 cells=158379
[ct_train] rechunked train graphs (seed=34)

=== Epoch 34/1000 ===
[train] loss=5.2245 cls=0.4579 cme=2.2222 acc=0.9677 cells=158379
[val]   loss=5.2671 eval=2.6915 cls=0.4432 cme=2.2483 acc=0.9651 cells=118036
[ct_train] saved best checkpoint (val_eval_loss=2.6915 val_acc=0.9651)
[ct_train] rechunked train graphs (seed=35)

=== Epoch 35/1000 ===
[train] loss=5.2328 cls=0.4569 cme=2.2264 acc=0.9679 cells=158379
[ct_train] rechunked train graphs (seed=36)

=== Epoch 36/1000 ===
[train] loss=5.2245 cls=0.4544 cme=2.2238 acc=0.9685 cells=158379
[val]   loss=5.2561 eval=2.6849 cls=0.4403 cme=2.2446 acc=0.9659 cells=118036
[ct_train] saved best checkpoint (val_eval_loss=2.6849 val_acc=0.9659)
[ct_train] rechunked train graphs (seed=37)

=== Epoch 37/1000 ===
[train] loss=5.2169 cls=0.4559 cme=2.2196 acc=0.9683 cells=158379
[ct_train] rechunked train graphs (seed=38)

=== Epoch 38/1000 ===
[train] loss=5.2048 cls=0.4527 cme=2.2155 acc=0.9686 cells=158379
[val]   loss=5.2465 eval=2.6791 cls=0.4379 cme=2.2413 acc=0.9666 cells=118036
[ct_train] saved best checkpoint (val_eval_loss=2.6791 val_acc=0.9666)
[ct_train] rechunked train graphs (seed=39)

=== Epoch 39/1000 ===
[train] loss=5.2128 cls=0.4517 cme=2.2196 acc=0.9694 cells=158379
[ct_train] rechunked train graphs (seed=40)

=== Epoch 40/1000 ===
[train] loss=5.2099 cls=0.4509 cme=2.2186 acc=0.9693 cells=158379
[val]   loss=5.2382 eval=2.6742 cls=0.4358 cme=2.2384 acc=0.9672 cells=118036
[ct_train] saved best checkpoint (val_eval_loss=2.6742 val_acc=0.9672)
[ct_train] rechunked train graphs (seed=41)

=== Epoch 41/1000 ===
[train] loss=5.1968 cls=0.4492 cme=2.2134 acc=0.9696 cells=158379
[ct_train] rechunked train graphs (seed=42)

=== Epoch 42/1000 ===
[train] loss=5.2020 cls=0.4496 cme=2.2156 acc=0.9696 cells=158379
[val]   loss=5.2309 eval=2.6699 cls=0.4340 cme=2.2359 acc=0.9677 cells=118036
[ct_train] saved best checkpoint (val_eval_loss=2.6699 val_acc=0.9677)
[ct_train] rechunked train graphs (seed=43)

=== Epoch 43/1000 ===
[train] loss=5.2098 cls=0.4498 cme=2.2191 acc=0.9700 cells=158379
[ct_train] rechunked train graphs (seed=44)

=== Epoch 44/1000 ===
[train] loss=5.1895 cls=0.4470 cme=2.2111 acc=0.9703 cells=158379
[val]   loss=5.2244 eval=2.6660 cls=0.4324 cme=2.2336 acc=0.9683 cells=118036
[ct_train] saved best checkpoint (val_eval_loss=2.6660 val_acc=0.9683)
[ct_train] rechunked train graphs (seed=45)

=== Epoch 45/1000 ===
[train] loss=5.1952 cls=0.4464 cme=2.2139 acc=0.9706 cells=158379
[ct_train] rechunked train graphs (seed=46)

=== Epoch 46/1000 ===
[train] loss=5.1809 cls=0.4444 cme=2.2083 acc=0.9706 cells=158379
[val]   loss=5.2184 eval=2.6625 cls=0.4309 cme=2.2316 acc=0.9688 cells=118036
[ct_train] saved best checkpoint (val_eval_loss=2.6625 val_acc=0.9688)
[ct_train] rechunked train graphs (seed=47)

=== Epoch 47/1000 ===
[train] loss=5.1892 cls=0.4429 cme=2.2128 acc=0.9715 cells=158379
[ct_train] rechunked train graphs (seed=48)

=== Epoch 48/1000 ===
[train] loss=5.1829 cls=0.4439 cme=2.2094 acc=0.9715 cells=158379
[val]   loss=5.2131 eval=2.6593 cls=0.4296 cme=2.2298 acc=0.9693 cells=118036
[ct_train] saved best checkpoint (val_eval_loss=2.6593 val_acc=0.9693)
[ct_train] rechunked train graphs (seed=49)

=== Epoch 49/1000 ===
[train] loss=5.1852 cls=0.4427 cme=2.2111 acc=0.9715 cells=158379
[ct_train] rechunked train graphs (seed=50)

=== Epoch 50/1000 ===
[train] loss=5.1749 cls=0.4416 cme=2.2068 acc=0.9720 cells=158379
[val]   loss=5.2081 eval=2.6564 cls=0.4283 cme=2.2281 acc=0.9695 cells=118036
[ct_train] saved best checkpoint (val_eval_loss=2.6564 val_acc=0.9695)
[ct_train] rechunked train graphs (seed=51)

=== Epoch 51/1000 ===
[train] loss=5.1700 cls=0.4410 cme=2.2048 acc=0.9722 cells=158379
[ct_train] rechunked train graphs (seed=52)

=== Epoch 52/1000 ===
[train] loss=5.1680 cls=0.4405 cme=2.2042 acc=0.9726 cells=158379
[val]   loss=5.2037 eval=2.6538 cls=0.4272 cme=2.2266 acc=0.9699 cells=118036
[ct_train] saved best checkpoint (val_eval_loss=2.6538 val_acc=0.9699)
[ct_train] rechunked train graphs (seed=53)

=== Epoch 53/1000 ===
[train] loss=5.1633 cls=0.4402 cme=2.2020 acc=0.9722 cells=158379
[ct_train] rechunked train graphs (seed=54)

=== Epoch 54/1000 ===
[train] loss=5.1852 cls=0.4415 cme=2.2117 acc=0.9721 cells=158379
[val]   loss=5.1997 eval=2.6514 cls=0.4262 cme=2.2252 acc=0.9703 cells=118036
[ct_train] saved best checkpoint (val_eval_loss=2.6514 val_acc=0.9703)
[ct_train] rechunked train graphs (seed=55)

=== Epoch 55/1000 ===
[train] loss=5.1639 cls=0.4370 cme=2.2038 acc=0.9730 cells=158379
[ct_train] rechunked train graphs (seed=56)

=== Epoch 56/1000 ===
[train] loss=5.1709 cls=0.4384 cme=2.2064 acc=0.9727 cells=158379
[val]   loss=5.1962 eval=2.6492 cls=0.4252 cme=2.2240 acc=0.9706 cells=118036
[ct_train] saved best checkpoint (val_eval_loss=2.6492 val_acc=0.9706)
[ct_train] rechunked train graphs (seed=57)

=== Epoch 57/1000 ===
[train] loss=5.1699 cls=0.4394 cme=2.2055 acc=0.9721 cells=158379
[ct_train] rechunked train graphs (seed=58)

=== Epoch 58/1000 ===
[train] loss=5.1590 cls=0.4378 cme=2.2011 acc=0.9730 cells=158379
[val]   loss=5.1931 eval=2.6473 cls=0.4243 cme=2.2230 acc=0.9709 cells=118036
[ct_train] saved best checkpoint (val_eval_loss=2.6473 val_acc=0.9709)
[ct_train] rechunked train graphs (seed=59)

=== Epoch 59/1000 ===
[train] loss=5.1539 cls=0.4347 cme=2.2004 acc=0.9736 cells=158379
[ct_train] rechunked train graphs (seed=60)

=== Epoch 60/1000 ===
[train] loss=5.1657 cls=0.4363 cme=2.2049 acc=0.9734 cells=158379
[val]   loss=5.1901 eval=2.6455 cls=0.4235 cme=2.2220 acc=0.9711 cells=118036
[ct_train] saved best checkpoint (val_eval_loss=2.6455 val_acc=0.9711)
[ct_train] rechunked train graphs (seed=61)

=== Epoch 61/1000 ===
[train] loss=5.1527 cls=0.4349 cme=2.1996 acc=0.9737 cells=158379
[ct_train] rechunked train graphs (seed=62)

=== Epoch 62/1000 ===
[train] loss=5.1578 cls=0.4342 cme=2.2023 acc=0.9735 cells=158379
[val]   loss=5.1874 eval=2.6438 cls=0.4227 cme=2.2211 acc=0.9713 cells=118036
[ct_train] saved best checkpoint (val_eval_loss=2.6438 val_acc=0.9713)
[ct_train] rechunked train graphs (seed=63)

=== Epoch 63/1000 ===
[train] loss=5.1470 cls=0.4331 cme=2.1978 acc=0.9739 cells=158379
[ct_train] rechunked train graphs (seed=64)

=== Epoch 64/1000 ===
[train] loss=5.1430 cls=0.4318 cme=2.1966 acc=0.9747 cells=158379
[val]   loss=5.1848 eval=2.6423 cls=0.4220 cme=2.2203 acc=0.9715 cells=118036
[ct_train] saved best checkpoint (val_eval_loss=2.6423 val_acc=0.9715)
[ct_train] rechunked train graphs (seed=65)

=== Epoch 65/1000 ===
[train] loss=5.1479 cls=0.4319 cme=2.1988 acc=0.9744 cells=158379
[ct_train] rechunked train graphs (seed=66)

=== Epoch 66/1000 ===
[train] loss=5.1596 cls=0.4323 cme=2.2040 acc=0.9737 cells=158379
[val]   loss=5.1824 eval=2.6408 cls=0.4213 cme=2.2195 acc=0.9717 cells=118036
[ct_train] saved best checkpoint (val_eval_loss=2.6408 val_acc=0.9717)
[ct_train] rechunked train graphs (seed=67)

=== Epoch 67/1000 ===
[train] loss=5.1471 cls=0.4322 cme=2.1983 acc=0.9743 cells=158379
[ct_train] rechunked train graphs (seed=68)

=== Epoch 68/1000 ===
[train] loss=5.1432 cls=0.4302 cme=2.1974 acc=0.9746 cells=158379
[val]   loss=5.1803 eval=2.6395 cls=0.4207 cme=2.2189 acc=0.9719 cells=118036
[ct_train] saved best checkpoint (val_eval_loss=2.6395 val_acc=0.9719)
[ct_train] rechunked train graphs (seed=69)

=== Epoch 69/1000 ===
[train] loss=5.1330 cls=0.4299 cme=2.1928 acc=0.9750 cells=158379
[ct_train] rechunked train graphs (seed=70)

=== Epoch 70/1000 ===
[train] loss=5.1362 cls=0.4312 cme=2.1937 acc=0.9748 cells=158379
[val]   loss=5.1783 eval=2.6383 cls=0.4201 cme=2.2182 acc=0.9722 cells=118036
[ct_train] saved best checkpoint (val_eval_loss=2.6383 val_acc=0.9722)
[ct_train] rechunked train graphs (seed=71)

=== Epoch 71/1000 ===
[train] loss=5.1503 cls=0.4312 cme=2.2002 acc=0.9751 cells=158379
[ct_train] rechunked train graphs (seed=72)

=== Epoch 72/1000 ===
[train] loss=5.1319 cls=0.4288 cme=2.1928 acc=0.9751 cells=158379
[val]   loss=5.1762 eval=2.6370 cls=0.4195 cme=2.2175 acc=0.9724 cells=118036
[ct_train] saved best checkpoint (val_eval_loss=2.6370 val_acc=0.9724)
[ct_train] rechunked train graphs (seed=73)

=== Epoch 73/1000 ===
[train] loss=5.1410 cls=0.4294 cme=2.1967 acc=0.9750 cells=158379
[ct_train] rechunked train graphs (seed=74)

=== Epoch 74/1000 ===
[train] loss=5.1412 cls=0.4289 cme=2.1971 acc=0.9753 cells=158379
[val]   loss=5.1742 eval=2.6358 cls=0.4190 cme=2.2168 acc=0.9726 cells=118036
[ct_train] saved best checkpoint (val_eval_loss=2.6358 val_acc=0.9726)
[ct_train] rechunked train graphs (seed=75)

=== Epoch 75/1000 ===
[train] loss=5.1241 cls=0.4271 cme=2.1901 acc=0.9760 cells=158379
[ct_train] rechunked train graphs (seed=76)

=== Epoch 76/1000 ===
[train] loss=5.1229 cls=0.4265 cme=2.1896 acc=0.9756 cells=158379
[val]   loss=5.1725 eval=2.6347 cls=0.4185 cme=2.2162 acc=0.9727 cells=118036
[ct_train] saved best checkpoint (val_eval_loss=2.6347 val_acc=0.9727)
[ct_train] rechunked train graphs (seed=77)

=== Epoch 77/1000 ===
[train] loss=5.1277 cls=0.4268 cme=2.1919 acc=0.9757 cells=158379
[ct_train] rechunked train graphs (seed=78)

=== Epoch 78/1000 ===
[train] loss=5.1255 cls=0.4261 cme=2.1911 acc=0.9760 cells=158379
[val]   loss=5.1706 eval=2.6336 cls=0.4180 cme=2.2156 acc=0.9728 cells=118036
[ct_train] saved best checkpoint (val_eval_loss=2.6336 val_acc=0.9728)
[ct_train] rechunked train graphs (seed=79)

=== Epoch 79/1000 ===
[train] loss=5.1342 cls=0.4259 cme=2.1952 acc=0.9764 cells=158379
[ct_train] rechunked train graphs (seed=80)

=== Epoch 80/1000 ===
[train] loss=5.1170 cls=0.4256 cme=2.1875 acc=0.9760 cells=158379
[val]   loss=5.1690 eval=2.6327 cls=0.4176 cme=2.2151 acc=0.9730 cells=118036
[ct_train] saved best checkpoint (val_eval_loss=2.6327 val_acc=0.9730)
[ct_train] rechunked train graphs (seed=81)

=== Epoch 81/1000 ===
[train] loss=5.1171 cls=0.4244 cme=2.1880 acc=0.9766 cells=158379
[ct_train] rechunked train graphs (seed=82)

=== Epoch 82/1000 ===
[train] loss=5.1208 cls=0.4247 cme=2.1896 acc=0.9764 cells=158379
[val]   loss=5.1675 eval=2.6317 cls=0.4172 cme=2.2146 acc=0.9732 cells=118036
[ct_train] saved best checkpoint (val_eval_loss=2.6317 val_acc=0.9732)
[ct_train] rechunked train graphs (seed=83)

=== Epoch 83/1000 ===
[train] loss=5.1238 cls=0.4239 cme=2.1913 acc=0.9765 cells=158379
[ct_train] rechunked train graphs (seed=84)

=== Epoch 84/1000 ===
[train] loss=5.1197 cls=0.4237 cme=2.1896 acc=0.9770 cells=158379
[val]   loss=5.1664 eval=2.6310 cls=0.4168 cme=2.2143 acc=0.9732 cells=118036
[ct_train] saved best checkpoint (val_eval_loss=2.6310 val_acc=0.9732)
[ct_train] rechunked train graphs (seed=85)

=== Epoch 85/1000 ===
[train] loss=5.1107 cls=0.4234 cme=2.1855 acc=0.9766 cells=158379
[ct_train] rechunked train graphs (seed=86)

=== Epoch 86/1000 ===
[train] loss=5.1233 cls=0.4236 cme=2.1913 acc=0.9765 cells=158379
[val]   loss=5.1649 eval=2.6302 cls=0.4164 cme=2.2138 acc=0.9733 cells=118036
[ct_train] saved best checkpoint (val_eval_loss=2.6302 val_acc=0.9733)
[ct_train] rechunked train graphs (seed=87)

=== Epoch 87/1000 ===
[train] loss=5.1155 cls=0.4234 cme=2.1877 acc=0.9769 cells=158379
[ct_train] rechunked train graphs (seed=88)

=== Epoch 88/1000 ===
[train] loss=5.1224 cls=0.4236 cme=2.1909 acc=0.9774 cells=158379
[val]   loss=5.1636 eval=2.6294 cls=0.4160 cme=2.2133 acc=0.9735 cells=118036
[ct_train] saved best checkpoint (val_eval_loss=2.6294 val_acc=0.9735)
[ct_train] rechunked train graphs (seed=89)

=== Epoch 89/1000 ===
[train] loss=5.1098 cls=0.4228 cme=2.1854 acc=0.9771 cells=158379
[ct_train] rechunked train graphs (seed=90)

=== Epoch 90/1000 ===
[train] loss=5.1127 cls=0.4216 cme=2.1873 acc=0.9771 cells=158379
[val]   loss=5.1626 eval=2.6287 cls=0.4157 cme=2.2130 acc=0.9736 cells=118036
[ct_train] saved best checkpoint (val_eval_loss=2.6287 val_acc=0.9736)
[ct_train] rechunked train graphs (seed=91)

=== Epoch 91/1000 ===
[train] loss=5.1045 cls=0.4210 cme=2.1838 acc=0.9775 cells=158379
[ct_train] rechunked train graphs (seed=92)

=== Epoch 92/1000 ===
[train] loss=5.1086 cls=0.4214 cme=2.1855 acc=0.9772 cells=158379
[val]   loss=5.1614 eval=2.6280 cls=0.4154 cme=2.2126 acc=0.9737 cells=118036
[ct_train] saved best checkpoint (val_eval_loss=2.6280 val_acc=0.9737)
[ct_train] rechunked train graphs (seed=93)

=== Epoch 93/1000 ===
[train] loss=5.1132 cls=0.4216 cme=2.1875 acc=0.9771 cells=158379
[ct_train] rechunked train graphs (seed=94)

=== Epoch 94/1000 ===
[train] loss=5.1024 cls=0.4206 cme=2.1829 acc=0.9775 cells=158379
[val]   loss=5.1603 eval=2.6274 cls=0.4151 cme=2.2123 acc=0.9738 cells=118036
[ct_train] saved best checkpoint (val_eval_loss=2.6274 val_acc=0.9738)
[ct_train] rechunked train graphs (seed=95)

=== Epoch 95/1000 ===
[train] loss=5.1304 cls=0.4206 cme=2.1961 acc=0.9775 cells=158379
[ct_train] rechunked train graphs (seed=96)

=== Epoch 96/1000 ===
[train] loss=5.1093 cls=0.4198 cme=2.1865 acc=0.9779 cells=158379
[val]   loss=5.1591 eval=2.6266 cls=0.4148 cme=2.2119 acc=0.9739 cells=118036
[ct_train] saved best checkpoint (val_eval_loss=2.6266 val_acc=0.9739)
[ct_train] rechunked train graphs (seed=97)

=== Epoch 97/1000 ===
[train] loss=5.1126 cls=0.4187 cme=2.1885 acc=0.9784 cells=158379
[ct_train] rechunked train graphs (seed=98)

=== Epoch 98/1000 ===
[train] loss=5.1005 cls=0.4198 cme=2.1825 acc=0.9780 cells=158379
[val]   loss=5.1583 eval=2.6261 cls=0.4145 cme=2.2116 acc=0.9740 cells=118036
[ct_train] saved best checkpoint (val_eval_loss=2.6261 val_acc=0.9740)
[ct_train] rechunked train graphs (seed=99)

=== Epoch 99/1000 ===
[train] loss=5.0867 cls=0.4194 cme=2.1762 acc=0.9779 cells=158379
[ct_train] rechunked train graphs (seed=100)

=== Epoch 100/1000 ===
[train] loss=5.0941 cls=0.4184 cme=2.1801 acc=0.9780 cells=158379
[val]   loss=5.1576 eval=2.6256 cls=0.4142 cme=2.2114 acc=0.9740 cells=118036
[ct_train] saved best checkpoint (val_eval_loss=2.6256 val_acc=0.9740)
[ct_train] rechunked train graphs (seed=101)

=== Epoch 101/1000 ===
[train] loss=5.1147 cls=0.4197 cme=2.1891 acc=0.9781 cells=158379
[ct_train] rechunked train graphs (seed=102)

=== Epoch 102/1000 ===
[train] loss=5.0959 cls=0.4175 cme=2.1814 acc=0.9785 cells=158379
[val]   loss=5.1565 eval=2.6250 cls=0.4139 cme=2.2111 acc=0.9741 cells=118036
[ct_train] saved best checkpoint (val_eval_loss=2.6250 val_acc=0.9741)
[ct_train] rechunked train graphs (seed=103)

=== Epoch 103/1000 ===
[train] loss=5.1034 cls=0.4170 cme=2.1851 acc=0.9788 cells=158379
[ct_train] rechunked train graphs (seed=104)

=== Epoch 104/1000 ===
[train] loss=5.0899 cls=0.4170 cme=2.1789 acc=0.9789 cells=158379
[val]   loss=5.1556 eval=2.6244 cls=0.4136 cme=2.2108 acc=0.9742 cells=118036
[ct_train] saved best checkpoint (val_eval_loss=2.6244 val_acc=0.9742)
[ct_train] rechunked train graphs (seed=105)

=== Epoch 105/1000 ===
[train] loss=5.0975 cls=0.4175 cme=2.1822 acc=0.9788 cells=158379
[ct_train] rechunked train graphs (seed=106)

=== Epoch 106/1000 ===
[train] loss=5.0880 cls=0.4152 cme=2.1788 acc=0.9791 cells=158379
[val]   loss=5.1546 eval=2.6239 cls=0.4134 cme=2.2105 acc=0.9743 cells=118036
[ct_train] saved best checkpoint (val_eval_loss=2.6239 val_acc=0.9743)
[ct_train] rechunked train graphs (seed=107)

=== Epoch 107/1000 ===
[train] loss=5.0875 cls=0.4160 cme=2.1782 acc=0.9790 cells=158379
[ct_train] rechunked train graphs (seed=108)

=== Epoch 108/1000 ===
[train] loss=5.0997 cls=0.4161 cme=2.1839 acc=0.9787 cells=158379
[val]   loss=5.1538 eval=2.6233 cls=0.4131 cme=2.2102 acc=0.9744 cells=118036
[ct_train] saved best checkpoint (val_eval_loss=2.6233 val_acc=0.9744)
[ct_train] rechunked train graphs (seed=109)

=== Epoch 109/1000 ===
[train] loss=5.0844 cls=0.4150 cme=2.1773 acc=0.9792 cells=158379
[ct_train] rechunked train graphs (seed=110)

=== Epoch 110/1000 ===
[train] loss=5.0880 cls=0.4147 cme=2.1791 acc=0.9791 cells=158379
[val]   loss=5.1530 eval=2.6229 cls=0.4129 cme=2.2100 acc=0.9745 cells=118036
[ct_train] saved best checkpoint (val_eval_loss=2.6229 val_acc=0.9745)
[ct_train] rechunked train graphs (seed=111)

=== Epoch 111/1000 ===
[train] loss=5.0813 cls=0.4138 cme=2.1764 acc=0.9792 cells=158379
[ct_train] rechunked train graphs (seed=112)

=== Epoch 112/1000 ===
[train] loss=5.0815 cls=0.4148 cme=2.1759 acc=0.9791 cells=158379
[val]   loss=5.1523 eval=2.6224 cls=0.4127 cme=2.2097 acc=0.9745 cells=118036
[ct_train] saved best checkpoint (val_eval_loss=2.6224 val_acc=0.9745)
[ct_train] rechunked train graphs (seed=113)

=== Epoch 113/1000 ===
[train] loss=5.0895 cls=0.4146 cme=2.1799 acc=0.9793 cells=158379
[ct_train] rechunked train graphs (seed=114)

=== Epoch 114/1000 ===
[train] loss=5.0865 cls=0.4138 cme=2.1788 acc=0.9796 cells=158379
[val]   loss=5.1516 eval=2.6220 cls=0.4125 cme=2.2095 acc=0.9745 cells=118036
[ct_train] saved best checkpoint (val_eval_loss=2.6220 val_acc=0.9745)
[ct_train] rechunked train graphs (seed=115)

=== Epoch 115/1000 ===
[train] loss=5.0795 cls=0.4147 cme=2.1752 acc=0.9790 cells=158379
[ct_train] rechunked train graphs (seed=116)

=== Epoch 116/1000 ===
[train] loss=5.0758 cls=0.4129 cme=2.1742 acc=0.9797 cells=158379
[val]   loss=5.1509 eval=2.6216 cls=0.4123 cme=2.2093 acc=0.9746 cells=118036
[ct_train] saved best checkpoint (val_eval_loss=2.6216 val_acc=0.9746)
[ct_train] rechunked train graphs (seed=117)

=== Epoch 117/1000 ===
[train] loss=5.0804 cls=0.4135 cme=2.1762 acc=0.9796 cells=158379
[ct_train] rechunked train graphs (seed=118)

=== Epoch 118/1000 ===
[train] loss=5.0757 cls=0.4120 cme=2.1746 acc=0.9802 cells=158379
[val]   loss=5.1503 eval=2.6212 cls=0.4120 cme=2.2092 acc=0.9746 cells=118036
[ct_train] saved best checkpoint (val_eval_loss=2.6212 val_acc=0.9746)
[ct_train] rechunked train graphs (seed=119)

=== Epoch 119/1000 ===
[train] loss=5.0630 cls=0.4114 cme=2.1690 acc=0.9801 cells=158379
[ct_train] rechunked train graphs (seed=120)

=== Epoch 120/1000 ===
[train] loss=5.0642 cls=0.4115 cme=2.1695 acc=0.9799 cells=158379
[val]   loss=5.1497 eval=2.6208 cls=0.4118 cme=2.2090 acc=0.9748 cells=118036
[ct_train] saved best checkpoint (val_eval_loss=2.6208 val_acc=0.9748)
[ct_train] rechunked train graphs (seed=121)

=== Epoch 121/1000 ===
[train] loss=5.0786 cls=0.4118 cme=2.1760 acc=0.9801 cells=158379
[ct_train] rechunked train graphs (seed=122)

=== Epoch 122/1000 ===
[train] loss=5.0637 cls=0.4121 cme=2.1691 acc=0.9799 cells=158379
[val]   loss=5.1490 eval=2.6204 cls=0.4116 cme=2.2088 acc=0.9748 cells=118036
[ct_train] saved best checkpoint (val_eval_loss=2.6204 val_acc=0.9748)
[ct_train] rechunked train graphs (seed=123)

=== Epoch 123/1000 ===
[train] loss=5.0727 cls=0.4112 cme=2.1736 acc=0.9805 cells=158379
[ct_train] rechunked train graphs (seed=124)

=== Epoch 124/1000 ===
[train] loss=5.0786 cls=0.4106 cme=2.1767 acc=0.9804 cells=158379
[val]   loss=5.1485 eval=2.6200 cls=0.4114 cme=2.2086 acc=0.9749 cells=118036
[ct_train] saved best checkpoint (val_eval_loss=2.6200 val_acc=0.9749)
[ct_train] rechunked train graphs (seed=125)

=== Epoch 125/1000 ===
[train] loss=5.0720 cls=0.4106 cme=2.1736 acc=0.9813 cells=158379
[ct_train] rechunked train graphs (seed=126)

=== Epoch 126/1000 ===
[train] loss=5.0718 cls=0.4103 cme=2.1736 acc=0.9804 cells=158379
[val]   loss=5.1477 eval=2.6196 cls=0.4112 cme=2.2083 acc=0.9749 cells=118036
[ct_train] saved best checkpoint (val_eval_loss=2.6196 val_acc=0.9749)
[ct_train] rechunked train graphs (seed=127)

=== Epoch 127/1000 ===
[train] loss=5.0761 cls=0.4105 cme=2.1755 acc=0.9806 cells=158379
[ct_train] rechunked train graphs (seed=128)

=== Epoch 128/1000 ===
[train] loss=5.0662 cls=0.4098 cme=2.1712 acc=0.9808 cells=158379
[val]   loss=5.1469 eval=2.6191 cls=0.4111 cme=2.2080 acc=0.9749 cells=118036
[ct_train] saved best checkpoint (val_eval_loss=2.6191 val_acc=0.9749)
[ct_train] rechunked train graphs (seed=129)

=== Epoch 129/1000 ===
[train] loss=5.0714 cls=0.4088 cme=2.1742 acc=0.9812 cells=158379
[ct_train] rechunked train graphs (seed=130)

=== Epoch 130/1000 ===
[train] loss=5.0680 cls=0.4082 cme=2.1727 acc=0.9815 cells=158379
[val]   loss=5.1461 eval=2.6187 cls=0.4109 cme=2.2077 acc=0.9751 cells=118036
[ct_train] saved best checkpoint (val_eval_loss=2.6187 val_acc=0.9751)
[ct_train] rechunked train graphs (seed=131)

=== Epoch 131/1000 ===
[train] loss=5.0704 cls=0.4096 cme=2.1733 acc=0.9810 cells=158379
[ct_train] rechunked train graphs (seed=132)

=== Epoch 132/1000 ===
[train] loss=5.0602 cls=0.4092 cme=2.1687 acc=0.9808 cells=158379
[val]   loss=5.1453 eval=2.6182 cls=0.4108 cme=2.2074 acc=0.9751 cells=118036
[ct_train] saved best checkpoint (val_eval_loss=2.6182 val_acc=0.9751)
[ct_train] rechunked train graphs (seed=133)

=== Epoch 133/1000 ===
[train] loss=5.0637 cls=0.4080 cme=2.1709 acc=0.9811 cells=158379
[ct_train] rechunked train graphs (seed=134)

=== Epoch 134/1000 ===
[train] loss=5.0691 cls=0.4092 cme=2.1729 acc=0.9814 cells=158379
[val]   loss=5.1447 eval=2.6179 cls=0.4107 cme=2.2072 acc=0.9752 cells=118036
[ct_train] saved best checkpoint (val_eval_loss=2.6179 val_acc=0.9752)
[ct_train] rechunked train graphs (seed=135)

=== Epoch 135/1000 ===
[train] loss=5.0579 cls=0.4073 cme=2.1687 acc=0.9815 cells=158379
[ct_train] rechunked train graphs (seed=136)

=== Epoch 136/1000 ===
[train] loss=5.0471 cls=0.4068 cme=2.1638 acc=0.9819 cells=158379
[val]   loss=5.1443 eval=2.6177 cls=0.4106 cme=2.2071 acc=0.9752 cells=118036
[ct_train] saved best checkpoint (val_eval_loss=2.6177 val_acc=0.9752)
[ct_train] early_stopping: no improve on val/eval_loss for 1/45 val checks
[ct_train] rechunked train graphs (seed=137)

=== Epoch 137/1000 ===
[train] loss=5.0683 cls=0.4087 cme=2.1727 acc=0.9812 cells=158379
[ct_train] rechunked train graphs (seed=138)

=== Epoch 138/1000 ===
[train] loss=5.0482 cls=0.4074 cme=2.1640 acc=0.9816 cells=158379
[val]   loss=5.1435 eval=2.6172 cls=0.4105 cme=2.2068 acc=0.9753 cells=118036
[ct_train] saved best checkpoint (val_eval_loss=2.6172 val_acc=0.9753)
[ct_train] rechunked train graphs (seed=139)

=== Epoch 139/1000 ===
[train] loss=5.0578 cls=0.4071 cme=2.1687 acc=0.9815 cells=158379
[ct_train] rechunked train graphs (seed=140)

=== Epoch 140/1000 ===
[train] loss=5.0551 cls=0.4063 cme=2.1677 acc=0.9818 cells=158379
[val]   loss=5.1428 eval=2.6169 cls=0.4104 cme=2.2065 acc=0.9754 cells=118036
[ct_train] saved best checkpoint (val_eval_loss=2.6169 val_acc=0.9754)
[ct_train] rechunked train graphs (seed=141)

=== Epoch 141/1000 ===
[train] loss=5.0584 cls=0.4065 cme=2.1693 acc=0.9819 cells=158379
[ct_train] rechunked train graphs (seed=142)

=== Epoch 142/1000 ===
[train] loss=5.0589 cls=0.4059 cme=2.1697 acc=0.9820 cells=158379
[val]   loss=5.1424 eval=2.6166 cls=0.4102 cme=2.2064 acc=0.9755 cells=118036
[ct_train] saved best checkpoint (val_eval_loss=2.6166 val_acc=0.9755)
[ct_train] rechunked train graphs (seed=143)

=== Epoch 143/1000 ===
[train] loss=5.0486 cls=0.4053 cme=2.1652 acc=0.9824 cells=158379
[ct_train] rechunked train graphs (seed=144)

=== Epoch 144/1000 ===
[train] loss=5.0550 cls=0.4062 cme=2.1678 acc=0.9820 cells=158379
[val]   loss=5.1418 eval=2.6163 cls=0.4101 cme=2.2062 acc=0.9754 cells=118036
[ct_train] saved best checkpoint (val_eval_loss=2.6163 val_acc=0.9755)
[ct_train] rechunked train graphs (seed=145)

=== Epoch 145/1000 ===
[train] loss=5.0643 cls=0.4055 cme=2.1723 acc=0.9824 cells=158379
[ct_train] rechunked train graphs (seed=146)

=== Epoch 146/1000 ===
[train] loss=5.0534 cls=0.4055 cme=2.1674 acc=0.9820 cells=158379
[val]   loss=5.1411 eval=2.6159 cls=0.4100 cme=2.2059 acc=0.9754 cells=118036
[ct_train] saved best checkpoint (val_eval_loss=2.6159 val_acc=0.9755)
[ct_train] rechunked train graphs (seed=147)

=== Epoch 147/1000 ===
[train] loss=5.0611 cls=0.4056 cme=2.1707 acc=0.9818 cells=158379
[ct_train] rechunked train graphs (seed=148)

=== Epoch 148/1000 ===
[train] loss=5.0651 cls=0.4060 cme=2.1725 acc=0.9819 cells=158379
[val]   loss=5.1410 eval=2.6158 cls=0.4100 cme=2.2058 acc=0.9755 cells=118036
[ct_train] saved best checkpoint (val_eval_loss=2.6158 val_acc=0.9755)
[ct_train] early_stopping: no improve on val/eval_loss for 1/45 val checks
[ct_train] rechunked train graphs (seed=149)

=== Epoch 149/1000 ===
[train] loss=5.0515 cls=0.4061 cme=2.1662 acc=0.9821 cells=158379
[ct_train] rechunked train graphs (seed=150)

=== Epoch 150/1000 ===
[train] loss=5.0501 cls=0.4061 cme=2.1655 acc=0.9816 cells=158379
[val]   loss=5.1410 eval=2.6158 cls=0.4099 cme=2.2059 acc=0.9755 cells=118036
[ct_train] saved best checkpoint (val_eval_loss=2.6158 val_acc=0.9755)
[ct_train] early_stopping: no improve on val/eval_loss for 2/45 val checks
[ct_train] rechunked train graphs (seed=151)

=== Epoch 151/1000 ===
[train] loss=5.0526 cls=0.4052 cme=2.1671 acc=0.9823 cells=158379
[ct_train] rechunked train graphs (seed=152)

=== Epoch 152/1000 ===
[train] loss=5.0569 cls=0.4044 cme=2.1694 acc=0.9824 cells=158379
[val]   loss=5.1403 eval=2.6154 cls=0.4098 cme=2.2056 acc=0.9755 cells=118036
[ct_train] saved best checkpoint (val_eval_loss=2.6154 val_acc=0.9755)
[ct_train] rechunked train graphs (seed=153)

=== Epoch 153/1000 ===
[train] loss=5.0466 cls=0.4040 cme=2.1649 acc=0.9826 cells=158379
[ct_train] rechunked train graphs (seed=154)

=== Epoch 154/1000 ===
[train] loss=5.0451 cls=0.4039 cme=2.1642 acc=0.9825 cells=158379
[val]   loss=5.1398 eval=2.6151 cls=0.4098 cme=2.2054 acc=0.9755 cells=118036
[ct_train] saved best checkpoint (val_eval_loss=2.6151 val_acc=0.9755)
[ct_train] early_stopping: no improve on val/eval_loss for 1/45 val checks
[ct_train] rechunked train graphs (seed=155)

=== Epoch 155/1000 ===
[train] loss=5.0548 cls=0.4044 cme=2.1684 acc=0.9828 cells=158379
[ct_train] rechunked train graphs (seed=156)

=== Epoch 156/1000 ===
[train] loss=5.0421 cls=0.4031 cme=2.1632 acc=0.9828 cells=158379
[val]   loss=5.1397 eval=2.6151 cls=0.4097 cme=2.2053 acc=0.9756 cells=118036
[ct_train] saved best checkpoint (val_eval_loss=2.6151 val_acc=0.9756)
[ct_train] early_stopping: no improve on val/eval_loss for 2/45 val checks
[ct_train] rechunked train graphs (seed=157)

=== Epoch 157/1000 ===
[train] loss=5.0435 cls=0.4027 cme=2.1641 acc=0.9828 cells=158379
[ct_train] rechunked train graphs (seed=158)

=== Epoch 158/1000 ===
[train] loss=5.0434 cls=0.4030 cme=2.1638 acc=0.9826 cells=158379
[val]   loss=5.1394 eval=2.6149 cls=0.4097 cme=2.2052 acc=0.9757 cells=118036
[ct_train] saved best checkpoint (val_eval_loss=2.6149 val_acc=0.9757)
[ct_train] early_stopping: no improve on val/eval_loss for 3/45 val checks
[ct_train] rechunked train graphs (seed=159)

=== Epoch 159/1000 ===
[train] loss=5.0328 cls=0.4017 cme=2.1596 acc=0.9829 cells=158379
[ct_train] rechunked train graphs (seed=160)

=== Epoch 160/1000 ===
[train] loss=5.0446 cls=0.4021 cme=2.1648 acc=0.9834 cells=158379
[val]   loss=5.1392 eval=2.6148 cls=0.4096 cme=2.2052 acc=0.9757 cells=118036
[ct_train] saved best checkpoint (val_eval_loss=2.6148 val_acc=0.9757)
[ct_train] early_stopping: no improve on val/eval_loss for 4/45 val checks
[ct_train] rechunked train graphs (seed=161)

=== Epoch 161/1000 ===
[train] loss=5.0401 cls=0.4015 cme=2.1630 acc=0.9834 cells=158379
[ct_train] rechunked train graphs (seed=162)

=== Epoch 162/1000 ===
[train] loss=5.0434 cls=0.4019 cme=2.1644 acc=0.9834 cells=158379
[val]   loss=5.1387 eval=2.6146 cls=0.4096 cme=2.2050 acc=0.9758 cells=118036
[ct_train] saved best checkpoint (val_eval_loss=2.6146 val_acc=0.9758)
[ct_train] early_stopping: no improve on val/eval_loss for 5/45 val checks
[ct_train] rechunked train graphs (seed=163)

=== Epoch 163/1000 ===
[train] loss=5.0334 cls=0.4013 cme=2.1599 acc=0.9835 cells=158379
[ct_train] rechunked train graphs (seed=164)

=== Epoch 164/1000 ===
[train] loss=5.0324 cls=0.4008 cme=2.1598 acc=0.9840 cells=158379
[val]   loss=5.1384 eval=2.6144 cls=0.4095 cme=2.2048 acc=0.9759 cells=118036
[ct_train] saved best checkpoint (val_eval_loss=2.6144 val_acc=0.9759)
[ct_train] early_stopping: no improve on val/eval_loss for 6/45 val checks
[ct_train] rechunked train graphs (seed=165)

=== Epoch 165/1000 ===
[train] loss=5.0305 cls=0.4005 cme=2.1590 acc=0.9835 cells=158379
[ct_train] rechunked train graphs (seed=166)

=== Epoch 166/1000 ===
[train] loss=5.0306 cls=0.4000 cme=2.1594 acc=0.9838 cells=158379
[val]   loss=5.1382 eval=2.6143 cls=0.4095 cme=2.2048 acc=0.9759 cells=118036
[ct_train] saved best checkpoint (val_eval_loss=2.6143 val_acc=0.9759)
[ct_train] early_stopping: no improve on val/eval_loss for 7/45 val checks
[ct_train] rechunked train graphs (seed=167)

=== Epoch 167/1000 ===
[train] loss=5.0411 cls=0.4011 cme=2.1637 acc=0.9833 cells=158379
[ct_train] rechunked train graphs (seed=168)

=== Epoch 168/1000 ===
[train] loss=5.0291 cls=0.3987 cme=2.1593 acc=0.9841 cells=158379
[val]   loss=5.1380 eval=2.6142 cls=0.4094 cme=2.2048 acc=0.9759 cells=118036
[ct_train] saved best checkpoint (val_eval_loss=2.6142 val_acc=0.9759)
[ct_train] early_stopping: no improve on val/eval_loss for 8/45 val checks
[ct_train] rechunked train graphs (seed=169)

=== Epoch 169/1000 ===
[train] loss=5.0270 cls=0.3994 cme=2.1580 acc=0.9840 cells=158379
[ct_train] rechunked train graphs (seed=170)

=== Epoch 170/1000 ===
[train] loss=5.0376 cls=0.4001 cme=2.1625 acc=0.9838 cells=158379
[val]   loss=5.1379 eval=2.6141 cls=0.4094 cme=2.2047 acc=0.9759 cells=118036
[ct_train] saved best checkpoint (val_eval_loss=2.6141 val_acc=0.9759)
[ct_train] early_stopping: no improve on val/eval_loss for 9/45 val checks
[ct_train] rechunked train graphs (seed=171)

=== Epoch 171/1000 ===
[train] loss=5.0258 cls=0.3999 cme=2.1572 acc=0.9839 cells=158379
[ct_train] rechunked train graphs (seed=172)

=== Epoch 172/1000 ===
[train] loss=5.0292 cls=0.3997 cme=2.1589 acc=0.9843 cells=158379
[val]   loss=5.1378 eval=2.6141 cls=0.4094 cme=2.2047 acc=0.9759 cells=118036
[ct_train] saved best checkpoint (val_eval_loss=2.6141 val_acc=0.9759)
[ct_train] early_stopping: no improve on val/eval_loss for 10/45 val checks
[ct_train] rechunked train graphs (seed=173)

=== Epoch 173/1000 ===
[train] loss=5.0436 cls=0.3998 cme=2.1654 acc=0.9839 cells=158379
[ct_train] rechunked train graphs (seed=174)

=== Epoch 174/1000 ===
[train] loss=5.0271 cls=0.3979 cme=2.1587 acc=0.9848 cells=158379
[val]   loss=5.1378 eval=2.6140 cls=0.4093 cme=2.2047 acc=0.9759 cells=118036
[ct_train] saved best checkpoint (val_eval_loss=2.6140 val_acc=0.9759)
[ct_train] early_stopping: no improve on val/eval_loss for 11/45 val checks
[ct_train] rechunked train graphs (seed=175)

=== Epoch 175/1000 ===
[train] loss=5.0311 cls=0.3986 cme=2.1603 acc=0.9842 cells=158379
[ct_train] rechunked train graphs (seed=176)

=== Epoch 176/1000 ===
[train] loss=5.0331 cls=0.3990 cme=2.1609 acc=0.9842 cells=158379
[val]   loss=5.1378 eval=2.6141 cls=0.4094 cme=2.2047 acc=0.9760 cells=118036
[ct_train] early_stopping: no improve on val/eval_loss for 12/45 val checks
[ct_train] rechunked train graphs (seed=177)

=== Epoch 177/1000 ===
[train] loss=5.0255 cls=0.3986 cme=2.1576 acc=0.9843 cells=158379
[ct_train] rechunked train graphs (seed=178)

=== Epoch 178/1000 ===
[train] loss=5.0240 cls=0.3974 cme=2.1575 acc=0.9846 cells=158379
[val]   loss=5.1375 eval=2.6139 cls=0.4094 cme=2.2045 acc=0.9760 cells=118036
[ct_train] saved best checkpoint (val_eval_loss=2.6139 val_acc=0.9760)
[ct_train] early_stopping: no improve on val/eval_loss for 13/45 val checks
[ct_train] rechunked train graphs (seed=179)

=== Epoch 179/1000 ===
[train] loss=5.0372 cls=0.3976 cme=2.1635 acc=0.9850 cells=158379
[ct_train] rechunked train graphs (seed=180)

=== Epoch 180/1000 ===
[train] loss=5.0265 cls=0.3967 cme=2.1590 acc=0.9849 cells=158379
[val]   loss=5.1372 eval=2.6138 cls=0.4094 cme=2.2044 acc=0.9760 cells=118036
[ct_train] saved best checkpoint (val_eval_loss=2.6138 val_acc=0.9760)
[ct_train] early_stopping: no improve on val/eval_loss for 14/45 val checks
[ct_train] rechunked train graphs (seed=181)

=== Epoch 181/1000 ===
[train] loss=5.0115 cls=0.3970 cme=2.1519 acc=0.9844 cells=158379
[ct_train] rechunked train graphs (seed=182)

=== Epoch 182/1000 ===
[train] loss=5.0172 cls=0.3976 cme=2.1542 acc=0.9846 cells=158379
[val]   loss=5.1372 eval=2.6139 cls=0.4094 cme=2.2044 acc=0.9760 cells=118036
[ct_train] early_stopping: no improve on val/eval_loss for 15/45 val checks
[ct_train] rechunked train graphs (seed=183)

=== Epoch 183/1000 ===
[train] loss=5.0201 cls=0.3975 cme=2.1556 acc=0.9846 cells=158379
[ct_train] rechunked train graphs (seed=184)

=== Epoch 184/1000 ===
[train] loss=5.0181 cls=0.3973 cme=2.1548 acc=0.9848 cells=158379
[val]   loss=5.1374 eval=2.6140 cls=0.4095 cme=2.2045 acc=0.9760 cells=118036
[ct_train] early_stopping: no improve on val/eval_loss for 16/45 val checks
[ct_train] rechunked train graphs (seed=185)

=== Epoch 185/1000 ===
[train] loss=5.0176 cls=0.3969 cme=2.1547 acc=0.9850 cells=158379
[ct_train] rechunked train graphs (seed=186)

=== Epoch 186/1000 ===
[train] loss=5.0252 cls=0.3971 cme=2.1582 acc=0.9847 cells=158379
[val]   loss=5.1372 eval=2.6139 cls=0.4095 cme=2.2044 acc=0.9760 cells=118036
[ct_train] early_stopping: no improve on val/eval_loss for 17/45 val checks
[ct_train] rechunked train graphs (seed=187)

=== Epoch 187/1000 ===
[train] loss=5.0230 cls=0.3973 cme=2.1570 acc=0.9848 cells=158379
[ct_train] rechunked train graphs (seed=188)

=== Epoch 188/1000 ===
[train] loss=5.0150 cls=0.3964 cme=2.1538 acc=0.9850 cells=158379
[val]   loss=5.1372 eval=2.6140 cls=0.4096 cme=2.2043 acc=0.9761 cells=118036
[ct_train] early_stopping: no improve on val/eval_loss for 18/45 val checks
[ct_train] rechunked train graphs (seed=189)

=== Epoch 189/1000 ===
[train] loss=5.0190 cls=0.3964 cme=2.1556 acc=0.9853 cells=158379
[ct_train] rechunked train graphs (seed=190)

=== Epoch 190/1000 ===
[train] loss=5.0131 cls=0.3956 cme=2.1532 acc=0.9854 cells=158379
[val]   loss=5.1373 eval=2.6140 cls=0.4097 cme=2.2044 acc=0.9761 cells=118036
[ct_train] early_stopping: no improve on val/eval_loss for 19/45 val checks
[ct_train] rechunked train graphs (seed=191)

=== Epoch 191/1000 ===
[train] loss=5.0191 cls=0.3957 cme=2.1560 acc=0.9860 cells=158379
[ct_train] rechunked train graphs (seed=192)

=== Epoch 192/1000 ===
[train] loss=5.0186 cls=0.3957 cme=2.1557 acc=0.9854 cells=158379
[val]   loss=5.1371 eval=2.6139 cls=0.4097 cme=2.2042 acc=0.9761 cells=118036
[ct_train] early_stopping: no improve on val/eval_loss for 20/45 val checks
[ct_train] rechunked train graphs (seed=193)

=== Epoch 193/1000 ===
[train] loss=5.0174 cls=0.3953 cme=2.1554 acc=0.9856 cells=158379
[ct_train] rechunked train graphs (seed=194)

=== Epoch 194/1000 ===
[train] loss=5.0145 cls=0.3948 cme=2.1542 acc=0.9858 cells=158379
[val]   loss=5.1371 eval=2.6140 cls=0.4098 cme=2.2042 acc=0.9761 cells=118036
[ct_train] early_stopping: no improve on val/eval_loss for 21/45 val checks
[ct_train] rechunked train graphs (seed=195)

=== Epoch 195/1000 ===
[train] loss=5.0093 cls=0.3946 cme=2.1520 acc=0.9858 cells=158379
[ct_train] rechunked train graphs (seed=196)

=== Epoch 196/1000 ===
[train] loss=5.0131 cls=0.3952 cme=2.1535 acc=0.9854 cells=158379
[val]   loss=5.1371 eval=2.6140 cls=0.4099 cme=2.2041 acc=0.9761 cells=118036
[ct_train] early_stopping: no improve on val/eval_loss for 22/45 val checks
[ct_train] rechunked train graphs (seed=197)

=== Epoch 197/1000 ===
[train] loss=5.0059 cls=0.3943 cme=2.1506 acc=0.9854 cells=158379
[ct_train] rechunked train graphs (seed=198)

=== Epoch 198/1000 ===
[train] loss=5.0093 cls=0.3943 cme=2.1521 acc=0.9859 cells=158379
[val]   loss=5.1373 eval=2.6141 cls=0.4099 cme=2.2042 acc=0.9761 cells=118036
[ct_train] early_stopping: no improve on val/eval_loss for 23/45 val checks
[ct_train] rechunked train graphs (seed=199)

=== Epoch 199/1000 ===
[train] loss=5.0097 cls=0.3939 cme=2.1525 acc=0.9861 cells=158379
[ct_train] rechunked train graphs (seed=200)

=== Epoch 200/1000 ===
[train] loss=5.0145 cls=0.3941 cme=2.1546 acc=0.9858 cells=158379
[val]   loss=5.1375 eval=2.6142 cls=0.4099 cme=2.2043 acc=0.9761 cells=118036
[ct_train] early_stopping: no improve on val/eval_loss for 24/45 val checks
[ct_train] rechunked train graphs (seed=201)

=== Epoch 201/1000 ===
[train] loss=5.0001 cls=0.3931 cme=2.1485 acc=0.9862 cells=158379
[ct_train] rechunked train graphs (seed=202)

=== Epoch 202/1000 ===
[train] loss=5.0013 cls=0.3933 cme=2.1488 acc=0.9863 cells=158379
[val]   loss=5.1377 eval=2.6144 cls=0.4100 cme=2.2044 acc=0.9761 cells=118036
[ct_train] early_stopping: no improve on val/eval_loss for 25/45 val checks
[ct_train] rechunked train graphs (seed=203)

=== Epoch 203/1000 ===
[train] loss=5.0143 cls=0.3946 cme=2.1543 acc=0.9858 cells=158379
[ct_train] rechunked train graphs (seed=204)

=== Epoch 204/1000 ===
[train] loss=5.0013 cls=0.3939 cme=2.1486 acc=0.9858 cells=158379
[val]   loss=5.1378 eval=2.6144 cls=0.4100 cme=2.2044 acc=0.9761 cells=118036
[ct_train] early_stopping: no improve on val/eval_loss for 26/45 val checks
[ct_train] rechunked train graphs (seed=205)

=== Epoch 205/1000 ===
[train] loss=4.9985 cls=0.3928 cme=2.1478 acc=0.9864 cells=158379
[ct_train] rechunked train graphs (seed=206)

=== Epoch 206/1000 ===
[train] loss=5.0186 cls=0.3938 cme=2.1567 acc=0.9862 cells=158379
[val]   loss=5.1382 eval=2.6147 cls=0.4101 cme=2.2045 acc=0.9761 cells=118036
[ct_train] early_stopping: no improve on val/eval_loss for 27/45 val checks
[ct_train] rechunked train graphs (seed=207)

=== Epoch 207/1000 ===
[train] loss=5.0106 cls=0.3932 cme=2.1531 acc=0.9860 cells=158379
[ct_train] rechunked train graphs (seed=208)

=== Epoch 208/1000 ===
[train] loss=5.0056 cls=0.3936 cme=2.1507 acc=0.9858 cells=158379
[val]   loss=5.1384 eval=2.6148 cls=0.4102 cme=2.2046 acc=0.9761 cells=118036
[ct_train] early_stopping: no improve on val/eval_loss for 28/45 val checks
[ct_train] rechunked train graphs (seed=209)

=== Epoch 209/1000 ===
[train] loss=5.0063 cls=0.3935 cme=2.1511 acc=0.9860 cells=158379
[ct_train] rechunked train graphs (seed=210)

=== Epoch 210/1000 ===
[train] loss=5.0084 cls=0.3919 cme=2.1529 acc=0.9870 cells=158379
[val]   loss=5.1386 eval=2.6150 cls=0.4103 cme=2.2047 acc=0.9761 cells=118036
[ct_train] early_stopping: no improve on val/eval_loss for 29/45 val checks
[ct_train] rechunked train graphs (seed=211)

=== Epoch 211/1000 ===
[train] loss=5.0005 cls=0.3916 cme=2.1493 acc=0.9866 cells=158379
[ct_train] rechunked train graphs (seed=212)

=== Epoch 212/1000 ===
[train] loss=5.0014 cls=0.3918 cme=2.1496 acc=0.9866 cells=158379
[val]   loss=5.1387 eval=2.6151 cls=0.4104 cme=2.2047 acc=0.9761 cells=118036
[ct_train] early_stopping: no improve on val/eval_loss for 30/45 val checks
[ct_train] rechunked train graphs (seed=213)

=== Epoch 213/1000 ===
[train] loss=4.9885 cls=0.3910 cme=2.1441 acc=0.9869 cells=158379
[ct_train] rechunked train graphs (seed=214)

=== Epoch 214/1000 ===
[train] loss=5.0023 cls=0.3911 cme=2.1504 acc=0.9869 cells=158379
[val]   loss=5.1392 eval=2.6153 cls=0.4105 cme=2.2049 acc=0.9762 cells=118036
[ct_train] early_stopping: no improve on val/eval_loss for 31/45 val checks
[ct_train] rechunked train graphs (seed=215)

=== Epoch 215/1000 ===
[train] loss=5.0000 cls=0.3912 cme=2.1493 acc=0.9869 cells=158379
[ct_train] rechunked train graphs (seed=216)

=== Epoch 216/1000 ===
[train] loss=4.9926 cls=0.3905 cme=2.1462 acc=0.9873 cells=158379
[val]   loss=5.1395 eval=2.6155 cls=0.4105 cme=2.2050 acc=0.9763 cells=118036
[ct_train] early_stopping: no improve on val/eval_loss for 32/45 val checks
[ct_train] rechunked train graphs (seed=217)

=== Epoch 217/1000 ===
[train] loss=5.0012 cls=0.3906 cme=2.1501 acc=0.9872 cells=158379
[ct_train] rechunked train graphs (seed=218)

=== Epoch 218/1000 ===
[train] loss=4.9949 cls=0.3904 cme=2.1474 acc=0.9872 cells=158379
[val]   loss=5.1400 eval=2.6159 cls=0.4107 cme=2.2052 acc=0.9763 cells=118036
[ct_train] early_stopping: no improve on val/eval_loss for 33/45 val checks
[ct_train] rechunked train graphs (seed=219)

=== Epoch 219/1000 ===
[train] loss=4.9971 cls=0.3900 cme=2.1484 acc=0.9875 cells=158379
[ct_train] rechunked train graphs (seed=220)

=== Epoch 220/1000 ===
[train] loss=5.0026 cls=0.3899 cme=2.1510 acc=0.9874 cells=158379
[val]   loss=5.1405 eval=2.6161 cls=0.4108 cme=2.2053 acc=0.9764 cells=118036
[ct_train] early_stopping: no improve on val/eval_loss for 34/45 val checks
[ct_train] rechunked train graphs (seed=221)

=== Epoch 221/1000 ===
[train] loss=4.9884 cls=0.3893 cme=2.1448 acc=0.9875 cells=158379
[ct_train] rechunked train graphs (seed=222)

=== Epoch 222/1000 ===
[train] loss=4.9806 cls=0.3888 cme=2.1414 acc=0.9877 cells=158379
[val]   loss=5.1408 eval=2.6163 cls=0.4109 cme=2.2055 acc=0.9765 cells=118036
[ct_train] early_stopping: no improve on val/eval_loss for 35/45 val checks
[ct_train] rechunked train graphs (seed=223)

=== Epoch 223/1000 ===
[train] loss=4.9960 cls=0.3896 cme=2.1481 acc=0.9875 cells=158379
[ct_train] rechunked train graphs (seed=224)

=== Epoch 224/1000 ===
[train] loss=5.0051 cls=0.3893 cme=2.1525 acc=0.9875 cells=158379
[val]   loss=5.1412 eval=2.6165 cls=0.4109 cme=2.2056 acc=0.9765 cells=118036
[ct_train] early_stopping: no improve on val/eval_loss for 36/45 val checks
[ct_train] rechunked train graphs (seed=225)

=== Epoch 225/1000 ===
[train] loss=4.9897 cls=0.3892 cme=2.1455 acc=0.9877 cells=158379
[ct_train] rechunked train graphs (seed=226)

=== Epoch 226/1000 ===
[train] loss=5.0003 cls=0.3893 cme=2.1502 acc=0.9878 cells=158379
[val]   loss=5.1418 eval=2.6169 cls=0.4111 cme=2.2058 acc=0.9765 cells=118036
[ct_train] early_stopping: no improve on val/eval_loss for 37/45 val checks
[ct_train] rechunked train graphs (seed=227)

=== Epoch 227/1000 ===
[train] loss=4.9879 cls=0.3897 cme=2.1444 acc=0.9875 cells=158379
[ct_train] rechunked train graphs (seed=228)

=== Epoch 228/1000 ===
[train] loss=4.9937 cls=0.3898 cme=2.1470 acc=0.9875 cells=158379
[val]   loss=5.1417 eval=2.6169 cls=0.4111 cme=2.2057 acc=0.9764 cells=118036
[ct_train] early_stopping: no improve on val/eval_loss for 38/45 val checks
[ct_train] rechunked train graphs (seed=229)

=== Epoch 229/1000 ===
[train] loss=4.9939 cls=0.3894 cme=2.1473 acc=0.9876 cells=158379
[ct_train] rechunked train graphs (seed=230)

=== Epoch 230/1000 ===
[train] loss=4.9876 cls=0.3892 cme=2.1444 acc=0.9878 cells=158379
[val]   loss=5.1418 eval=2.6170 cls=0.4112 cme=2.2058 acc=0.9763 cells=118036
[ct_train] early_stopping: no improve on val/eval_loss for 39/45 val checks
[ct_train] rechunked train graphs (seed=231)

=== Epoch 231/1000 ===
[train] loss=4.9773 cls=0.3881 cme=2.1402 acc=0.9880 cells=158379
[ct_train] rechunked train graphs (seed=232)

=== Epoch 232/1000 ===
[train] loss=4.9927 cls=0.3882 cme=2.1472 acc=0.9881 cells=158379
[val]   loss=5.1420 eval=2.6171 cls=0.4113 cme=2.2058 acc=0.9763 cells=118036
[ct_train] early_stopping: no improve on val/eval_loss for 40/45 val checks
[ct_train] rechunked train graphs (seed=233)

=== Epoch 233/1000 ===
[train] loss=4.9852 cls=0.3884 cme=2.1437 acc=0.9878 cells=158379
[ct_train] rechunked train graphs (seed=234)

=== Epoch 234/1000 ===
[train] loss=4.9868 cls=0.3879 cme=2.1447 acc=0.9881 cells=158379
[val]   loss=5.1422 eval=2.6172 cls=0.4114 cme=2.2059 acc=0.9763 cells=118036
[ct_train] early_stopping: no improve on val/eval_loss for 41/45 val checks
[ct_train] rechunked train graphs (seed=235)

=== Epoch 235/1000 ===
[train] loss=4.9814 cls=0.3873 cme=2.1425 acc=0.9883 cells=158379
[ct_train] rechunked train graphs (seed=236)

=== Epoch 236/1000 ===
[train] loss=4.9842 cls=0.3879 cme=2.1435 acc=0.9883 cells=158379
[val]   loss=5.1428 eval=2.6176 cls=0.4115 cme=2.2061 acc=0.9762 cells=118036
[ct_train] early_stopping: no improve on val/eval_loss for 42/45 val checks
[ct_train] rechunked train graphs (seed=237)

=== Epoch 237/1000 ===
[train] loss=4.9918 cls=0.3880 cme=2.1469 acc=0.9881 cells=158379
[ct_train] rechunked train graphs (seed=238)

=== Epoch 238/1000 ===
[train] loss=4.9756 cls=0.3871 cme=2.1399 acc=0.9883 cells=158379
[val]   loss=5.1434 eval=2.6180 cls=0.4117 cme=2.2063 acc=0.9762 cells=118036
[ct_train] early_stopping: no improve on val/eval_loss for 43/45 val checks
[ct_train] rechunked train graphs (seed=239)

=== Epoch 239/1000 ===
[train] loss=4.9766 cls=0.3876 cme=2.1401 acc=0.9880 cells=158379
[ct_train] rechunked train graphs (seed=240)

=== Epoch 240/1000 ===
[train] loss=4.9774 cls=0.3870 cme=2.1408 acc=0.9886 cells=158379
[val]   loss=5.1441 eval=2.6184 cls=0.4119 cme=2.2065 acc=0.9762 cells=118036
[ct_train] early_stopping: no improve on val/eval_loss for 44/45 val checks
[ct_train] rechunked train graphs (seed=241)

=== Epoch 241/1000 ===
[train] loss=4.9895 cls=0.3881 cme=2.1459 acc=0.9881 cells=158379
[ct_train] rechunked train graphs (seed=242)

=== Epoch 242/1000 ===
[train] loss=4.9841 cls=0.3866 cme=2.1440 acc=0.9886 cells=158379
[val]   loss=5.1443 eval=2.6185 cls=0.4119 cme=2.2066 acc=0.9761 cells=118036
[ct_train] early_stopping: no improve on val/eval_loss for 45/45 val checks
[ct_train] early stopping at epoch 242 (patience=45, monitor=val/eval_loss)

[ct_train] done. best_val_acc=0.9765  best_val_eval_loss=2.6138  checkpoints=/home/abel/code/Tissue-Reassembly-using-GenAI-and-new-metrics/exploration/cell_types/outputs/exp083_ema_lr1p6  logs=/home/abel/code/Tissue-Reassembly-using-GenAI-and-new-metrics/exploration/cell_types/logs/exp083_ema_lr1p6/20260808_011127
wandb: updating run metadata
wandb: uploading wandb-summary.json; uploading config.yaml; uploading output.log
wandb: 
wandb: Run summary:
wandb:                      best_epoch 180
wandb:                    best_val_acc 0.97647
wandb:              best_val_eval_loss 2.61382
wandb:                           epoch 242
wandb:                              lr 0.00016
wandb:           model/parameter_count 1305308
wandb: model/trainable_parameter_count 1305308
wandb:                       train/acc 0.98858
wandb:       train/acc_per_class/Astro 0.99332
wandb:        train/acc_per_class/Endo 0.98497
wandb:                             +54 ...
wandb: 
wandb:  View run exp083_ema_lr1p6 at: https://wandb.ai/abel-salmona-polytechnique-montr-al/cell_types/runs/r8xr4gzt
wandb:  View project at: https://wandb.ai/abel-salmona-polytechnique-montr-al/cell_types
wandb: Synced 5 W&B file(s), 1 media file(s), 2 artifact file(s) and 1 other file(s)
wandb: Find logs at: ./exploration/cell_types/logs/exp083_ema_lr1p6/20260808_011127/wandb/run-20260808_011135-r8xr4gzt/logs
