[ct_train] config=exploration/cell_types/experiments/configs/exp170_kd_harder.json
[ct_train] device=cuda  checkpoints=/home/abel/code/Tissue-Reassembly-using-GenAI-and-new-metrics/exploration/cell_types/outputs/exp170_kd_harder
[ct_train] logs=/home/abel/code/Tissue-Reassembly-using-GenAI-and-new-metrics/exploration/cell_types/logs/exp170_kd_harder/20260808_101746
[ct_train] Loading data …
[DataModule] Reading '/home/abel/biodata/MERFISH_LUNA_small_cortex/MERFISH_mouse_cortex_train.csv' (split=train) with float32 dtype on 254 gene cols + coord cols …
[DataModule] Loaded 158,379 rows for split=train.
[DataModule] Reading '/home/abel/biodata/MERFISH_LUNA_small_cortex/MERFISH_mouse_cortex_test.csv' (split=test) with float32 dtype on 254 gene cols + coord cols …
[DataModule] Loaded 118,036 rows for split=test.
[DataModule] Reading '/home/abel/biodata/MERFISH_LUNA_small_cortex/MERFISH_mouse_cortex_test.csv' (split=validation) with float32 dtype on 254 gene cols + coord cols …
[DataModule] Loaded 118,036 rows for split=validation.
[ct_train] genes=254  classes=23
[ct_train] model predict_cme=True  params=1,305,308
[ct_train] initialized student from /home/abel/code/Tissue-Reassembly-using-GenAI-and-new-metrics/exploration/cell_types/outputs/exp168_kd_ens_strong/best.pt
[ct_train] teacher loaded: /home/abel/code/Tissue-Reassembly-using-GenAI-and-new-metrics/exploration/cell_types/outputs/exp168_kd_ens_strong/best.pt
[ct_train] teacher loaded: /home/abel/code/Tissue-Reassembly-using-GenAI-and-new-metrics/exploration/cell_types/outputs/exp169_kd_ens_clsw09/best.pt
[ct_train] teacher loaded: /home/abel/code/Tissue-Reassembly-using-GenAI-and-new-metrics/exploration/cell_types/outputs/exp157_cls_w09/best.pt
[ct_train] distillation ON: n_teachers=3 hard_w=0.3 kd_cls=1.5 kd_cme=2.5 T=2.0
[ct_train] soft CME loaded split=train sigma=96.0 n=158379 C=23
[ct_train] soft CME loaded split=validation sigma=96.0 n=118036 C=23
[ct_train] soft CME loaded split=train sigma=50.0 n=158379 C=23
[ct_train] soft CME loaded split=train sigma=64.0 n=158379 C=23
[ct_train] soft CME loaded split=validation sigma=50.0 n=118036 C=23
[ct_train] soft CME loaded split=validation sigma=64.0 n=118036 C=23
wandb: [wandb.login()] Loaded credentials for https://api.wandb.ai from /home/abel/.netrc.
wandb: Currently logged in as: abel-salmona (abel-salmona-polytechnique-montr-al) to https://api.wandb.ai. Use `wandb login --relogin` to force relogin
wandb: WARNING Using a boolean value for 'reinit' is deprecated. Use 'return_previous' or 'finish_previous' instead.
wandb: Tracking run with wandb version 0.26.1
wandb: Run data is saved locally in /home/abel/code/Tissue-Reassembly-using-GenAI-and-new-metrics/exploration/cell_types/logs/exp170_kd_harder/20260808_101746/wandb/run-20260808_101754-lgmv751i
wandb: Run `wandb offline` to turn off syncing.
wandb: Syncing run exp170_kd_harder
wandb:  View project at https://wandb.ai/abel-salmona-polytechnique-montr-al/cell_types
wandb:  View run at https://wandb.ai/abel-salmona-polytechnique-montr-al/cell_types/runs/lgmv751i
wandb: WARNING Saving files without folders. If you want to preserve subdirectories pass base_path to wandb.save, i.e. wandb.save("/mnt/folder/file.h5", base_path="/mnt")
wandb: WARNING Symlinked 1 file into the W&B run directory; call wandb.save again to sync new files.
[ct_train] wandb: project=cell_types name=exp170_kd_harder mode=online url=https://wandb.ai/abel-salmona-polytechnique-montr-al/cell_types/runs/lgmv751i
[ct_train] parameters: total=1,305,308 trainable=1,305,308
  [params] mlp_in_node_features: 26,720
  [params] transformer_layers: 633,600
  [params] type_stage1: 28,320
  [params] env_stage1: 93,056
  [params] type_probe: 2,231
  [params] env_probe: 7,383
  [params] fusion_mlp: 383,008
  [params] type_stage2: 30,551
  [params] env_stage2: 100,439
[ct_train] EMA enabled decay=0.98
[ct_train] rechunked train graphs (seed=1)

=== Epoch 1/1000 ===
[train] loss=7.0457 cls=0.4500 cme=2.1520 acc=0.9853 cells=158379 kd=5.5138
[ct_train] rechunked train graphs (seed=2)

=== Epoch 2/1000 ===
[train] loss=7.0226 cls=0.4491 cme=2.1445 acc=0.9856 cells=158379 kd=5.4959
[val]   loss=5.2284 eval=2.6087 cls=0.4065 cme=2.2022 acc=0.9761 cells=118036
[ct_train] saved best checkpoint (val_eval_loss=2.6087 val_acc=0.9761)
[ct_train] rechunked train graphs (seed=3)

=== Epoch 3/1000 ===
[train] loss=7.0214 cls=0.4492 cme=2.1443 acc=0.9857 cells=158379 kd=5.4947
[ct_train] rechunked train graphs (seed=4)

=== Epoch 4/1000 ===
[train] loss=7.0290 cls=0.4491 cme=2.1466 acc=0.9857 cells=158379 kd=5.5009
[val]   loss=5.2285 eval=2.6088 cls=0.4066 cme=2.2022 acc=0.9761 cells=118036
[ct_train] early_stopping: no improve on val/eval_loss for 1/30 val checks
[ct_train] rechunked train graphs (seed=5)

=== Epoch 5/1000 ===
[train] loss=7.0400 cls=0.4496 cme=2.1495 acc=0.9855 cells=158379 kd=5.5099
[ct_train] rechunked train graphs (seed=6)

=== Epoch 6/1000 ===
[train] loss=7.0339 cls=0.4493 cme=2.1487 acc=0.9853 cells=158379 kd=5.5044
[val]   loss=5.2290 eval=2.6091 cls=0.4067 cme=2.2024 acc=0.9762 cells=118036
[ct_train] early_stopping: no improve on val/eval_loss for 2/30 val checks
[ct_train] rechunked train graphs (seed=7)

=== Epoch 7/1000 ===
[train] loss=7.0180 cls=0.4490 cme=2.1440 acc=0.9857 cells=158379 kd=5.4917
[ct_train] rechunked train graphs (seed=8)

=== Epoch 8/1000 ===
[train] loss=7.0219 cls=0.4490 cme=2.1445 acc=0.9857 cells=158379 kd=5.4953
[val]   loss=5.2288 eval=2.6091 cls=0.4068 cme=2.2023 acc=0.9762 cells=118036
[ct_train] early_stopping: no improve on val/eval_loss for 3/30 val checks
[ct_train] rechunked train graphs (seed=9)

=== Epoch 9/1000 ===
[train] loss=7.0247 cls=0.4485 cme=2.1458 acc=0.9856 cells=158379 kd=5.4973
[ct_train] rechunked train graphs (seed=10)

=== Epoch 10/1000 ===
[train] loss=7.0394 cls=0.4493 cme=2.1500 acc=0.9855 cells=158379 kd=5.5091
[val]   loss=5.2289 eval=2.6091 cls=0.4068 cme=2.2024 acc=0.9762 cells=118036
[ct_train] early_stopping: no improve on val/eval_loss for 4/30 val checks
[ct_train] rechunked train graphs (seed=11)

=== Epoch 11/1000 ===
[train] loss=7.0233 cls=0.4486 cme=2.1461 acc=0.9856 cells=158379 kd=5.4957
[ct_train] rechunked train graphs (seed=12)

=== Epoch 12/1000 ===
[train] loss=7.0235 cls=0.4486 cme=2.1461 acc=0.9857 cells=158379 kd=5.4959
[val]   loss=5.2287 eval=2.6090 cls=0.4067 cme=2.2023 acc=0.9761 cells=118036
[ct_train] early_stopping: no improve on val/eval_loss for 5/30 val checks
[ct_train] rechunked train graphs (seed=13)

=== Epoch 13/1000 ===
[train] loss=7.0248 cls=0.4491 cme=2.1456 acc=0.9855 cells=158379 kd=5.4974
[ct_train] rechunked train graphs (seed=14)

=== Epoch 14/1000 ===
[train] loss=7.0362 cls=0.4486 cme=2.1497 acc=0.9856 cells=158379 kd=5.5063
[val]   loss=5.2292 eval=2.6093 cls=0.4068 cme=2.2025 acc=0.9762 cells=118036
[ct_train] early_stopping: no improve on val/eval_loss for 6/30 val checks
[ct_train] rechunked train graphs (seed=15)

=== Epoch 15/1000 ===
[train] loss=7.0235 cls=0.4486 cme=2.1461 acc=0.9856 cells=158379 kd=5.4959
[ct_train] rechunked train graphs (seed=16)

=== Epoch 16/1000 ===
[train] loss=7.0238 cls=0.4491 cme=2.1461 acc=0.9858 cells=158379 kd=5.4961
[val]   loss=5.2292 eval=2.6093 cls=0.4068 cme=2.2025 acc=0.9762 cells=118036
[ct_train] early_stopping: no improve on val/eval_loss for 7/30 val checks
[ct_train] rechunked train graphs (seed=17)

=== Epoch 17/1000 ===
[train] loss=7.0220 cls=0.4485 cme=2.1457 acc=0.9857 cells=158379 kd=5.4947
[ct_train] rechunked train graphs (seed=18)

=== Epoch 18/1000 ===
[train] loss=7.0173 cls=0.4480 cme=2.1437 acc=0.9856 cells=158379 kd=5.4915
[val]   loss=5.2291 eval=2.6092 cls=0.4068 cme=2.2024 acc=0.9762 cells=118036
[ct_train] early_stopping: no improve on val/eval_loss for 8/30 val checks
[ct_train] rechunked train graphs (seed=19)

=== Epoch 19/1000 ===
[train] loss=7.0226 cls=0.4481 cme=2.1462 acc=0.9856 cells=158379 kd=5.4952
[ct_train] rechunked train graphs (seed=20)

=== Epoch 20/1000 ===
[train] loss=7.0201 cls=0.4484 cme=2.1452 acc=0.9858 cells=158379 kd=5.4931
[val]   loss=5.2290 eval=2.6092 cls=0.4068 cme=2.2024 acc=0.9762 cells=118036
[ct_train] early_stopping: no improve on val/eval_loss for 9/30 val checks
[ct_train] rechunked train graphs (seed=21)

=== Epoch 21/1000 ===
[train] loss=7.0191 cls=0.4482 cme=2.1454 acc=0.9857 cells=158379 kd=5.4921
[ct_train] rechunked train graphs (seed=22)

=== Epoch 22/1000 ===
[train] loss=7.0374 cls=0.4482 cme=2.1501 acc=0.9858 cells=158379 kd=5.5073
[val]   loss=5.2289 eval=2.6091 cls=0.4067 cme=2.2024 acc=0.9762 cells=118036
[ct_train] early_stopping: no improve on val/eval_loss for 10/30 val checks
[ct_train] rechunked train graphs (seed=23)

=== Epoch 23/1000 ===
[train] loss=7.0120 cls=0.4476 cme=2.1421 acc=0.9856 cells=158379 kd=5.4873
[ct_train] rechunked train graphs (seed=24)

=== Epoch 24/1000 ===
[train] loss=7.0231 cls=0.4483 cme=2.1458 acc=0.9856 cells=158379 kd=5.4958
[val]   loss=5.2288 eval=2.6091 cls=0.4067 cme=2.2024 acc=0.9761 cells=118036
[ct_train] early_stopping: no improve on val/eval_loss for 11/30 val checks
[ct_train] rechunked train graphs (seed=25)

=== Epoch 25/1000 ===
[train] loss=7.0035 cls=0.4476 cme=2.1405 acc=0.9857 cells=158379 kd=5.4799
[ct_train] rechunked train graphs (seed=26)

=== Epoch 26/1000 ===
[train] loss=7.0320 cls=0.4476 cme=2.1480 acc=0.9858 cells=158379 kd=5.5034
[val]   loss=5.2284 eval=2.6089 cls=0.4066 cme=2.2022 acc=0.9762 cells=118036
[ct_train] early_stopping: no improve on val/eval_loss for 12/30 val checks
[ct_train] rechunked train graphs (seed=27)

=== Epoch 27/1000 ===
[train] loss=7.0048 cls=0.4480 cme=2.1404 acc=0.9858 cells=158379 kd=5.4812
[ct_train] rechunked train graphs (seed=28)

=== Epoch 28/1000 ===
[train] loss=7.0144 cls=0.4476 cme=2.1445 acc=0.9858 cells=158379 kd=5.4882
[val]   loss=5.2283 eval=2.6088 cls=0.4067 cme=2.2022 acc=0.9762 cells=118036
[ct_train] early_stopping: no improve on val/eval_loss for 13/30 val checks
[ct_train] rechunked train graphs (seed=29)

=== Epoch 29/1000 ===
[train] loss=7.0201 cls=0.4481 cme=2.1449 acc=0.9858 cells=158379 kd=5.4934
[ct_train] rechunked train graphs (seed=30)

=== Epoch 30/1000 ===
[train] loss=7.0162 cls=0.4478 cme=2.1432 acc=0.9858 cells=158379 kd=5.4907
[val]   loss=5.2278 eval=2.6086 cls=0.4066 cme=2.2019 acc=0.9762 cells=118036
[ct_train] saved best checkpoint (val_eval_loss=2.6086 val_acc=0.9762)
[ct_train] early_stopping: no improve on val/eval_loss for 14/30 val checks
[ct_train] rechunked train graphs (seed=31)

=== Epoch 31/1000 ===
[train] loss=7.0141 cls=0.4476 cme=2.1429 acc=0.9858 cells=158379 kd=5.4889
[ct_train] rechunked train graphs (seed=32)

=== Epoch 32/1000 ===
[train] loss=7.0244 cls=0.4474 cme=2.1468 acc=0.9858 cells=158379 kd=5.4967
[val]   loss=5.2280 eval=2.6087 cls=0.4067 cme=2.2020 acc=0.9762 cells=118036
[ct_train] early_stopping: no improve on val/eval_loss for 15/30 val checks
[ct_train] rechunked train graphs (seed=33)

=== Epoch 33/1000 ===
[train] loss=7.0203 cls=0.4472 cme=2.1459 acc=0.9862 cells=158379 kd=5.4932
[ct_train] rechunked train graphs (seed=34)

=== Epoch 34/1000 ===
[train] loss=7.0122 cls=0.4481 cme=2.1425 acc=0.9860 cells=158379 kd=5.4871
[val]   loss=5.2281 eval=2.6087 cls=0.4067 cme=2.2020 acc=0.9761 cells=118036
[ct_train] early_stopping: no improve on val/eval_loss for 16/30 val checks
[ct_train] rechunked train graphs (seed=35)

=== Epoch 35/1000 ===
[train] loss=7.0151 cls=0.4471 cme=2.1433 acc=0.9858 cells=158379 kd=5.4898
[ct_train] rechunked train graphs (seed=36)

=== Epoch 36/1000 ===
[train] loss=7.0156 cls=0.4475 cme=2.1437 acc=0.9860 cells=158379 kd=5.4899
[val]   loss=5.2282 eval=2.6087 cls=0.4067 cme=2.2021 acc=0.9761 cells=118036
[ct_train] early_stopping: no improve on val/eval_loss for 17/30 val checks
[ct_train] rechunked train graphs (seed=37)

=== Epoch 37/1000 ===
[train] loss=7.0100 cls=0.4474 cme=2.1416 acc=0.9855 cells=158379 kd=5.4857
[ct_train] rechunked train graphs (seed=38)

=== Epoch 38/1000 ===
[train] loss=7.0211 cls=0.4479 cme=2.1459 acc=0.9859 cells=158379 kd=5.4939
[val]   loss=5.2282 eval=2.6088 cls=0.4067 cme=2.2021 acc=0.9761 cells=118036
[ct_train] early_stopping: no improve on val/eval_loss for 18/30 val checks
[ct_train] rechunked train graphs (seed=39)

=== Epoch 39/1000 ===
[train] loss=7.0112 cls=0.4468 cme=2.1430 acc=0.9859 cells=158379 kd=5.4863
[ct_train] rechunked train graphs (seed=40)

=== Epoch 40/1000 ===
[train] loss=7.0153 cls=0.4472 cme=2.1432 acc=0.9858 cells=158379 kd=5.4900
[val]   loss=5.2281 eval=2.6087 cls=0.4067 cme=2.2021 acc=0.9762 cells=118036
[ct_train] early_stopping: no improve on val/eval_loss for 19/30 val checks
[ct_train] rechunked train graphs (seed=41)

=== Epoch 41/1000 ===
[train] loss=7.0092 cls=0.4470 cme=2.1421 acc=0.9860 cells=158379 kd=5.4847
[ct_train] rechunked train graphs (seed=42)

=== Epoch 42/1000 ===
[train] loss=7.0079 cls=0.4471 cme=2.1407 acc=0.9858 cells=158379 kd=5.4844
[val]   loss=5.2282 eval=2.6088 cls=0.4067 cme=2.2021 acc=0.9762 cells=118036
[ct_train] early_stopping: no improve on val/eval_loss for 20/30 val checks
[ct_train] rechunked train graphs (seed=43)

=== Epoch 43/1000 ===
[train] loss=7.0146 cls=0.4472 cme=2.1436 acc=0.9859 cells=158379 kd=5.4891
[ct_train] rechunked train graphs (seed=44)

=== Epoch 44/1000 ===
[train] loss=7.0028 cls=0.4465 cme=2.1404 acc=0.9859 cells=158379 kd=5.4796
[val]   loss=5.2279 eval=2.6086 cls=0.4066 cme=2.2020 acc=0.9761 cells=118036
[ct_train] early_stopping: no improve on val/eval_loss for 21/30 val checks
[ct_train] rechunked train graphs (seed=45)

=== Epoch 45/1000 ===
[train] loss=7.0166 cls=0.4473 cme=2.1436 acc=0.9858 cells=158379 kd=5.4911
[ct_train] rechunked train graphs (seed=46)

=== Epoch 46/1000 ===
[train] loss=7.0210 cls=0.4468 cme=2.1461 acc=0.9861 cells=158379 kd=5.4939
[val]   loss=5.2279 eval=2.6086 cls=0.4066 cme=2.2020 acc=0.9761 cells=118036
[ct_train] early_stopping: no improve on val/eval_loss for 22/30 val checks
[ct_train] rechunked train graphs (seed=47)

=== Epoch 47/1000 ===
[train] loss=7.0238 cls=0.4475 cme=2.1466 acc=0.9860 cells=158379 kd=5.4962
[ct_train] rechunked train graphs (seed=48)

=== Epoch 48/1000 ===
[train] loss=7.0275 cls=0.4470 cme=2.1475 acc=0.9861 cells=158379 kd=5.4995
[val]   loss=5.2278 eval=2.6086 cls=0.4066 cme=2.2020 acc=0.9762 cells=118036
[ct_train] early_stopping: no improve on val/eval_loss for 23/30 val checks
[ct_train] rechunked train graphs (seed=49)

=== Epoch 49/1000 ===
[train] loss=7.0023 cls=0.4466 cme=2.1409 acc=0.9860 cells=158379 kd=5.4787
[ct_train] rechunked train graphs (seed=50)

=== Epoch 50/1000 ===
[train] loss=7.0088 cls=0.4468 cme=2.1416 acc=0.9861 cells=158379 kd=5.4847
[val]   loss=5.2280 eval=2.6086 cls=0.4066 cme=2.2021 acc=0.9761 cells=118036
[ct_train] early_stopping: no improve on val/eval_loss for 24/30 val checks
[ct_train] rechunked train graphs (seed=51)

=== Epoch 51/1000 ===
[train] loss=7.0074 cls=0.4469 cme=2.1417 acc=0.9861 cells=158379 kd=5.4832
[ct_train] rechunked train graphs (seed=52)

=== Epoch 52/1000 ===
[train] loss=7.0227 cls=0.4468 cme=2.1463 acc=0.9862 cells=158379 kd=5.4956
[val]   loss=5.2278 eval=2.6085 cls=0.4066 cme=2.2020 acc=0.9762 cells=118036
[ct_train] saved best checkpoint (val_eval_loss=2.6085 val_acc=0.9762)
[ct_train] early_stopping: no improve on val/eval_loss for 25/30 val checks
[ct_train] rechunked train graphs (seed=53)

=== Epoch 53/1000 ===
[train] loss=7.0041 cls=0.4463 cme=2.1407 acc=0.9863 cells=158379 kd=5.4807
[ct_train] rechunked train graphs (seed=54)

=== Epoch 54/1000 ===
[train] loss=7.0174 cls=0.4462 cme=2.1444 acc=0.9864 cells=158379 kd=5.4917
[val]   loss=5.2279 eval=2.6085 cls=0.4065 cme=2.2020 acc=0.9762 cells=118036
[ct_train] early_stopping: no improve on val/eval_loss for 26/30 val checks
[ct_train] rechunked train graphs (seed=55)

=== Epoch 55/1000 ===
[train] loss=7.0065 cls=0.4465 cme=2.1412 acc=0.9860 cells=158379 kd=5.4827
[ct_train] rechunked train graphs (seed=56)

=== Epoch 56/1000 ===
[train] loss=7.0192 cls=0.4465 cme=2.1449 acc=0.9861 cells=158379 kd=5.4930
[val]   loss=5.2274 eval=2.6083 cls=0.4065 cme=2.2018 acc=0.9761 cells=118036
[ct_train] saved best checkpoint (val_eval_loss=2.6083 val_acc=0.9762)
[ct_train] early_stopping: no improve on val/eval_loss for 27/30 val checks
[ct_train] rechunked train graphs (seed=57)

=== Epoch 57/1000 ===
[train] loss=7.0130 cls=0.4461 cme=2.1435 acc=0.9860 cells=158379 kd=5.4878
[ct_train] rechunked train graphs (seed=58)

=== Epoch 58/1000 ===
[train] loss=7.0036 cls=0.4463 cme=2.1408 acc=0.9861 cells=158379 kd=5.4802
[val]   loss=5.2275 eval=2.6083 cls=0.4065 cme=2.2018 acc=0.9762 cells=118036
[ct_train] saved best checkpoint (val_eval_loss=2.6083 val_acc=0.9762)
[ct_train] early_stopping: no improve on val/eval_loss for 28/30 val checks
[ct_train] rechunked train graphs (seed=59)

=== Epoch 59/1000 ===
[train] loss=7.0119 cls=0.4467 cme=2.1432 acc=0.9862 cells=158379 kd=5.4868
[ct_train] rechunked train graphs (seed=60)

=== Epoch 60/1000 ===
[train] loss=7.0184 cls=0.4467 cme=2.1445 acc=0.9858 cells=158379 kd=5.4924
[val]   loss=5.2275 eval=2.6083 cls=0.4065 cme=2.2019 acc=0.9762 cells=118036
[ct_train] early_stopping: no improve on val/eval_loss for 29/30 val checks
[ct_train] rechunked train graphs (seed=61)

=== Epoch 61/1000 ===
[train] loss=7.0001 cls=0.4463 cme=2.1384 acc=0.9860 cells=158379 kd=5.4782
[ct_train] rechunked train graphs (seed=62)

=== Epoch 62/1000 ===
[train] loss=7.0235 cls=0.4466 cme=2.1463 acc=0.9862 cells=158379 kd=5.4964
[val]   loss=5.2272 eval=2.6082 cls=0.4065 cme=2.2017 acc=0.9761 cells=118036
[ct_train] saved best checkpoint (val_eval_loss=2.6082 val_acc=0.9762)
[ct_train] early_stopping: no improve on val/eval_loss for 30/30 val checks
[ct_train] early stopping at epoch 62 (patience=30, monitor=val/eval_loss)

[ct_train] done. best_val_acc=0.9762  best_val_eval_loss=2.6082  checkpoints=/home/abel/code/Tissue-Reassembly-using-GenAI-and-new-metrics/exploration/cell_types/outputs/exp170_kd_harder  logs=/home/abel/code/Tissue-Reassembly-using-GenAI-and-new-metrics/exploration/cell_types/logs/exp170_kd_harder/20260808_101746
wandb: updating run metadata
wandb: uploading output.log; uploading wandb-summary.json; uploading config.yaml
wandb: 
wandb: Run summary:
wandb:                      best_epoch 62
wandb:                    best_val_acc 0.97624
wandb:              best_val_eval_loss 2.60817
wandb:                           epoch 62
wandb:                              lr 6e-05
wandb:           model/parameter_count 1305308
wandb: model/trainable_parameter_count 1305308
wandb:                       train/acc 0.98615
wandb:       train/acc_per_class/Astro 0.99189
wandb:        train/acc_per_class/Endo 0.9805
wandb:                             +54 ...
wandb: 
wandb:  View run exp170_kd_harder at: https://wandb.ai/abel-salmona-polytechnique-montr-al/cell_types/runs/lgmv751i
wandb:  View project at: https://wandb.ai/abel-salmona-polytechnique-montr-al/cell_types
wandb: Synced 5 W&B file(s), 1 media file(s), 2 artifact file(s) and 1 other file(s)
wandb: Find logs at: ./exploration/cell_types/logs/exp170_kd_harder/20260808_101746/wandb/run-20260808_101754-lgmv751i/logs
