[ct_train] config=exploration/cell_types/experiments/configs/exp139_ls006_aux019.json
[ct_train] device=cuda  checkpoints=/home/abel/code/Tissue-Reassembly-using-GenAI-and-new-metrics/exploration/cell_types/outputs/exp139_ls006_aux019
[ct_train] logs=/home/abel/code/Tissue-Reassembly-using-GenAI-and-new-metrics/exploration/cell_types/logs/exp139_ls006_aux019/20260808_065432
[ct_train] Loading data …
[DataModule] Reading '/home/abel/biodata/MERFISH_LUNA_small_cortex/MERFISH_mouse_cortex_train.csv' (split=train) with float32 dtype on 254 gene cols + coord cols …
[DataModule] Loaded 158,379 rows for split=train.
[DataModule] Reading '/home/abel/biodata/MERFISH_LUNA_small_cortex/MERFISH_mouse_cortex_test.csv' (split=test) with float32 dtype on 254 gene cols + coord cols …
[DataModule] Loaded 118,036 rows for split=test.
[DataModule] Reading '/home/abel/biodata/MERFISH_LUNA_small_cortex/MERFISH_mouse_cortex_test.csv' (split=validation) with float32 dtype on 254 gene cols + coord cols …
[DataModule] Loaded 118,036 rows for split=validation.
[ct_train] genes=254  classes=23
[ct_train] model predict_cme=True  params=1,305,308
[ct_train] soft CME loaded split=train sigma=96.0 n=158379 C=23
[ct_train] soft CME loaded split=validation sigma=96.0 n=118036 C=23
[ct_train] soft CME loaded split=train sigma=50.0 n=158379 C=23
[ct_train] soft CME loaded split=train sigma=64.0 n=158379 C=23
[ct_train] soft CME loaded split=validation sigma=50.0 n=118036 C=23
[ct_train] soft CME loaded split=validation sigma=64.0 n=118036 C=23
wandb: [wandb.login()] Loaded credentials for https://api.wandb.ai from /home/abel/.netrc.
wandb: Currently logged in as: abel-salmona (abel-salmona-polytechnique-montr-al) to https://api.wandb.ai. Use `wandb login --relogin` to force relogin
wandb: WARNING Using a boolean value for 'reinit' is deprecated. Use 'return_previous' or 'finish_previous' instead.
wandb: setting up run q7yrrjp6
wandb: Tracking run with wandb version 0.26.1
wandb: Run data is saved locally in /home/abel/code/Tissue-Reassembly-using-GenAI-and-new-metrics/exploration/cell_types/logs/exp139_ls006_aux019/20260808_065432/wandb/run-20260808_065440-q7yrrjp6
wandb: Run `wandb offline` to turn off syncing.
wandb: Syncing run exp139_ls006_aux019
wandb:  View project at https://wandb.ai/abel-salmona-polytechnique-montr-al/cell_types
wandb:  View run at https://wandb.ai/abel-salmona-polytechnique-montr-al/cell_types/runs/q7yrrjp6
wandb: WARNING Saving files without folders. If you want to preserve subdirectories pass base_path to wandb.save, i.e. wandb.save("/mnt/folder/file.h5", base_path="/mnt")
wandb: WARNING Symlinked 1 file into the W&B run directory; call wandb.save again to sync new files.
[ct_train] wandb: project=cell_types name=exp139_ls006_aux019 mode=online url=https://wandb.ai/abel-salmona-polytechnique-montr-al/cell_types/runs/q7yrrjp6
[ct_train] parameters: total=1,305,308 trainable=1,305,308
  [params] mlp_in_node_features: 26,720
  [params] transformer_layers: 633,600
  [params] type_stage1: 28,320
  [params] env_stage1: 93,056
  [params] type_probe: 2,231
  [params] env_probe: 7,383
  [params] fusion_mlp: 383,008
  [params] type_stage2: 30,551
  [params] env_stage2: 100,439
[ct_train] EMA enabled decay=0.98
[ct_train] rechunked train graphs (seed=1)

=== Epoch 1/1000 ===
[train] loss=8.8489 cls=2.7623 cme=2.7795 acc=0.2341 cells=158379
[ct_train] rechunked train graphs (seed=2)

=== Epoch 2/1000 ===
[train] loss=7.3804 cls=1.8775 cme=2.5157 acc=0.6567 cells=158379
[val]   loss=8.4616 eval=5.2397 cls=2.5374 cme=2.7023 acc=0.4469 cells=118036
[ct_train] saved best checkpoint (val_eval_loss=5.2397 val_acc=0.4469)
[ct_train] rechunked train graphs (seed=3)

=== Epoch 3/1000 ===
[train] loss=6.5054 cls=1.2224 cme=2.4167 acc=0.7895 cells=158379
[ct_train] rechunked train graphs (seed=4)

=== Epoch 4/1000 ===
[train] loss=6.1033 cls=0.9150 cme=2.3741 acc=0.8621 cells=158379
[val]   loss=6.7519 eval=3.8020 cls=1.3392 cme=2.4629 acc=0.8132 cells=118036
[ct_train] saved best checkpoint (val_eval_loss=3.8020 val_acc=0.8132)
[ct_train] rechunked train graphs (seed=5)

=== Epoch 5/1000 ===
[train] loss=5.8847 cls=0.7665 cme=2.3423 acc=0.9058 cells=158379
[ct_train] rechunked train graphs (seed=6)

=== Epoch 6/1000 ===
[train] loss=5.7882 cls=0.6933 cme=2.3318 acc=0.9232 cells=158379
[val]   loss=5.9890 eval=3.1382 cls=0.7681 cme=2.3702 acc=0.9067 cells=118036
[ct_train] saved best checkpoint (val_eval_loss=3.1382 val_acc=0.9067)
[ct_train] rechunked train graphs (seed=7)

=== Epoch 7/1000 ===
[train] loss=5.6934 cls=0.6493 cme=2.3088 acc=0.9340 cells=158379
[ct_train] rechunked train graphs (seed=8)

=== Epoch 8/1000 ===
[train] loss=5.6278 cls=0.6200 cme=2.2923 acc=0.9399 cells=158379
[val]   loss=5.7151 eval=2.9089 cls=0.5821 cme=2.3268 acc=0.9364 cells=118036
[ct_train] saved best checkpoint (val_eval_loss=2.9089 val_acc=0.9364)
[ct_train] rechunked train graphs (seed=9)

=== Epoch 9/1000 ===
[train] loss=5.6108 cls=0.6069 cme=2.2907 acc=0.9438 cells=158379
[ct_train] rechunked train graphs (seed=10)

=== Epoch 10/1000 ===
[train] loss=5.5815 cls=0.5929 cme=2.2838 acc=0.9466 cells=158379
[val]   loss=5.5983 eval=2.8181 cls=0.5164 cme=2.3017 acc=0.9472 cells=118036
[ct_train] saved best checkpoint (val_eval_loss=2.8181 val_acc=0.9472)
[ct_train] rechunked train graphs (seed=11)

=== Epoch 11/1000 ===
[train] loss=5.5404 cls=0.5834 cme=2.2695 acc=0.9490 cells=158379
[ct_train] rechunked train graphs (seed=12)

=== Epoch 12/1000 ===
[train] loss=5.5331 cls=0.5757 cme=2.2697 acc=0.9511 cells=158379
[val]   loss=5.5368 eval=2.7739 cls=0.4883 cme=2.2855 acc=0.9537 cells=118036
[ct_train] saved best checkpoint (val_eval_loss=2.7739 val_acc=0.9537)
[ct_train] rechunked train graphs (seed=13)

=== Epoch 13/1000 ===
[train] loss=5.5173 cls=0.5686 cme=2.2657 acc=0.9531 cells=158379
[ct_train] rechunked train graphs (seed=14)

=== Epoch 14/1000 ===
[train] loss=5.5013 cls=0.5618 cme=2.2615 acc=0.9550 cells=158379
[val]   loss=5.4963 eval=2.7463 cls=0.4726 cme=2.2737 acc=0.9569 cells=118036
[ct_train] saved best checkpoint (val_eval_loss=2.7463 val_acc=0.9569)
[ct_train] rechunked train graphs (seed=15)

=== Epoch 15/1000 ===
[train] loss=5.4808 cls=0.5566 cme=2.2546 acc=0.9560 cells=158379
[ct_train] rechunked train graphs (seed=16)

=== Epoch 16/1000 ===
[train] loss=5.4737 cls=0.5538 cme=2.2526 acc=0.9566 cells=158379
[val]   loss=5.4661 eval=2.7267 cls=0.4623 cme=2.2644 acc=0.9591 cells=118036
[ct_train] saved best checkpoint (val_eval_loss=2.7267 val_acc=0.9591)
[ct_train] rechunked train graphs (seed=17)

=== Epoch 17/1000 ===
[train] loss=5.4570 cls=0.5480 cme=2.2478 acc=0.9578 cells=158379
[ct_train] rechunked train graphs (seed=18)

=== Epoch 18/1000 ===
[train] loss=5.4475 cls=0.5445 cme=2.2451 acc=0.9592 cells=158379
[val]   loss=5.4454 eval=2.7133 cls=0.4551 cme=2.2581 acc=0.9610 cells=118036
[ct_train] saved best checkpoint (val_eval_loss=2.7133 val_acc=0.9610)
[ct_train] rechunked train graphs (seed=19)

=== Epoch 19/1000 ===
[train] loss=5.4460 cls=0.5407 cme=2.2460 acc=0.9602 cells=158379
[ct_train] rechunked train graphs (seed=20)

=== Epoch 20/1000 ===
[train] loss=5.4346 cls=0.5389 cme=2.2416 acc=0.9602 cells=158379
[val]   loss=5.4302 eval=2.7034 cls=0.4498 cme=2.2536 acc=0.9627 cells=118036
[ct_train] saved best checkpoint (val_eval_loss=2.7034 val_acc=0.9627)
[ct_train] rechunked train graphs (seed=21)

=== Epoch 21/1000 ===
[train] loss=5.4332 cls=0.5356 cme=2.2426 acc=0.9612 cells=158379
[ct_train] rechunked train graphs (seed=22)

=== Epoch 22/1000 ===
[train] loss=5.4174 cls=0.5331 cme=2.2365 acc=0.9623 cells=158379
[val]   loss=5.4150 eval=2.6939 cls=0.4452 cme=2.2488 acc=0.9641 cells=118036
[ct_train] saved best checkpoint (val_eval_loss=2.6939 val_acc=0.9641)
[ct_train] rechunked train graphs (seed=23)

=== Epoch 23/1000 ===
[train] loss=5.4064 cls=0.5307 cme=2.2328 acc=0.9631 cells=158379
[ct_train] rechunked train graphs (seed=24)

=== Epoch 24/1000 ===
[train] loss=5.4038 cls=0.5285 cme=2.2324 acc=0.9637 cells=158379
[val]   loss=5.4016 eval=2.6856 cls=0.4411 cme=2.2445 acc=0.9655 cells=118036
[ct_train] saved best checkpoint (val_eval_loss=2.6856 val_acc=0.9655)
[ct_train] rechunked train graphs (seed=25)

=== Epoch 25/1000 ===
[train] loss=5.4036 cls=0.5261 cme=2.2335 acc=0.9641 cells=158379
[ct_train] rechunked train graphs (seed=26)

=== Epoch 26/1000 ===
[train] loss=5.3858 cls=0.5229 cme=2.2269 acc=0.9652 cells=158379
[val]   loss=5.3905 eval=2.6787 cls=0.4377 cme=2.2409 acc=0.9664 cells=118036
[ct_train] saved best checkpoint (val_eval_loss=2.6787 val_acc=0.9664)
[ct_train] rechunked train graphs (seed=27)

=== Epoch 27/1000 ===
[train] loss=5.3787 cls=0.5213 cme=2.2244 acc=0.9653 cells=158379
[ct_train] rechunked train graphs (seed=28)

=== Epoch 28/1000 ===
[train] loss=5.3710 cls=0.5191 cme=2.2218 acc=0.9662 cells=158379
[val]   loss=5.3806 eval=2.6727 cls=0.4349 cme=2.2378 acc=0.9671 cells=118036
[ct_train] saved best checkpoint (val_eval_loss=2.6727 val_acc=0.9671)
[ct_train] rechunked train graphs (seed=29)

=== Epoch 29/1000 ===
[train] loss=5.3695 cls=0.5176 cme=2.2219 acc=0.9662 cells=158379
[ct_train] rechunked train graphs (seed=30)

=== Epoch 30/1000 ===
[train] loss=5.3707 cls=0.5168 cme=2.2229 acc=0.9664 cells=158379
[val]   loss=5.3718 eval=2.6673 cls=0.4325 cme=2.2348 acc=0.9676 cells=118036
[ct_train] saved best checkpoint (val_eval_loss=2.6673 val_acc=0.9676)
[ct_train] rechunked train graphs (seed=31)

=== Epoch 31/1000 ===
[train] loss=5.3646 cls=0.5152 cme=2.2207 acc=0.9669 cells=158379
[ct_train] rechunked train graphs (seed=32)

=== Epoch 32/1000 ===
[train] loss=5.3818 cls=0.5150 cme=2.2286 acc=0.9673 cells=158379
[val]   loss=5.3646 eval=2.6630 cls=0.4305 cme=2.2325 acc=0.9680 cells=118036
[ct_train] saved best checkpoint (val_eval_loss=2.6630 val_acc=0.9680)
[ct_train] rechunked train graphs (seed=33)

=== Epoch 33/1000 ===
[train] loss=5.3591 cls=0.5104 cme=2.2205 acc=0.9680 cells=158379
[ct_train] rechunked train graphs (seed=34)

=== Epoch 34/1000 ===
[train] loss=5.3465 cls=0.5108 cme=2.2146 acc=0.9684 cells=158379
[val]   loss=5.3585 eval=2.6593 cls=0.4286 cme=2.2307 acc=0.9686 cells=118036
[ct_train] saved best checkpoint (val_eval_loss=2.6593 val_acc=0.9686)
[ct_train] rechunked train graphs (seed=35)

=== Epoch 35/1000 ===
[train] loss=5.3535 cls=0.5096 cme=2.2182 acc=0.9687 cells=158379
[ct_train] rechunked train graphs (seed=36)

=== Epoch 36/1000 ===
[train] loss=5.3435 cls=0.5072 cme=2.2148 acc=0.9690 cells=158379
[val]   loss=5.3531 eval=2.6560 cls=0.4272 cme=2.2288 acc=0.9689 cells=118036
[ct_train] saved best checkpoint (val_eval_loss=2.6560 val_acc=0.9689)
[ct_train] rechunked train graphs (seed=37)

=== Epoch 37/1000 ===
[train] loss=5.3401 cls=0.5095 cme=2.2122 acc=0.9686 cells=158379
[ct_train] rechunked train graphs (seed=38)

=== Epoch 38/1000 ===
[train] loss=5.3283 cls=0.5057 cme=2.2087 acc=0.9696 cells=158379
[val]   loss=5.3472 eval=2.6525 cls=0.4256 cme=2.2269 acc=0.9693 cells=118036
[ct_train] saved best checkpoint (val_eval_loss=2.6525 val_acc=0.9693)
[ct_train] rechunked train graphs (seed=39)

=== Epoch 39/1000 ===
[train] loss=5.3369 cls=0.5052 cme=2.2128 acc=0.9698 cells=158379
[ct_train] rechunked train graphs (seed=40)

=== Epoch 40/1000 ===
[train] loss=5.3310 cls=0.5035 cme=2.2108 acc=0.9698 cells=158379
[val]   loss=5.3422 eval=2.6495 cls=0.4242 cme=2.2253 acc=0.9697 cells=118036
[ct_train] saved best checkpoint (val_eval_loss=2.6495 val_acc=0.9697)
[ct_train] rechunked train graphs (seed=41)

=== Epoch 41/1000 ===
[train] loss=5.3188 cls=0.5030 cme=2.2056 acc=0.9700 cells=158379
[ct_train] rechunked train graphs (seed=42)

=== Epoch 42/1000 ===
[train] loss=5.3250 cls=0.5024 cme=2.2086 acc=0.9709 cells=158379
[val]   loss=5.3379 eval=2.6469 cls=0.4230 cme=2.2239 acc=0.9701 cells=118036
[ct_train] saved best checkpoint (val_eval_loss=2.6469 val_acc=0.9701)
[ct_train] rechunked train graphs (seed=43)

=== Epoch 43/1000 ===
[train] loss=5.3334 cls=0.5023 cme=2.2125 acc=0.9705 cells=158379
[ct_train] rechunked train graphs (seed=44)

=== Epoch 44/1000 ===
[train] loss=5.3174 cls=0.5010 cme=2.2059 acc=0.9709 cells=158379
[val]   loss=5.3348 eval=2.6450 cls=0.4220 cme=2.2230 acc=0.9703 cells=118036
[ct_train] saved best checkpoint (val_eval_loss=2.6450 val_acc=0.9703)
[ct_train] rechunked train graphs (seed=45)

=== Epoch 45/1000 ===
[train] loss=5.3241 cls=0.5008 cme=2.2089 acc=0.9710 cells=158379
[ct_train] rechunked train graphs (seed=46)

=== Epoch 46/1000 ===
[train] loss=5.3045 cls=0.4981 cme=2.2014 acc=0.9717 cells=158379
[val]   loss=5.3314 eval=2.6429 cls=0.4210 cme=2.2219 acc=0.9705 cells=118036
[ct_train] saved best checkpoint (val_eval_loss=2.6429 val_acc=0.9705)
[ct_train] rechunked train graphs (seed=47)

=== Epoch 47/1000 ===
[train] loss=5.3147 cls=0.4975 cme=2.2062 acc=0.9718 cells=158379
[ct_train] rechunked train graphs (seed=48)

=== Epoch 48/1000 ===
[train] loss=5.3027 cls=0.4970 cme=2.2010 acc=0.9721 cells=158379
[val]   loss=5.3282 eval=2.6409 cls=0.4201 cme=2.2208 acc=0.9708 cells=118036
[ct_train] saved best checkpoint (val_eval_loss=2.6409 val_acc=0.9708)
[ct_train] rechunked train graphs (seed=49)

=== Epoch 49/1000 ===
[train] loss=5.3125 cls=0.4968 cme=2.2055 acc=0.9721 cells=158379
[ct_train] rechunked train graphs (seed=50)

=== Epoch 50/1000 ===
[train] loss=5.3048 cls=0.4959 cme=2.2024 acc=0.9722 cells=158379
[val]   loss=5.3256 eval=2.6392 cls=0.4191 cme=2.2201 acc=0.9711 cells=118036
[ct_train] saved best checkpoint (val_eval_loss=2.6392 val_acc=0.9711)
[ct_train] rechunked train graphs (seed=51)

=== Epoch 51/1000 ===
[train] loss=5.2929 cls=0.4952 cme=2.1973 acc=0.9724 cells=158379
[ct_train] rechunked train graphs (seed=52)

=== Epoch 52/1000 ===
[train] loss=5.2940 cls=0.4951 cme=2.1980 acc=0.9727 cells=158379
[val]   loss=5.3224 eval=2.6374 cls=0.4183 cme=2.2191 acc=0.9715 cells=118036
[ct_train] saved best checkpoint (val_eval_loss=2.6374 val_acc=0.9715)
[ct_train] rechunked train graphs (seed=53)

=== Epoch 53/1000 ===
[train] loss=5.2863 cls=0.4935 cme=2.1951 acc=0.9729 cells=158379
[ct_train] rechunked train graphs (seed=54)

=== Epoch 54/1000 ===
[train] loss=5.2998 cls=0.4935 cme=2.2013 acc=0.9735 cells=158379
[val]   loss=5.3198 eval=2.6358 cls=0.4176 cme=2.2182 acc=0.9717 cells=118036
[ct_train] saved best checkpoint (val_eval_loss=2.6358 val_acc=0.9717)
[ct_train] rechunked train graphs (seed=55)

=== Epoch 55/1000 ===
[train] loss=5.2854 cls=0.4920 cme=2.1954 acc=0.9732 cells=158379
[ct_train] rechunked train graphs (seed=56)

=== Epoch 56/1000 ===
[train] loss=5.2948 cls=0.4920 cme=2.1997 acc=0.9739 cells=158379
[val]   loss=5.3170 eval=2.6342 cls=0.4170 cme=2.2172 acc=0.9720 cells=118036
[ct_train] saved best checkpoint (val_eval_loss=2.6342 val_acc=0.9720)
[ct_train] rechunked train graphs (seed=57)

=== Epoch 57/1000 ===
[train] loss=5.2851 cls=0.4915 cme=2.1955 acc=0.9736 cells=158379
[ct_train] rechunked train graphs (seed=58)

=== Epoch 58/1000 ===
[train] loss=5.2840 cls=0.4907 cme=2.1953 acc=0.9743 cells=158379
[val]   loss=5.3154 eval=2.6331 cls=0.4163 cme=2.2168 acc=0.9722 cells=118036
[ct_train] saved best checkpoint (val_eval_loss=2.6331 val_acc=0.9722)
[ct_train] rechunked train graphs (seed=59)

=== Epoch 59/1000 ===
[train] loss=5.2755 cls=0.4884 cme=2.1927 acc=0.9745 cells=158379
[ct_train] rechunked train graphs (seed=60)

=== Epoch 60/1000 ===
[train] loss=5.2882 cls=0.4904 cme=2.1974 acc=0.9738 cells=158379
[val]   loss=5.3133 eval=2.6319 cls=0.4158 cme=2.2161 acc=0.9723 cells=118036
[ct_train] saved best checkpoint (val_eval_loss=2.6319 val_acc=0.9723)
[ct_train] rechunked train graphs (seed=61)

=== Epoch 61/1000 ===
[train] loss=5.2759 cls=0.4887 cme=2.1925 acc=0.9746 cells=158379
[ct_train] rechunked train graphs (seed=62)

=== Epoch 62/1000 ===
[train] loss=5.2820 cls=0.4887 cme=2.1954 acc=0.9745 cells=158379
[val]   loss=5.3116 eval=2.6309 cls=0.4153 cme=2.2156 acc=0.9726 cells=118036
[ct_train] saved best checkpoint (val_eval_loss=2.6309 val_acc=0.9726)
[ct_train] rechunked train graphs (seed=63)

=== Epoch 63/1000 ===
[train] loss=5.2763 cls=0.4882 cme=2.1931 acc=0.9745 cells=158379
[ct_train] rechunked train graphs (seed=64)

=== Epoch 64/1000 ===
[train] loss=5.2639 cls=0.4865 cme=2.1882 acc=0.9751 cells=158379
[val]   loss=5.3108 eval=2.6302 cls=0.4147 cme=2.2155 acc=0.9729 cells=118036
[ct_train] saved best checkpoint (val_eval_loss=2.6302 val_acc=0.9729)
[ct_train] rechunked train graphs (seed=65)

=== Epoch 65/1000 ===
[train] loss=5.2730 cls=0.4863 cme=2.1924 acc=0.9752 cells=158379
[ct_train] rechunked train graphs (seed=66)

=== Epoch 66/1000 ===
[train] loss=5.2778 cls=0.4856 cme=2.1949 acc=0.9753 cells=158379
[val]   loss=5.3082 eval=2.6288 cls=0.4143 cme=2.2145 acc=0.9730 cells=118036
[ct_train] saved best checkpoint (val_eval_loss=2.6288 val_acc=0.9730)
[ct_train] rechunked train graphs (seed=67)

=== Epoch 67/1000 ===
[train] loss=5.2694 cls=0.4859 cme=2.1910 acc=0.9753 cells=158379
[ct_train] rechunked train graphs (seed=68)

=== Epoch 68/1000 ===
[train] loss=5.2668 cls=0.4849 cme=2.1903 acc=0.9752 cells=158379
[val]   loss=5.3064 eval=2.6277 cls=0.4137 cme=2.2140 acc=0.9731 cells=118036
[ct_train] saved best checkpoint (val_eval_loss=2.6277 val_acc=0.9731)
[ct_train] rechunked train graphs (seed=69)

=== Epoch 69/1000 ===
[train] loss=5.2541 cls=0.4843 cme=2.1847 acc=0.9754 cells=158379
[ct_train] rechunked train graphs (seed=70)

=== Epoch 70/1000 ===
[train] loss=5.2553 cls=0.4847 cme=2.1851 acc=0.9759 cells=158379
[val]   loss=5.3043 eval=2.6265 cls=0.4132 cme=2.2132 acc=0.9732 cells=118036
[ct_train] saved best checkpoint (val_eval_loss=2.6265 val_acc=0.9732)
[ct_train] rechunked train graphs (seed=71)

=== Epoch 71/1000 ===
[train] loss=5.2697 cls=0.4839 cme=2.1920 acc=0.9760 cells=158379
[ct_train] rechunked train graphs (seed=72)

=== Epoch 72/1000 ===
[train] loss=5.2561 cls=0.4831 cme=2.1862 acc=0.9756 cells=158379
[val]   loss=5.3030 eval=2.6257 cls=0.4129 cme=2.2128 acc=0.9733 cells=118036
[ct_train] saved best checkpoint (val_eval_loss=2.6257 val_acc=0.9733)
[ct_train] rechunked train graphs (seed=73)

=== Epoch 73/1000 ===
[train] loss=5.2642 cls=0.4831 cme=2.1899 acc=0.9757 cells=158379
[ct_train] rechunked train graphs (seed=74)

=== Epoch 74/1000 ===
[train] loss=5.2689 cls=0.4824 cme=2.1923 acc=0.9762 cells=158379
[val]   loss=5.3013 eval=2.6247 cls=0.4125 cme=2.2122 acc=0.9735 cells=118036
[ct_train] saved best checkpoint (val_eval_loss=2.6247 val_acc=0.9735)
[ct_train] rechunked train graphs (seed=75)

=== Epoch 75/1000 ===
[train] loss=5.2467 cls=0.4811 cme=2.1829 acc=0.9761 cells=158379
[ct_train] rechunked train graphs (seed=76)

=== Epoch 76/1000 ===
[train] loss=5.2473 cls=0.4809 cme=2.1831 acc=0.9760 cells=158379
[val]   loss=5.3005 eval=2.6242 cls=0.4122 cme=2.2120 acc=0.9735 cells=118036
[ct_train] saved best checkpoint (val_eval_loss=2.6242 val_acc=0.9735)
[ct_train] rechunked train graphs (seed=77)

=== Epoch 77/1000 ===
[train] loss=5.2454 cls=0.4801 cme=2.1828 acc=0.9769 cells=158379
[ct_train] rechunked train graphs (seed=78)

=== Epoch 78/1000 ===
[train] loss=5.2476 cls=0.4801 cme=2.1837 acc=0.9763 cells=158379
[val]   loss=5.2985 eval=2.6231 cls=0.4117 cme=2.2113 acc=0.9737 cells=118036
[ct_train] saved best checkpoint (val_eval_loss=2.6231 val_acc=0.9737)
[ct_train] rechunked train graphs (seed=79)

=== Epoch 79/1000 ===
[train] loss=5.2545 cls=0.4796 cme=2.1870 acc=0.9769 cells=158379
[ct_train] rechunked train graphs (seed=80)

=== Epoch 80/1000 ===
[train] loss=5.2415 cls=0.4797 cme=2.1812 acc=0.9767 cells=158379
[val]   loss=5.2975 eval=2.6225 cls=0.4115 cme=2.2110 acc=0.9738 cells=118036
[ct_train] saved best checkpoint (val_eval_loss=2.6225 val_acc=0.9738)
[ct_train] rechunked train graphs (seed=81)

=== Epoch 81/1000 ===
[train] loss=5.2378 cls=0.4787 cme=2.1798 acc=0.9769 cells=158379
[ct_train] rechunked train graphs (seed=82)

=== Epoch 82/1000 ===
[train] loss=5.2371 cls=0.4780 cme=2.1800 acc=0.9775 cells=158379
[val]   loss=5.2962 eval=2.6217 cls=0.4112 cme=2.2106 acc=0.9740 cells=118036
[ct_train] saved best checkpoint (val_eval_loss=2.6217 val_acc=0.9740)
[ct_train] rechunked train graphs (seed=83)

=== Epoch 83/1000 ===
[train] loss=5.2416 cls=0.4779 cme=2.1819 acc=0.9773 cells=158379
[ct_train] rechunked train graphs (seed=84)

=== Epoch 84/1000 ===
[train] loss=5.2366 cls=0.4777 cme=2.1798 acc=0.9778 cells=158379
[val]   loss=5.2965 eval=2.6218 cls=0.4110 cme=2.2108 acc=0.9740 cells=118036
[ct_train] early_stopping: no improve on val/eval_loss for 1/45 val checks
[ct_train] rechunked train graphs (seed=85)

=== Epoch 85/1000 ===
[train] loss=5.2300 cls=0.4767 cme=2.1773 acc=0.9781 cells=158379
[ct_train] rechunked train graphs (seed=86)

=== Epoch 86/1000 ===
[train] loss=5.2439 cls=0.4768 cme=2.1836 acc=0.9773 cells=158379
[val]   loss=5.2949 eval=2.6209 cls=0.4107 cme=2.2102 acc=0.9742 cells=118036
[ct_train] saved best checkpoint (val_eval_loss=2.6209 val_acc=0.9742)
[ct_train] rechunked train graphs (seed=87)

=== Epoch 87/1000 ===
[train] loss=5.2354 cls=0.4766 cme=2.1797 acc=0.9776 cells=158379
[ct_train] rechunked train graphs (seed=88)

=== Epoch 88/1000 ===
[train] loss=5.2377 cls=0.4765 cme=2.1809 acc=0.9780 cells=158379
[val]   loss=5.2932 eval=2.6200 cls=0.4104 cme=2.2096 acc=0.9743 cells=118036
[ct_train] saved best checkpoint (val_eval_loss=2.6200 val_acc=0.9743)
[ct_train] rechunked train graphs (seed=89)

=== Epoch 89/1000 ===
[train] loss=5.2349 cls=0.4757 cme=2.1799 acc=0.9781 cells=158379
[ct_train] rechunked train graphs (seed=90)

=== Epoch 90/1000 ===
[train] loss=5.2375 cls=0.4748 cme=2.1816 acc=0.9784 cells=158379
[val]   loss=5.2929 eval=2.6197 cls=0.4101 cme=2.2096 acc=0.9744 cells=118036
[ct_train] saved best checkpoint (val_eval_loss=2.6197 val_acc=0.9744)
[ct_train] early_stopping: no improve on val/eval_loss for 1/45 val checks
[ct_train] rechunked train graphs (seed=91)

=== Epoch 91/1000 ===
[train] loss=5.2225 cls=0.4734 cme=2.1754 acc=0.9785 cells=158379
[ct_train] rechunked train graphs (seed=92)

=== Epoch 92/1000 ===
[train] loss=5.2273 cls=0.4740 cme=2.1773 acc=0.9787 cells=158379
[val]   loss=5.2911 eval=2.6187 cls=0.4098 cme=2.2089 acc=0.9744 cells=118036
[ct_train] saved best checkpoint (val_eval_loss=2.6187 val_acc=0.9744)
[ct_train] rechunked train graphs (seed=93)

=== Epoch 93/1000 ===
[train] loss=5.2343 cls=0.4745 cme=2.1802 acc=0.9786 cells=158379
[ct_train] rechunked train graphs (seed=94)

=== Epoch 94/1000 ===
[train] loss=5.2212 cls=0.4734 cme=2.1747 acc=0.9786 cells=158379
[val]   loss=5.2906 eval=2.6184 cls=0.4096 cme=2.2088 acc=0.9744 cells=118036
[ct_train] saved best checkpoint (val_eval_loss=2.6184 val_acc=0.9744)
[ct_train] early_stopping: no improve on val/eval_loss for 1/45 val checks
[ct_train] rechunked train graphs (seed=95)

=== Epoch 95/1000 ===
[train] loss=5.2505 cls=0.4749 cme=2.1874 acc=0.9784 cells=158379
[ct_train] rechunked train graphs (seed=96)

=== Epoch 96/1000 ===
[train] loss=5.2304 cls=0.4732 cme=2.1790 acc=0.9790 cells=158379
[val]   loss=5.2899 eval=2.6179 cls=0.4093 cme=2.2086 acc=0.9744 cells=118036
[ct_train] saved best checkpoint (val_eval_loss=2.6179 val_acc=0.9744)
[ct_train] rechunked train graphs (seed=97)

=== Epoch 97/1000 ===
[train] loss=5.2270 cls=0.4727 cme=2.1776 acc=0.9787 cells=158379
[ct_train] rechunked train graphs (seed=98)

=== Epoch 98/1000 ===
[train] loss=5.2204 cls=0.4745 cme=2.1740 acc=0.9784 cells=158379
[val]   loss=5.2889 eval=2.6174 cls=0.4091 cme=2.2083 acc=0.9745 cells=118036
[ct_train] saved best checkpoint (val_eval_loss=2.6174 val_acc=0.9745)
[ct_train] rechunked train graphs (seed=99)

=== Epoch 99/1000 ===
[train] loss=5.2062 cls=0.4735 cme=2.1679 acc=0.9787 cells=158379
[ct_train] rechunked train graphs (seed=100)

=== Epoch 100/1000 ===
[train] loss=5.2139 cls=0.4722 cme=2.1720 acc=0.9790 cells=158379
[val]   loss=5.2889 eval=2.6173 cls=0.4090 cme=2.2083 acc=0.9746 cells=118036
[ct_train] saved best checkpoint (val_eval_loss=2.6173 val_acc=0.9746)
[ct_train] early_stopping: no improve on val/eval_loss for 1/45 val checks
[ct_train] rechunked train graphs (seed=101)

=== Epoch 101/1000 ===
[train] loss=5.2303 cls=0.4722 cme=2.1795 acc=0.9797 cells=158379
[ct_train] rechunked train graphs (seed=102)

=== Epoch 102/1000 ===
[train] loss=5.2172 cls=0.4705 cme=2.1743 acc=0.9795 cells=158379
[val]   loss=5.2882 eval=2.6169 cls=0.4087 cme=2.2082 acc=0.9747 cells=118036
[ct_train] saved best checkpoint (val_eval_loss=2.6169 val_acc=0.9747)
[ct_train] rechunked train graphs (seed=103)

=== Epoch 103/1000 ===
[train] loss=5.2256 cls=0.4707 cme=2.1780 acc=0.9796 cells=158379
[ct_train] rechunked train graphs (seed=104)

=== Epoch 104/1000 ===
[train] loss=5.2103 cls=0.4706 cme=2.1712 acc=0.9795 cells=158379
[val]   loss=5.2872 eval=2.6163 cls=0.4084 cme=2.2079 acc=0.9748 cells=118036
[ct_train] saved best checkpoint (val_eval_loss=2.6163 val_acc=0.9748)
[ct_train] rechunked train graphs (seed=105)

=== Epoch 105/1000 ===
[train] loss=5.2137 cls=0.4714 cme=2.1723 acc=0.9795 cells=158379
[ct_train] rechunked train graphs (seed=106)

=== Epoch 106/1000 ===
[train] loss=5.2170 cls=0.4696 cme=2.1747 acc=0.9797 cells=158379
[val]   loss=5.2871 eval=2.6163 cls=0.4084 cme=2.2079 acc=0.9749 cells=118036
[ct_train] saved best checkpoint (val_eval_loss=2.6163 val_acc=0.9749)
[ct_train] early_stopping: no improve on val/eval_loss for 1/45 val checks
[ct_train] rechunked train graphs (seed=107)

=== Epoch 107/1000 ===
[train] loss=5.2074 cls=0.4692 cme=2.1705 acc=0.9800 cells=158379
[ct_train] rechunked train graphs (seed=108)

=== Epoch 108/1000 ===
[train] loss=5.2180 cls=0.4698 cme=2.1750 acc=0.9798 cells=158379
[val]   loss=5.2862 eval=2.6159 cls=0.4083 cme=2.2076 acc=0.9749 cells=118036
[ct_train] saved best checkpoint (val_eval_loss=2.6159 val_acc=0.9749)
[ct_train] rechunked train graphs (seed=109)

=== Epoch 109/1000 ===
[train] loss=5.2067 cls=0.4688 cme=2.1703 acc=0.9801 cells=158379
[ct_train] rechunked train graphs (seed=110)

=== Epoch 110/1000 ===
[train] loss=5.2080 cls=0.4689 cme=2.1708 acc=0.9799 cells=158379
[val]   loss=5.2858 eval=2.6156 cls=0.4081 cme=2.2075 acc=0.9750 cells=118036
[ct_train] saved best checkpoint (val_eval_loss=2.6156 val_acc=0.9750)
[ct_train] early_stopping: no improve on val/eval_loss for 1/45 val checks
[ct_train] rechunked train graphs (seed=111)

=== Epoch 111/1000 ===
[train] loss=5.2015 cls=0.4679 cme=2.1684 acc=0.9800 cells=158379
[ct_train] rechunked train graphs (seed=112)

=== Epoch 112/1000 ===
[train] loss=5.2014 cls=0.4682 cme=2.1681 acc=0.9801 cells=158379
[val]   loss=5.2843 eval=2.6149 cls=0.4080 cme=2.2069 acc=0.9751 cells=118036
[ct_train] saved best checkpoint (val_eval_loss=2.6149 val_acc=0.9751)
[ct_train] rechunked train graphs (seed=113)

=== Epoch 113/1000 ===
[train] loss=5.2077 cls=0.4677 cme=2.1713 acc=0.9804 cells=158379
[ct_train] rechunked train graphs (seed=114)

=== Epoch 114/1000 ===
[train] loss=5.2133 cls=0.4689 cme=2.1733 acc=0.9798 cells=158379
[val]   loss=5.2846 eval=2.6150 cls=0.4079 cme=2.2071 acc=0.9750 cells=118036
[ct_train] early_stopping: no improve on val/eval_loss for 1/45 val checks
[ct_train] rechunked train graphs (seed=115)

=== Epoch 115/1000 ===
[train] loss=5.2014 cls=0.4675 cme=2.1685 acc=0.9803 cells=158379
[ct_train] rechunked train graphs (seed=116)

=== Epoch 116/1000 ===
[train] loss=5.1962 cls=0.4671 cme=2.1662 acc=0.9805 cells=158379
[val]   loss=5.2842 eval=2.6146 cls=0.4076 cme=2.2070 acc=0.9750 cells=118036
[ct_train] saved best checkpoint (val_eval_loss=2.6146 val_acc=0.9751)
[ct_train] early_stopping: no improve on val/eval_loss for 2/45 val checks
[ct_train] rechunked train graphs (seed=117)

=== Epoch 117/1000 ===
[train] loss=5.2015 cls=0.4672 cme=2.1688 acc=0.9808 cells=158379
[ct_train] rechunked train graphs (seed=118)

=== Epoch 118/1000 ===
[train] loss=5.1975 cls=0.4663 cme=2.1673 acc=0.9808 cells=158379
[val]   loss=5.2841 eval=2.6145 cls=0.4075 cme=2.2070 acc=0.9751 cells=118036
[ct_train] saved best checkpoint (val_eval_loss=2.6145 val_acc=0.9751)
[ct_train] early_stopping: no improve on val/eval_loss for 3/45 val checks
[ct_train] rechunked train graphs (seed=119)

=== Epoch 119/1000 ===
[train] loss=5.1834 cls=0.4648 cme=2.1617 acc=0.9811 cells=158379
[ct_train] rechunked train graphs (seed=120)

=== Epoch 120/1000 ===
[train] loss=5.1863 cls=0.4656 cme=2.1625 acc=0.9810 cells=158379
[val]   loss=5.2835 eval=2.6142 cls=0.4074 cme=2.2068 acc=0.9752 cells=118036
[ct_train] saved best checkpoint (val_eval_loss=2.6142 val_acc=0.9752)
[ct_train] early_stopping: no improve on val/eval_loss for 4/45 val checks
[ct_train] rechunked train graphs (seed=121)

=== Epoch 121/1000 ===
[train] loss=5.1985 cls=0.4659 cme=2.1679 acc=0.9809 cells=158379
[ct_train] rechunked train graphs (seed=122)

=== Epoch 122/1000 ===
[train] loss=5.1818 cls=0.4659 cme=2.1603 acc=0.9808 cells=158379
[val]   loss=5.2819 eval=2.6135 cls=0.4073 cme=2.2061 acc=0.9753 cells=118036
[ct_train] saved best checkpoint (val_eval_loss=2.6135 val_acc=0.9753)
[ct_train] rechunked train graphs (seed=123)

=== Epoch 123/1000 ===
[train] loss=5.1945 cls=0.4657 cme=2.1662 acc=0.9811 cells=158379
[ct_train] rechunked train graphs (seed=124)

=== Epoch 124/1000 ===
[train] loss=5.1969 cls=0.4647 cme=2.1678 acc=0.9815 cells=158379
[val]   loss=5.2818 eval=2.6135 cls=0.4073 cme=2.2062 acc=0.9752 cells=118036
[ct_train] saved best checkpoint (val_eval_loss=2.6135 val_acc=0.9753)
[ct_train] early_stopping: no improve on val/eval_loss for 1/45 val checks
[ct_train] rechunked train graphs (seed=125)

=== Epoch 125/1000 ===
[train] loss=5.1921 cls=0.4656 cme=2.1651 acc=0.9810 cells=158379
[ct_train] rechunked train graphs (seed=126)

=== Epoch 126/1000 ===
[train] loss=5.1884 cls=0.4648 cme=2.1638 acc=0.9812 cells=158379
[val]   loss=5.2811 eval=2.6131 cls=0.4072 cme=2.2059 acc=0.9754 cells=118036
[ct_train] saved best checkpoint (val_eval_loss=2.6131 val_acc=0.9754)
[ct_train] rechunked train graphs (seed=127)

=== Epoch 127/1000 ===
[train] loss=5.1990 cls=0.4641 cme=2.1690 acc=0.9815 cells=158379
[ct_train] rechunked train graphs (seed=128)

=== Epoch 128/1000 ===
[train] loss=5.1856 cls=0.4639 cme=2.1630 acc=0.9816 cells=158379
[val]   loss=5.2805 eval=2.6129 cls=0.4072 cme=2.2056 acc=0.9754 cells=118036
[ct_train] saved best checkpoint (val_eval_loss=2.6129 val_acc=0.9754)
[ct_train] early_stopping: no improve on val/eval_loss for 1/45 val checks
[ct_train] rechunked train graphs (seed=129)

=== Epoch 129/1000 ===
[train] loss=5.1860 cls=0.4632 cme=2.1636 acc=0.9819 cells=158379
[ct_train] rechunked train graphs (seed=130)

=== Epoch 130/1000 ===
[train] loss=5.1864 cls=0.4627 cme=2.1638 acc=0.9822 cells=158379
[val]   loss=5.2796 eval=2.6125 cls=0.4073 cme=2.2052 acc=0.9755 cells=118036
[ct_train] saved best checkpoint (val_eval_loss=2.6125 val_acc=0.9755)
[ct_train] rechunked train graphs (seed=131)

=== Epoch 131/1000 ===
[train] loss=5.1840 cls=0.4632 cme=2.1626 acc=0.9817 cells=158379
[ct_train] rechunked train graphs (seed=132)

=== Epoch 132/1000 ===
[train] loss=5.1765 cls=0.4622 cme=2.1596 acc=0.9823 cells=158379
[val]   loss=5.2790 eval=2.6122 cls=0.4071 cme=2.2050 acc=0.9755 cells=118036
[ct_train] saved best checkpoint (val_eval_loss=2.6122 val_acc=0.9755)
[ct_train] rechunked train graphs (seed=133)

=== Epoch 133/1000 ===
[train] loss=5.1815 cls=0.4626 cme=2.1617 acc=0.9818 cells=158379
[ct_train] rechunked train graphs (seed=134)

=== Epoch 134/1000 ===
[train] loss=5.1870 cls=0.4640 cme=2.1636 acc=0.9816 cells=158379
[val]   loss=5.2798 eval=2.6126 cls=0.4072 cme=2.2054 acc=0.9755 cells=118036
[ct_train] early_stopping: no improve on val/eval_loss for 1/45 val checks
[ct_train] rechunked train graphs (seed=135)

=== Epoch 135/1000 ===
[train] loss=5.1817 cls=0.4616 cme=2.1624 acc=0.9826 cells=158379
[ct_train] rechunked train graphs (seed=136)

=== Epoch 136/1000 ===
[train] loss=5.1694 cls=0.4608 cme=2.1570 acc=0.9826 cells=158379
[val]   loss=5.2791 eval=2.6123 cls=0.4072 cme=2.2051 acc=0.9756 cells=118036
[ct_train] early_stopping: no improve on val/eval_loss for 2/45 val checks
[ct_train] rechunked train graphs (seed=137)

=== Epoch 137/1000 ===
[train] loss=5.1983 cls=0.4621 cme=2.1696 acc=0.9822 cells=158379
[ct_train] rechunked train graphs (seed=138)

=== Epoch 138/1000 ===
[train] loss=5.1696 cls=0.4614 cme=2.1569 acc=0.9826 cells=158379
[val]   loss=5.2778 eval=2.6116 cls=0.4070 cme=2.2046 acc=0.9756 cells=118036
[ct_train] saved best checkpoint (val_eval_loss=2.6116 val_acc=0.9756)
[ct_train] rechunked train graphs (seed=139)

=== Epoch 139/1000 ===
[train] loss=5.1811 cls=0.4615 cme=2.1621 acc=0.9824 cells=158379
[ct_train] rechunked train graphs (seed=140)

=== Epoch 140/1000 ===
[train] loss=5.1729 cls=0.4607 cme=2.1586 acc=0.9827 cells=158379
[val]   loss=5.2768 eval=2.6111 cls=0.4069 cme=2.2042 acc=0.9757 cells=118036
[ct_train] saved best checkpoint (val_eval_loss=2.6111 val_acc=0.9757)
[ct_train] rechunked train graphs (seed=141)

=== Epoch 141/1000 ===
[train] loss=5.1780 cls=0.4608 cme=2.1610 acc=0.9825 cells=158379
[ct_train] rechunked train graphs (seed=142)

=== Epoch 142/1000 ===
[train] loss=5.1717 cls=0.4602 cme=2.1584 acc=0.9828 cells=158379
[val]   loss=5.2763 eval=2.6109 cls=0.4069 cme=2.2040 acc=0.9756 cells=118036
[ct_train] saved best checkpoint (val_eval_loss=2.6109 val_acc=0.9757)
[ct_train] early_stopping: no improve on val/eval_loss for 1/45 val checks
[ct_train] rechunked train graphs (seed=143)

=== Epoch 143/1000 ===
[train] loss=5.1636 cls=0.4597 cme=2.1549 acc=0.9826 cells=158379
[ct_train] rechunked train graphs (seed=144)

=== Epoch 144/1000 ===
[train] loss=5.1695 cls=0.4606 cme=2.1572 acc=0.9827 cells=158379
[val]   loss=5.2763 eval=2.6109 cls=0.4069 cme=2.2040 acc=0.9757 cells=118036
[ct_train] early_stopping: no improve on val/eval_loss for 2/45 val checks
[ct_train] rechunked train graphs (seed=145)

=== Epoch 145/1000 ===
[train] loss=5.1766 cls=0.4605 cme=2.1604 acc=0.9828 cells=158379
[ct_train] rechunked train graphs (seed=146)

=== Epoch 146/1000 ===
[train] loss=5.1654 cls=0.4594 cme=2.1559 acc=0.9834 cells=158379
[val]   loss=5.2769 eval=2.6112 cls=0.4070 cme=2.2042 acc=0.9757 cells=118036
[ct_train] early_stopping: no improve on val/eval_loss for 3/45 val checks
[ct_train] rechunked train graphs (seed=147)

=== Epoch 147/1000 ===
[train] loss=5.1785 cls=0.4593 cme=2.1618 acc=0.9829 cells=158379
[ct_train] rechunked train graphs (seed=148)

=== Epoch 148/1000 ===
[train] loss=5.1745 cls=0.4582 cme=2.1605 acc=0.9832 cells=158379
[val]   loss=5.2764 eval=2.6110 cls=0.4070 cme=2.2040 acc=0.9756 cells=118036
[ct_train] early_stopping: no improve on val/eval_loss for 4/45 val checks
[ct_train] rechunked train graphs (seed=149)

=== Epoch 149/1000 ===
[train] loss=5.1656 cls=0.4586 cme=2.1564 acc=0.9833 cells=158379
[ct_train] rechunked train graphs (seed=150)

=== Epoch 150/1000 ===
[train] loss=5.1640 cls=0.4579 cme=2.1559 acc=0.9834 cells=158379
[val]   loss=5.2764 eval=2.6110 cls=0.4070 cme=2.2041 acc=0.9757 cells=118036
[ct_train] early_stopping: no improve on val/eval_loss for 5/45 val checks
[ct_train] rechunked train graphs (seed=151)

=== Epoch 151/1000 ===
[train] loss=5.1707 cls=0.4583 cme=2.1588 acc=0.9835 cells=158379
[ct_train] rechunked train graphs (seed=152)

=== Epoch 152/1000 ===
[train] loss=5.1722 cls=0.4582 cme=2.1595 acc=0.9836 cells=158379
[val]   loss=5.2759 eval=2.6107 cls=0.4068 cme=2.2039 acc=0.9757 cells=118036
[ct_train] saved best checkpoint (val_eval_loss=2.6107 val_acc=0.9757)
[ct_train] early_stopping: no improve on val/eval_loss for 6/45 val checks
[ct_train] rechunked train graphs (seed=153)

=== Epoch 153/1000 ===
[train] loss=5.1595 cls=0.4586 cme=2.1535 acc=0.9831 cells=158379
[ct_train] rechunked train graphs (seed=154)

=== Epoch 154/1000 ===
[train] loss=5.1633 cls=0.4576 cme=2.1557 acc=0.9833 cells=158379
[val]   loss=5.2765 eval=2.6110 cls=0.4068 cme=2.2042 acc=0.9758 cells=118036
[ct_train] early_stopping: no improve on val/eval_loss for 7/45 val checks
[ct_train] rechunked train graphs (seed=155)

=== Epoch 155/1000 ===
[train] loss=5.1697 cls=0.4575 cme=2.1586 acc=0.9841 cells=158379
[ct_train] rechunked train graphs (seed=156)

=== Epoch 156/1000 ===
[train] loss=5.1601 cls=0.4569 cme=2.1546 acc=0.9844 cells=158379
[val]   loss=5.2780 eval=2.6118 cls=0.4071 cme=2.2048 acc=0.9758 cells=118036
[ct_train] early_stopping: no improve on val/eval_loss for 8/45 val checks
[ct_train] rechunked train graphs (seed=157)

=== Epoch 157/1000 ===
[train] loss=5.1641 cls=0.4565 cme=2.1567 acc=0.9838 cells=158379
[ct_train] rechunked train graphs (seed=158)

=== Epoch 158/1000 ===
[train] loss=5.1630 cls=0.4569 cme=2.1559 acc=0.9841 cells=158379
[val]   loss=5.2779 eval=2.6118 cls=0.4071 cme=2.2048 acc=0.9758 cells=118036
[ct_train] early_stopping: no improve on val/eval_loss for 9/45 val checks
[ct_train] rechunked train graphs (seed=159)

=== Epoch 159/1000 ===
[train] loss=5.1531 cls=0.4560 cme=2.1519 acc=0.9840 cells=158379
[ct_train] rechunked train graphs (seed=160)

=== Epoch 160/1000 ===
[train] loss=5.1636 cls=0.4563 cme=2.1564 acc=0.9842 cells=158379
[val]   loss=5.2775 eval=2.6117 cls=0.4071 cme=2.2046 acc=0.9758 cells=118036
[ct_train] early_stopping: no improve on val/eval_loss for 10/45 val checks
[ct_train] rechunked train graphs (seed=161)

=== Epoch 161/1000 ===
[train] loss=5.1593 cls=0.4556 cme=2.1549 acc=0.9844 cells=158379
[ct_train] rechunked train graphs (seed=162)

=== Epoch 162/1000 ===
[train] loss=5.1605 cls=0.4557 cme=2.1553 acc=0.9845 cells=158379
[val]   loss=5.2769 eval=2.6114 cls=0.4071 cme=2.2043 acc=0.9759 cells=118036
[ct_train] early_stopping: no improve on val/eval_loss for 11/45 val checks
[ct_train] rechunked train graphs (seed=163)

=== Epoch 163/1000 ===
[train] loss=5.1514 cls=0.4559 cme=2.1511 acc=0.9845 cells=158379
[ct_train] rechunked train graphs (seed=164)

=== Epoch 164/1000 ===
[train] loss=5.1509 cls=0.4550 cme=2.1513 acc=0.9846 cells=158379
[val]   loss=5.2760 eval=2.6111 cls=0.4071 cme=2.2040 acc=0.9758 cells=118036
[ct_train] early_stopping: no improve on val/eval_loss for 12/45 val checks
[ct_train] rechunked train graphs (seed=165)

=== Epoch 165/1000 ===
[train] loss=5.1527 cls=0.4554 cme=2.1519 acc=0.9844 cells=158379
[ct_train] rechunked train graphs (seed=166)

=== Epoch 166/1000 ===
[train] loss=5.1529 cls=0.4553 cme=2.1521 acc=0.9842 cells=158379
[val]   loss=5.2769 eval=2.6115 cls=0.4071 cme=2.2044 acc=0.9757 cells=118036
[ct_train] early_stopping: no improve on val/eval_loss for 13/45 val checks
[ct_train] rechunked train graphs (seed=167)

=== Epoch 167/1000 ===
[train] loss=5.1609 cls=0.4550 cme=2.1558 acc=0.9848 cells=158379
[ct_train] rechunked train graphs (seed=168)

=== Epoch 168/1000 ===
[train] loss=5.1519 cls=0.4537 cme=2.1524 acc=0.9849 cells=158379
[val]   loss=5.2777 eval=2.6119 cls=0.4072 cme=2.2047 acc=0.9758 cells=118036
[ct_train] early_stopping: no improve on val/eval_loss for 14/45 val checks
[ct_train] rechunked train graphs (seed=169)

=== Epoch 169/1000 ===
[train] loss=5.1488 cls=0.4544 cme=2.1506 acc=0.9848 cells=158379
[ct_train] rechunked train graphs (seed=170)

=== Epoch 170/1000 ===
[train] loss=5.1594 cls=0.4556 cme=2.1549 acc=0.9844 cells=158379
[val]   loss=5.2773 eval=2.6119 cls=0.4075 cme=2.2044 acc=0.9757 cells=118036
[ct_train] early_stopping: no improve on val/eval_loss for 15/45 val checks
[ct_train] rechunked train graphs (seed=171)

=== Epoch 171/1000 ===
[train] loss=5.1468 cls=0.4544 cme=2.1498 acc=0.9846 cells=158379
[ct_train] rechunked train graphs (seed=172)

=== Epoch 172/1000 ===
[train] loss=5.1530 cls=0.4547 cme=2.1524 acc=0.9847 cells=158379
[val]   loss=5.2771 eval=2.6117 cls=0.4074 cme=2.2043 acc=0.9758 cells=118036
[ct_train] early_stopping: no improve on val/eval_loss for 16/45 val checks
[ct_train] rechunked train graphs (seed=173)

=== Epoch 173/1000 ===
[train] loss=5.1599 cls=0.4534 cme=2.1560 acc=0.9853 cells=158379
[ct_train] rechunked train graphs (seed=174)

=== Epoch 174/1000 ===
[train] loss=5.1490 cls=0.4529 cme=2.1514 acc=0.9854 cells=158379
[val]   loss=5.2762 eval=2.6112 cls=0.4072 cme=2.2040 acc=0.9759 cells=118036
[ct_train] early_stopping: no improve on val/eval_loss for 17/45 val checks
[ct_train] rechunked train graphs (seed=175)

=== Epoch 175/1000 ===
[train] loss=5.1469 cls=0.4527 cme=2.1505 acc=0.9855 cells=158379
[ct_train] rechunked train graphs (seed=176)

=== Epoch 176/1000 ===
[train] loss=5.1547 cls=0.4529 cme=2.1540 acc=0.9855 cells=158379
[val]   loss=5.2768 eval=2.6116 cls=0.4074 cme=2.2042 acc=0.9758 cells=118036
[ct_train] early_stopping: no improve on val/eval_loss for 18/45 val checks
[ct_train] rechunked train graphs (seed=177)

=== Epoch 177/1000 ===
[train] loss=5.1449 cls=0.4529 cme=2.1496 acc=0.9855 cells=158379
[ct_train] rechunked train graphs (seed=178)

=== Epoch 178/1000 ===
[train] loss=5.1516 cls=0.4535 cme=2.1523 acc=0.9851 cells=158379
[val]   loss=5.2773 eval=2.6118 cls=0.4075 cme=2.2044 acc=0.9759 cells=118036
[ct_train] early_stopping: no improve on val/eval_loss for 19/45 val checks
[ct_train] rechunked train graphs (seed=179)

=== Epoch 179/1000 ===
[train] loss=5.1589 cls=0.4538 cme=2.1555 acc=0.9848 cells=158379
[ct_train] rechunked train graphs (seed=180)

=== Epoch 180/1000 ===
[train] loss=5.1476 cls=0.4518 cme=2.1513 acc=0.9856 cells=158379
[val]   loss=5.2777 eval=2.6120 cls=0.4074 cme=2.2046 acc=0.9758 cells=118036
[ct_train] early_stopping: no improve on val/eval_loss for 20/45 val checks
[ct_train] rechunked train graphs (seed=181)

=== Epoch 181/1000 ===
[train] loss=5.1291 cls=0.4513 cme=2.1431 acc=0.9858 cells=158379
[ct_train] rechunked train graphs (seed=182)

=== Epoch 182/1000 ===
[train] loss=5.1374 cls=0.4528 cme=2.1462 acc=0.9856 cells=158379
[val]   loss=5.2791 eval=2.6128 cls=0.4075 cme=2.2053 acc=0.9759 cells=118036
[ct_train] early_stopping: no improve on val/eval_loss for 21/45 val checks
[ct_train] rechunked train graphs (seed=183)

=== Epoch 183/1000 ===
[train] loss=5.1389 cls=0.4523 cme=2.1471 acc=0.9855 cells=158379
[ct_train] rechunked train graphs (seed=184)

=== Epoch 184/1000 ===
[train] loss=5.1487 cls=0.4529 cme=2.1514 acc=0.9854 cells=158379
[val]   loss=5.2800 eval=2.6133 cls=0.4077 cme=2.2056 acc=0.9759 cells=118036
[ct_train] early_stopping: no improve on val/eval_loss for 22/45 val checks
[ct_train] rechunked train graphs (seed=185)

=== Epoch 185/1000 ===
[train] loss=5.1408 cls=0.4515 cme=2.1483 acc=0.9856 cells=158379
[ct_train] rechunked train graphs (seed=186)

=== Epoch 186/1000 ===
[train] loss=5.1481 cls=0.4519 cme=2.1514 acc=0.9857 cells=158379
[val]   loss=5.2799 eval=2.6134 cls=0.4079 cme=2.2055 acc=0.9760 cells=118036
[ct_train] early_stopping: no improve on val/eval_loss for 23/45 val checks
[ct_train] rechunked train graphs (seed=187)

=== Epoch 187/1000 ===
[train] loss=5.1456 cls=0.4518 cme=2.1503 acc=0.9858 cells=158379
[ct_train] rechunked train graphs (seed=188)

=== Epoch 188/1000 ===
[train] loss=5.1593 cls=0.4524 cme=2.1564 acc=0.9853 cells=158379
[val]   loss=5.2800 eval=2.6134 cls=0.4081 cme=2.2054 acc=0.9759 cells=118036
[ct_train] early_stopping: no improve on val/eval_loss for 24/45 val checks
[ct_train] rechunked train graphs (seed=189)

=== Epoch 189/1000 ===
[train] loss=5.1555 cls=0.4519 cme=2.1548 acc=0.9857 cells=158379
[ct_train] rechunked train graphs (seed=190)

=== Epoch 190/1000 ===
[train] loss=5.1424 cls=0.4512 cme=2.1493 acc=0.9857 cells=158379
[val]   loss=5.2785 eval=2.6127 cls=0.4078 cme=2.2048 acc=0.9759 cells=118036
[ct_train] early_stopping: no improve on val/eval_loss for 25/45 val checks
[ct_train] rechunked train graphs (seed=191)

=== Epoch 191/1000 ===
[train] loss=5.1425 cls=0.4511 cme=2.1492 acc=0.9860 cells=158379
[ct_train] rechunked train graphs (seed=192)

=== Epoch 192/1000 ===
[train] loss=5.1369 cls=0.4505 cme=2.1470 acc=0.9863 cells=158379
[val]   loss=5.2787 eval=2.6128 cls=0.4079 cme=2.2049 acc=0.9759 cells=118036
[ct_train] early_stopping: no improve on val/eval_loss for 26/45 val checks
[ct_train] rechunked train graphs (seed=193)

=== Epoch 193/1000 ===
[train] loss=5.1348 cls=0.4503 cme=2.1461 acc=0.9862 cells=158379
[ct_train] rechunked train graphs (seed=194)

=== Epoch 194/1000 ===
[train] loss=5.1330 cls=0.4496 cme=2.1456 acc=0.9865 cells=158379
[val]   loss=5.2789 eval=2.6130 cls=0.4081 cme=2.2049 acc=0.9758 cells=118036
[ct_train] early_stopping: no improve on val/eval_loss for 27/45 val checks
[ct_train] rechunked train graphs (seed=195)

=== Epoch 195/1000 ===
[train] loss=5.1287 cls=0.4498 cme=2.1436 acc=0.9868 cells=158379
[ct_train] rechunked train graphs (seed=196)

=== Epoch 196/1000 ===
[train] loss=5.1305 cls=0.4499 cme=2.1444 acc=0.9865 cells=158379
[val]   loss=5.2796 eval=2.6134 cls=0.4082 cme=2.2052 acc=0.9759 cells=118036
[ct_train] early_stopping: no improve on val/eval_loss for 28/45 val checks
[ct_train] rechunked train graphs (seed=197)

=== Epoch 197/1000 ===
[train] loss=5.1230 cls=0.4494 cme=2.1413 acc=0.9863 cells=158379
[ct_train] rechunked train graphs (seed=198)

=== Epoch 198/1000 ===
[train] loss=5.1306 cls=0.4500 cme=2.1443 acc=0.9863 cells=158379
[val]   loss=5.2806 eval=2.6138 cls=0.4083 cme=2.2056 acc=0.9758 cells=118036
[ct_train] early_stopping: no improve on val/eval_loss for 29/45 val checks
[ct_train] rechunked train graphs (seed=199)

=== Epoch 199/1000 ===
[train] loss=5.1303 cls=0.4498 cme=2.1443 acc=0.9863 cells=158379
[ct_train] rechunked train graphs (seed=200)

=== Epoch 200/1000 ===
[train] loss=5.1336 cls=0.4491 cme=2.1461 acc=0.9869 cells=158379
[val]   loss=5.2813 eval=2.6143 cls=0.4084 cme=2.2059 acc=0.9759 cells=118036
[ct_train] early_stopping: no improve on val/eval_loss for 30/45 val checks
[ct_train] rechunked train graphs (seed=201)

=== Epoch 201/1000 ===
[train] loss=5.1198 cls=0.4485 cme=2.1402 acc=0.9870 cells=158379
[ct_train] rechunked train graphs (seed=202)

=== Epoch 202/1000 ===
[train] loss=5.1203 cls=0.4480 cme=2.1406 acc=0.9872 cells=158379
[val]   loss=5.2819 eval=2.6147 cls=0.4086 cme=2.2061 acc=0.9758 cells=118036
[ct_train] early_stopping: no improve on val/eval_loss for 31/45 val checks
[ct_train] rechunked train graphs (seed=203)

=== Epoch 203/1000 ===
[train] loss=5.1282 cls=0.4478 cme=2.1442 acc=0.9871 cells=158379
[ct_train] rechunked train graphs (seed=204)

=== Epoch 204/1000 ===
[train] loss=5.1220 cls=0.4487 cme=2.1411 acc=0.9870 cells=158379
[val]   loss=5.2819 eval=2.6147 cls=0.4087 cme=2.2060 acc=0.9759 cells=118036
[ct_train] early_stopping: no improve on val/eval_loss for 32/45 val checks
[ct_train] rechunked train graphs (seed=205)

=== Epoch 205/1000 ===
[train] loss=5.1181 cls=0.4482 cme=2.1396 acc=0.9872 cells=158379
[ct_train] rechunked train graphs (seed=206)

=== Epoch 206/1000 ===
[train] loss=5.1407 cls=0.4484 cme=2.1496 acc=0.9872 cells=158379
[val]   loss=5.2826 eval=2.6152 cls=0.4089 cme=2.2063 acc=0.9758 cells=118036
[ct_train] early_stopping: no improve on val/eval_loss for 33/45 val checks
[ct_train] rechunked train graphs (seed=207)

=== Epoch 207/1000 ===
[train] loss=5.1250 cls=0.4477 cme=2.1428 acc=0.9873 cells=158379
[ct_train] rechunked train graphs (seed=208)

=== Epoch 208/1000 ===
[train] loss=5.1257 cls=0.4476 cme=2.1433 acc=0.9874 cells=158379
[val]   loss=5.2836 eval=2.6156 cls=0.4089 cme=2.2068 acc=0.9758 cells=118036
[ct_train] early_stopping: no improve on val/eval_loss for 34/45 val checks
[ct_train] rechunked train graphs (seed=209)

=== Epoch 209/1000 ===
[train] loss=5.1275 cls=0.4476 cme=2.1441 acc=0.9876 cells=158379
[ct_train] rechunked train graphs (seed=210)

=== Epoch 210/1000 ===
[train] loss=5.1394 cls=0.4477 cme=2.1494 acc=0.9873 cells=158379
[val]   loss=5.2835 eval=2.6156 cls=0.4089 cme=2.2067 acc=0.9758 cells=118036
[ct_train] early_stopping: no improve on val/eval_loss for 35/45 val checks
[ct_train] rechunked train graphs (seed=211)

=== Epoch 211/1000 ===
[train] loss=5.1221 cls=0.4464 cme=2.1422 acc=0.9881 cells=158379
[ct_train] rechunked train graphs (seed=212)

=== Epoch 212/1000 ===
[train] loss=5.1265 cls=0.4479 cme=2.1435 acc=0.9873 cells=158379
[val]   loss=5.2839 eval=2.6158 cls=0.4090 cme=2.2068 acc=0.9761 cells=118036
[ct_train] early_stopping: no improve on val/eval_loss for 36/45 val checks
[ct_train] rechunked train graphs (seed=213)

=== Epoch 213/1000 ===
[train] loss=5.1094 cls=0.4470 cme=2.1361 acc=0.9871 cells=158379
[ct_train] rechunked train graphs (seed=214)

=== Epoch 214/1000 ===
[train] loss=5.1254 cls=0.4467 cme=2.1436 acc=0.9879 cells=158379
[val]   loss=5.2844 eval=2.6162 cls=0.4092 cme=2.2070 acc=0.9759 cells=118036
[ct_train] early_stopping: no improve on val/eval_loss for 37/45 val checks
[ct_train] rechunked train graphs (seed=215)

=== Epoch 215/1000 ===
[train] loss=5.1229 cls=0.4476 cme=2.1421 acc=0.9870 cells=158379
[ct_train] rechunked train graphs (seed=216)

=== Epoch 216/1000 ===
[train] loss=5.1134 cls=0.4463 cme=2.1383 acc=0.9878 cells=158379
[val]   loss=5.2845 eval=2.6161 cls=0.4091 cme=2.2071 acc=0.9759 cells=118036
[ct_train] early_stopping: no improve on val/eval_loss for 38/45 val checks
[ct_train] rechunked train graphs (seed=217)

=== Epoch 217/1000 ===
[train] loss=5.1208 cls=0.4464 cme=2.1415 acc=0.9879 cells=158379
[ct_train] rechunked train graphs (seed=218)

=== Epoch 218/1000 ===
[train] loss=5.1223 cls=0.4465 cme=2.1422 acc=0.9877 cells=158379
[val]   loss=5.2846 eval=2.6165 cls=0.4095 cme=2.2069 acc=0.9757 cells=118036
[ct_train] early_stopping: no improve on val/eval_loss for 39/45 val checks
[ct_train] rechunked train graphs (seed=219)

=== Epoch 219/1000 ===
[train] loss=5.1185 cls=0.4457 cme=2.1408 acc=0.9881 cells=158379
[ct_train] rechunked train graphs (seed=220)

=== Epoch 220/1000 ===
[train] loss=5.1230 cls=0.4455 cme=2.1430 acc=0.9879 cells=158379
[val]   loss=5.2854 eval=2.6170 cls=0.4097 cme=2.2073 acc=0.9758 cells=118036
[ct_train] early_stopping: no improve on val/eval_loss for 40/45 val checks
[ct_train] rechunked train graphs (seed=221)

=== Epoch 221/1000 ===
[train] loss=5.1082 cls=0.4449 cme=2.1366 acc=0.9883 cells=158379
[ct_train] rechunked train graphs (seed=222)

=== Epoch 222/1000 ===
[train] loss=5.1033 cls=0.4454 cme=2.1342 acc=0.9880 cells=158379
[val]   loss=5.2853 eval=2.6170 cls=0.4098 cme=2.2072 acc=0.9758 cells=118036
[ct_train] early_stopping: no improve on val/eval_loss for 41/45 val checks
[ct_train] rechunked train graphs (seed=223)

=== Epoch 223/1000 ===
[train] loss=5.1221 cls=0.4452 cme=2.1427 acc=0.9883 cells=158379
[ct_train] rechunked train graphs (seed=224)

=== Epoch 224/1000 ===
[train] loss=5.1205 cls=0.4447 cme=2.1422 acc=0.9885 cells=158379
[val]   loss=5.2874 eval=2.6180 cls=0.4100 cme=2.2081 acc=0.9759 cells=118036
[ct_train] early_stopping: no improve on val/eval_loss for 42/45 val checks
[ct_train] rechunked train graphs (seed=225)

=== Epoch 225/1000 ===
[train] loss=5.1092 cls=0.4448 cme=2.1371 acc=0.9882 cells=158379
[ct_train] rechunked train graphs (seed=226)

=== Epoch 226/1000 ===
[train] loss=5.1196 cls=0.4450 cme=2.1417 acc=0.9886 cells=158379
[val]   loss=5.2885 eval=2.6187 cls=0.4102 cme=2.2084 acc=0.9758 cells=118036
[ct_train] early_stopping: no improve on val/eval_loss for 43/45 val checks
[ct_train] rechunked train graphs (seed=227)

=== Epoch 227/1000 ===
[train] loss=5.1037 cls=0.4449 cme=2.1345 acc=0.9885 cells=158379
[ct_train] rechunked train graphs (seed=228)

=== Epoch 228/1000 ===
[train] loss=5.1067 cls=0.4443 cme=2.1361 acc=0.9883 cells=158379
[val]   loss=5.2880 eval=2.6185 cls=0.4105 cme=2.2080 acc=0.9758 cells=118036
[ct_train] early_stopping: no improve on val/eval_loss for 44/45 val checks
[ct_train] rechunked train graphs (seed=229)

=== Epoch 229/1000 ===
[train] loss=5.1146 cls=0.4452 cme=2.1393 acc=0.9883 cells=158379
[ct_train] rechunked train graphs (seed=230)

=== Epoch 230/1000 ===
[train] loss=5.1051 cls=0.4440 cme=2.1355 acc=0.9887 cells=158379
[val]   loss=5.2889 eval=2.6191 cls=0.4107 cme=2.2084 acc=0.9757 cells=118036
[ct_train] early_stopping: no improve on val/eval_loss for 45/45 val checks
[ct_train] early stopping at epoch 230 (patience=45, monitor=val/eval_loss)

[ct_train] done. best_val_acc=0.9761  best_val_eval_loss=2.6107  checkpoints=/home/abel/code/Tissue-Reassembly-using-GenAI-and-new-metrics/exploration/cell_types/outputs/exp139_ls006_aux019  logs=/home/abel/code/Tissue-Reassembly-using-GenAI-and-new-metrics/exploration/cell_types/logs/exp139_ls006_aux019/20260808_065432
wandb: updating run metadata
wandb: uploading output.log; uploading wandb-summary.json; uploading config.yaml
wandb: uploading history steps 223-230, summary, console lines 1144-1178
wandb: 
wandb: Run summary:
wandb:                      best_epoch 152
wandb:                    best_val_acc 0.97606
wandb:              best_val_eval_loss 2.61071
wandb:                           epoch 230
wandb:                              lr 0.00018
wandb:           model/parameter_count 1305308
wandb: model/trainable_parameter_count 1305308
wandb:                       train/acc 0.98867
wandb:       train/acc_per_class/Astro 0.99356
wandb:        train/acc_per_class/Endo 0.98514
wandb:                             +54 ...
wandb: 
wandb:  View run exp139_ls006_aux019 at: https://wandb.ai/abel-salmona-polytechnique-montr-al/cell_types/runs/q7yrrjp6
wandb:  View project at: https://wandb.ai/abel-salmona-polytechnique-montr-al/cell_types
wandb: Synced 5 W&B file(s), 1 media file(s), 2 artifact file(s) and 1 other file(s)
wandb: Find logs at: ./exploration/cell_types/logs/exp139_ls006_aux019/20260808_065432/wandb/run-20260808_065440-q7yrrjp6/logs
