[ct_train] config=exploration/cell_types/experiments/configs/exp014_attn_const.json
[ct_train] device=cuda  checkpoints=/home/abel/code/Tissue-Reassembly-using-GenAI-and-new-metrics/exploration/cell_types/outputs/exp014_attn_const
[ct_train] logs=/home/abel/code/Tissue-Reassembly-using-GenAI-and-new-metrics/exploration/cell_types/logs/exp014_attn_const/20260807_203608
[ct_train] Loading data …
[DataModule] Reading '/home/abel/biodata/MERFISH_LUNA_small_cortex/MERFISH_mouse_cortex_train.csv' (split=train) with float32 dtype on 254 gene cols + coord cols …
[DataModule] Loaded 158,379 rows for split=train.
[DataModule] Reading '/home/abel/biodata/MERFISH_LUNA_small_cortex/MERFISH_mouse_cortex_test.csv' (split=test) with float32 dtype on 254 gene cols + coord cols …
[DataModule] Loaded 118,036 rows for split=test.
[DataModule] Reading '/home/abel/biodata/MERFISH_LUNA_small_cortex/MERFISH_mouse_cortex_test.csv' (split=validation) with float32 dtype on 254 gene cols + coord cols …
[DataModule] Loaded 118,036 rows for split=validation.
[ct_train] genes=254  classes=23
[ct_train] model predict_cme=True  params=1,036,221
[ct_train] soft CME loaded split=train sigma=96.0 n=158379 C=23
[ct_train] soft CME loaded split=validation sigma=96.0 n=118036 C=23
wandb: [wandb.login()] Loaded credentials for https://api.wandb.ai from /home/abel/.netrc.
wandb: Currently logged in as: abel-salmona (abel-salmona-polytechnique-montr-al) to https://api.wandb.ai. Use `wandb login --relogin` to force relogin
wandb: WARNING Using a boolean value for 'reinit' is deprecated. Use 'return_previous' or 'finish_previous' instead.
wandb: setting up run cr0bwiwx
wandb: Tracking run with wandb version 0.26.1
wandb: Run data is saved locally in /home/abel/code/Tissue-Reassembly-using-GenAI-and-new-metrics/exploration/cell_types/logs/exp014_attn_const/20260807_203608/wandb/run-20260807_203615-cr0bwiwx
wandb: Run `wandb offline` to turn off syncing.
wandb: Syncing run exp014_attn_const
wandb:  View project at https://wandb.ai/abel-salmona-polytechnique-montr-al/cell_types
wandb:  View run at https://wandb.ai/abel-salmona-polytechnique-montr-al/cell_types/runs/cr0bwiwx
wandb: WARNING Saving files without folders. If you want to preserve subdirectories pass base_path to wandb.save, i.e. wandb.save("/mnt/folder/file.h5", base_path="/mnt")
wandb: WARNING Symlinked 1 file into the W&B run directory; call wandb.save again to sync new files.
[ct_train] wandb: project=cell_types name=exp014_attn_const mode=online url=https://wandb.ai/abel-salmona-polytechnique-montr-al/cell_types/runs/cr0bwiwx
[ct_train] parameters: total=1,036,221 trainable=1,036,221
  [params] subgraph_attn_pool: 97
  [params] mlp_in_node_features: 26,720
  [params] transformer_layers: 633,600
  [params] type_stage1: 19,072
  [params] env_stage1: 74,560
  [params] type_probe: 1,495
  [params] env_probe: 5,911
  [params] fusion_mlp: 173,728
  [params] type_stage2: 20,567
  [params] env_stage2: 80,471
[ct_train] rechunked train graphs (seed=1)

=== Epoch 1/1000 ===
[train] loss=10.2616 cls=2.9271 cme=2.8813 acc=0.1724 cells=158379
[ct_train] rechunked train graphs (seed=2)

=== Epoch 2/1000 ===
[train] loss=9.0411 cls=2.3207 cme=2.6406 acc=0.4581 cells=158379
[val]   loss=8.1925 eval=4.3589 cls=1.8092 cme=2.5497 acc=0.6830 cells=118036
[ct_train] saved best checkpoint (val_eval_loss=4.3589 val_acc=0.6830)
[ct_train] rechunked train graphs (seed=3)

=== Epoch 3/1000 ===
[train] loss=8.0419 cls=1.7674 cme=2.5188 acc=0.6607 cells=158379
[ct_train] rechunked train graphs (seed=4)

=== Epoch 4/1000 ===
[train] loss=7.2463 cls=1.3441 cme=2.4507 acc=0.7571 cells=158379
[val]   loss=6.5850 eval=3.3714 cls=0.9432 cme=2.4282 acc=0.8526 cells=118036
[ct_train] saved best checkpoint (val_eval_loss=3.3714 val_acc=0.8526)
[ct_train] rechunked train graphs (seed=5)

=== Epoch 5/1000 ===
[train] loss=6.6766 cls=1.0594 cme=2.4130 acc=0.8293 cells=158379
[ct_train] rechunked train graphs (seed=6)

=== Epoch 6/1000 ===
[train] loss=6.2776 cls=0.8829 cme=2.3815 acc=0.8704 cells=158379
[val]   loss=5.8691 eval=3.0227 cls=0.6508 cme=2.3720 acc=0.9092 cells=118036
[ct_train] saved best checkpoint (val_eval_loss=3.0227 val_acc=0.9092)
[ct_train] rechunked train graphs (seed=7)

=== Epoch 7/1000 ===
[train] loss=6.0266 cls=0.7766 cme=2.3636 acc=0.8968 cells=158379
[ct_train] rechunked train graphs (seed=8)

=== Epoch 8/1000 ===
[train] loss=5.8528 cls=0.7080 cme=2.3470 acc=0.9161 cells=158379
[val]   loss=5.5892 eval=2.9000 cls=0.5547 cme=2.3453 acc=0.9413 cells=118036
[ct_train] saved best checkpoint (val_eval_loss=2.9000 val_acc=0.9413)
[ct_train] rechunked train graphs (seed=9)

=== Epoch 9/1000 ===
[train] loss=5.7411 cls=0.6627 cme=2.3374 acc=0.9297 cells=158379
[ct_train] rechunked train graphs (seed=10)

=== Epoch 10/1000 ===
[train] loss=5.6628 cls=0.6334 cme=2.3294 acc=0.9369 cells=158379
[val]   loss=5.4555 eval=2.8388 cls=0.5137 cme=2.3251 acc=0.9521 cells=118036
[ct_train] saved best checkpoint (val_eval_loss=2.8388 val_acc=0.9521)
[ct_train] rechunked train graphs (seed=11)

=== Epoch 11/1000 ===
[train] loss=5.6014 cls=0.6110 cme=2.3208 acc=0.9429 cells=158379
[ct_train] rechunked train graphs (seed=12)

=== Epoch 12/1000 ===
[train] loss=5.5484 cls=0.5934 cme=2.3116 acc=0.9463 cells=158379
[val]   loss=5.3813 eval=2.8031 cls=0.4924 cme=2.3107 acc=0.9572 cells=118036
[ct_train] saved best checkpoint (val_eval_loss=2.8031 val_acc=0.9572)
[ct_train] rechunked train graphs (seed=13)

=== Epoch 13/1000 ===
[train] loss=5.5140 cls=0.5800 cme=2.3070 acc=0.9495 cells=158379
[ct_train] rechunked train graphs (seed=14)

=== Epoch 14/1000 ===
[train] loss=5.4822 cls=0.5687 cme=2.3015 acc=0.9519 cells=158379
[val]   loss=5.3391 eval=2.7831 cls=0.4821 cme=2.3010 acc=0.9599 cells=118036
[ct_train] saved best checkpoint (val_eval_loss=2.7831 val_acc=0.9599)
[ct_train] rechunked train graphs (seed=15)

=== Epoch 15/1000 ===
[train] loss=5.4546 cls=0.5619 cme=2.2948 acc=0.9534 cells=158379
[ct_train] rechunked train graphs (seed=16)

=== Epoch 16/1000 ===
[train] loss=5.4345 cls=0.5532 cme=2.2919 acc=0.9549 cells=158379
[val]   loss=5.3025 eval=2.7644 cls=0.4732 cme=2.2912 acc=0.9623 cells=118036
[ct_train] saved best checkpoint (val_eval_loss=2.7644 val_acc=0.9623)
[ct_train] rechunked train graphs (seed=17)

=== Epoch 17/1000 ===
[train] loss=5.4136 cls=0.5469 cme=2.2875 acc=0.9569 cells=158379
[ct_train] rechunked train graphs (seed=18)

=== Epoch 18/1000 ===
[train] loss=5.3936 cls=0.5407 cme=2.2829 acc=0.9574 cells=158379
[val]   loss=5.2830 eval=2.7546 cls=0.4684 cme=2.2862 acc=0.9635 cells=118036
[ct_train] saved best checkpoint (val_eval_loss=2.7546 val_acc=0.9635)
[ct_train] rechunked train graphs (seed=19)

=== Epoch 19/1000 ===
[train] loss=5.3763 cls=0.5348 cme=2.2792 acc=0.9586 cells=158379
[ct_train] rechunked train graphs (seed=20)

=== Epoch 20/1000 ===
[train] loss=5.3602 cls=0.5307 cme=2.2749 acc=0.9598 cells=158379
[val]   loss=5.2558 eval=2.7394 cls=0.4611 cme=2.2782 acc=0.9649 cells=118036
[ct_train] saved best checkpoint (val_eval_loss=2.7394 val_acc=0.9649)
[ct_train] rechunked train graphs (seed=21)

=== Epoch 21/1000 ===
[train] loss=5.3476 cls=0.5277 cme=2.2713 acc=0.9602 cells=158379
[ct_train] rechunked train graphs (seed=22)

=== Epoch 22/1000 ===
[train] loss=5.3395 cls=0.5222 cme=2.2715 acc=0.9614 cells=158379
[val]   loss=5.2430 eval=2.7330 cls=0.4589 cme=2.2741 acc=0.9658 cells=118036
[ct_train] saved best checkpoint (val_eval_loss=2.7330 val_acc=0.9658)
[ct_train] rechunked train graphs (seed=23)

=== Epoch 23/1000 ===
[train] loss=5.3241 cls=0.5187 cme=2.2665 acc=0.9621 cells=158379
[ct_train] rechunked train graphs (seed=24)

=== Epoch 24/1000 ===
[train] loss=5.3121 cls=0.5155 cme=2.2633 acc=0.9629 cells=158379
[val]   loss=5.2285 eval=2.7251 cls=0.4558 cme=2.2693 acc=0.9661 cells=118036
[ct_train] saved best checkpoint (val_eval_loss=2.7251 val_acc=0.9661)
[ct_train] rechunked train graphs (seed=25)

=== Epoch 25/1000 ===
[train] loss=5.3043 cls=0.5134 cme=2.2614 acc=0.9637 cells=158379
[ct_train] rechunked train graphs (seed=26)

=== Epoch 26/1000 ===
[train] loss=5.2957 cls=0.5101 cme=2.2596 acc=0.9639 cells=158379
[val]   loss=5.2230 eval=2.7222 cls=0.4529 cme=2.2693 acc=0.9664 cells=118036
[ct_train] saved best checkpoint (val_eval_loss=2.7222 val_acc=0.9664)
[ct_train] rechunked train graphs (seed=27)

=== Epoch 27/1000 ===
[train] loss=5.2853 cls=0.5082 cme=2.2560 acc=0.9646 cells=158379
[ct_train] rechunked train graphs (seed=28)

=== Epoch 28/1000 ===
[train] loss=5.2756 cls=0.5041 cme=2.2541 acc=0.9653 cells=158379
[val]   loss=5.2040 eval=2.7116 cls=0.4491 cme=2.2625 acc=0.9678 cells=118036
[ct_train] saved best checkpoint (val_eval_loss=2.7116 val_acc=0.9678)
[ct_train] rechunked train graphs (seed=29)

=== Epoch 29/1000 ===
[train] loss=5.2656 cls=0.5012 cme=2.2514 acc=0.9659 cells=158379
[ct_train] rechunked train graphs (seed=30)

=== Epoch 30/1000 ===
[train] loss=5.2634 cls=0.4997 cme=2.2517 acc=0.9659 cells=158379
[val]   loss=5.1913 eval=2.7048 cls=0.4475 cme=2.2573 acc=0.9681 cells=118036
[ct_train] saved best checkpoint (val_eval_loss=2.7048 val_acc=0.9681)
[ct_train] rechunked train graphs (seed=31)

=== Epoch 31/1000 ===
[train] loss=5.2506 cls=0.4955 cme=2.2485 acc=0.9670 cells=158379
[ct_train] rechunked train graphs (seed=32)

=== Epoch 32/1000 ===
[train] loss=5.2430 cls=0.4955 cme=2.2446 acc=0.9671 cells=158379
[val]   loss=5.1930 eval=2.7064 cls=0.4476 cme=2.2588 acc=0.9681 cells=118036
[ct_train] early_stopping: no improve on val/eval_loss for 1/24 val checks
[ct_train] rechunked train graphs (seed=33)

=== Epoch 33/1000 ===
[train] loss=5.2423 cls=0.4928 cme=2.2464 acc=0.9674 cells=158379
[ct_train] rechunked train graphs (seed=34)

=== Epoch 34/1000 ===
[train] loss=5.2295 cls=0.4906 cme=2.2419 acc=0.9682 cells=158379
[val]   loss=5.1743 eval=2.6952 cls=0.4416 cme=2.2536 acc=0.9697 cells=118036
[ct_train] saved best checkpoint (val_eval_loss=2.6952 val_acc=0.9697)
[ct_train] rechunked train graphs (seed=35)

=== Epoch 35/1000 ===
[train] loss=5.2345 cls=0.4897 cme=2.2451 acc=0.9687 cells=158379
[ct_train] rechunked train graphs (seed=36)

=== Epoch 36/1000 ===
[train] loss=5.2203 cls=0.4863 cme=2.2404 acc=0.9695 cells=158379
[val]   loss=5.1723 eval=2.6946 cls=0.4419 cme=2.2528 acc=0.9696 cells=118036
[ct_train] saved best checkpoint (val_eval_loss=2.6946 val_acc=0.9697)
[ct_train] rechunked train graphs (seed=37)

=== Epoch 37/1000 ===
[train] loss=5.2166 cls=0.4853 cme=2.2395 acc=0.9694 cells=158379
[ct_train] rechunked train graphs (seed=38)

=== Epoch 38/1000 ===
[train] loss=5.2080 cls=0.4840 cme=2.2365 acc=0.9700 cells=158379
[val]   loss=5.1699 eval=2.6935 cls=0.4423 cme=2.2512 acc=0.9698 cells=118036
[ct_train] saved best checkpoint (val_eval_loss=2.6935 val_acc=0.9698)
[ct_train] rechunked train graphs (seed=39)

=== Epoch 39/1000 ===
[train] loss=5.2016 cls=0.4812 cme=2.2350 acc=0.9701 cells=158379
[ct_train] rechunked train graphs (seed=40)

=== Epoch 40/1000 ===
[train] loss=5.2011 cls=0.4810 cme=2.2353 acc=0.9704 cells=158379
[val]   loss=5.1573 eval=2.6859 cls=0.4383 cme=2.2476 acc=0.9709 cells=118036
[ct_train] saved best checkpoint (val_eval_loss=2.6859 val_acc=0.9709)
[ct_train] rechunked train graphs (seed=41)

=== Epoch 41/1000 ===
[train] loss=5.1884 cls=0.4785 cme=2.2306 acc=0.9708 cells=158379
[ct_train] rechunked train graphs (seed=42)

=== Epoch 42/1000 ===
[train] loss=5.1869 cls=0.4772 cme=2.2310 acc=0.9712 cells=158379
[val]   loss=5.1506 eval=2.6823 cls=0.4373 cme=2.2450 acc=0.9713 cells=118036
[ct_train] saved best checkpoint (val_eval_loss=2.6823 val_acc=0.9713)
[ct_train] rechunked train graphs (seed=43)

=== Epoch 43/1000 ===
[train] loss=5.1876 cls=0.4753 cme=2.2329 acc=0.9718 cells=158379
[ct_train] rechunked train graphs (seed=44)

=== Epoch 44/1000 ===
[train] loss=5.1865 cls=0.4756 cme=2.2320 acc=0.9714 cells=158379
[val]   loss=5.1539 eval=2.6849 cls=0.4376 cme=2.2473 acc=0.9711 cells=118036
[ct_train] early_stopping: no improve on val/eval_loss for 1/24 val checks
[ct_train] rechunked train graphs (seed=45)

=== Epoch 45/1000 ===
[train] loss=5.1829 cls=0.4746 cme=2.2313 acc=0.9722 cells=158379
[ct_train] rechunked train graphs (seed=46)

=== Epoch 46/1000 ===
[train] loss=5.1774 cls=0.4737 cme=2.2291 acc=0.9718 cells=158379
[val]   loss=5.1484 eval=2.6815 cls=0.4373 cme=2.2442 acc=0.9715 cells=118036
[ct_train] saved best checkpoint (val_eval_loss=2.6815 val_acc=0.9715)
[ct_train] rechunked train graphs (seed=47)

=== Epoch 47/1000 ===
[train] loss=5.1696 cls=0.4726 cme=2.2261 acc=0.9722 cells=158379
[ct_train] rechunked train graphs (seed=48)

=== Epoch 48/1000 ===
[train] loss=5.1682 cls=0.4698 cme=2.2273 acc=0.9732 cells=158379
[val]   loss=5.1392 eval=2.6760 cls=0.4339 cme=2.2421 acc=0.9725 cells=118036
[ct_train] saved best checkpoint (val_eval_loss=2.6760 val_acc=0.9725)
[ct_train] rechunked train graphs (seed=49)

=== Epoch 49/1000 ===
[train] loss=5.1622 cls=0.4689 cme=2.2253 acc=0.9733 cells=158379
[ct_train] rechunked train graphs (seed=50)

=== Epoch 50/1000 ===
[train] loss=5.1600 cls=0.4686 cme=2.2245 acc=0.9735 cells=158379
[val]   loss=5.1356 eval=2.6742 cls=0.4333 cme=2.2410 acc=0.9724 cells=118036
[ct_train] saved best checkpoint (val_eval_loss=2.6742 val_acc=0.9725)
[ct_train] rechunked train graphs (seed=51)

=== Epoch 51/1000 ===
[train] loss=5.1561 cls=0.4669 cme=2.2237 acc=0.9735 cells=158379
[ct_train] rechunked train graphs (seed=52)

=== Epoch 52/1000 ===
[train] loss=5.1542 cls=0.4662 cme=2.2233 acc=0.9740 cells=158379
[val]   loss=5.1326 eval=2.6729 cls=0.4336 cme=2.2393 acc=0.9726 cells=118036
[ct_train] saved best checkpoint (val_eval_loss=2.6729 val_acc=0.9726)
[ct_train] rechunked train graphs (seed=53)

=== Epoch 53/1000 ===
[train] loss=5.1494 cls=0.4642 cme=2.2221 acc=0.9745 cells=158379
[ct_train] rechunked train graphs (seed=54)

=== Epoch 54/1000 ===
[train] loss=5.1496 cls=0.4649 cme=2.2223 acc=0.9742 cells=158379
[val]   loss=5.1283 eval=2.6703 cls=0.4307 cme=2.2396 acc=0.9734 cells=118036
[ct_train] saved best checkpoint (val_eval_loss=2.6703 val_acc=0.9734)
[ct_train] rechunked train graphs (seed=55)

=== Epoch 55/1000 ===
[train] loss=5.1436 cls=0.4635 cme=2.2201 acc=0.9746 cells=158379
[ct_train] rechunked train graphs (seed=56)

=== Epoch 56/1000 ===
[train] loss=5.1372 cls=0.4620 cme=2.2181 acc=0.9748 cells=158379
[val]   loss=5.1249 eval=2.6687 cls=0.4305 cme=2.2382 acc=0.9736 cells=118036
[ct_train] saved best checkpoint (val_eval_loss=2.6687 val_acc=0.9736)
[ct_train] rechunked train graphs (seed=57)

=== Epoch 57/1000 ===
[train] loss=5.1414 cls=0.4612 cme=2.2207 acc=0.9749 cells=158379
[ct_train] rechunked train graphs (seed=58)

=== Epoch 58/1000 ===
[train] loss=5.1349 cls=0.4607 cme=2.2178 acc=0.9748 cells=158379
[val]   loss=5.1241 eval=2.6682 cls=0.4305 cme=2.2377 acc=0.9733 cells=118036
[ct_train] saved best checkpoint (val_eval_loss=2.6682 val_acc=0.9736)
[ct_train] rechunked train graphs (seed=59)

=== Epoch 59/1000 ===
[train] loss=5.1333 cls=0.4597 cme=2.2179 acc=0.9752 cells=158379
[ct_train] rechunked train graphs (seed=60)

=== Epoch 60/1000 ===
[train] loss=5.1304 cls=0.4583 cme=2.2175 acc=0.9758 cells=158379
[val]   loss=5.1246 eval=2.6686 cls=0.4295 cme=2.2390 acc=0.9735 cells=118036
[ct_train] early_stopping: no improve on val/eval_loss for 1/24 val checks
[ct_train] rechunked train graphs (seed=61)

=== Epoch 61/1000 ===
[train] loss=5.1262 cls=0.4588 cme=2.2153 acc=0.9755 cells=158379
[ct_train] rechunked train graphs (seed=62)

=== Epoch 62/1000 ===
[train] loss=5.1247 cls=0.4575 cme=2.2155 acc=0.9760 cells=158379
[val]   loss=5.1206 eval=2.6663 cls=0.4294 cme=2.2370 acc=0.9735 cells=118036
[ct_train] saved best checkpoint (val_eval_loss=2.6663 val_acc=0.9736)
[ct_train] rechunked train graphs (seed=63)

=== Epoch 63/1000 ===
[train] loss=5.1251 cls=0.4569 cme=2.2162 acc=0.9761 cells=158379
[ct_train] rechunked train graphs (seed=64)

=== Epoch 64/1000 ===
[train] loss=5.1183 cls=0.4564 cme=2.2132 acc=0.9763 cells=158379
[val]   loss=5.1149 eval=2.6632 cls=0.4285 cme=2.2347 acc=0.9738 cells=118036
[ct_train] saved best checkpoint (val_eval_loss=2.6632 val_acc=0.9738)
[ct_train] rechunked train graphs (seed=65)

=== Epoch 65/1000 ===
[train] loss=5.1181 cls=0.4550 cme=2.2140 acc=0.9765 cells=158379
[ct_train] rechunked train graphs (seed=66)

=== Epoch 66/1000 ===
[train] loss=5.1140 cls=0.4546 cme=2.2122 acc=0.9768 cells=158379
[val]   loss=5.1110 eval=2.6612 cls=0.4281 cme=2.2331 acc=0.9741 cells=118036
[ct_train] saved best checkpoint (val_eval_loss=2.6612 val_acc=0.9741)
[ct_train] rechunked train graphs (seed=67)

=== Epoch 67/1000 ===
[train] loss=5.1106 cls=0.4535 cme=2.2116 acc=0.9770 cells=158379
[ct_train] rechunked train graphs (seed=68)

=== Epoch 68/1000 ===
[train] loss=5.1118 cls=0.4533 cme=2.2123 acc=0.9768 cells=158379
[val]   loss=5.1151 eval=2.6637 cls=0.4296 cme=2.2341 acc=0.9737 cells=118036
[ct_train] early_stopping: no improve on val/eval_loss for 1/24 val checks
[ct_train] rechunked train graphs (seed=69)

=== Epoch 69/1000 ===
[train] loss=5.1045 cls=0.4519 cme=2.2095 acc=0.9773 cells=158379
[ct_train] rechunked train graphs (seed=70)

=== Epoch 70/1000 ===
[train] loss=5.1093 cls=0.4510 cme=2.2127 acc=0.9772 cells=158379
[val]   loss=5.1073 eval=2.6594 cls=0.4278 cme=2.2316 acc=0.9741 cells=118036
[ct_train] saved best checkpoint (val_eval_loss=2.6594 val_acc=0.9741)
[ct_train] rechunked train graphs (seed=71)

=== Epoch 71/1000 ===
[train] loss=5.1045 cls=0.4511 cme=2.2103 acc=0.9775 cells=158379
[ct_train] rechunked train graphs (seed=72)

=== Epoch 72/1000 ===
[train] loss=5.1008 cls=0.4494 cme=2.2096 acc=0.9776 cells=158379
[val]   loss=5.1048 eval=2.6579 cls=0.4268 cme=2.2311 acc=0.9744 cells=118036
[ct_train] saved best checkpoint (val_eval_loss=2.6579 val_acc=0.9744)
[ct_train] rechunked train graphs (seed=73)

=== Epoch 73/1000 ===
[train] loss=5.0986 cls=0.4494 cme=2.2086 acc=0.9781 cells=158379
[ct_train] rechunked train graphs (seed=74)

=== Epoch 74/1000 ===
[train] loss=5.0968 cls=0.4485 cme=2.2083 acc=0.9782 cells=158379
[val]   loss=5.1075 eval=2.6596 cls=0.4254 cme=2.2341 acc=0.9743 cells=118036
[ct_train] early_stopping: no improve on val/eval_loss for 1/24 val checks
[ct_train] rechunked train graphs (seed=75)

=== Epoch 75/1000 ===
[train] loss=5.0901 cls=0.4491 cme=2.2048 acc=0.9780 cells=158379
[ct_train] rechunked train graphs (seed=76)

=== Epoch 76/1000 ===
[train] loss=5.0895 cls=0.4471 cme=2.2058 acc=0.9784 cells=158379
[val]   loss=5.1071 eval=2.6585 cls=0.4252 cme=2.2334 acc=0.9746 cells=118036
[ct_train] early_stopping: no improve on val/eval_loss for 2/24 val checks
[ct_train] rechunked train graphs (seed=77)

=== Epoch 77/1000 ===
[train] loss=5.0894 cls=0.4472 cme=2.2056 acc=0.9784 cells=158379
[ct_train] rechunked train graphs (seed=78)

=== Epoch 78/1000 ===
[train] loss=5.0830 cls=0.4461 cme=2.2034 acc=0.9786 cells=158379
[val]   loss=5.0979 eval=2.6541 cls=0.4243 cme=2.2299 acc=0.9747 cells=118036
[ct_train] saved best checkpoint (val_eval_loss=2.6541 val_acc=0.9747)
[ct_train] rechunked train graphs (seed=79)

=== Epoch 79/1000 ===
[train] loss=5.0861 cls=0.4461 cme=2.2049 acc=0.9786 cells=158379
[ct_train] rechunked train graphs (seed=80)

=== Epoch 80/1000 ===
[train] loss=5.0863 cls=0.4466 cme=2.2047 acc=0.9787 cells=158379
[val]   loss=5.0982 eval=2.6541 cls=0.4248 cme=2.2293 acc=0.9747 cells=118036
[ct_train] early_stopping: no improve on val/eval_loss for 1/24 val checks
[ct_train] rechunked train graphs (seed=81)

=== Epoch 81/1000 ===
[train] loss=5.0808 cls=0.4441 cme=2.2038 acc=0.9791 cells=158379
[ct_train] rechunked train graphs (seed=82)

=== Epoch 82/1000 ===
[train] loss=5.0788 cls=0.4436 cme=2.2031 acc=0.9796 cells=158379
[val]   loss=5.1005 eval=2.6559 cls=0.4256 cme=2.2304 acc=0.9745 cells=118036
[ct_train] early_stopping: no improve on val/eval_loss for 2/24 val checks
[ct_train] rechunked train graphs (seed=83)

=== Epoch 83/1000 ===
[train] loss=5.0790 cls=0.4442 cme=2.2031 acc=0.9789 cells=158379
[ct_train] rechunked train graphs (seed=84)

=== Epoch 84/1000 ===
[train] loss=5.0826 cls=0.4433 cme=2.2057 acc=0.9794 cells=158379
[val]   loss=5.1015 eval=2.6558 cls=0.4239 cme=2.2319 acc=0.9747 cells=118036
[ct_train] early_stopping: no improve on val/eval_loss for 3/24 val checks
[ct_train] rechunked train graphs (seed=85)

=== Epoch 85/1000 ===
[train] loss=5.0729 cls=0.4413 cme=2.2020 acc=0.9799 cells=158379
[ct_train] rechunked train graphs (seed=86)

=== Epoch 86/1000 ===
[train] loss=5.0744 cls=0.4413 cme=2.2027 acc=0.9799 cells=158379
[val]   loss=5.0936 eval=2.6512 cls=0.4237 cme=2.2276 acc=0.9749 cells=118036
[ct_train] saved best checkpoint (val_eval_loss=2.6512 val_acc=0.9749)
[ct_train] rechunked train graphs (seed=87)

=== Epoch 87/1000 ===
[train] loss=5.0699 cls=0.4413 cme=2.2006 acc=0.9799 cells=158379
[ct_train] rechunked train graphs (seed=88)

=== Epoch 88/1000 ===
[train] loss=5.0697 cls=0.4417 cme=2.2003 acc=0.9801 cells=158379
[val]   loss=5.0962 eval=2.6531 cls=0.4242 cme=2.2289 acc=0.9748 cells=118036
[ct_train] early_stopping: no improve on val/eval_loss for 1/24 val checks
[ct_train] rechunked train graphs (seed=89)

=== Epoch 89/1000 ===
[train] loss=5.0703 cls=0.4401 cme=2.2013 acc=0.9802 cells=158379
[ct_train] rechunked train graphs (seed=90)

=== Epoch 90/1000 ===
[train] loss=5.0685 cls=0.4402 cme=2.2007 acc=0.9806 cells=158379
[val]   loss=5.0966 eval=2.6529 cls=0.4230 cme=2.2299 acc=0.9753 cells=118036
[ct_train] early_stopping: no improve on val/eval_loss for 2/24 val checks
[ct_train] rechunked train graphs (seed=91)

=== Epoch 91/1000 ===
[train] loss=5.0654 cls=0.4393 cme=2.1997 acc=0.9806 cells=158379
[ct_train] rechunked train graphs (seed=92)

=== Epoch 92/1000 ===
[train] loss=5.0665 cls=0.4391 cme=2.2005 acc=0.9807 cells=158379
[val]   loss=5.0896 eval=2.6491 cls=0.4223 cme=2.2268 acc=0.9753 cells=118036
[ct_train] saved best checkpoint (val_eval_loss=2.6491 val_acc=0.9753)
[ct_train] rechunked train graphs (seed=93)

=== Epoch 93/1000 ===
[train] loss=5.0619 cls=0.4383 cme=2.1986 acc=0.9805 cells=158379
[ct_train] rechunked train graphs (seed=94)

=== Epoch 94/1000 ===
[train] loss=5.0645 cls=0.4386 cme=2.1999 acc=0.9805 cells=158379
[val]   loss=5.0928 eval=2.6512 cls=0.4231 cme=2.2281 acc=0.9749 cells=118036
[ct_train] early_stopping: no improve on val/eval_loss for 1/24 val checks
[ct_train] rechunked train graphs (seed=95)

=== Epoch 95/1000 ===
[train] loss=5.0601 cls=0.4384 cme=2.1980 acc=0.9808 cells=158379
[ct_train] rechunked train graphs (seed=96)

=== Epoch 96/1000 ===
[train] loss=5.0608 cls=0.4379 cme=2.1987 acc=0.9807 cells=158379
[val]   loss=5.0904 eval=2.6495 cls=0.4227 cme=2.2267 acc=0.9751 cells=118036
[ct_train] early_stopping: no improve on val/eval_loss for 2/24 val checks
[ct_train] rechunked train graphs (seed=97)

=== Epoch 97/1000 ===
[train] loss=5.0548 cls=0.4364 cme=2.1966 acc=0.9810 cells=158379
[ct_train] rechunked train graphs (seed=98)

=== Epoch 98/1000 ===
[train] loss=5.0583 cls=0.4361 cme=2.1987 acc=0.9815 cells=158379
[val]   loss=5.0982 eval=2.6542 cls=0.4218 cme=2.2324 acc=0.9747 cells=118036
[ct_train] early_stopping: no improve on val/eval_loss for 3/24 val checks
[ct_train] rechunked train graphs (seed=99)

=== Epoch 99/1000 ===
[train] loss=5.0537 cls=0.4362 cme=2.1962 acc=0.9815 cells=158379
[ct_train] rechunked train graphs (seed=100)

=== Epoch 100/1000 ===
[train] loss=5.0534 cls=0.4358 cme=2.1964 acc=0.9811 cells=158379
[val]   loss=5.0822 eval=2.6452 cls=0.4205 cme=2.2247 acc=0.9757 cells=118036
[ct_train] saved best checkpoint (val_eval_loss=2.6452 val_acc=0.9757)
[ct_train] rechunked train graphs (seed=101)

=== Epoch 101/1000 ===
[train] loss=5.0519 cls=0.4351 cme=2.1963 acc=0.9816 cells=158379
[ct_train] rechunked train graphs (seed=102)

=== Epoch 102/1000 ===
[train] loss=5.0501 cls=0.4350 cme=2.1955 acc=0.9815 cells=158379
[val]   loss=5.0917 eval=2.6501 cls=0.4210 cme=2.2291 acc=0.9758 cells=118036
[ct_train] early_stopping: no improve on val/eval_loss for 1/24 val checks
[ct_train] rechunked train graphs (seed=103)

=== Epoch 103/1000 ===
[train] loss=5.0502 cls=0.4341 cme=2.1960 acc=0.9817 cells=158379
[ct_train] rechunked train graphs (seed=104)

=== Epoch 104/1000 ===
[train] loss=5.0459 cls=0.4336 cme=2.1944 acc=0.9821 cells=158379
[val]   loss=5.0869 eval=2.6484 cls=0.4236 cme=2.2248 acc=0.9749 cells=118036
[ct_train] early_stopping: no improve on val/eval_loss for 2/24 val checks
[ct_train] rechunked train graphs (seed=105)

=== Epoch 105/1000 ===
[train] loss=5.0482 cls=0.4336 cme=2.1957 acc=0.9817 cells=158379
[ct_train] rechunked train graphs (seed=106)

=== Epoch 106/1000 ===
[train] loss=5.0479 cls=0.4325 cme=2.1962 acc=0.9820 cells=158379
[val]   loss=5.0912 eval=2.6502 cls=0.4212 cme=2.2290 acc=0.9753 cells=118036
[ct_train] early_stopping: no improve on val/eval_loss for 3/24 val checks
[ct_train] rechunked train graphs (seed=107)

=== Epoch 107/1000 ===
[train] loss=5.0428 cls=0.4330 cme=2.1933 acc=0.9823 cells=158379
[ct_train] rechunked train graphs (seed=108)

=== Epoch 108/1000 ===
[train] loss=5.0400 cls=0.4321 cme=2.1926 acc=0.9823 cells=158379
[val]   loss=5.0881 eval=2.6485 cls=0.4219 cme=2.2266 acc=0.9752 cells=118036
[ct_train] early_stopping: no improve on val/eval_loss for 4/24 val checks
[ct_train] rechunked train graphs (seed=109)

=== Epoch 109/1000 ===
[train] loss=5.0404 cls=0.4321 cme=2.1930 acc=0.9823 cells=158379
[ct_train] rechunked train graphs (seed=110)

=== Epoch 110/1000 ===
[train] loss=5.0437 cls=0.4324 cme=2.1944 acc=0.9825 cells=158379
[val]   loss=5.0841 eval=2.6460 cls=0.4209 cme=2.2251 acc=0.9754 cells=118036
[ct_train] early_stopping: no improve on val/eval_loss for 5/24 val checks
[ct_train] rechunked train graphs (seed=111)

=== Epoch 111/1000 ===
[train] loss=5.0401 cls=0.4312 cme=2.1935 acc=0.9826 cells=158379
[ct_train] rechunked train graphs (seed=112)

=== Epoch 112/1000 ===
[train] loss=5.0391 cls=0.4305 cme=2.1935 acc=0.9825 cells=158379
[val]   loss=5.0816 eval=2.6452 cls=0.4211 cme=2.2241 acc=0.9758 cells=118036
[ct_train] early_stopping: no improve on val/eval_loss for 6/24 val checks
[ct_train] rechunked train graphs (seed=113)

=== Epoch 113/1000 ===
[train] loss=5.0348 cls=0.4316 cme=2.1906 acc=0.9825 cells=158379
[ct_train] rechunked train graphs (seed=114)

=== Epoch 114/1000 ===
[train] loss=5.0375 cls=0.4306 cme=2.1926 acc=0.9829 cells=158379
[val]   loss=5.0880 eval=2.6492 cls=0.4235 cme=2.2257 acc=0.9746 cells=118036
[ct_train] early_stopping: no improve on val/eval_loss for 7/24 val checks
[ct_train] rechunked train graphs (seed=115)

=== Epoch 115/1000 ===
[train] loss=5.0339 cls=0.4308 cme=2.1908 acc=0.9829 cells=158379
[ct_train] rechunked train graphs (seed=116)

=== Epoch 116/1000 ===
[train] loss=5.0292 cls=0.4295 cme=2.1894 acc=0.9833 cells=158379
[val]   loss=5.0902 eval=2.6507 cls=0.4235 cme=2.2271 acc=0.9752 cells=118036
[ct_train] early_stopping: no improve on val/eval_loss for 8/24 val checks
[ct_train] rechunked train graphs (seed=117)

=== Epoch 117/1000 ===
[train] loss=5.0373 cls=0.4307 cme=2.1924 acc=0.9826 cells=158379
[ct_train] rechunked train graphs (seed=118)

=== Epoch 118/1000 ===
[train] loss=5.0352 cls=0.4298 cme=2.1922 acc=0.9827 cells=158379
[val]   loss=5.0869 eval=2.6484 cls=0.4237 cme=2.2246 acc=0.9746 cells=118036
[ct_train] early_stopping: no improve on val/eval_loss for 9/24 val checks
[ct_train] rechunked train graphs (seed=119)

=== Epoch 119/1000 ===
[train] loss=5.0263 cls=0.4285 cme=2.1885 acc=0.9832 cells=158379
[ct_train] rechunked train graphs (seed=120)

=== Epoch 120/1000 ===
[train] loss=5.0260 cls=0.4280 cme=2.1886 acc=0.9833 cells=158379
[val]   loss=5.0827 eval=2.6458 cls=0.4213 cme=2.2245 acc=0.9753 cells=118036
[ct_train] early_stopping: no improve on val/eval_loss for 10/24 val checks
[ct_train] rechunked train graphs (seed=121)

=== Epoch 121/1000 ===
[train] loss=5.0261 cls=0.4277 cme=2.1890 acc=0.9839 cells=158379
[ct_train] rechunked train graphs (seed=122)

=== Epoch 122/1000 ===
[train] loss=5.0266 cls=0.4276 cme=2.1894 acc=0.9836 cells=158379
[val]   loss=5.0872 eval=2.6486 cls=0.4213 cme=2.2273 acc=0.9753 cells=118036
[ct_train] early_stopping: no improve on val/eval_loss for 11/24 val checks
[ct_train] rechunked train graphs (seed=123)

=== Epoch 123/1000 ===
[train] loss=5.0282 cls=0.4276 cme=2.1902 acc=0.9836 cells=158379
[ct_train] rechunked train graphs (seed=124)

=== Epoch 124/1000 ===
[train] loss=5.0236 cls=0.4263 cme=2.1887 acc=0.9840 cells=158379
[val]   loss=5.0881 eval=2.6490 cls=0.4224 cme=2.2265 acc=0.9751 cells=118036
[ct_train] early_stopping: no improve on val/eval_loss for 12/24 val checks
[ct_train] rechunked train graphs (seed=125)

=== Epoch 125/1000 ===
[train] loss=5.0193 cls=0.4255 cme=2.1872 acc=0.9839 cells=158379
[ct_train] rechunked train graphs (seed=126)

=== Epoch 126/1000 ===
[train] loss=5.0246 cls=0.4268 cme=2.1890 acc=0.9842 cells=158379
[val]   loss=5.0795 eval=2.6442 cls=0.4200 cme=2.2242 acc=0.9762 cells=118036
[ct_train] saved best checkpoint (val_eval_loss=2.6442 val_acc=0.9762)
[ct_train] rechunked train graphs (seed=127)

=== Epoch 127/1000 ===
[train] loss=5.0270 cls=0.4264 cme=2.1905 acc=0.9838 cells=158379
[ct_train] rechunked train graphs (seed=128)

=== Epoch 128/1000 ===
[train] loss=5.0164 cls=0.4259 cme=2.1856 acc=0.9839 cells=158379
[val]   loss=5.0820 eval=2.6449 cls=0.4196 cme=2.2253 acc=0.9759 cells=118036
[ct_train] early_stopping: no improve on val/eval_loss for 1/24 val checks
[ct_train] rechunked train graphs (seed=129)

=== Epoch 129/1000 ===
[train] loss=5.0172 cls=0.4243 cme=2.1872 acc=0.9845 cells=158379
[ct_train] rechunked train graphs (seed=130)

=== Epoch 130/1000 ===
[train] loss=5.0167 cls=0.4247 cme=2.1868 acc=0.9846 cells=158379
[val]   loss=5.0824 eval=2.6454 cls=0.4211 cme=2.2243 acc=0.9760 cells=118036
[ct_train] early_stopping: no improve on val/eval_loss for 2/24 val checks
[ct_train] rechunked train graphs (seed=131)

=== Epoch 131/1000 ===
[train] loss=5.0172 cls=0.4242 cme=2.1871 acc=0.9845 cells=158379
[ct_train] rechunked train graphs (seed=132)

=== Epoch 132/1000 ===
[train] loss=5.0193 cls=0.4240 cme=2.1883 acc=0.9849 cells=158379
[val]   loss=5.0759 eval=2.6426 cls=0.4215 cme=2.2211 acc=0.9757 cells=118036
[ct_train] saved best checkpoint (val_eval_loss=2.6426 val_acc=0.9762)
[ct_train] rechunked train graphs (seed=133)

=== Epoch 133/1000 ===
[train] loss=5.0139 cls=0.4238 cme=2.1861 acc=0.9846 cells=158379
[ct_train] rechunked train graphs (seed=134)

=== Epoch 134/1000 ===
[train] loss=5.0133 cls=0.4235 cme=2.1859 acc=0.9845 cells=158379
[val]   loss=5.0829 eval=2.6460 cls=0.4217 cme=2.2242 acc=0.9755 cells=118036
[ct_train] early_stopping: no improve on val/eval_loss for 1/24 val checks
[ct_train] rechunked train graphs (seed=135)

=== Epoch 135/1000 ===
[train] loss=5.0141 cls=0.4230 cme=2.1864 acc=0.9848 cells=158379
[ct_train] rechunked train graphs (seed=136)

=== Epoch 136/1000 ===
[train] loss=5.0082 cls=0.4241 cme=2.1831 acc=0.9846 cells=158379
[val]   loss=5.0846 eval=2.6472 cls=0.4216 cme=2.2256 acc=0.9755 cells=118036
[ct_train] early_stopping: no improve on val/eval_loss for 2/24 val checks
[ct_train] rechunked train graphs (seed=137)

=== Epoch 137/1000 ===
[train] loss=5.0108 cls=0.4227 cme=2.1854 acc=0.9848 cells=158379
[ct_train] rechunked train graphs (seed=138)

=== Epoch 138/1000 ===
[train] loss=5.0053 cls=0.4219 cme=2.1832 acc=0.9852 cells=158379
[val]   loss=5.0818 eval=2.6455 cls=0.4225 cme=2.2230 acc=0.9752 cells=118036
[ct_train] early_stopping: no improve on val/eval_loss for 3/24 val checks
[ct_train] rechunked train graphs (seed=139)

=== Epoch 139/1000 ===
[train] loss=5.0090 cls=0.4221 cme=2.1848 acc=0.9850 cells=158379
[ct_train] rechunked train graphs (seed=140)

=== Epoch 140/1000 ===
[train] loss=5.0080 cls=0.4218 cme=2.1845 acc=0.9852 cells=158379
[val]   loss=5.0821 eval=2.6458 cls=0.4220 cme=2.2238 acc=0.9754 cells=118036
[ct_train] early_stopping: no improve on val/eval_loss for 4/24 val checks
[ct_train] rechunked train graphs (seed=141)

=== Epoch 141/1000 ===
[train] loss=5.0077 cls=0.4210 cme=2.1851 acc=0.9853 cells=158379
[ct_train] rechunked train graphs (seed=142)

=== Epoch 142/1000 ===
[train] loss=5.0095 cls=0.4206 cme=2.1863 acc=0.9856 cells=158379
[val]   loss=5.0866 eval=2.6480 cls=0.4217 cme=2.2263 acc=0.9753 cells=118036
[ct_train] early_stopping: no improve on val/eval_loss for 5/24 val checks
[ct_train] rechunked train graphs (seed=143)

=== Epoch 143/1000 ===
[train] loss=5.0082 cls=0.4206 cme=2.1855 acc=0.9858 cells=158379
[ct_train] rechunked train graphs (seed=144)

=== Epoch 144/1000 ===
[train] loss=5.0064 cls=0.4202 cme=2.1848 acc=0.9857 cells=158379
[val]   loss=5.0880 eval=2.6488 cls=0.4203 cme=2.2285 acc=0.9759 cells=118036
[ct_train] early_stopping: no improve on val/eval_loss for 6/24 val checks
[ct_train] rechunked train graphs (seed=145)

=== Epoch 145/1000 ===
[train] loss=5.0028 cls=0.4199 cme=2.1832 acc=0.9858 cells=158379
[ct_train] rechunked train graphs (seed=146)

=== Epoch 146/1000 ===
[train] loss=5.0050 cls=0.4202 cme=2.1842 acc=0.9859 cells=158379
[val]   loss=5.0773 eval=2.6433 cls=0.4218 cme=2.2215 acc=0.9754 cells=118036
[ct_train] early_stopping: no improve on val/eval_loss for 7/24 val checks
[ct_train] rechunked train graphs (seed=147)

=== Epoch 147/1000 ===
[train] loss=4.9978 cls=0.4191 cme=2.1814 acc=0.9858 cells=158379
[ct_train] rechunked train graphs (seed=148)

=== Epoch 148/1000 ===
[train] loss=4.9988 cls=0.4196 cme=2.1817 acc=0.9857 cells=158379
[val]   loss=5.0795 eval=2.6444 cls=0.4234 cme=2.2210 acc=0.9753 cells=118036
[ct_train] early_stopping: no improve on val/eval_loss for 8/24 val checks
[ct_train] rechunked train graphs (seed=149)

=== Epoch 149/1000 ===
[train] loss=4.9965 cls=0.4182 cme=2.1814 acc=0.9863 cells=158379
[ct_train] rechunked train graphs (seed=150)

=== Epoch 150/1000 ===
[train] loss=4.9975 cls=0.4191 cme=2.1813 acc=0.9860 cells=158379
[val]   loss=5.0762 eval=2.6426 cls=0.4217 cme=2.2209 acc=0.9758 cells=118036
[ct_train] early_stopping: no improve on val/eval_loss for 9/24 val checks
[ct_train] rechunked train graphs (seed=151)

=== Epoch 151/1000 ===
[train] loss=5.0045 cls=0.4195 cme=2.1846 acc=0.9857 cells=158379
[ct_train] rechunked train graphs (seed=152)

=== Epoch 152/1000 ===
[train] loss=4.9963 cls=0.4187 cme=2.1811 acc=0.9862 cells=158379
[val]   loss=5.0775 eval=2.6436 cls=0.4219 cme=2.2217 acc=0.9759 cells=118036
[ct_train] early_stopping: no improve on val/eval_loss for 10/24 val checks
[ct_train] rechunked train graphs (seed=153)

=== Epoch 153/1000 ===
[train] loss=4.9945 cls=0.4179 cme=2.1807 acc=0.9864 cells=158379
[ct_train] rechunked train graphs (seed=154)

=== Epoch 154/1000 ===
[train] loss=4.9960 cls=0.4172 cme=2.1820 acc=0.9865 cells=158379
[val]   loss=5.0799 eval=2.6450 cls=0.4242 cme=2.2208 acc=0.9745 cells=118036
[ct_train] early_stopping: no improve on val/eval_loss for 11/24 val checks
[ct_train] rechunked train graphs (seed=155)

=== Epoch 155/1000 ===
[train] loss=4.9954 cls=0.4175 cme=2.1814 acc=0.9861 cells=158379
[ct_train] rechunked train graphs (seed=156)

=== Epoch 156/1000 ===
[train] loss=4.9875 cls=0.4160 cme=2.1784 acc=0.9867 cells=158379
[val]   loss=5.0848 eval=2.6478 cls=0.4220 cme=2.2258 acc=0.9755 cells=118036
[ct_train] early_stopping: no improve on val/eval_loss for 12/24 val checks
[ct_train] rechunked train graphs (seed=157)

=== Epoch 157/1000 ===
[train] loss=4.9843 cls=0.4161 cme=2.1769 acc=0.9867 cells=158379
[ct_train] rechunked train graphs (seed=158)

=== Epoch 158/1000 ===
[train] loss=4.9903 cls=0.4170 cme=2.1792 acc=0.9867 cells=158379
[val]   loss=5.0746 eval=2.6422 cls=0.4229 cme=2.2193 acc=0.9755 cells=118036
[ct_train] saved best checkpoint (val_eval_loss=2.6422 val_acc=0.9762)
[ct_train] rechunked train graphs (seed=159)

=== Epoch 159/1000 ===
[train] loss=4.9881 cls=0.4159 cme=2.1792 acc=0.9869 cells=158379
[ct_train] rechunked train graphs (seed=160)

=== Epoch 160/1000 ===
[train] loss=4.9883 cls=0.4161 cme=2.1792 acc=0.9867 cells=158379
[val]   loss=5.0817 eval=2.6465 cls=0.4236 cme=2.2229 acc=0.9753 cells=118036
[ct_train] early_stopping: no improve on val/eval_loss for 1/24 val checks
[ct_train] rechunked train graphs (seed=161)

=== Epoch 161/1000 ===
[train] loss=4.9887 cls=0.4156 cme=2.1796 acc=0.9870 cells=158379
[ct_train] rechunked train graphs (seed=162)

=== Epoch 162/1000 ===
[train] loss=4.9847 cls=0.4148 cme=2.1781 acc=0.9871 cells=158379
[val]   loss=5.0770 eval=2.6438 cls=0.4222 cme=2.2217 acc=0.9757 cells=118036
[ct_train] early_stopping: no improve on val/eval_loss for 2/24 val checks
[ct_train] rechunked train graphs (seed=163)

=== Epoch 163/1000 ===
[train] loss=4.9881 cls=0.4153 cme=2.1797 acc=0.9869 cells=158379
[ct_train] rechunked train graphs (seed=164)

=== Epoch 164/1000 ===
[train] loss=4.9819 cls=0.4149 cme=2.1768 acc=0.9870 cells=158379
[val]   loss=5.0773 eval=2.6437 cls=0.4233 cme=2.2205 acc=0.9756 cells=118036
[ct_train] early_stopping: no improve on val/eval_loss for 3/24 val checks
[ct_train] rechunked train graphs (seed=165)

=== Epoch 165/1000 ===
[train] loss=4.9865 cls=0.4161 cme=2.1782 acc=0.9867 cells=158379
[ct_train] rechunked train graphs (seed=166)

=== Epoch 166/1000 ===
[train] loss=4.9847 cls=0.4153 cme=2.1777 acc=0.9868 cells=158379
[val]   loss=5.0842 eval=2.6478 cls=0.4230 cme=2.2247 acc=0.9756 cells=118036
[ct_train] early_stopping: no improve on val/eval_loss for 4/24 val checks
[ct_train] rechunked train graphs (seed=167)

=== Epoch 167/1000 ===
[train] loss=4.9751 cls=0.4136 cme=2.1742 acc=0.9876 cells=158379
[ct_train] rechunked train graphs (seed=168)

=== Epoch 168/1000 ===
[train] loss=4.9780 cls=0.4134 cme=2.1758 acc=0.9871 cells=158379
[val]   loss=5.0814 eval=2.6464 cls=0.4234 cme=2.2230 acc=0.9755 cells=118036
[ct_train] early_stopping: no improve on val/eval_loss for 5/24 val checks
[ct_train] rechunked train graphs (seed=169)

=== Epoch 169/1000 ===
[train] loss=4.9826 cls=0.4131 cme=2.1784 acc=0.9877 cells=158379
[ct_train] rechunked train graphs (seed=170)

=== Epoch 170/1000 ===
[train] loss=4.9765 cls=0.4136 cme=2.1750 acc=0.9874 cells=158379
[val]   loss=5.0752 eval=2.6427 cls=0.4216 cme=2.2212 acc=0.9761 cells=118036
[ct_train] early_stopping: no improve on val/eval_loss for 6/24 val checks
[ct_train] rechunked train graphs (seed=171)

=== Epoch 171/1000 ===
[train] loss=4.9820 cls=0.4129 cme=2.1783 acc=0.9876 cells=158379
[ct_train] rechunked train graphs (seed=172)

=== Epoch 172/1000 ===
[train] loss=4.9789 cls=0.4124 cme=2.1771 acc=0.9879 cells=158379
[val]   loss=5.0744 eval=2.6425 cls=0.4210 cme=2.2215 acc=0.9765 cells=118036
[ct_train] early_stopping: no improve on val/eval_loss for 7/24 val checks
[ct_train] rechunked train graphs (seed=173)

=== Epoch 173/1000 ===
[train] loss=4.9743 cls=0.4123 cme=2.1748 acc=0.9880 cells=158379
[ct_train] rechunked train graphs (seed=174)

=== Epoch 174/1000 ===
[train] loss=4.9747 cls=0.4123 cme=2.1751 acc=0.9882 cells=158379
[val]   loss=5.0818 eval=2.6466 cls=0.4229 cme=2.2236 acc=0.9759 cells=118036
[ct_train] early_stopping: no improve on val/eval_loss for 8/24 val checks
[ct_train] rechunked train graphs (seed=175)

=== Epoch 175/1000 ===
[train] loss=4.9736 cls=0.4113 cme=2.1753 acc=0.9879 cells=158379
[ct_train] rechunked train graphs (seed=176)

=== Epoch 176/1000 ===
[train] loss=4.9742 cls=0.4118 cme=2.1752 acc=0.9879 cells=158379
[val]   loss=5.0816 eval=2.6463 cls=0.4222 cme=2.2241 acc=0.9763 cells=118036
[ct_train] early_stopping: no improve on val/eval_loss for 9/24 val checks
[ct_train] rechunked train graphs (seed=177)

=== Epoch 177/1000 ===
[train] loss=4.9750 cls=0.4119 cme=2.1756 acc=0.9881 cells=158379
[ct_train] rechunked train graphs (seed=178)

=== Epoch 178/1000 ===
[train] loss=4.9733 cls=0.4117 cme=2.1749 acc=0.9878 cells=158379
[val]   loss=5.0755 eval=2.6431 cls=0.4230 cme=2.2201 acc=0.9756 cells=118036
[ct_train] early_stopping: no improve on val/eval_loss for 10/24 val checks
[ct_train] rechunked train graphs (seed=179)

=== Epoch 179/1000 ===
[train] loss=4.9700 cls=0.4105 cme=2.1742 acc=0.9883 cells=158379
[ct_train] rechunked train graphs (seed=180)

=== Epoch 180/1000 ===
[train] loss=4.9714 cls=0.4106 cme=2.1747 acc=0.9881 cells=158379
[val]   loss=5.0773 eval=2.6438 cls=0.4219 cme=2.2219 acc=0.9765 cells=118036
[ct_train] early_stopping: no improve on val/eval_loss for 11/24 val checks
[ct_train] rechunked train graphs (seed=181)

=== Epoch 181/1000 ===
[train] loss=4.9655 cls=0.4112 cme=2.1714 acc=0.9881 cells=158379
[ct_train] rechunked train graphs (seed=182)

=== Epoch 182/1000 ===
[train] loss=4.9729 cls=0.4113 cme=2.1750 acc=0.9879 cells=158379
[val]   loss=5.0765 eval=2.6438 cls=0.4232 cme=2.2206 acc=0.9759 cells=118036
[ct_train] early_stopping: no improve on val/eval_loss for 12/24 val checks
[ct_train] rechunked train graphs (seed=183)

=== Epoch 183/1000 ===
[train] loss=4.9684 cls=0.4099 cme=2.1738 acc=0.9886 cells=158379
[ct_train] rechunked train graphs (seed=184)

=== Epoch 184/1000 ===
[train] loss=4.9618 cls=0.4092 cme=2.1708 acc=0.9887 cells=158379
[val]   loss=5.0897 eval=2.6514 cls=0.4253 cme=2.2261 acc=0.9754 cells=118036
[ct_train] early_stopping: no improve on val/eval_loss for 13/24 val checks
[ct_train] rechunked train graphs (seed=185)

=== Epoch 185/1000 ===
[train] loss=4.9619 cls=0.4092 cme=2.1710 acc=0.9887 cells=158379
[ct_train] rechunked train graphs (seed=186)

=== Epoch 186/1000 ===
[train] loss=4.9635 cls=0.4089 cme=2.1721 acc=0.9888 cells=158379
[val]   loss=5.0781 eval=2.6444 cls=0.4224 cme=2.2220 acc=0.9764 cells=118036
[ct_train] early_stopping: no improve on val/eval_loss for 14/24 val checks
[ct_train] rechunked train graphs (seed=187)

=== Epoch 187/1000 ===
[train] loss=4.9642 cls=0.4080 cme=2.1730 acc=0.9891 cells=158379
[ct_train] rechunked train graphs (seed=188)

=== Epoch 188/1000 ===
[train] loss=4.9611 cls=0.4074 cme=2.1719 acc=0.9894 cells=158379
[val]   loss=5.0772 eval=2.6441 cls=0.4235 cme=2.2206 acc=0.9759 cells=118036
[ct_train] early_stopping: no improve on val/eval_loss for 15/24 val checks
[ct_train] rechunked train graphs (seed=189)

=== Epoch 189/1000 ===
[train] loss=4.9589 cls=0.4079 cme=2.1703 acc=0.9890 cells=158379
[ct_train] rechunked train graphs (seed=190)

=== Epoch 190/1000 ===
[train] loss=4.9648 cls=0.4085 cme=2.1729 acc=0.9888 cells=158379
[val]   loss=5.0806 eval=2.6464 cls=0.4243 cme=2.2221 acc=0.9756 cells=118036
[ct_train] early_stopping: no improve on val/eval_loss for 16/24 val checks
[ct_train] rechunked train graphs (seed=191)

=== Epoch 191/1000 ===
[train] loss=4.9596 cls=0.4078 cme=2.1709 acc=0.9891 cells=158379
[ct_train] rechunked train graphs (seed=192)

=== Epoch 192/1000 ===
[train] loss=4.9637 cls=0.4082 cme=2.1727 acc=0.9890 cells=158379
[val]   loss=5.0767 eval=2.6441 cls=0.4242 cme=2.2199 acc=0.9759 cells=118036
[ct_train] early_stopping: no improve on val/eval_loss for 17/24 val checks
[ct_train] rechunked train graphs (seed=193)

=== Epoch 193/1000 ===
[train] loss=4.9581 cls=0.4071 cme=2.1707 acc=0.9892 cells=158379
[ct_train] rechunked train graphs (seed=194)

=== Epoch 194/1000 ===
[train] loss=4.9579 cls=0.4068 cme=2.1708 acc=0.9894 cells=158379
[val]   loss=5.0776 eval=2.6445 cls=0.4232 cme=2.2214 acc=0.9762 cells=118036
[ct_train] early_stopping: no improve on val/eval_loss for 18/24 val checks
[ct_train] rechunked train graphs (seed=195)

=== Epoch 195/1000 ===
[train] loss=4.9577 cls=0.4066 cme=2.1708 acc=0.9896 cells=158379
[ct_train] rechunked train graphs (seed=196)

=== Epoch 196/1000 ===
[train] loss=4.9548 cls=0.4061 cme=2.1697 acc=0.9897 cells=158379
[val]   loss=5.0842 eval=2.6485 cls=0.4257 cme=2.2227 acc=0.9757 cells=118036
[ct_train] early_stopping: no improve on val/eval_loss for 19/24 val checks
[ct_train] rechunked train graphs (seed=197)

=== Epoch 197/1000 ===
[train] loss=4.9643 cls=0.4061 cme=2.1747 acc=0.9897 cells=158379
[ct_train] rechunked train graphs (seed=198)

=== Epoch 198/1000 ===
[train] loss=4.9553 cls=0.4061 cme=2.1701 acc=0.9896 cells=158379
[val]   loss=5.0731 eval=2.6422 cls=0.4242 cme=2.2181 acc=0.9759 cells=118036
[ct_train] early_stopping: no improve on val/eval_loss for 20/24 val checks
[ct_train] rechunked train graphs (seed=199)

=== Epoch 199/1000 ===
[train] loss=4.9541 cls=0.4053 cme=2.1700 acc=0.9900 cells=158379
[ct_train] rechunked train graphs (seed=200)

=== Epoch 200/1000 ===
[train] loss=4.9569 cls=0.4055 cme=2.1713 acc=0.9899 cells=158379
[val]   loss=5.0840 eval=2.6488 cls=0.4261 cme=2.2227 acc=0.9757 cells=118036
[ct_train] early_stopping: no improve on val/eval_loss for 21/24 val checks
[ct_train] rechunked train graphs (seed=201)

=== Epoch 201/1000 ===
[train] loss=4.9551 cls=0.4047 cme=2.1709 acc=0.9901 cells=158379
[ct_train] rechunked train graphs (seed=202)

=== Epoch 202/1000 ===
[train] loss=4.9548 cls=0.4050 cme=2.1707 acc=0.9901 cells=158379
[val]   loss=5.0767 eval=2.6444 cls=0.4249 cme=2.2195 acc=0.9760 cells=118036
[ct_train] early_stopping: no improve on val/eval_loss for 22/24 val checks
[ct_train] rechunked train graphs (seed=203)

=== Epoch 203/1000 ===
[train] loss=4.9492 cls=0.4049 cme=2.1680 acc=0.9901 cells=158379
[ct_train] rechunked train graphs (seed=204)

=== Epoch 204/1000 ===
[train] loss=4.9496 cls=0.4046 cme=2.1684 acc=0.9902 cells=158379
[val]   loss=5.0775 eval=2.6449 cls=0.4245 cme=2.2204 acc=0.9760 cells=118036
[ct_train] early_stopping: no improve on val/eval_loss for 23/24 val checks
[ct_train] rechunked train graphs (seed=205)

=== Epoch 205/1000 ===
[train] loss=4.9523 cls=0.4040 cme=2.1699 acc=0.9903 cells=158379
[ct_train] rechunked train graphs (seed=206)

=== Epoch 206/1000 ===
[train] loss=4.9513 cls=0.4035 cme=2.1698 acc=0.9906 cells=158379
[val]   loss=5.0857 eval=2.6498 cls=0.4280 cme=2.2218 acc=0.9753 cells=118036
[ct_train] early_stopping: no improve on val/eval_loss for 24/24 val checks
[ct_train] early stopping at epoch 206 (patience=24, monitor=val/eval_loss)

[ct_train] done. best_val_acc=0.9765  best_val_eval_loss=2.6422  checkpoints=/home/abel/code/Tissue-Reassembly-using-GenAI-and-new-metrics/exploration/cell_types/outputs/exp014_attn_const  logs=/home/abel/code/Tissue-Reassembly-using-GenAI-and-new-metrics/exploration/cell_types/logs/exp014_attn_const/20260807_203608
wandb: updating run metadata
wandb: uploading output.log; uploading wandb-summary.json; uploading config.yaml
wandb: 
wandb: Run summary:
wandb:                      best_epoch 158
wandb:                    best_val_acc 0.97653
wandb:              best_val_eval_loss 2.64221
wandb:                           epoch 206
wandb:                              lr 0.0002
wandb:           model/parameter_count 1036221
wandb: model/trainable_parameter_count 1036221
wandb:                       train/acc 0.99057
wandb:       train/acc_per_class/Astro 0.99404
wandb:        train/acc_per_class/Endo 0.98832
wandb:                             +54 ...
wandb: 
wandb:  View run exp014_attn_const at: https://wandb.ai/abel-salmona-polytechnique-montr-al/cell_types/runs/cr0bwiwx
wandb:  View project at: https://wandb.ai/abel-salmona-polytechnique-montr-al/cell_types
wandb: Synced 5 W&B file(s), 1 media file(s), 2 artifact file(s) and 1 other file(s)
wandb: Find logs at: ./exploration/cell_types/logs/exp014_attn_const/20260807_203608/wandb/run-20260807_203615-cr0bwiwx/logs
