[ct_train] config=exploration/cell_types/experiments/configs/exp053_clsdrop25.json
[ct_train] device=cuda  checkpoints=/home/abel/code/Tissue-Reassembly-using-GenAI-and-new-metrics/exploration/cell_types/outputs/exp053_clsdrop25
[ct_train] logs=/home/abel/code/Tissue-Reassembly-using-GenAI-and-new-metrics/exploration/cell_types/logs/exp053_clsdrop25/20260807_220403
[ct_train] Loading data …
[DataModule] Reading '/home/abel/biodata/MERFISH_LUNA_small_cortex/MERFISH_mouse_cortex_train.csv' (split=train) with float32 dtype on 254 gene cols + coord cols …
[DataModule] Loaded 158,379 rows for split=train.
[DataModule] Reading '/home/abel/biodata/MERFISH_LUNA_small_cortex/MERFISH_mouse_cortex_test.csv' (split=test) with float32 dtype on 254 gene cols + coord cols …
[DataModule] Loaded 118,036 rows for split=test.
[DataModule] Reading '/home/abel/biodata/MERFISH_LUNA_small_cortex/MERFISH_mouse_cortex_test.csv' (split=validation) with float32 dtype on 254 gene cols + coord cols …
[DataModule] Loaded 118,036 rows for split=validation.
[ct_train] genes=254  classes=23
[ct_train] model predict_cme=True  params=1,272,988
[ct_train] soft CME loaded split=train sigma=96.0 n=158379 C=23
[ct_train] soft CME loaded split=validation sigma=96.0 n=118036 C=23
wandb: [wandb.login()] Loaded credentials for https://api.wandb.ai from /home/abel/.netrc.
wandb: Currently logged in as: abel-salmona (abel-salmona-polytechnique-montr-al) to https://api.wandb.ai. Use `wandb login --relogin` to force relogin
wandb: WARNING Using a boolean value for 'reinit' is deprecated. Use 'return_previous' or 'finish_previous' instead.
wandb: setting up run 2bs8xrsg
wandb: Tracking run with wandb version 0.26.1
wandb: Run data is saved locally in /home/abel/code/Tissue-Reassembly-using-GenAI-and-new-metrics/exploration/cell_types/logs/exp053_clsdrop25/20260807_220403/wandb/run-20260807_220410-2bs8xrsg
wandb: Run `wandb offline` to turn off syncing.
wandb: Syncing run exp053_clsdrop25
wandb:  View project at https://wandb.ai/abel-salmona-polytechnique-montr-al/cell_types
wandb:  View run at https://wandb.ai/abel-salmona-polytechnique-montr-al/cell_types/runs/2bs8xrsg
wandb: WARNING Saving files without folders. If you want to preserve subdirectories pass base_path to wandb.save, i.e. wandb.save("/mnt/folder/file.h5", base_path="/mnt")
wandb: WARNING Symlinked 1 file into the W&B run directory; call wandb.save again to sync new files.
[ct_train] wandb: project=cell_types name=exp053_clsdrop25 mode=online url=https://wandb.ai/abel-salmona-polytechnique-montr-al/cell_types/runs/2bs8xrsg
[ct_train] parameters: total=1,272,988 trainable=1,272,988
  [params] mlp_in_node_features: 26,720
  [params] transformer_layers: 633,600
  [params] type_stage1: 19,072
  [params] env_stage1: 93,056
  [params] type_probe: 1,495
  [params] env_probe: 7,383
  [params] fusion_mlp: 370,656
  [params] type_stage2: 20,567
  [params] env_stage2: 100,439
[ct_train] rechunked train graphs (seed=1)

=== Epoch 1/1000 ===
[train] loss=8.2045 cls=2.6988 cme=2.7528 acc=0.2306 cells=158379
[ct_train] rechunked train graphs (seed=2)

=== Epoch 2/1000 ===
[train] loss=6.9199 cls=1.8571 cme=2.5314 acc=0.6119 cells=158379
[val]   loss=6.2364 eval=3.7812 cls=1.3260 cme=2.4552 acc=0.7544 cells=118036
[ct_train] saved best checkpoint (val_eval_loss=3.7812 val_acc=0.7544)
[ct_train] rechunked train graphs (seed=3)

=== Epoch 3/1000 ===
[train] loss=6.0688 cls=1.2284 cme=2.4202 acc=0.7733 cells=158379
[ct_train] rechunked train graphs (seed=4)

=== Epoch 4/1000 ===
[train] loss=5.6471 cls=0.8997 cme=2.3737 acc=0.8639 cells=158379
[val]   loss=5.4106 eval=3.0478 cls=0.6850 cme=2.3628 acc=0.9127 cells=118036
[ct_train] saved best checkpoint (val_eval_loss=3.0478 val_acc=0.9127)
[ct_train] rechunked train graphs (seed=5)

=== Epoch 5/1000 ===
[train] loss=5.4409 cls=0.7420 cme=2.3494 acc=0.9005 cells=158379
[ct_train] rechunked train graphs (seed=6)

=== Epoch 6/1000 ===
[train] loss=5.3031 cls=0.6518 cme=2.3256 acc=0.9224 cells=158379
[val]   loss=5.1942 eval=2.8705 cls=0.5467 cme=2.3238 acc=0.9425 cells=118036
[ct_train] saved best checkpoint (val_eval_loss=2.8705 val_acc=0.9425)
[ct_train] rechunked train graphs (seed=7)

=== Epoch 7/1000 ===
[train] loss=5.2319 cls=0.6039 cme=2.3140 acc=0.9357 cells=158379
[ct_train] rechunked train graphs (seed=8)

=== Epoch 8/1000 ===
[train] loss=5.1766 cls=0.5756 cme=2.3005 acc=0.9417 cells=158379
[val]   loss=5.1003 eval=2.8017 cls=0.5032 cme=2.2986 acc=0.9518 cells=118036
[ct_train] saved best checkpoint (val_eval_loss=2.8017 val_acc=0.9518)
[ct_train] rechunked train graphs (seed=9)

=== Epoch 9/1000 ===
[train] loss=5.1418 cls=0.5568 cme=2.2925 acc=0.9463 cells=158379
[ct_train] rechunked train graphs (seed=10)

=== Epoch 10/1000 ===
[train] loss=5.1008 cls=0.5415 cme=2.2796 acc=0.9494 cells=158379
[val]   loss=5.0441 eval=2.7623 cls=0.4805 cme=2.2818 acc=0.9578 cells=118036
[ct_train] saved best checkpoint (val_eval_loss=2.7623 val_acc=0.9578)
[ct_train] rechunked train graphs (seed=11)

=== Epoch 11/1000 ===
[train] loss=5.0902 cls=0.5323 cme=2.2789 acc=0.9510 cells=158379
[ct_train] rechunked train graphs (seed=12)

=== Epoch 12/1000 ===
[train] loss=5.0642 cls=0.5230 cme=2.2706 acc=0.9528 cells=158379
[val]   loss=5.0251 eval=2.7483 cls=0.4715 cme=2.2768 acc=0.9598 cells=118036
[ct_train] saved best checkpoint (val_eval_loss=2.7483 val_acc=0.9598)
[ct_train] rechunked train graphs (seed=13)

=== Epoch 13/1000 ===
[train] loss=5.0510 cls=0.5172 cme=2.2669 acc=0.9551 cells=158379
[ct_train] rechunked train graphs (seed=14)

=== Epoch 14/1000 ===
[train] loss=5.0448 cls=0.5104 cme=2.2672 acc=0.9564 cells=158379
[val]   loss=4.9934 eval=2.7290 cls=0.4645 cme=2.2645 acc=0.9618 cells=118036
[ct_train] saved best checkpoint (val_eval_loss=2.7290 val_acc=0.9618)
[ct_train] rechunked train graphs (seed=15)

=== Epoch 15/1000 ===
[train] loss=5.0140 cls=0.5055 cme=2.2542 acc=0.9575 cells=158379
[ct_train] rechunked train graphs (seed=16)

=== Epoch 16/1000 ===
[train] loss=5.0179 cls=0.5014 cme=2.2582 acc=0.9581 cells=158379
[val]   loss=4.9853 eval=2.7227 cls=0.4602 cme=2.2625 acc=0.9627 cells=118036
[ct_train] saved best checkpoint (val_eval_loss=2.7227 val_acc=0.9627)
[ct_train] rechunked train graphs (seed=17)

=== Epoch 17/1000 ===
[train] loss=5.0070 cls=0.4978 cme=2.2546 acc=0.9594 cells=158379
[ct_train] rechunked train graphs (seed=18)

=== Epoch 18/1000 ===
[train] loss=5.0067 cls=0.4955 cme=2.2556 acc=0.9600 cells=158379
[val]   loss=4.9608 eval=2.7082 cls=0.4556 cme=2.2526 acc=0.9641 cells=118036
[ct_train] saved best checkpoint (val_eval_loss=2.7082 val_acc=0.9641)
[ct_train] rechunked train graphs (seed=19)

=== Epoch 19/1000 ===
[train] loss=4.9778 cls=0.4907 cme=2.2435 acc=0.9607 cells=158379
[ct_train] rechunked train graphs (seed=20)

=== Epoch 20/1000 ===
[train] loss=4.9751 cls=0.4881 cme=2.2435 acc=0.9613 cells=158379
[val]   loss=4.9561 eval=2.7039 cls=0.4517 cme=2.2522 acc=0.9649 cells=118036
[ct_train] saved best checkpoint (val_eval_loss=2.7039 val_acc=0.9649)
[ct_train] rechunked train graphs (seed=21)

=== Epoch 21/1000 ===
[train] loss=4.9779 cls=0.4861 cme=2.2459 acc=0.9626 cells=158379
[ct_train] rechunked train graphs (seed=22)

=== Epoch 22/1000 ===
[train] loss=4.9582 cls=0.4816 cme=2.2383 acc=0.9627 cells=158379
[val]   loss=4.9457 eval=2.6972 cls=0.4487 cme=2.2485 acc=0.9660 cells=118036
[ct_train] saved best checkpoint (val_eval_loss=2.6972 val_acc=0.9660)
[ct_train] rechunked train graphs (seed=23)

=== Epoch 23/1000 ===
[train] loss=4.9482 cls=0.4793 cme=2.2344 acc=0.9636 cells=158379
[ct_train] rechunked train graphs (seed=24)

=== Epoch 24/1000 ===
[train] loss=4.9511 cls=0.4767 cme=2.2372 acc=0.9645 cells=158379
[val]   loss=4.9297 eval=2.6864 cls=0.4432 cme=2.2433 acc=0.9672 cells=118036
[ct_train] saved best checkpoint (val_eval_loss=2.6864 val_acc=0.9672)
[ct_train] rechunked train graphs (seed=25)

=== Epoch 25/1000 ===
[train] loss=4.9310 cls=0.4749 cme=2.2280 acc=0.9644 cells=158379
[ct_train] rechunked train graphs (seed=26)

=== Epoch 26/1000 ===
[train] loss=4.9351 cls=0.4705 cme=2.2323 acc=0.9659 cells=158379
[val]   loss=4.9278 eval=2.6838 cls=0.4397 cme=2.2440 acc=0.9679 cells=118036
[ct_train] saved best checkpoint (val_eval_loss=2.6838 val_acc=0.9679)
[ct_train] rechunked train graphs (seed=27)

=== Epoch 27/1000 ===
[train] loss=4.9376 cls=0.4699 cme=2.2338 acc=0.9663 cells=158379
[ct_train] rechunked train graphs (seed=28)

=== Epoch 28/1000 ===
[train] loss=4.9305 cls=0.4682 cme=2.2311 acc=0.9668 cells=158379
[val]   loss=4.9128 eval=2.6764 cls=0.4401 cme=2.2363 acc=0.9679 cells=118036
[ct_train] saved best checkpoint (val_eval_loss=2.6764 val_acc=0.9679)
[ct_train] rechunked train graphs (seed=29)

=== Epoch 29/1000 ===
[train] loss=4.9259 cls=0.4669 cme=2.2295 acc=0.9668 cells=158379
[ct_train] rechunked train graphs (seed=30)

=== Epoch 30/1000 ===
[train] loss=4.9262 cls=0.4649 cme=2.2306 acc=0.9674 cells=158379
[val]   loss=4.9100 eval=2.6730 cls=0.4361 cme=2.2370 acc=0.9688 cells=118036
[ct_train] saved best checkpoint (val_eval_loss=2.6730 val_acc=0.9688)
[ct_train] rechunked train graphs (seed=31)

=== Epoch 31/1000 ===
[train] loss=4.9049 cls=0.4623 cme=2.2213 acc=0.9680 cells=158379
[ct_train] rechunked train graphs (seed=32)

=== Epoch 32/1000 ===
[train] loss=4.9089 cls=0.4610 cme=2.2240 acc=0.9683 cells=158379
[val]   loss=4.8983 eval=2.6662 cls=0.4341 cme=2.2321 acc=0.9696 cells=118036
[ct_train] saved best checkpoint (val_eval_loss=2.6662 val_acc=0.9696)
[ct_train] rechunked train graphs (seed=33)

=== Epoch 33/1000 ===
[train] loss=4.9072 cls=0.4609 cme=2.2232 acc=0.9689 cells=158379
[ct_train] rechunked train graphs (seed=34)

=== Epoch 34/1000 ===
[train] loss=4.9008 cls=0.4588 cme=2.2210 acc=0.9691 cells=158379
[val]   loss=4.9107 eval=2.6732 cls=0.4357 cme=2.2375 acc=0.9694 cells=118036
[ct_train] early_stopping: no improve on val/eval_loss for 1/40 val checks
[ct_train] rechunked train graphs (seed=35)

=== Epoch 35/1000 ===
[train] loss=4.9028 cls=0.4561 cme=2.2234 acc=0.9696 cells=158379
[ct_train] rechunked train graphs (seed=36)

=== Epoch 36/1000 ===
[train] loss=4.9059 cls=0.4562 cme=2.2248 acc=0.9696 cells=158379
[val]   loss=4.8951 eval=2.6636 cls=0.4321 cme=2.2315 acc=0.9698 cells=118036
[ct_train] saved best checkpoint (val_eval_loss=2.6636 val_acc=0.9698)
[ct_train] rechunked train graphs (seed=37)

=== Epoch 37/1000 ===
[train] loss=4.8902 cls=0.4540 cme=2.2181 acc=0.9702 cells=158379
[ct_train] rechunked train graphs (seed=38)

=== Epoch 38/1000 ===
[train] loss=4.8945 cls=0.4560 cme=2.2193 acc=0.9703 cells=158379
[val]   loss=4.8896 eval=2.6609 cls=0.4322 cme=2.2287 acc=0.9700 cells=118036
[ct_train] saved best checkpoint (val_eval_loss=2.6609 val_acc=0.9700)
[ct_train] rechunked train graphs (seed=39)

=== Epoch 39/1000 ===
[train] loss=4.8833 cls=0.4516 cme=2.2159 acc=0.9701 cells=158379
[ct_train] rechunked train graphs (seed=40)

=== Epoch 40/1000 ===
[train] loss=4.8777 cls=0.4511 cme=2.2133 acc=0.9708 cells=158379
[val]   loss=4.8821 eval=2.6552 cls=0.4283 cme=2.2269 acc=0.9709 cells=118036
[ct_train] saved best checkpoint (val_eval_loss=2.6552 val_acc=0.9709)
[ct_train] rechunked train graphs (seed=41)

=== Epoch 41/1000 ===
[train] loss=4.8764 cls=0.4503 cme=2.2130 acc=0.9712 cells=158379
[ct_train] rechunked train graphs (seed=42)

=== Epoch 42/1000 ===
[train] loss=4.8808 cls=0.4492 cme=2.2158 acc=0.9711 cells=158379
[val]   loss=4.8750 eval=2.6510 cls=0.4269 cme=2.2240 acc=0.9711 cells=118036
[ct_train] saved best checkpoint (val_eval_loss=2.6510 val_acc=0.9711)
[ct_train] rechunked train graphs (seed=43)

=== Epoch 43/1000 ===
[train] loss=4.8636 cls=0.4473 cme=2.2082 acc=0.9719 cells=158379
[ct_train] rechunked train graphs (seed=44)

=== Epoch 44/1000 ===
[train] loss=4.8655 cls=0.4468 cme=2.2093 acc=0.9717 cells=158379
[val]   loss=4.8822 eval=2.6548 cls=0.4273 cme=2.2275 acc=0.9711 cells=118036
[ct_train] early_stopping: no improve on val/eval_loss for 1/40 val checks
[ct_train] rechunked train graphs (seed=45)

=== Epoch 45/1000 ===
[train] loss=4.8585 cls=0.4452 cme=2.2067 acc=0.9726 cells=158379
[ct_train] rechunked train graphs (seed=46)

=== Epoch 46/1000 ===
[train] loss=4.8541 cls=0.4453 cme=2.2044 acc=0.9721 cells=158379
[val]   loss=4.8851 eval=2.6561 cls=0.4271 cme=2.2290 acc=0.9708 cells=118036
[ct_train] early_stopping: no improve on val/eval_loss for 2/40 val checks
[ct_train] rechunked train graphs (seed=47)

=== Epoch 47/1000 ===
[train] loss=4.8588 cls=0.4444 cme=2.2072 acc=0.9727 cells=158379
[ct_train] rechunked train graphs (seed=48)

=== Epoch 48/1000 ===
[train] loss=4.8525 cls=0.4432 cme=2.2047 acc=0.9724 cells=158379
[val]   loss=4.8716 eval=2.6483 cls=0.4250 cme=2.2233 acc=0.9716 cells=118036
[ct_train] saved best checkpoint (val_eval_loss=2.6483 val_acc=0.9716)
[ct_train] rechunked train graphs (seed=49)

=== Epoch 49/1000 ===
[train] loss=4.8544 cls=0.4424 cme=2.2060 acc=0.9727 cells=158379
[ct_train] rechunked train graphs (seed=50)

=== Epoch 50/1000 ===
[train] loss=4.8522 cls=0.4414 cme=2.2054 acc=0.9737 cells=158379
[val]   loss=4.8689 eval=2.6464 cls=0.4238 cme=2.2225 acc=0.9720 cells=118036
[ct_train] saved best checkpoint (val_eval_loss=2.6464 val_acc=0.9720)
[ct_train] rechunked train graphs (seed=51)

=== Epoch 51/1000 ===
[train] loss=4.8460 cls=0.4399 cme=2.2031 acc=0.9735 cells=158379
[ct_train] rechunked train graphs (seed=52)

=== Epoch 52/1000 ===
[train] loss=4.8481 cls=0.4402 cme=2.2040 acc=0.9731 cells=158379
[val]   loss=4.8688 eval=2.6466 cls=0.4244 cme=2.2222 acc=0.9715 cells=118036
[ct_train] early_stopping: no improve on val/eval_loss for 1/40 val checks
[ct_train] rechunked train graphs (seed=53)

=== Epoch 53/1000 ===
[train] loss=4.8411 cls=0.4401 cme=2.2005 acc=0.9738 cells=158379
[ct_train] rechunked train graphs (seed=54)

=== Epoch 54/1000 ===
[train] loss=4.8440 cls=0.4387 cme=2.2026 acc=0.9738 cells=158379
[val]   loss=4.8752 eval=2.6493 cls=0.4234 cme=2.2259 acc=0.9723 cells=118036
[ct_train] early_stopping: no improve on val/eval_loss for 2/40 val checks
[ct_train] rechunked train graphs (seed=55)

=== Epoch 55/1000 ===
[train] loss=4.8453 cls=0.4380 cme=2.2036 acc=0.9743 cells=158379
[ct_train] rechunked train graphs (seed=56)

=== Epoch 56/1000 ===
[train] loss=4.8479 cls=0.4375 cme=2.2052 acc=0.9741 cells=158379
[val]   loss=4.8700 eval=2.6461 cls=0.4222 cme=2.2239 acc=0.9725 cells=118036
[ct_train] saved best checkpoint (val_eval_loss=2.6461 val_acc=0.9725)
[ct_train] early_stopping: no improve on val/eval_loss for 3/40 val checks
[ct_train] rechunked train graphs (seed=57)

=== Epoch 57/1000 ===
[train] loss=4.8391 cls=0.4373 cme=2.2009 acc=0.9743 cells=158379
[ct_train] rechunked train graphs (seed=58)

=== Epoch 58/1000 ===
[train] loss=4.8495 cls=0.4377 cme=2.2059 acc=0.9745 cells=158379
[val]   loss=4.8693 eval=2.6452 cls=0.4212 cme=2.2240 acc=0.9725 cells=118036
[ct_train] saved best checkpoint (val_eval_loss=2.6452 val_acc=0.9725)
[ct_train] rechunked train graphs (seed=59)

=== Epoch 59/1000 ===
[train] loss=4.8354 cls=0.4347 cme=2.2004 acc=0.9748 cells=158379
[ct_train] rechunked train graphs (seed=60)

=== Epoch 60/1000 ===
[train] loss=4.8347 cls=0.4343 cme=2.2002 acc=0.9750 cells=158379
[val]   loss=4.8593 eval=2.6395 cls=0.4198 cme=2.2198 acc=0.9729 cells=118036
[ct_train] saved best checkpoint (val_eval_loss=2.6395 val_acc=0.9729)
[ct_train] rechunked train graphs (seed=61)

=== Epoch 61/1000 ===
[train] loss=4.8324 cls=0.4363 cme=2.1981 acc=0.9740 cells=158379
[ct_train] rechunked train graphs (seed=62)

=== Epoch 62/1000 ===
[train] loss=4.8281 cls=0.4340 cme=2.1971 acc=0.9753 cells=158379
[val]   loss=4.8661 eval=2.6438 cls=0.4215 cme=2.2223 acc=0.9727 cells=118036
[ct_train] early_stopping: no improve on val/eval_loss for 1/40 val checks
[ct_train] rechunked train graphs (seed=63)

=== Epoch 63/1000 ===
[train] loss=4.8313 cls=0.4334 cme=2.1990 acc=0.9754 cells=158379
[ct_train] rechunked train graphs (seed=64)

=== Epoch 64/1000 ===
[train] loss=4.8242 cls=0.4335 cme=2.1953 acc=0.9755 cells=158379
[val]   loss=4.8521 eval=2.6357 cls=0.4192 cme=2.2164 acc=0.9733 cells=118036
[ct_train] saved best checkpoint (val_eval_loss=2.6357 val_acc=0.9733)
[ct_train] rechunked train graphs (seed=65)

=== Epoch 65/1000 ===
[train] loss=4.8258 cls=0.4319 cme=2.1969 acc=0.9758 cells=158379
[ct_train] rechunked train graphs (seed=66)

=== Epoch 66/1000 ===
[train] loss=4.8331 cls=0.4327 cme=2.2002 acc=0.9754 cells=158379
[val]   loss=4.8661 eval=2.6432 cls=0.4203 cme=2.2229 acc=0.9729 cells=118036
[ct_train] early_stopping: no improve on val/eval_loss for 1/40 val checks
[ct_train] rechunked train graphs (seed=67)

=== Epoch 67/1000 ===
[train] loss=4.8178 cls=0.4310 cme=2.1934 acc=0.9759 cells=158379
[ct_train] rechunked train graphs (seed=68)

=== Epoch 68/1000 ===
[train] loss=4.8135 cls=0.4300 cme=2.1917 acc=0.9761 cells=158379
[val]   loss=4.8615 eval=2.6412 cls=0.4209 cme=2.2203 acc=0.9728 cells=118036
[ct_train] early_stopping: no improve on val/eval_loss for 2/40 val checks
[ct_train] rechunked train graphs (seed=69)

=== Epoch 69/1000 ===
[train] loss=4.8157 cls=0.4310 cme=2.1924 acc=0.9763 cells=158379
[ct_train] rechunked train graphs (seed=70)

=== Epoch 70/1000 ===
[train] loss=4.8193 cls=0.4295 cme=2.1949 acc=0.9768 cells=158379
[val]   loss=4.8520 eval=2.6349 cls=0.4177 cme=2.2171 acc=0.9735 cells=118036
[ct_train] saved best checkpoint (val_eval_loss=2.6349 val_acc=0.9735)
[ct_train] rechunked train graphs (seed=71)

=== Epoch 71/1000 ===
[train] loss=4.8059 cls=0.4276 cme=2.1891 acc=0.9767 cells=158379
[ct_train] rechunked train graphs (seed=72)

=== Epoch 72/1000 ===
[train] loss=4.8066 cls=0.4275 cme=2.1896 acc=0.9767 cells=158379
[val]   loss=4.8536 eval=2.6368 cls=0.4200 cme=2.2168 acc=0.9735 cells=118036
[ct_train] early_stopping: no improve on val/eval_loss for 1/40 val checks
[ct_train] rechunked train graphs (seed=73)

=== Epoch 73/1000 ===
[train] loss=4.7945 cls=0.4269 cme=2.1838 acc=0.9768 cells=158379
[ct_train] rechunked train graphs (seed=74)

=== Epoch 74/1000 ===
[train] loss=4.8024 cls=0.4269 cme=2.1877 acc=0.9770 cells=158379
[val]   loss=4.8577 eval=2.6377 cls=0.4177 cme=2.2200 acc=0.9735 cells=118036
[ct_train] early_stopping: no improve on val/eval_loss for 2/40 val checks
[ct_train] rechunked train graphs (seed=75)

=== Epoch 75/1000 ===
[train] loss=4.8120 cls=0.4282 cme=2.1919 acc=0.9775 cells=158379
[ct_train] rechunked train graphs (seed=76)

=== Epoch 76/1000 ===
[train] loss=4.8009 cls=0.4269 cme=2.1870 acc=0.9767 cells=158379
[val]   loss=4.8500 eval=2.6343 cls=0.4187 cme=2.2157 acc=0.9730 cells=118036
[ct_train] saved best checkpoint (val_eval_loss=2.6343 val_acc=0.9735)
[ct_train] rechunked train graphs (seed=77)

=== Epoch 77/1000 ===
[train] loss=4.8005 cls=0.4255 cme=2.1875 acc=0.9771 cells=158379
[ct_train] rechunked train graphs (seed=78)

=== Epoch 78/1000 ===
[train] loss=4.8059 cls=0.4262 cme=2.1899 acc=0.9772 cells=158379
[val]   loss=4.8480 eval=2.6332 cls=0.4184 cme=2.2148 acc=0.9731 cells=118036
[ct_train] saved best checkpoint (val_eval_loss=2.6332 val_acc=0.9735)
[ct_train] rechunked train graphs (seed=79)

=== Epoch 79/1000 ===
[train] loss=4.8027 cls=0.4251 cme=2.1888 acc=0.9774 cells=158379
[ct_train] rechunked train graphs (seed=80)

=== Epoch 80/1000 ===
[train] loss=4.8038 cls=0.4242 cme=2.1898 acc=0.9779 cells=158379
[val]   loss=4.8442 eval=2.6304 cls=0.4165 cme=2.2138 acc=0.9738 cells=118036
[ct_train] saved best checkpoint (val_eval_loss=2.6304 val_acc=0.9738)
[ct_train] rechunked train graphs (seed=81)

=== Epoch 81/1000 ===
[train] loss=4.8074 cls=0.4250 cme=2.1912 acc=0.9783 cells=158379
[ct_train] rechunked train graphs (seed=82)

=== Epoch 82/1000 ===
[train] loss=4.7952 cls=0.4228 cme=2.1862 acc=0.9782 cells=158379
[val]   loss=4.8498 eval=2.6328 cls=0.4157 cme=2.2170 acc=0.9743 cells=118036
[ct_train] early_stopping: no improve on val/eval_loss for 1/40 val checks
[ct_train] rechunked train graphs (seed=83)

=== Epoch 83/1000 ===
[train] loss=4.7917 cls=0.4224 cme=2.1846 acc=0.9784 cells=158379
[ct_train] rechunked train graphs (seed=84)

=== Epoch 84/1000 ===
[train] loss=4.7886 cls=0.4216 cme=2.1835 acc=0.9786 cells=158379
[val]   loss=4.8400 eval=2.6279 cls=0.4158 cme=2.2121 acc=0.9745 cells=118036
[ct_train] saved best checkpoint (val_eval_loss=2.6279 val_acc=0.9745)
[ct_train] rechunked train graphs (seed=85)

=== Epoch 85/1000 ===
[train] loss=4.7916 cls=0.4219 cme=2.1849 acc=0.9791 cells=158379
[ct_train] rechunked train graphs (seed=86)

=== Epoch 86/1000 ===
[train] loss=4.7826 cls=0.4205 cme=2.1811 acc=0.9789 cells=158379
[val]   loss=4.8498 eval=2.6325 cls=0.4152 cme=2.2173 acc=0.9746 cells=118036
[ct_train] early_stopping: no improve on val/eval_loss for 1/40 val checks
[ct_train] rechunked train graphs (seed=87)

=== Epoch 87/1000 ===
[train] loss=4.7965 cls=0.4208 cme=2.1878 acc=0.9790 cells=158379
[ct_train] rechunked train graphs (seed=88)

=== Epoch 88/1000 ===
[train] loss=4.7909 cls=0.4203 cme=2.1853 acc=0.9792 cells=158379
[val]   loss=4.8406 eval=2.6281 cls=0.4156 cme=2.2125 acc=0.9743 cells=118036
[ct_train] early_stopping: no improve on val/eval_loss for 2/40 val checks
[ct_train] rechunked train graphs (seed=89)

=== Epoch 89/1000 ===
[train] loss=4.7798 cls=0.4192 cme=2.1803 acc=0.9794 cells=158379
[ct_train] rechunked train graphs (seed=90)

=== Epoch 90/1000 ===
[train] loss=4.7933 cls=0.4195 cme=2.1869 acc=0.9792 cells=158379
[val]   loss=4.8417 eval=2.6288 cls=0.4158 cme=2.2130 acc=0.9742 cells=118036
[ct_train] early_stopping: no improve on val/eval_loss for 3/40 val checks
[ct_train] rechunked train graphs (seed=91)

=== Epoch 91/1000 ===
[train] loss=4.7814 cls=0.4197 cme=2.1808 acc=0.9788 cells=158379
[ct_train] rechunked train graphs (seed=92)

=== Epoch 92/1000 ===
[train] loss=4.7802 cls=0.4202 cme=2.1800 acc=0.9787 cells=158379
[val]   loss=4.8346 eval=2.6246 cls=0.4146 cme=2.2100 acc=0.9749 cells=118036
[ct_train] saved best checkpoint (val_eval_loss=2.6246 val_acc=0.9749)
[ct_train] rechunked train graphs (seed=93)

=== Epoch 93/1000 ===
[train] loss=4.7883 cls=0.4197 cme=2.1843 acc=0.9793 cells=158379
[ct_train] rechunked train graphs (seed=94)

=== Epoch 94/1000 ===
[train] loss=4.7808 cls=0.4187 cme=2.1811 acc=0.9796 cells=158379
[val]   loss=4.8469 eval=2.6313 cls=0.4157 cme=2.2156 acc=0.9743 cells=118036
[ct_train] early_stopping: no improve on val/eval_loss for 1/40 val checks
[ct_train] rechunked train graphs (seed=95)

=== Epoch 95/1000 ===
[train] loss=4.7900 cls=0.4187 cme=2.1857 acc=0.9795 cells=158379
[ct_train] rechunked train graphs (seed=96)

=== Epoch 96/1000 ===
[train] loss=4.7853 cls=0.4169 cme=2.1842 acc=0.9798 cells=158379
[val]   loss=4.8346 eval=2.6246 cls=0.4147 cme=2.2100 acc=0.9747 cells=118036
[ct_train] early_stopping: no improve on val/eval_loss for 2/40 val checks
[ct_train] rechunked train graphs (seed=97)

=== Epoch 97/1000 ===
[train] loss=4.7708 cls=0.4171 cme=2.1768 acc=0.9796 cells=158379
[ct_train] rechunked train graphs (seed=98)

=== Epoch 98/1000 ===
[train] loss=4.7759 cls=0.4168 cme=2.1795 acc=0.9800 cells=158379
[val]   loss=4.8490 eval=2.6311 cls=0.4133 cme=2.2178 acc=0.9752 cells=118036
[ct_train] early_stopping: no improve on val/eval_loss for 3/40 val checks
[ct_train] rechunked train graphs (seed=99)

=== Epoch 99/1000 ===
[train] loss=4.7721 cls=0.4159 cme=2.1781 acc=0.9803 cells=158379
[ct_train] rechunked train graphs (seed=100)

=== Epoch 100/1000 ===
[train] loss=4.7708 cls=0.4154 cme=2.1777 acc=0.9803 cells=158379
[val]   loss=4.8373 eval=2.6258 cls=0.4144 cme=2.2115 acc=0.9746 cells=118036
[ct_train] early_stopping: no improve on val/eval_loss for 4/40 val checks
[ct_train] rechunked train graphs (seed=101)

=== Epoch 101/1000 ===
[train] loss=4.7725 cls=0.4150 cme=2.1787 acc=0.9808 cells=158379
[ct_train] rechunked train graphs (seed=102)

=== Epoch 102/1000 ===
[train] loss=4.7679 cls=0.4165 cme=2.1757 acc=0.9804 cells=158379
[val]   loss=4.8374 eval=2.6261 cls=0.4148 cme=2.2113 acc=0.9746 cells=118036
[ct_train] early_stopping: no improve on val/eval_loss for 5/40 val checks
[ct_train] rechunked train graphs (seed=103)

=== Epoch 103/1000 ===
[train] loss=4.7711 cls=0.4157 cme=2.1777 acc=0.9799 cells=158379
[ct_train] rechunked train graphs (seed=104)

=== Epoch 104/1000 ===
[train] loss=4.7815 cls=0.4157 cme=2.1829 acc=0.9803 cells=158379
[val]   loss=4.8343 eval=2.6245 cls=0.4147 cme=2.2098 acc=0.9745 cells=118036
[ct_train] saved best checkpoint (val_eval_loss=2.6245 val_acc=0.9752)
[ct_train] early_stopping: no improve on val/eval_loss for 6/40 val checks
[ct_train] rechunked train graphs (seed=105)

=== Epoch 105/1000 ===
[train] loss=4.7634 cls=0.4143 cme=2.1746 acc=0.9804 cells=158379
[ct_train] rechunked train graphs (seed=106)

=== Epoch 106/1000 ===
[train] loss=4.7533 cls=0.4146 cme=2.1694 acc=0.9804 cells=158379
[val]   loss=4.8358 eval=2.6242 cls=0.4126 cme=2.2116 acc=0.9747 cells=118036
[ct_train] saved best checkpoint (val_eval_loss=2.6242 val_acc=0.9752)
[ct_train] rechunked train graphs (seed=107)

=== Epoch 107/1000 ===
[train] loss=4.7601 cls=0.4146 cme=2.1727 acc=0.9804 cells=158379
[ct_train] rechunked train graphs (seed=108)

=== Epoch 108/1000 ===
[train] loss=4.7493 cls=0.4122 cme=2.1685 acc=0.9813 cells=158379
[val]   loss=4.8356 eval=2.6245 cls=0.4133 cme=2.2111 acc=0.9751 cells=118036
[ct_train] early_stopping: no improve on val/eval_loss for 1/40 val checks
[ct_train] rechunked train graphs (seed=109)

=== Epoch 109/1000 ===
[train] loss=4.7587 cls=0.4123 cme=2.1732 acc=0.9816 cells=158379
[ct_train] rechunked train graphs (seed=110)

=== Epoch 110/1000 ===
[train] loss=4.7595 cls=0.4118 cme=2.1739 acc=0.9818 cells=158379
[val]   loss=4.8355 eval=2.6248 cls=0.4140 cme=2.2108 acc=0.9750 cells=118036
[ct_train] early_stopping: no improve on val/eval_loss for 2/40 val checks
[ct_train] rechunked train graphs (seed=111)

=== Epoch 111/1000 ===
[train] loss=4.7659 cls=0.4124 cme=2.1768 acc=0.9813 cells=158379
[ct_train] rechunked train graphs (seed=112)

=== Epoch 112/1000 ===
[train] loss=4.7576 cls=0.4124 cme=2.1726 acc=0.9812 cells=158379
[val]   loss=4.8320 eval=2.6241 cls=0.4163 cme=2.2078 acc=0.9742 cells=118036
[ct_train] saved best checkpoint (val_eval_loss=2.6241 val_acc=0.9752)
[ct_train] early_stopping: no improve on val/eval_loss for 3/40 val checks
[ct_train] rechunked train graphs (seed=113)

=== Epoch 113/1000 ===
[train] loss=4.7615 cls=0.4122 cme=2.1747 acc=0.9812 cells=158379
[ct_train] rechunked train graphs (seed=114)

=== Epoch 114/1000 ===
[train] loss=4.7494 cls=0.4111 cme=2.1691 acc=0.9817 cells=158379
[val]   loss=4.8428 eval=2.6283 cls=0.4139 cme=2.2144 acc=0.9751 cells=118036
[ct_train] early_stopping: no improve on val/eval_loss for 4/40 val checks
[ct_train] rechunked train graphs (seed=115)

=== Epoch 115/1000 ===
[train] loss=4.7607 cls=0.4118 cme=2.1745 acc=0.9816 cells=158379
[ct_train] rechunked train graphs (seed=116)

=== Epoch 116/1000 ===
[train] loss=4.7424 cls=0.4103 cme=2.1660 acc=0.9818 cells=158379
[val]   loss=4.8351 eval=2.6250 cls=0.4150 cme=2.2100 acc=0.9748 cells=118036
[ct_train] early_stopping: no improve on val/eval_loss for 5/40 val checks
[ct_train] rechunked train graphs (seed=117)

=== Epoch 117/1000 ===
[train] loss=4.7560 cls=0.4109 cme=2.1726 acc=0.9815 cells=158379
[ct_train] rechunked train graphs (seed=118)

=== Epoch 118/1000 ===
[train] loss=4.7604 cls=0.4108 cme=2.1748 acc=0.9822 cells=158379
[val]   loss=4.8395 eval=2.6279 cls=0.4162 cme=2.2116 acc=0.9743 cells=118036
[ct_train] early_stopping: no improve on val/eval_loss for 6/40 val checks
[ct_train] rechunked train graphs (seed=119)

=== Epoch 119/1000 ===
[train] loss=4.7554 cls=0.4095 cme=2.1730 acc=0.9823 cells=158379
[ct_train] rechunked train graphs (seed=120)

=== Epoch 120/1000 ===
[train] loss=4.7549 cls=0.4095 cme=2.1727 acc=0.9822 cells=158379
[val]   loss=4.8540 eval=2.6340 cls=0.4139 cme=2.2201 acc=0.9752 cells=118036
[ct_train] early_stopping: no improve on val/eval_loss for 7/40 val checks
[ct_train] rechunked train graphs (seed=121)

=== Epoch 121/1000 ===
[train] loss=4.7521 cls=0.4091 cme=2.1715 acc=0.9823 cells=158379
[ct_train] rechunked train graphs (seed=122)

=== Epoch 122/1000 ===
[train] loss=4.7486 cls=0.4090 cme=2.1698 acc=0.9822 cells=158379
[val]   loss=4.8330 eval=2.6236 cls=0.4143 cme=2.2093 acc=0.9749 cells=118036
[ct_train] saved best checkpoint (val_eval_loss=2.6236 val_acc=0.9752)
[ct_train] rechunked train graphs (seed=123)

=== Epoch 123/1000 ===
[train] loss=4.7512 cls=0.4090 cme=2.1711 acc=0.9826 cells=158379
[ct_train] rechunked train graphs (seed=124)

=== Epoch 124/1000 ===
[train] loss=4.7439 cls=0.4079 cme=2.1680 acc=0.9829 cells=158379
[val]   loss=4.8313 eval=2.6223 cls=0.4133 cme=2.2090 acc=0.9754 cells=118036
[ct_train] saved best checkpoint (val_eval_loss=2.6223 val_acc=0.9754)
[ct_train] rechunked train graphs (seed=125)

=== Epoch 125/1000 ===
[train] loss=4.7517 cls=0.4086 cme=2.1716 acc=0.9825 cells=158379
[ct_train] rechunked train graphs (seed=126)

=== Epoch 126/1000 ===
[train] loss=4.7467 cls=0.4084 cme=2.1691 acc=0.9826 cells=158379
[val]   loss=4.8332 eval=2.6236 cls=0.4139 cme=2.2096 acc=0.9751 cells=118036
[ct_train] early_stopping: no improve on val/eval_loss for 1/40 val checks
[ct_train] rechunked train graphs (seed=127)

=== Epoch 127/1000 ===
[train] loss=4.7575 cls=0.4086 cme=2.1744 acc=0.9822 cells=158379
[ct_train] rechunked train graphs (seed=128)

=== Epoch 128/1000 ===
[train] loss=4.7560 cls=0.4085 cme=2.1738 acc=0.9825 cells=158379
[val]   loss=4.8326 eval=2.6234 cls=0.4142 cme=2.2092 acc=0.9746 cells=118036
[ct_train] early_stopping: no improve on val/eval_loss for 2/40 val checks
[ct_train] rechunked train graphs (seed=129)

=== Epoch 129/1000 ===
[train] loss=4.7442 cls=0.4074 cme=2.1684 acc=0.9831 cells=158379
[ct_train] rechunked train graphs (seed=130)

=== Epoch 130/1000 ===
[train] loss=4.7495 cls=0.4077 cme=2.1709 acc=0.9829 cells=158379
[val]   loss=4.8272 eval=2.6204 cls=0.4136 cme=2.2068 acc=0.9751 cells=118036
[ct_train] saved best checkpoint (val_eval_loss=2.6204 val_acc=0.9754)
[ct_train] rechunked train graphs (seed=131)

=== Epoch 131/1000 ===
[train] loss=4.7387 cls=0.4063 cme=2.1662 acc=0.9832 cells=158379
[ct_train] rechunked train graphs (seed=132)

=== Epoch 132/1000 ===
[train] loss=4.7371 cls=0.4064 cme=2.1653 acc=0.9832 cells=158379
[val]   loss=4.8281 eval=2.6205 cls=0.4130 cme=2.2075 acc=0.9756 cells=118036
[ct_train] early_stopping: no improve on val/eval_loss for 1/40 val checks
[ct_train] rechunked train graphs (seed=133)

=== Epoch 133/1000 ===
[train] loss=4.7348 cls=0.4061 cme=2.1643 acc=0.9835 cells=158379
[ct_train] rechunked train graphs (seed=134)

=== Epoch 134/1000 ===
[train] loss=4.7297 cls=0.4048 cme=2.1625 acc=0.9837 cells=158379
[val]   loss=4.8327 eval=2.6230 cls=0.4134 cme=2.2097 acc=0.9753 cells=118036
[ct_train] early_stopping: no improve on val/eval_loss for 2/40 val checks
[ct_train] rechunked train graphs (seed=135)

=== Epoch 135/1000 ===
[train] loss=4.7353 cls=0.4053 cme=2.1650 acc=0.9832 cells=158379
[ct_train] rechunked train graphs (seed=136)

=== Epoch 136/1000 ===
[train] loss=4.7297 cls=0.4054 cme=2.1622 acc=0.9835 cells=158379
[val]   loss=4.8315 eval=2.6229 cls=0.4143 cme=2.2086 acc=0.9748 cells=118036
[ct_train] early_stopping: no improve on val/eval_loss for 3/40 val checks
[ct_train] rechunked train graphs (seed=137)

=== Epoch 137/1000 ===
[train] loss=4.7337 cls=0.4055 cme=2.1641 acc=0.9831 cells=158379
[ct_train] rechunked train graphs (seed=138)

=== Epoch 138/1000 ===
[train] loss=4.7341 cls=0.4061 cme=2.1640 acc=0.9832 cells=158379
[val]   loss=4.8343 eval=2.6241 cls=0.4139 cme=2.2102 acc=0.9744 cells=118036
[ct_train] early_stopping: no improve on val/eval_loss for 4/40 val checks
[ct_train] rechunked train graphs (seed=139)

=== Epoch 139/1000 ===
[train] loss=4.7337 cls=0.4043 cme=2.1647 acc=0.9837 cells=158379
[ct_train] rechunked train graphs (seed=140)

=== Epoch 140/1000 ===
[train] loss=4.7277 cls=0.4048 cme=2.1615 acc=0.9835 cells=158379
[val]   loss=4.8370 eval=2.6262 cls=0.4154 cme=2.2108 acc=0.9742 cells=118036
[ct_train] early_stopping: no improve on val/eval_loss for 5/40 val checks
[ct_train] rechunked train graphs (seed=141)

=== Epoch 141/1000 ===
[train] loss=4.7373 cls=0.4052 cme=2.1661 acc=0.9837 cells=158379
[ct_train] rechunked train graphs (seed=142)

=== Epoch 142/1000 ===
[train] loss=4.7253 cls=0.4039 cme=2.1607 acc=0.9841 cells=158379
[val]   loss=4.8313 eval=2.6219 cls=0.4126 cme=2.2094 acc=0.9754 cells=118036
[ct_train] early_stopping: no improve on val/eval_loss for 6/40 val checks
[ct_train] rechunked train graphs (seed=143)

=== Epoch 143/1000 ===
[train] loss=4.7263 cls=0.4022 cme=2.1620 acc=0.9844 cells=158379
[ct_train] rechunked train graphs (seed=144)

=== Epoch 144/1000 ===
[train] loss=4.7370 cls=0.4026 cme=2.1672 acc=0.9845 cells=158379
[val]   loss=4.8508 eval=2.6313 cls=0.4118 cme=2.2195 acc=0.9754 cells=118036
[ct_train] early_stopping: no improve on val/eval_loss for 7/40 val checks
[ct_train] rechunked train graphs (seed=145)

=== Epoch 145/1000 ===
[train] loss=4.7335 cls=0.4024 cme=2.1655 acc=0.9845 cells=158379
[ct_train] rechunked train graphs (seed=146)

=== Epoch 146/1000 ===
[train] loss=4.7359 cls=0.4021 cme=2.1669 acc=0.9848 cells=158379
[val]   loss=4.8253 eval=2.6194 cls=0.4134 cme=2.2060 acc=0.9753 cells=118036
[ct_train] saved best checkpoint (val_eval_loss=2.6194 val_acc=0.9756)
[ct_train] rechunked train graphs (seed=147)

=== Epoch 147/1000 ===
[train] loss=4.7351 cls=0.4011 cme=2.1670 acc=0.9851 cells=158379
[ct_train] rechunked train graphs (seed=148)

=== Epoch 148/1000 ===
[train] loss=4.7147 cls=0.4015 cme=2.1566 acc=0.9845 cells=158379
[val]   loss=4.8378 eval=2.6261 cls=0.4145 cme=2.2116 acc=0.9748 cells=118036
[ct_train] early_stopping: no improve on val/eval_loss for 1/40 val checks
[ct_train] rechunked train graphs (seed=149)

=== Epoch 149/1000 ===
[train] loss=4.7265 cls=0.4019 cme=2.1623 acc=0.9846 cells=158379
[ct_train] rechunked train graphs (seed=150)

=== Epoch 150/1000 ===
[train] loss=4.7296 cls=0.4010 cme=2.1643 acc=0.9847 cells=158379
[val]   loss=4.8270 eval=2.6211 cls=0.4151 cme=2.2060 acc=0.9747 cells=118036
[ct_train] early_stopping: no improve on val/eval_loss for 2/40 val checks
[ct_train] rechunked train graphs (seed=151)

=== Epoch 151/1000 ===
[train] loss=4.7243 cls=0.4011 cme=2.1616 acc=0.9850 cells=158379
[ct_train] rechunked train graphs (seed=152)

=== Epoch 152/1000 ===
[train] loss=4.7291 cls=0.4006 cme=2.1643 acc=0.9851 cells=158379
[val]   loss=4.8317 eval=2.6231 cls=0.4145 cme=2.2086 acc=0.9752 cells=118036
[ct_train] early_stopping: no improve on val/eval_loss for 3/40 val checks
[ct_train] rechunked train graphs (seed=153)

=== Epoch 153/1000 ===
[train] loss=4.7194 cls=0.3996 cme=2.1599 acc=0.9852 cells=158379
[ct_train] rechunked train graphs (seed=154)

=== Epoch 154/1000 ===
[train] loss=4.7086 cls=0.4002 cme=2.1542 acc=0.9852 cells=158379
[val]   loss=4.8288 eval=2.6217 cls=0.4146 cme=2.2071 acc=0.9747 cells=118036
[ct_train] early_stopping: no improve on val/eval_loss for 4/40 val checks
[ct_train] rechunked train graphs (seed=155)

=== Epoch 155/1000 ===
[train] loss=4.7112 cls=0.3992 cme=2.1560 acc=0.9855 cells=158379
[ct_train] rechunked train graphs (seed=156)

=== Epoch 156/1000 ===
[train] loss=4.7119 cls=0.3990 cme=2.1564 acc=0.9854 cells=158379
[val]   loss=4.8257 eval=2.6208 cls=0.4159 cme=2.2049 acc=0.9747 cells=118036
[ct_train] early_stopping: no improve on val/eval_loss for 5/40 val checks
[ct_train] rechunked train graphs (seed=157)

=== Epoch 157/1000 ===
[train] loss=4.7135 cls=0.3995 cme=2.1570 acc=0.9854 cells=158379
[ct_train] rechunked train graphs (seed=158)

=== Epoch 158/1000 ===
[train] loss=4.7194 cls=0.3992 cme=2.1601 acc=0.9855 cells=158379
[val]   loss=4.8307 eval=2.6219 cls=0.4130 cme=2.2088 acc=0.9757 cells=118036
[ct_train] early_stopping: no improve on val/eval_loss for 6/40 val checks
[ct_train] rechunked train graphs (seed=159)

=== Epoch 159/1000 ===
[train] loss=4.7157 cls=0.4000 cme=2.1579 acc=0.9850 cells=158379
[ct_train] rechunked train graphs (seed=160)

=== Epoch 160/1000 ===
[train] loss=4.7119 cls=0.3991 cme=2.1564 acc=0.9857 cells=158379
[val]   loss=4.8227 eval=2.6184 cls=0.4141 cme=2.2043 acc=0.9753 cells=118036
[ct_train] saved best checkpoint (val_eval_loss=2.6184 val_acc=0.9757)
[ct_train] rechunked train graphs (seed=161)

=== Epoch 161/1000 ===
[train] loss=4.7080 cls=0.3981 cme=2.1549 acc=0.9859 cells=158379
[ct_train] rechunked train graphs (seed=162)

=== Epoch 162/1000 ===
[train] loss=4.7080 cls=0.3977 cme=2.1551 acc=0.9858 cells=158379
[val]   loss=4.8274 eval=2.6202 cls=0.4130 cme=2.2072 acc=0.9753 cells=118036
[ct_train] early_stopping: no improve on val/eval_loss for 1/40 val checks
[ct_train] rechunked train graphs (seed=163)

=== Epoch 163/1000 ===
[train] loss=4.7103 cls=0.3986 cme=2.1558 acc=0.9859 cells=158379
[ct_train] rechunked train graphs (seed=164)

=== Epoch 164/1000 ===
[train] loss=4.7144 cls=0.3979 cme=2.1582 acc=0.9861 cells=158379
[val]   loss=4.8333 eval=2.6241 cls=0.4150 cme=2.2092 acc=0.9751 cells=118036
[ct_train] early_stopping: no improve on val/eval_loss for 2/40 val checks
[ct_train] rechunked train graphs (seed=165)

=== Epoch 165/1000 ===
[train] loss=4.7087 cls=0.3974 cme=2.1557 acc=0.9862 cells=158379
[ct_train] rechunked train graphs (seed=166)

=== Epoch 166/1000 ===
[train] loss=4.6999 cls=0.3972 cme=2.1513 acc=0.9860 cells=158379
[val]   loss=4.8262 eval=2.6205 cls=0.4149 cme=2.2057 acc=0.9752 cells=118036
[ct_train] early_stopping: no improve on val/eval_loss for 3/40 val checks
[ct_train] rechunked train graphs (seed=167)

=== Epoch 167/1000 ===
[train] loss=4.7066 cls=0.3967 cme=2.1550 acc=0.9862 cells=158379
[ct_train] rechunked train graphs (seed=168)

=== Epoch 168/1000 ===
[train] loss=4.7040 cls=0.3965 cme=2.1538 acc=0.9864 cells=158379
[val]   loss=4.8269 eval=2.6204 cls=0.4139 cme=2.2065 acc=0.9753 cells=118036
[ct_train] early_stopping: no improve on val/eval_loss for 4/40 val checks
[ct_train] rechunked train graphs (seed=169)

=== Epoch 169/1000 ===
[train] loss=4.7093 cls=0.3971 cme=2.1561 acc=0.9862 cells=158379
[ct_train] rechunked train graphs (seed=170)

=== Epoch 170/1000 ===
[train] loss=4.7093 cls=0.3960 cme=2.1567 acc=0.9866 cells=158379
[val]   loss=4.8291 eval=2.6214 cls=0.4136 cme=2.2077 acc=0.9759 cells=118036
[ct_train] early_stopping: no improve on val/eval_loss for 5/40 val checks
[ct_train] rechunked train graphs (seed=171)

=== Epoch 171/1000 ===
[train] loss=4.7129 cls=0.3960 cme=2.1585 acc=0.9864 cells=158379
[ct_train] rechunked train graphs (seed=172)

=== Epoch 172/1000 ===
[train] loss=4.7017 cls=0.3965 cme=2.1526 acc=0.9868 cells=158379
[val]   loss=4.8333 eval=2.6233 cls=0.4132 cme=2.2100 acc=0.9755 cells=118036
[ct_train] early_stopping: no improve on val/eval_loss for 6/40 val checks
[ct_train] rechunked train graphs (seed=173)

=== Epoch 173/1000 ===
[train] loss=4.7022 cls=0.3959 cme=2.1532 acc=0.9865 cells=158379
[ct_train] rechunked train graphs (seed=174)

=== Epoch 174/1000 ===
[train] loss=4.7025 cls=0.3956 cme=2.1535 acc=0.9865 cells=158379
[val]   loss=4.8280 eval=2.6219 cls=0.4158 cme=2.2061 acc=0.9752 cells=118036
[ct_train] early_stopping: no improve on val/eval_loss for 7/40 val checks
[ct_train] rechunked train graphs (seed=175)

=== Epoch 175/1000 ===
[train] loss=4.6948 cls=0.3957 cme=2.1496 acc=0.9867 cells=158379
[ct_train] rechunked train graphs (seed=176)

=== Epoch 176/1000 ===
[train] loss=4.6978 cls=0.3952 cme=2.1513 acc=0.9873 cells=158379
[val]   loss=4.8373 eval=2.6258 cls=0.4144 cme=2.2115 acc=0.9754 cells=118036
[ct_train] early_stopping: no improve on val/eval_loss for 8/40 val checks
[ct_train] rechunked train graphs (seed=177)

=== Epoch 177/1000 ===
[train] loss=4.7041 cls=0.3960 cme=2.1540 acc=0.9869 cells=158379
[ct_train] rechunked train graphs (seed=178)

=== Epoch 178/1000 ===
[train] loss=4.6983 cls=0.3946 cme=2.1519 acc=0.9870 cells=158379
[val]   loss=4.8269 eval=2.6206 cls=0.4143 cme=2.2063 acc=0.9752 cells=118036
[ct_train] early_stopping: no improve on val/eval_loss for 9/40 val checks
[ct_train] rechunked train graphs (seed=179)

=== Epoch 179/1000 ===
[train] loss=4.6996 cls=0.3954 cme=2.1521 acc=0.9868 cells=158379
[ct_train] rechunked train graphs (seed=180)

=== Epoch 180/1000 ===
[train] loss=4.7083 cls=0.3949 cme=2.1567 acc=0.9870 cells=158379
[val]   loss=4.8444 eval=2.6310 cls=0.4175 cme=2.2135 acc=0.9750 cells=118036
[ct_train] early_stopping: no improve on val/eval_loss for 10/40 val checks
[ct_train] rechunked train graphs (seed=181)

=== Epoch 181/1000 ===
[train] loss=4.6970 cls=0.3947 cme=2.1512 acc=0.9872 cells=158379
[ct_train] rechunked train graphs (seed=182)

=== Epoch 182/1000 ===
[train] loss=4.7063 cls=0.3940 cme=2.1561 acc=0.9873 cells=158379
[val]   loss=4.8264 eval=2.6202 cls=0.4141 cme=2.2062 acc=0.9758 cells=118036
[ct_train] early_stopping: no improve on val/eval_loss for 11/40 val checks
[ct_train] rechunked train graphs (seed=183)

=== Epoch 183/1000 ===
[train] loss=4.6882 cls=0.3926 cme=2.1478 acc=0.9877 cells=158379
[ct_train] rechunked train graphs (seed=184)

=== Epoch 184/1000 ===
[train] loss=4.6911 cls=0.3940 cme=2.1486 acc=0.9873 cells=158379
[val]   loss=4.8294 eval=2.6227 cls=0.4159 cme=2.2067 acc=0.9753 cells=118036
[ct_train] early_stopping: no improve on val/eval_loss for 12/40 val checks
[ct_train] rechunked train graphs (seed=185)

=== Epoch 185/1000 ===
[train] loss=4.6890 cls=0.3934 cme=2.1478 acc=0.9877 cells=158379
[ct_train] rechunked train graphs (seed=186)

=== Epoch 186/1000 ===
[train] loss=4.7012 cls=0.3938 cme=2.1537 acc=0.9872 cells=158379
[val]   loss=4.8365 eval=2.6265 cls=0.4165 cme=2.2100 acc=0.9753 cells=118036
[ct_train] early_stopping: no improve on val/eval_loss for 13/40 val checks
[ct_train] rechunked train graphs (seed=187)

=== Epoch 187/1000 ===
[train] loss=4.6978 cls=0.3927 cme=2.1525 acc=0.9881 cells=158379
[ct_train] rechunked train graphs (seed=188)

=== Epoch 188/1000 ===
[train] loss=4.7003 cls=0.3919 cme=2.1542 acc=0.9882 cells=158379
[val]   loss=4.8298 eval=2.6224 cls=0.4150 cme=2.2074 acc=0.9753 cells=118036
[ct_train] early_stopping: no improve on val/eval_loss for 14/40 val checks
[ct_train] rechunked train graphs (seed=189)

=== Epoch 189/1000 ===
[train] loss=4.6882 cls=0.3917 cme=2.1483 acc=0.9883 cells=158379
[ct_train] rechunked train graphs (seed=190)

=== Epoch 190/1000 ===
[train] loss=4.6803 cls=0.3916 cme=2.1444 acc=0.9882 cells=158379
[val]   loss=4.8355 eval=2.6267 cls=0.4180 cme=2.2087 acc=0.9748 cells=118036
[ct_train] early_stopping: no improve on val/eval_loss for 15/40 val checks
[ct_train] rechunked train graphs (seed=191)

=== Epoch 191/1000 ===
[train] loss=4.6832 cls=0.3917 cme=2.1458 acc=0.9881 cells=158379
[ct_train] rechunked train graphs (seed=192)

=== Epoch 192/1000 ===
[train] loss=4.6815 cls=0.3917 cme=2.1449 acc=0.9880 cells=158379
[val]   loss=4.8296 eval=2.6229 cls=0.4161 cme=2.2068 acc=0.9753 cells=118036
[ct_train] early_stopping: no improve on val/eval_loss for 16/40 val checks
[ct_train] rechunked train graphs (seed=193)

=== Epoch 193/1000 ===
[train] loss=4.6873 cls=0.3919 cme=2.1477 acc=0.9881 cells=158379
[ct_train] rechunked train graphs (seed=194)

=== Epoch 194/1000 ===
[train] loss=4.6892 cls=0.3913 cme=2.1489 acc=0.9882 cells=158379
[val]   loss=4.8411 eval=2.6297 cls=0.4183 cme=2.2114 acc=0.9750 cells=118036
[ct_train] early_stopping: no improve on val/eval_loss for 17/40 val checks
[ct_train] rechunked train graphs (seed=195)

=== Epoch 195/1000 ===
[train] loss=4.6826 cls=0.3905 cme=2.1461 acc=0.9887 cells=158379
[ct_train] rechunked train graphs (seed=196)

=== Epoch 196/1000 ===
[train] loss=4.6863 cls=0.3904 cme=2.1480 acc=0.9887 cells=158379
[val]   loss=4.8310 eval=2.6234 cls=0.4159 cme=2.2075 acc=0.9755 cells=118036
[ct_train] early_stopping: no improve on val/eval_loss for 18/40 val checks
[ct_train] rechunked train graphs (seed=197)

=== Epoch 197/1000 ===
[train] loss=4.6868 cls=0.3905 cme=2.1482 acc=0.9885 cells=158379
[ct_train] rechunked train graphs (seed=198)

=== Epoch 198/1000 ===
[train] loss=4.6797 cls=0.3898 cme=2.1449 acc=0.9888 cells=158379
[val]   loss=4.8310 eval=2.6238 cls=0.4166 cme=2.2072 acc=0.9753 cells=118036
[ct_train] early_stopping: no improve on val/eval_loss for 19/40 val checks
[ct_train] rechunked train graphs (seed=199)

=== Epoch 199/1000 ===
[train] loss=4.6817 cls=0.3898 cme=2.1460 acc=0.9889 cells=158379
[ct_train] rechunked train graphs (seed=200)

=== Epoch 200/1000 ===
[train] loss=4.6854 cls=0.3911 cme=2.1471 acc=0.9883 cells=158379
[val]   loss=4.8377 eval=2.6286 cls=0.4194 cme=2.2092 acc=0.9746 cells=118036
[ct_train] early_stopping: no improve on val/eval_loss for 20/40 val checks
[ct_train] rechunked train graphs (seed=201)

=== Epoch 201/1000 ===
[train] loss=4.6736 cls=0.3904 cme=2.1416 acc=0.9885 cells=158379
[ct_train] rechunked train graphs (seed=202)

=== Epoch 202/1000 ===
[train] loss=4.6799 cls=0.3897 cme=2.1451 acc=0.9887 cells=158379
[val]   loss=4.8359 eval=2.6261 cls=0.4162 cme=2.2098 acc=0.9753 cells=118036
[ct_train] early_stopping: no improve on val/eval_loss for 21/40 val checks
[ct_train] rechunked train graphs (seed=203)

=== Epoch 203/1000 ===
[train] loss=4.6761 cls=0.3898 cme=2.1432 acc=0.9887 cells=158379
[ct_train] rechunked train graphs (seed=204)

=== Epoch 204/1000 ===
[train] loss=4.6755 cls=0.3894 cme=2.1431 acc=0.9891 cells=158379
[val]   loss=4.8373 eval=2.6267 cls=0.4161 cme=2.2106 acc=0.9757 cells=118036
[ct_train] early_stopping: no improve on val/eval_loss for 22/40 val checks
[ct_train] rechunked train graphs (seed=205)

=== Epoch 205/1000 ===
[train] loss=4.6811 cls=0.3891 cme=2.1460 acc=0.9891 cells=158379
[ct_train] rechunked train graphs (seed=206)

=== Epoch 206/1000 ===
[train] loss=4.6695 cls=0.3886 cme=2.1404 acc=0.9891 cells=158379
[val]   loss=4.8427 eval=2.6312 cls=0.4198 cme=2.2114 acc=0.9746 cells=118036
[ct_train] early_stopping: no improve on val/eval_loss for 23/40 val checks
[ct_train] rechunked train graphs (seed=207)

=== Epoch 207/1000 ===
[train] loss=4.6812 cls=0.3885 cme=2.1464 acc=0.9892 cells=158379
[ct_train] rechunked train graphs (seed=208)

=== Epoch 208/1000 ===
[train] loss=4.6775 cls=0.3884 cme=2.1446 acc=0.9890 cells=158379
[val]   loss=4.8303 eval=2.6238 cls=0.4173 cme=2.2065 acc=0.9755 cells=118036
[ct_train] early_stopping: no improve on val/eval_loss for 24/40 val checks
[ct_train] rechunked train graphs (seed=209)

=== Epoch 209/1000 ===
[train] loss=4.6717 cls=0.3884 cme=2.1417 acc=0.9892 cells=158379
[ct_train] rechunked train graphs (seed=210)

=== Epoch 210/1000 ===
[train] loss=4.6786 cls=0.3875 cme=2.1455 acc=0.9896 cells=158379
[val]   loss=4.8336 eval=2.6259 cls=0.4181 cme=2.2077 acc=0.9750 cells=118036
[ct_train] early_stopping: no improve on val/eval_loss for 25/40 val checks
[ct_train] rechunked train graphs (seed=211)

=== Epoch 211/1000 ===
[train] loss=4.6753 cls=0.3875 cme=2.1439 acc=0.9895 cells=158379
[ct_train] rechunked train graphs (seed=212)

=== Epoch 212/1000 ===
[train] loss=4.6765 cls=0.3875 cme=2.1445 acc=0.9898 cells=158379
[val]   loss=4.8356 eval=2.6267 cls=0.4178 cme=2.2089 acc=0.9751 cells=118036
[ct_train] early_stopping: no improve on val/eval_loss for 26/40 val checks
[ct_train] rechunked train graphs (seed=213)

=== Epoch 213/1000 ===
[train] loss=4.6712 cls=0.3882 cme=2.1415 acc=0.9891 cells=158379
[ct_train] rechunked train graphs (seed=214)

=== Epoch 214/1000 ===
[train] loss=4.6761 cls=0.3881 cme=2.1440 acc=0.9894 cells=158379
[val]   loss=4.8414 eval=2.6306 cls=0.4198 cme=2.2108 acc=0.9746 cells=118036
[ct_train] early_stopping: no improve on val/eval_loss for 27/40 val checks
[ct_train] rechunked train graphs (seed=215)

=== Epoch 215/1000 ===
[train] loss=4.6715 cls=0.3878 cme=2.1419 acc=0.9895 cells=158379
[ct_train] rechunked train graphs (seed=216)

=== Epoch 216/1000 ===
[train] loss=4.6716 cls=0.3872 cme=2.1422 acc=0.9898 cells=158379
[val]   loss=4.8411 eval=2.6296 cls=0.4181 cme=2.2115 acc=0.9752 cells=118036
[ct_train] early_stopping: no improve on val/eval_loss for 28/40 val checks
[ct_train] rechunked train graphs (seed=217)

=== Epoch 217/1000 ===
[train] loss=4.6769 cls=0.3878 cme=2.1446 acc=0.9897 cells=158379
[ct_train] rechunked train graphs (seed=218)

=== Epoch 218/1000 ===
[train] loss=4.6725 cls=0.3859 cme=2.1433 acc=0.9902 cells=158379
[val]   loss=4.8463 eval=2.6323 cls=0.4184 cme=2.2140 acc=0.9752 cells=118036
[ct_train] early_stopping: no improve on val/eval_loss for 29/40 val checks
[ct_train] rechunked train graphs (seed=219)

=== Epoch 219/1000 ===
[train] loss=4.6678 cls=0.3858 cme=2.1410 acc=0.9901 cells=158379
[ct_train] rechunked train graphs (seed=220)

=== Epoch 220/1000 ===
[train] loss=4.6644 cls=0.3858 cme=2.1393 acc=0.9902 cells=158379
[val]   loss=4.8392 eval=2.6293 cls=0.4194 cme=2.2099 acc=0.9747 cells=118036
[ct_train] early_stopping: no improve on val/eval_loss for 30/40 val checks
[ct_train] rechunked train graphs (seed=221)

=== Epoch 221/1000 ===
[train] loss=4.6733 cls=0.3859 cme=2.1437 acc=0.9903 cells=158379
[ct_train] rechunked train graphs (seed=222)

=== Epoch 222/1000 ===
[train] loss=4.6576 cls=0.3851 cme=2.1363 acc=0.9904 cells=158379
[val]   loss=4.8413 eval=2.6300 cls=0.4187 cme=2.2113 acc=0.9751 cells=118036
[ct_train] early_stopping: no improve on val/eval_loss for 31/40 val checks
[ct_train] rechunked train graphs (seed=223)

=== Epoch 223/1000 ===
[train] loss=4.6679 cls=0.3860 cme=2.1409 acc=0.9899 cells=158379
[ct_train] rechunked train graphs (seed=224)

=== Epoch 224/1000 ===
[train] loss=4.6790 cls=0.3866 cme=2.1462 acc=0.9896 cells=158379
[val]   loss=4.8403 eval=2.6293 cls=0.4184 cme=2.2110 acc=0.9754 cells=118036
[ct_train] early_stopping: no improve on val/eval_loss for 32/40 val checks
[ct_train] rechunked train graphs (seed=225)

=== Epoch 225/1000 ===
[train] loss=4.6622 cls=0.3853 cme=2.1385 acc=0.9903 cells=158379
[ct_train] rechunked train graphs (seed=226)

=== Epoch 226/1000 ===
[train] loss=4.6635 cls=0.3850 cme=2.1393 acc=0.9906 cells=158379
[val]   loss=4.8467 eval=2.6326 cls=0.4185 cme=2.2141 acc=0.9752 cells=118036
[ct_train] early_stopping: no improve on val/eval_loss for 33/40 val checks
[ct_train] rechunked train graphs (seed=227)

=== Epoch 227/1000 ===
[train] loss=4.6662 cls=0.3842 cme=2.1410 acc=0.9910 cells=158379
[ct_train] rechunked train graphs (seed=228)

=== Epoch 228/1000 ===
[train] loss=4.6740 cls=0.3849 cme=2.1445 acc=0.9903 cells=158379
[val]   loss=4.8493 eval=2.6345 cls=0.4197 cme=2.2148 acc=0.9750 cells=118036
[ct_train] early_stopping: no improve on val/eval_loss for 34/40 val checks
[ct_train] rechunked train graphs (seed=229)

=== Epoch 229/1000 ===
[train] loss=4.6674 cls=0.3844 cme=2.1415 acc=0.9908 cells=158379
[ct_train] rechunked train graphs (seed=230)

=== Epoch 230/1000 ===
[train] loss=4.6485 cls=0.3836 cme=2.1325 acc=0.9910 cells=158379
[val]   loss=4.8496 eval=2.6352 cls=0.4208 cme=2.2144 acc=0.9750 cells=118036
[ct_train] early_stopping: no improve on val/eval_loss for 35/40 val checks
[ct_train] rechunked train graphs (seed=231)

=== Epoch 231/1000 ===
[train] loss=4.6666 cls=0.3843 cme=2.1412 acc=0.9907 cells=158379
[ct_train] rechunked train graphs (seed=232)

=== Epoch 232/1000 ===
[train] loss=4.6685 cls=0.3841 cme=2.1422 acc=0.9908 cells=158379
[val]   loss=4.8497 eval=2.6351 cls=0.4204 cme=2.2147 acc=0.9752 cells=118036
[ct_train] early_stopping: no improve on val/eval_loss for 36/40 val checks
[ct_train] rechunked train graphs (seed=233)

=== Epoch 233/1000 ===
[train] loss=4.6613 cls=0.3835 cme=2.1389 acc=0.9910 cells=158379
[ct_train] rechunked train graphs (seed=234)

=== Epoch 234/1000 ===
[train] loss=4.6526 cls=0.3835 cme=2.1345 acc=0.9911 cells=158379
[val]   loss=4.8474 eval=2.6339 cls=0.4204 cme=2.2135 acc=0.9753 cells=118036
[ct_train] early_stopping: no improve on val/eval_loss for 37/40 val checks
[ct_train] rechunked train graphs (seed=235)

=== Epoch 235/1000 ===
[train] loss=4.6646 cls=0.3844 cme=2.1401 acc=0.9906 cells=158379
[ct_train] rechunked train graphs (seed=236)

=== Epoch 236/1000 ===
[train] loss=4.6538 cls=0.3828 cme=2.1355 acc=0.9913 cells=158379
[val]   loss=4.8520 eval=2.6371 cls=0.4222 cme=2.2149 acc=0.9747 cells=118036
[ct_train] early_stopping: no improve on val/eval_loss for 38/40 val checks
[ct_train] rechunked train graphs (seed=237)

=== Epoch 237/1000 ===
[train] loss=4.6536 cls=0.3821 cme=2.1357 acc=0.9915 cells=158379
[ct_train] rechunked train graphs (seed=238)

=== Epoch 238/1000 ===
[train] loss=4.6539 cls=0.3833 cme=2.1353 acc=0.9910 cells=158379
[val]   loss=4.8414 eval=2.6305 cls=0.4197 cme=2.2109 acc=0.9752 cells=118036
[ct_train] early_stopping: no improve on val/eval_loss for 39/40 val checks
[ct_train] rechunked train graphs (seed=239)

=== Epoch 239/1000 ===
[train] loss=4.6618 cls=0.3838 cme=2.1390 acc=0.9908 cells=158379
[ct_train] rechunked train graphs (seed=240)

=== Epoch 240/1000 ===
[train] loss=4.6546 cls=0.3834 cme=2.1356 acc=0.9907 cells=158379
[val]   loss=4.8521 eval=2.6386 cls=0.4250 cme=2.2135 acc=0.9742 cells=118036
[ct_train] early_stopping: no improve on val/eval_loss for 40/40 val checks
[ct_train] early stopping at epoch 240 (patience=40, monitor=val/eval_loss)

[ct_train] done. best_val_acc=0.9759  best_val_eval_loss=2.6184  checkpoints=/home/abel/code/Tissue-Reassembly-using-GenAI-and-new-metrics/exploration/cell_types/outputs/exp053_clsdrop25  logs=/home/abel/code/Tissue-Reassembly-using-GenAI-and-new-metrics/exploration/cell_types/logs/exp053_clsdrop25/20260807_220403
wandb: updating run metadata
wandb: uploading output.log; uploading wandb-summary.json; uploading config.yaml
wandb: 
wandb: Run summary:
wandb:                      best_epoch 160
wandb:                    best_val_acc 0.97586
wandb:              best_val_eval_loss 2.61841
wandb:                           epoch 240
wandb:                              lr 0.0002
wandb:           model/parameter_count 1272988
wandb: model/trainable_parameter_count 1272988
wandb:                       train/acc 0.99066
wandb:       train/acc_per_class/Astro 0.99579
wandb:        train/acc_per_class/Endo 0.98823
wandb:                             +54 ...
wandb: 
wandb:  View run exp053_clsdrop25 at: https://wandb.ai/abel-salmona-polytechnique-montr-al/cell_types/runs/2bs8xrsg
wandb:  View project at: https://wandb.ai/abel-salmona-polytechnique-montr-al/cell_types
wandb: Synced 5 W&B file(s), 1 media file(s), 2 artifact file(s) and 1 other file(s)
wandb: Find logs at: ./exploration/cell_types/logs/exp053_clsdrop25/20260807_220403/wandb/run-20260807_220410-2bs8xrsg/logs
