[ct_train] config=exploration/cell_types/experiments/configs/exp024_lr1p5e4.json
[ct_train] device=cuda  checkpoints=/home/abel/code/Tissue-Reassembly-using-GenAI-and-new-metrics/exploration/cell_types/outputs/exp024_lr1p5e4
[ct_train] logs=/home/abel/code/Tissue-Reassembly-using-GenAI-and-new-metrics/exploration/cell_types/logs/exp024_lr1p5e4/20260807_205734
[ct_train] Loading data …
[DataModule] Reading '/home/abel/biodata/MERFISH_LUNA_small_cortex/MERFISH_mouse_cortex_train.csv' (split=train) with float32 dtype on 254 gene cols + coord cols …
[DataModule] Loaded 158,379 rows for split=train.
[DataModule] Reading '/home/abel/biodata/MERFISH_LUNA_small_cortex/MERFISH_mouse_cortex_test.csv' (split=test) with float32 dtype on 254 gene cols + coord cols …
[DataModule] Loaded 118,036 rows for split=test.
[DataModule] Reading '/home/abel/biodata/MERFISH_LUNA_small_cortex/MERFISH_mouse_cortex_test.csv' (split=validation) with float32 dtype on 254 gene cols + coord cols …
[DataModule] Loaded 118,036 rows for split=validation.
[ct_train] genes=254  classes=23
[ct_train] model predict_cme=True  params=1,149,980
[ct_train] soft CME loaded split=train sigma=96.0 n=158379 C=23
[ct_train] soft CME loaded split=validation sigma=96.0 n=118036 C=23
wandb: [wandb.login()] Loaded credentials for https://api.wandb.ai from /home/abel/.netrc.
wandb: Currently logged in as: abel-salmona (abel-salmona-polytechnique-montr-al) to https://api.wandb.ai. Use `wandb login --relogin` to force relogin
wandb: WARNING Using a boolean value for 'reinit' is deprecated. Use 'return_previous' or 'finish_previous' instead.
wandb: setting up run md38mb6j
wandb: Tracking run with wandb version 0.26.1
wandb: Run data is saved locally in /home/abel/code/Tissue-Reassembly-using-GenAI-and-new-metrics/exploration/cell_types/logs/exp024_lr1p5e4/20260807_205734/wandb/run-20260807_205741-md38mb6j
wandb: Run `wandb offline` to turn off syncing.
wandb: Syncing run exp024_lr1p5e4
wandb:  View project at https://wandb.ai/abel-salmona-polytechnique-montr-al/cell_types
wandb:  View run at https://wandb.ai/abel-salmona-polytechnique-montr-al/cell_types/runs/md38mb6j
wandb: WARNING Saving files without folders. If you want to preserve subdirectories pass base_path to wandb.save, i.e. wandb.save("/mnt/folder/file.h5", base_path="/mnt")
wandb: WARNING Symlinked 1 file into the W&B run directory; call wandb.save again to sync new files.
[ct_train] wandb: project=cell_types name=exp024_lr1p5e4 mode=online url=https://wandb.ai/abel-salmona-polytechnique-montr-al/cell_types/runs/md38mb6j
[ct_train] parameters: total=1,149,980 trainable=1,149,980
  [params] mlp_in_node_features: 26,720
  [params] transformer_layers: 633,600
  [params] type_stage1: 19,072
  [params] env_stage1: 93,056
  [params] type_probe: 1,495
  [params] env_probe: 7,383
  [params] fusion_mlp: 247,648
  [params] type_stage2: 20,567
  [params] env_stage2: 100,439
[ct_train] rechunked train graphs (seed=1)

=== Epoch 1/1000 ===
[train] loss=7.8722 cls=2.8922 cme=2.8457 acc=0.1603 cells=158379
[ct_train] rechunked train graphs (seed=2)

=== Epoch 2/1000 ===
[train] loss=6.9922 cls=2.3375 cme=2.6599 acc=0.3920 cells=158379
[val]   loss=6.4095 eval=4.4761 cls=1.8984 cme=2.5778 acc=0.6344 cells=118036
[ct_train] saved best checkpoint (val_eval_loss=4.4761 val_acc=0.6344)
[ct_train] rechunked train graphs (seed=3)

=== Epoch 3/1000 ===
[train] loss=6.3184 cls=1.8853 cme=2.5332 acc=0.5977 cells=158379
[ct_train] rechunked train graphs (seed=4)

=== Epoch 4/1000 ===
[train] loss=5.8207 cls=1.5117 cme=2.4623 acc=0.7096 cells=158379
[val]   loss=5.3992 eval=3.5713 cls=1.1342 cme=2.4371 acc=0.7936 cells=118036
[ct_train] saved best checkpoint (val_eval_loss=3.5713 val_acc=0.7936)
[ct_train] rechunked train graphs (seed=5)

=== Epoch 5/1000 ===
[train] loss=5.4678 cls=1.2329 cme=2.4200 acc=0.7780 cells=158379
[ct_train] rechunked train graphs (seed=6)

=== Epoch 6/1000 ===
[train] loss=5.2186 cls=1.0359 cme=2.3901 acc=0.8222 cells=158379
[val]   loss=4.9443 eval=3.1593 cls=0.7794 cme=2.3799 acc=0.8665 cells=118036
[ct_train] saved best checkpoint (val_eval_loss=3.1593 val_acc=0.8665)
[ct_train] rechunked train graphs (seed=7)

=== Epoch 7/1000 ===
[train] loss=5.0527 cls=0.9023 cme=2.3717 acc=0.8561 cells=158379
[ct_train] rechunked train graphs (seed=8)

=== Epoch 8/1000 ===
[train] loss=4.9311 cls=0.8064 cme=2.3570 acc=0.8875 cells=158379
[val]   loss=4.7249 eval=2.9633 cls=0.6145 cme=2.3488 acc=0.9268 cells=118036
[ct_train] saved best checkpoint (val_eval_loss=2.9633 val_acc=0.9268)
[ct_train] rechunked train graphs (seed=9)

=== Epoch 9/1000 ===
[train] loss=4.8435 cls=0.7398 cme=2.3450 acc=0.9080 cells=158379
[ct_train] rechunked train graphs (seed=10)

=== Epoch 10/1000 ===
[train] loss=4.7821 cls=0.6941 cme=2.3360 acc=0.9203 cells=158379
[val]   loss=4.6224 eval=2.8753 cls=0.5459 cme=2.3294 acc=0.9433 cells=118036
[ct_train] saved best checkpoint (val_eval_loss=2.8753 val_acc=0.9433)
[ct_train] rechunked train graphs (seed=11)

=== Epoch 11/1000 ===
[train] loss=4.7315 cls=0.6615 cme=2.3257 acc=0.9276 cells=158379
[ct_train] rechunked train graphs (seed=12)

=== Epoch 12/1000 ===
[train] loss=4.6970 cls=0.6361 cme=2.3205 acc=0.9345 cells=158379
[val]   loss=4.5647 eval=2.8287 cls=0.5139 cme=2.3148 acc=0.9501 cells=118036
[ct_train] saved best checkpoint (val_eval_loss=2.8287 val_acc=0.9501)
[ct_train] rechunked train graphs (seed=13)

=== Epoch 13/1000 ===
[train] loss=4.6642 cls=0.6178 cme=2.3123 acc=0.9381 cells=158379
[ct_train] rechunked train graphs (seed=14)

=== Epoch 14/1000 ===
[train] loss=4.6337 cls=0.6017 cme=2.3040 acc=0.9414 cells=158379
[val]   loss=4.5323 eval=2.8036 cls=0.4987 cme=2.3049 acc=0.9536 cells=118036
[ct_train] saved best checkpoint (val_eval_loss=2.8036 val_acc=0.9536)
[ct_train] rechunked train graphs (seed=15)

=== Epoch 15/1000 ===
[train] loss=4.6122 cls=0.5899 cme=2.2984 acc=0.9443 cells=158379
[ct_train] rechunked train graphs (seed=16)

=== Epoch 16/1000 ===
[train] loss=4.5926 cls=0.5793 cme=2.2933 acc=0.9468 cells=158379
[val]   loss=4.4983 eval=2.7785 cls=0.4855 cme=2.2930 acc=0.9573 cells=118036
[ct_train] saved best checkpoint (val_eval_loss=2.7785 val_acc=0.9573)
[ct_train] rechunked train graphs (seed=17)

=== Epoch 17/1000 ===
[train] loss=4.5802 cls=0.5720 cme=2.2904 acc=0.9481 cells=158379
[ct_train] rechunked train graphs (seed=18)

=== Epoch 18/1000 ===
[train] loss=4.5631 cls=0.5646 cme=2.2848 acc=0.9500 cells=158379
[val]   loss=4.4767 eval=2.7627 cls=0.4773 cme=2.2854 acc=0.9594 cells=118036
[ct_train] saved best checkpoint (val_eval_loss=2.7627 val_acc=0.9594)
[ct_train] rechunked train graphs (seed=19)

=== Epoch 19/1000 ===
[train] loss=4.5474 cls=0.5568 cme=2.2804 acc=0.9520 cells=158379
[ct_train] rechunked train graphs (seed=20)

=== Epoch 20/1000 ===
[train] loss=4.5354 cls=0.5522 cme=2.2761 acc=0.9531 cells=158379
[val]   loss=4.4598 eval=2.7506 cls=0.4717 cme=2.2789 acc=0.9609 cells=118036
[ct_train] saved best checkpoint (val_eval_loss=2.7506 val_acc=0.9609)
[ct_train] rechunked train graphs (seed=21)

=== Epoch 21/1000 ===
[train] loss=4.5294 cls=0.5474 cme=2.2754 acc=0.9537 cells=158379
[ct_train] rechunked train graphs (seed=22)

=== Epoch 22/1000 ===
[train] loss=4.5146 cls=0.5436 cme=2.2691 acc=0.9546 cells=158379
[val]   loss=4.4455 eval=2.7404 cls=0.4668 cme=2.2736 acc=0.9621 cells=118036
[ct_train] saved best checkpoint (val_eval_loss=2.7404 val_acc=0.9621)
[ct_train] rechunked train graphs (seed=23)

=== Epoch 23/1000 ===
[train] loss=4.5069 cls=0.5384 cme=2.2677 acc=0.9558 cells=158379
[ct_train] rechunked train graphs (seed=24)

=== Epoch 24/1000 ===
[train] loss=4.4986 cls=0.5331 cme=2.2661 acc=0.9572 cells=158379
[val]   loss=4.4354 eval=2.7340 cls=0.4654 cme=2.2686 acc=0.9623 cells=118036
[ct_train] saved best checkpoint (val_eval_loss=2.7340 val_acc=0.9623)
[ct_train] rechunked train graphs (seed=25)

=== Epoch 25/1000 ===
[train] loss=4.4890 cls=0.5304 cme=2.2620 acc=0.9575 cells=158379
[ct_train] rechunked train graphs (seed=26)

=== Epoch 26/1000 ===
[train] loss=4.4795 cls=0.5264 cme=2.2589 acc=0.9591 cells=158379
[val]   loss=4.4223 eval=2.7238 cls=0.4591 cme=2.2647 acc=0.9639 cells=118036
[ct_train] saved best checkpoint (val_eval_loss=2.7238 val_acc=0.9639)
[ct_train] rechunked train graphs (seed=27)

=== Epoch 27/1000 ===
[train] loss=4.4723 cls=0.5239 cme=2.2562 acc=0.9593 cells=158379
[ct_train] rechunked train graphs (seed=28)

=== Epoch 28/1000 ===
[train] loss=4.4649 cls=0.5194 cme=2.2546 acc=0.9605 cells=158379
[val]   loss=4.4114 eval=2.7164 cls=0.4565 cme=2.2599 acc=0.9651 cells=118036
[ct_train] saved best checkpoint (val_eval_loss=2.7164 val_acc=0.9651)
[ct_train] rechunked train graphs (seed=29)

=== Epoch 29/1000 ===
[train] loss=4.4596 cls=0.5172 cme=2.2528 acc=0.9606 cells=158379
[ct_train] rechunked train graphs (seed=30)

=== Epoch 30/1000 ===
[train] loss=4.4507 cls=0.5135 cme=2.2499 acc=0.9621 cells=158379
[val]   loss=4.4097 eval=2.7146 cls=0.4544 cme=2.2602 acc=0.9654 cells=118036
[ct_train] saved best checkpoint (val_eval_loss=2.7146 val_acc=0.9654)
[ct_train] rechunked train graphs (seed=31)

=== Epoch 31/1000 ===
[train] loss=4.4471 cls=0.5118 cme=2.2487 acc=0.9623 cells=158379
[ct_train] rechunked train graphs (seed=32)

=== Epoch 32/1000 ===
[train] loss=4.4411 cls=0.5093 cme=2.2468 acc=0.9626 cells=158379
[val]   loss=4.3974 eval=2.7066 cls=0.4523 cme=2.2544 acc=0.9663 cells=118036
[ct_train] saved best checkpoint (val_eval_loss=2.7066 val_acc=0.9663)
[ct_train] rechunked train graphs (seed=33)

=== Epoch 33/1000 ===
[train] loss=4.4373 cls=0.5074 cme=2.2456 acc=0.9626 cells=158379
[ct_train] rechunked train graphs (seed=34)

=== Epoch 34/1000 ===
[train] loss=4.4311 cls=0.5058 cme=2.2431 acc=0.9635 cells=158379
[val]   loss=4.3947 eval=2.7048 cls=0.4517 cme=2.2531 acc=0.9662 cells=118036
[ct_train] saved best checkpoint (val_eval_loss=2.7048 val_acc=0.9663)
[ct_train] rechunked train graphs (seed=35)

=== Epoch 35/1000 ===
[train] loss=4.4286 cls=0.5039 cme=2.2427 acc=0.9631 cells=158379
[ct_train] rechunked train graphs (seed=36)

=== Epoch 36/1000 ===
[train] loss=4.4221 cls=0.5021 cme=2.2400 acc=0.9640 cells=158379
[val]   loss=4.3857 eval=2.6983 cls=0.4484 cme=2.2499 acc=0.9673 cells=118036
[ct_train] saved best checkpoint (val_eval_loss=2.6983 val_acc=0.9673)
[ct_train] rechunked train graphs (seed=37)

=== Epoch 37/1000 ===
[train] loss=4.4200 cls=0.5000 cme=2.2400 acc=0.9644 cells=158379
[ct_train] rechunked train graphs (seed=38)

=== Epoch 38/1000 ===
[train] loss=4.4099 cls=0.4983 cme=2.2352 acc=0.9650 cells=158379
[val]   loss=4.3805 eval=2.6945 cls=0.4465 cme=2.2480 acc=0.9681 cells=118036
[ct_train] saved best checkpoint (val_eval_loss=2.6945 val_acc=0.9681)
[ct_train] rechunked train graphs (seed=39)

=== Epoch 39/1000 ===
[train] loss=4.4108 cls=0.4964 cme=2.2368 acc=0.9659 cells=158379
[ct_train] rechunked train graphs (seed=40)

=== Epoch 40/1000 ===
[train] loss=4.4081 cls=0.4953 cme=2.2359 acc=0.9658 cells=158379
[val]   loss=4.3781 eval=2.6920 cls=0.4440 cme=2.2480 acc=0.9682 cells=118036
[ct_train] saved best checkpoint (val_eval_loss=2.6920 val_acc=0.9682)
[ct_train] rechunked train graphs (seed=41)

=== Epoch 41/1000 ===
[train] loss=4.4025 cls=0.4938 cme=2.2335 acc=0.9666 cells=158379
[ct_train] rechunked train graphs (seed=42)

=== Epoch 42/1000 ===
[train] loss=4.4006 cls=0.4918 cme=2.2336 acc=0.9671 cells=158379
[val]   loss=4.3753 eval=2.6902 cls=0.4432 cme=2.2469 acc=0.9683 cells=118036
[ct_train] saved best checkpoint (val_eval_loss=2.6902 val_acc=0.9683)
[ct_train] rechunked train graphs (seed=43)

=== Epoch 43/1000 ===
[train] loss=4.3931 cls=0.4898 cme=2.2305 acc=0.9672 cells=158379
[ct_train] rechunked train graphs (seed=44)

=== Epoch 44/1000 ===
[train] loss=4.3909 cls=0.4886 cme=2.2299 acc=0.9677 cells=158379
[val]   loss=4.3676 eval=2.6850 cls=0.4416 cme=2.2434 acc=0.9691 cells=118036
[ct_train] saved best checkpoint (val_eval_loss=2.6850 val_acc=0.9691)
[ct_train] rechunked train graphs (seed=45)

=== Epoch 45/1000 ===
[train] loss=4.3859 cls=0.4877 cme=2.2276 acc=0.9678 cells=158379
[ct_train] rechunked train graphs (seed=46)

=== Epoch 46/1000 ===
[train] loss=4.3845 cls=0.4866 cme=2.2273 acc=0.9680 cells=158379
[val]   loss=4.3624 eval=2.6817 cls=0.4409 cme=2.2408 acc=0.9693 cells=118036
[ct_train] saved best checkpoint (val_eval_loss=2.6817 val_acc=0.9693)
[ct_train] rechunked train graphs (seed=47)

=== Epoch 47/1000 ===
[train] loss=4.3839 cls=0.4848 cme=2.2280 acc=0.9689 cells=158379
[ct_train] rechunked train graphs (seed=48)

=== Epoch 48/1000 ===
[train] loss=4.3753 cls=0.4830 cme=2.2241 acc=0.9689 cells=158379
[val]   loss=4.3603 eval=2.6796 cls=0.4387 cme=2.2409 acc=0.9698 cells=118036
[ct_train] saved best checkpoint (val_eval_loss=2.6796 val_acc=0.9698)
[ct_train] rechunked train graphs (seed=49)

=== Epoch 49/1000 ===
[train] loss=4.3758 cls=0.4818 cme=2.2251 acc=0.9691 cells=158379
[ct_train] rechunked train graphs (seed=50)

=== Epoch 50/1000 ===
[train] loss=4.3767 cls=0.4815 cme=2.2258 acc=0.9689 cells=158379
[val]   loss=4.3568 eval=2.6772 cls=0.4376 cme=2.2395 acc=0.9698 cells=118036
[ct_train] saved best checkpoint (val_eval_loss=2.6772 val_acc=0.9698)
[ct_train] rechunked train graphs (seed=51)

=== Epoch 51/1000 ===
[train] loss=4.3706 cls=0.4800 cme=2.2232 acc=0.9698 cells=158379
[ct_train] rechunked train graphs (seed=52)

=== Epoch 52/1000 ===
[train] loss=4.3677 cls=0.4793 cme=2.2220 acc=0.9701 cells=158379
[val]   loss=4.3517 eval=2.6736 cls=0.4361 cme=2.2375 acc=0.9702 cells=118036
[ct_train] saved best checkpoint (val_eval_loss=2.6736 val_acc=0.9702)
[ct_train] rechunked train graphs (seed=53)

=== Epoch 53/1000 ===
[train] loss=4.3642 cls=0.4778 cme=2.2208 acc=0.9698 cells=158379
[ct_train] rechunked train graphs (seed=54)

=== Epoch 54/1000 ===
[train] loss=4.3616 cls=0.4769 cme=2.2198 acc=0.9704 cells=158379
[val]   loss=4.3522 eval=2.6740 cls=0.4363 cme=2.2377 acc=0.9703 cells=118036
[ct_train] early_stopping: no improve on val/eval_loss for 1/32 val checks
[ct_train] rechunked train graphs (seed=55)

=== Epoch 55/1000 ===
[train] loss=4.3573 cls=0.4759 cme=2.2180 acc=0.9704 cells=158379
[ct_train] rechunked train graphs (seed=56)

=== Epoch 56/1000 ===
[train] loss=4.3569 cls=0.4750 cme=2.2182 acc=0.9709 cells=158379
[val]   loss=4.3504 eval=2.6724 cls=0.4351 cme=2.2373 acc=0.9709 cells=118036
[ct_train] saved best checkpoint (val_eval_loss=2.6724 val_acc=0.9709)
[ct_train] rechunked train graphs (seed=57)

=== Epoch 57/1000 ===
[train] loss=4.3528 cls=0.4729 cme=2.2171 acc=0.9712 cells=158379
[ct_train] rechunked train graphs (seed=58)

=== Epoch 58/1000 ===
[train] loss=4.3510 cls=0.4724 cme=2.2163 acc=0.9713 cells=158379
[val]   loss=4.3466 eval=2.6694 cls=0.4330 cme=2.2364 acc=0.9715 cells=118036
[ct_train] saved best checkpoint (val_eval_loss=2.6694 val_acc=0.9715)
[ct_train] rechunked train graphs (seed=59)

=== Epoch 59/1000 ===
[train] loss=4.3480 cls=0.4713 cme=2.2153 acc=0.9718 cells=158379
[ct_train] rechunked train graphs (seed=60)

=== Epoch 60/1000 ===
[train] loss=4.3480 cls=0.4703 cme=2.2158 acc=0.9721 cells=158379
[val]   loss=4.3425 eval=2.6663 cls=0.4314 cme=2.2349 acc=0.9714 cells=118036
[ct_train] saved best checkpoint (val_eval_loss=2.6663 val_acc=0.9715)
[ct_train] rechunked train graphs (seed=61)

=== Epoch 61/1000 ===
[train] loss=4.3408 cls=0.4696 cme=2.2121 acc=0.9721 cells=158379
[ct_train] rechunked train graphs (seed=62)

=== Epoch 62/1000 ===
[train] loss=4.3459 cls=0.4691 cme=2.2153 acc=0.9725 cells=158379
[val]   loss=4.3392 eval=2.6647 cls=0.4319 cme=2.2328 acc=0.9717 cells=118036
[ct_train] saved best checkpoint (val_eval_loss=2.6647 val_acc=0.9717)
[ct_train] rechunked train graphs (seed=63)

=== Epoch 63/1000 ===
[train] loss=4.3426 cls=0.4688 cme=2.2136 acc=0.9723 cells=158379
[ct_train] rechunked train graphs (seed=64)

=== Epoch 64/1000 ===
[train] loss=4.3386 cls=0.4674 cme=2.2121 acc=0.9725 cells=158379
[val]   loss=4.3371 eval=2.6630 cls=0.4309 cme=2.2321 acc=0.9718 cells=118036
[ct_train] saved best checkpoint (val_eval_loss=2.6630 val_acc=0.9718)
[ct_train] rechunked train graphs (seed=65)

=== Epoch 65/1000 ===
[train] loss=4.3365 cls=0.4666 cme=2.2114 acc=0.9731 cells=158379
[ct_train] rechunked train graphs (seed=66)

=== Epoch 66/1000 ===
[train] loss=4.3349 cls=0.4655 cme=2.2111 acc=0.9731 cells=158379
[val]   loss=4.3369 eval=2.6630 cls=0.4313 cme=2.2318 acc=0.9720 cells=118036
[ct_train] early_stopping: no improve on val/eval_loss for 1/32 val checks
[ct_train] rechunked train graphs (seed=67)

=== Epoch 67/1000 ===
[train] loss=4.3334 cls=0.4659 cme=2.2100 acc=0.9730 cells=158379
[ct_train] rechunked train graphs (seed=68)

=== Epoch 68/1000 ===
[train] loss=4.3338 cls=0.4644 cme=2.2111 acc=0.9734 cells=158379
[val]   loss=4.3366 eval=2.6625 cls=0.4303 cme=2.2322 acc=0.9721 cells=118036
[ct_train] saved best checkpoint (val_eval_loss=2.6625 val_acc=0.9721)
[ct_train] rechunked train graphs (seed=69)

=== Epoch 69/1000 ===
[train] loss=4.3287 cls=0.4624 cme=2.2093 acc=0.9736 cells=158379
[ct_train] rechunked train graphs (seed=70)

=== Epoch 70/1000 ===
[train] loss=4.3260 cls=0.4632 cme=2.2073 acc=0.9738 cells=158379
[val]   loss=4.3337 eval=2.6606 cls=0.4298 cme=2.2308 acc=0.9725 cells=118036
[ct_train] saved best checkpoint (val_eval_loss=2.6606 val_acc=0.9725)
[ct_train] rechunked train graphs (seed=71)

=== Epoch 71/1000 ===
[train] loss=4.3260 cls=0.4618 cme=2.2081 acc=0.9741 cells=158379
[ct_train] rechunked train graphs (seed=72)

=== Epoch 72/1000 ===
[train] loss=4.3242 cls=0.4620 cme=2.2070 acc=0.9735 cells=158379
[val]   loss=4.3317 eval=2.6595 cls=0.4299 cme=2.2296 acc=0.9726 cells=118036
[ct_train] saved best checkpoint (val_eval_loss=2.6595 val_acc=0.9726)
[ct_train] rechunked train graphs (seed=73)

=== Epoch 73/1000 ===
[train] loss=4.3231 cls=0.4611 cme=2.2069 acc=0.9745 cells=158379
[ct_train] rechunked train graphs (seed=74)

=== Epoch 74/1000 ===
[train] loss=4.3218 cls=0.4602 cme=2.2067 acc=0.9745 cells=158379
[val]   loss=4.3306 eval=2.6584 cls=0.4289 cme=2.2295 acc=0.9724 cells=118036
[ct_train] saved best checkpoint (val_eval_loss=2.6584 val_acc=0.9726)
[ct_train] rechunked train graphs (seed=75)

=== Epoch 75/1000 ===
[train] loss=4.3181 cls=0.4590 cme=2.2052 acc=0.9751 cells=158379
[ct_train] rechunked train graphs (seed=76)

=== Epoch 76/1000 ===
[train] loss=4.3160 cls=0.4585 cme=2.2043 acc=0.9752 cells=158379
[val]   loss=4.3289 eval=2.6571 cls=0.4281 cme=2.2290 acc=0.9730 cells=118036
[ct_train] saved best checkpoint (val_eval_loss=2.6571 val_acc=0.9730)
[ct_train] rechunked train graphs (seed=77)

=== Epoch 77/1000 ===
[train] loss=4.3183 cls=0.4589 cme=2.2054 acc=0.9746 cells=158379
[ct_train] rechunked train graphs (seed=78)

=== Epoch 78/1000 ===
[train] loss=4.3145 cls=0.4587 cme=2.2033 acc=0.9748 cells=158379
[val]   loss=4.3251 eval=2.6541 cls=0.4261 cme=2.2280 acc=0.9729 cells=118036
[ct_train] saved best checkpoint (val_eval_loss=2.6541 val_acc=0.9730)
[ct_train] rechunked train graphs (seed=79)

=== Epoch 79/1000 ===
[train] loss=4.3168 cls=0.4584 cme=2.2048 acc=0.9749 cells=158379
[ct_train] rechunked train graphs (seed=80)

=== Epoch 80/1000 ===
[train] loss=4.3082 cls=0.4576 cme=2.2004 acc=0.9753 cells=158379
[val]   loss=4.3253 eval=2.6551 cls=0.4282 cme=2.2269 acc=0.9728 cells=118036
[ct_train] early_stopping: no improve on val/eval_loss for 1/32 val checks
[ct_train] rechunked train graphs (seed=81)

=== Epoch 81/1000 ===
[train] loss=4.3110 cls=0.4571 cme=2.2023 acc=0.9753 cells=158379
[ct_train] rechunked train graphs (seed=82)

=== Epoch 82/1000 ===
[train] loss=4.3140 cls=0.4567 cme=2.2042 acc=0.9753 cells=158379
[val]   loss=4.3273 eval=2.6552 cls=0.4259 cme=2.2294 acc=0.9733 cells=118036
[ct_train] early_stopping: no improve on val/eval_loss for 2/32 val checks
[ct_train] rechunked train graphs (seed=83)

=== Epoch 83/1000 ===
[train] loss=4.3121 cls=0.4559 cme=2.2035 acc=0.9754 cells=158379
[ct_train] rechunked train graphs (seed=84)

=== Epoch 84/1000 ===
[train] loss=4.3088 cls=0.4552 cme=2.2021 acc=0.9753 cells=158379
[val]   loss=4.3221 eval=2.6525 cls=0.4263 cme=2.2262 acc=0.9734 cells=118036
[ct_train] saved best checkpoint (val_eval_loss=2.6525 val_acc=0.9734)
[ct_train] rechunked train graphs (seed=85)

=== Epoch 85/1000 ===
[train] loss=4.3123 cls=0.4540 cme=2.2047 acc=0.9758 cells=158379
[ct_train] rechunked train graphs (seed=86)

=== Epoch 86/1000 ===
[train] loss=4.3028 cls=0.4532 cme=2.1998 acc=0.9762 cells=158379
[val]   loss=4.3248 eval=2.6537 cls=0.4256 cme=2.2281 acc=0.9734 cells=118036
[ct_train] early_stopping: no improve on val/eval_loss for 1/32 val checks
[ct_train] rechunked train graphs (seed=87)

=== Epoch 87/1000 ===
[train] loss=4.3052 cls=0.4529 cme=2.2013 acc=0.9763 cells=158379
[ct_train] rechunked train graphs (seed=88)

=== Epoch 88/1000 ===
[train] loss=4.3014 cls=0.4529 cme=2.1992 acc=0.9763 cells=158379
[val]   loss=4.3228 eval=2.6526 cls=0.4256 cme=2.2270 acc=0.9732 cells=118036
[ct_train] early_stopping: no improve on val/eval_loss for 2/32 val checks
[ct_train] rechunked train graphs (seed=89)

=== Epoch 89/1000 ===
[train] loss=4.3027 cls=0.4525 cme=2.2002 acc=0.9763 cells=158379
[ct_train] rechunked train graphs (seed=90)

=== Epoch 90/1000 ===
[train] loss=4.2993 cls=0.4521 cme=2.1984 acc=0.9767 cells=158379
[val]   loss=4.3190 eval=2.6499 cls=0.4245 cme=2.2255 acc=0.9736 cells=118036
[ct_train] saved best checkpoint (val_eval_loss=2.6499 val_acc=0.9736)
[ct_train] rechunked train graphs (seed=91)

=== Epoch 91/1000 ===
[train] loss=4.2983 cls=0.4518 cme=2.1980 acc=0.9769 cells=158379
[ct_train] rechunked train graphs (seed=92)

=== Epoch 92/1000 ===
[train] loss=4.2983 cls=0.4519 cme=2.1980 acc=0.9768 cells=158379
[val]   loss=4.3193 eval=2.6501 cls=0.4246 cme=2.2255 acc=0.9737 cells=118036
[ct_train] early_stopping: no improve on val/eval_loss for 1/32 val checks
[ct_train] rechunked train graphs (seed=93)

=== Epoch 93/1000 ===
[train] loss=4.2966 cls=0.4505 cme=2.1977 acc=0.9771 cells=158379
[ct_train] rechunked train graphs (seed=94)

=== Epoch 94/1000 ===
[train] loss=4.2974 cls=0.4511 cme=2.1979 acc=0.9768 cells=158379
[val]   loss=4.3162 eval=2.6477 cls=0.4231 cme=2.2246 acc=0.9738 cells=118036
[ct_train] saved best checkpoint (val_eval_loss=2.6477 val_acc=0.9738)
[ct_train] rechunked train graphs (seed=95)

=== Epoch 95/1000 ===
[train] loss=4.2956 cls=0.4493 cme=2.1979 acc=0.9771 cells=158379
[ct_train] rechunked train graphs (seed=96)

=== Epoch 96/1000 ===
[train] loss=4.2927 cls=0.4501 cme=2.1957 acc=0.9768 cells=158379
[val]   loss=4.3174 eval=2.6488 cls=0.4239 cme=2.2248 acc=0.9735 cells=118036
[ct_train] early_stopping: no improve on val/eval_loss for 1/32 val checks
[ct_train] rechunked train graphs (seed=97)

=== Epoch 97/1000 ===
[train] loss=4.2953 cls=0.4491 cme=2.1978 acc=0.9770 cells=158379
[ct_train] rechunked train graphs (seed=98)

=== Epoch 98/1000 ===
[train] loss=4.2914 cls=0.4484 cme=2.1960 acc=0.9773 cells=158379
[val]   loss=4.3126 eval=2.6455 cls=0.4226 cme=2.2229 acc=0.9741 cells=118036
[ct_train] saved best checkpoint (val_eval_loss=2.6455 val_acc=0.9741)
[ct_train] rechunked train graphs (seed=99)

=== Epoch 99/1000 ===
[train] loss=4.2902 cls=0.4487 cme=2.1951 acc=0.9773 cells=158379
[ct_train] rechunked train graphs (seed=100)

=== Epoch 100/1000 ===
[train] loss=4.2872 cls=0.4481 cme=2.1938 acc=0.9772 cells=158379
[val]   loss=4.3157 eval=2.6467 cls=0.4215 cme=2.2253 acc=0.9744 cells=118036
[ct_train] early_stopping: no improve on val/eval_loss for 1/32 val checks
[ct_train] rechunked train graphs (seed=101)

=== Epoch 101/1000 ===
[train] loss=4.2915 cls=0.4482 cme=2.1962 acc=0.9775 cells=158379
[ct_train] rechunked train graphs (seed=102)

=== Epoch 102/1000 ===
[train] loss=4.2899 cls=0.4473 cme=2.1957 acc=0.9777 cells=158379
[val]   loss=4.3161 eval=2.6475 cls=0.4227 cme=2.2248 acc=0.9738 cells=118036
[ct_train] early_stopping: no improve on val/eval_loss for 2/32 val checks
[ct_train] rechunked train graphs (seed=103)

=== Epoch 103/1000 ===
[train] loss=4.2853 cls=0.4474 cme=2.1931 acc=0.9777 cells=158379
[ct_train] rechunked train graphs (seed=104)

=== Epoch 104/1000 ===
[train] loss=4.2850 cls=0.4467 cme=2.1933 acc=0.9778 cells=158379
[val]   loss=4.3152 eval=2.6466 cls=0.4217 cme=2.2249 acc=0.9743 cells=118036
[ct_train] early_stopping: no improve on val/eval_loss for 3/32 val checks
[ct_train] rechunked train graphs (seed=105)

=== Epoch 105/1000 ===
[train] loss=4.2836 cls=0.4458 cme=2.1930 acc=0.9779 cells=158379
[ct_train] rechunked train graphs (seed=106)

=== Epoch 106/1000 ===
[train] loss=4.2838 cls=0.4454 cme=2.1934 acc=0.9782 cells=158379
[val]   loss=4.3170 eval=2.6479 cls=0.4225 cme=2.2254 acc=0.9737 cells=118036
[ct_train] early_stopping: no improve on val/eval_loss for 4/32 val checks
[ct_train] rechunked train graphs (seed=107)

=== Epoch 107/1000 ===
[train] loss=4.2827 cls=0.4450 cme=2.1930 acc=0.9781 cells=158379
[ct_train] rechunked train graphs (seed=108)

=== Epoch 108/1000 ===
[train] loss=4.2761 cls=0.4451 cme=2.1891 acc=0.9782 cells=158379
[val]   loss=4.3162 eval=2.6473 cls=0.4221 cme=2.2252 acc=0.9743 cells=118036
[ct_train] early_stopping: no improve on val/eval_loss for 5/32 val checks
[ct_train] rechunked train graphs (seed=109)

=== Epoch 109/1000 ===
[train] loss=4.2781 cls=0.4452 cme=2.1902 acc=0.9783 cells=158379
[ct_train] rechunked train graphs (seed=110)

=== Epoch 110/1000 ===
[train] loss=4.2760 cls=0.4440 cme=2.1897 acc=0.9785 cells=158379
[val]   loss=4.3104 eval=2.6436 cls=0.4211 cme=2.2225 acc=0.9744 cells=118036
[ct_train] saved best checkpoint (val_eval_loss=2.6436 val_acc=0.9744)
[ct_train] rechunked train graphs (seed=111)

=== Epoch 111/1000 ===
[train] loss=4.2781 cls=0.4435 cme=2.1912 acc=0.9787 cells=158379
[ct_train] rechunked train graphs (seed=112)

=== Epoch 112/1000 ===
[train] loss=4.2814 cls=0.4439 cme=2.1929 acc=0.9784 cells=158379
[val]   loss=4.3112 eval=2.6435 cls=0.4198 cme=2.2236 acc=0.9747 cells=118036
[ct_train] saved best checkpoint (val_eval_loss=2.6435 val_acc=0.9747)
[ct_train] early_stopping: no improve on val/eval_loss for 1/32 val checks
[ct_train] rechunked train graphs (seed=113)

=== Epoch 113/1000 ===
[train] loss=4.2755 cls=0.4433 cme=2.1898 acc=0.9786 cells=158379
[ct_train] rechunked train graphs (seed=114)

=== Epoch 114/1000 ===
[train] loss=4.2780 cls=0.4428 cme=2.1915 acc=0.9786 cells=158379
[val]   loss=4.3107 eval=2.6434 cls=0.4202 cme=2.2231 acc=0.9749 cells=118036
[ct_train] saved best checkpoint (val_eval_loss=2.6434 val_acc=0.9749)
[ct_train] early_stopping: no improve on val/eval_loss for 2/32 val checks
[ct_train] rechunked train graphs (seed=115)

=== Epoch 115/1000 ===
[train] loss=4.2768 cls=0.4423 cme=2.1912 acc=0.9790 cells=158379
[ct_train] rechunked train graphs (seed=116)

=== Epoch 116/1000 ===
[train] loss=4.2648 cls=0.4420 cme=2.1844 acc=0.9790 cells=158379
[val]   loss=4.3104 eval=2.6433 cls=0.4204 cme=2.2229 acc=0.9747 cells=118036
[ct_train] saved best checkpoint (val_eval_loss=2.6433 val_acc=0.9749)
[ct_train] early_stopping: no improve on val/eval_loss for 3/32 val checks
[ct_train] rechunked train graphs (seed=117)

=== Epoch 117/1000 ===
[train] loss=4.2732 cls=0.4415 cme=2.1895 acc=0.9786 cells=158379
[ct_train] rechunked train graphs (seed=118)

=== Epoch 118/1000 ===
[train] loss=4.2731 cls=0.4415 cme=2.1894 acc=0.9792 cells=158379
[val]   loss=4.3086 eval=2.6420 cls=0.4199 cme=2.2221 acc=0.9749 cells=118036
[ct_train] saved best checkpoint (val_eval_loss=2.6420 val_acc=0.9749)
[ct_train] rechunked train graphs (seed=119)

=== Epoch 119/1000 ===
[train] loss=4.2689 cls=0.4413 cme=2.1872 acc=0.9790 cells=158379
[ct_train] rechunked train graphs (seed=120)

=== Epoch 120/1000 ===
[train] loss=4.2697 cls=0.4411 cme=2.1878 acc=0.9793 cells=158379
[val]   loss=4.3072 eval=2.6413 cls=0.4202 cme=2.2212 acc=0.9747 cells=118036
[ct_train] saved best checkpoint (val_eval_loss=2.6413 val_acc=0.9749)
[ct_train] rechunked train graphs (seed=121)

=== Epoch 121/1000 ===
[train] loss=4.2674 cls=0.4406 cme=2.1867 acc=0.9796 cells=158379
[ct_train] rechunked train graphs (seed=122)

=== Epoch 122/1000 ===
[train] loss=4.2660 cls=0.4399 cme=2.1863 acc=0.9795 cells=158379
[val]   loss=4.3105 eval=2.6437 cls=0.4213 cme=2.2224 acc=0.9744 cells=118036
[ct_train] early_stopping: no improve on val/eval_loss for 1/32 val checks
[ct_train] rechunked train graphs (seed=123)

=== Epoch 123/1000 ===
[train] loss=4.2677 cls=0.4403 cme=2.1871 acc=0.9792 cells=158379
[ct_train] rechunked train graphs (seed=124)

=== Epoch 124/1000 ===
[train] loss=4.2665 cls=0.4392 cme=2.1871 acc=0.9794 cells=158379
[val]   loss=4.3101 eval=2.6436 cls=0.4216 cme=2.2220 acc=0.9742 cells=118036
[ct_train] early_stopping: no improve on val/eval_loss for 2/32 val checks
[ct_train] rechunked train graphs (seed=125)

=== Epoch 125/1000 ===
[train] loss=4.2631 cls=0.4393 cme=2.1851 acc=0.9795 cells=158379
[ct_train] rechunked train graphs (seed=126)

=== Epoch 126/1000 ===
[train] loss=4.2683 cls=0.4390 cme=2.1882 acc=0.9799 cells=158379
[val]   loss=4.3078 eval=2.6417 cls=0.4202 cme=2.2215 acc=0.9744 cells=118036
[ct_train] early_stopping: no improve on val/eval_loss for 3/32 val checks
[ct_train] rechunked train graphs (seed=127)

=== Epoch 127/1000 ===
[train] loss=4.2616 cls=0.4377 cme=2.1851 acc=0.9800 cells=158379
[ct_train] rechunked train graphs (seed=128)

=== Epoch 128/1000 ===
[train] loss=4.2603 cls=0.4381 cme=2.1841 acc=0.9800 cells=158379
[val]   loss=4.3077 eval=2.6412 cls=0.4191 cme=2.2220 acc=0.9749 cells=118036
[ct_train] saved best checkpoint (val_eval_loss=2.6412 val_acc=0.9749)
[ct_train] early_stopping: no improve on val/eval_loss for 4/32 val checks
[ct_train] rechunked train graphs (seed=129)

=== Epoch 129/1000 ===
[train] loss=4.2643 cls=0.4373 cme=2.1869 acc=0.9803 cells=158379
[ct_train] rechunked train graphs (seed=130)

=== Epoch 130/1000 ===
[train] loss=4.2617 cls=0.4371 cme=2.1855 acc=0.9804 cells=158379
[val]   loss=4.3064 eval=2.6403 cls=0.4187 cme=2.2215 acc=0.9749 cells=118036
[ct_train] saved best checkpoint (val_eval_loss=2.6403 val_acc=0.9749)
[ct_train] rechunked train graphs (seed=131)

=== Epoch 131/1000 ===
[train] loss=4.2608 cls=0.4372 cme=2.1849 acc=0.9801 cells=158379
[ct_train] rechunked train graphs (seed=132)

=== Epoch 132/1000 ===
[train] loss=4.2594 cls=0.4367 cme=2.1844 acc=0.9805 cells=158379
[val]   loss=4.3061 eval=2.6401 cls=0.4187 cme=2.2214 acc=0.9749 cells=118036
[ct_train] saved best checkpoint (val_eval_loss=2.6401 val_acc=0.9749)
[ct_train] early_stopping: no improve on val/eval_loss for 1/32 val checks
[ct_train] rechunked train graphs (seed=133)

=== Epoch 133/1000 ===
[train] loss=4.2555 cls=0.4357 cme=2.1827 acc=0.9807 cells=158379
[ct_train] rechunked train graphs (seed=134)

=== Epoch 134/1000 ===
[train] loss=4.2585 cls=0.4368 cme=2.1838 acc=0.9803 cells=158379
[val]   loss=4.3089 eval=2.6424 cls=0.4203 cme=2.2221 acc=0.9746 cells=118036
[ct_train] early_stopping: no improve on val/eval_loss for 2/32 val checks
[ct_train] rechunked train graphs (seed=135)

=== Epoch 135/1000 ===
[train] loss=4.2559 cls=0.4363 cme=2.1827 acc=0.9806 cells=158379
[ct_train] rechunked train graphs (seed=136)

=== Epoch 136/1000 ===
[train] loss=4.2552 cls=0.4355 cme=2.1826 acc=0.9805 cells=158379
[val]   loss=4.3079 eval=2.6409 cls=0.4184 cme=2.2226 acc=0.9749 cells=118036
[ct_train] early_stopping: no improve on val/eval_loss for 3/32 val checks
[ct_train] rechunked train graphs (seed=137)

=== Epoch 137/1000 ===
[train] loss=4.2551 cls=0.4352 cme=2.1828 acc=0.9809 cells=158379
[ct_train] rechunked train graphs (seed=138)

=== Epoch 138/1000 ===
[train] loss=4.2555 cls=0.4360 cme=2.1826 acc=0.9807 cells=158379
[val]   loss=4.3040 eval=2.6387 cls=0.4184 cme=2.2203 acc=0.9750 cells=118036
[ct_train] saved best checkpoint (val_eval_loss=2.6387 val_acc=0.9750)
[ct_train] rechunked train graphs (seed=139)

=== Epoch 139/1000 ===
[train] loss=4.2498 cls=0.4344 cme=2.1803 acc=0.9808 cells=158379
[ct_train] rechunked train graphs (seed=140)

=== Epoch 140/1000 ===
[train] loss=4.2537 cls=0.4346 cme=2.1824 acc=0.9807 cells=158379
[val]   loss=4.3053 eval=2.6394 cls=0.4183 cme=2.2212 acc=0.9748 cells=118036
[ct_train] early_stopping: no improve on val/eval_loss for 1/32 val checks
[ct_train] rechunked train graphs (seed=141)

=== Epoch 141/1000 ===
[train] loss=4.2524 cls=0.4344 cme=2.1817 acc=0.9809 cells=158379
[ct_train] rechunked train graphs (seed=142)

=== Epoch 142/1000 ===
[train] loss=4.2502 cls=0.4341 cme=2.1806 acc=0.9809 cells=158379
[val]   loss=4.3036 eval=2.6386 cls=0.4187 cme=2.2200 acc=0.9749 cells=118036
[ct_train] saved best checkpoint (val_eval_loss=2.6386 val_acc=0.9750)
[ct_train] early_stopping: no improve on val/eval_loss for 2/32 val checks
[ct_train] rechunked train graphs (seed=143)

=== Epoch 143/1000 ===
[train] loss=4.2449 cls=0.4335 cme=2.1780 acc=0.9809 cells=158379
[ct_train] rechunked train graphs (seed=144)

=== Epoch 144/1000 ===
[train] loss=4.2526 cls=0.4333 cme=2.1825 acc=0.9813 cells=158379
[val]   loss=4.3052 eval=2.6397 cls=0.4190 cme=2.2207 acc=0.9752 cells=118036
[ct_train] early_stopping: no improve on val/eval_loss for 3/32 val checks
[ct_train] rechunked train graphs (seed=145)

=== Epoch 145/1000 ===
[train] loss=4.2456 cls=0.4330 cme=2.1786 acc=0.9813 cells=158379
[ct_train] rechunked train graphs (seed=146)

=== Epoch 146/1000 ===
[train] loss=4.2490 cls=0.4336 cme=2.1802 acc=0.9812 cells=158379
[val]   loss=4.3038 eval=2.6390 cls=0.4192 cme=2.2198 acc=0.9750 cells=118036
[ct_train] early_stopping: no improve on val/eval_loss for 4/32 val checks
[ct_train] rechunked train graphs (seed=147)

=== Epoch 147/1000 ===
[train] loss=4.2504 cls=0.4329 cme=2.1815 acc=0.9815 cells=158379
[ct_train] rechunked train graphs (seed=148)

=== Epoch 148/1000 ===
[train] loss=4.2424 cls=0.4317 cme=2.1776 acc=0.9814 cells=158379
[val]   loss=4.3022 eval=2.6376 cls=0.4181 cme=2.2195 acc=0.9752 cells=118036
[ct_train] saved best checkpoint (val_eval_loss=2.6376 val_acc=0.9752)
[ct_train] rechunked train graphs (seed=149)

=== Epoch 149/1000 ===
[train] loss=4.2483 cls=0.4323 cme=2.1806 acc=0.9817 cells=158379
[ct_train] rechunked train graphs (seed=150)

=== Epoch 150/1000 ===
[train] loss=4.2437 cls=0.4323 cme=2.1779 acc=0.9812 cells=158379
[val]   loss=4.3018 eval=2.6375 cls=0.4184 cme=2.2191 acc=0.9750 cells=118036
[ct_train] saved best checkpoint (val_eval_loss=2.6375 val_acc=0.9752)
[ct_train] early_stopping: no improve on val/eval_loss for 1/32 val checks
[ct_train] rechunked train graphs (seed=151)

=== Epoch 151/1000 ===
[train] loss=4.2434 cls=0.4313 cme=2.1783 acc=0.9818 cells=158379
[ct_train] rechunked train graphs (seed=152)

=== Epoch 152/1000 ===
[train] loss=4.2441 cls=0.4311 cme=2.1788 acc=0.9818 cells=158379
[val]   loss=4.2993 eval=2.6356 cls=0.4174 cme=2.2182 acc=0.9752 cells=118036
[ct_train] saved best checkpoint (val_eval_loss=2.6356 val_acc=0.9752)
[ct_train] rechunked train graphs (seed=153)

=== Epoch 153/1000 ===
[train] loss=4.2419 cls=0.4308 cme=2.1778 acc=0.9818 cells=158379
[ct_train] rechunked train graphs (seed=154)

=== Epoch 154/1000 ===
[train] loss=4.2417 cls=0.4300 cme=2.1781 acc=0.9820 cells=158379
[val]   loss=4.3036 eval=2.6384 cls=0.4181 cme=2.2203 acc=0.9750 cells=118036
[ct_train] early_stopping: no improve on val/eval_loss for 1/32 val checks
[ct_train] rechunked train graphs (seed=155)

=== Epoch 155/1000 ===
[train] loss=4.2418 cls=0.4306 cme=2.1778 acc=0.9822 cells=158379
[ct_train] rechunked train graphs (seed=156)

=== Epoch 156/1000 ===
[train] loss=4.2424 cls=0.4306 cme=2.1782 acc=0.9818 cells=158379
[val]   loss=4.3033 eval=2.6389 cls=0.4197 cme=2.2192 acc=0.9746 cells=118036
[ct_train] early_stopping: no improve on val/eval_loss for 2/32 val checks
[ct_train] rechunked train graphs (seed=157)

=== Epoch 157/1000 ===
[train] loss=4.2405 cls=0.4306 cme=2.1771 acc=0.9819 cells=158379
[ct_train] rechunked train graphs (seed=158)

=== Epoch 158/1000 ===
[train] loss=4.2431 cls=0.4301 cme=2.1789 acc=0.9819 cells=158379
[val]   loss=4.2998 eval=2.6358 cls=0.4172 cme=2.2186 acc=0.9754 cells=118036
[ct_train] early_stopping: no improve on val/eval_loss for 3/32 val checks
[ct_train] rechunked train graphs (seed=159)

=== Epoch 159/1000 ===
[train] loss=4.2345 cls=0.4291 cme=2.1745 acc=0.9820 cells=158379
[ct_train] rechunked train graphs (seed=160)

=== Epoch 160/1000 ===
[train] loss=4.2403 cls=0.4302 cme=2.1772 acc=0.9819 cells=158379
[val]   loss=4.3041 eval=2.6385 cls=0.4178 cme=2.2207 acc=0.9752 cells=118036
[ct_train] early_stopping: no improve on val/eval_loss for 4/32 val checks
[ct_train] rechunked train graphs (seed=161)

=== Epoch 161/1000 ===
[train] loss=4.2386 cls=0.4299 cme=2.1764 acc=0.9819 cells=158379
[ct_train] rechunked train graphs (seed=162)

=== Epoch 162/1000 ===
[train] loss=4.2379 cls=0.4290 cme=2.1765 acc=0.9824 cells=158379
[val]   loss=4.2991 eval=2.6356 cls=0.4177 cme=2.2179 acc=0.9752 cells=118036
[ct_train] saved best checkpoint (val_eval_loss=2.6356 val_acc=0.9754)
[ct_train] early_stopping: no improve on val/eval_loss for 5/32 val checks
[ct_train] rechunked train graphs (seed=163)

=== Epoch 163/1000 ===
[train] loss=4.2375 cls=0.4282 cme=2.1768 acc=0.9824 cells=158379
[ct_train] rechunked train graphs (seed=164)

=== Epoch 164/1000 ===
[train] loss=4.2412 cls=0.4288 cme=2.1785 acc=0.9822 cells=158379
[val]   loss=4.3039 eval=2.6390 cls=0.4192 cme=2.2199 acc=0.9751 cells=118036
[ct_train] early_stopping: no improve on val/eval_loss for 6/32 val checks
[ct_train] rechunked train graphs (seed=165)

=== Epoch 165/1000 ===
[train] loss=4.2378 cls=0.4278 cme=2.1772 acc=0.9830 cells=158379
[ct_train] rechunked train graphs (seed=166)

=== Epoch 166/1000 ===
[train] loss=4.2386 cls=0.4276 cme=2.1777 acc=0.9827 cells=158379
[val]   loss=4.3011 eval=2.6369 cls=0.4180 cme=2.2189 acc=0.9751 cells=118036
[ct_train] early_stopping: no improve on val/eval_loss for 7/32 val checks
[ct_train] rechunked train graphs (seed=167)

=== Epoch 167/1000 ===
[train] loss=4.2326 cls=0.4275 cme=2.1743 acc=0.9824 cells=158379
[ct_train] rechunked train graphs (seed=168)

=== Epoch 168/1000 ===
[train] loss=4.2369 cls=0.4282 cme=2.1764 acc=0.9824 cells=158379
[val]   loss=4.2980 eval=2.6349 cls=0.4175 cme=2.2174 acc=0.9753 cells=118036
[ct_train] saved best checkpoint (val_eval_loss=2.6349 val_acc=0.9754)
[ct_train] rechunked train graphs (seed=169)

=== Epoch 169/1000 ===
[train] loss=4.2337 cls=0.4278 cme=2.1748 acc=0.9826 cells=158379
[ct_train] rechunked train graphs (seed=170)

=== Epoch 170/1000 ===
[train] loss=4.2351 cls=0.4278 cme=2.1756 acc=0.9827 cells=158379
[val]   loss=4.3028 eval=2.6381 cls=0.4185 cme=2.2196 acc=0.9752 cells=118036
[ct_train] early_stopping: no improve on val/eval_loss for 1/32 val checks
[ct_train] rechunked train graphs (seed=171)

=== Epoch 171/1000 ===
[train] loss=4.2312 cls=0.4269 cme=2.1739 acc=0.9832 cells=158379
[ct_train] rechunked train graphs (seed=172)

=== Epoch 172/1000 ===
[train] loss=4.2315 cls=0.4259 cme=2.1746 acc=0.9828 cells=158379
[val]   loss=4.2978 eval=2.6349 cls=0.4177 cme=2.2172 acc=0.9752 cells=118036
[ct_train] saved best checkpoint (val_eval_loss=2.6349 val_acc=0.9754)
[ct_train] early_stopping: no improve on val/eval_loss for 2/32 val checks
[ct_train] rechunked train graphs (seed=173)

=== Epoch 173/1000 ===
[train] loss=4.2313 cls=0.4266 cme=2.1741 acc=0.9829 cells=158379
[ct_train] rechunked train graphs (seed=174)

=== Epoch 174/1000 ===
[train] loss=4.2273 cls=0.4254 cme=2.1725 acc=0.9831 cells=158379
[val]   loss=4.3015 eval=2.6373 cls=0.4185 cme=2.2189 acc=0.9750 cells=118036
[ct_train] early_stopping: no improve on val/eval_loss for 3/32 val checks
[ct_train] rechunked train graphs (seed=175)

=== Epoch 175/1000 ===
[train] loss=4.2340 cls=0.4261 cme=2.1759 acc=0.9832 cells=158379
[ct_train] rechunked train graphs (seed=176)

=== Epoch 176/1000 ===
[train] loss=4.2278 cls=0.4259 cme=2.1725 acc=0.9831 cells=158379
[val]   loss=4.2969 eval=2.6336 cls=0.4160 cme=2.2176 acc=0.9756 cells=118036
[ct_train] saved best checkpoint (val_eval_loss=2.6336 val_acc=0.9756)
[ct_train] rechunked train graphs (seed=177)

=== Epoch 177/1000 ===
[train] loss=4.2274 cls=0.4252 cme=2.1727 acc=0.9835 cells=158379
[ct_train] rechunked train graphs (seed=178)

=== Epoch 178/1000 ===
[train] loss=4.2267 cls=0.4248 cme=2.1725 acc=0.9835 cells=158379
[val]   loss=4.3016 eval=2.6371 cls=0.4178 cme=2.2193 acc=0.9751 cells=118036
[ct_train] early_stopping: no improve on val/eval_loss for 1/32 val checks
[ct_train] rechunked train graphs (seed=179)

=== Epoch 179/1000 ===
[train] loss=4.2278 cls=0.4245 cme=2.1733 acc=0.9836 cells=158379
[ct_train] rechunked train graphs (seed=180)

=== Epoch 180/1000 ===
[train] loss=4.2272 cls=0.4245 cme=2.1730 acc=0.9838 cells=158379
[val]   loss=4.3044 eval=2.6387 cls=0.4178 cme=2.2209 acc=0.9754 cells=118036
[ct_train] early_stopping: no improve on val/eval_loss for 2/32 val checks
[ct_train] rechunked train graphs (seed=181)

=== Epoch 181/1000 ===
[train] loss=4.2296 cls=0.4242 cme=2.1745 acc=0.9840 cells=158379
[ct_train] rechunked train graphs (seed=182)

=== Epoch 182/1000 ===
[train] loss=4.2269 cls=0.4249 cme=2.1726 acc=0.9835 cells=158379
[val]   loss=4.3009 eval=2.6366 cls=0.4176 cme=2.2190 acc=0.9753 cells=118036
[ct_train] early_stopping: no improve on val/eval_loss for 3/32 val checks
[ct_train] rechunked train graphs (seed=183)

=== Epoch 183/1000 ===
[train] loss=4.2242 cls=0.4244 cme=2.1713 acc=0.9835 cells=158379
[ct_train] rechunked train graphs (seed=184)

=== Epoch 184/1000 ===
[train] loss=4.2246 cls=0.4239 cme=2.1718 acc=0.9836 cells=158379
[val]   loss=4.2977 eval=2.6347 cls=0.4175 cme=2.2173 acc=0.9751 cells=118036
[ct_train] early_stopping: no improve on val/eval_loss for 4/32 val checks
[ct_train] rechunked train graphs (seed=185)

=== Epoch 185/1000 ===
[train] loss=4.2195 cls=0.4231 cme=2.1694 acc=0.9840 cells=158379
[ct_train] rechunked train graphs (seed=186)

=== Epoch 186/1000 ===
[train] loss=4.2224 cls=0.4231 cme=2.1711 acc=0.9842 cells=158379
[val]   loss=4.2993 eval=2.6351 cls=0.4161 cme=2.2190 acc=0.9758 cells=118036
[ct_train] early_stopping: no improve on val/eval_loss for 5/32 val checks
[ct_train] rechunked train graphs (seed=187)

=== Epoch 187/1000 ===
[train] loss=4.2213 cls=0.4230 cme=2.1705 acc=0.9837 cells=158379
[ct_train] rechunked train graphs (seed=188)

=== Epoch 188/1000 ===
[train] loss=4.2217 cls=0.4232 cme=2.1705 acc=0.9839 cells=158379
[val]   loss=4.3024 eval=2.6381 cls=0.4190 cme=2.2191 acc=0.9748 cells=118036
[ct_train] early_stopping: no improve on val/eval_loss for 6/32 val checks
[ct_train] rechunked train graphs (seed=189)

=== Epoch 189/1000 ===
[train] loss=4.2224 cls=0.4227 cme=2.1713 acc=0.9839 cells=158379
[ct_train] rechunked train graphs (seed=190)

=== Epoch 190/1000 ===
[train] loss=4.2203 cls=0.4225 cme=2.1701 acc=0.9838 cells=158379
[val]   loss=4.2989 eval=2.6359 cls=0.4186 cme=2.2173 acc=0.9751 cells=118036
[ct_train] early_stopping: no improve on val/eval_loss for 7/32 val checks
[ct_train] rechunked train graphs (seed=191)

=== Epoch 191/1000 ===
[train] loss=4.2183 cls=0.4221 cme=2.1693 acc=0.9839 cells=158379
[ct_train] rechunked train graphs (seed=192)

=== Epoch 192/1000 ===
[train] loss=4.2180 cls=0.4227 cme=2.1688 acc=0.9841 cells=158379
[val]   loss=4.2953 eval=2.6328 cls=0.4162 cme=2.2166 acc=0.9757 cells=118036
[ct_train] saved best checkpoint (val_eval_loss=2.6328 val_acc=0.9758)
[ct_train] rechunked train graphs (seed=193)

=== Epoch 193/1000 ===
[train] loss=4.2177 cls=0.4216 cme=2.1692 acc=0.9843 cells=158379
[ct_train] rechunked train graphs (seed=194)

=== Epoch 194/1000 ===
[train] loss=4.2168 cls=0.4225 cme=2.1682 acc=0.9842 cells=158379
[val]   loss=4.2997 eval=2.6355 cls=0.4166 cme=2.2189 acc=0.9754 cells=118036
[ct_train] early_stopping: no improve on val/eval_loss for 1/32 val checks
[ct_train] rechunked train graphs (seed=195)

=== Epoch 195/1000 ===
[train] loss=4.2170 cls=0.4215 cme=2.1688 acc=0.9844 cells=158379
[ct_train] rechunked train graphs (seed=196)

=== Epoch 196/1000 ===
[train] loss=4.2144 cls=0.4218 cme=2.1672 acc=0.9840 cells=158379
[val]   loss=4.2996 eval=2.6351 cls=0.4157 cme=2.2194 acc=0.9762 cells=118036
[ct_train] early_stopping: no improve on val/eval_loss for 2/32 val checks
[ct_train] rechunked train graphs (seed=197)

=== Epoch 197/1000 ===
[train] loss=4.2175 cls=0.4211 cme=2.1694 acc=0.9845 cells=158379
[ct_train] rechunked train graphs (seed=198)

=== Epoch 198/1000 ===
[train] loss=4.2141 cls=0.4205 cme=2.1678 acc=0.9845 cells=158379
[val]   loss=4.3014 eval=2.6372 cls=0.4182 cme=2.2190 acc=0.9756 cells=118036
[ct_train] early_stopping: no improve on val/eval_loss for 3/32 val checks
[ct_train] rechunked train graphs (seed=199)

=== Epoch 199/1000 ===
[train] loss=4.2120 cls=0.4204 cme=2.1666 acc=0.9842 cells=158379
[ct_train] rechunked train graphs (seed=200)

=== Epoch 200/1000 ===
[train] loss=4.2153 cls=0.4208 cme=2.1683 acc=0.9846 cells=158379
[val]   loss=4.2996 eval=2.6353 cls=0.4163 cme=2.2190 acc=0.9759 cells=118036
[ct_train] early_stopping: no improve on val/eval_loss for 4/32 val checks
[ct_train] rechunked train graphs (seed=201)

=== Epoch 201/1000 ===
[train] loss=4.2128 cls=0.4203 cme=2.1671 acc=0.9848 cells=158379
[ct_train] rechunked train graphs (seed=202)

=== Epoch 202/1000 ===
[train] loss=4.2120 cls=0.4196 cme=2.1671 acc=0.9846 cells=158379
[val]   loss=4.2988 eval=2.6358 cls=0.4185 cme=2.2173 acc=0.9753 cells=118036
[ct_train] early_stopping: no improve on val/eval_loss for 5/32 val checks
[ct_train] rechunked train graphs (seed=203)

=== Epoch 203/1000 ===
[train] loss=4.2107 cls=0.4192 cme=2.1665 acc=0.9852 cells=158379
[ct_train] rechunked train graphs (seed=204)

=== Epoch 204/1000 ===
[train] loss=4.2129 cls=0.4194 cme=2.1677 acc=0.9850 cells=158379
[val]   loss=4.2983 eval=2.6356 cls=0.4186 cme=2.2170 acc=0.9754 cells=118036
[ct_train] early_stopping: no improve on val/eval_loss for 6/32 val checks
[ct_train] rechunked train graphs (seed=205)

=== Epoch 205/1000 ===
[train] loss=4.2136 cls=0.4196 cme=2.1680 acc=0.9848 cells=158379
[ct_train] rechunked train graphs (seed=206)

=== Epoch 206/1000 ===
[train] loss=4.2094 cls=0.4191 cme=2.1659 acc=0.9852 cells=158379
[val]   loss=4.2985 eval=2.6353 cls=0.4177 cme=2.2177 acc=0.9756 cells=118036
[ct_train] early_stopping: no improve on val/eval_loss for 7/32 val checks
[ct_train] rechunked train graphs (seed=207)

=== Epoch 207/1000 ===
[train] loss=4.2090 cls=0.4189 cme=2.1658 acc=0.9852 cells=158379
[ct_train] rechunked train graphs (seed=208)

=== Epoch 208/1000 ===
[train] loss=4.2108 cls=0.4179 cme=2.1674 acc=0.9856 cells=158379
[val]   loss=4.3031 eval=2.6381 cls=0.4181 cme=2.2200 acc=0.9752 cells=118036
[ct_train] early_stopping: no improve on val/eval_loss for 8/32 val checks
[ct_train] rechunked train graphs (seed=209)

=== Epoch 209/1000 ===
[train] loss=4.2077 cls=0.4183 cme=2.1654 acc=0.9854 cells=158379
[ct_train] rechunked train graphs (seed=210)

=== Epoch 210/1000 ===
[train] loss=4.2084 cls=0.4187 cme=2.1655 acc=0.9853 cells=158379
[val]   loss=4.2962 eval=2.6336 cls=0.4167 cme=2.2168 acc=0.9756 cells=118036
[ct_train] early_stopping: no improve on val/eval_loss for 9/32 val checks
[ct_train] rechunked train graphs (seed=211)

=== Epoch 211/1000 ===
[train] loss=4.2064 cls=0.4181 cme=2.1647 acc=0.9854 cells=158379
[ct_train] rechunked train graphs (seed=212)

=== Epoch 212/1000 ===
[train] loss=4.2091 cls=0.4179 cme=2.1664 acc=0.9854 cells=158379
[val]   loss=4.2953 eval=2.6332 cls=0.4169 cme=2.2162 acc=0.9758 cells=118036
[ct_train] early_stopping: no improve on val/eval_loss for 10/32 val checks
[ct_train] rechunked train graphs (seed=213)

=== Epoch 213/1000 ===
[train] loss=4.2073 cls=0.4176 cme=2.1656 acc=0.9855 cells=158379
[ct_train] rechunked train graphs (seed=214)

=== Epoch 214/1000 ===
[train] loss=4.2062 cls=0.4170 cme=2.1653 acc=0.9860 cells=158379
[val]   loss=4.2973 eval=2.6344 cls=0.4174 cme=2.2171 acc=0.9753 cells=118036
[ct_train] early_stopping: no improve on val/eval_loss for 11/32 val checks
[ct_train] rechunked train graphs (seed=215)

=== Epoch 215/1000 ===
[train] loss=4.2074 cls=0.4176 cme=2.1656 acc=0.9854 cells=158379
[ct_train] rechunked train graphs (seed=216)

=== Epoch 216/1000 ===
[train] loss=4.2106 cls=0.4174 cme=2.1676 acc=0.9854 cells=158379
[val]   loss=4.3001 eval=2.6362 cls=0.4176 cme=2.2185 acc=0.9755 cells=118036
[ct_train] early_stopping: no improve on val/eval_loss for 12/32 val checks
[ct_train] rechunked train graphs (seed=217)

=== Epoch 217/1000 ===
[train] loss=4.2020 cls=0.4165 cme=2.1632 acc=0.9860 cells=158379
[ct_train] rechunked train graphs (seed=218)

=== Epoch 218/1000 ===
[train] loss=4.2022 cls=0.4165 cme=2.1633 acc=0.9860 cells=158379
[val]   loss=4.2983 eval=2.6354 cls=0.4182 cme=2.2172 acc=0.9753 cells=118036
[ct_train] early_stopping: no improve on val/eval_loss for 13/32 val checks
[ct_train] rechunked train graphs (seed=219)

=== Epoch 219/1000 ===
[train] loss=4.2035 cls=0.4162 cme=2.1642 acc=0.9857 cells=158379
[ct_train] rechunked train graphs (seed=220)

=== Epoch 220/1000 ===
[train] loss=4.2033 cls=0.4168 cme=2.1637 acc=0.9857 cells=158379
[val]   loss=4.2992 eval=2.6363 cls=0.4191 cme=2.2172 acc=0.9749 cells=118036
[ct_train] early_stopping: no improve on val/eval_loss for 14/32 val checks
[ct_train] rechunked train graphs (seed=221)

=== Epoch 221/1000 ===
[train] loss=4.2033 cls=0.4171 cme=2.1636 acc=0.9856 cells=158379
[ct_train] rechunked train graphs (seed=222)

=== Epoch 222/1000 ===
[train] loss=4.2062 cls=0.4162 cme=2.1657 acc=0.9857 cells=158379
[val]   loss=4.2972 eval=2.6354 cls=0.4197 cme=2.2157 acc=0.9753 cells=118036
[ct_train] early_stopping: no improve on val/eval_loss for 15/32 val checks
[ct_train] rechunked train graphs (seed=223)

=== Epoch 223/1000 ===
[train] loss=4.2040 cls=0.4160 cme=2.1645 acc=0.9858 cells=158379
[ct_train] rechunked train graphs (seed=224)

=== Epoch 224/1000 ===
[train] loss=4.2006 cls=0.4154 cme=2.1630 acc=0.9863 cells=158379
[val]   loss=4.2981 eval=2.6350 cls=0.4176 cme=2.2174 acc=0.9759 cells=118036
[ct_train] early_stopping: no improve on val/eval_loss for 16/32 val checks
[ct_train] rechunked train graphs (seed=225)

=== Epoch 225/1000 ===
[train] loss=4.2025 cls=0.4155 cme=2.1640 acc=0.9862 cells=158379
[ct_train] rechunked train graphs (seed=226)

=== Epoch 226/1000 ===
[train] loss=4.2023 cls=0.4155 cme=2.1639 acc=0.9861 cells=158379
[val]   loss=4.3002 eval=2.6363 cls=0.4178 cme=2.2185 acc=0.9755 cells=118036
[ct_train] early_stopping: no improve on val/eval_loss for 17/32 val checks
[ct_train] rechunked train graphs (seed=227)

=== Epoch 227/1000 ===
[train] loss=4.2005 cls=0.4154 cme=2.1629 acc=0.9861 cells=158379
[ct_train] rechunked train graphs (seed=228)

=== Epoch 228/1000 ===
[train] loss=4.2022 cls=0.4144 cme=2.1644 acc=0.9864 cells=158379
[val]   loss=4.2977 eval=2.6352 cls=0.4186 cme=2.2166 acc=0.9752 cells=118036
[ct_train] early_stopping: no improve on val/eval_loss for 18/32 val checks
[ct_train] rechunked train graphs (seed=229)

=== Epoch 229/1000 ===
[train] loss=4.1999 cls=0.4147 cme=2.1630 acc=0.9865 cells=158379
[ct_train] rechunked train graphs (seed=230)

=== Epoch 230/1000 ===
[train] loss=4.1962 cls=0.4145 cme=2.1609 acc=0.9862 cells=158379
[val]   loss=4.3017 eval=2.6383 cls=0.4204 cme=2.2179 acc=0.9751 cells=118036
[ct_train] early_stopping: no improve on val/eval_loss for 19/32 val checks
[ct_train] rechunked train graphs (seed=231)

=== Epoch 231/1000 ===
[train] loss=4.1995 cls=0.4142 cme=2.1630 acc=0.9863 cells=158379
[ct_train] rechunked train graphs (seed=232)

=== Epoch 232/1000 ===
[train] loss=4.1984 cls=0.4147 cme=2.1621 acc=0.9862 cells=158379
[val]   loss=4.2998 eval=2.6366 cls=0.4191 cme=2.2175 acc=0.9751 cells=118036
[ct_train] early_stopping: no improve on val/eval_loss for 20/32 val checks
[ct_train] rechunked train graphs (seed=233)

=== Epoch 233/1000 ===
[train] loss=4.2010 cls=0.4143 cme=2.1638 acc=0.9866 cells=158379
[ct_train] rechunked train graphs (seed=234)

=== Epoch 234/1000 ===
[train] loss=4.1987 cls=0.4143 cme=2.1625 acc=0.9862 cells=158379
[val]   loss=4.2959 eval=2.6338 cls=0.4177 cme=2.2161 acc=0.9756 cells=118036
[ct_train] early_stopping: no improve on val/eval_loss for 21/32 val checks
[ct_train] rechunked train graphs (seed=235)

=== Epoch 235/1000 ===
[train] loss=4.1959 cls=0.4143 cme=2.1609 acc=0.9864 cells=158379
[ct_train] rechunked train graphs (seed=236)

=== Epoch 236/1000 ===
[train] loss=4.1989 cls=0.4141 cme=2.1627 acc=0.9863 cells=158379
[val]   loss=4.2964 eval=2.6343 cls=0.4182 cme=2.2161 acc=0.9753 cells=118036
[ct_train] early_stopping: no improve on val/eval_loss for 22/32 val checks
[ct_train] rechunked train graphs (seed=237)

=== Epoch 237/1000 ===
[train] loss=4.1963 cls=0.4131 cme=2.1618 acc=0.9867 cells=158379
[ct_train] rechunked train graphs (seed=238)

=== Epoch 238/1000 ===
[train] loss=4.1946 cls=0.4130 cme=2.1609 acc=0.9867 cells=158379
[val]   loss=4.3031 eval=2.6381 cls=0.4181 cme=2.2200 acc=0.9758 cells=118036
[ct_train] early_stopping: no improve on val/eval_loss for 23/32 val checks
[ct_train] rechunked train graphs (seed=239)

=== Epoch 239/1000 ===
[train] loss=4.1933 cls=0.4134 cme=2.1599 acc=0.9864 cells=158379
[ct_train] rechunked train graphs (seed=240)

=== Epoch 240/1000 ===
[train] loss=4.1886 cls=0.4133 cme=2.1574 acc=0.9867 cells=158379
[val]   loss=4.3003 eval=2.6367 cls=0.4186 cme=2.2181 acc=0.9757 cells=118036
[ct_train] early_stopping: no improve on val/eval_loss for 24/32 val checks
[ct_train] rechunked train graphs (seed=241)

=== Epoch 241/1000 ===
[train] loss=4.1965 cls=0.4132 cme=2.1619 acc=0.9866 cells=158379
[ct_train] rechunked train graphs (seed=242)

=== Epoch 242/1000 ===
[train] loss=4.1956 cls=0.4122 cme=2.1619 acc=0.9869 cells=158379
[val]   loss=4.3049 eval=2.6395 cls=0.4189 cme=2.2206 acc=0.9757 cells=118036
[ct_train] early_stopping: no improve on val/eval_loss for 25/32 val checks
[ct_train] rechunked train graphs (seed=243)

=== Epoch 243/1000 ===
[train] loss=4.1959 cls=0.4122 cme=2.1622 acc=0.9870 cells=158379
[ct_train] rechunked train graphs (seed=244)

=== Epoch 244/1000 ===
[train] loss=4.1941 cls=0.4130 cme=2.1606 acc=0.9867 cells=158379
[val]   loss=4.3000 eval=2.6365 cls=0.4184 cme=2.2181 acc=0.9754 cells=118036
[ct_train] early_stopping: no improve on val/eval_loss for 26/32 val checks
[ct_train] rechunked train graphs (seed=245)

=== Epoch 245/1000 ===
[train] loss=4.1910 cls=0.4122 cme=2.1593 acc=0.9871 cells=158379
[ct_train] rechunked train graphs (seed=246)

=== Epoch 246/1000 ===
[train] loss=4.1903 cls=0.4124 cme=2.1588 acc=0.9868 cells=158379
[val]   loss=4.2966 eval=2.6347 cls=0.4189 cme=2.2158 acc=0.9755 cells=118036
[ct_train] early_stopping: no improve on val/eval_loss for 27/32 val checks
[ct_train] rechunked train graphs (seed=247)

=== Epoch 247/1000 ===
[train] loss=4.1918 cls=0.4119 cme=2.1599 acc=0.9873 cells=158379
[ct_train] rechunked train graphs (seed=248)

=== Epoch 248/1000 ===
[train] loss=4.1900 cls=0.4109 cme=2.1595 acc=0.9873 cells=158379
[val]   loss=4.2997 eval=2.6368 cls=0.4197 cme=2.2171 acc=0.9752 cells=118036
[ct_train] early_stopping: no improve on val/eval_loss for 28/32 val checks
[ct_train] rechunked train graphs (seed=249)

=== Epoch 249/1000 ===
[train] loss=4.1896 cls=0.4122 cme=2.1585 acc=0.9871 cells=158379
[ct_train] rechunked train graphs (seed=250)

=== Epoch 250/1000 ===
[train] loss=4.1906 cls=0.4108 cme=2.1598 acc=0.9875 cells=158379
[val]   loss=4.3041 eval=2.6392 cls=0.4195 cme=2.2197 acc=0.9754 cells=118036
[ct_train] early_stopping: no improve on val/eval_loss for 29/32 val checks
[ct_train] rechunked train graphs (seed=251)

=== Epoch 251/1000 ===
[train] loss=4.1899 cls=0.4115 cme=2.1591 acc=0.9872 cells=158379
[ct_train] rechunked train graphs (seed=252)

=== Epoch 252/1000 ===
[train] loss=4.1833 cls=0.4108 cme=2.1557 acc=0.9874 cells=158379
[val]   loss=4.2974 eval=2.6353 cls=0.4192 cme=2.2161 acc=0.9756 cells=118036
[ct_train] early_stopping: no improve on val/eval_loss for 30/32 val checks
[ct_train] rechunked train graphs (seed=253)

=== Epoch 253/1000 ===
[train] loss=4.1837 cls=0.4098 cme=2.1565 acc=0.9878 cells=158379
[ct_train] rechunked train graphs (seed=254)

=== Epoch 254/1000 ===
[train] loss=4.1912 cls=0.4107 cme=2.1603 acc=0.9874 cells=158379
[val]   loss=4.2997 eval=2.6370 cls=0.4201 cme=2.2169 acc=0.9753 cells=118036
[ct_train] early_stopping: no improve on val/eval_loss for 31/32 val checks
[ct_train] rechunked train graphs (seed=255)

=== Epoch 255/1000 ===
[train] loss=4.1865 cls=0.4103 cme=2.1579 acc=0.9873 cells=158379
[ct_train] rechunked train graphs (seed=256)

=== Epoch 256/1000 ===
[train] loss=4.1879 cls=0.4107 cme=2.1584 acc=0.9877 cells=158379
[val]   loss=4.2990 eval=2.6359 cls=0.4184 cme=2.2174 acc=0.9760 cells=118036
[ct_train] early_stopping: no improve on val/eval_loss for 32/32 val checks
[ct_train] early stopping at epoch 256 (patience=32, monitor=val/eval_loss)

[ct_train] done. best_val_acc=0.9762  best_val_eval_loss=2.6328  checkpoints=/home/abel/code/Tissue-Reassembly-using-GenAI-and-new-metrics/exploration/cell_types/outputs/exp024_lr1p5e4  logs=/home/abel/code/Tissue-Reassembly-using-GenAI-and-new-metrics/exploration/cell_types/logs/exp024_lr1p5e4/20260807_205734
wandb: updating run metadata
wandb: uploading output.log; uploading wandb-summary.json; uploading config.yaml
wandb: uploading history steps 253-256, summary, console lines 1289-1304
wandb: 
wandb: Run summary:
wandb:                      best_epoch 192
wandb:                    best_val_acc 0.97615
wandb:              best_val_eval_loss 2.63283
wandb:                           epoch 256
wandb:                              lr 0.00015
wandb:           model/parameter_count 1149980
wandb: model/trainable_parameter_count 1149980
wandb:                       train/acc 0.98766
wandb:       train/acc_per_class/Astro 0.99221
wandb:        train/acc_per_class/Endo 0.98377
wandb:                             +54 ...
wandb: 
wandb:  View run exp024_lr1p5e4 at: https://wandb.ai/abel-salmona-polytechnique-montr-al/cell_types/runs/md38mb6j
wandb:  View project at: https://wandb.ai/abel-salmona-polytechnique-montr-al/cell_types
wandb: Synced 5 W&B file(s), 1 media file(s), 2 artifact file(s) and 1 other file(s)
wandb: Find logs at: ./exploration/cell_types/logs/exp024_lr1p5e4/20260807_205734/wandb/run-20260807_205741-md38mb6j/logs
