[ct_train] config=exploration/cell_types/experiments/configs/exp047_best_seed3.json
[ct_train] device=cuda  checkpoints=/home/abel/code/Tissue-Reassembly-using-GenAI-and-new-metrics/exploration/cell_types/outputs/exp047_best_seed3
[ct_train] logs=/home/abel/code/Tissue-Reassembly-using-GenAI-and-new-metrics/exploration/cell_types/logs/exp047_best_seed3/20260807_214920
[ct_train] Loading data …
[DataModule] Reading '/home/abel/biodata/MERFISH_LUNA_small_cortex/MERFISH_mouse_cortex_train.csv' (split=train) with float32 dtype on 254 gene cols + coord cols …
[DataModule] Loaded 158,379 rows for split=train.
[DataModule] Reading '/home/abel/biodata/MERFISH_LUNA_small_cortex/MERFISH_mouse_cortex_test.csv' (split=test) with float32 dtype on 254 gene cols + coord cols …
[DataModule] Loaded 118,036 rows for split=test.
[DataModule] Reading '/home/abel/biodata/MERFISH_LUNA_small_cortex/MERFISH_mouse_cortex_test.csv' (split=validation) with float32 dtype on 254 gene cols + coord cols …
[DataModule] Loaded 118,036 rows for split=validation.
[ct_train] genes=254  classes=23
[ct_train] model predict_cme=True  params=1,272,988
[ct_train] soft CME loaded split=train sigma=96.0 n=158379 C=23
[ct_train] soft CME loaded split=validation sigma=96.0 n=118036 C=23
wandb: [wandb.login()] Loaded credentials for https://api.wandb.ai from /home/abel/.netrc.
wandb: Currently logged in as: abel-salmona (abel-salmona-polytechnique-montr-al) to https://api.wandb.ai. Use `wandb login --relogin` to force relogin
wandb: WARNING Using a boolean value for 'reinit' is deprecated. Use 'return_previous' or 'finish_previous' instead.
wandb: setting up run o1ji8woi
wandb: Tracking run with wandb version 0.26.1
wandb: Run data is saved locally in /home/abel/code/Tissue-Reassembly-using-GenAI-and-new-metrics/exploration/cell_types/logs/exp047_best_seed3/20260807_214920/wandb/run-20260807_214928-o1ji8woi
wandb: Run `wandb offline` to turn off syncing.
wandb: Syncing run exp047_best_seed3
wandb:  View project at https://wandb.ai/abel-salmona-polytechnique-montr-al/cell_types
wandb:  View run at https://wandb.ai/abel-salmona-polytechnique-montr-al/cell_types/runs/o1ji8woi
wandb: WARNING Saving files without folders. If you want to preserve subdirectories pass base_path to wandb.save, i.e. wandb.save("/mnt/folder/file.h5", base_path="/mnt")
wandb: WARNING Symlinked 1 file into the W&B run directory; call wandb.save again to sync new files.
[ct_train] wandb: project=cell_types name=exp047_best_seed3 mode=online url=https://wandb.ai/abel-salmona-polytechnique-montr-al/cell_types/runs/o1ji8woi
[ct_train] parameters: total=1,272,988 trainable=1,272,988
  [params] mlp_in_node_features: 26,720
  [params] transformer_layers: 633,600
  [params] type_stage1: 19,072
  [params] env_stage1: 93,056
  [params] type_probe: 1,495
  [params] env_probe: 7,383
  [params] fusion_mlp: 370,656
  [params] type_stage2: 20,567
  [params] env_stage2: 100,439
[ct_train] rechunked train graphs (seed=1)

=== Epoch 1/1000 ===
[train] loss=8.1435 cls=2.6339 cme=2.7548 acc=0.3052 cells=158379
[ct_train] rechunked train graphs (seed=2)

=== Epoch 2/1000 ===
[train] loss=6.7443 cls=1.7336 cme=2.5053 acc=0.6485 cells=158379
[val]   loss=6.1395 eval=3.6932 cls=1.2468 cme=2.4464 acc=0.7611 cells=118036
[ct_train] saved best checkpoint (val_eval_loss=3.6932 val_acc=0.7611)
[ct_train] rechunked train graphs (seed=3)

=== Epoch 3/1000 ===
[train] loss=6.0009 cls=1.1802 cme=2.4104 acc=0.7831 cells=158379
[ct_train] rechunked train graphs (seed=4)

=== Epoch 4/1000 ===
[train] loss=5.6288 cls=0.8885 cme=2.3702 acc=0.8612 cells=158379
[val]   loss=5.3816 eval=3.0258 cls=0.6700 cme=2.3558 acc=0.9093 cells=118036
[ct_train] saved best checkpoint (val_eval_loss=3.0258 val_acc=0.9093)
[ct_train] rechunked train graphs (seed=5)

=== Epoch 5/1000 ===
[train] loss=5.4082 cls=0.7336 cme=2.3373 acc=0.9046 cells=158379
[ct_train] rechunked train graphs (seed=6)

=== Epoch 6/1000 ===
[train] loss=5.2840 cls=0.6478 cme=2.3181 acc=0.9273 cells=158379
[val]   loss=5.1534 eval=2.8412 cls=0.5291 cme=2.3121 acc=0.9458 cells=118036
[ct_train] saved best checkpoint (val_eval_loss=2.8412 val_acc=0.9458)
[ct_train] rechunked train graphs (seed=7)

=== Epoch 7/1000 ===
[train] loss=5.2169 cls=0.6005 cme=2.3082 acc=0.9379 cells=158379
[ct_train] rechunked train graphs (seed=8)

=== Epoch 8/1000 ===
[train] loss=5.1662 cls=0.5747 cme=2.2958 acc=0.9433 cells=158379
[val]   loss=5.0841 eval=2.7904 cls=0.4967 cme=2.2937 acc=0.9526 cells=118036
[ct_train] saved best checkpoint (val_eval_loss=2.7904 val_acc=0.9526)
[ct_train] rechunked train graphs (seed=9)

=== Epoch 9/1000 ===
[train] loss=5.1566 cls=0.5633 cme=2.2967 acc=0.9458 cells=158379
[ct_train] rechunked train graphs (seed=10)

=== Epoch 10/1000 ===
[train] loss=5.1185 cls=0.5499 cme=2.2843 acc=0.9487 cells=158379
[val]   loss=5.0455 eval=2.7645 cls=0.4835 cme=2.2810 acc=0.9558 cells=118036
[ct_train] saved best checkpoint (val_eval_loss=2.7645 val_acc=0.9558)
[ct_train] rechunked train graphs (seed=11)

=== Epoch 11/1000 ===
[train] loss=5.1052 cls=0.5446 cme=2.2803 acc=0.9504 cells=158379
[ct_train] rechunked train graphs (seed=12)

=== Epoch 12/1000 ===
[train] loss=5.0819 cls=0.5355 cme=2.2732 acc=0.9517 cells=158379
[val]   loss=5.0171 eval=2.7465 cls=0.4760 cme=2.2706 acc=0.9574 cells=118036
[ct_train] saved best checkpoint (val_eval_loss=2.7465 val_acc=0.9574)
[ct_train] rechunked train graphs (seed=13)

=== Epoch 13/1000 ===
[train] loss=5.0559 cls=0.5250 cme=2.2655 acc=0.9541 cells=158379
[ct_train] rechunked train graphs (seed=14)

=== Epoch 14/1000 ===
[train] loss=5.0415 cls=0.5221 cme=2.2597 acc=0.9546 cells=158379
[val]   loss=4.9960 eval=2.7310 cls=0.4660 cme=2.2650 acc=0.9606 cells=118036
[ct_train] saved best checkpoint (val_eval_loss=2.7310 val_acc=0.9606)
[ct_train] rechunked train graphs (seed=15)

=== Epoch 15/1000 ===
[train] loss=5.0301 cls=0.5143 cme=2.2579 acc=0.9564 cells=158379
[ct_train] rechunked train graphs (seed=16)

=== Epoch 16/1000 ===
[train] loss=5.0232 cls=0.5099 cme=2.2566 acc=0.9578 cells=158379
[val]   loss=4.9782 eval=2.7190 cls=0.4598 cme=2.2592 acc=0.9614 cells=118036
[ct_train] saved best checkpoint (val_eval_loss=2.7190 val_acc=0.9614)
[ct_train] rechunked train graphs (seed=17)

=== Epoch 17/1000 ===
[train] loss=5.0068 cls=0.5046 cme=2.2511 acc=0.9585 cells=158379
[ct_train] rechunked train graphs (seed=18)

=== Epoch 18/1000 ===
[train] loss=4.9934 cls=0.5025 cme=2.2455 acc=0.9597 cells=158379
[val]   loss=4.9692 eval=2.7136 cls=0.4580 cme=2.2556 acc=0.9630 cells=118036
[ct_train] saved best checkpoint (val_eval_loss=2.7136 val_acc=0.9630)
[ct_train] rechunked train graphs (seed=19)

=== Epoch 19/1000 ===
[train] loss=4.9894 cls=0.4971 cme=2.2461 acc=0.9610 cells=158379
[ct_train] rechunked train graphs (seed=20)

=== Epoch 20/1000 ===
[train] loss=4.9917 cls=0.4964 cme=2.2477 acc=0.9613 cells=158379
[val]   loss=4.9614 eval=2.7064 cls=0.4513 cme=2.2551 acc=0.9638 cells=118036
[ct_train] saved best checkpoint (val_eval_loss=2.7064 val_acc=0.9638)
[ct_train] rechunked train graphs (seed=21)

=== Epoch 21/1000 ===
[train] loss=4.9804 cls=0.4914 cme=2.2445 acc=0.9623 cells=158379
[ct_train] rechunked train graphs (seed=22)

=== Epoch 22/1000 ===
[train] loss=4.9614 cls=0.4886 cme=2.2364 acc=0.9627 cells=158379
[val]   loss=4.9447 eval=2.6955 cls=0.4464 cme=2.2491 acc=0.9655 cells=118036
[ct_train] saved best checkpoint (val_eval_loss=2.6955 val_acc=0.9655)
[ct_train] rechunked train graphs (seed=23)

=== Epoch 23/1000 ===
[train] loss=4.9648 cls=0.4859 cme=2.2394 acc=0.9632 cells=158379
[ct_train] rechunked train graphs (seed=24)

=== Epoch 24/1000 ===
[train] loss=4.9534 cls=0.4819 cme=2.2357 acc=0.9645 cells=158379
[val]   loss=4.9498 eval=2.6978 cls=0.4458 cme=2.2520 acc=0.9657 cells=118036
[ct_train] early_stopping: no improve on val/eval_loss for 1/36 val checks
[ct_train] rechunked train graphs (seed=25)

=== Epoch 25/1000 ===
[train] loss=4.9543 cls=0.4805 cme=2.2369 acc=0.9646 cells=158379
[ct_train] rechunked train graphs (seed=26)

=== Epoch 26/1000 ===
[train] loss=4.9479 cls=0.4794 cme=2.2342 acc=0.9648 cells=158379
[val]   loss=4.9266 eval=2.6840 cls=0.4414 cme=2.2426 acc=0.9677 cells=118036
[ct_train] saved best checkpoint (val_eval_loss=2.6840 val_acc=0.9677)
[ct_train] rechunked train graphs (seed=27)

=== Epoch 27/1000 ===
[train] loss=4.9383 cls=0.4763 cme=2.2310 acc=0.9655 cells=158379
[ct_train] rechunked train graphs (seed=28)

=== Epoch 28/1000 ===
[train] loss=4.9300 cls=0.4739 cme=2.2280 acc=0.9662 cells=158379
[val]   loss=4.9230 eval=2.6809 cls=0.4388 cme=2.2421 acc=0.9677 cells=118036
[ct_train] saved best checkpoint (val_eval_loss=2.6809 val_acc=0.9677)
[ct_train] rechunked train graphs (seed=29)

=== Epoch 29/1000 ===
[train] loss=4.9383 cls=0.4736 cme=2.2324 acc=0.9666 cells=158379
[ct_train] rechunked train graphs (seed=30)

=== Epoch 30/1000 ===
[train] loss=4.9198 cls=0.4716 cme=2.2241 acc=0.9664 cells=158379
[val]   loss=4.9103 eval=2.6732 cls=0.4361 cme=2.2371 acc=0.9687 cells=118036
[ct_train] saved best checkpoint (val_eval_loss=2.6732 val_acc=0.9687)
[ct_train] rechunked train graphs (seed=31)

=== Epoch 31/1000 ===
[train] loss=4.9150 cls=0.4701 cme=2.2225 acc=0.9671 cells=158379
[ct_train] rechunked train graphs (seed=32)

=== Epoch 32/1000 ===
[train] loss=4.9078 cls=0.4650 cme=2.2214 acc=0.9681 cells=158379
[val]   loss=4.9194 eval=2.6771 cls=0.4347 cme=2.2424 acc=0.9686 cells=118036
[ct_train] early_stopping: no improve on val/eval_loss for 1/36 val checks
[ct_train] rechunked train graphs (seed=33)

=== Epoch 33/1000 ===
[train] loss=4.9046 cls=0.4659 cme=2.2194 acc=0.9685 cells=158379
[ct_train] rechunked train graphs (seed=34)

=== Epoch 34/1000 ===
[train] loss=4.9102 cls=0.4645 cme=2.2228 acc=0.9689 cells=158379
[val]   loss=4.9129 eval=2.6747 cls=0.4365 cme=2.2382 acc=0.9686 cells=118036
[ct_train] early_stopping: no improve on val/eval_loss for 2/36 val checks
[ct_train] rechunked train graphs (seed=35)

=== Epoch 35/1000 ===
[train] loss=4.9006 cls=0.4622 cme=2.2192 acc=0.9689 cells=158379
[ct_train] rechunked train graphs (seed=36)

=== Epoch 36/1000 ===
[train] loss=4.8954 cls=0.4614 cme=2.2170 acc=0.9697 cells=158379
[val]   loss=4.9009 eval=2.6670 cls=0.4331 cme=2.2339 acc=0.9692 cells=118036
[ct_train] saved best checkpoint (val_eval_loss=2.6670 val_acc=0.9692)
[ct_train] rechunked train graphs (seed=37)

=== Epoch 37/1000 ===
[train] loss=4.8934 cls=0.4602 cme=2.2166 acc=0.9696 cells=158379
[ct_train] rechunked train graphs (seed=38)

=== Epoch 38/1000 ===
[train] loss=4.8990 cls=0.4601 cme=2.2194 acc=0.9700 cells=158379
[val]   loss=4.8963 eval=2.6648 cls=0.4333 cme=2.2315 acc=0.9690 cells=118036
[ct_train] saved best checkpoint (val_eval_loss=2.6648 val_acc=0.9692)
[ct_train] rechunked train graphs (seed=39)

=== Epoch 39/1000 ===
[train] loss=4.8849 cls=0.4582 cme=2.2134 acc=0.9701 cells=158379
[ct_train] rechunked train graphs (seed=40)

=== Epoch 40/1000 ===
[train] loss=4.8762 cls=0.4551 cme=2.2105 acc=0.9708 cells=158379
[val]   loss=4.8909 eval=2.6604 cls=0.4298 cme=2.2305 acc=0.9704 cells=118036
[ct_train] saved best checkpoint (val_eval_loss=2.6604 val_acc=0.9704)
[ct_train] rechunked train graphs (seed=41)

=== Epoch 41/1000 ===
[train] loss=4.8759 cls=0.4552 cme=2.2103 acc=0.9709 cells=158379
[ct_train] rechunked train graphs (seed=42)

=== Epoch 42/1000 ===
[train] loss=4.8816 cls=0.4555 cme=2.2130 acc=0.9712 cells=158379
[val]   loss=4.8890 eval=2.6579 cls=0.4268 cme=2.2311 acc=0.9707 cells=118036
[ct_train] saved best checkpoint (val_eval_loss=2.6579 val_acc=0.9707)
[ct_train] rechunked train graphs (seed=43)

=== Epoch 43/1000 ===
[train] loss=4.8833 cls=0.4546 cme=2.2144 acc=0.9712 cells=158379
[ct_train] rechunked train graphs (seed=44)

=== Epoch 44/1000 ===
[train] loss=4.8836 cls=0.4524 cme=2.2156 acc=0.9717 cells=158379
[val]   loss=4.8931 eval=2.6612 cls=0.4293 cme=2.2319 acc=0.9701 cells=118036
[ct_train] early_stopping: no improve on val/eval_loss for 1/36 val checks
[ct_train] rechunked train graphs (seed=45)

=== Epoch 45/1000 ===
[train] loss=4.8781 cls=0.4523 cme=2.2129 acc=0.9718 cells=158379
[ct_train] rechunked train graphs (seed=46)

=== Epoch 46/1000 ===
[train] loss=4.8637 cls=0.4505 cme=2.2066 acc=0.9722 cells=158379
[val]   loss=4.8801 eval=2.6537 cls=0.4272 cme=2.2265 acc=0.9708 cells=118036
[ct_train] saved best checkpoint (val_eval_loss=2.6537 val_acc=0.9708)
[ct_train] rechunked train graphs (seed=47)

=== Epoch 47/1000 ===
[train] loss=4.8701 cls=0.4492 cme=2.2104 acc=0.9724 cells=158379
[ct_train] rechunked train graphs (seed=48)

=== Epoch 48/1000 ===
[train] loss=4.8650 cls=0.4485 cme=2.2082 acc=0.9731 cells=158379
[val]   loss=4.8823 eval=2.6543 cls=0.4264 cme=2.2280 acc=0.9710 cells=118036
[ct_train] early_stopping: no improve on val/eval_loss for 1/36 val checks
[ct_train] rechunked train graphs (seed=49)

=== Epoch 49/1000 ===
[train] loss=4.8593 cls=0.4471 cme=2.2061 acc=0.9731 cells=158379
[ct_train] rechunked train graphs (seed=50)

=== Epoch 50/1000 ===
[train] loss=4.8564 cls=0.4466 cme=2.2049 acc=0.9734 cells=158379
[val]   loss=4.8825 eval=2.6545 cls=0.4264 cme=2.2280 acc=0.9708 cells=118036
[ct_train] early_stopping: no improve on val/eval_loss for 2/36 val checks
[ct_train] rechunked train graphs (seed=51)

=== Epoch 51/1000 ===
[train] loss=4.8593 cls=0.4462 cme=2.2065 acc=0.9733 cells=158379
[ct_train] rechunked train graphs (seed=52)

=== Epoch 52/1000 ===
[train] loss=4.8585 cls=0.4445 cme=2.2070 acc=0.9740 cells=158379
[val]   loss=4.8830 eval=2.6538 cls=0.4245 cme=2.2292 acc=0.9715 cells=118036
[ct_train] early_stopping: no improve on val/eval_loss for 3/36 val checks
[ct_train] rechunked train graphs (seed=53)

=== Epoch 53/1000 ===
[train] loss=4.8455 cls=0.4428 cme=2.2014 acc=0.9744 cells=158379
[ct_train] rechunked train graphs (seed=54)

=== Epoch 54/1000 ===
[train] loss=4.8503 cls=0.4432 cme=2.2035 acc=0.9739 cells=158379
[val]   loss=4.8686 eval=2.6459 cls=0.4232 cme=2.2227 acc=0.9722 cells=118036
[ct_train] saved best checkpoint (val_eval_loss=2.6459 val_acc=0.9722)
[ct_train] rechunked train graphs (seed=55)

=== Epoch 55/1000 ===
[train] loss=4.8488 cls=0.4431 cme=2.2029 acc=0.9739 cells=158379
[ct_train] rechunked train graphs (seed=56)

=== Epoch 56/1000 ===
[train] loss=4.8557 cls=0.4423 cme=2.2067 acc=0.9746 cells=158379
[val]   loss=4.8690 eval=2.6460 cls=0.4229 cme=2.2231 acc=0.9719 cells=118036
[ct_train] early_stopping: no improve on val/eval_loss for 1/36 val checks
[ct_train] rechunked train graphs (seed=57)

=== Epoch 57/1000 ===
[train] loss=4.8384 cls=0.4405 cme=2.1989 acc=0.9745 cells=158379
[ct_train] rechunked train graphs (seed=58)

=== Epoch 58/1000 ===
[train] loss=4.8476 cls=0.4406 cme=2.2035 acc=0.9748 cells=158379
[val]   loss=4.8637 eval=2.6426 cls=0.4215 cme=2.2211 acc=0.9721 cells=118036
[ct_train] saved best checkpoint (val_eval_loss=2.6426 val_acc=0.9722)
[ct_train] rechunked train graphs (seed=59)

=== Epoch 59/1000 ===
[train] loss=4.8486 cls=0.4408 cme=2.2039 acc=0.9748 cells=158379
[ct_train] rechunked train graphs (seed=60)

=== Epoch 60/1000 ===
[train] loss=4.8399 cls=0.4395 cme=2.2002 acc=0.9754 cells=158379
[val]   loss=4.8690 eval=2.6453 cls=0.4216 cme=2.2237 acc=0.9722 cells=118036
[ct_train] early_stopping: no improve on val/eval_loss for 1/36 val checks
[ct_train] rechunked train graphs (seed=61)

=== Epoch 61/1000 ===
[train] loss=4.8311 cls=0.4379 cme=2.1966 acc=0.9756 cells=158379
[ct_train] rechunked train graphs (seed=62)

=== Epoch 62/1000 ===
[train] loss=4.8213 cls=0.4373 cme=2.1920 acc=0.9751 cells=158379
[val]   loss=4.8643 eval=2.6420 cls=0.4198 cme=2.2223 acc=0.9728 cells=118036
[ct_train] saved best checkpoint (val_eval_loss=2.6420 val_acc=0.9728)
[ct_train] rechunked train graphs (seed=63)

=== Epoch 63/1000 ===
[train] loss=4.8265 cls=0.4369 cme=2.1948 acc=0.9758 cells=158379
[ct_train] rechunked train graphs (seed=64)

=== Epoch 64/1000 ===
[train] loss=4.8177 cls=0.4369 cme=2.1904 acc=0.9757 cells=158379
[val]   loss=4.8567 eval=2.6386 cls=0.4206 cme=2.2180 acc=0.9727 cells=118036
[ct_train] saved best checkpoint (val_eval_loss=2.6386 val_acc=0.9728)
[ct_train] rechunked train graphs (seed=65)

=== Epoch 65/1000 ===
[train] loss=4.8296 cls=0.4362 cme=2.1967 acc=0.9762 cells=158379
[ct_train] rechunked train graphs (seed=66)

=== Epoch 66/1000 ===
[train] loss=4.8254 cls=0.4355 cme=2.1950 acc=0.9762 cells=158379
[val]   loss=4.8704 eval=2.6451 cls=0.4199 cme=2.2253 acc=0.9727 cells=118036
[ct_train] early_stopping: no improve on val/eval_loss for 1/36 val checks
[ct_train] rechunked train graphs (seed=67)

=== Epoch 67/1000 ===
[train] loss=4.8222 cls=0.4357 cme=2.1933 acc=0.9764 cells=158379
[ct_train] rechunked train graphs (seed=68)

=== Epoch 68/1000 ===
[train] loss=4.8137 cls=0.4333 cme=2.1902 acc=0.9767 cells=158379
[val]   loss=4.8547 eval=2.6376 cls=0.4204 cme=2.2171 acc=0.9726 cells=118036
[ct_train] saved best checkpoint (val_eval_loss=2.6376 val_acc=0.9728)
[ct_train] rechunked train graphs (seed=69)

=== Epoch 69/1000 ===
[train] loss=4.8154 cls=0.4338 cme=2.1908 acc=0.9766 cells=158379
[ct_train] rechunked train graphs (seed=70)

=== Epoch 70/1000 ===
[train] loss=4.8262 cls=0.4356 cme=2.1953 acc=0.9765 cells=158379
[val]   loss=4.8577 eval=2.6390 cls=0.4204 cme=2.2187 acc=0.9731 cells=118036
[ct_train] early_stopping: no improve on val/eval_loss for 1/36 val checks
[ct_train] rechunked train graphs (seed=71)

=== Epoch 71/1000 ===
[train] loss=4.8282 cls=0.4330 cme=2.1976 acc=0.9769 cells=158379
[ct_train] rechunked train graphs (seed=72)

=== Epoch 72/1000 ===
[train] loss=4.8197 cls=0.4312 cme=2.1943 acc=0.9776 cells=158379
[val]   loss=4.8587 eval=2.6384 cls=0.4181 cme=2.2203 acc=0.9730 cells=118036
[ct_train] early_stopping: no improve on val/eval_loss for 2/36 val checks
[ct_train] rechunked train graphs (seed=73)

=== Epoch 73/1000 ===
[train] loss=4.8017 cls=0.4313 cme=2.1852 acc=0.9774 cells=158379
[ct_train] rechunked train graphs (seed=74)

=== Epoch 74/1000 ===
[train] loss=4.8023 cls=0.4305 cme=2.1859 acc=0.9775 cells=158379
[val]   loss=4.8545 eval=2.6366 cls=0.4186 cme=2.2179 acc=0.9729 cells=118036
[ct_train] saved best checkpoint (val_eval_loss=2.6366 val_acc=0.9731)
[ct_train] rechunked train graphs (seed=75)

=== Epoch 75/1000 ===
[train] loss=4.8117 cls=0.4296 cme=2.1911 acc=0.9775 cells=158379
[ct_train] rechunked train graphs (seed=76)

=== Epoch 76/1000 ===
[train] loss=4.7982 cls=0.4296 cme=2.1843 acc=0.9780 cells=158379
[val]   loss=4.8583 eval=2.6378 cls=0.4172 cme=2.2206 acc=0.9736 cells=118036
[ct_train] early_stopping: no improve on val/eval_loss for 1/36 val checks
[ct_train] rechunked train graphs (seed=77)

=== Epoch 77/1000 ===
[train] loss=4.8065 cls=0.4301 cme=2.1882 acc=0.9778 cells=158379
[ct_train] rechunked train graphs (seed=78)

=== Epoch 78/1000 ===
[train] loss=4.8075 cls=0.4288 cme=2.1894 acc=0.9782 cells=158379
[val]   loss=4.8474 eval=2.6328 cls=0.4182 cme=2.2146 acc=0.9734 cells=118036
[ct_train] saved best checkpoint (val_eval_loss=2.6328 val_acc=0.9736)
[ct_train] rechunked train graphs (seed=79)

=== Epoch 79/1000 ===
[train] loss=4.7894 cls=0.4283 cme=2.1805 acc=0.9779 cells=158379
[ct_train] rechunked train graphs (seed=80)

=== Epoch 80/1000 ===
[train] loss=4.7984 cls=0.4292 cme=2.1846 acc=0.9775 cells=158379
[val]   loss=4.8645 eval=2.6424 cls=0.4204 cme=2.2221 acc=0.9731 cells=118036
[ct_train] early_stopping: no improve on val/eval_loss for 1/36 val checks
[ct_train] rechunked train graphs (seed=81)

=== Epoch 81/1000 ===
[train] loss=4.8115 cls=0.4289 cme=2.1913 acc=0.9779 cells=158379
[ct_train] rechunked train graphs (seed=82)

=== Epoch 82/1000 ===
[train] loss=4.8015 cls=0.4276 cme=2.1870 acc=0.9782 cells=158379
[val]   loss=4.8565 eval=2.6377 cls=0.4189 cme=2.2188 acc=0.9730 cells=118036
[ct_train] early_stopping: no improve on val/eval_loss for 2/36 val checks
[ct_train] rechunked train graphs (seed=83)

=== Epoch 83/1000 ===
[train] loss=4.8037 cls=0.4264 cme=2.1886 acc=0.9785 cells=158379
[ct_train] rechunked train graphs (seed=84)

=== Epoch 84/1000 ===
[train] loss=4.7947 cls=0.4271 cme=2.1838 acc=0.9786 cells=158379
[val]   loss=4.8563 eval=2.6374 cls=0.4184 cme=2.2190 acc=0.9733 cells=118036
[ct_train] early_stopping: no improve on val/eval_loss for 3/36 val checks
[ct_train] rechunked train graphs (seed=85)

=== Epoch 85/1000 ===
[train] loss=4.8007 cls=0.4262 cme=2.1873 acc=0.9788 cells=158379
[ct_train] rechunked train graphs (seed=86)

=== Epoch 86/1000 ===
[train] loss=4.7974 cls=0.4254 cme=2.1860 acc=0.9788 cells=158379
[val]   loss=4.8547 eval=2.6365 cls=0.4182 cme=2.2182 acc=0.9734 cells=118036
[ct_train] early_stopping: no improve on val/eval_loss for 4/36 val checks
[ct_train] rechunked train graphs (seed=87)

=== Epoch 87/1000 ===
[train] loss=4.8013 cls=0.4258 cme=2.1878 acc=0.9790 cells=158379
[ct_train] rechunked train graphs (seed=88)

=== Epoch 88/1000 ===
[train] loss=4.7850 cls=0.4259 cme=2.1796 acc=0.9789 cells=158379
[val]   loss=4.8540 eval=2.6358 cls=0.4176 cme=2.2182 acc=0.9735 cells=118036
[ct_train] early_stopping: no improve on val/eval_loss for 5/36 val checks
[ct_train] rechunked train graphs (seed=89)

=== Epoch 89/1000 ===
[train] loss=4.7935 cls=0.4243 cme=2.1846 acc=0.9793 cells=158379
[ct_train] rechunked train graphs (seed=90)

=== Epoch 90/1000 ===
[train] loss=4.7944 cls=0.4239 cme=2.1853 acc=0.9793 cells=158379
[val]   loss=4.8519 eval=2.6344 cls=0.4170 cme=2.2174 acc=0.9737 cells=118036
[ct_train] early_stopping: no improve on val/eval_loss for 6/36 val checks
[ct_train] rechunked train graphs (seed=91)

=== Epoch 91/1000 ===
[train] loss=4.7856 cls=0.4228 cme=2.1814 acc=0.9792 cells=158379
[ct_train] rechunked train graphs (seed=92)

=== Epoch 92/1000 ===
[train] loss=4.7799 cls=0.4228 cme=2.1785 acc=0.9798 cells=158379
[val]   loss=4.8469 eval=2.6319 cls=0.4169 cme=2.2150 acc=0.9738 cells=118036
[ct_train] saved best checkpoint (val_eval_loss=2.6319 val_acc=0.9738)
[ct_train] rechunked train graphs (seed=93)

=== Epoch 93/1000 ===
[train] loss=4.7763 cls=0.4220 cme=2.1772 acc=0.9798 cells=158379
[ct_train] rechunked train graphs (seed=94)

=== Epoch 94/1000 ===
[train] loss=4.7819 cls=0.4221 cme=2.1799 acc=0.9799 cells=158379
[val]   loss=4.8416 eval=2.6287 cls=0.4159 cme=2.2129 acc=0.9741 cells=118036
[ct_train] saved best checkpoint (val_eval_loss=2.6287 val_acc=0.9741)
[ct_train] rechunked train graphs (seed=95)

=== Epoch 95/1000 ===
[train] loss=4.7750 cls=0.4215 cme=2.1768 acc=0.9796 cells=158379
[ct_train] rechunked train graphs (seed=96)

=== Epoch 96/1000 ===
[train] loss=4.7768 cls=0.4216 cme=2.1776 acc=0.9801 cells=158379
[val]   loss=4.8517 eval=2.6343 cls=0.4170 cme=2.2174 acc=0.9734 cells=118036
[ct_train] early_stopping: no improve on val/eval_loss for 1/36 val checks
[ct_train] rechunked train graphs (seed=97)

=== Epoch 97/1000 ===
[train] loss=4.7718 cls=0.4207 cme=2.1756 acc=0.9801 cells=158379
[ct_train] rechunked train graphs (seed=98)

=== Epoch 98/1000 ===
[train] loss=4.7826 cls=0.4210 cme=2.1808 acc=0.9801 cells=158379
[val]   loss=4.8444 eval=2.6313 cls=0.4181 cme=2.2131 acc=0.9735 cells=118036
[ct_train] early_stopping: no improve on val/eval_loss for 2/36 val checks
[ct_train] rechunked train graphs (seed=99)

=== Epoch 99/1000 ===
[train] loss=4.7790 cls=0.4207 cme=2.1791 acc=0.9806 cells=158379
[ct_train] rechunked train graphs (seed=100)

=== Epoch 100/1000 ===
[train] loss=4.7753 cls=0.4192 cme=2.1781 acc=0.9806 cells=158379
[val]   loss=4.8435 eval=2.6298 cls=0.4161 cme=2.2137 acc=0.9741 cells=118036
[ct_train] early_stopping: no improve on val/eval_loss for 3/36 val checks
[ct_train] rechunked train graphs (seed=101)

=== Epoch 101/1000 ===
[train] loss=4.7850 cls=0.4201 cme=2.1824 acc=0.9804 cells=158379
[ct_train] rechunked train graphs (seed=102)

=== Epoch 102/1000 ===
[train] loss=4.7688 cls=0.4186 cme=2.1751 acc=0.9812 cells=158379
[val]   loss=4.8428 eval=2.6299 cls=0.4170 cme=2.2129 acc=0.9740 cells=118036
[ct_train] early_stopping: no improve on val/eval_loss for 4/36 val checks
[ct_train] rechunked train graphs (seed=103)

=== Epoch 103/1000 ===
[train] loss=4.7735 cls=0.4193 cme=2.1771 acc=0.9807 cells=158379
[ct_train] rechunked train graphs (seed=104)

=== Epoch 104/1000 ===
[train] loss=4.7760 cls=0.4189 cme=2.1786 acc=0.9811 cells=158379
[val]   loss=4.8504 eval=2.6336 cls=0.4168 cme=2.2168 acc=0.9741 cells=118036
[ct_train] early_stopping: no improve on val/eval_loss for 5/36 val checks
[ct_train] rechunked train graphs (seed=105)

=== Epoch 105/1000 ===
[train] loss=4.7698 cls=0.4186 cme=2.1756 acc=0.9807 cells=158379
[ct_train] rechunked train graphs (seed=106)

=== Epoch 106/1000 ===
[train] loss=4.7613 cls=0.4182 cme=2.1715 acc=0.9808 cells=158379
[val]   loss=4.8466 eval=2.6310 cls=0.4154 cme=2.2156 acc=0.9741 cells=118036
[ct_train] early_stopping: no improve on val/eval_loss for 6/36 val checks
[ct_train] rechunked train graphs (seed=107)

=== Epoch 107/1000 ===
[train] loss=4.7682 cls=0.4172 cme=2.1755 acc=0.9815 cells=158379
[ct_train] rechunked train graphs (seed=108)

=== Epoch 108/1000 ===
[train] loss=4.7653 cls=0.4176 cme=2.1738 acc=0.9810 cells=158379
[val]   loss=4.8535 eval=2.6345 cls=0.4154 cme=2.2190 acc=0.9742 cells=118036
[ct_train] early_stopping: no improve on val/eval_loss for 7/36 val checks
[ct_train] rechunked train graphs (seed=109)

=== Epoch 109/1000 ===
[train] loss=4.7723 cls=0.4187 cme=2.1768 acc=0.9806 cells=158379
[ct_train] rechunked train graphs (seed=110)

=== Epoch 110/1000 ===
[train] loss=4.7770 cls=0.4172 cme=2.1799 acc=0.9811 cells=158379
[val]   loss=4.8746 eval=2.6457 cls=0.4168 cme=2.2289 acc=0.9739 cells=118036
[ct_train] early_stopping: no improve on val/eval_loss for 8/36 val checks
[ct_train] rechunked train graphs (seed=111)

=== Epoch 111/1000 ===
[train] loss=4.7743 cls=0.4159 cme=2.1792 acc=0.9815 cells=158379
[ct_train] rechunked train graphs (seed=112)

=== Epoch 112/1000 ===
[train] loss=4.7652 cls=0.4169 cme=2.1741 acc=0.9815 cells=158379
[val]   loss=4.8456 eval=2.6308 cls=0.4161 cme=2.2147 acc=0.9741 cells=118036
[ct_train] early_stopping: no improve on val/eval_loss for 9/36 val checks
[ct_train] rechunked train graphs (seed=113)

=== Epoch 113/1000 ===
[train] loss=4.7642 cls=0.4166 cme=2.1738 acc=0.9815 cells=158379
[ct_train] rechunked train graphs (seed=114)

=== Epoch 114/1000 ===
[train] loss=4.7618 cls=0.4144 cme=2.1737 acc=0.9819 cells=158379
[val]   loss=4.8394 eval=2.6272 cls=0.4150 cme=2.2122 acc=0.9745 cells=118036
[ct_train] saved best checkpoint (val_eval_loss=2.6272 val_acc=0.9745)
[ct_train] rechunked train graphs (seed=115)

=== Epoch 115/1000 ===
[train] loss=4.7587 cls=0.4148 cme=2.1720 acc=0.9823 cells=158379
[ct_train] rechunked train graphs (seed=116)

=== Epoch 116/1000 ===
[train] loss=4.7560 cls=0.4147 cme=2.1707 acc=0.9820 cells=158379
[val]   loss=4.8445 eval=2.6305 cls=0.4166 cme=2.2139 acc=0.9744 cells=118036
[ct_train] early_stopping: no improve on val/eval_loss for 1/36 val checks
[ct_train] rechunked train graphs (seed=117)

=== Epoch 117/1000 ===
[train] loss=4.7595 cls=0.4154 cme=2.1721 acc=0.9818 cells=158379
[ct_train] rechunked train graphs (seed=118)

=== Epoch 118/1000 ===
[train] loss=4.7719 cls=0.4174 cme=2.1773 acc=0.9815 cells=158379
[val]   loss=4.8584 eval=2.6379 cls=0.4175 cme=2.2205 acc=0.9736 cells=118036
[ct_train] early_stopping: no improve on val/eval_loss for 2/36 val checks
[ct_train] rechunked train graphs (seed=119)

=== Epoch 119/1000 ===
[train] loss=4.7619 cls=0.4149 cme=2.1735 acc=0.9816 cells=158379
[ct_train] rechunked train graphs (seed=120)

=== Epoch 120/1000 ===
[train] loss=4.7643 cls=0.4140 cme=2.1752 acc=0.9821 cells=158379
[val]   loss=4.8436 eval=2.6302 cls=0.4169 cme=2.2134 acc=0.9740 cells=118036
[ct_train] early_stopping: no improve on val/eval_loss for 3/36 val checks
[ct_train] rechunked train graphs (seed=121)

=== Epoch 121/1000 ===
[train] loss=4.7542 cls=0.4129 cme=2.1707 acc=0.9822 cells=158379
[ct_train] rechunked train graphs (seed=122)

=== Epoch 122/1000 ===
[train] loss=4.7580 cls=0.4135 cme=2.1722 acc=0.9822 cells=158379
[val]   loss=4.8383 eval=2.6271 cls=0.4159 cme=2.2112 acc=0.9745 cells=118036
[ct_train] saved best checkpoint (val_eval_loss=2.6271 val_acc=0.9745)
[ct_train] early_stopping: no improve on val/eval_loss for 4/36 val checks
[ct_train] rechunked train graphs (seed=123)

=== Epoch 123/1000 ===
[train] loss=4.7620 cls=0.4136 cme=2.1742 acc=0.9827 cells=158379
[ct_train] rechunked train graphs (seed=124)

=== Epoch 124/1000 ===
[train] loss=4.7546 cls=0.4125 cme=2.1711 acc=0.9826 cells=158379
[val]   loss=4.8340 eval=2.6250 cls=0.4159 cme=2.2090 acc=0.9747 cells=118036
[ct_train] saved best checkpoint (val_eval_loss=2.6250 val_acc=0.9747)
[ct_train] rechunked train graphs (seed=125)

=== Epoch 125/1000 ===
[train] loss=4.7572 cls=0.4120 cme=2.1726 acc=0.9830 cells=158379
[ct_train] rechunked train graphs (seed=126)

=== Epoch 126/1000 ===
[train] loss=4.7484 cls=0.4111 cme=2.1687 acc=0.9831 cells=158379
[val]   loss=4.8476 eval=2.6323 cls=0.4171 cme=2.2153 acc=0.9743 cells=118036
[ct_train] early_stopping: no improve on val/eval_loss for 1/36 val checks
[ct_train] rechunked train graphs (seed=127)

=== Epoch 127/1000 ===
[train] loss=4.7507 cls=0.4119 cme=2.1694 acc=0.9826 cells=158379
[ct_train] rechunked train graphs (seed=128)

=== Epoch 128/1000 ===
[train] loss=4.7539 cls=0.4120 cme=2.1709 acc=0.9827 cells=158379
[val]   loss=4.8397 eval=2.6276 cls=0.4155 cme=2.2121 acc=0.9744 cells=118036
[ct_train] early_stopping: no improve on val/eval_loss for 2/36 val checks
[ct_train] rechunked train graphs (seed=129)

=== Epoch 129/1000 ===
[train] loss=4.7558 cls=0.4113 cme=2.1723 acc=0.9829 cells=158379
[ct_train] rechunked train graphs (seed=130)

=== Epoch 130/1000 ===
[train] loss=4.7452 cls=0.4104 cme=2.1674 acc=0.9830 cells=158379
[val]   loss=4.8400 eval=2.6272 cls=0.4144 cme=2.2128 acc=0.9748 cells=118036
[ct_train] early_stopping: no improve on val/eval_loss for 3/36 val checks
[ct_train] rechunked train graphs (seed=131)

=== Epoch 131/1000 ===
[train] loss=4.7485 cls=0.4123 cme=2.1681 acc=0.9825 cells=158379
[ct_train] rechunked train graphs (seed=132)

=== Epoch 132/1000 ===
[train] loss=4.7376 cls=0.4105 cme=2.1636 acc=0.9834 cells=158379
[val]   loss=4.8359 eval=2.6252 cls=0.4145 cme=2.2107 acc=0.9749 cells=118036
[ct_train] early_stopping: no improve on val/eval_loss for 4/36 val checks
[ct_train] rechunked train graphs (seed=133)

=== Epoch 133/1000 ===
[train] loss=4.7300 cls=0.4098 cme=2.1601 acc=0.9835 cells=158379
[ct_train] rechunked train graphs (seed=134)

=== Epoch 134/1000 ===
[train] loss=4.7312 cls=0.4096 cme=2.1608 acc=0.9836 cells=158379
[val]   loss=4.8366 eval=2.6256 cls=0.4147 cme=2.2110 acc=0.9747 cells=118036
[ct_train] early_stopping: no improve on val/eval_loss for 5/36 val checks
[ct_train] rechunked train graphs (seed=135)

=== Epoch 135/1000 ===
[train] loss=4.7383 cls=0.4093 cme=2.1645 acc=0.9835 cells=158379
[ct_train] rechunked train graphs (seed=136)

=== Epoch 136/1000 ===
[train] loss=4.7417 cls=0.4088 cme=2.1665 acc=0.9840 cells=158379
[val]   loss=4.8386 eval=2.6269 cls=0.4153 cme=2.2116 acc=0.9742 cells=118036
[ct_train] early_stopping: no improve on val/eval_loss for 6/36 val checks
[ct_train] rechunked train graphs (seed=137)

=== Epoch 137/1000 ===
[train] loss=4.7369 cls=0.4090 cme=2.1639 acc=0.9838 cells=158379
[ct_train] rechunked train graphs (seed=138)

=== Epoch 138/1000 ===
[train] loss=4.7450 cls=0.4090 cme=2.1680 acc=0.9838 cells=158379
[val]   loss=4.8450 eval=2.6307 cls=0.4165 cme=2.2142 acc=0.9742 cells=118036
[ct_train] early_stopping: no improve on val/eval_loss for 7/36 val checks
[ct_train] rechunked train graphs (seed=139)

=== Epoch 139/1000 ===
[train] loss=4.7315 cls=0.4077 cme=2.1619 acc=0.9839 cells=158379
[ct_train] rechunked train graphs (seed=140)

=== Epoch 140/1000 ===
[train] loss=4.7450 cls=0.4087 cme=2.1681 acc=0.9841 cells=158379
[val]   loss=4.8509 eval=2.6334 cls=0.4158 cme=2.2175 acc=0.9747 cells=118036
[ct_train] early_stopping: no improve on val/eval_loss for 8/36 val checks
[ct_train] rechunked train graphs (seed=141)

=== Epoch 141/1000 ===
[train] loss=4.7403 cls=0.4074 cme=2.1665 acc=0.9846 cells=158379
[ct_train] rechunked train graphs (seed=142)

=== Epoch 142/1000 ===
[train] loss=4.7319 cls=0.4074 cme=2.1623 acc=0.9843 cells=158379
[val]   loss=4.8387 eval=2.6270 cls=0.4152 cme=2.2117 acc=0.9749 cells=118036
[ct_train] early_stopping: no improve on val/eval_loss for 9/36 val checks
[ct_train] rechunked train graphs (seed=143)

=== Epoch 143/1000 ===
[train] loss=4.7341 cls=0.4065 cme=2.1638 acc=0.9848 cells=158379
[ct_train] rechunked train graphs (seed=144)

=== Epoch 144/1000 ===
[train] loss=4.7370 cls=0.4068 cme=2.1651 acc=0.9847 cells=158379
[val]   loss=4.8402 eval=2.6277 cls=0.4153 cme=2.2125 acc=0.9749 cells=118036
[ct_train] early_stopping: no improve on val/eval_loss for 10/36 val checks
[ct_train] rechunked train graphs (seed=145)

=== Epoch 145/1000 ===
[train] loss=4.7368 cls=0.4072 cme=2.1648 acc=0.9848 cells=158379
[ct_train] rechunked train graphs (seed=146)

=== Epoch 146/1000 ===
[train] loss=4.7248 cls=0.4057 cme=2.1596 acc=0.9848 cells=158379
[val]   loss=4.8474 eval=2.6307 cls=0.4141 cme=2.2167 acc=0.9754 cells=118036
[ct_train] early_stopping: no improve on val/eval_loss for 11/36 val checks
[ct_train] rechunked train graphs (seed=147)

=== Epoch 147/1000 ===
[train] loss=4.7309 cls=0.4058 cme=2.1626 acc=0.9850 cells=158379
[ct_train] rechunked train graphs (seed=148)

=== Epoch 148/1000 ===
[train] loss=4.7329 cls=0.4071 cme=2.1629 acc=0.9844 cells=158379
[val]   loss=4.8432 eval=2.6290 cls=0.4149 cme=2.2142 acc=0.9752 cells=118036
[ct_train] early_stopping: no improve on val/eval_loss for 12/36 val checks
[ct_train] rechunked train graphs (seed=149)

=== Epoch 149/1000 ===
[train] loss=4.7329 cls=0.4058 cme=2.1636 acc=0.9848 cells=158379
[ct_train] rechunked train graphs (seed=150)

=== Epoch 150/1000 ===
[train] loss=4.7312 cls=0.4051 cme=2.1631 acc=0.9847 cells=158379
[val]   loss=4.8360 eval=2.6247 cls=0.4134 cme=2.2113 acc=0.9750 cells=118036
[ct_train] saved best checkpoint (val_eval_loss=2.6247 val_acc=0.9754)
[ct_train] early_stopping: no improve on val/eval_loss for 13/36 val checks
[ct_train] rechunked train graphs (seed=151)

=== Epoch 151/1000 ===
[train] loss=4.7308 cls=0.4052 cme=2.1628 acc=0.9850 cells=158379
[ct_train] rechunked train graphs (seed=152)

=== Epoch 152/1000 ===
[train] loss=4.7345 cls=0.4049 cme=2.1648 acc=0.9854 cells=158379
[val]   loss=4.8520 eval=2.6342 cls=0.4164 cme=2.2178 acc=0.9744 cells=118036
[ct_train] early_stopping: no improve on val/eval_loss for 14/36 val checks
[ct_train] rechunked train graphs (seed=153)

=== Epoch 153/1000 ===
[train] loss=4.7424 cls=0.4054 cme=2.1685 acc=0.9853 cells=158379
[ct_train] rechunked train graphs (seed=154)

=== Epoch 154/1000 ===
[train] loss=4.7233 cls=0.4046 cme=2.1593 acc=0.9846 cells=158379
[val]   loss=4.8410 eval=2.6295 cls=0.4180 cme=2.2115 acc=0.9741 cells=118036
[ct_train] early_stopping: no improve on val/eval_loss for 15/36 val checks
[ct_train] rechunked train graphs (seed=155)

=== Epoch 155/1000 ===
[train] loss=4.7309 cls=0.4066 cme=2.1621 acc=0.9844 cells=158379
[ct_train] rechunked train graphs (seed=156)

=== Epoch 156/1000 ===
[train] loss=4.7191 cls=0.4043 cme=2.1574 acc=0.9850 cells=158379
[val]   loss=4.8475 eval=2.6322 cls=0.4170 cme=2.2153 acc=0.9739 cells=118036
[ct_train] early_stopping: no improve on val/eval_loss for 16/36 val checks
[ct_train] rechunked train graphs (seed=157)

=== Epoch 157/1000 ===
[train] loss=4.7270 cls=0.4051 cme=2.1610 acc=0.9852 cells=158379
[ct_train] rechunked train graphs (seed=158)

=== Epoch 158/1000 ===
[train] loss=4.7215 cls=0.4040 cme=2.1587 acc=0.9853 cells=158379
[val]   loss=4.8451 eval=2.6326 cls=0.4202 cme=2.2124 acc=0.9736 cells=118036
[ct_train] early_stopping: no improve on val/eval_loss for 17/36 val checks
[ct_train] rechunked train graphs (seed=159)

=== Epoch 159/1000 ===
[train] loss=4.7211 cls=0.4033 cme=2.1589 acc=0.9855 cells=158379
[ct_train] rechunked train graphs (seed=160)

=== Epoch 160/1000 ===
[train] loss=4.7264 cls=0.4026 cme=2.1619 acc=0.9858 cells=158379
[val]   loss=4.8394 eval=2.6286 cls=0.4178 cme=2.2108 acc=0.9740 cells=118036
[ct_train] early_stopping: no improve on val/eval_loss for 18/36 val checks
[ct_train] rechunked train graphs (seed=161)

=== Epoch 161/1000 ===
[train] loss=4.7211 cls=0.4021 cme=2.1595 acc=0.9857 cells=158379
[ct_train] rechunked train graphs (seed=162)

=== Epoch 162/1000 ===
[train] loss=4.7183 cls=0.4021 cme=2.1581 acc=0.9858 cells=158379
[val]   loss=4.8453 eval=2.6303 cls=0.4152 cme=2.2151 acc=0.9746 cells=118036
[ct_train] early_stopping: no improve on val/eval_loss for 19/36 val checks
[ct_train] rechunked train graphs (seed=163)

=== Epoch 163/1000 ===
[train] loss=4.7253 cls=0.4032 cme=2.1610 acc=0.9854 cells=158379
[ct_train] rechunked train graphs (seed=164)

=== Epoch 164/1000 ===
[train] loss=4.7145 cls=0.4026 cme=2.1559 acc=0.9859 cells=158379
[val]   loss=4.8355 eval=2.6256 cls=0.4158 cme=2.2099 acc=0.9751 cells=118036
[ct_train] early_stopping: no improve on val/eval_loss for 20/36 val checks
[ct_train] rechunked train graphs (seed=165)

=== Epoch 165/1000 ===
[train] loss=4.7237 cls=0.4027 cme=2.1605 acc=0.9860 cells=158379
[ct_train] rechunked train graphs (seed=166)

=== Epoch 166/1000 ===
[train] loss=4.7206 cls=0.4024 cme=2.1591 acc=0.9860 cells=158379
[val]   loss=4.8396 eval=2.6267 cls=0.4139 cme=2.2129 acc=0.9754 cells=118036
[ct_train] early_stopping: no improve on val/eval_loss for 21/36 val checks
[ct_train] rechunked train graphs (seed=167)

=== Epoch 167/1000 ===
[train] loss=4.7143 cls=0.4020 cme=2.1562 acc=0.9863 cells=158379
[ct_train] rechunked train graphs (seed=168)

=== Epoch 168/1000 ===
[train] loss=4.7187 cls=0.4018 cme=2.1585 acc=0.9862 cells=158379
[val]   loss=4.8439 eval=2.6296 cls=0.4153 cme=2.2143 acc=0.9749 cells=118036
[ct_train] early_stopping: no improve on val/eval_loss for 22/36 val checks
[ct_train] rechunked train graphs (seed=169)

=== Epoch 169/1000 ===
[train] loss=4.7263 cls=0.4009 cme=2.1627 acc=0.9865 cells=158379
[ct_train] rechunked train graphs (seed=170)

=== Epoch 170/1000 ===
[train] loss=4.7113 cls=0.4006 cme=2.1554 acc=0.9863 cells=158379
[val]   loss=4.8438 eval=2.6302 cls=0.4167 cme=2.2136 acc=0.9744 cells=118036
[ct_train] early_stopping: no improve on val/eval_loss for 23/36 val checks
[ct_train] rechunked train graphs (seed=171)

=== Epoch 171/1000 ===
[train] loss=4.7104 cls=0.4003 cme=2.1550 acc=0.9866 cells=158379
[ct_train] rechunked train graphs (seed=172)

=== Epoch 172/1000 ===
[train] loss=4.7149 cls=0.3998 cme=2.1575 acc=0.9869 cells=158379
[val]   loss=4.8499 eval=2.6333 cls=0.4167 cme=2.2166 acc=0.9750 cells=118036
[ct_train] early_stopping: no improve on val/eval_loss for 24/36 val checks
[ct_train] rechunked train graphs (seed=173)

=== Epoch 173/1000 ===
[train] loss=4.7107 cls=0.3996 cme=2.1555 acc=0.9865 cells=158379
[ct_train] rechunked train graphs (seed=174)

=== Epoch 174/1000 ===
[train] loss=4.7091 cls=0.3994 cme=2.1549 acc=0.9871 cells=158379
[val]   loss=4.8379 eval=2.6273 cls=0.4167 cme=2.2106 acc=0.9746 cells=118036
[ct_train] early_stopping: no improve on val/eval_loss for 25/36 val checks
[ct_train] rechunked train graphs (seed=175)

=== Epoch 175/1000 ===
[train] loss=4.7188 cls=0.4002 cme=2.1593 acc=0.9868 cells=158379
[ct_train] rechunked train graphs (seed=176)

=== Epoch 176/1000 ===
[train] loss=4.7133 cls=0.3999 cme=2.1567 acc=0.9869 cells=158379
[val]   loss=4.8340 eval=2.6254 cls=0.4168 cme=2.2086 acc=0.9747 cells=118036
[ct_train] early_stopping: no improve on val/eval_loss for 26/36 val checks
[ct_train] rechunked train graphs (seed=177)

=== Epoch 177/1000 ===
[train] loss=4.7089 cls=0.3991 cme=2.1549 acc=0.9867 cells=158379
[ct_train] rechunked train graphs (seed=178)

=== Epoch 178/1000 ===
[train] loss=4.7132 cls=0.3989 cme=2.1572 acc=0.9871 cells=158379
[val]   loss=4.8378 eval=2.6279 cls=0.4180 cme=2.2099 acc=0.9746 cells=118036
[ct_train] early_stopping: no improve on val/eval_loss for 27/36 val checks
[ct_train] rechunked train graphs (seed=179)

=== Epoch 179/1000 ===
[train] loss=4.7062 cls=0.3992 cme=2.1535 acc=0.9868 cells=158379
[ct_train] rechunked train graphs (seed=180)

=== Epoch 180/1000 ===
[train] loss=4.7141 cls=0.3988 cme=2.1577 acc=0.9873 cells=158379
[val]   loss=4.8507 eval=2.6340 cls=0.4172 cme=2.2167 acc=0.9747 cells=118036
[ct_train] early_stopping: no improve on val/eval_loss for 28/36 val checks
[ct_train] rechunked train graphs (seed=181)

=== Epoch 181/1000 ===
[train] loss=4.6988 cls=0.3980 cme=2.1504 acc=0.9875 cells=158379
[ct_train] rechunked train graphs (seed=182)

=== Epoch 182/1000 ===
[train] loss=4.7019 cls=0.3972 cme=2.1524 acc=0.9877 cells=158379
[val]   loss=4.8389 eval=2.6281 cls=0.4173 cme=2.2108 acc=0.9748 cells=118036
[ct_train] early_stopping: no improve on val/eval_loss for 29/36 val checks
[ct_train] rechunked train graphs (seed=183)

=== Epoch 183/1000 ===
[train] loss=4.7072 cls=0.3976 cme=2.1548 acc=0.9874 cells=158379
[ct_train] rechunked train graphs (seed=184)

=== Epoch 184/1000 ===
[train] loss=4.6953 cls=0.3971 cme=2.1491 acc=0.9875 cells=158379
[val]   loss=4.8402 eval=2.6291 cls=0.4179 cme=2.2112 acc=0.9750 cells=118036
[ct_train] early_stopping: no improve on val/eval_loss for 30/36 val checks
[ct_train] rechunked train graphs (seed=185)

=== Epoch 185/1000 ===
[train] loss=4.6927 cls=0.3969 cme=2.1479 acc=0.9877 cells=158379
[ct_train] rechunked train graphs (seed=186)

=== Epoch 186/1000 ===
[train] loss=4.7033 cls=0.3977 cme=2.1528 acc=0.9874 cells=158379
[val]   loss=4.8391 eval=2.6283 cls=0.4175 cme=2.2108 acc=0.9746 cells=118036
[ct_train] early_stopping: no improve on val/eval_loss for 31/36 val checks
[ct_train] rechunked train graphs (seed=187)

=== Epoch 187/1000 ===
[train] loss=4.7027 cls=0.3974 cme=2.1526 acc=0.9873 cells=158379
[ct_train] rechunked train graphs (seed=188)

=== Epoch 188/1000 ===
[train] loss=4.7032 cls=0.3984 cme=2.1524 acc=0.9868 cells=158379
[val]   loss=4.8512 eval=2.6351 cls=0.4190 cme=2.2161 acc=0.9745 cells=118036
[ct_train] early_stopping: no improve on val/eval_loss for 32/36 val checks
[ct_train] rechunked train graphs (seed=189)

=== Epoch 189/1000 ===
[train] loss=4.6928 cls=0.3957 cme=2.1485 acc=0.9878 cells=158379
[ct_train] rechunked train graphs (seed=190)

=== Epoch 190/1000 ===
[train] loss=4.6944 cls=0.3957 cme=2.1494 acc=0.9880 cells=158379
[val]   loss=4.8553 eval=2.6374 cls=0.4195 cme=2.2179 acc=0.9745 cells=118036
[ct_train] early_stopping: no improve on val/eval_loss for 33/36 val checks
[ct_train] rechunked train graphs (seed=191)

=== Epoch 191/1000 ===
[train] loss=4.6971 cls=0.3955 cme=2.1508 acc=0.9882 cells=158379
[ct_train] rechunked train graphs (seed=192)

=== Epoch 192/1000 ===
[train] loss=4.7030 cls=0.3955 cme=2.1538 acc=0.9882 cells=158379
[val]   loss=4.8500 eval=2.6333 cls=0.4166 cme=2.2167 acc=0.9746 cells=118036
[ct_train] early_stopping: no improve on val/eval_loss for 34/36 val checks
[ct_train] rechunked train graphs (seed=193)

=== Epoch 193/1000 ===
[train] loss=4.6981 cls=0.3956 cme=2.1513 acc=0.9881 cells=158379
[ct_train] rechunked train graphs (seed=194)

=== Epoch 194/1000 ===
[train] loss=4.6969 cls=0.3952 cme=2.1508 acc=0.9882 cells=158379
[val]   loss=4.8351 eval=2.6253 cls=0.4154 cme=2.2098 acc=0.9753 cells=118036
[ct_train] early_stopping: no improve on val/eval_loss for 35/36 val checks
[ct_train] rechunked train graphs (seed=195)

=== Epoch 195/1000 ===
[train] loss=4.7028 cls=0.3954 cme=2.1537 acc=0.9883 cells=158379
[ct_train] rechunked train graphs (seed=196)

=== Epoch 196/1000 ===
[train] loss=4.6993 cls=0.3958 cme=2.1518 acc=0.9877 cells=158379
[val]   loss=4.8385 eval=2.6276 cls=0.4167 cme=2.2109 acc=0.9748 cells=118036
[ct_train] early_stopping: no improve on val/eval_loss for 36/36 val checks
[ct_train] early stopping at epoch 196 (patience=36, monitor=val/eval_loss)

[ct_train] done. best_val_acc=0.9754  best_val_eval_loss=2.6247  checkpoints=/home/abel/code/Tissue-Reassembly-using-GenAI-and-new-metrics/exploration/cell_types/outputs/exp047_best_seed3  logs=/home/abel/code/Tissue-Reassembly-using-GenAI-and-new-metrics/exploration/cell_types/logs/exp047_best_seed3/20260807_214920
wandb: updating run metadata
wandb: uploading output.log; uploading wandb-summary.json; uploading config.yaml
wandb: 
wandb: Run summary:
wandb:                      best_epoch 150
wandb:                    best_val_acc 0.97543
wandb:              best_val_eval_loss 2.62469
wandb:                           epoch 196
wandb:                              lr 0.0002
wandb:           model/parameter_count 1272988
wandb: model/trainable_parameter_count 1272988
wandb:                       train/acc 0.98773
wandb:       train/acc_per_class/Astro 0.99261
wandb:        train/acc_per_class/Endo 0.98497
wandb:                             +54 ...
wandb: 
wandb:  View run exp047_best_seed3 at: https://wandb.ai/abel-salmona-polytechnique-montr-al/cell_types/runs/o1ji8woi
wandb:  View project at: https://wandb.ai/abel-salmona-polytechnique-montr-al/cell_types
wandb: Synced 5 W&B file(s), 1 media file(s), 2 artifact file(s) and 1 other file(s)
wandb: Find logs at: ./exploration/cell_types/logs/exp047_best_seed3/20260807_214920/wandb/run-20260807_214928-o1ji8woi/logs
