[ct_train] config=exploration/cell_types/experiments/configs/exp099_ema98_seed7.json
[ct_train] device=cuda  checkpoints=/home/abel/code/Tissue-Reassembly-using-GenAI-and-new-metrics/exploration/cell_types/outputs/exp099_ema98_seed7
[ct_train] logs=/home/abel/code/Tissue-Reassembly-using-GenAI-and-new-metrics/exploration/cell_types/logs/exp099_ema98_seed7/20260808_025938
[ct_train] Loading data …
[DataModule] Reading '/home/abel/biodata/MERFISH_LUNA_small_cortex/MERFISH_mouse_cortex_train.csv' (split=train) with float32 dtype on 254 gene cols + coord cols …
[DataModule] Loaded 158,379 rows for split=train.
[DataModule] Reading '/home/abel/biodata/MERFISH_LUNA_small_cortex/MERFISH_mouse_cortex_test.csv' (split=test) with float32 dtype on 254 gene cols + coord cols …
[DataModule] Loaded 118,036 rows for split=test.
[DataModule] Reading '/home/abel/biodata/MERFISH_LUNA_small_cortex/MERFISH_mouse_cortex_test.csv' (split=validation) with float32 dtype on 254 gene cols + coord cols …
[DataModule] Loaded 118,036 rows for split=validation.
[ct_train] genes=254  classes=23
[ct_train] model predict_cme=True  params=1,305,308
[ct_train] soft CME loaded split=train sigma=96.0 n=158379 C=23
[ct_train] soft CME loaded split=validation sigma=96.0 n=118036 C=23
[ct_train] soft CME loaded split=train sigma=50.0 n=158379 C=23
[ct_train] soft CME loaded split=train sigma=64.0 n=158379 C=23
[ct_train] soft CME loaded split=validation sigma=50.0 n=118036 C=23
[ct_train] soft CME loaded split=validation sigma=64.0 n=118036 C=23
wandb: [wandb.login()] Loaded credentials for https://api.wandb.ai from /home/abel/.netrc.
wandb: Currently logged in as: abel-salmona (abel-salmona-polytechnique-montr-al) to https://api.wandb.ai. Use `wandb login --relogin` to force relogin
wandb: WARNING Using a boolean value for 'reinit' is deprecated. Use 'return_previous' or 'finish_previous' instead.
wandb: Tracking run with wandb version 0.26.1
wandb: Run data is saved locally in /home/abel/code/Tissue-Reassembly-using-GenAI-and-new-metrics/exploration/cell_types/logs/exp099_ema98_seed7/20260808_025938/wandb/run-20260808_025946-y8toe010
wandb: Run `wandb offline` to turn off syncing.
wandb: Syncing run exp099_ema98_seed7
wandb:  View project at https://wandb.ai/abel-salmona-polytechnique-montr-al/cell_types
wandb:  View run at https://wandb.ai/abel-salmona-polytechnique-montr-al/cell_types/runs/y8toe010
wandb: WARNING Saving files without folders. If you want to preserve subdirectories pass base_path to wandb.save, i.e. wandb.save("/mnt/folder/file.h5", base_path="/mnt")
wandb: WARNING Symlinked 1 file into the W&B run directory; call wandb.save again to sync new files.
[ct_train] wandb: project=cell_types name=exp099_ema98_seed7 mode=online url=https://wandb.ai/abel-salmona-polytechnique-montr-al/cell_types/runs/y8toe010
[ct_train] parameters: total=1,305,308 trainable=1,305,308
  [params] mlp_in_node_features: 26,720
  [params] transformer_layers: 633,600
  [params] type_stage1: 28,320
  [params] env_stage1: 93,056
  [params] type_probe: 2,231
  [params] env_probe: 7,383
  [params] fusion_mlp: 383,008
  [params] type_stage2: 30,551
  [params] env_stage2: 100,439
[ct_train] EMA enabled decay=0.98
[ct_train] rechunked train graphs (seed=1)

=== Epoch 1/1000 ===
[train] loss=8.6043 cls=2.6560 cme=2.7672 acc=0.3392 cells=158379
[ct_train] rechunked train graphs (seed=2)

=== Epoch 2/1000 ===
[train] loss=7.1218 cls=1.6956 cme=2.5264 acc=0.6525 cells=158379
[val]   loss=8.1585 eval=5.0587 cls=2.3621 cme=2.6966 acc=0.5270 cells=118036
[ct_train] saved best checkpoint (val_eval_loss=5.0587 val_acc=0.5270)
[ct_train] rechunked train graphs (seed=3)

=== Epoch 3/1000 ===
[train] loss=6.3767 cls=1.1558 cme=2.4319 acc=0.7808 cells=158379
[ct_train] rechunked train graphs (seed=4)

=== Epoch 4/1000 ===
[train] loss=5.9971 cls=0.8742 cme=2.3867 acc=0.8488 cells=158379
[val]   loss=6.5679 eval=3.7236 cls=1.2459 cme=2.4777 acc=0.7982 cells=118036
[ct_train] saved best checkpoint (val_eval_loss=3.7236 val_acc=0.7982)
[ct_train] rechunked train graphs (seed=5)

=== Epoch 5/1000 ===
[train] loss=5.7789 cls=0.7209 cme=2.3567 acc=0.8966 cells=158379
[ct_train] rechunked train graphs (seed=6)

=== Epoch 6/1000 ===
[train] loss=5.6455 cls=0.6405 cme=2.3322 acc=0.9229 cells=158379
[val]   loss=5.8572 eval=3.1281 cls=0.7484 cme=2.3797 acc=0.8969 cells=118036
[ct_train] saved best checkpoint (val_eval_loss=3.1281 val_acc=0.8969)
[ct_train] rechunked train graphs (seed=7)

=== Epoch 7/1000 ===
[train] loss=5.5710 cls=0.5988 cme=2.3170 acc=0.9334 cells=158379
[ct_train] rechunked train graphs (seed=8)

=== Epoch 8/1000 ===
[train] loss=5.5128 cls=0.5704 cme=2.3033 acc=0.9398 cells=158379
[val]   loss=5.5880 eval=2.9129 cls=0.5791 cme=2.3338 acc=0.9353 cells=118036
[ct_train] saved best checkpoint (val_eval_loss=2.9129 val_acc=0.9353)
[ct_train] rechunked train graphs (seed=9)

=== Epoch 9/1000 ===
[train] loss=5.4869 cls=0.5541 cme=2.2989 acc=0.9439 cells=158379
[ct_train] rechunked train graphs (seed=10)

=== Epoch 10/1000 ===
[train] loss=5.4504 cls=0.5394 cme=2.2888 acc=0.9475 cells=158379
[val]   loss=5.4716 eval=2.8266 cls=0.5184 cme=2.3082 acc=0.9473 cells=118036
[ct_train] saved best checkpoint (val_eval_loss=2.8266 val_acc=0.9473)
[ct_train] rechunked train graphs (seed=11)

=== Epoch 11/1000 ===
[train] loss=5.4381 cls=0.5308 cme=2.2871 acc=0.9496 cells=158379
[ct_train] rechunked train graphs (seed=12)

=== Epoch 12/1000 ===
[train] loss=5.4089 cls=0.5205 cme=2.2783 acc=0.9520 cells=158379
[val]   loss=5.4072 eval=2.7825 cls=0.4917 cme=2.2908 acc=0.9535 cells=118036
[ct_train] saved best checkpoint (val_eval_loss=2.7825 val_acc=0.9535)
[ct_train] rechunked train graphs (seed=13)

=== Epoch 13/1000 ===
[train] loss=5.3907 cls=0.5146 cme=2.2727 acc=0.9533 cells=158379
[ct_train] rechunked train graphs (seed=14)

=== Epoch 14/1000 ===
[train] loss=5.3805 cls=0.5105 cme=2.2699 acc=0.9551 cells=158379
[val]   loss=5.3652 eval=2.7554 cls=0.4773 cme=2.2781 acc=0.9570 cells=118036
[ct_train] saved best checkpoint (val_eval_loss=2.7554 val_acc=0.9570)
[ct_train] rechunked train graphs (seed=15)

=== Epoch 15/1000 ===
[train] loss=5.3579 cls=0.5021 cme=2.2634 acc=0.9560 cells=158379
[ct_train] rechunked train graphs (seed=16)

=== Epoch 16/1000 ===
[train] loss=5.3537 cls=0.4985 cme=2.2630 acc=0.9573 cells=158379
[val]   loss=5.3367 eval=2.7372 cls=0.4679 cme=2.2693 acc=0.9596 cells=118036
[ct_train] saved best checkpoint (val_eval_loss=2.7372 val_acc=0.9596)
[ct_train] rechunked train graphs (seed=17)

=== Epoch 17/1000 ===
[train] loss=5.3269 cls=0.4943 cme=2.2526 acc=0.9580 cells=158379
[ct_train] rechunked train graphs (seed=18)

=== Epoch 18/1000 ===
[train] loss=5.3299 cls=0.4895 cme=2.2563 acc=0.9595 cells=158379
[val]   loss=5.3144 eval=2.7234 cls=0.4613 cme=2.2620 acc=0.9614 cells=118036
[ct_train] saved best checkpoint (val_eval_loss=2.7234 val_acc=0.9614)
[ct_train] rechunked train graphs (seed=19)

=== Epoch 19/1000 ===
[train] loss=5.3219 cls=0.4873 cme=2.2535 acc=0.9606 cells=158379
[ct_train] rechunked train graphs (seed=20)

=== Epoch 20/1000 ===
[train] loss=5.3130 cls=0.4842 cme=2.2509 acc=0.9607 cells=158379
[val]   loss=5.2963 eval=2.7122 cls=0.4562 cme=2.2560 acc=0.9631 cells=118036
[ct_train] saved best checkpoint (val_eval_loss=2.7122 val_acc=0.9631)
[ct_train] rechunked train graphs (seed=21)

=== Epoch 21/1000 ===
[train] loss=5.3014 cls=0.4809 cme=2.2471 acc=0.9624 cells=158379
[ct_train] rechunked train graphs (seed=22)

=== Epoch 22/1000 ===
[train] loss=5.2836 cls=0.4759 cme=2.2411 acc=0.9627 cells=158379
[val]   loss=5.2798 eval=2.7021 cls=0.4517 cme=2.2504 acc=0.9646 cells=118036
[ct_train] saved best checkpoint (val_eval_loss=2.7021 val_acc=0.9646)
[ct_train] rechunked train graphs (seed=23)

=== Epoch 23/1000 ===
[train] loss=5.2821 cls=0.4739 cme=2.2414 acc=0.9641 cells=158379
[ct_train] rechunked train graphs (seed=24)

=== Epoch 24/1000 ===
[train] loss=5.2790 cls=0.4733 cme=2.2402 acc=0.9641 cells=158379
[val]   loss=5.2660 eval=2.6937 cls=0.4478 cme=2.2459 acc=0.9657 cells=118036
[ct_train] saved best checkpoint (val_eval_loss=2.6937 val_acc=0.9657)
[ct_train] rechunked train graphs (seed=25)

=== Epoch 25/1000 ===
[train] loss=5.2607 cls=0.4697 cme=2.2334 acc=0.9647 cells=158379
[ct_train] rechunked train graphs (seed=26)

=== Epoch 26/1000 ===
[train] loss=5.2485 cls=0.4672 cme=2.2289 acc=0.9658 cells=158379
[val]   loss=5.2543 eval=2.6865 cls=0.4445 cme=2.2420 acc=0.9666 cells=118036
[ct_train] saved best checkpoint (val_eval_loss=2.6865 val_acc=0.9666)
[ct_train] rechunked train graphs (seed=27)

=== Epoch 27/1000 ===
[train] loss=5.2550 cls=0.4669 cme=2.2320 acc=0.9655 cells=158379
[ct_train] rechunked train graphs (seed=28)

=== Epoch 28/1000 ===
[train] loss=5.2501 cls=0.4643 cme=2.2310 acc=0.9665 cells=158379
[val]   loss=5.2445 eval=2.6804 cls=0.4417 cme=2.2387 acc=0.9674 cells=118036
[ct_train] saved best checkpoint (val_eval_loss=2.6804 val_acc=0.9674)
[ct_train] rechunked train graphs (seed=29)

=== Epoch 29/1000 ===
[train] loss=5.2368 cls=0.4610 cme=2.2265 acc=0.9671 cells=158379
[ct_train] rechunked train graphs (seed=30)

=== Epoch 30/1000 ===
[train] loss=5.2441 cls=0.4601 cme=2.2301 acc=0.9675 cells=158379
[val]   loss=5.2362 eval=2.6753 cls=0.4393 cme=2.2360 acc=0.9680 cells=118036
[ct_train] saved best checkpoint (val_eval_loss=2.6753 val_acc=0.9680)
[ct_train] rechunked train graphs (seed=31)

=== Epoch 31/1000 ===
[train] loss=5.2295 cls=0.4578 cme=2.2245 acc=0.9679 cells=158379
[ct_train] rechunked train graphs (seed=32)

=== Epoch 32/1000 ===
[train] loss=5.2209 cls=0.4565 cme=2.2211 acc=0.9683 cells=158379
[val]   loss=5.2293 eval=2.6710 cls=0.4372 cme=2.2338 acc=0.9684 cells=118036
[ct_train] saved best checkpoint (val_eval_loss=2.6710 val_acc=0.9684)
[ct_train] rechunked train graphs (seed=33)

=== Epoch 33/1000 ===
[train] loss=5.2282 cls=0.4572 cme=2.2242 acc=0.9683 cells=158379
[ct_train] rechunked train graphs (seed=34)

=== Epoch 34/1000 ===
[train] loss=5.2236 cls=0.4542 cme=2.2234 acc=0.9686 cells=158379
[val]   loss=5.2229 eval=2.6670 cls=0.4352 cme=2.2317 acc=0.9689 cells=118036
[ct_train] saved best checkpoint (val_eval_loss=2.6670 val_acc=0.9689)
[ct_train] rechunked train graphs (seed=35)

=== Epoch 35/1000 ===
[train] loss=5.2265 cls=0.4537 cme=2.2250 acc=0.9690 cells=158379
[ct_train] rechunked train graphs (seed=36)

=== Epoch 36/1000 ===
[train] loss=5.2080 cls=0.4527 cme=2.2169 acc=0.9689 cells=158379
[val]   loss=5.2183 eval=2.6641 cls=0.4338 cme=2.2303 acc=0.9692 cells=118036
[ct_train] saved best checkpoint (val_eval_loss=2.6641 val_acc=0.9692)
[ct_train] rechunked train graphs (seed=37)

=== Epoch 37/1000 ===
[train] loss=5.2102 cls=0.4507 cme=2.2189 acc=0.9695 cells=158379
[ct_train] rechunked train graphs (seed=38)

=== Epoch 38/1000 ===
[train] loss=5.2086 cls=0.4500 cme=2.2184 acc=0.9703 cells=158379
[val]   loss=5.2128 eval=2.6609 cls=0.4326 cme=2.2283 acc=0.9694 cells=118036
[ct_train] saved best checkpoint (val_eval_loss=2.6609 val_acc=0.9694)
[ct_train] rechunked train graphs (seed=39)

=== Epoch 39/1000 ===
[train] loss=5.2016 cls=0.4481 cme=2.2161 acc=0.9704 cells=158379
[ct_train] rechunked train graphs (seed=40)

=== Epoch 40/1000 ===
[train] loss=5.1895 cls=0.4477 cme=2.2107 acc=0.9705 cells=158379
[val]   loss=5.2091 eval=2.6586 cls=0.4313 cme=2.2273 acc=0.9699 cells=118036
[ct_train] saved best checkpoint (val_eval_loss=2.6586 val_acc=0.9699)
[ct_train] rechunked train graphs (seed=41)

=== Epoch 41/1000 ===
[train] loss=5.1856 cls=0.4459 cme=2.2097 acc=0.9706 cells=158379
[ct_train] rechunked train graphs (seed=42)

=== Epoch 42/1000 ===
[train] loss=5.1831 cls=0.4466 cme=2.2083 acc=0.9707 cells=158379
[val]   loss=5.2044 eval=2.6556 cls=0.4299 cme=2.2257 acc=0.9703 cells=118036
[ct_train] saved best checkpoint (val_eval_loss=2.6556 val_acc=0.9703)
[ct_train] rechunked train graphs (seed=43)

=== Epoch 43/1000 ===
[train] loss=5.1988 cls=0.4447 cme=2.2163 acc=0.9714 cells=158379
[ct_train] rechunked train graphs (seed=44)

=== Epoch 44/1000 ===
[train] loss=5.1895 cls=0.4454 cme=2.2117 acc=0.9711 cells=158379
[val]   loss=5.2000 eval=2.6528 cls=0.4286 cme=2.2243 acc=0.9706 cells=118036
[ct_train] saved best checkpoint (val_eval_loss=2.6528 val_acc=0.9706)
[ct_train] rechunked train graphs (seed=45)

=== Epoch 45/1000 ===
[train] loss=5.1797 cls=0.4436 cme=2.2080 acc=0.9715 cells=158379
[ct_train] rechunked train graphs (seed=46)

=== Epoch 46/1000 ===
[train] loss=5.1780 cls=0.4425 cme=2.2079 acc=0.9721 cells=158379
[val]   loss=5.1963 eval=2.6506 cls=0.4275 cme=2.2231 acc=0.9707 cells=118036
[ct_train] saved best checkpoint (val_eval_loss=2.6506 val_acc=0.9707)
[ct_train] rechunked train graphs (seed=47)

=== Epoch 47/1000 ===
[train] loss=5.1754 cls=0.4401 cme=2.2077 acc=0.9726 cells=158379
[ct_train] rechunked train graphs (seed=48)

=== Epoch 48/1000 ===
[train] loss=5.1775 cls=0.4409 cme=2.2083 acc=0.9723 cells=158379
[val]   loss=5.1930 eval=2.6484 cls=0.4263 cme=2.2221 acc=0.9712 cells=118036
[ct_train] saved best checkpoint (val_eval_loss=2.6484 val_acc=0.9712)
[ct_train] rechunked train graphs (seed=49)

=== Epoch 49/1000 ===
[train] loss=5.1763 cls=0.4395 cme=2.2083 acc=0.9724 cells=158379
[ct_train] rechunked train graphs (seed=50)

=== Epoch 50/1000 ===
[train] loss=5.1739 cls=0.4389 cme=2.2076 acc=0.9730 cells=158379
[val]   loss=5.1897 eval=2.6465 cls=0.4255 cme=2.2210 acc=0.9714 cells=118036
[ct_train] saved best checkpoint (val_eval_loss=2.6465 val_acc=0.9714)
[ct_train] rechunked train graphs (seed=51)

=== Epoch 51/1000 ===
[train] loss=5.1585 cls=0.4367 cme=2.2015 acc=0.9733 cells=158379
[ct_train] rechunked train graphs (seed=52)

=== Epoch 52/1000 ===
[train] loss=5.1584 cls=0.4369 cme=2.2013 acc=0.9735 cells=158379
[val]   loss=5.1867 eval=2.6446 cls=0.4246 cme=2.2200 acc=0.9715 cells=118036
[ct_train] saved best checkpoint (val_eval_loss=2.6446 val_acc=0.9715)
[ct_train] rechunked train graphs (seed=53)

=== Epoch 53/1000 ===
[train] loss=5.1796 cls=0.4375 cme=2.2108 acc=0.9731 cells=158379
[ct_train] rechunked train graphs (seed=54)

=== Epoch 54/1000 ===
[train] loss=5.1613 cls=0.4366 cme=2.2028 acc=0.9731 cells=158379
[val]   loss=5.1842 eval=2.6430 cls=0.4238 cme=2.2192 acc=0.9717 cells=118036
[ct_train] saved best checkpoint (val_eval_loss=2.6430 val_acc=0.9717)
[ct_train] rechunked train graphs (seed=55)

=== Epoch 55/1000 ===
[train] loss=5.1581 cls=0.4353 cme=2.2020 acc=0.9734 cells=158379
[ct_train] rechunked train graphs (seed=56)

=== Epoch 56/1000 ===
[train] loss=5.1529 cls=0.4347 cme=2.1998 acc=0.9739 cells=158379
[val]   loss=5.1818 eval=2.6416 cls=0.4233 cme=2.2183 acc=0.9717 cells=118036
[ct_train] saved best checkpoint (val_eval_loss=2.6416 val_acc=0.9717)
[ct_train] rechunked train graphs (seed=57)

=== Epoch 57/1000 ===
[train] loss=5.1559 cls=0.4339 cme=2.2015 acc=0.9742 cells=158379
[ct_train] rechunked train graphs (seed=58)

=== Epoch 58/1000 ===
[train] loss=5.1515 cls=0.4333 cme=2.1997 acc=0.9738 cells=158379
[val]   loss=5.1794 eval=2.6400 cls=0.4224 cme=2.2177 acc=0.9720 cells=118036
[ct_train] saved best checkpoint (val_eval_loss=2.6400 val_acc=0.9720)
[ct_train] rechunked train graphs (seed=59)

=== Epoch 59/1000 ===
[train] loss=5.1541 cls=0.4316 cme=2.2018 acc=0.9747 cells=158379
[ct_train] rechunked train graphs (seed=60)

=== Epoch 60/1000 ===
[train] loss=5.1448 cls=0.4317 cme=2.1975 acc=0.9745 cells=158379
[val]   loss=5.1782 eval=2.6393 cls=0.4220 cme=2.2172 acc=0.9721 cells=118036
[ct_train] saved best checkpoint (val_eval_loss=2.6393 val_acc=0.9721)
[ct_train] rechunked train graphs (seed=61)

=== Epoch 61/1000 ===
[train] loss=5.1526 cls=0.4322 cme=2.2008 acc=0.9744 cells=158379
[ct_train] rechunked train graphs (seed=62)

=== Epoch 62/1000 ===
[train] loss=5.1436 cls=0.4302 cme=2.1976 acc=0.9745 cells=158379
[val]   loss=5.1764 eval=2.6381 cls=0.4214 cme=2.2167 acc=0.9722 cells=118036
[ct_train] saved best checkpoint (val_eval_loss=2.6381 val_acc=0.9722)
[ct_train] rechunked train graphs (seed=63)

=== Epoch 63/1000 ===
[train] loss=5.1412 cls=0.4300 cme=2.1966 acc=0.9753 cells=158379
[ct_train] rechunked train graphs (seed=64)

=== Epoch 64/1000 ===
[train] loss=5.1347 cls=0.4301 cme=2.1935 acc=0.9750 cells=158379
[val]   loss=5.1749 eval=2.6372 cls=0.4208 cme=2.2163 acc=0.9723 cells=118036
[ct_train] saved best checkpoint (val_eval_loss=2.6372 val_acc=0.9723)
[ct_train] rechunked train graphs (seed=65)

=== Epoch 65/1000 ===
[train] loss=5.1479 cls=0.4304 cme=2.1994 acc=0.9748 cells=158379
[ct_train] rechunked train graphs (seed=66)

=== Epoch 66/1000 ===
[train] loss=5.1349 cls=0.4287 cme=2.1942 acc=0.9754 cells=158379
[val]   loss=5.1734 eval=2.6362 cls=0.4204 cme=2.2158 acc=0.9725 cells=118036
[ct_train] saved best checkpoint (val_eval_loss=2.6362 val_acc=0.9725)
[ct_train] rechunked train graphs (seed=67)

=== Epoch 67/1000 ===
[train] loss=5.1339 cls=0.4283 cme=2.1941 acc=0.9758 cells=158379
[ct_train] rechunked train graphs (seed=68)

=== Epoch 68/1000 ===
[train] loss=5.1363 cls=0.4277 cme=2.1954 acc=0.9756 cells=158379
[val]   loss=5.1715 eval=2.6350 cls=0.4198 cme=2.2152 acc=0.9727 cells=118036
[ct_train] saved best checkpoint (val_eval_loss=2.6350 val_acc=0.9727)
[ct_train] rechunked train graphs (seed=69)

=== Epoch 69/1000 ===
[train] loss=5.1315 cls=0.4271 cme=2.1934 acc=0.9762 cells=158379
[ct_train] rechunked train graphs (seed=70)

=== Epoch 70/1000 ===
[train] loss=5.1273 cls=0.4267 cme=2.1917 acc=0.9763 cells=158379
[val]   loss=5.1705 eval=2.6344 cls=0.4196 cme=2.2149 acc=0.9728 cells=118036
[ct_train] saved best checkpoint (val_eval_loss=2.6344 val_acc=0.9728)
[ct_train] rechunked train graphs (seed=71)

=== Epoch 71/1000 ===
[train] loss=5.1432 cls=0.4276 cme=2.1987 acc=0.9757 cells=158379
[ct_train] rechunked train graphs (seed=72)

=== Epoch 72/1000 ===
[train] loss=5.1278 cls=0.4257 cme=2.1924 acc=0.9759 cells=158379
[val]   loss=5.1696 eval=2.6339 cls=0.4193 cme=2.2146 acc=0.9729 cells=118036
[ct_train] saved best checkpoint (val_eval_loss=2.6339 val_acc=0.9729)
[ct_train] rechunked train graphs (seed=73)

=== Epoch 73/1000 ===
[train] loss=5.1267 cls=0.4263 cme=2.1916 acc=0.9765 cells=158379
[ct_train] rechunked train graphs (seed=74)

=== Epoch 74/1000 ===
[train] loss=5.1274 cls=0.4252 cme=2.1924 acc=0.9766 cells=158379
[val]   loss=5.1682 eval=2.6330 cls=0.4188 cme=2.2141 acc=0.9731 cells=118036
[ct_train] saved best checkpoint (val_eval_loss=2.6330 val_acc=0.9731)
[ct_train] rechunked train graphs (seed=75)

=== Epoch 75/1000 ===
[train] loss=5.1335 cls=0.4264 cme=2.1946 acc=0.9763 cells=158379
[ct_train] rechunked train graphs (seed=76)

=== Epoch 76/1000 ===
[train] loss=5.1300 cls=0.4239 cme=2.1942 acc=0.9769 cells=158379
[val]   loss=5.1669 eval=2.6322 cls=0.4184 cme=2.2138 acc=0.9731 cells=118036
[ct_train] saved best checkpoint (val_eval_loss=2.6322 val_acc=0.9731)
[ct_train] rechunked train graphs (seed=77)

=== Epoch 77/1000 ===
[train] loss=5.1254 cls=0.4235 cme=2.1922 acc=0.9770 cells=158379
[ct_train] rechunked train graphs (seed=78)

=== Epoch 78/1000 ===
[train] loss=5.1258 cls=0.4229 cme=2.1926 acc=0.9772 cells=158379
[val]   loss=5.1660 eval=2.6315 cls=0.4180 cme=2.2135 acc=0.9732 cells=118036
[ct_train] saved best checkpoint (val_eval_loss=2.6315 val_acc=0.9732)
[ct_train] rechunked train graphs (seed=79)

=== Epoch 79/1000 ===
[train] loss=5.1204 cls=0.4221 cme=2.1906 acc=0.9769 cells=158379
[ct_train] rechunked train graphs (seed=80)

=== Epoch 80/1000 ===
[train] loss=5.1177 cls=0.4230 cme=2.1889 acc=0.9769 cells=158379
[val]   loss=5.1639 eval=2.6302 cls=0.4174 cme=2.2128 acc=0.9734 cells=118036
[ct_train] saved best checkpoint (val_eval_loss=2.6302 val_acc=0.9734)
[ct_train] rechunked train graphs (seed=81)

=== Epoch 81/1000 ===
[train] loss=5.1125 cls=0.4219 cme=2.1871 acc=0.9772 cells=158379
[ct_train] rechunked train graphs (seed=82)

=== Epoch 82/1000 ===
[train] loss=5.1117 cls=0.4206 cme=2.1873 acc=0.9778 cells=158379
[val]   loss=5.1636 eval=2.6300 cls=0.4172 cme=2.2128 acc=0.9733 cells=118036
[ct_train] saved best checkpoint (val_eval_loss=2.6300 val_acc=0.9734)
[ct_train] early_stopping: no improve on val/eval_loss for 1/45 val checks
[ct_train] rechunked train graphs (seed=83)

=== Epoch 83/1000 ===
[train] loss=5.1106 cls=0.4202 cme=2.1870 acc=0.9779 cells=158379
[ct_train] rechunked train graphs (seed=84)

=== Epoch 84/1000 ===
[train] loss=5.1158 cls=0.4215 cme=2.1887 acc=0.9777 cells=158379
[val]   loss=5.1616 eval=2.6289 cls=0.4169 cme=2.2120 acc=0.9733 cells=118036
[ct_train] saved best checkpoint (val_eval_loss=2.6289 val_acc=0.9734)
[ct_train] rechunked train graphs (seed=85)

=== Epoch 85/1000 ===
[train] loss=5.1163 cls=0.4218 cme=2.1889 acc=0.9774 cells=158379
[ct_train] rechunked train graphs (seed=86)

=== Epoch 86/1000 ===
[train] loss=5.1166 cls=0.4205 cme=2.1896 acc=0.9776 cells=158379
[val]   loss=5.1615 eval=2.6288 cls=0.4167 cme=2.2121 acc=0.9734 cells=118036
[ct_train] saved best checkpoint (val_eval_loss=2.6288 val_acc=0.9734)
[ct_train] early_stopping: no improve on val/eval_loss for 1/45 val checks
[ct_train] rechunked train graphs (seed=87)

=== Epoch 87/1000 ===
[train] loss=5.1006 cls=0.4194 cme=2.1827 acc=0.9778 cells=158379
[ct_train] rechunked train graphs (seed=88)

=== Epoch 88/1000 ===
[train] loss=5.1140 cls=0.4201 cme=2.1886 acc=0.9781 cells=158379
[val]   loss=5.1609 eval=2.6283 cls=0.4163 cme=2.2120 acc=0.9735 cells=118036
[ct_train] saved best checkpoint (val_eval_loss=2.6283 val_acc=0.9735)
[ct_train] rechunked train graphs (seed=89)

=== Epoch 89/1000 ===
[train] loss=5.1027 cls=0.4193 cme=2.1837 acc=0.9780 cells=158379
[ct_train] rechunked train graphs (seed=90)

=== Epoch 90/1000 ===
[train] loss=5.1128 cls=0.4193 cme=2.1884 acc=0.9782 cells=158379
[val]   loss=5.1610 eval=2.6283 cls=0.4162 cme=2.2121 acc=0.9738 cells=118036
[ct_train] early_stopping: no improve on val/eval_loss for 1/45 val checks
[ct_train] rechunked train graphs (seed=91)

=== Epoch 91/1000 ===
[train] loss=5.1160 cls=0.4190 cme=2.1900 acc=0.9780 cells=158379
[ct_train] rechunked train graphs (seed=92)

=== Epoch 92/1000 ===
[train] loss=5.0959 cls=0.4179 cme=2.1812 acc=0.9785 cells=158379
[val]   loss=5.1604 eval=2.6279 cls=0.4159 cme=2.2119 acc=0.9736 cells=118036
[ct_train] saved best checkpoint (val_eval_loss=2.6279 val_acc=0.9738)
[ct_train] rechunked train graphs (seed=93)

=== Epoch 93/1000 ===
[train] loss=5.1123 cls=0.4190 cme=2.1883 acc=0.9781 cells=158379
[ct_train] rechunked train graphs (seed=94)

=== Epoch 94/1000 ===
[train] loss=5.0886 cls=0.4161 cme=2.1787 acc=0.9785 cells=158379
[val]   loss=5.1599 eval=2.6274 cls=0.4155 cme=2.2119 acc=0.9738 cells=118036
[ct_train] saved best checkpoint (val_eval_loss=2.6274 val_acc=0.9738)
[ct_train] rechunked train graphs (seed=95)

=== Epoch 95/1000 ===
[train] loss=5.0939 cls=0.4164 cme=2.1809 acc=0.9788 cells=158379
[ct_train] rechunked train graphs (seed=96)

=== Epoch 96/1000 ===
[train] loss=5.0956 cls=0.4162 cme=2.1819 acc=0.9788 cells=158379
[val]   loss=5.1586 eval=2.6267 cls=0.4154 cme=2.2113 acc=0.9740 cells=118036
[ct_train] saved best checkpoint (val_eval_loss=2.6267 val_acc=0.9740)
[ct_train] rechunked train graphs (seed=97)

=== Epoch 97/1000 ===
[train] loss=5.0840 cls=0.4160 cme=2.1766 acc=0.9794 cells=158379
[ct_train] rechunked train graphs (seed=98)

=== Epoch 98/1000 ===
[train] loss=5.0994 cls=0.4158 cme=2.1839 acc=0.9789 cells=158379
[val]   loss=5.1572 eval=2.6259 cls=0.4150 cme=2.2109 acc=0.9741 cells=118036
[ct_train] saved best checkpoint (val_eval_loss=2.6259 val_acc=0.9741)
[ct_train] rechunked train graphs (seed=99)

=== Epoch 99/1000 ===
[train] loss=5.1176 cls=0.4167 cme=2.1918 acc=0.9793 cells=158379
[ct_train] rechunked train graphs (seed=100)

=== Epoch 100/1000 ===
[train] loss=5.0912 cls=0.4141 cme=2.1807 acc=0.9796 cells=158379
[val]   loss=5.1563 eval=2.6254 cls=0.4150 cme=2.2104 acc=0.9742 cells=118036
[ct_train] saved best checkpoint (val_eval_loss=2.6254 val_acc=0.9742)
[ct_train] rechunked train graphs (seed=101)

=== Epoch 101/1000 ===
[train] loss=5.0910 cls=0.4144 cme=2.1806 acc=0.9792 cells=158379
[ct_train] rechunked train graphs (seed=102)

=== Epoch 102/1000 ===
[train] loss=5.0850 cls=0.4150 cme=2.1775 acc=0.9795 cells=158379
[val]   loss=5.1548 eval=2.6246 cls=0.4148 cme=2.2098 acc=0.9744 cells=118036
[ct_train] saved best checkpoint (val_eval_loss=2.6246 val_acc=0.9744)
[ct_train] rechunked train graphs (seed=103)

=== Epoch 103/1000 ===
[train] loss=5.0892 cls=0.4140 cme=2.1799 acc=0.9796 cells=158379
[ct_train] rechunked train graphs (seed=104)

=== Epoch 104/1000 ===
[train] loss=5.0960 cls=0.4147 cme=2.1829 acc=0.9796 cells=158379
[val]   loss=5.1547 eval=2.6245 cls=0.4146 cme=2.2099 acc=0.9743 cells=118036
[ct_train] saved best checkpoint (val_eval_loss=2.6245 val_acc=0.9744)
[ct_train] early_stopping: no improve on val/eval_loss for 1/45 val checks
[ct_train] rechunked train graphs (seed=105)

=== Epoch 105/1000 ===
[train] loss=5.0875 cls=0.4139 cme=2.1792 acc=0.9796 cells=158379
[ct_train] rechunked train graphs (seed=106)

=== Epoch 106/1000 ===
[train] loss=5.0875 cls=0.4135 cme=2.1794 acc=0.9797 cells=158379
[val]   loss=5.1549 eval=2.6244 cls=0.4143 cme=2.2101 acc=0.9744 cells=118036
[ct_train] saved best checkpoint (val_eval_loss=2.6244 val_acc=0.9744)
[ct_train] early_stopping: no improve on val/eval_loss for 2/45 val checks
[ct_train] rechunked train graphs (seed=107)

=== Epoch 107/1000 ===
[train] loss=5.0899 cls=0.4140 cme=2.1802 acc=0.9798 cells=158379
[ct_train] rechunked train graphs (seed=108)

=== Epoch 108/1000 ===
[train] loss=5.0836 cls=0.4131 cme=2.1778 acc=0.9798 cells=158379
[val]   loss=5.1546 eval=2.6242 cls=0.4140 cme=2.2102 acc=0.9745 cells=118036
[ct_train] saved best checkpoint (val_eval_loss=2.6242 val_acc=0.9745)
[ct_train] early_stopping: no improve on val/eval_loss for 3/45 val checks
[ct_train] rechunked train graphs (seed=109)

=== Epoch 109/1000 ===
[train] loss=5.0864 cls=0.4129 cme=2.1791 acc=0.9803 cells=158379
[ct_train] rechunked train graphs (seed=110)

=== Epoch 110/1000 ===
[train] loss=5.0735 cls=0.4116 cme=2.1738 acc=0.9803 cells=158379
[val]   loss=5.1536 eval=2.6237 cls=0.4140 cme=2.2097 acc=0.9743 cells=118036
[ct_train] saved best checkpoint (val_eval_loss=2.6237 val_acc=0.9745)
[ct_train] rechunked train graphs (seed=111)

=== Epoch 111/1000 ===
[train] loss=5.0821 cls=0.4118 cme=2.1777 acc=0.9806 cells=158379
[ct_train] rechunked train graphs (seed=112)

=== Epoch 112/1000 ===
[train] loss=5.0754 cls=0.4104 cme=2.1753 acc=0.9805 cells=158379
[val]   loss=5.1527 eval=2.6233 cls=0.4139 cme=2.2093 acc=0.9744 cells=118036
[ct_train] saved best checkpoint (val_eval_loss=2.6233 val_acc=0.9745)
[ct_train] rechunked train graphs (seed=113)

=== Epoch 113/1000 ===
[train] loss=5.0762 cls=0.4105 cme=2.1756 acc=0.9807 cells=158379
[ct_train] rechunked train graphs (seed=114)

=== Epoch 114/1000 ===
[train] loss=5.0745 cls=0.4105 cme=2.1748 acc=0.9806 cells=158379
[val]   loss=5.1524 eval=2.6230 cls=0.4137 cme=2.2093 acc=0.9745 cells=118036
[ct_train] saved best checkpoint (val_eval_loss=2.6230 val_acc=0.9745)
[ct_train] early_stopping: no improve on val/eval_loss for 1/45 val checks
[ct_train] rechunked train graphs (seed=115)

=== Epoch 115/1000 ===
[train] loss=5.0712 cls=0.4097 cme=2.1737 acc=0.9812 cells=158379
[ct_train] rechunked train graphs (seed=116)

=== Epoch 116/1000 ===
[train] loss=5.0807 cls=0.4106 cme=2.1776 acc=0.9807 cells=158379
[val]   loss=5.1519 eval=2.6229 cls=0.4138 cme=2.2090 acc=0.9745 cells=118036
[ct_train] saved best checkpoint (val_eval_loss=2.6229 val_acc=0.9745)
[ct_train] early_stopping: no improve on val/eval_loss for 2/45 val checks
[ct_train] rechunked train graphs (seed=117)

=== Epoch 117/1000 ===
[train] loss=5.0723 cls=0.4097 cme=2.1741 acc=0.9810 cells=158379
[ct_train] rechunked train graphs (seed=118)

=== Epoch 118/1000 ===
[train] loss=5.0650 cls=0.4090 cme=2.1710 acc=0.9811 cells=158379
[val]   loss=5.1503 eval=2.6219 cls=0.4134 cme=2.2084 acc=0.9745 cells=118036
[ct_train] saved best checkpoint (val_eval_loss=2.6219 val_acc=0.9745)
[ct_train] rechunked train graphs (seed=119)

=== Epoch 119/1000 ===
[train] loss=5.0614 cls=0.4086 cme=2.1697 acc=0.9812 cells=158379
[ct_train] rechunked train graphs (seed=120)

=== Epoch 120/1000 ===
[train] loss=5.0720 cls=0.4091 cme=2.1743 acc=0.9810 cells=158379
[val]   loss=5.1493 eval=2.6214 cls=0.4134 cme=2.2080 acc=0.9746 cells=118036
[ct_train] saved best checkpoint (val_eval_loss=2.6214 val_acc=0.9746)
[ct_train] rechunked train graphs (seed=121)

=== Epoch 121/1000 ===
[train] loss=5.0614 cls=0.4081 cme=2.1698 acc=0.9815 cells=158379
[ct_train] rechunked train graphs (seed=122)

=== Epoch 122/1000 ===
[train] loss=5.0597 cls=0.4080 cme=2.1691 acc=0.9817 cells=158379
[val]   loss=5.1496 eval=2.6215 cls=0.4134 cme=2.2082 acc=0.9746 cells=118036
[ct_train] early_stopping: no improve on val/eval_loss for 1/45 val checks
[ct_train] rechunked train graphs (seed=123)

=== Epoch 123/1000 ===
[train] loss=5.0694 cls=0.4081 cme=2.1735 acc=0.9814 cells=158379
[ct_train] rechunked train graphs (seed=124)

=== Epoch 124/1000 ===
[train] loss=5.0695 cls=0.4077 cme=2.1737 acc=0.9816 cells=158379
[val]   loss=5.1497 eval=2.6216 cls=0.4134 cme=2.2082 acc=0.9747 cells=118036
[ct_train] early_stopping: no improve on val/eval_loss for 2/45 val checks
[ct_train] rechunked train graphs (seed=125)

=== Epoch 125/1000 ===
[train] loss=5.0800 cls=0.4097 cme=2.1777 acc=0.9813 cells=158379
[ct_train] rechunked train graphs (seed=126)

=== Epoch 126/1000 ===
[train] loss=5.0687 cls=0.4075 cme=2.1735 acc=0.9815 cells=158379
[val]   loss=5.1483 eval=2.6208 cls=0.4130 cme=2.2077 acc=0.9748 cells=118036
[ct_train] saved best checkpoint (val_eval_loss=2.6208 val_acc=0.9748)
[ct_train] rechunked train graphs (seed=127)

=== Epoch 127/1000 ===
[train] loss=5.0680 cls=0.4072 cme=2.1733 acc=0.9818 cells=158379
[ct_train] rechunked train graphs (seed=128)

=== Epoch 128/1000 ===
[train] loss=5.0515 cls=0.4070 cme=2.1658 acc=0.9820 cells=158379
[val]   loss=5.1478 eval=2.6205 cls=0.4130 cme=2.2075 acc=0.9748 cells=118036
[ct_train] saved best checkpoint (val_eval_loss=2.6205 val_acc=0.9748)
[ct_train] early_stopping: no improve on val/eval_loss for 1/45 val checks
[ct_train] rechunked train graphs (seed=129)

=== Epoch 129/1000 ===
[train] loss=5.0576 cls=0.4058 cme=2.1691 acc=0.9822 cells=158379
[ct_train] rechunked train graphs (seed=130)

=== Epoch 130/1000 ===
[train] loss=5.0614 cls=0.4061 cme=2.1708 acc=0.9821 cells=158379
[val]   loss=5.1481 eval=2.6206 cls=0.4129 cme=2.2077 acc=0.9748 cells=118036
[ct_train] early_stopping: no improve on val/eval_loss for 2/45 val checks
[ct_train] rechunked train graphs (seed=131)

=== Epoch 131/1000 ===
[train] loss=5.0606 cls=0.4062 cme=2.1703 acc=0.9819 cells=158379
[ct_train] rechunked train graphs (seed=132)

=== Epoch 132/1000 ===
[train] loss=5.0712 cls=0.4060 cme=2.1754 acc=0.9825 cells=158379
[val]   loss=5.1481 eval=2.6206 cls=0.4129 cme=2.2077 acc=0.9748 cells=118036
[ct_train] early_stopping: no improve on val/eval_loss for 3/45 val checks
[ct_train] rechunked train graphs (seed=133)

=== Epoch 133/1000 ===
[train] loss=5.0542 cls=0.4058 cme=2.1676 acc=0.9822 cells=158379
[ct_train] rechunked train graphs (seed=134)

=== Epoch 134/1000 ===
[train] loss=5.0536 cls=0.4044 cme=2.1680 acc=0.9825 cells=158379
[val]   loss=5.1468 eval=2.6200 cls=0.4129 cme=2.2071 acc=0.9750 cells=118036
[ct_train] saved best checkpoint (val_eval_loss=2.6200 val_acc=0.9750)
[ct_train] rechunked train graphs (seed=135)

=== Epoch 135/1000 ===
[train] loss=5.0623 cls=0.4051 cme=2.1716 acc=0.9824 cells=158379
[ct_train] rechunked train graphs (seed=136)

=== Epoch 136/1000 ===
[train] loss=5.0447 cls=0.4045 cme=2.1638 acc=0.9824 cells=158379
[val]   loss=5.1464 eval=2.6197 cls=0.4127 cme=2.2070 acc=0.9749 cells=118036
[ct_train] saved best checkpoint (val_eval_loss=2.6197 val_acc=0.9750)
[ct_train] early_stopping: no improve on val/eval_loss for 1/45 val checks
[ct_train] rechunked train graphs (seed=137)

=== Epoch 137/1000 ===
[train] loss=5.0456 cls=0.4040 cme=2.1644 acc=0.9826 cells=158379
[ct_train] rechunked train graphs (seed=138)

=== Epoch 138/1000 ===
[train] loss=5.0588 cls=0.4046 cme=2.1702 acc=0.9823 cells=158379
[val]   loss=5.1460 eval=2.6195 cls=0.4127 cme=2.2069 acc=0.9750 cells=118036
[ct_train] saved best checkpoint (val_eval_loss=2.6195 val_acc=0.9750)
[ct_train] early_stopping: no improve on val/eval_loss for 2/45 val checks
[ct_train] rechunked train graphs (seed=139)

=== Epoch 139/1000 ===
[train] loss=5.0631 cls=0.4052 cme=2.1720 acc=0.9824 cells=158379
[ct_train] rechunked train graphs (seed=140)

=== Epoch 140/1000 ===
[train] loss=5.0500 cls=0.4037 cme=2.1665 acc=0.9828 cells=158379
[val]   loss=5.1450 eval=2.6189 cls=0.4125 cme=2.2065 acc=0.9751 cells=118036
[ct_train] saved best checkpoint (val_eval_loss=2.6189 val_acc=0.9751)
[ct_train] rechunked train graphs (seed=141)

=== Epoch 141/1000 ===
[train] loss=5.0416 cls=0.4028 cme=2.1631 acc=0.9830 cells=158379
[ct_train] rechunked train graphs (seed=142)

=== Epoch 142/1000 ===
[train] loss=5.0539 cls=0.4030 cme=2.1687 acc=0.9834 cells=158379
[val]   loss=5.1451 eval=2.6192 cls=0.4127 cme=2.2064 acc=0.9750 cells=118036
[ct_train] early_stopping: no improve on val/eval_loss for 1/45 val checks
[ct_train] rechunked train graphs (seed=143)

=== Epoch 143/1000 ===
[train] loss=5.0450 cls=0.4022 cme=2.1650 acc=0.9832 cells=158379
[ct_train] rechunked train graphs (seed=144)

=== Epoch 144/1000 ===
[train] loss=5.0369 cls=0.4024 cme=2.1611 acc=0.9834 cells=158379
[val]   loss=5.1454 eval=2.6193 cls=0.4126 cme=2.2066 acc=0.9751 cells=118036
[ct_train] early_stopping: no improve on val/eval_loss for 2/45 val checks
[ct_train] rechunked train graphs (seed=145)

=== Epoch 145/1000 ===
[train] loss=5.0421 cls=0.4033 cme=2.1631 acc=0.9827 cells=158379
[ct_train] rechunked train graphs (seed=146)

=== Epoch 146/1000 ===
[train] loss=5.0511 cls=0.4024 cme=2.1677 acc=0.9830 cells=158379
[val]   loss=5.1445 eval=2.6188 cls=0.4126 cme=2.2062 acc=0.9751 cells=118036
[ct_train] saved best checkpoint (val_eval_loss=2.6188 val_acc=0.9751)
[ct_train] early_stopping: no improve on val/eval_loss for 3/45 val checks
[ct_train] rechunked train graphs (seed=147)

=== Epoch 147/1000 ===
[train] loss=5.0450 cls=0.4030 cme=2.1646 acc=0.9830 cells=158379
[ct_train] rechunked train graphs (seed=148)

=== Epoch 148/1000 ===
[train] loss=5.0422 cls=0.4024 cme=2.1635 acc=0.9831 cells=158379
[val]   loss=5.1450 eval=2.6190 cls=0.4125 cme=2.2065 acc=0.9752 cells=118036
[ct_train] early_stopping: no improve on val/eval_loss for 4/45 val checks
[ct_train] rechunked train graphs (seed=149)

=== Epoch 149/1000 ===
[train] loss=5.0432 cls=0.4027 cme=2.1640 acc=0.9831 cells=158379
[ct_train] rechunked train graphs (seed=150)

=== Epoch 150/1000 ===
[train] loss=5.0472 cls=0.4014 cme=2.1664 acc=0.9835 cells=158379
[val]   loss=5.1441 eval=2.6186 cls=0.4125 cme=2.2061 acc=0.9752 cells=118036
[ct_train] saved best checkpoint (val_eval_loss=2.6186 val_acc=0.9752)
[ct_train] early_stopping: no improve on val/eval_loss for 5/45 val checks
[ct_train] rechunked train graphs (seed=151)

=== Epoch 151/1000 ===
[train] loss=5.0330 cls=0.4011 cme=2.1599 acc=0.9839 cells=158379
[ct_train] rechunked train graphs (seed=152)

=== Epoch 152/1000 ===
[train] loss=5.0350 cls=0.4008 cme=2.1610 acc=0.9836 cells=158379
[val]   loss=5.1443 eval=2.6187 cls=0.4126 cme=2.2061 acc=0.9752 cells=118036
[ct_train] early_stopping: no improve on val/eval_loss for 6/45 val checks
[ct_train] rechunked train graphs (seed=153)

=== Epoch 153/1000 ===
[train] loss=5.0205 cls=0.4002 cme=2.1546 acc=0.9837 cells=158379
[ct_train] rechunked train graphs (seed=154)

=== Epoch 154/1000 ===
[train] loss=5.0345 cls=0.4002 cme=2.1610 acc=0.9840 cells=158379
[val]   loss=5.1450 eval=2.6191 cls=0.4126 cme=2.2065 acc=0.9752 cells=118036
[ct_train] early_stopping: no improve on val/eval_loss for 7/45 val checks
[ct_train] rechunked train graphs (seed=155)

=== Epoch 155/1000 ===
[train] loss=5.0234 cls=0.3990 cme=2.1565 acc=0.9840 cells=158379
[ct_train] rechunked train graphs (seed=156)

=== Epoch 156/1000 ===
[train] loss=5.0260 cls=0.3984 cme=2.1579 acc=0.9845 cells=158379
[val]   loss=5.1453 eval=2.6193 cls=0.4127 cme=2.2066 acc=0.9752 cells=118036
[ct_train] early_stopping: no improve on val/eval_loss for 8/45 val checks
[ct_train] rechunked train graphs (seed=157)

=== Epoch 157/1000 ===
[train] loss=5.0376 cls=0.4004 cme=2.1624 acc=0.9840 cells=158379
[ct_train] rechunked train graphs (seed=158)

=== Epoch 158/1000 ===
[train] loss=5.0296 cls=0.3985 cme=2.1596 acc=0.9841 cells=158379
[val]   loss=5.1440 eval=2.6187 cls=0.4128 cme=2.2059 acc=0.9753 cells=118036
[ct_train] early_stopping: no improve on val/eval_loss for 9/45 val checks
[ct_train] rechunked train graphs (seed=159)

=== Epoch 159/1000 ===
[train] loss=5.0308 cls=0.3993 cme=2.1597 acc=0.9842 cells=158379
[ct_train] rechunked train graphs (seed=160)

=== Epoch 160/1000 ===
[train] loss=5.0303 cls=0.3987 cme=2.1598 acc=0.9842 cells=158379
[val]   loss=5.1423 eval=2.6179 cls=0.4128 cme=2.2051 acc=0.9753 cells=118036
[ct_train] saved best checkpoint (val_eval_loss=2.6179 val_acc=0.9753)
[ct_train] rechunked train graphs (seed=161)

=== Epoch 161/1000 ===
[train] loss=5.0342 cls=0.3989 cme=2.1615 acc=0.9843 cells=158379
[ct_train] rechunked train graphs (seed=162)

=== Epoch 162/1000 ===
[train] loss=5.0225 cls=0.3978 cme=2.1566 acc=0.9846 cells=158379
[val]   loss=5.1428 eval=2.6181 cls=0.4127 cme=2.2054 acc=0.9753 cells=118036
[ct_train] early_stopping: no improve on val/eval_loss for 1/45 val checks
[ct_train] rechunked train graphs (seed=163)

=== Epoch 163/1000 ===
[train] loss=5.0233 cls=0.3976 cme=2.1570 acc=0.9847 cells=158379
[ct_train] rechunked train graphs (seed=164)

=== Epoch 164/1000 ===
[train] loss=5.0281 cls=0.3982 cme=2.1590 acc=0.9847 cells=158379
[val]   loss=5.1435 eval=2.6185 cls=0.4128 cme=2.2057 acc=0.9753 cells=118036
[ct_train] early_stopping: no improve on val/eval_loss for 2/45 val checks
[ct_train] rechunked train graphs (seed=165)

=== Epoch 165/1000 ===
[train] loss=5.0287 cls=0.3982 cme=2.1593 acc=0.9846 cells=158379
[ct_train] rechunked train graphs (seed=166)

=== Epoch 166/1000 ===
[train] loss=5.0203 cls=0.3970 cme=2.1560 acc=0.9853 cells=158379
[val]   loss=5.1431 eval=2.6183 cls=0.4128 cme=2.2055 acc=0.9753 cells=118036
[ct_train] early_stopping: no improve on val/eval_loss for 3/45 val checks
[ct_train] rechunked train graphs (seed=167)

=== Epoch 167/1000 ===
[train] loss=5.0161 cls=0.3967 cme=2.1542 acc=0.9851 cells=158379
[ct_train] rechunked train graphs (seed=168)

=== Epoch 168/1000 ===
[train] loss=5.0197 cls=0.3971 cme=2.1556 acc=0.9848 cells=158379
[val]   loss=5.1438 eval=2.6186 cls=0.4128 cme=2.2058 acc=0.9753 cells=118036
[ct_train] early_stopping: no improve on val/eval_loss for 4/45 val checks
[ct_train] rechunked train graphs (seed=169)

=== Epoch 169/1000 ===
[train] loss=5.0282 cls=0.3966 cme=2.1598 acc=0.9850 cells=158379
[ct_train] rechunked train graphs (seed=170)

=== Epoch 170/1000 ===
[train] loss=5.0299 cls=0.3979 cme=2.1600 acc=0.9851 cells=158379
[val]   loss=5.1436 eval=2.6185 cls=0.4127 cme=2.2057 acc=0.9754 cells=118036
[ct_train] early_stopping: no improve on val/eval_loss for 5/45 val checks
[ct_train] rechunked train graphs (seed=171)

=== Epoch 171/1000 ===
[train] loss=5.0238 cls=0.3958 cme=2.1581 acc=0.9853 cells=158379
[ct_train] rechunked train graphs (seed=172)

=== Epoch 172/1000 ===
[train] loss=5.0166 cls=0.3959 cme=2.1548 acc=0.9855 cells=158379
[val]   loss=5.1430 eval=2.6181 cls=0.4126 cme=2.2055 acc=0.9754 cells=118036
[ct_train] early_stopping: no improve on val/eval_loss for 6/45 val checks
[ct_train] rechunked train graphs (seed=173)

=== Epoch 173/1000 ===
[train] loss=5.0148 cls=0.3953 cme=2.1541 acc=0.9857 cells=158379
[ct_train] rechunked train graphs (seed=174)

=== Epoch 174/1000 ===
[train] loss=5.0145 cls=0.3955 cme=2.1540 acc=0.9856 cells=158379
[val]   loss=5.1426 eval=2.6180 cls=0.4127 cme=2.2053 acc=0.9754 cells=118036
[ct_train] early_stopping: no improve on val/eval_loss for 7/45 val checks
[ct_train] rechunked train graphs (seed=175)

=== Epoch 175/1000 ===
[train] loss=5.0107 cls=0.3948 cme=2.1525 acc=0.9859 cells=158379
[ct_train] rechunked train graphs (seed=176)

=== Epoch 176/1000 ===
[train] loss=5.0145 cls=0.3954 cme=2.1540 acc=0.9855 cells=158379
[val]   loss=5.1433 eval=2.6185 cls=0.4129 cme=2.2055 acc=0.9753 cells=118036
[ct_train] early_stopping: no improve on val/eval_loss for 8/45 val checks
[ct_train] rechunked train graphs (seed=177)

=== Epoch 177/1000 ===
[train] loss=5.0270 cls=0.3954 cme=2.1598 acc=0.9858 cells=158379
[ct_train] rechunked train graphs (seed=178)

=== Epoch 178/1000 ===
[train] loss=5.0202 cls=0.3949 cme=2.1569 acc=0.9856 cells=158379
[val]   loss=5.1443 eval=2.6189 cls=0.4130 cme=2.2060 acc=0.9754 cells=118036
[ct_train] early_stopping: no improve on val/eval_loss for 9/45 val checks
[ct_train] rechunked train graphs (seed=179)

=== Epoch 179/1000 ===
[train] loss=5.0118 cls=0.3943 cme=2.1534 acc=0.9859 cells=158379
[ct_train] rechunked train graphs (seed=180)

=== Epoch 180/1000 ===
[train] loss=5.0059 cls=0.3943 cme=2.1505 acc=0.9859 cells=158379
[val]   loss=5.1450 eval=2.6195 cls=0.4133 cme=2.2061 acc=0.9753 cells=118036
[ct_train] early_stopping: no improve on val/eval_loss for 10/45 val checks
[ct_train] rechunked train graphs (seed=181)

=== Epoch 181/1000 ===
[train] loss=5.0222 cls=0.3948 cme=2.1579 acc=0.9860 cells=158379
[ct_train] rechunked train graphs (seed=182)

=== Epoch 182/1000 ===
[train] loss=5.0103 cls=0.3941 cme=2.1527 acc=0.9861 cells=158379
[val]   loss=5.1437 eval=2.6189 cls=0.4135 cme=2.2055 acc=0.9754 cells=118036
[ct_train] early_stopping: no improve on val/eval_loss for 11/45 val checks
[ct_train] rechunked train graphs (seed=183)

=== Epoch 183/1000 ===
[train] loss=5.0118 cls=0.3936 cme=2.1536 acc=0.9861 cells=158379
[ct_train] rechunked train graphs (seed=184)

=== Epoch 184/1000 ===
[train] loss=5.0118 cls=0.3942 cme=2.1533 acc=0.9859 cells=158379
[val]   loss=5.1433 eval=2.6187 cls=0.4133 cme=2.2054 acc=0.9754 cells=118036
[ct_train] early_stopping: no improve on val/eval_loss for 12/45 val checks
[ct_train] rechunked train graphs (seed=185)

=== Epoch 185/1000 ===
[train] loss=5.0015 cls=0.3937 cme=2.1488 acc=0.9860 cells=158379
[ct_train] rechunked train graphs (seed=186)

=== Epoch 186/1000 ===
[train] loss=5.0170 cls=0.3932 cme=2.1562 acc=0.9862 cells=158379
[val]   loss=5.1424 eval=2.6183 cls=0.4134 cme=2.2049 acc=0.9755 cells=118036
[ct_train] early_stopping: no improve on val/eval_loss for 13/45 val checks
[ct_train] rechunked train graphs (seed=187)

=== Epoch 187/1000 ===
[train] loss=5.0101 cls=0.3931 cme=2.1531 acc=0.9865 cells=158379
[ct_train] rechunked train graphs (seed=188)

=== Epoch 188/1000 ===
[train] loss=5.0085 cls=0.3937 cme=2.1520 acc=0.9862 cells=158379
[val]   loss=5.1417 eval=2.6181 cls=0.4135 cme=2.2046 acc=0.9754 cells=118036
[ct_train] early_stopping: no improve on val/eval_loss for 14/45 val checks
[ct_train] rechunked train graphs (seed=189)

=== Epoch 189/1000 ===
[train] loss=5.0042 cls=0.3928 cme=2.1504 acc=0.9863 cells=158379
[ct_train] rechunked train graphs (seed=190)

=== Epoch 190/1000 ===
[train] loss=5.0099 cls=0.3923 cme=2.1533 acc=0.9864 cells=158379
[val]   loss=5.1410 eval=2.6176 cls=0.4132 cme=2.2043 acc=0.9756 cells=118036
[ct_train] saved best checkpoint (val_eval_loss=2.6176 val_acc=0.9756)
[ct_train] rechunked train graphs (seed=191)

=== Epoch 191/1000 ===
[train] loss=5.0072 cls=0.3920 cme=2.1523 acc=0.9870 cells=158379
[ct_train] rechunked train graphs (seed=192)

=== Epoch 192/1000 ===
[train] loss=5.0006 cls=0.3917 cme=2.1493 acc=0.9871 cells=158379
[val]   loss=5.1405 eval=2.6174 cls=0.4132 cme=2.2042 acc=0.9756 cells=118036
[ct_train] saved best checkpoint (val_eval_loss=2.6174 val_acc=0.9756)
[ct_train] early_stopping: no improve on val/eval_loss for 1/45 val checks
[ct_train] rechunked train graphs (seed=193)

=== Epoch 193/1000 ===
[train] loss=5.0087 cls=0.3918 cme=2.1530 acc=0.9868 cells=158379
[ct_train] rechunked train graphs (seed=194)

=== Epoch 194/1000 ===
[train] loss=5.0032 cls=0.3935 cme=2.1496 acc=0.9861 cells=158379
[val]   loss=5.1415 eval=2.6181 cls=0.4137 cme=2.2044 acc=0.9756 cells=118036
[ct_train] early_stopping: no improve on val/eval_loss for 2/45 val checks
[ct_train] rechunked train graphs (seed=195)

=== Epoch 195/1000 ===
[train] loss=5.0023 cls=0.3923 cme=2.1498 acc=0.9865 cells=158379
[ct_train] rechunked train graphs (seed=196)

=== Epoch 196/1000 ===
[train] loss=5.0038 cls=0.3914 cme=2.1509 acc=0.9868 cells=158379
[val]   loss=5.1434 eval=2.6190 cls=0.4137 cme=2.2052 acc=0.9756 cells=118036
[ct_train] early_stopping: no improve on val/eval_loss for 3/45 val checks
[ct_train] rechunked train graphs (seed=197)

=== Epoch 197/1000 ===
[train] loss=5.0101 cls=0.3924 cme=2.1533 acc=0.9866 cells=158379
[ct_train] rechunked train graphs (seed=198)

=== Epoch 198/1000 ===
[train] loss=4.9980 cls=0.3913 cme=2.1483 acc=0.9871 cells=158379
[val]   loss=5.1438 eval=2.6192 cls=0.4138 cme=2.2054 acc=0.9756 cells=118036
[ct_train] early_stopping: no improve on val/eval_loss for 4/45 val checks
[ct_train] rechunked train graphs (seed=199)

=== Epoch 199/1000 ===
[train] loss=5.0003 cls=0.3899 cme=2.1500 acc=0.9875 cells=158379
[ct_train] rechunked train graphs (seed=200)

=== Epoch 200/1000 ===
[train] loss=4.9948 cls=0.3910 cme=2.1470 acc=0.9870 cells=158379
[val]   loss=5.1448 eval=2.6196 cls=0.4137 cme=2.2059 acc=0.9756 cells=118036
[ct_train] early_stopping: no improve on val/eval_loss for 5/45 val checks
[ct_train] rechunked train graphs (seed=201)

=== Epoch 201/1000 ===
[train] loss=5.0107 cls=0.3913 cme=2.1541 acc=0.9869 cells=158379
[ct_train] rechunked train graphs (seed=202)

=== Epoch 202/1000 ===
[train] loss=4.9939 cls=0.3902 cme=2.1469 acc=0.9875 cells=158379
[val]   loss=5.1442 eval=2.6194 cls=0.4139 cme=2.2056 acc=0.9755 cells=118036
[ct_train] early_stopping: no improve on val/eval_loss for 6/45 val checks
[ct_train] rechunked train graphs (seed=203)

=== Epoch 203/1000 ===
[train] loss=4.9937 cls=0.3903 cme=2.1468 acc=0.9874 cells=158379
[ct_train] rechunked train graphs (seed=204)

=== Epoch 204/1000 ===
[train] loss=4.9966 cls=0.3898 cme=2.1483 acc=0.9877 cells=158379
[val]   loss=5.1452 eval=2.6199 cls=0.4139 cme=2.2060 acc=0.9753 cells=118036
[ct_train] early_stopping: no improve on val/eval_loss for 7/45 val checks
[ct_train] rechunked train graphs (seed=205)

=== Epoch 205/1000 ===
[train] loss=4.9937 cls=0.3906 cme=2.1467 acc=0.9875 cells=158379
[ct_train] rechunked train graphs (seed=206)

=== Epoch 206/1000 ===
[train] loss=4.9836 cls=0.3895 cme=2.1425 acc=0.9877 cells=158379
[val]   loss=5.1476 eval=2.6211 cls=0.4140 cme=2.2071 acc=0.9754 cells=118036
[ct_train] early_stopping: no improve on val/eval_loss for 8/45 val checks
[ct_train] rechunked train graphs (seed=207)

=== Epoch 207/1000 ===
[train] loss=5.0043 cls=0.3901 cme=2.1518 acc=0.9875 cells=158379
[ct_train] rechunked train graphs (seed=208)

=== Epoch 208/1000 ===
[train] loss=4.9995 cls=0.3885 cme=2.1503 acc=0.9881 cells=158379
[val]   loss=5.1482 eval=2.6214 cls=0.4142 cme=2.2073 acc=0.9755 cells=118036
[ct_train] early_stopping: no improve on val/eval_loss for 9/45 val checks
[ct_train] rechunked train graphs (seed=209)

=== Epoch 209/1000 ===
[train] loss=4.9975 cls=0.3890 cme=2.1491 acc=0.9878 cells=158379
[ct_train] rechunked train graphs (seed=210)

=== Epoch 210/1000 ===
[train] loss=4.9857 cls=0.3888 cme=2.1438 acc=0.9879 cells=158379
[val]   loss=5.1482 eval=2.6217 cls=0.4146 cme=2.2071 acc=0.9754 cells=118036
[ct_train] early_stopping: no improve on val/eval_loss for 10/45 val checks
[ct_train] rechunked train graphs (seed=211)

=== Epoch 211/1000 ===
[train] loss=4.9987 cls=0.3880 cme=2.1501 acc=0.9881 cells=158379
[ct_train] rechunked train graphs (seed=212)

=== Epoch 212/1000 ===
[train] loss=4.9900 cls=0.3882 cme=2.1461 acc=0.9880 cells=158379
[val]   loss=5.1480 eval=2.6217 cls=0.4147 cme=2.2069 acc=0.9755 cells=118036
[ct_train] early_stopping: no improve on val/eval_loss for 11/45 val checks
[ct_train] rechunked train graphs (seed=213)

=== Epoch 213/1000 ===
[train] loss=4.9800 cls=0.3877 cme=2.1417 acc=0.9883 cells=158379
[ct_train] rechunked train graphs (seed=214)

=== Epoch 214/1000 ===
[train] loss=4.9920 cls=0.3878 cme=2.1471 acc=0.9884 cells=158379
[val]   loss=5.1484 eval=2.6219 cls=0.4149 cme=2.2071 acc=0.9756 cells=118036
[ct_train] early_stopping: no improve on val/eval_loss for 12/45 val checks
[ct_train] rechunked train graphs (seed=215)

=== Epoch 215/1000 ===
[train] loss=4.9900 cls=0.3890 cme=2.1456 acc=0.9876 cells=158379
[ct_train] rechunked train graphs (seed=216)

=== Epoch 216/1000 ===
[train] loss=4.9913 cls=0.3877 cme=2.1469 acc=0.9884 cells=158379
[val]   loss=5.1482 eval=2.6219 cls=0.4149 cme=2.2070 acc=0.9755 cells=118036
[ct_train] early_stopping: no improve on val/eval_loss for 13/45 val checks
[ct_train] rechunked train graphs (seed=217)

=== Epoch 217/1000 ===
[train] loss=4.9888 cls=0.3875 cme=2.1458 acc=0.9883 cells=158379
[ct_train] rechunked train graphs (seed=218)

=== Epoch 218/1000 ===
[train] loss=4.9977 cls=0.3879 cme=2.1497 acc=0.9885 cells=158379
[val]   loss=5.1476 eval=2.6216 cls=0.4149 cme=2.2067 acc=0.9756 cells=118036
[ct_train] early_stopping: no improve on val/eval_loss for 14/45 val checks
[ct_train] rechunked train graphs (seed=219)

=== Epoch 219/1000 ===
[train] loss=4.9917 cls=0.3872 cme=2.1473 acc=0.9885 cells=158379
[ct_train] rechunked train graphs (seed=220)

=== Epoch 220/1000 ===
[train] loss=4.9862 cls=0.3880 cme=2.1443 acc=0.9882 cells=158379
[val]   loss=5.1478 eval=2.6218 cls=0.4151 cme=2.2067 acc=0.9755 cells=118036
[ct_train] early_stopping: no improve on val/eval_loss for 15/45 val checks
[ct_train] rechunked train graphs (seed=221)

=== Epoch 221/1000 ===
[train] loss=4.9803 cls=0.3873 cme=2.1420 acc=0.9885 cells=158379
[ct_train] rechunked train graphs (seed=222)

=== Epoch 222/1000 ===
[train] loss=4.9893 cls=0.3882 cme=2.1457 acc=0.9881 cells=158379
[val]   loss=5.1496 eval=2.6227 cls=0.4153 cme=2.2074 acc=0.9754 cells=118036
[ct_train] early_stopping: no improve on val/eval_loss for 16/45 val checks
[ct_train] rechunked train graphs (seed=223)

=== Epoch 223/1000 ===
[train] loss=4.9961 cls=0.3873 cme=2.1494 acc=0.9884 cells=158379
[ct_train] rechunked train graphs (seed=224)

=== Epoch 224/1000 ===
[train] loss=4.9838 cls=0.3864 cme=2.1440 acc=0.9886 cells=158379
[val]   loss=5.1498 eval=2.6228 cls=0.4153 cme=2.2075 acc=0.9754 cells=118036
[ct_train] early_stopping: no improve on val/eval_loss for 17/45 val checks
[ct_train] rechunked train graphs (seed=225)

=== Epoch 225/1000 ===
[train] loss=4.9755 cls=0.3862 cme=2.1402 acc=0.9888 cells=158379
[ct_train] rechunked train graphs (seed=226)

=== Epoch 226/1000 ===
[train] loss=4.9970 cls=0.3864 cme=2.1502 acc=0.9890 cells=158379
[val]   loss=5.1491 eval=2.6225 cls=0.4153 cme=2.2072 acc=0.9756 cells=118036
[ct_train] early_stopping: no improve on val/eval_loss for 18/45 val checks
[ct_train] rechunked train graphs (seed=227)

=== Epoch 227/1000 ===
[train] loss=4.9783 cls=0.3863 cme=2.1415 acc=0.9887 cells=158379
[ct_train] rechunked train graphs (seed=228)

=== Epoch 228/1000 ===
[train] loss=4.9787 cls=0.3874 cme=2.1411 acc=0.9882 cells=158379
[val]   loss=5.1507 eval=2.6234 cls=0.4156 cme=2.2078 acc=0.9755 cells=118036
[ct_train] early_stopping: no improve on val/eval_loss for 19/45 val checks
[ct_train] rechunked train graphs (seed=229)

=== Epoch 229/1000 ===
[train] loss=4.9744 cls=0.3865 cme=2.1396 acc=0.9883 cells=158379
[ct_train] rechunked train graphs (seed=230)

=== Epoch 230/1000 ===
[train] loss=4.9806 cls=0.3860 cme=2.1426 acc=0.9888 cells=158379
[val]   loss=5.1503 eval=2.6232 cls=0.4155 cme=2.2077 acc=0.9754 cells=118036
[ct_train] early_stopping: no improve on val/eval_loss for 20/45 val checks
[ct_train] rechunked train graphs (seed=231)

=== Epoch 231/1000 ===
[train] loss=4.9773 cls=0.3848 cme=2.1417 acc=0.9895 cells=158379
[ct_train] rechunked train graphs (seed=232)

=== Epoch 232/1000 ===
[train] loss=4.9811 cls=0.3851 cme=2.1434 acc=0.9893 cells=158379
[val]   loss=5.1513 eval=2.6239 cls=0.4159 cme=2.2080 acc=0.9755 cells=118036
[ct_train] early_stopping: no improve on val/eval_loss for 21/45 val checks
[ct_train] rechunked train graphs (seed=233)

=== Epoch 233/1000 ===
[train] loss=4.9908 cls=0.3853 cme=2.1477 acc=0.9894 cells=158379
[ct_train] rechunked train graphs (seed=234)

=== Epoch 234/1000 ===
[train] loss=4.9644 cls=0.3839 cme=2.1362 acc=0.9898 cells=158379
[val]   loss=5.1518 eval=2.6243 cls=0.4163 cme=2.2080 acc=0.9755 cells=118036
[ct_train] early_stopping: no improve on val/eval_loss for 22/45 val checks
[ct_train] rechunked train graphs (seed=235)

=== Epoch 235/1000 ===
[train] loss=4.9643 cls=0.3839 cme=2.1361 acc=0.9897 cells=158379
[ct_train] rechunked train graphs (seed=236)

=== Epoch 236/1000 ===
[train] loss=4.9719 cls=0.3845 cme=2.1395 acc=0.9889 cells=158379
[val]   loss=5.1531 eval=2.6251 cls=0.4166 cme=2.2085 acc=0.9755 cells=118036
[ct_train] early_stopping: no improve on val/eval_loss for 23/45 val checks
[ct_train] rechunked train graphs (seed=237)

=== Epoch 237/1000 ===
[train] loss=4.9849 cls=0.3853 cme=2.1450 acc=0.9891 cells=158379
[ct_train] rechunked train graphs (seed=238)

=== Epoch 238/1000 ===
[train] loss=4.9780 cls=0.3834 cme=2.1427 acc=0.9898 cells=158379
[val]   loss=5.1530 eval=2.6252 cls=0.4168 cme=2.2084 acc=0.9754 cells=118036
[ct_train] early_stopping: no improve on val/eval_loss for 24/45 val checks
[ct_train] rechunked train graphs (seed=239)

=== Epoch 239/1000 ===
[train] loss=4.9741 cls=0.3835 cme=2.1408 acc=0.9900 cells=158379
[ct_train] rechunked train graphs (seed=240)

=== Epoch 240/1000 ===
[train] loss=4.9728 cls=0.3828 cme=2.1406 acc=0.9900 cells=158379
[val]   loss=5.1547 eval=2.6261 cls=0.4170 cme=2.2090 acc=0.9753 cells=118036
[ct_train] early_stopping: no improve on val/eval_loss for 25/45 val checks
[ct_train] rechunked train graphs (seed=241)

=== Epoch 241/1000 ===
[train] loss=4.9639 cls=0.3831 cme=2.1363 acc=0.9898 cells=158379
[ct_train] rechunked train graphs (seed=242)

=== Epoch 242/1000 ===
[train] loss=4.9665 cls=0.3834 cme=2.1373 acc=0.9898 cells=158379
[val]   loss=5.1557 eval=2.6268 cls=0.4174 cme=2.2093 acc=0.9753 cells=118036
[ct_train] early_stopping: no improve on val/eval_loss for 26/45 val checks
[ct_train] rechunked train graphs (seed=243)

=== Epoch 243/1000 ===
[train] loss=4.9778 cls=0.3832 cme=2.1427 acc=0.9900 cells=158379
[ct_train] rechunked train graphs (seed=244)

=== Epoch 244/1000 ===
[train] loss=4.9771 cls=0.3832 cme=2.1424 acc=0.9901 cells=158379
[val]   loss=5.1568 eval=2.6274 cls=0.4177 cme=2.2098 acc=0.9753 cells=118036
[ct_train] early_stopping: no improve on val/eval_loss for 27/45 val checks
[ct_train] rechunked train graphs (seed=245)

=== Epoch 245/1000 ===
[train] loss=4.9619 cls=0.3826 cme=2.1356 acc=0.9904 cells=158379
[ct_train] rechunked train graphs (seed=246)

=== Epoch 246/1000 ===
[train] loss=4.9579 cls=0.3827 cme=2.1337 acc=0.9899 cells=158379
[val]   loss=5.1575 eval=2.6279 cls=0.4179 cme=2.2100 acc=0.9753 cells=118036
[ct_train] early_stopping: no improve on val/eval_loss for 28/45 val checks
[ct_train] rechunked train graphs (seed=247)

=== Epoch 247/1000 ===
[train] loss=4.9672 cls=0.3834 cme=2.1377 acc=0.9900 cells=158379
[ct_train] rechunked train graphs (seed=248)

=== Epoch 248/1000 ===
[train] loss=4.9553 cls=0.3830 cme=2.1324 acc=0.9898 cells=158379
[val]   loss=5.1587 eval=2.6284 cls=0.4179 cme=2.2106 acc=0.9753 cells=118036
[ct_train] early_stopping: no improve on val/eval_loss for 29/45 val checks
[ct_train] rechunked train graphs (seed=249)

=== Epoch 249/1000 ===
[train] loss=4.9626 cls=0.3830 cme=2.1357 acc=0.9901 cells=158379
[ct_train] rechunked train graphs (seed=250)

=== Epoch 250/1000 ===
[train] loss=4.9638 cls=0.3815 cme=2.1371 acc=0.9907 cells=158379
[val]   loss=5.1594 eval=2.6288 cls=0.4179 cme=2.2109 acc=0.9755 cells=118036
[ct_train] early_stopping: no improve on val/eval_loss for 30/45 val checks
[ct_train] rechunked train graphs (seed=251)

=== Epoch 251/1000 ===
[train] loss=4.9717 cls=0.3820 cme=2.1404 acc=0.9905 cells=158379
[ct_train] rechunked train graphs (seed=252)

=== Epoch 252/1000 ===
[train] loss=4.9678 cls=0.3819 cme=2.1387 acc=0.9906 cells=158379
[val]   loss=5.1601 eval=2.6292 cls=0.4182 cme=2.2110 acc=0.9754 cells=118036
[ct_train] early_stopping: no improve on val/eval_loss for 31/45 val checks
[ct_train] rechunked train graphs (seed=253)

=== Epoch 253/1000 ===
[train] loss=4.9620 cls=0.3824 cme=2.1358 acc=0.9902 cells=158379
[ct_train] rechunked train graphs (seed=254)

=== Epoch 254/1000 ===
[train] loss=4.9545 cls=0.3821 cme=2.1325 acc=0.9901 cells=158379
[val]   loss=5.1604 eval=2.6293 cls=0.4180 cme=2.2112 acc=0.9754 cells=118036
[ct_train] early_stopping: no improve on val/eval_loss for 32/45 val checks
[ct_train] rechunked train graphs (seed=255)

=== Epoch 255/1000 ===
[train] loss=4.9593 cls=0.3820 cme=2.1347 acc=0.9902 cells=158379
[ct_train] rechunked train graphs (seed=256)

=== Epoch 256/1000 ===
[train] loss=4.9648 cls=0.3821 cme=2.1372 acc=0.9903 cells=158379
[val]   loss=5.1608 eval=2.6295 cls=0.4182 cme=2.2114 acc=0.9754 cells=118036
[ct_train] early_stopping: no improve on val/eval_loss for 33/45 val checks
[ct_train] rechunked train graphs (seed=257)

=== Epoch 257/1000 ===
[train] loss=4.9591 cls=0.3817 cme=2.1348 acc=0.9906 cells=158379
[ct_train] rechunked train graphs (seed=258)

=== Epoch 258/1000 ===
[train] loss=4.9457 cls=0.3808 cme=2.1290 acc=0.9909 cells=158379
[val]   loss=5.1627 eval=2.6306 cls=0.4185 cme=2.2121 acc=0.9755 cells=118036
[ct_train] early_stopping: no improve on val/eval_loss for 34/45 val checks
[ct_train] rechunked train graphs (seed=259)

=== Epoch 259/1000 ===
[train] loss=4.9507 cls=0.3804 cme=2.1315 acc=0.9911 cells=158379
[ct_train] rechunked train graphs (seed=260)

=== Epoch 260/1000 ===
[train] loss=4.9558 cls=0.3803 cme=2.1339 acc=0.9913 cells=158379
[val]   loss=5.1651 eval=2.6320 cls=0.4189 cme=2.2130 acc=0.9752 cells=118036
[ct_train] early_stopping: no improve on val/eval_loss for 35/45 val checks
[ct_train] rechunked train graphs (seed=261)

=== Epoch 261/1000 ===
[train] loss=4.9571 cls=0.3816 cme=2.1339 acc=0.9905 cells=158379
[ct_train] rechunked train graphs (seed=262)

=== Epoch 262/1000 ===
[train] loss=4.9498 cls=0.3801 cme=2.1311 acc=0.9909 cells=158379
[val]   loss=5.1680 eval=2.6335 cls=0.4193 cme=2.2142 acc=0.9752 cells=118036
[ct_train] early_stopping: no improve on val/eval_loss for 36/45 val checks
[ct_train] rechunked train graphs (seed=263)

=== Epoch 263/1000 ===
[train] loss=4.9559 cls=0.3804 cme=2.1339 acc=0.9908 cells=158379
[ct_train] rechunked train graphs (seed=264)

=== Epoch 264/1000 ===
[train] loss=4.9640 cls=0.3806 cme=2.1375 acc=0.9911 cells=158379
[val]   loss=5.1673 eval=2.6334 cls=0.4196 cme=2.2137 acc=0.9752 cells=118036
[ct_train] early_stopping: no improve on val/eval_loss for 37/45 val checks
[ct_train] rechunked train graphs (seed=265)

=== Epoch 265/1000 ===
[train] loss=4.9631 cls=0.3799 cme=2.1374 acc=0.9912 cells=158379
[ct_train] rechunked train graphs (seed=266)

=== Epoch 266/1000 ===
[train] loss=4.9403 cls=0.3788 cme=2.1274 acc=0.9918 cells=158379
[val]   loss=5.1680 eval=2.6337 cls=0.4197 cme=2.2141 acc=0.9753 cells=118036
[ct_train] early_stopping: no improve on val/eval_loss for 38/45 val checks
[ct_train] rechunked train graphs (seed=267)

=== Epoch 267/1000 ===
[train] loss=4.9559 cls=0.3799 cme=2.1341 acc=0.9912 cells=158379
[ct_train] rechunked train graphs (seed=268)

=== Epoch 268/1000 ===
[train] loss=4.9542 cls=0.3788 cme=2.1339 acc=0.9917 cells=158379
[val]   loss=5.1720 eval=2.6357 cls=0.4200 cme=2.2157 acc=0.9752 cells=118036
[ct_train] early_stopping: no improve on val/eval_loss for 39/45 val checks
[ct_train] rechunked train graphs (seed=269)

=== Epoch 269/1000 ===
[train] loss=4.9596 cls=0.3796 cme=2.1359 acc=0.9913 cells=158379
[ct_train] rechunked train graphs (seed=270)

=== Epoch 270/1000 ===
[train] loss=4.9459 cls=0.3793 cme=2.1297 acc=0.9913 cells=158379
[val]   loss=5.1725 eval=2.6363 cls=0.4207 cme=2.2157 acc=0.9750 cells=118036
[ct_train] early_stopping: no improve on val/eval_loss for 40/45 val checks
[ct_train] rechunked train graphs (seed=271)

=== Epoch 271/1000 ===
[train] loss=4.9498 cls=0.3794 cme=2.1315 acc=0.9913 cells=158379
[ct_train] rechunked train graphs (seed=272)

=== Epoch 272/1000 ===
[train] loss=4.9505 cls=0.3790 cme=2.1321 acc=0.9917 cells=158379
[val]   loss=5.1744 eval=2.6373 cls=0.4207 cme=2.2165 acc=0.9751 cells=118036
[ct_train] early_stopping: no improve on val/eval_loss for 41/45 val checks
[ct_train] rechunked train graphs (seed=273)

=== Epoch 273/1000 ===
[train] loss=4.9441 cls=0.3787 cme=2.1292 acc=0.9918 cells=158379
[ct_train] rechunked train graphs (seed=274)

=== Epoch 274/1000 ===
[train] loss=4.9572 cls=0.3791 cme=2.1350 acc=0.9916 cells=158379
[val]   loss=5.1766 eval=2.6385 cls=0.4211 cme=2.2174 acc=0.9749 cells=118036
[ct_train] early_stopping: no improve on val/eval_loss for 42/45 val checks
[ct_train] rechunked train graphs (seed=275)

=== Epoch 275/1000 ===
[train] loss=4.9582 cls=0.3795 cme=2.1353 acc=0.9912 cells=158379
[ct_train] rechunked train graphs (seed=276)

=== Epoch 276/1000 ===
[train] loss=4.9409 cls=0.3788 cme=2.1277 acc=0.9914 cells=158379
[val]   loss=5.1764 eval=2.6382 cls=0.4207 cme=2.2175 acc=0.9751 cells=118036
[ct_train] early_stopping: no improve on val/eval_loss for 43/45 val checks
[ct_train] rechunked train graphs (seed=277)

=== Epoch 277/1000 ===
[train] loss=4.9433 cls=0.3785 cme=2.1289 acc=0.9916 cells=158379
[ct_train] rechunked train graphs (seed=278)

=== Epoch 278/1000 ===
[train] loss=4.9312 cls=0.3778 cme=2.1237 acc=0.9917 cells=158379
[val]   loss=5.1779 eval=2.6393 cls=0.4213 cme=2.2179 acc=0.9748 cells=118036
[ct_train] early_stopping: no improve on val/eval_loss for 44/45 val checks
[ct_train] rechunked train graphs (seed=279)

=== Epoch 279/1000 ===
[train] loss=4.9414 cls=0.3788 cme=2.1280 acc=0.9920 cells=158379
[ct_train] rechunked train graphs (seed=280)

=== Epoch 280/1000 ===
[train] loss=4.9435 cls=0.3784 cme=2.1291 acc=0.9919 cells=158379
[val]   loss=5.1778 eval=2.6393 cls=0.4216 cme=2.2177 acc=0.9749 cells=118036
[ct_train] early_stopping: no improve on val/eval_loss for 45/45 val checks
[ct_train] early stopping at epoch 280 (patience=45, monitor=val/eval_loss)

[ct_train] done. best_val_acc=0.9756  best_val_eval_loss=2.6174  checkpoints=/home/abel/code/Tissue-Reassembly-using-GenAI-and-new-metrics/exploration/cell_types/outputs/exp099_ema98_seed7  logs=/home/abel/code/Tissue-Reassembly-using-GenAI-and-new-metrics/exploration/cell_types/logs/exp099_ema98_seed7/20260808_025938
wandb: uploading output.log; uploading wandb-summary.json; uploading config.yaml
wandb: uploading output.log; uploading wandb-summary.json
wandb: 
wandb: Run summary:
wandb:                      best_epoch 192
wandb:                    best_val_acc 0.97561
wandb:              best_val_eval_loss 2.61741
wandb:                           epoch 280
wandb:                              lr 0.00018
wandb:           model/parameter_count 1305308
wandb: model/trainable_parameter_count 1305308
wandb:                       train/acc 0.99187
wandb:       train/acc_per_class/Astro 0.99428
wandb:        train/acc_per_class/Endo 0.99098
wandb:                             +54 ...
wandb: 
wandb:  View run exp099_ema98_seed7 at: https://wandb.ai/abel-salmona-polytechnique-montr-al/cell_types/runs/y8toe010
wandb:  View project at: https://wandb.ai/abel-salmona-polytechnique-montr-al/cell_types
wandb: Synced 5 W&B file(s), 1 media file(s), 2 artifact file(s) and 1 other file(s)
wandb: Find logs at: ./exploration/cell_types/logs/exp099_ema98_seed7/20260808_025938/wandb/run-20260808_025946-y8toe010/logs
