[ct_train] config=exploration/cell_types/experiments/configs/exp157_cls_w09.json
[ct_train] device=cuda  checkpoints=/home/abel/code/Tissue-Reassembly-using-GenAI-and-new-metrics/exploration/cell_types/outputs/exp157_cls_w09
[ct_train] logs=/home/abel/code/Tissue-Reassembly-using-GenAI-and-new-metrics/exploration/cell_types/logs/exp157_cls_w09/20260808_082454
[ct_train] Loading data …
[DataModule] Reading '/home/abel/biodata/MERFISH_LUNA_small_cortex/MERFISH_mouse_cortex_train.csv' (split=train) with float32 dtype on 254 gene cols + coord cols …
[DataModule] Loaded 158,379 rows for split=train.
[DataModule] Reading '/home/abel/biodata/MERFISH_LUNA_small_cortex/MERFISH_mouse_cortex_test.csv' (split=test) with float32 dtype on 254 gene cols + coord cols …
[DataModule] Loaded 118,036 rows for split=test.
[DataModule] Reading '/home/abel/biodata/MERFISH_LUNA_small_cortex/MERFISH_mouse_cortex_test.csv' (split=validation) with float32 dtype on 254 gene cols + coord cols …
[DataModule] Loaded 118,036 rows for split=validation.
[ct_train] genes=254  classes=23
[ct_train] model predict_cme=True  params=1,305,308
[ct_train] soft CME loaded split=train sigma=96.0 n=158379 C=23
[ct_train] soft CME loaded split=validation sigma=96.0 n=118036 C=23
[ct_train] soft CME loaded split=train sigma=50.0 n=158379 C=23
[ct_train] soft CME loaded split=train sigma=64.0 n=158379 C=23
[ct_train] soft CME loaded split=validation sigma=50.0 n=118036 C=23
[ct_train] soft CME loaded split=validation sigma=64.0 n=118036 C=23
wandb: [wandb.login()] Loaded credentials for https://api.wandb.ai from /home/abel/.netrc.
wandb: Currently logged in as: abel-salmona (abel-salmona-polytechnique-montr-al) to https://api.wandb.ai. Use `wandb login --relogin` to force relogin
wandb: WARNING Using a boolean value for 'reinit' is deprecated. Use 'return_previous' or 'finish_previous' instead.
wandb: Tracking run with wandb version 0.26.1
wandb: Run data is saved locally in /home/abel/code/Tissue-Reassembly-using-GenAI-and-new-metrics/exploration/cell_types/logs/exp157_cls_w09/20260808_082454/wandb/run-20260808_082501-od6e1a4r
wandb: Run `wandb offline` to turn off syncing.
wandb: Syncing run exp157_cls_w09
wandb:  View project at https://wandb.ai/abel-salmona-polytechnique-montr-al/cell_types
wandb:  View run at https://wandb.ai/abel-salmona-polytechnique-montr-al/cell_types/runs/od6e1a4r
wandb: WARNING Saving files without folders. If you want to preserve subdirectories pass base_path to wandb.save, i.e. wandb.save("/mnt/folder/file.h5", base_path="/mnt")
wandb: WARNING Symlinked 1 file into the W&B run directory; call wandb.save again to sync new files.
[ct_train] wandb: project=cell_types name=exp157_cls_w09 mode=online url=https://wandb.ai/abel-salmona-polytechnique-montr-al/cell_types/runs/od6e1a4r
[ct_train] parameters: total=1,305,308 trainable=1,305,308
  [params] mlp_in_node_features: 26,720
  [params] transformer_layers: 633,600
  [params] type_stage1: 28,320
  [params] env_stage1: 93,056
  [params] type_probe: 2,231
  [params] env_probe: 7,383
  [params] fusion_mlp: 383,008
  [params] type_stage2: 30,551
  [params] env_stage2: 100,439
[ct_train] EMA enabled decay=0.98
[ct_train] rechunked train graphs (seed=1)

=== Epoch 1/1000 ===
[train] loss=8.5275 cls=2.7818 cme=2.7762 acc=0.2257 cells=158379
[ct_train] rechunked train graphs (seed=2)

=== Epoch 2/1000 ===
[train] loss=7.1686 cls=1.9176 cme=2.5109 acc=0.6456 cells=158379
[val]   loss=8.1648 eval=5.2592 cls=2.5613 cme=2.6979 acc=0.4311 cells=118036
[ct_train] saved best checkpoint (val_eval_loss=5.2592 val_acc=0.4311)
[ct_train] rechunked train graphs (seed=3)

=== Epoch 3/1000 ===
[train] loss=6.3562 cls=1.2532 cme=2.4133 acc=0.7800 cells=158379
[ct_train] rechunked train graphs (seed=4)

=== Epoch 4/1000 ===
[train] loss=5.9775 cls=0.9354 cme=2.3711 acc=0.8563 cells=158379
[val]   loss=6.5884 eval=3.8322 cls=1.3733 cme=2.4589 acc=0.8065 cells=118036
[ct_train] saved best checkpoint (val_eval_loss=3.8322 val_acc=0.8065)
[ct_train] rechunked train graphs (seed=5)

=== Epoch 5/1000 ===
[train] loss=5.7698 cls=0.7808 cme=2.3398 acc=0.9011 cells=158379
[ct_train] rechunked train graphs (seed=6)

=== Epoch 6/1000 ===
[train] loss=5.6790 cls=0.7046 cme=2.3297 acc=0.9202 cells=158379
[val]   loss=5.8720 eval=3.1541 cls=0.7868 cme=2.3673 acc=0.9029 cells=118036
[ct_train] saved best checkpoint (val_eval_loss=3.1541 val_acc=0.9029)
[ct_train] rechunked train graphs (seed=7)

=== Epoch 7/1000 ===
[train] loss=5.5875 cls=0.6584 cme=2.3069 acc=0.9318 cells=158379
[ct_train] rechunked train graphs (seed=8)

=== Epoch 8/1000 ===
[train] loss=5.5236 cls=0.6271 cme=2.2905 acc=0.9382 cells=158379
[val]   loss=5.6108 eval=2.9168 cls=0.5922 cme=2.3246 acc=0.9342 cells=118036
[ct_train] saved best checkpoint (val_eval_loss=2.9168 val_acc=0.9342)
[ct_train] rechunked train graphs (seed=9)

=== Epoch 9/1000 ===
[train] loss=5.5072 cls=0.6133 cme=2.2887 acc=0.9422 cells=158379
[ct_train] rechunked train graphs (seed=10)

=== Epoch 10/1000 ===
[train] loss=5.4816 cls=0.5987 cme=2.2831 acc=0.9451 cells=158379
[val]   loss=5.4982 eval=2.8225 cls=0.5226 cme=2.2999 acc=0.9459 cells=118036
[ct_train] saved best checkpoint (val_eval_loss=2.8225 val_acc=0.9459)
[ct_train] rechunked train graphs (seed=11)

=== Epoch 11/1000 ===
[train] loss=5.4409 cls=0.5891 cme=2.2684 acc=0.9475 cells=158379
[ct_train] rechunked train graphs (seed=12)

=== Epoch 12/1000 ===
[train] loss=5.4338 cls=0.5810 cme=2.2685 acc=0.9499 cells=158379
[val]   loss=5.4395 eval=2.7775 cls=0.4932 cme=2.2842 acc=0.9525 cells=118036
[ct_train] saved best checkpoint (val_eval_loss=2.7775 val_acc=0.9525)
[ct_train] rechunked train graphs (seed=13)

=== Epoch 13/1000 ===
[train] loss=5.4185 cls=0.5735 cme=2.2645 acc=0.9520 cells=158379
[ct_train] rechunked train graphs (seed=14)

=== Epoch 14/1000 ===
[train] loss=5.4030 cls=0.5666 cme=2.2602 acc=0.9536 cells=158379
[val]   loss=5.4002 eval=2.7491 cls=0.4766 cme=2.2725 acc=0.9559 cells=118036
[ct_train] saved best checkpoint (val_eval_loss=2.7491 val_acc=0.9559)
[ct_train] rechunked train graphs (seed=15)

=== Epoch 15/1000 ===
[train] loss=5.3832 cls=0.5612 cme=2.2535 acc=0.9547 cells=158379
[ct_train] rechunked train graphs (seed=16)

=== Epoch 16/1000 ===
[train] loss=5.3768 cls=0.5583 cme=2.2518 acc=0.9554 cells=158379
[val]   loss=5.3711 eval=2.7291 cls=0.4658 cme=2.2634 acc=0.9584 cells=118036
[ct_train] saved best checkpoint (val_eval_loss=2.7291 val_acc=0.9584)
[ct_train] rechunked train graphs (seed=17)

=== Epoch 17/1000 ===
[train] loss=5.3602 cls=0.5523 cme=2.2467 acc=0.9567 cells=158379
[ct_train] rechunked train graphs (seed=18)

=== Epoch 18/1000 ===
[train] loss=5.3520 cls=0.5488 cme=2.2444 acc=0.9580 cells=158379
[val]   loss=5.3511 eval=2.7155 cls=0.4583 cme=2.2572 acc=0.9601 cells=118036
[ct_train] saved best checkpoint (val_eval_loss=2.7155 val_acc=0.9601)
[ct_train] rechunked train graphs (seed=19)

=== Epoch 19/1000 ===
[train] loss=5.3506 cls=0.5451 cme=2.2452 acc=0.9590 cells=158379
[ct_train] rechunked train graphs (seed=20)

=== Epoch 20/1000 ===
[train] loss=5.3399 cls=0.5430 cme=2.2411 acc=0.9594 cells=158379
[val]   loss=5.3369 eval=2.7057 cls=0.4529 cme=2.2528 acc=0.9618 cells=118036
[ct_train] saved best checkpoint (val_eval_loss=2.7057 val_acc=0.9618)
[ct_train] rechunked train graphs (seed=21)

=== Epoch 21/1000 ===
[train] loss=5.3403 cls=0.5398 cme=2.2427 acc=0.9601 cells=158379
[ct_train] rechunked train graphs (seed=22)

=== Epoch 22/1000 ===
[train] loss=5.3231 cls=0.5375 cme=2.2358 acc=0.9611 cells=158379
[val]   loss=5.3227 eval=2.6963 cls=0.4481 cme=2.2482 acc=0.9632 cells=118036
[ct_train] saved best checkpoint (val_eval_loss=2.6963 val_acc=0.9632)
[ct_train] rechunked train graphs (seed=23)

=== Epoch 23/1000 ===
[train] loss=5.3121 cls=0.5347 cme=2.2320 acc=0.9619 cells=158379
[ct_train] rechunked train graphs (seed=24)

=== Epoch 24/1000 ===
[train] loss=5.3096 cls=0.5324 cme=2.2316 acc=0.9630 cells=158379
[val]   loss=5.3097 eval=2.6879 cls=0.4439 cme=2.2440 acc=0.9647 cells=118036
[ct_train] saved best checkpoint (val_eval_loss=2.6879 val_acc=0.9647)
[ct_train] rechunked train graphs (seed=25)

=== Epoch 25/1000 ===
[train] loss=5.3087 cls=0.5299 cme=2.2323 acc=0.9631 cells=158379
[ct_train] rechunked train graphs (seed=26)

=== Epoch 26/1000 ===
[train] loss=5.2914 cls=0.5266 cme=2.2257 acc=0.9642 cells=158379
[val]   loss=5.2987 eval=2.6807 cls=0.4404 cme=2.2404 acc=0.9656 cells=118036
[ct_train] saved best checkpoint (val_eval_loss=2.6807 val_acc=0.9656)
[ct_train] rechunked train graphs (seed=27)

=== Epoch 27/1000 ===
[train] loss=5.2846 cls=0.5248 cme=2.2234 acc=0.9643 cells=158379
[ct_train] rechunked train graphs (seed=28)

=== Epoch 28/1000 ===
[train] loss=5.2770 cls=0.5225 cme=2.2208 acc=0.9653 cells=158379
[val]   loss=5.2889 eval=2.6745 cls=0.4374 cme=2.2371 acc=0.9664 cells=118036
[ct_train] saved best checkpoint (val_eval_loss=2.6745 val_acc=0.9664)
[ct_train] rechunked train graphs (seed=29)

=== Epoch 29/1000 ===
[train] loss=5.2755 cls=0.5208 cme=2.2209 acc=0.9657 cells=158379
[ct_train] rechunked train graphs (seed=30)

=== Epoch 30/1000 ===
[train] loss=5.2771 cls=0.5203 cme=2.2219 acc=0.9657 cells=158379
[val]   loss=5.2808 eval=2.6693 cls=0.4349 cme=2.2344 acc=0.9670 cells=118036
[ct_train] saved best checkpoint (val_eval_loss=2.6693 val_acc=0.9670)
[ct_train] rechunked train graphs (seed=31)

=== Epoch 31/1000 ===
[train] loss=5.2719 cls=0.5188 cme=2.2200 acc=0.9660 cells=158379
[ct_train] rechunked train graphs (seed=32)

=== Epoch 32/1000 ===
[train] loss=5.2911 cls=0.5188 cme=2.2289 acc=0.9663 cells=158379
[val]   loss=5.2742 eval=2.6651 cls=0.4328 cme=2.2323 acc=0.9674 cells=118036
[ct_train] saved best checkpoint (val_eval_loss=2.6651 val_acc=0.9674)
[ct_train] rechunked train graphs (seed=33)

=== Epoch 33/1000 ===
[train] loss=5.2662 cls=0.5140 cme=2.2195 acc=0.9672 cells=158379
[ct_train] rechunked train graphs (seed=34)

=== Epoch 34/1000 ===
[train] loss=5.2553 cls=0.5144 cme=2.2143 acc=0.9674 cells=158379
[val]   loss=5.2682 eval=2.6613 cls=0.4309 cme=2.2303 acc=0.9678 cells=118036
[ct_train] saved best checkpoint (val_eval_loss=2.6613 val_acc=0.9678)
[ct_train] rechunked train graphs (seed=35)

=== Epoch 35/1000 ===
[train] loss=5.2617 cls=0.5133 cme=2.2176 acc=0.9678 cells=158379
[ct_train] rechunked train graphs (seed=36)

=== Epoch 36/1000 ===
[train] loss=5.2507 cls=0.5108 cme=2.2136 acc=0.9682 cells=158379
[val]   loss=5.2628 eval=2.6579 cls=0.4295 cme=2.2285 acc=0.9682 cells=118036
[ct_train] saved best checkpoint (val_eval_loss=2.6579 val_acc=0.9682)
[ct_train] rechunked train graphs (seed=37)

=== Epoch 37/1000 ===
[train] loss=5.2498 cls=0.5129 cme=2.2124 acc=0.9678 cells=158379
[ct_train] rechunked train graphs (seed=38)

=== Epoch 38/1000 ===
[train] loss=5.2437 cls=0.5091 cme=2.2113 acc=0.9687 cells=158379
[val]   loss=5.2574 eval=2.6545 cls=0.4278 cme=2.2267 acc=0.9688 cells=118036
[ct_train] saved best checkpoint (val_eval_loss=2.6545 val_acc=0.9688)
[ct_train] rechunked train graphs (seed=39)

=== Epoch 39/1000 ===
[train] loss=5.2449 cls=0.5086 cme=2.2119 acc=0.9688 cells=158379
[ct_train] rechunked train graphs (seed=40)

=== Epoch 40/1000 ===
[train] loss=5.2423 cls=0.5075 cme=2.2112 acc=0.9690 cells=158379
[val]   loss=5.2524 eval=2.6514 cls=0.4264 cme=2.2250 acc=0.9692 cells=118036
[ct_train] saved best checkpoint (val_eval_loss=2.6514 val_acc=0.9692)
[ct_train] rechunked train graphs (seed=41)

=== Epoch 41/1000 ===
[train] loss=5.2287 cls=0.5068 cme=2.2053 acc=0.9692 cells=158379
[ct_train] rechunked train graphs (seed=42)

=== Epoch 42/1000 ===
[train] loss=5.2331 cls=0.5056 cme=2.2077 acc=0.9700 cells=158379
[val]   loss=5.2483 eval=2.6489 cls=0.4253 cme=2.2236 acc=0.9694 cells=118036
[ct_train] saved best checkpoint (val_eval_loss=2.6489 val_acc=0.9694)
[ct_train] rechunked train graphs (seed=43)

=== Epoch 43/1000 ===
[train] loss=5.2448 cls=0.5058 cme=2.2130 acc=0.9696 cells=158379
[ct_train] rechunked train graphs (seed=44)

=== Epoch 44/1000 ===
[train] loss=5.2238 cls=0.5043 cme=2.2041 acc=0.9702 cells=158379
[val]   loss=5.2451 eval=2.6469 cls=0.4243 cme=2.2226 acc=0.9697 cells=118036
[ct_train] saved best checkpoint (val_eval_loss=2.6469 val_acc=0.9697)
[ct_train] rechunked train graphs (seed=45)

=== Epoch 45/1000 ===
[train] loss=5.2296 cls=0.5041 cme=2.2068 acc=0.9701 cells=158379
[ct_train] rechunked train graphs (seed=46)

=== Epoch 46/1000 ===
[train] loss=5.2170 cls=0.5018 cme=2.2020 acc=0.9706 cells=158379
[val]   loss=5.2414 eval=2.6445 cls=0.4231 cme=2.2214 acc=0.9701 cells=118036
[ct_train] saved best checkpoint (val_eval_loss=2.6445 val_acc=0.9701)
[ct_train] rechunked train graphs (seed=47)

=== Epoch 47/1000 ===
[train] loss=5.2256 cls=0.5013 cme=2.2062 acc=0.9707 cells=158379
[ct_train] rechunked train graphs (seed=48)

=== Epoch 48/1000 ===
[train] loss=5.2130 cls=0.5002 cme=2.2008 acc=0.9712 cells=158379
[val]   loss=5.2385 eval=2.6426 cls=0.4221 cme=2.2205 acc=0.9704 cells=118036
[ct_train] saved best checkpoint (val_eval_loss=2.6426 val_acc=0.9704)
[ct_train] rechunked train graphs (seed=49)

=== Epoch 49/1000 ===
[train] loss=5.2215 cls=0.5000 cme=2.2047 acc=0.9713 cells=158379
[ct_train] rechunked train graphs (seed=50)

=== Epoch 50/1000 ===
[train] loss=5.2100 cls=0.4992 cme=2.1999 acc=0.9717 cells=158379
[val]   loss=5.2354 eval=2.6406 cls=0.4212 cme=2.2194 acc=0.9707 cells=118036
[ct_train] saved best checkpoint (val_eval_loss=2.6406 val_acc=0.9707)
[ct_train] rechunked train graphs (seed=51)

=== Epoch 51/1000 ===
[train] loss=5.2033 cls=0.4986 cme=2.1970 acc=0.9715 cells=158379
[ct_train] rechunked train graphs (seed=52)

=== Epoch 52/1000 ===
[train] loss=5.2004 cls=0.4980 cme=2.1960 acc=0.9719 cells=158379
[val]   loss=5.2329 eval=2.6390 cls=0.4204 cme=2.2187 acc=0.9709 cells=118036
[ct_train] saved best checkpoint (val_eval_loss=2.6390 val_acc=0.9709)
[ct_train] rechunked train graphs (seed=53)

=== Epoch 53/1000 ===
[train] loss=5.1990 cls=0.4968 cme=2.1958 acc=0.9721 cells=158379
[ct_train] rechunked train graphs (seed=54)

=== Epoch 54/1000 ===
[train] loss=5.2172 cls=0.4972 cme=2.2040 acc=0.9723 cells=158379
[val]   loss=5.2309 eval=2.6376 cls=0.4196 cme=2.2180 acc=0.9711 cells=118036
[ct_train] saved best checkpoint (val_eval_loss=2.6376 val_acc=0.9711)
[ct_train] rechunked train graphs (seed=55)

=== Epoch 55/1000 ===
[train] loss=5.2037 cls=0.4960 cme=2.1983 acc=0.9721 cells=158379
[ct_train] rechunked train graphs (seed=56)

=== Epoch 56/1000 ===
[train] loss=5.2106 cls=0.4952 cme=2.2017 acc=0.9728 cells=158379
[val]   loss=5.2288 eval=2.6362 cls=0.4189 cme=2.2173 acc=0.9713 cells=118036
[ct_train] saved best checkpoint (val_eval_loss=2.6362 val_acc=0.9713)
[ct_train] rechunked train graphs (seed=57)

=== Epoch 57/1000 ===
[train] loss=5.1994 cls=0.4947 cme=2.1968 acc=0.9726 cells=158379
[ct_train] rechunked train graphs (seed=58)

=== Epoch 58/1000 ===
[train] loss=5.1923 cls=0.4944 cme=2.1937 acc=0.9733 cells=158379
[val]   loss=5.2270 eval=2.6352 cls=0.4184 cme=2.2168 acc=0.9715 cells=118036
[ct_train] saved best checkpoint (val_eval_loss=2.6352 val_acc=0.9715)
[ct_train] rechunked train graphs (seed=59)

=== Epoch 59/1000 ===
[train] loss=5.1887 cls=0.4919 cme=2.1932 acc=0.9735 cells=158379
[ct_train] rechunked train graphs (seed=60)

=== Epoch 60/1000 ===
[train] loss=5.1982 cls=0.4936 cme=2.1967 acc=0.9729 cells=158379
[val]   loss=5.2248 eval=2.6338 cls=0.4178 cme=2.2160 acc=0.9717 cells=118036
[ct_train] saved best checkpoint (val_eval_loss=2.6338 val_acc=0.9717)
[ct_train] rechunked train graphs (seed=61)

=== Epoch 61/1000 ===
[train] loss=5.1849 cls=0.4920 cme=2.1912 acc=0.9738 cells=158379
[ct_train] rechunked train graphs (seed=62)

=== Epoch 62/1000 ===
[train] loss=5.1932 cls=0.4920 cme=2.1951 acc=0.9734 cells=158379
[val]   loss=5.2224 eval=2.6324 cls=0.4173 cme=2.2151 acc=0.9719 cells=118036
[ct_train] saved best checkpoint (val_eval_loss=2.6324 val_acc=0.9719)
[ct_train] rechunked train graphs (seed=63)

=== Epoch 63/1000 ===
[train] loss=5.1847 cls=0.4913 cme=2.1916 acc=0.9735 cells=158379
[ct_train] rechunked train graphs (seed=64)

=== Epoch 64/1000 ===
[train] loss=5.1798 cls=0.4897 cme=2.1899 acc=0.9743 cells=158379
[val]   loss=5.2213 eval=2.6317 cls=0.4168 cme=2.2149 acc=0.9722 cells=118036
[ct_train] saved best checkpoint (val_eval_loss=2.6317 val_acc=0.9722)
[ct_train] rechunked train graphs (seed=65)

=== Epoch 65/1000 ===
[train] loss=5.1852 cls=0.4899 cme=2.1924 acc=0.9740 cells=158379
[ct_train] rechunked train graphs (seed=66)

=== Epoch 66/1000 ===
[train] loss=5.1967 cls=0.4899 cme=2.1976 acc=0.9739 cells=158379
[val]   loss=5.2197 eval=2.6306 cls=0.4162 cme=2.2144 acc=0.9723 cells=118036
[ct_train] saved best checkpoint (val_eval_loss=2.6306 val_acc=0.9723)
[ct_train] rechunked train graphs (seed=67)

=== Epoch 67/1000 ===
[train] loss=5.1816 cls=0.4891 cme=2.1910 acc=0.9744 cells=158379
[ct_train] rechunked train graphs (seed=68)

=== Epoch 68/1000 ===
[train] loss=5.1776 cls=0.4878 cme=2.1897 acc=0.9744 cells=158379
[val]   loss=5.2185 eval=2.6297 cls=0.4157 cme=2.2141 acc=0.9726 cells=118036
[ct_train] saved best checkpoint (val_eval_loss=2.6297 val_acc=0.9726)
[ct_train] rechunked train graphs (seed=69)

=== Epoch 69/1000 ===
[train] loss=5.1690 cls=0.4872 cme=2.1860 acc=0.9747 cells=158379
[ct_train] rechunked train graphs (seed=70)

=== Epoch 70/1000 ===
[train] loss=5.1693 cls=0.4885 cme=2.1856 acc=0.9749 cells=158379
[val]   loss=5.2167 eval=2.6286 cls=0.4151 cme=2.2135 acc=0.9727 cells=118036
[ct_train] saved best checkpoint (val_eval_loss=2.6286 val_acc=0.9727)
[ct_train] rechunked train graphs (seed=71)

=== Epoch 71/1000 ===
[train] loss=5.1797 cls=0.4875 cme=2.1907 acc=0.9751 cells=158379
[ct_train] rechunked train graphs (seed=72)

=== Epoch 72/1000 ===
[train] loss=5.1682 cls=0.4866 cme=2.1859 acc=0.9749 cells=158379
[val]   loss=5.2147 eval=2.6274 cls=0.4147 cme=2.2127 acc=0.9730 cells=118036
[ct_train] saved best checkpoint (val_eval_loss=2.6274 val_acc=0.9730)
[ct_train] rechunked train graphs (seed=73)

=== Epoch 73/1000 ===
[train] loss=5.1778 cls=0.4866 cme=2.1903 acc=0.9745 cells=158379
[ct_train] rechunked train graphs (seed=74)

=== Epoch 74/1000 ===
[train] loss=5.1790 cls=0.4852 cme=2.1914 acc=0.9752 cells=158379
[val]   loss=5.2135 eval=2.6266 cls=0.4143 cme=2.2123 acc=0.9730 cells=118036
[ct_train] saved best checkpoint (val_eval_loss=2.6266 val_acc=0.9730)
[ct_train] rechunked train graphs (seed=75)

=== Epoch 75/1000 ===
[train] loss=5.1584 cls=0.4841 cme=2.1825 acc=0.9753 cells=158379
[ct_train] rechunked train graphs (seed=76)

=== Epoch 76/1000 ===
[train] loss=5.1588 cls=0.4840 cme=2.1826 acc=0.9752 cells=158379
[val]   loss=5.2129 eval=2.6262 cls=0.4140 cme=2.2122 acc=0.9731 cells=118036
[ct_train] saved best checkpoint (val_eval_loss=2.6262 val_acc=0.9731)
[ct_train] rechunked train graphs (seed=77)

=== Epoch 77/1000 ===
[train] loss=5.1575 cls=0.4837 cme=2.1823 acc=0.9759 cells=158379
[ct_train] rechunked train graphs (seed=78)

=== Epoch 78/1000 ===
[train] loss=5.1605 cls=0.4833 cme=2.1837 acc=0.9755 cells=158379
[val]   loss=5.2113 eval=2.6253 cls=0.4136 cme=2.2117 acc=0.9732 cells=118036
[ct_train] saved best checkpoint (val_eval_loss=2.6253 val_acc=0.9732)
[ct_train] rechunked train graphs (seed=79)

=== Epoch 79/1000 ===
[train] loss=5.1656 cls=0.4829 cme=2.1862 acc=0.9758 cells=158379
[ct_train] rechunked train graphs (seed=80)

=== Epoch 80/1000 ===
[train] loss=5.1526 cls=0.4831 cme=2.1803 acc=0.9759 cells=158379
[val]   loss=5.2100 eval=2.6244 cls=0.4132 cme=2.2112 acc=0.9732 cells=118036
[ct_train] saved best checkpoint (val_eval_loss=2.6244 val_acc=0.9732)
[ct_train] rechunked train graphs (seed=81)

=== Epoch 81/1000 ===
[train] loss=5.1490 cls=0.4820 cme=2.1790 acc=0.9759 cells=158379
[ct_train] rechunked train graphs (seed=82)

=== Epoch 82/1000 ===
[train] loss=5.1487 cls=0.4812 cme=2.1792 acc=0.9766 cells=158379
[val]   loss=5.2086 eval=2.6236 cls=0.4129 cme=2.2108 acc=0.9734 cells=118036
[ct_train] saved best checkpoint (val_eval_loss=2.6236 val_acc=0.9734)
[ct_train] rechunked train graphs (seed=83)

=== Epoch 83/1000 ===
[train] loss=5.1542 cls=0.4811 cme=2.1817 acc=0.9765 cells=158379
[ct_train] rechunked train graphs (seed=84)

=== Epoch 84/1000 ===
[train] loss=5.1489 cls=0.4808 cme=2.1795 acc=0.9769 cells=158379
[val]   loss=5.2086 eval=2.6235 cls=0.4127 cme=2.2108 acc=0.9734 cells=118036
[ct_train] saved best checkpoint (val_eval_loss=2.6235 val_acc=0.9734)
[ct_train] early_stopping: no improve on val/eval_loss for 1/45 val checks
[ct_train] rechunked train graphs (seed=85)

=== Epoch 85/1000 ===
[train] loss=5.1419 cls=0.4799 cme=2.1767 acc=0.9771 cells=158379
[ct_train] rechunked train graphs (seed=86)

=== Epoch 86/1000 ===
[train] loss=5.1564 cls=0.4800 cme=2.1833 acc=0.9765 cells=158379
[val]   loss=5.2070 eval=2.6226 cls=0.4123 cme=2.2102 acc=0.9737 cells=118036
[ct_train] saved best checkpoint (val_eval_loss=2.6226 val_acc=0.9737)
[ct_train] rechunked train graphs (seed=87)

=== Epoch 87/1000 ===
[train] loss=5.1496 cls=0.4802 cme=2.1800 acc=0.9767 cells=158379
[ct_train] rechunked train graphs (seed=88)

=== Epoch 88/1000 ===
[train] loss=5.1493 cls=0.4797 cme=2.1801 acc=0.9770 cells=158379
[val]   loss=5.2057 eval=2.6218 cls=0.4120 cme=2.2098 acc=0.9737 cells=118036
[ct_train] saved best checkpoint (val_eval_loss=2.6218 val_acc=0.9737)
[ct_train] rechunked train graphs (seed=89)

=== Epoch 89/1000 ===
[train] loss=5.1462 cls=0.4789 cme=2.1790 acc=0.9774 cells=158379
[ct_train] rechunked train graphs (seed=90)

=== Epoch 90/1000 ===
[train] loss=5.1497 cls=0.4779 cme=2.1811 acc=0.9778 cells=158379
[val]   loss=5.2049 eval=2.6213 cls=0.4116 cme=2.2096 acc=0.9738 cells=118036
[ct_train] saved best checkpoint (val_eval_loss=2.6213 val_acc=0.9738)
[ct_train] rechunked train graphs (seed=91)

=== Epoch 91/1000 ===
[train] loss=5.1364 cls=0.4763 cme=2.1756 acc=0.9776 cells=158379
[ct_train] rechunked train graphs (seed=92)

=== Epoch 92/1000 ===
[train] loss=5.1411 cls=0.4774 cme=2.1773 acc=0.9775 cells=158379
[val]   loss=5.2035 eval=2.6204 cls=0.4113 cme=2.2091 acc=0.9739 cells=118036
[ct_train] saved best checkpoint (val_eval_loss=2.6204 val_acc=0.9739)
[ct_train] rechunked train graphs (seed=93)

=== Epoch 93/1000 ===
[train] loss=5.1475 cls=0.4779 cme=2.1800 acc=0.9775 cells=158379
[ct_train] rechunked train graphs (seed=94)

=== Epoch 94/1000 ===
[train] loss=5.1393 cls=0.4767 cme=2.1767 acc=0.9777 cells=158379
[val]   loss=5.2033 eval=2.6202 cls=0.4111 cme=2.2091 acc=0.9739 cells=118036
[ct_train] saved best checkpoint (val_eval_loss=2.6202 val_acc=0.9739)
[ct_train] early_stopping: no improve on val/eval_loss for 1/45 val checks
[ct_train] rechunked train graphs (seed=95)

=== Epoch 95/1000 ===
[train] loss=5.1493 cls=0.4773 cme=2.1811 acc=0.9778 cells=158379
[ct_train] rechunked train graphs (seed=96)

=== Epoch 96/1000 ===
[train] loss=5.1388 cls=0.4769 cme=2.1765 acc=0.9778 cells=158379
[val]   loss=5.2026 eval=2.6197 cls=0.4108 cme=2.2089 acc=0.9740 cells=118036
[ct_train] saved best checkpoint (val_eval_loss=2.6197 val_acc=0.9740)
[ct_train] rechunked train graphs (seed=97)

=== Epoch 97/1000 ===
[train] loss=5.1460 cls=0.4758 cme=2.1802 acc=0.9780 cells=158379
[ct_train] rechunked train graphs (seed=98)

=== Epoch 98/1000 ===
[train] loss=5.1316 cls=0.4769 cme=2.1732 acc=0.9779 cells=158379
[val]   loss=5.2021 eval=2.6193 cls=0.4105 cme=2.2089 acc=0.9741 cells=118036
[ct_train] saved best checkpoint (val_eval_loss=2.6193 val_acc=0.9741)
[ct_train] rechunked train graphs (seed=99)

=== Epoch 99/1000 ===
[train] loss=5.1191 cls=0.4764 cme=2.1676 acc=0.9779 cells=158379
[ct_train] rechunked train graphs (seed=100)

=== Epoch 100/1000 ===
[train] loss=5.1242 cls=0.4751 cme=2.1706 acc=0.9782 cells=158379
[val]   loss=5.2019 eval=2.6192 cls=0.4103 cme=2.2089 acc=0.9743 cells=118036
[ct_train] saved best checkpoint (val_eval_loss=2.6192 val_acc=0.9743)
[ct_train] early_stopping: no improve on val/eval_loss for 1/45 val checks
[ct_train] rechunked train graphs (seed=101)

=== Epoch 101/1000 ===
[train] loss=5.1429 cls=0.4754 cme=2.1790 acc=0.9788 cells=158379
[ct_train] rechunked train graphs (seed=102)

=== Epoch 102/1000 ===
[train] loss=5.1409 cls=0.4742 cme=2.1786 acc=0.9784 cells=158379
[val]   loss=5.2010 eval=2.6187 cls=0.4102 cme=2.2085 acc=0.9743 cells=118036
[ct_train] saved best checkpoint (val_eval_loss=2.6187 val_acc=0.9743)
[ct_train] rechunked train graphs (seed=103)

=== Epoch 103/1000 ===
[train] loss=5.1436 cls=0.4743 cme=2.1797 acc=0.9784 cells=158379
[ct_train] rechunked train graphs (seed=104)

=== Epoch 104/1000 ===
[train] loss=5.1256 cls=0.4734 cme=2.1718 acc=0.9788 cells=158379
[val]   loss=5.2005 eval=2.6182 cls=0.4098 cme=2.2085 acc=0.9744 cells=118036
[ct_train] saved best checkpoint (val_eval_loss=2.6182 val_acc=0.9744)
[ct_train] rechunked train graphs (seed=105)

=== Epoch 105/1000 ===
[train] loss=5.1322 cls=0.4744 cme=2.1745 acc=0.9786 cells=158379
[ct_train] rechunked train graphs (seed=106)

=== Epoch 106/1000 ===
[train] loss=5.1244 cls=0.4729 cme=2.1716 acc=0.9786 cells=158379
[val]   loss=5.2000 eval=2.6180 cls=0.4097 cme=2.2083 acc=0.9744 cells=118036
[ct_train] saved best checkpoint (val_eval_loss=2.6180 val_acc=0.9744)
[ct_train] early_stopping: no improve on val/eval_loss for 1/45 val checks
[ct_train] rechunked train graphs (seed=107)

=== Epoch 107/1000 ===
[train] loss=5.1231 cls=0.4727 cme=2.1711 acc=0.9788 cells=158379
[ct_train] rechunked train graphs (seed=108)

=== Epoch 108/1000 ===
[train] loss=5.1369 cls=0.4732 cme=2.1771 acc=0.9788 cells=158379
[val]   loss=5.2003 eval=2.6182 cls=0.4096 cme=2.2085 acc=0.9745 cells=118036
[ct_train] early_stopping: no improve on val/eval_loss for 2/45 val checks
[ct_train] rechunked train graphs (seed=109)

=== Epoch 109/1000 ===
[train] loss=5.1199 cls=0.4717 cme=2.1699 acc=0.9792 cells=158379
[ct_train] rechunked train graphs (seed=110)

=== Epoch 110/1000 ===
[train] loss=5.1216 cls=0.4718 cme=2.1707 acc=0.9792 cells=158379
[val]   loss=5.1996 eval=2.6177 cls=0.4094 cme=2.2083 acc=0.9746 cells=118036
[ct_train] saved best checkpoint (val_eval_loss=2.6177 val_acc=0.9746)
[ct_train] early_stopping: no improve on val/eval_loss for 3/45 val checks
[ct_train] rechunked train graphs (seed=111)

=== Epoch 111/1000 ===
[train] loss=5.1145 cls=0.4711 cme=2.1678 acc=0.9793 cells=158379
[ct_train] rechunked train graphs (seed=112)

=== Epoch 112/1000 ===
[train] loss=5.1124 cls=0.4710 cme=2.1668 acc=0.9795 cells=158379
[val]   loss=5.1977 eval=2.6168 cls=0.4093 cme=2.2075 acc=0.9746 cells=118036
[ct_train] saved best checkpoint (val_eval_loss=2.6168 val_acc=0.9746)
[ct_train] rechunked train graphs (seed=113)

=== Epoch 113/1000 ===
[train] loss=5.1188 cls=0.4710 cme=2.1698 acc=0.9794 cells=158379
[ct_train] rechunked train graphs (seed=114)

=== Epoch 114/1000 ===
[train] loss=5.1206 cls=0.4711 cme=2.1705 acc=0.9796 cells=158379
[val]   loss=5.1969 eval=2.6163 cls=0.4091 cme=2.2072 acc=0.9746 cells=118036
[ct_train] saved best checkpoint (val_eval_loss=2.6163 val_acc=0.9746)
[ct_train] rechunked train graphs (seed=115)

=== Epoch 115/1000 ===
[train] loss=5.1088 cls=0.4711 cme=2.1652 acc=0.9794 cells=158379
[ct_train] rechunked train graphs (seed=116)

=== Epoch 116/1000 ===
[train] loss=5.1092 cls=0.4714 cme=2.1651 acc=0.9791 cells=158379
[val]   loss=5.1962 eval=2.6159 cls=0.4089 cme=2.2070 acc=0.9747 cells=118036
[ct_train] saved best checkpoint (val_eval_loss=2.6159 val_acc=0.9747)
[ct_train] rechunked train graphs (seed=117)

=== Epoch 117/1000 ===
[train] loss=5.1152 cls=0.4703 cme=2.1684 acc=0.9799 cells=158379
[ct_train] rechunked train graphs (seed=118)

=== Epoch 118/1000 ===
[train] loss=5.1122 cls=0.4696 cme=2.1674 acc=0.9799 cells=158379
[val]   loss=5.1955 eval=2.6155 cls=0.4088 cme=2.2067 acc=0.9748 cells=118036
[ct_train] saved best checkpoint (val_eval_loss=2.6155 val_acc=0.9748)
[ct_train] rechunked train graphs (seed=119)

=== Epoch 119/1000 ===
[train] loss=5.0982 cls=0.4678 cme=2.1617 acc=0.9804 cells=158379
[ct_train] rechunked train graphs (seed=120)

=== Epoch 120/1000 ===
[train] loss=5.0999 cls=0.4683 cme=2.1622 acc=0.9802 cells=158379
[val]   loss=5.1954 eval=2.6153 cls=0.4086 cme=2.2067 acc=0.9749 cells=118036
[ct_train] saved best checkpoint (val_eval_loss=2.6153 val_acc=0.9749)
[ct_train] early_stopping: no improve on val/eval_loss for 1/45 val checks
[ct_train] rechunked train graphs (seed=121)

=== Epoch 121/1000 ===
[train] loss=5.1176 cls=0.4689 cme=2.1700 acc=0.9800 cells=158379
[ct_train] rechunked train graphs (seed=122)

=== Epoch 122/1000 ===
[train] loss=5.0945 cls=0.4681 cme=2.1599 acc=0.9804 cells=158379
[val]   loss=5.1942 eval=2.6148 cls=0.4085 cme=2.2062 acc=0.9750 cells=118036
[ct_train] saved best checkpoint (val_eval_loss=2.6148 val_acc=0.9750)
[ct_train] rechunked train graphs (seed=123)

=== Epoch 123/1000 ===
[train] loss=5.1111 cls=0.4683 cme=2.1674 acc=0.9804 cells=158379
[ct_train] rechunked train graphs (seed=124)

=== Epoch 124/1000 ===
[train] loss=5.1138 cls=0.4680 cme=2.1687 acc=0.9805 cells=158379
[val]   loss=5.1946 eval=2.6149 cls=0.4085 cme=2.2065 acc=0.9750 cells=118036
[ct_train] early_stopping: no improve on val/eval_loss for 1/45 val checks
[ct_train] rechunked train graphs (seed=125)

=== Epoch 125/1000 ===
[train] loss=5.1102 cls=0.4687 cme=2.1667 acc=0.9802 cells=158379
[ct_train] rechunked train graphs (seed=126)

=== Epoch 126/1000 ===
[train] loss=5.1028 cls=0.4675 cme=2.1639 acc=0.9805 cells=158379
[val]   loss=5.1935 eval=2.6143 cls=0.4082 cme=2.2061 acc=0.9750 cells=118036
[ct_train] saved best checkpoint (val_eval_loss=2.6143 val_acc=0.9750)
[ct_train] rechunked train graphs (seed=127)

=== Epoch 127/1000 ===
[train] loss=5.1209 cls=0.4687 cme=2.1717 acc=0.9800 cells=158379
[ct_train] rechunked train graphs (seed=128)

=== Epoch 128/1000 ===
[train] loss=5.1042 cls=0.4670 cme=2.1647 acc=0.9805 cells=158379
[val]   loss=5.1923 eval=2.6137 cls=0.4082 cme=2.2056 acc=0.9751 cells=118036
[ct_train] saved best checkpoint (val_eval_loss=2.6137 val_acc=0.9751)
[ct_train] rechunked train graphs (seed=129)

=== Epoch 129/1000 ===
[train] loss=5.1016 cls=0.4663 cme=2.1639 acc=0.9809 cells=158379
[ct_train] rechunked train graphs (seed=130)

=== Epoch 130/1000 ===
[train] loss=5.1024 cls=0.4661 cme=2.1642 acc=0.9810 cells=158379
[val]   loss=5.1919 eval=2.6136 cls=0.4081 cme=2.2054 acc=0.9751 cells=118036
[ct_train] saved best checkpoint (val_eval_loss=2.6136 val_acc=0.9751)
[ct_train] early_stopping: no improve on val/eval_loss for 1/45 val checks
[ct_train] rechunked train graphs (seed=131)

=== Epoch 131/1000 ===
[train] loss=5.0964 cls=0.4665 cme=2.1614 acc=0.9809 cells=158379
[ct_train] rechunked train graphs (seed=132)

=== Epoch 132/1000 ===
[train] loss=5.0919 cls=0.4656 cme=2.1596 acc=0.9809 cells=158379
[val]   loss=5.1914 eval=2.6133 cls=0.4080 cme=2.2053 acc=0.9752 cells=118036
[ct_train] saved best checkpoint (val_eval_loss=2.6133 val_acc=0.9752)
[ct_train] rechunked train graphs (seed=133)

=== Epoch 133/1000 ===
[train] loss=5.1016 cls=0.4658 cme=2.1641 acc=0.9809 cells=158379
[ct_train] rechunked train graphs (seed=134)

=== Epoch 134/1000 ===
[train] loss=5.1073 cls=0.4666 cme=2.1663 acc=0.9811 cells=158379
[val]   loss=5.1908 eval=2.6131 cls=0.4080 cme=2.2050 acc=0.9753 cells=118036
[ct_train] saved best checkpoint (val_eval_loss=2.6131 val_acc=0.9753)
[ct_train] early_stopping: no improve on val/eval_loss for 1/45 val checks
[ct_train] rechunked train graphs (seed=135)

=== Epoch 135/1000 ===
[train] loss=5.0908 cls=0.4641 cme=2.1599 acc=0.9819 cells=158379
[ct_train] rechunked train graphs (seed=136)

=== Epoch 136/1000 ===
[train] loss=5.0834 cls=0.4639 cme=2.1565 acc=0.9816 cells=158379
[val]   loss=5.1913 eval=2.6133 cls=0.4079 cme=2.2054 acc=0.9752 cells=118036
[ct_train] early_stopping: no improve on val/eval_loss for 2/45 val checks
[ct_train] rechunked train graphs (seed=137)

=== Epoch 137/1000 ===
[train] loss=5.1037 cls=0.4655 cme=2.1652 acc=0.9809 cells=158379
[ct_train] rechunked train graphs (seed=138)

=== Epoch 138/1000 ===
[train] loss=5.0830 cls=0.4649 cme=2.1558 acc=0.9814 cells=158379
[val]   loss=5.1898 eval=2.6125 cls=0.4078 cme=2.2047 acc=0.9753 cells=118036
[ct_train] saved best checkpoint (val_eval_loss=2.6125 val_acc=0.9753)
[ct_train] rechunked train graphs (seed=139)

=== Epoch 139/1000 ===
[train] loss=5.0966 cls=0.4649 cme=2.1622 acc=0.9814 cells=158379
[ct_train] rechunked train graphs (seed=140)

=== Epoch 140/1000 ===
[train] loss=5.0997 cls=0.4646 cme=2.1636 acc=0.9815 cells=158379
[val]   loss=5.1889 eval=2.6120 cls=0.4077 cme=2.2043 acc=0.9752 cells=118036
[ct_train] saved best checkpoint (val_eval_loss=2.6120 val_acc=0.9753)
[ct_train] rechunked train graphs (seed=141)

=== Epoch 141/1000 ===
[train] loss=5.0907 cls=0.4637 cme=2.1600 acc=0.9817 cells=158379
[ct_train] rechunked train graphs (seed=142)

=== Epoch 142/1000 ===
[train] loss=5.0872 cls=0.4630 cme=2.1586 acc=0.9821 cells=158379
[val]   loss=5.1895 eval=2.6124 cls=0.4077 cme=2.2046 acc=0.9753 cells=118036
[ct_train] early_stopping: no improve on val/eval_loss for 1/45 val checks
[ct_train] rechunked train graphs (seed=143)

=== Epoch 143/1000 ===
[train] loss=5.0796 cls=0.4628 cme=2.1552 acc=0.9821 cells=158379
[ct_train] rechunked train graphs (seed=144)

=== Epoch 144/1000 ===
[train] loss=5.0853 cls=0.4633 cme=2.1577 acc=0.9821 cells=158379
[val]   loss=5.1893 eval=2.6122 cls=0.4077 cme=2.2045 acc=0.9754 cells=118036
[ct_train] early_stopping: no improve on val/eval_loss for 2/45 val checks
[ct_train] rechunked train graphs (seed=145)

=== Epoch 145/1000 ===
[train] loss=5.0928 cls=0.4628 cme=2.1612 acc=0.9820 cells=158379
[ct_train] rechunked train graphs (seed=146)

=== Epoch 146/1000 ===
[train] loss=5.0796 cls=0.4625 cme=2.1554 acc=0.9821 cells=158379
[val]   loss=5.1896 eval=2.6124 cls=0.4079 cme=2.2046 acc=0.9755 cells=118036
[ct_train] early_stopping: no improve on val/eval_loss for 3/45 val checks
[ct_train] rechunked train graphs (seed=147)

=== Epoch 147/1000 ===
[train] loss=5.0911 cls=0.4626 cme=2.1605 acc=0.9821 cells=158379
[ct_train] rechunked train graphs (seed=148)

=== Epoch 148/1000 ===
[train] loss=5.0894 cls=0.4615 cme=2.1602 acc=0.9823 cells=158379
[val]   loss=5.1882 eval=2.6118 cls=0.4078 cme=2.2039 acc=0.9753 cells=118036
[ct_train] saved best checkpoint (val_eval_loss=2.6118 val_acc=0.9755)
[ct_train] early_stopping: no improve on val/eval_loss for 4/45 val checks
[ct_train] rechunked train graphs (seed=149)

=== Epoch 149/1000 ===
[train] loss=5.0804 cls=0.4618 cme=2.1561 acc=0.9823 cells=158379
[ct_train] rechunked train graphs (seed=150)

=== Epoch 150/1000 ===
[train] loss=5.0800 cls=0.4611 cme=2.1561 acc=0.9824 cells=158379
[val]   loss=5.1885 eval=2.6119 cls=0.4077 cme=2.2042 acc=0.9754 cells=118036
[ct_train] early_stopping: no improve on val/eval_loss for 5/45 val checks
[ct_train] rechunked train graphs (seed=151)

=== Epoch 151/1000 ===
[train] loss=5.0860 cls=0.4615 cme=2.1586 acc=0.9824 cells=158379
[ct_train] rechunked train graphs (seed=152)

=== Epoch 152/1000 ===
[train] loss=5.0895 cls=0.4614 cme=2.1603 acc=0.9826 cells=158379
[val]   loss=5.1877 eval=2.6114 cls=0.4076 cme=2.2038 acc=0.9754 cells=118036
[ct_train] saved best checkpoint (val_eval_loss=2.6114 val_acc=0.9755)
[ct_train] rechunked train graphs (seed=153)

=== Epoch 153/1000 ===
[train] loss=5.0826 cls=0.4622 cme=2.1569 acc=0.9821 cells=158379
[ct_train] rechunked train graphs (seed=154)

=== Epoch 154/1000 ===
[train] loss=5.0795 cls=0.4610 cme=2.1558 acc=0.9822 cells=158379
[val]   loss=5.1875 eval=2.6113 cls=0.4075 cme=2.2039 acc=0.9755 cells=118036
[ct_train] saved best checkpoint (val_eval_loss=2.6113 val_acc=0.9755)
[ct_train] early_stopping: no improve on val/eval_loss for 1/45 val checks
[ct_train] rechunked train graphs (seed=155)

=== Epoch 155/1000 ===
[train] loss=5.0850 cls=0.4608 cme=2.1585 acc=0.9832 cells=158379
[ct_train] rechunked train graphs (seed=156)

=== Epoch 156/1000 ===
[train] loss=5.0742 cls=0.4599 cme=2.1539 acc=0.9834 cells=158379
[val]   loss=5.1878 eval=2.6116 cls=0.4077 cme=2.2039 acc=0.9754 cells=118036
[ct_train] early_stopping: no improve on val/eval_loss for 2/45 val checks
[ct_train] rechunked train graphs (seed=157)

=== Epoch 157/1000 ===
[train] loss=5.0769 cls=0.4598 cme=2.1552 acc=0.9827 cells=158379
[ct_train] rechunked train graphs (seed=158)

=== Epoch 158/1000 ===
[train] loss=5.0757 cls=0.4596 cme=2.1547 acc=0.9831 cells=158379
[val]   loss=5.1872 eval=2.6114 cls=0.4078 cme=2.2036 acc=0.9754 cells=118036
[ct_train] early_stopping: no improve on val/eval_loss for 3/45 val checks
[ct_train] rechunked train graphs (seed=159)

=== Epoch 159/1000 ===
[train] loss=5.0672 cls=0.4588 cme=2.1511 acc=0.9832 cells=158379
[ct_train] rechunked train graphs (seed=160)

=== Epoch 160/1000 ===
[train] loss=5.0784 cls=0.4591 cme=2.1562 acc=0.9834 cells=158379
[val]   loss=5.1877 eval=2.6117 cls=0.4079 cme=2.2038 acc=0.9754 cells=118036
[ct_train] early_stopping: no improve on val/eval_loss for 4/45 val checks
[ct_train] rechunked train graphs (seed=161)

=== Epoch 161/1000 ===
[train] loss=5.0753 cls=0.4582 cme=2.1551 acc=0.9837 cells=158379
[ct_train] rechunked train graphs (seed=162)

=== Epoch 162/1000 ===
[train] loss=5.0767 cls=0.4582 cme=2.1558 acc=0.9837 cells=158379
[val]   loss=5.1874 eval=2.6116 cls=0.4078 cme=2.2037 acc=0.9754 cells=118036
[ct_train] early_stopping: no improve on val/eval_loss for 5/45 val checks
[ct_train] rechunked train graphs (seed=163)

=== Epoch 163/1000 ===
[train] loss=5.0649 cls=0.4581 cme=2.1503 acc=0.9836 cells=158379
[ct_train] rechunked train graphs (seed=164)

=== Epoch 164/1000 ===
[train] loss=5.0650 cls=0.4577 cme=2.1506 acc=0.9839 cells=158379
[val]   loss=5.1874 eval=2.6116 cls=0.4079 cme=2.2038 acc=0.9755 cells=118036
[ct_train] early_stopping: no improve on val/eval_loss for 6/45 val checks
[ct_train] rechunked train graphs (seed=165)

=== Epoch 165/1000 ===
[train] loss=5.0670 cls=0.4583 cme=2.1513 acc=0.9835 cells=158379
[ct_train] rechunked train graphs (seed=166)

=== Epoch 166/1000 ===
[train] loss=5.0664 cls=0.4575 cme=2.1514 acc=0.9836 cells=158379
[val]   loss=5.1881 eval=2.6119 cls=0.4079 cme=2.2041 acc=0.9755 cells=118036
[ct_train] early_stopping: no improve on val/eval_loss for 7/45 val checks
[ct_train] rechunked train graphs (seed=167)

=== Epoch 167/1000 ===
[train] loss=5.0745 cls=0.4582 cme=2.1547 acc=0.9839 cells=158379
[ct_train] rechunked train graphs (seed=168)

=== Epoch 168/1000 ===
[train] loss=5.0646 cls=0.4566 cme=2.1510 acc=0.9838 cells=158379
[val]   loss=5.1888 eval=2.6123 cls=0.4079 cme=2.2044 acc=0.9755 cells=118036
[ct_train] early_stopping: no improve on val/eval_loss for 8/45 val checks
[ct_train] rechunked train graphs (seed=169)

=== Epoch 169/1000 ===
[train] loss=5.0636 cls=0.4569 cme=2.1503 acc=0.9841 cells=158379
[ct_train] rechunked train graphs (seed=170)

=== Epoch 170/1000 ===
[train] loss=5.0734 cls=0.4582 cme=2.1542 acc=0.9837 cells=158379
[val]   loss=5.1878 eval=2.6119 cls=0.4080 cme=2.2038 acc=0.9756 cells=118036
[ct_train] early_stopping: no improve on val/eval_loss for 9/45 val checks
[ct_train] rechunked train graphs (seed=171)

=== Epoch 171/1000 ===
[train] loss=5.0595 cls=0.4570 cme=2.1485 acc=0.9836 cells=158379
[ct_train] rechunked train graphs (seed=172)

=== Epoch 172/1000 ===
[train] loss=5.0650 cls=0.4572 cme=2.1509 acc=0.9839 cells=158379
[val]   loss=5.1875 eval=2.6117 cls=0.4080 cme=2.2038 acc=0.9755 cells=118036
[ct_train] early_stopping: no improve on val/eval_loss for 10/45 val checks
[ct_train] rechunked train graphs (seed=173)

=== Epoch 173/1000 ===
[train] loss=5.0850 cls=0.4568 cme=2.1601 acc=0.9844 cells=158379
[ct_train] rechunked train graphs (seed=174)

=== Epoch 174/1000 ===
[train] loss=5.0703 cls=0.4555 cme=2.1540 acc=0.9844 cells=158379
[val]   loss=5.1862 eval=2.6111 cls=0.4078 cme=2.2032 acc=0.9756 cells=118036
[ct_train] saved best checkpoint (val_eval_loss=2.6111 val_acc=0.9756)
[ct_train] early_stopping: no improve on val/eval_loss for 11/45 val checks
[ct_train] rechunked train graphs (seed=175)

=== Epoch 175/1000 ===
[train] loss=5.0695 cls=0.4560 cme=2.1535 acc=0.9844 cells=158379
[ct_train] rechunked train graphs (seed=176)

=== Epoch 176/1000 ===
[train] loss=5.0640 cls=0.4553 cme=2.1511 acc=0.9847 cells=158379
[val]   loss=5.1878 eval=2.6120 cls=0.4081 cme=2.2039 acc=0.9755 cells=118036
[ct_train] early_stopping: no improve on val/eval_loss for 12/45 val checks
[ct_train] rechunked train graphs (seed=177)

=== Epoch 177/1000 ===
[train] loss=5.0539 cls=0.4557 cme=2.1464 acc=0.9848 cells=158379
[ct_train] rechunked train graphs (seed=178)

=== Epoch 178/1000 ===
[train] loss=5.0538 cls=0.4552 cme=2.1465 acc=0.9845 cells=158379
[val]   loss=5.1881 eval=2.6122 cls=0.4082 cme=2.2040 acc=0.9755 cells=118036
[ct_train] early_stopping: no improve on val/eval_loss for 13/45 val checks
[ct_train] rechunked train graphs (seed=179)

=== Epoch 179/1000 ===
[train] loss=5.0671 cls=0.4551 cme=2.1527 acc=0.9848 cells=158379
[ct_train] rechunked train graphs (seed=180)

=== Epoch 180/1000 ===
[train] loss=5.0580 cls=0.4541 cme=2.1489 acc=0.9852 cells=158379
[val]   loss=5.1880 eval=2.6122 cls=0.4082 cme=2.2039 acc=0.9754 cells=118036
[ct_train] early_stopping: no improve on val/eval_loss for 14/45 val checks
[ct_train] rechunked train graphs (seed=181)

=== Epoch 181/1000 ===
[train] loss=5.0458 cls=0.4544 cme=2.1432 acc=0.9849 cells=158379
[ct_train] rechunked train graphs (seed=182)

=== Epoch 182/1000 ===
[train] loss=5.0530 cls=0.4559 cme=2.1459 acc=0.9844 cells=158379
[val]   loss=5.1876 eval=2.6122 cls=0.4086 cme=2.2036 acc=0.9755 cells=118036
[ct_train] early_stopping: no improve on val/eval_loss for 15/45 val checks
[ct_train] rechunked train graphs (seed=183)

=== Epoch 183/1000 ===
[train] loss=5.0535 cls=0.4549 cme=2.1465 acc=0.9849 cells=158379
[ct_train] rechunked train graphs (seed=184)

=== Epoch 184/1000 ===
[train] loss=5.0477 cls=0.4550 cme=2.1438 acc=0.9848 cells=158379
[val]   loss=5.1889 eval=2.6128 cls=0.4085 cme=2.2043 acc=0.9755 cells=118036
[ct_train] early_stopping: no improve on val/eval_loss for 16/45 val checks
[ct_train] rechunked train graphs (seed=185)

=== Epoch 185/1000 ===
[train] loss=5.0518 cls=0.4542 cme=2.1460 acc=0.9847 cells=158379
[ct_train] rechunked train graphs (seed=186)

=== Epoch 186/1000 ===
[train] loss=5.0626 cls=0.4545 cme=2.1509 acc=0.9851 cells=158379
[val]   loss=5.1887 eval=2.6126 cls=0.4085 cme=2.2041 acc=0.9755 cells=118036
[ct_train] early_stopping: no improve on val/eval_loss for 17/45 val checks
[ct_train] rechunked train graphs (seed=187)

=== Epoch 187/1000 ===
[train] loss=5.0560 cls=0.4541 cme=2.1479 acc=0.9852 cells=158379
[ct_train] rechunked train graphs (seed=188)

=== Epoch 188/1000 ===
[train] loss=5.0813 cls=0.4558 cme=2.1590 acc=0.9844 cells=158379
[val]   loss=5.1892 eval=2.6130 cls=0.4087 cme=2.2043 acc=0.9755 cells=118036
[ct_train] early_stopping: no improve on val/eval_loss for 18/45 val checks
[ct_train] rechunked train graphs (seed=189)

=== Epoch 189/1000 ===
[train] loss=5.0652 cls=0.4543 cme=2.1521 acc=0.9848 cells=158379
[ct_train] rechunked train graphs (seed=190)

=== Epoch 190/1000 ===
[train] loss=5.0606 cls=0.4541 cme=2.1501 acc=0.9847 cells=158379
[val]   loss=5.1885 eval=2.6126 cls=0.4086 cme=2.2040 acc=0.9755 cells=118036
[ct_train] early_stopping: no improve on val/eval_loss for 19/45 val checks
[ct_train] rechunked train graphs (seed=191)

=== Epoch 191/1000 ===
[train] loss=5.0570 cls=0.4536 cme=2.1487 acc=0.9852 cells=158379
[ct_train] rechunked train graphs (seed=192)

=== Epoch 192/1000 ===
[train] loss=5.0538 cls=0.4529 cme=2.1475 acc=0.9856 cells=158379
[val]   loss=5.1903 eval=2.6135 cls=0.4087 cme=2.2048 acc=0.9755 cells=118036
[ct_train] early_stopping: no improve on val/eval_loss for 20/45 val checks
[ct_train] rechunked train graphs (seed=193)

=== Epoch 193/1000 ===
[train] loss=5.0508 cls=0.4530 cme=2.1460 acc=0.9854 cells=158379
[ct_train] rechunked train graphs (seed=194)

=== Epoch 194/1000 ===
[train] loss=5.0499 cls=0.4523 cme=2.1460 acc=0.9858 cells=158379
[val]   loss=5.1907 eval=2.6137 cls=0.4087 cme=2.2050 acc=0.9755 cells=118036
[ct_train] early_stopping: no improve on val/eval_loss for 21/45 val checks
[ct_train] rechunked train graphs (seed=195)

=== Epoch 195/1000 ===
[train] loss=5.0446 cls=0.4528 cme=2.1433 acc=0.9855 cells=158379
[ct_train] rechunked train graphs (seed=196)

=== Epoch 196/1000 ===
[train] loss=5.0465 cls=0.4536 cme=2.1439 acc=0.9849 cells=158379
[val]   loss=5.1905 eval=2.6137 cls=0.4087 cme=2.2049 acc=0.9755 cells=118036
[ct_train] early_stopping: no improve on val/eval_loss for 22/45 val checks
[ct_train] rechunked train graphs (seed=197)

=== Epoch 197/1000 ===
[train] loss=5.0420 cls=0.4530 cme=2.1421 acc=0.9852 cells=158379
[ct_train] rechunked train graphs (seed=198)

=== Epoch 198/1000 ===
[train] loss=5.0447 cls=0.4527 cme=2.1434 acc=0.9854 cells=158379
[val]   loss=5.1910 eval=2.6138 cls=0.4085 cme=2.2053 acc=0.9757 cells=118036
[ct_train] early_stopping: no improve on val/eval_loss for 23/45 val checks
[ct_train] rechunked train graphs (seed=199)

=== Epoch 199/1000 ===
[train] loss=5.0459 cls=0.4521 cme=2.1441 acc=0.9859 cells=158379
[ct_train] rechunked train graphs (seed=200)

=== Epoch 200/1000 ===
[train] loss=5.0484 cls=0.4519 cme=2.1454 acc=0.9858 cells=158379
[val]   loss=5.1922 eval=2.6145 cls=0.4087 cme=2.2057 acc=0.9756 cells=118036
[ct_train] early_stopping: no improve on val/eval_loss for 24/45 val checks
[ct_train] rechunked train graphs (seed=201)

=== Epoch 201/1000 ===
[train] loss=5.0376 cls=0.4519 cme=2.1405 acc=0.9857 cells=158379
[ct_train] rechunked train graphs (seed=202)

=== Epoch 202/1000 ===
[train] loss=5.0358 cls=0.4508 cme=2.1401 acc=0.9862 cells=158379
[val]   loss=5.1926 eval=2.6147 cls=0.4088 cme=2.2059 acc=0.9757 cells=118036
[ct_train] early_stopping: no improve on val/eval_loss for 25/45 val checks
[ct_train] rechunked train graphs (seed=203)

=== Epoch 203/1000 ===
[train] loss=5.0428 cls=0.4507 cme=2.1432 acc=0.9860 cells=158379
[ct_train] rechunked train graphs (seed=204)

=== Epoch 204/1000 ===
[train] loss=5.0342 cls=0.4509 cme=2.1394 acc=0.9863 cells=158379
[val]   loss=5.1924 eval=2.6147 cls=0.4090 cme=2.2057 acc=0.9757 cells=118036
[ct_train] early_stopping: no improve on val/eval_loss for 26/45 val checks
[ct_train] rechunked train graphs (seed=205)

=== Epoch 205/1000 ===
[train] loss=5.0292 cls=0.4508 cme=2.1371 acc=0.9863 cells=158379
[ct_train] rechunked train graphs (seed=206)

=== Epoch 206/1000 ===
[train] loss=5.0533 cls=0.4511 cme=2.1480 acc=0.9863 cells=158379
[val]   loss=5.1934 eval=2.6153 cls=0.4091 cme=2.2062 acc=0.9757 cells=118036
[ct_train] early_stopping: no improve on val/eval_loss for 27/45 val checks
[ct_train] rechunked train graphs (seed=207)

=== Epoch 207/1000 ===
[train] loss=5.0417 cls=0.4507 cme=2.1428 acc=0.9863 cells=158379
[ct_train] rechunked train graphs (seed=208)

=== Epoch 208/1000 ===
[train] loss=5.0376 cls=0.4503 cme=2.1412 acc=0.9865 cells=158379
[val]   loss=5.1939 eval=2.6155 cls=0.4091 cme=2.2064 acc=0.9758 cells=118036
[ct_train] early_stopping: no improve on val/eval_loss for 28/45 val checks
[ct_train] rechunked train graphs (seed=209)

=== Epoch 209/1000 ===
[train] loss=5.0407 cls=0.4504 cme=2.1425 acc=0.9863 cells=158379
[ct_train] rechunked train graphs (seed=210)

=== Epoch 210/1000 ===
[train] loss=5.0485 cls=0.4502 cme=2.1462 acc=0.9864 cells=158379
[val]   loss=5.1937 eval=2.6156 cls=0.4093 cme=2.2062 acc=0.9757 cells=118036
[ct_train] early_stopping: no improve on val/eval_loss for 29/45 val checks
[ct_train] rechunked train graphs (seed=211)

=== Epoch 211/1000 ===
[train] loss=5.0395 cls=0.4492 cme=2.1425 acc=0.9868 cells=158379
[ct_train] rechunked train graphs (seed=212)

=== Epoch 212/1000 ===
[train] loss=5.0376 cls=0.4500 cme=2.1413 acc=0.9868 cells=158379
[val]   loss=5.1939 eval=2.6156 cls=0.4093 cme=2.2063 acc=0.9759 cells=118036
[ct_train] early_stopping: no improve on val/eval_loss for 30/45 val checks
[ct_train] rechunked train graphs (seed=213)

=== Epoch 213/1000 ===
[train] loss=5.0209 cls=0.4491 cme=2.1340 acc=0.9864 cells=158379
[ct_train] rechunked train graphs (seed=214)

=== Epoch 214/1000 ===
[train] loss=5.0355 cls=0.4488 cme=2.1408 acc=0.9870 cells=158379
[val]   loss=5.1949 eval=2.6163 cls=0.4097 cme=2.2067 acc=0.9757 cells=118036
[ct_train] early_stopping: no improve on val/eval_loss for 31/45 val checks
[ct_train] rechunked train graphs (seed=215)

=== Epoch 215/1000 ===
[train] loss=5.0316 cls=0.4491 cme=2.1389 acc=0.9864 cells=158379
[ct_train] rechunked train graphs (seed=216)

=== Epoch 216/1000 ===
[train] loss=5.0252 cls=0.4486 cme=2.1362 acc=0.9870 cells=158379
[val]   loss=5.1960 eval=2.6169 cls=0.4098 cme=2.2071 acc=0.9757 cells=118036
[ct_train] early_stopping: no improve on val/eval_loss for 32/45 val checks
[ct_train] rechunked train graphs (seed=217)

=== Epoch 217/1000 ===
[train] loss=5.0350 cls=0.4492 cme=2.1404 acc=0.9869 cells=158379
[ct_train] rechunked train graphs (seed=218)

=== Epoch 218/1000 ===
[train] loss=5.0377 cls=0.4489 cme=2.1418 acc=0.9870 cells=158379
[val]   loss=5.1959 eval=2.6171 cls=0.4100 cme=2.2070 acc=0.9757 cells=118036
[ct_train] early_stopping: no improve on val/eval_loss for 33/45 val checks
[ct_train] rechunked train graphs (seed=219)

=== Epoch 219/1000 ===
[train] loss=5.0327 cls=0.4481 cme=2.1397 acc=0.9872 cells=158379
[ct_train] rechunked train graphs (seed=220)

=== Epoch 220/1000 ===
[train] loss=5.0351 cls=0.4480 cme=2.1409 acc=0.9871 cells=158379
[val]   loss=5.1974 eval=2.6179 cls=0.4103 cme=2.2076 acc=0.9755 cells=118036
[ct_train] early_stopping: no improve on val/eval_loss for 34/45 val checks
[ct_train] rechunked train graphs (seed=221)

=== Epoch 221/1000 ===
[train] loss=5.0297 cls=0.4482 cme=2.1384 acc=0.9871 cells=158379
[ct_train] rechunked train graphs (seed=222)

=== Epoch 222/1000 ===
[train] loss=5.0185 cls=0.4487 cme=2.1331 acc=0.9867 cells=158379
[val]   loss=5.1968 eval=2.6176 cls=0.4102 cme=2.2074 acc=0.9757 cells=118036
[ct_train] early_stopping: no improve on val/eval_loss for 35/45 val checks
[ct_train] rechunked train graphs (seed=223)

=== Epoch 223/1000 ===
[train] loss=5.0321 cls=0.4486 cme=2.1394 acc=0.9871 cells=158379
[ct_train] rechunked train graphs (seed=224)

=== Epoch 224/1000 ===
[train] loss=5.0364 cls=0.4476 cme=2.1417 acc=0.9875 cells=158379
[val]   loss=5.1966 eval=2.6173 cls=0.4101 cme=2.2072 acc=0.9756 cells=118036
[ct_train] early_stopping: no improve on val/eval_loss for 36/45 val checks
[ct_train] rechunked train graphs (seed=225)

=== Epoch 225/1000 ===
[train] loss=5.0237 cls=0.4478 cme=2.1359 acc=0.9874 cells=158379
[ct_train] rechunked train graphs (seed=226)

=== Epoch 226/1000 ===
[train] loss=5.0327 cls=0.4476 cme=2.1400 acc=0.9875 cells=158379
[val]   loss=5.1982 eval=2.6183 cls=0.4104 cme=2.2079 acc=0.9756 cells=118036
[ct_train] early_stopping: no improve on val/eval_loss for 37/45 val checks
[ct_train] rechunked train graphs (seed=227)

=== Epoch 227/1000 ===
[train] loss=5.0142 cls=0.4471 cme=2.1318 acc=0.9877 cells=158379
[ct_train] rechunked train graphs (seed=228)

=== Epoch 228/1000 ===
[train] loss=5.0183 cls=0.4464 cme=2.1339 acc=0.9879 cells=158379
[val]   loss=5.1979 eval=2.6182 cls=0.4105 cme=2.2077 acc=0.9756 cells=118036
[ct_train] early_stopping: no improve on val/eval_loss for 38/45 val checks
[ct_train] rechunked train graphs (seed=229)

=== Epoch 229/1000 ===
[train] loss=5.0275 cls=0.4477 cme=2.1376 acc=0.9877 cells=158379
[ct_train] rechunked train graphs (seed=230)

=== Epoch 230/1000 ===
[train] loss=5.0211 cls=0.4471 cme=2.1349 acc=0.9877 cells=158379
[val]   loss=5.1991 eval=2.6188 cls=0.4106 cme=2.2082 acc=0.9757 cells=118036
[ct_train] early_stopping: no improve on val/eval_loss for 39/45 val checks
[ct_train] rechunked train graphs (seed=231)

=== Epoch 231/1000 ===
[train] loss=5.0162 cls=0.4467 cme=2.1329 acc=0.9879 cells=158379
[ct_train] rechunked train graphs (seed=232)

=== Epoch 232/1000 ===
[train] loss=5.0270 cls=0.4466 cme=2.1378 acc=0.9874 cells=158379
[val]   loss=5.2002 eval=2.6194 cls=0.4107 cme=2.2087 acc=0.9757 cells=118036
[ct_train] early_stopping: no improve on val/eval_loss for 40/45 val checks
[ct_train] rechunked train graphs (seed=233)

=== Epoch 233/1000 ===
[train] loss=5.0238 cls=0.4467 cme=2.1363 acc=0.9880 cells=158379
[ct_train] rechunked train graphs (seed=234)

=== Epoch 234/1000 ===
[train] loss=5.0253 cls=0.4468 cme=2.1370 acc=0.9875 cells=158379
[val]   loss=5.2012 eval=2.6199 cls=0.4107 cme=2.2092 acc=0.9757 cells=118036
[ct_train] early_stopping: no improve on val/eval_loss for 41/45 val checks
[ct_train] rechunked train graphs (seed=235)

=== Epoch 235/1000 ===
[train] loss=5.0171 cls=0.4454 cme=2.1337 acc=0.9884 cells=158379
[ct_train] rechunked train graphs (seed=236)

=== Epoch 236/1000 ===
[train] loss=5.0164 cls=0.4457 cme=2.1334 acc=0.9883 cells=158379
[val]   loss=5.2020 eval=2.6205 cls=0.4111 cme=2.2094 acc=0.9756 cells=118036
[ct_train] early_stopping: no improve on val/eval_loss for 42/45 val checks
[ct_train] rechunked train graphs (seed=237)

=== Epoch 237/1000 ===
[train] loss=5.0274 cls=0.4467 cme=2.1379 acc=0.9879 cells=158379
[ct_train] rechunked train graphs (seed=238)

=== Epoch 238/1000 ===
[train] loss=5.0128 cls=0.4459 cme=2.1316 acc=0.9881 cells=158379
[val]   loss=5.2021 eval=2.6206 cls=0.4112 cme=2.2094 acc=0.9755 cells=118036
[ct_train] early_stopping: no improve on val/eval_loss for 43/45 val checks
[ct_train] rechunked train graphs (seed=239)

=== Epoch 239/1000 ===
[train] loss=5.0119 cls=0.4449 cme=2.1316 acc=0.9883 cells=158379
[ct_train] rechunked train graphs (seed=240)

=== Epoch 240/1000 ===
[train] loss=5.0100 cls=0.4451 cme=2.1307 acc=0.9884 cells=158379
[val]   loss=5.2036 eval=2.6214 cls=0.4113 cme=2.2101 acc=0.9757 cells=118036
[ct_train] early_stopping: no improve on val/eval_loss for 44/45 val checks
[ct_train] rechunked train graphs (seed=241)

=== Epoch 241/1000 ===
[train] loss=5.0206 cls=0.4453 cme=2.1355 acc=0.9886 cells=158379
[ct_train] rechunked train graphs (seed=242)

=== Epoch 242/1000 ===
[train] loss=5.0172 cls=0.4444 cme=2.1342 acc=0.9887 cells=158379
[val]   loss=5.2025 eval=2.6210 cls=0.4114 cme=2.2096 acc=0.9757 cells=118036
[ct_train] early_stopping: no improve on val/eval_loss for 45/45 val checks
[ct_train] early stopping at epoch 242 (patience=45, monitor=val/eval_loss)

[ct_train] done. best_val_acc=0.9759  best_val_eval_loss=2.6111  checkpoints=/home/abel/code/Tissue-Reassembly-using-GenAI-and-new-metrics/exploration/cell_types/outputs/exp157_cls_w09  logs=/home/abel/code/Tissue-Reassembly-using-GenAI-and-new-metrics/exploration/cell_types/logs/exp157_cls_w09/20260808_082454
wandb: updating run metadata
wandb: uploading output.log; uploading wandb-summary.json; uploading config.yaml
wandb: 
wandb: Run summary:
wandb:                      best_epoch 174
wandb:                    best_val_acc 0.97585
wandb:              best_val_eval_loss 2.61105
wandb:                           epoch 242
wandb:                              lr 0.00018
wandb:           model/parameter_count 1305308
wandb: model/trainable_parameter_count 1305308
wandb:                       train/acc 0.98872
wandb:       train/acc_per_class/Astro 0.99253
wandb:        train/acc_per_class/Endo 0.9854
wandb:                             +54 ...
wandb: 
wandb:  View run exp157_cls_w09 at: https://wandb.ai/abel-salmona-polytechnique-montr-al/cell_types/runs/od6e1a4r
wandb:  View project at: https://wandb.ai/abel-salmona-polytechnique-montr-al/cell_types
wandb: Synced 5 W&B file(s), 1 media file(s), 2 artifact file(s) and 1 other file(s)
wandb: Find logs at: ./exploration/cell_types/logs/exp157_cls_w09/20260808_082454/wandb/run-20260808_082501-od6e1a4r/logs
