[ct_train] config=exploration/cell_types/experiments/configs/exp156_cme_cond_cls.json
[ct_train] device=cuda  checkpoints=/home/abel/code/Tissue-Reassembly-using-GenAI-and-new-metrics/exploration/cell_types/outputs/exp156_cme_cond_cls
[ct_train] logs=/home/abel/code/Tissue-Reassembly-using-GenAI-and-new-metrics/exploration/cell_types/logs/exp156_cme_cond_cls/20260808_082455
[ct_train] Loading data …
[DataModule] Reading '/home/abel/biodata/MERFISH_LUNA_small_cortex/MERFISH_mouse_cortex_train.csv' (split=train) with float32 dtype on 254 gene cols + coord cols …
[DataModule] Loaded 158,379 rows for split=train.
[DataModule] Reading '/home/abel/biodata/MERFISH_LUNA_small_cortex/MERFISH_mouse_cortex_test.csv' (split=test) with float32 dtype on 254 gene cols + coord cols …
[DataModule] Loaded 118,036 rows for split=test.
[DataModule] Reading '/home/abel/biodata/MERFISH_LUNA_small_cortex/MERFISH_mouse_cortex_test.csv' (split=validation) with float32 dtype on 254 gene cols + coord cols …
[DataModule] Loaded 118,036 rows for split=validation.
[ct_train] genes=254  classes=23
[ct_train] model predict_cme=True  params=1,312,714
[ct_train] soft CME loaded split=train sigma=96.0 n=158379 C=23
[ct_train] soft CME loaded split=validation sigma=96.0 n=118036 C=23
[ct_train] soft CME loaded split=train sigma=50.0 n=158379 C=23
[ct_train] soft CME loaded split=train sigma=64.0 n=158379 C=23
[ct_train] soft CME loaded split=validation sigma=50.0 n=118036 C=23
[ct_train] soft CME loaded split=validation sigma=64.0 n=118036 C=23
wandb: [wandb.login()] Loaded credentials for https://api.wandb.ai from /home/abel/.netrc.
wandb: Currently logged in as: abel-salmona (abel-salmona-polytechnique-montr-al) to https://api.wandb.ai. Use `wandb login --relogin` to force relogin
wandb: WARNING Using a boolean value for 'reinit' is deprecated. Use 'return_previous' or 'finish_previous' instead.
wandb: setting up run 07njug22
wandb: Tracking run with wandb version 0.26.1
wandb: Run data is saved locally in /home/abel/code/Tissue-Reassembly-using-GenAI-and-new-metrics/exploration/cell_types/logs/exp156_cme_cond_cls/20260808_082455/wandb/run-20260808_082503-07njug22
wandb: Run `wandb offline` to turn off syncing.
wandb: Syncing run exp156_cme_cond_cls
wandb:  View project at https://wandb.ai/abel-salmona-polytechnique-montr-al/cell_types
wandb:  View run at https://wandb.ai/abel-salmona-polytechnique-montr-al/cell_types/runs/07njug22
wandb: WARNING Saving files without folders. If you want to preserve subdirectories pass base_path to wandb.save, i.e. wandb.save("/mnt/folder/file.h5", base_path="/mnt")
wandb: WARNING Symlinked 1 file into the W&B run directory; call wandb.save again to sync new files.
[ct_train] wandb: project=cell_types name=exp156_cme_cond_cls mode=online url=https://wandb.ai/abel-salmona-polytechnique-montr-al/cell_types/runs/07njug22
[ct_train] parameters: total=1,312,714 trainable=1,312,714
  [params] mlp_in_node_features: 26,720
  [params] transformer_layers: 633,600
  [params] type_stage1: 28,320
  [params] env_stage1: 93,056
  [params] type_probe: 2,231
  [params] env_probe: 7,383
  [params] fusion_mlp: 383,008
  [params] type_stage2: 30,551
  [params] env_stage2: 107,845
[ct_train] EMA enabled decay=0.98
[ct_train] rechunked train graphs (seed=1)

=== Epoch 1/1000 ===
[train] loss=8.7388 cls=2.7336 cme=2.7678 acc=0.2411 cells=158379
[ct_train] rechunked train graphs (seed=2)

=== Epoch 2/1000 ===
[train] loss=7.3339 cls=1.8807 cme=2.5159 acc=0.6375 cells=158379
[val]   loss=8.3562 eval=5.1944 cls=2.4979 cme=2.6965 acc=0.3860 cells=118036
[ct_train] saved best checkpoint (val_eval_loss=5.1944 val_acc=0.3860)
[ct_train] rechunked train graphs (seed=3)

=== Epoch 3/1000 ===
[train] loss=6.4632 cls=1.2289 cme=2.4162 acc=0.7900 cells=158379
[ct_train] rechunked train graphs (seed=4)

=== Epoch 4/1000 ===
[train] loss=6.0383 cls=0.8982 cme=2.3733 acc=0.8669 cells=158379
[val]   loss=6.6893 eval=3.7889 cls=1.3270 cme=2.4619 acc=0.8083 cells=118036
[ct_train] saved best checkpoint (val_eval_loss=3.7889 val_acc=0.8083)
[ct_train] rechunked train graphs (seed=5)

=== Epoch 5/1000 ===
[train] loss=5.8240 cls=0.7513 cme=2.3425 acc=0.9088 cells=158379
[ct_train] rechunked train graphs (seed=6)

=== Epoch 6/1000 ===
[train] loss=5.7260 cls=0.6842 cme=2.3283 acc=0.9251 cells=158379
[val]   loss=5.9262 eval=3.1236 cls=0.7554 cme=2.3683 acc=0.9083 cells=118036
[ct_train] saved best checkpoint (val_eval_loss=3.1236 val_acc=0.9083)
[ct_train] rechunked train graphs (seed=7)

=== Epoch 7/1000 ===
[train] loss=5.6388 cls=0.6451 cme=2.3063 acc=0.9339 cells=158379
[ct_train] rechunked train graphs (seed=8)

=== Epoch 8/1000 ===
[train] loss=5.5964 cls=0.6219 cme=2.2976 acc=0.9400 cells=158379
[val]   loss=5.6674 eval=2.9062 cls=0.5794 cme=2.3269 acc=0.9368 cells=118036
[ct_train] saved best checkpoint (val_eval_loss=2.9062 val_acc=0.9368)
[ct_train] rechunked train graphs (seed=9)

=== Epoch 9/1000 ===
[train] loss=5.5575 cls=0.6051 cme=2.2875 acc=0.9443 cells=158379
[ct_train] rechunked train graphs (seed=10)

=== Epoch 10/1000 ===
[train] loss=5.5383 cls=0.5935 cme=2.2840 acc=0.9466 cells=158379
[val]   loss=5.5549 eval=2.8187 cls=0.5164 cme=2.3023 acc=0.9474 cells=118036
[ct_train] saved best checkpoint (val_eval_loss=2.8187 val_acc=0.9474)
[ct_train] rechunked train graphs (seed=11)

=== Epoch 11/1000 ===
[train] loss=5.5241 cls=0.5860 cme=2.2809 acc=0.9487 cells=158379
[ct_train] rechunked train graphs (seed=12)

=== Epoch 12/1000 ===
[train] loss=5.4779 cls=0.5749 cme=2.2649 acc=0.9507 cells=158379
[val]   loss=5.4946 eval=2.7750 cls=0.4888 cme=2.2862 acc=0.9533 cells=118036
[ct_train] saved best checkpoint (val_eval_loss=2.7750 val_acc=0.9533)
[ct_train] rechunked train graphs (seed=13)

=== Epoch 13/1000 ===
[train] loss=5.4704 cls=0.5680 cme=2.2645 acc=0.9531 cells=158379
[ct_train] rechunked train graphs (seed=14)

=== Epoch 14/1000 ===
[train] loss=5.4458 cls=0.5628 cme=2.2557 acc=0.9541 cells=158379
[val]   loss=5.4549 eval=2.7481 cls=0.4736 cme=2.2745 acc=0.9567 cells=118036
[ct_train] saved best checkpoint (val_eval_loss=2.7481 val_acc=0.9567)
[ct_train] rechunked train graphs (seed=15)

=== Epoch 15/1000 ===
[train] loss=5.4481 cls=0.5577 cme=2.2591 acc=0.9555 cells=158379
[ct_train] rechunked train graphs (seed=16)

=== Epoch 16/1000 ===
[train] loss=5.4362 cls=0.5531 cme=2.2558 acc=0.9567 cells=158379
[val]   loss=5.4263 eval=2.7292 cls=0.4635 cme=2.2657 acc=0.9591 cells=118036
[ct_train] saved best checkpoint (val_eval_loss=2.7292 val_acc=0.9591)
[ct_train] rechunked train graphs (seed=17)

=== Epoch 17/1000 ===
[train] loss=5.4110 cls=0.5492 cme=2.2460 acc=0.9577 cells=158379
[ct_train] rechunked train graphs (seed=18)

=== Epoch 18/1000 ===
[train] loss=5.4072 cls=0.5452 cme=2.2461 acc=0.9586 cells=158379
[val]   loss=5.4055 eval=2.7157 cls=0.4566 cme=2.2592 acc=0.9609 cells=118036
[ct_train] saved best checkpoint (val_eval_loss=2.7157 val_acc=0.9609)
[ct_train] rechunked train graphs (seed=19)

=== Epoch 19/1000 ===
[train] loss=5.3963 cls=0.5420 cme=2.2426 acc=0.9597 cells=158379
[ct_train] rechunked train graphs (seed=20)

=== Epoch 20/1000 ===
[train] loss=5.3962 cls=0.5402 cme=2.2433 acc=0.9603 cells=158379
[val]   loss=5.3888 eval=2.7050 cls=0.4510 cme=2.2539 acc=0.9624 cells=118036
[ct_train] saved best checkpoint (val_eval_loss=2.7050 val_acc=0.9624)
[ct_train] rechunked train graphs (seed=21)

=== Epoch 21/1000 ===
[train] loss=5.3848 cls=0.5372 cme=2.2396 acc=0.9614 cells=158379
[ct_train] rechunked train graphs (seed=22)

=== Epoch 22/1000 ===
[train] loss=5.3773 cls=0.5351 cme=2.2371 acc=0.9618 cells=158379
[val]   loss=5.3759 eval=2.6967 cls=0.4467 cme=2.2500 acc=0.9636 cells=118036
[ct_train] saved best checkpoint (val_eval_loss=2.6967 val_acc=0.9636)
[ct_train] rechunked train graphs (seed=23)

=== Epoch 23/1000 ===
[train] loss=5.3744 cls=0.5330 cme=2.2367 acc=0.9621 cells=158379
[ct_train] rechunked train graphs (seed=24)

=== Epoch 24/1000 ===
[train] loss=5.3574 cls=0.5285 cme=2.2310 acc=0.9634 cells=158379
[val]   loss=5.3634 eval=2.6889 cls=0.4430 cme=2.2459 acc=0.9648 cells=118036
[ct_train] saved best checkpoint (val_eval_loss=2.6889 val_acc=0.9648)
[ct_train] rechunked train graphs (seed=25)

=== Epoch 25/1000 ===
[train] loss=5.3534 cls=0.5273 cme=2.2297 acc=0.9642 cells=158379
[ct_train] rechunked train graphs (seed=26)

=== Epoch 26/1000 ===
[train] loss=5.3548 cls=0.5247 cme=2.2315 acc=0.9645 cells=158379
[val]   loss=5.3529 eval=2.6823 cls=0.4396 cme=2.2427 acc=0.9657 cells=118036
[ct_train] saved best checkpoint (val_eval_loss=2.6823 val_acc=0.9657)
[ct_train] rechunked train graphs (seed=27)

=== Epoch 27/1000 ===
[train] loss=5.3413 cls=0.5233 cme=2.2261 acc=0.9652 cells=158379
[ct_train] rechunked train graphs (seed=28)

=== Epoch 28/1000 ===
[train] loss=5.3433 cls=0.5219 cme=2.2275 acc=0.9652 cells=158379
[val]   loss=5.3419 eval=2.6756 cls=0.4366 cme=2.2390 acc=0.9665 cells=118036
[ct_train] saved best checkpoint (val_eval_loss=2.6756 val_acc=0.9665)
[ct_train] rechunked train graphs (seed=29)

=== Epoch 29/1000 ===
[train] loss=5.3312 cls=0.5198 cme=2.2230 acc=0.9656 cells=158379
[ct_train] rechunked train graphs (seed=30)

=== Epoch 30/1000 ===
[train] loss=5.3256 cls=0.5172 cme=2.2217 acc=0.9662 cells=158379
[val]   loss=5.3330 eval=2.6701 cls=0.4339 cme=2.2362 acc=0.9672 cells=118036
[ct_train] saved best checkpoint (val_eval_loss=2.6701 val_acc=0.9672)
[ct_train] rechunked train graphs (seed=31)

=== Epoch 31/1000 ===
[train] loss=5.3137 cls=0.5157 cme=2.2168 acc=0.9669 cells=158379
[ct_train] rechunked train graphs (seed=32)

=== Epoch 32/1000 ===
[train] loss=5.3293 cls=0.5149 cme=2.2244 acc=0.9676 cells=158379
[val]   loss=5.3251 eval=2.6652 cls=0.4316 cme=2.2336 acc=0.9679 cells=118036
[ct_train] saved best checkpoint (val_eval_loss=2.6652 val_acc=0.9679)
[ct_train] rechunked train graphs (seed=33)

=== Epoch 33/1000 ===
[train] loss=5.3157 cls=0.5118 cme=2.2195 acc=0.9680 cells=158379
[ct_train] rechunked train graphs (seed=34)

=== Epoch 34/1000 ===
[train] loss=5.2973 cls=0.5110 cme=2.2116 acc=0.9683 cells=158379
[val]   loss=5.3181 eval=2.6609 cls=0.4296 cme=2.2313 acc=0.9685 cells=118036
[ct_train] saved best checkpoint (val_eval_loss=2.6609 val_acc=0.9685)
[ct_train] rechunked train graphs (seed=35)

=== Epoch 35/1000 ===
[train] loss=5.3006 cls=0.5095 cme=2.2137 acc=0.9686 cells=158379
[ct_train] rechunked train graphs (seed=36)

=== Epoch 36/1000 ===
[train] loss=5.3074 cls=0.5083 cme=2.2174 acc=0.9686 cells=158379
[val]   loss=5.3115 eval=2.6569 cls=0.4278 cme=2.2291 acc=0.9692 cells=118036
[ct_train] saved best checkpoint (val_eval_loss=2.6569 val_acc=0.9692)
[ct_train] rechunked train graphs (seed=37)

=== Epoch 37/1000 ===
[train] loss=5.2897 cls=0.5075 cme=2.2096 acc=0.9694 cells=158379
[ct_train] rechunked train graphs (seed=38)

=== Epoch 38/1000 ===
[train] loss=5.2991 cls=0.5073 cme=2.2141 acc=0.9692 cells=158379
[val]   loss=5.3056 eval=2.6534 cls=0.4262 cme=2.2272 acc=0.9694 cells=118036
[ct_train] saved best checkpoint (val_eval_loss=2.6534 val_acc=0.9694)
[ct_train] rechunked train graphs (seed=39)

=== Epoch 39/1000 ===
[train] loss=5.2938 cls=0.5060 cme=2.2123 acc=0.9697 cells=158379
[ct_train] rechunked train graphs (seed=40)

=== Epoch 40/1000 ===
[train] loss=5.2842 cls=0.5033 cme=2.2091 acc=0.9701 cells=158379
[val]   loss=5.3013 eval=2.6507 cls=0.4249 cme=2.2258 acc=0.9698 cells=118036
[ct_train] saved best checkpoint (val_eval_loss=2.6507 val_acc=0.9698)
[ct_train] rechunked train graphs (seed=41)

=== Epoch 41/1000 ===
[train] loss=5.2936 cls=0.5031 cme=2.2135 acc=0.9701 cells=158379
[ct_train] rechunked train graphs (seed=42)

=== Epoch 42/1000 ===
[train] loss=5.2787 cls=0.5014 cme=2.2074 acc=0.9708 cells=158379
[val]   loss=5.2973 eval=2.6482 cls=0.4236 cme=2.2246 acc=0.9703 cells=118036
[ct_train] saved best checkpoint (val_eval_loss=2.6482 val_acc=0.9703)
[ct_train] rechunked train graphs (seed=43)

=== Epoch 43/1000 ===
[train] loss=5.2861 cls=0.5024 cme=2.2103 acc=0.9705 cells=158379
[ct_train] rechunked train graphs (seed=44)

=== Epoch 44/1000 ===
[train] loss=5.2764 cls=0.5011 cme=2.2065 acc=0.9706 cells=158379
[val]   loss=5.2939 eval=2.6462 cls=0.4227 cme=2.2235 acc=0.9705 cells=118036
[ct_train] saved best checkpoint (val_eval_loss=2.6462 val_acc=0.9705)
[ct_train] rechunked train graphs (seed=45)

=== Epoch 45/1000 ===
[train] loss=5.2688 cls=0.5001 cme=2.2035 acc=0.9711 cells=158379
[ct_train] rechunked train graphs (seed=46)

=== Epoch 46/1000 ===
[train] loss=5.2774 cls=0.5001 cme=2.2074 acc=0.9711 cells=158379
[val]   loss=5.2897 eval=2.6437 cls=0.4216 cme=2.2220 acc=0.9708 cells=118036
[ct_train] saved best checkpoint (val_eval_loss=2.6437 val_acc=0.9708)
[ct_train] rechunked train graphs (seed=47)

=== Epoch 47/1000 ===
[train] loss=5.2654 cls=0.4978 cme=2.2030 acc=0.9716 cells=158379
[ct_train] rechunked train graphs (seed=48)

=== Epoch 48/1000 ===
[train] loss=5.2585 cls=0.4969 cme=2.2002 acc=0.9716 cells=158379
[val]   loss=5.2865 eval=2.6418 cls=0.4208 cme=2.2210 acc=0.9711 cells=118036
[ct_train] saved best checkpoint (val_eval_loss=2.6418 val_acc=0.9711)
[ct_train] rechunked train graphs (seed=49)

=== Epoch 49/1000 ===
[train] loss=5.2540 cls=0.4959 cme=2.1987 acc=0.9717 cells=158379
[ct_train] rechunked train graphs (seed=50)

=== Epoch 50/1000 ===
[train] loss=5.2593 cls=0.4956 cme=2.2012 acc=0.9723 cells=158379
[val]   loss=5.2834 eval=2.6399 cls=0.4200 cme=2.2200 acc=0.9712 cells=118036
[ct_train] saved best checkpoint (val_eval_loss=2.6399 val_acc=0.9712)
[ct_train] rechunked train graphs (seed=51)

=== Epoch 51/1000 ===
[train] loss=5.2441 cls=0.4943 cme=2.1949 acc=0.9728 cells=158379
[ct_train] rechunked train graphs (seed=52)

=== Epoch 52/1000 ===
[train] loss=5.2597 cls=0.4940 cme=2.2021 acc=0.9729 cells=158379
[val]   loss=5.2808 eval=2.6382 cls=0.4191 cme=2.2191 acc=0.9714 cells=118036
[ct_train] saved best checkpoint (val_eval_loss=2.6382 val_acc=0.9714)
[ct_train] rechunked train graphs (seed=53)

=== Epoch 53/1000 ===
[train] loss=5.2526 cls=0.4930 cme=2.1993 acc=0.9730 cells=158379
[ct_train] rechunked train graphs (seed=54)

=== Epoch 54/1000 ===
[train] loss=5.2504 cls=0.4941 cme=2.1978 acc=0.9732 cells=158379
[val]   loss=5.2785 eval=2.6367 cls=0.4183 cme=2.2185 acc=0.9717 cells=118036
[ct_train] saved best checkpoint (val_eval_loss=2.6367 val_acc=0.9717)
[ct_train] rechunked train graphs (seed=55)

=== Epoch 55/1000 ===
[train] loss=5.2346 cls=0.4923 cme=2.1914 acc=0.9731 cells=158379
[ct_train] rechunked train graphs (seed=56)

=== Epoch 56/1000 ===
[train] loss=5.2585 cls=0.4917 cme=2.2027 acc=0.9734 cells=158379
[val]   loss=5.2755 eval=2.6351 cls=0.4176 cme=2.2174 acc=0.9720 cells=118036
[ct_train] saved best checkpoint (val_eval_loss=2.6351 val_acc=0.9720)
[ct_train] rechunked train graphs (seed=57)

=== Epoch 57/1000 ===
[train] loss=5.2382 cls=0.4904 cme=2.1940 acc=0.9737 cells=158379
[ct_train] rechunked train graphs (seed=58)

=== Epoch 58/1000 ===
[train] loss=5.2346 cls=0.4895 cme=2.1927 acc=0.9741 cells=158379
[val]   loss=5.2733 eval=2.6337 cls=0.4170 cme=2.2167 acc=0.9722 cells=118036
[ct_train] saved best checkpoint (val_eval_loss=2.6337 val_acc=0.9722)
[ct_train] rechunked train graphs (seed=59)

=== Epoch 59/1000 ===
[train] loss=5.2432 cls=0.4898 cme=2.1964 acc=0.9740 cells=158379
[ct_train] rechunked train graphs (seed=60)

=== Epoch 60/1000 ===
[train] loss=5.2275 cls=0.4881 cme=2.1901 acc=0.9745 cells=158379
[val]   loss=5.2714 eval=2.6326 cls=0.4166 cme=2.2160 acc=0.9722 cells=118036
[ct_train] saved best checkpoint (val_eval_loss=2.6326 val_acc=0.9722)
[ct_train] rechunked train graphs (seed=61)

=== Epoch 61/1000 ===
[train] loss=5.2305 cls=0.4895 cme=2.1908 acc=0.9744 cells=158379
[ct_train] rechunked train graphs (seed=62)

=== Epoch 62/1000 ===
[train] loss=5.2223 cls=0.4871 cme=2.1882 acc=0.9746 cells=158379
[val]   loss=5.2696 eval=2.6316 cls=0.4162 cme=2.2154 acc=0.9725 cells=118036
[ct_train] saved best checkpoint (val_eval_loss=2.6316 val_acc=0.9725)
[ct_train] rechunked train graphs (seed=63)

=== Epoch 63/1000 ===
[train] loss=5.2288 cls=0.4877 cme=2.1909 acc=0.9746 cells=158379
[ct_train] rechunked train graphs (seed=64)

=== Epoch 64/1000 ===
[train] loss=5.2330 cls=0.4864 cme=2.1934 acc=0.9750 cells=158379
[val]   loss=5.2674 eval=2.6302 cls=0.4155 cme=2.2147 acc=0.9726 cells=118036
[ct_train] saved best checkpoint (val_eval_loss=2.6302 val_acc=0.9726)
[ct_train] rechunked train graphs (seed=65)

=== Epoch 65/1000 ===
[train] loss=5.2206 cls=0.4866 cme=2.1876 acc=0.9751 cells=158379
[ct_train] rechunked train graphs (seed=66)

=== Epoch 66/1000 ===
[train] loss=5.2238 cls=0.4868 cme=2.1891 acc=0.9753 cells=158379
[val]   loss=5.2655 eval=2.6291 cls=0.4150 cme=2.2141 acc=0.9727 cells=118036
[ct_train] saved best checkpoint (val_eval_loss=2.6291 val_acc=0.9727)
[ct_train] rechunked train graphs (seed=67)

=== Epoch 67/1000 ===
[train] loss=5.2438 cls=0.4873 cme=2.1979 acc=0.9745 cells=158379
[ct_train] rechunked train graphs (seed=68)

=== Epoch 68/1000 ===
[train] loss=5.2290 cls=0.4867 cme=2.1914 acc=0.9749 cells=158379
[val]   loss=5.2640 eval=2.6282 cls=0.4146 cme=2.2136 acc=0.9728 cells=118036
[ct_train] saved best checkpoint (val_eval_loss=2.6282 val_acc=0.9728)
[ct_train] rechunked train graphs (seed=69)

=== Epoch 69/1000 ===
[train] loss=5.2192 cls=0.4847 cme=2.1879 acc=0.9753 cells=158379
[ct_train] rechunked train graphs (seed=70)

=== Epoch 70/1000 ===
[train] loss=5.2124 cls=0.4836 cme=2.1852 acc=0.9755 cells=158379
[val]   loss=5.2632 eval=2.6276 cls=0.4142 cme=2.2134 acc=0.9729 cells=118036
[ct_train] saved best checkpoint (val_eval_loss=2.6276 val_acc=0.9729)
[ct_train] rechunked train graphs (seed=71)

=== Epoch 71/1000 ===
[train] loss=5.2108 cls=0.4831 cme=2.1848 acc=0.9757 cells=158379
[ct_train] rechunked train graphs (seed=72)

=== Epoch 72/1000 ===
[train] loss=5.2237 cls=0.4838 cme=2.1903 acc=0.9760 cells=158379
[val]   loss=5.2614 eval=2.6266 cls=0.4138 cme=2.2128 acc=0.9732 cells=118036
[ct_train] saved best checkpoint (val_eval_loss=2.6266 val_acc=0.9732)
[ct_train] rechunked train graphs (seed=73)

=== Epoch 73/1000 ===
[train] loss=5.2056 cls=0.4818 cme=2.1829 acc=0.9764 cells=158379
[ct_train] rechunked train graphs (seed=74)

=== Epoch 74/1000 ===
[train] loss=5.2173 cls=0.4829 cme=2.1877 acc=0.9754 cells=158379
[val]   loss=5.2598 eval=2.6257 cls=0.4135 cme=2.2122 acc=0.9730 cells=118036
[ct_train] saved best checkpoint (val_eval_loss=2.6257 val_acc=0.9732)
[ct_train] rechunked train graphs (seed=75)

=== Epoch 75/1000 ===
[train] loss=5.2172 cls=0.4822 cme=2.1881 acc=0.9761 cells=158379
[ct_train] rechunked train graphs (seed=76)

=== Epoch 76/1000 ===
[train] loss=5.2125 cls=0.4819 cme=2.1861 acc=0.9765 cells=158379
[val]   loss=5.2585 eval=2.6249 cls=0.4131 cme=2.2118 acc=0.9732 cells=118036
[ct_train] saved best checkpoint (val_eval_loss=2.6249 val_acc=0.9732)
[ct_train] rechunked train graphs (seed=77)

=== Epoch 77/1000 ===
[train] loss=5.1993 cls=0.4799 cme=2.1809 acc=0.9764 cells=158379
[ct_train] rechunked train graphs (seed=78)

=== Epoch 78/1000 ===
[train] loss=5.2031 cls=0.4807 cme=2.1823 acc=0.9764 cells=158379
[val]   loss=5.2573 eval=2.6242 cls=0.4128 cme=2.2114 acc=0.9734 cells=118036
[ct_train] saved best checkpoint (val_eval_loss=2.6242 val_acc=0.9734)
[ct_train] rechunked train graphs (seed=79)

=== Epoch 79/1000 ===
[train] loss=5.2104 cls=0.4792 cme=2.1863 acc=0.9770 cells=158379
[ct_train] rechunked train graphs (seed=80)

=== Epoch 80/1000 ===
[train] loss=5.2110 cls=0.4795 cme=2.1864 acc=0.9771 cells=158379
[val]   loss=5.2566 eval=2.6237 cls=0.4124 cme=2.2113 acc=0.9736 cells=118036
[ct_train] saved best checkpoint (val_eval_loss=2.6237 val_acc=0.9736)
[ct_train] rechunked train graphs (seed=81)

=== Epoch 81/1000 ===
[train] loss=5.2077 cls=0.4795 cme=2.1850 acc=0.9768 cells=158379
[ct_train] rechunked train graphs (seed=82)

=== Epoch 82/1000 ===
[train] loss=5.2000 cls=0.4787 cme=2.1818 acc=0.9773 cells=158379
[val]   loss=5.2553 eval=2.6230 cls=0.4121 cme=2.2109 acc=0.9736 cells=118036
[ct_train] saved best checkpoint (val_eval_loss=2.6230 val_acc=0.9736)
[ct_train] rechunked train graphs (seed=83)

=== Epoch 83/1000 ===
[train] loss=5.2018 cls=0.4781 cme=2.1829 acc=0.9774 cells=158379
[ct_train] rechunked train graphs (seed=84)

=== Epoch 84/1000 ===
[train] loss=5.1961 cls=0.4779 cme=2.1804 acc=0.9776 cells=158379
[val]   loss=5.2549 eval=2.6227 cls=0.4120 cme=2.2107 acc=0.9738 cells=118036
[ct_train] saved best checkpoint (val_eval_loss=2.6227 val_acc=0.9738)
[ct_train] early_stopping: no improve on val/eval_loss for 1/45 val checks
[ct_train] rechunked train graphs (seed=85)

=== Epoch 85/1000 ===
[train] loss=5.1865 cls=0.4766 cme=2.1766 acc=0.9774 cells=158379
[ct_train] rechunked train graphs (seed=86)

=== Epoch 86/1000 ===
[train] loss=5.1888 cls=0.4770 cme=2.1775 acc=0.9773 cells=158379
[val]   loss=5.2539 eval=2.6221 cls=0.4117 cme=2.2104 acc=0.9739 cells=118036
[ct_train] saved best checkpoint (val_eval_loss=2.6221 val_acc=0.9739)
[ct_train] rechunked train graphs (seed=87)

=== Epoch 87/1000 ===
[train] loss=5.1923 cls=0.4776 cme=2.1788 acc=0.9775 cells=158379
[ct_train] rechunked train graphs (seed=88)

=== Epoch 88/1000 ===
[train] loss=5.1850 cls=0.4774 cme=2.1755 acc=0.9776 cells=158379
[val]   loss=5.2528 eval=2.6215 cls=0.4115 cme=2.2101 acc=0.9740 cells=118036
[ct_train] saved best checkpoint (val_eval_loss=2.6215 val_acc=0.9740)
[ct_train] rechunked train graphs (seed=89)

=== Epoch 89/1000 ===
[train] loss=5.1938 cls=0.4760 cme=2.1802 acc=0.9781 cells=158379
[ct_train] rechunked train graphs (seed=90)

=== Epoch 90/1000 ===
[train] loss=5.1924 cls=0.4759 cme=2.1796 acc=0.9780 cells=158379
[val]   loss=5.2520 eval=2.6210 cls=0.4112 cme=2.2098 acc=0.9740 cells=118036
[ct_train] saved best checkpoint (val_eval_loss=2.6210 val_acc=0.9740)
[ct_train] rechunked train graphs (seed=91)

=== Epoch 91/1000 ===
[train] loss=5.1896 cls=0.4761 cme=2.1782 acc=0.9775 cells=158379
[ct_train] rechunked train graphs (seed=92)

=== Epoch 92/1000 ===
[train] loss=5.1786 cls=0.4753 cme=2.1736 acc=0.9779 cells=158379
[val]   loss=5.2515 eval=2.6207 cls=0.4110 cme=2.2098 acc=0.9741 cells=118036
[ct_train] saved best checkpoint (val_eval_loss=2.6207 val_acc=0.9741)
[ct_train] rechunked train graphs (seed=93)

=== Epoch 93/1000 ===
[train] loss=5.1950 cls=0.4752 cme=2.1811 acc=0.9779 cells=158379
[ct_train] rechunked train graphs (seed=94)

=== Epoch 94/1000 ===
[train] loss=5.1865 cls=0.4743 cme=2.1776 acc=0.9781 cells=158379
[val]   loss=5.2507 eval=2.6202 cls=0.4106 cme=2.2095 acc=0.9742 cells=118036
[ct_train] saved best checkpoint (val_eval_loss=2.6202 val_acc=0.9742)
[ct_train] rechunked train graphs (seed=95)

=== Epoch 95/1000 ===
[train] loss=5.1883 cls=0.4741 cme=2.1787 acc=0.9786 cells=158379
[ct_train] rechunked train graphs (seed=96)

=== Epoch 96/1000 ===
[train] loss=5.1768 cls=0.4744 cme=2.1731 acc=0.9790 cells=158379
[val]   loss=5.2495 eval=2.6195 cls=0.4104 cme=2.2091 acc=0.9744 cells=118036
[ct_train] saved best checkpoint (val_eval_loss=2.6195 val_acc=0.9744)
[ct_train] rechunked train graphs (seed=97)

=== Epoch 97/1000 ===
[train] loss=5.1796 cls=0.4732 cme=2.1751 acc=0.9788 cells=158379
[ct_train] rechunked train graphs (seed=98)

=== Epoch 98/1000 ===
[train] loss=5.1789 cls=0.4727 cme=2.1749 acc=0.9790 cells=158379
[val]   loss=5.2486 eval=2.6190 cls=0.4103 cme=2.2087 acc=0.9743 cells=118036
[ct_train] saved best checkpoint (val_eval_loss=2.6190 val_acc=0.9744)
[ct_train] rechunked train graphs (seed=99)

=== Epoch 99/1000 ===
[train] loss=5.1761 cls=0.4726 cme=2.1737 acc=0.9790 cells=158379
[ct_train] rechunked train graphs (seed=100)

=== Epoch 100/1000 ===
[train] loss=5.1745 cls=0.4724 cme=2.1732 acc=0.9788 cells=158379
[val]   loss=5.2484 eval=2.6189 cls=0.4101 cme=2.2087 acc=0.9743 cells=118036
[ct_train] saved best checkpoint (val_eval_loss=2.6189 val_acc=0.9744)
[ct_train] early_stopping: no improve on val/eval_loss for 1/45 val checks
[ct_train] rechunked train graphs (seed=101)

=== Epoch 101/1000 ===
[train] loss=5.1675 cls=0.4731 cme=2.1695 acc=0.9789 cells=158379
[ct_train] rechunked train graphs (seed=102)

=== Epoch 102/1000 ===
[train] loss=5.1690 cls=0.4716 cme=2.1709 acc=0.9794 cells=158379
[val]   loss=5.2468 eval=2.6179 cls=0.4097 cme=2.2082 acc=0.9744 cells=118036
[ct_train] saved best checkpoint (val_eval_loss=2.6179 val_acc=0.9744)
[ct_train] rechunked train graphs (seed=103)

=== Epoch 103/1000 ===
[train] loss=5.1745 cls=0.4717 cme=2.1733 acc=0.9792 cells=158379
[ct_train] rechunked train graphs (seed=104)

=== Epoch 104/1000 ===
[train] loss=5.1737 cls=0.4719 cme=2.1729 acc=0.9791 cells=158379
[val]   loss=5.2461 eval=2.6174 cls=0.4094 cme=2.2080 acc=0.9745 cells=118036
[ct_train] saved best checkpoint (val_eval_loss=2.6174 val_acc=0.9745)
[ct_train] rechunked train graphs (seed=105)

=== Epoch 105/1000 ===
[train] loss=5.1704 cls=0.4716 cme=2.1716 acc=0.9791 cells=158379
[ct_train] rechunked train graphs (seed=106)

=== Epoch 106/1000 ===
[train] loss=5.1761 cls=0.4721 cme=2.1739 acc=0.9790 cells=158379
[val]   loss=5.2448 eval=2.6169 cls=0.4093 cme=2.2076 acc=0.9746 cells=118036
[ct_train] saved best checkpoint (val_eval_loss=2.6169 val_acc=0.9746)
[ct_train] rechunked train graphs (seed=107)

=== Epoch 107/1000 ===
[train] loss=5.1705 cls=0.4705 cme=2.1721 acc=0.9798 cells=158379
[ct_train] rechunked train graphs (seed=108)

=== Epoch 108/1000 ===
[train] loss=5.1606 cls=0.4700 cme=2.1678 acc=0.9800 cells=158379
[val]   loss=5.2450 eval=2.6170 cls=0.4093 cme=2.2077 acc=0.9746 cells=118036
[ct_train] early_stopping: no improve on val/eval_loss for 1/45 val checks
[ct_train] rechunked train graphs (seed=109)

=== Epoch 109/1000 ===
[train] loss=5.1700 cls=0.4700 cme=2.1721 acc=0.9800 cells=158379
[ct_train] rechunked train graphs (seed=110)

=== Epoch 110/1000 ===
[train] loss=5.1782 cls=0.4688 cme=2.1764 acc=0.9800 cells=158379
[val]   loss=5.2453 eval=2.6170 cls=0.4092 cme=2.2078 acc=0.9746 cells=118036
[ct_train] early_stopping: no improve on val/eval_loss for 2/45 val checks
[ct_train] rechunked train graphs (seed=111)

=== Epoch 111/1000 ===
[train] loss=5.1696 cls=0.4690 cme=2.1724 acc=0.9801 cells=158379
[ct_train] rechunked train graphs (seed=112)

=== Epoch 112/1000 ===
[train] loss=5.1757 cls=0.4701 cme=2.1747 acc=0.9800 cells=158379
[val]   loss=5.2444 eval=2.6166 cls=0.4091 cme=2.2075 acc=0.9747 cells=118036
[ct_train] saved best checkpoint (val_eval_loss=2.6166 val_acc=0.9747)
[ct_train] rechunked train graphs (seed=113)

=== Epoch 113/1000 ===
[train] loss=5.1675 cls=0.4682 cme=2.1718 acc=0.9800 cells=158379
[ct_train] rechunked train graphs (seed=114)

=== Epoch 114/1000 ===
[train] loss=5.1563 cls=0.4681 cme=2.1667 acc=0.9803 cells=158379
[val]   loss=5.2441 eval=2.6164 cls=0.4089 cme=2.2075 acc=0.9747 cells=118036
[ct_train] saved best checkpoint (val_eval_loss=2.6164 val_acc=0.9747)
[ct_train] early_stopping: no improve on val/eval_loss for 1/45 val checks
[ct_train] rechunked train graphs (seed=115)

=== Epoch 115/1000 ===
[train] loss=5.1558 cls=0.4676 cme=2.1667 acc=0.9803 cells=158379
[ct_train] rechunked train graphs (seed=116)

=== Epoch 116/1000 ===
[train] loss=5.1619 cls=0.4683 cme=2.1693 acc=0.9801 cells=158379
[val]   loss=5.2433 eval=2.6160 cls=0.4088 cme=2.2072 acc=0.9749 cells=118036
[ct_train] saved best checkpoint (val_eval_loss=2.6160 val_acc=0.9749)
[ct_train] rechunked train graphs (seed=117)

=== Epoch 117/1000 ===
[train] loss=5.1662 cls=0.4683 cme=2.1711 acc=0.9801 cells=158379
[ct_train] rechunked train graphs (seed=118)

=== Epoch 118/1000 ===
[train] loss=5.1496 cls=0.4669 cme=2.1641 acc=0.9807 cells=158379
[val]   loss=5.2428 eval=2.6158 cls=0.4088 cme=2.2070 acc=0.9749 cells=118036
[ct_train] saved best checkpoint (val_eval_loss=2.6158 val_acc=0.9749)
[ct_train] early_stopping: no improve on val/eval_loss for 1/45 val checks
[ct_train] rechunked train graphs (seed=119)

=== Epoch 119/1000 ===
[train] loss=5.1469 cls=0.4670 cme=2.1629 acc=0.9808 cells=158379
[ct_train] rechunked train graphs (seed=120)

=== Epoch 120/1000 ===
[train] loss=5.1601 cls=0.4672 cme=2.1689 acc=0.9804 cells=158379
[val]   loss=5.2428 eval=2.6157 cls=0.4086 cme=2.2071 acc=0.9750 cells=118036
[ct_train] saved best checkpoint (val_eval_loss=2.6157 val_acc=0.9750)
[ct_train] early_stopping: no improve on val/eval_loss for 2/45 val checks
[ct_train] rechunked train graphs (seed=121)

=== Epoch 121/1000 ===
[train] loss=5.1520 cls=0.4671 cme=2.1651 acc=0.9807 cells=158379
[ct_train] rechunked train graphs (seed=122)

=== Epoch 122/1000 ===
[train] loss=5.1474 cls=0.4662 cme=2.1636 acc=0.9806 cells=158379
[val]   loss=5.2421 eval=2.6154 cls=0.4085 cme=2.2069 acc=0.9748 cells=118036
[ct_train] saved best checkpoint (val_eval_loss=2.6154 val_acc=0.9750)
[ct_train] rechunked train graphs (seed=123)

=== Epoch 123/1000 ===
[train] loss=5.1474 cls=0.4661 cme=2.1635 acc=0.9811 cells=158379
[ct_train] rechunked train graphs (seed=124)

=== Epoch 124/1000 ===
[train] loss=5.1414 cls=0.4655 cme=2.1611 acc=0.9810 cells=158379
[val]   loss=5.2414 eval=2.6150 cls=0.4083 cme=2.2066 acc=0.9749 cells=118036
[ct_train] saved best checkpoint (val_eval_loss=2.6150 val_acc=0.9750)
[ct_train] rechunked train graphs (seed=125)

=== Epoch 125/1000 ===
[train] loss=5.1531 cls=0.4667 cme=2.1658 acc=0.9806 cells=158379
[ct_train] rechunked train graphs (seed=126)

=== Epoch 126/1000 ===
[train] loss=5.1607 cls=0.4659 cme=2.1698 acc=0.9810 cells=158379
[val]   loss=5.2408 eval=2.6147 cls=0.4083 cme=2.2064 acc=0.9751 cells=118036
[ct_train] saved best checkpoint (val_eval_loss=2.6147 val_acc=0.9751)
[ct_train] early_stopping: no improve on val/eval_loss for 1/45 val checks
[ct_train] rechunked train graphs (seed=127)

=== Epoch 127/1000 ===
[train] loss=5.1547 cls=0.4672 cme=2.1663 acc=0.9807 cells=158379
[ct_train] rechunked train graphs (seed=128)

=== Epoch 128/1000 ===
[train] loss=5.1485 cls=0.4645 cme=2.1647 acc=0.9812 cells=158379
[val]   loss=5.2424 eval=2.6154 cls=0.4082 cme=2.2072 acc=0.9749 cells=118036
[ct_train] early_stopping: no improve on val/eval_loss for 2/45 val checks
[ct_train] rechunked train graphs (seed=129)

=== Epoch 129/1000 ===
[train] loss=5.1561 cls=0.4646 cme=2.1682 acc=0.9816 cells=158379
[ct_train] rechunked train graphs (seed=130)

=== Epoch 130/1000 ===
[train] loss=5.1487 cls=0.4645 cme=2.1649 acc=0.9817 cells=158379
[val]   loss=5.2411 eval=2.6148 cls=0.4082 cme=2.2066 acc=0.9751 cells=118036
[ct_train] early_stopping: no improve on val/eval_loss for 3/45 val checks
[ct_train] rechunked train graphs (seed=131)

=== Epoch 131/1000 ===
[train] loss=5.1406 cls=0.4643 cme=2.1612 acc=0.9816 cells=158379
[ct_train] rechunked train graphs (seed=132)

=== Epoch 132/1000 ===
[train] loss=5.1340 cls=0.4638 cme=2.1584 acc=0.9815 cells=158379
[val]   loss=5.2408 eval=2.6145 cls=0.4080 cme=2.2066 acc=0.9751 cells=118036
[ct_train] saved best checkpoint (val_eval_loss=2.6145 val_acc=0.9751)
[ct_train] early_stopping: no improve on val/eval_loss for 4/45 val checks
[ct_train] rechunked train graphs (seed=133)

=== Epoch 133/1000 ===
[train] loss=5.1402 cls=0.4626 cme=2.1618 acc=0.9822 cells=158379
[ct_train] rechunked train graphs (seed=134)

=== Epoch 134/1000 ===
[train] loss=5.1396 cls=0.4632 cme=2.1612 acc=0.9819 cells=158379
[val]   loss=5.2402 eval=2.6144 cls=0.4081 cme=2.2062 acc=0.9751 cells=118036
[ct_train] saved best checkpoint (val_eval_loss=2.6144 val_acc=0.9751)
[ct_train] early_stopping: no improve on val/eval_loss for 5/45 val checks
[ct_train] rechunked train graphs (seed=135)

=== Epoch 135/1000 ===
[train] loss=5.1356 cls=0.4626 cme=2.1598 acc=0.9818 cells=158379
[ct_train] rechunked train graphs (seed=136)

=== Epoch 136/1000 ===
[train] loss=5.1335 cls=0.4617 cme=2.1592 acc=0.9823 cells=158379
[val]   loss=5.2402 eval=2.6144 cls=0.4081 cme=2.2063 acc=0.9751 cells=118036
[ct_train] early_stopping: no improve on val/eval_loss for 6/45 val checks
[ct_train] rechunked train graphs (seed=137)

=== Epoch 137/1000 ===
[train] loss=5.1341 cls=0.4620 cme=2.1594 acc=0.9824 cells=158379
[ct_train] rechunked train graphs (seed=138)

=== Epoch 138/1000 ===
[train] loss=5.1339 cls=0.4610 cme=2.1597 acc=0.9824 cells=158379
[val]   loss=5.2393 eval=2.6140 cls=0.4080 cme=2.2059 acc=0.9751 cells=118036
[ct_train] saved best checkpoint (val_eval_loss=2.6140 val_acc=0.9751)
[ct_train] rechunked train graphs (seed=139)

=== Epoch 139/1000 ===
[train] loss=5.1526 cls=0.4649 cme=2.1665 acc=0.9812 cells=158379
[ct_train] rechunked train graphs (seed=140)

=== Epoch 140/1000 ===
[train] loss=5.1377 cls=0.4621 cme=2.1609 acc=0.9820 cells=158379
[val]   loss=5.2386 eval=2.6135 cls=0.4079 cme=2.2056 acc=0.9752 cells=118036
[ct_train] saved best checkpoint (val_eval_loss=2.6135 val_acc=0.9752)
[ct_train] rechunked train graphs (seed=141)

=== Epoch 141/1000 ===
[train] loss=5.1286 cls=0.4616 cme=2.1570 acc=0.9824 cells=158379
[ct_train] rechunked train graphs (seed=142)

=== Epoch 142/1000 ===
[train] loss=5.1338 cls=0.4611 cme=2.1596 acc=0.9827 cells=158379
[val]   loss=5.2389 eval=2.6137 cls=0.4080 cme=2.2057 acc=0.9751 cells=118036
[ct_train] early_stopping: no improve on val/eval_loss for 1/45 val checks
[ct_train] rechunked train graphs (seed=143)

=== Epoch 143/1000 ===
[train] loss=5.1386 cls=0.4614 cme=2.1617 acc=0.9825 cells=158379
[ct_train] rechunked train graphs (seed=144)

=== Epoch 144/1000 ===
[train] loss=5.1195 cls=0.4604 cme=2.1534 acc=0.9828 cells=158379
[val]   loss=5.2398 eval=2.6142 cls=0.4079 cme=2.2063 acc=0.9752 cells=118036
[ct_train] early_stopping: no improve on val/eval_loss for 2/45 val checks
[ct_train] rechunked train graphs (seed=145)

=== Epoch 145/1000 ===
[train] loss=5.1264 cls=0.4607 cme=2.1565 acc=0.9826 cells=158379
[ct_train] rechunked train graphs (seed=146)

=== Epoch 146/1000 ===
[train] loss=5.1443 cls=0.4608 cme=2.1645 acc=0.9828 cells=158379
[val]   loss=5.2392 eval=2.6139 cls=0.4079 cme=2.2060 acc=0.9752 cells=118036
[ct_train] early_stopping: no improve on val/eval_loss for 3/45 val checks
[ct_train] rechunked train graphs (seed=147)

=== Epoch 147/1000 ===
[train] loss=5.1296 cls=0.4601 cme=2.1582 acc=0.9827 cells=158379
[ct_train] rechunked train graphs (seed=148)

=== Epoch 148/1000 ===
[train] loss=5.1334 cls=0.4598 cme=2.1600 acc=0.9828 cells=158379
[val]   loss=5.2387 eval=2.6137 cls=0.4080 cme=2.2057 acc=0.9753 cells=118036
[ct_train] early_stopping: no improve on val/eval_loss for 4/45 val checks
[ct_train] rechunked train graphs (seed=149)

=== Epoch 149/1000 ===
[train] loss=5.1327 cls=0.4594 cme=2.1599 acc=0.9831 cells=158379
[ct_train] rechunked train graphs (seed=150)

=== Epoch 150/1000 ===
[train] loss=5.1257 cls=0.4587 cme=2.1569 acc=0.9831 cells=158379
[val]   loss=5.2384 eval=2.6135 cls=0.4079 cme=2.2056 acc=0.9753 cells=118036
[ct_train] saved best checkpoint (val_eval_loss=2.6135 val_acc=0.9753)
[ct_train] early_stopping: no improve on val/eval_loss for 5/45 val checks
[ct_train] rechunked train graphs (seed=151)

=== Epoch 151/1000 ===
[train] loss=5.1365 cls=0.4595 cme=2.1616 acc=0.9828 cells=158379
[ct_train] rechunked train graphs (seed=152)

=== Epoch 152/1000 ===
[train] loss=5.1225 cls=0.4583 cme=2.1557 acc=0.9834 cells=158379
[val]   loss=5.2377 eval=2.6132 cls=0.4078 cme=2.2054 acc=0.9755 cells=118036
[ct_train] saved best checkpoint (val_eval_loss=2.6132 val_acc=0.9755)
[ct_train] early_stopping: no improve on val/eval_loss for 6/45 val checks
[ct_train] rechunked train graphs (seed=153)

=== Epoch 153/1000 ===
[train] loss=5.1199 cls=0.4579 cme=2.1548 acc=0.9831 cells=158379
[ct_train] rechunked train graphs (seed=154)

=== Epoch 154/1000 ===
[train] loss=5.1187 cls=0.4588 cme=2.1538 acc=0.9831 cells=158379
[val]   loss=5.2382 eval=2.6135 cls=0.4079 cme=2.2056 acc=0.9755 cells=118036
[ct_train] early_stopping: no improve on val/eval_loss for 7/45 val checks
[ct_train] rechunked train graphs (seed=155)

=== Epoch 155/1000 ===
[train] loss=5.1363 cls=0.4607 cme=2.1609 acc=0.9824 cells=158379
[ct_train] rechunked train graphs (seed=156)

=== Epoch 156/1000 ===
[train] loss=5.1301 cls=0.4584 cme=2.1591 acc=0.9830 cells=158379
[val]   loss=5.2383 eval=2.6136 cls=0.4079 cme=2.2057 acc=0.9757 cells=118036
[ct_train] early_stopping: no improve on val/eval_loss for 8/45 val checks
[ct_train] rechunked train graphs (seed=157)

=== Epoch 157/1000 ===
[train] loss=5.1246 cls=0.4585 cme=2.1565 acc=0.9830 cells=158379
[ct_train] rechunked train graphs (seed=158)

=== Epoch 158/1000 ===
[train] loss=5.1249 cls=0.4576 cme=2.1571 acc=0.9838 cells=158379
[val]   loss=5.2374 eval=2.6131 cls=0.4078 cme=2.2053 acc=0.9756 cells=118036
[ct_train] saved best checkpoint (val_eval_loss=2.6131 val_acc=0.9757)
[ct_train] early_stopping: no improve on val/eval_loss for 9/45 val checks
[ct_train] rechunked train graphs (seed=159)

=== Epoch 159/1000 ===
[train] loss=5.1399 cls=0.4580 cme=2.1639 acc=0.9836 cells=158379
[ct_train] rechunked train graphs (seed=160)

=== Epoch 160/1000 ===
[train] loss=5.1217 cls=0.4571 cme=2.1559 acc=0.9836 cells=158379
[val]   loss=5.2353 eval=2.6122 cls=0.4079 cme=2.2043 acc=0.9756 cells=118036
[ct_train] saved best checkpoint (val_eval_loss=2.6122 val_acc=0.9757)
[ct_train] rechunked train graphs (seed=161)

=== Epoch 161/1000 ===
[train] loss=5.1191 cls=0.4570 cme=2.1548 acc=0.9840 cells=158379
[ct_train] rechunked train graphs (seed=162)

=== Epoch 162/1000 ===
[train] loss=5.1189 cls=0.4566 cme=2.1549 acc=0.9840 cells=158379
[val]   loss=5.2365 eval=2.6129 cls=0.4081 cme=2.2048 acc=0.9757 cells=118036
[ct_train] early_stopping: no improve on val/eval_loss for 1/45 val checks
[ct_train] rechunked train graphs (seed=163)

=== Epoch 163/1000 ===
[train] loss=5.1289 cls=0.4563 cme=2.1595 acc=0.9843 cells=158379
[ct_train] rechunked train graphs (seed=164)

=== Epoch 164/1000 ===
[train] loss=5.1168 cls=0.4563 cme=2.1540 acc=0.9844 cells=158379
[val]   loss=5.2365 eval=2.6129 cls=0.4081 cme=2.2048 acc=0.9758 cells=118036
[ct_train] early_stopping: no improve on val/eval_loss for 2/45 val checks
[ct_train] rechunked train graphs (seed=165)

=== Epoch 165/1000 ===
[train] loss=5.1242 cls=0.4563 cme=2.1574 acc=0.9845 cells=158379
[ct_train] rechunked train graphs (seed=166)

=== Epoch 166/1000 ===
[train] loss=5.1144 cls=0.4564 cme=2.1529 acc=0.9844 cells=158379
[val]   loss=5.2362 eval=2.6128 cls=0.4082 cme=2.2047 acc=0.9757 cells=118036
[ct_train] early_stopping: no improve on val/eval_loss for 3/45 val checks
[ct_train] rechunked train graphs (seed=167)

=== Epoch 167/1000 ===
[train] loss=5.1141 cls=0.4559 cme=2.1530 acc=0.9843 cells=158379
[ct_train] rechunked train graphs (seed=168)

=== Epoch 168/1000 ===
[train] loss=5.1293 cls=0.4558 cme=2.1599 acc=0.9841 cells=158379
[val]   loss=5.2356 eval=2.6126 cls=0.4083 cme=2.2043 acc=0.9755 cells=118036
[ct_train] early_stopping: no improve on val/eval_loss for 4/45 val checks
[ct_train] rechunked train graphs (seed=169)

=== Epoch 169/1000 ===
[train] loss=5.1152 cls=0.4550 cme=2.1539 acc=0.9846 cells=158379
[ct_train] rechunked train graphs (seed=170)

=== Epoch 170/1000 ===
[train] loss=5.1097 cls=0.4556 cme=2.1511 acc=0.9843 cells=158379
[val]   loss=5.2367 eval=2.6130 cls=0.4082 cme=2.2048 acc=0.9758 cells=118036
[ct_train] early_stopping: no improve on val/eval_loss for 5/45 val checks
[ct_train] rechunked train graphs (seed=171)

=== Epoch 171/1000 ===
[train] loss=5.1248 cls=0.4549 cme=2.1584 acc=0.9845 cells=158379
[ct_train] rechunked train graphs (seed=172)

=== Epoch 172/1000 ===
[train] loss=5.1292 cls=0.4550 cme=2.1603 acc=0.9845 cells=158379
[val]   loss=5.2347 eval=2.6121 cls=0.4082 cme=2.2039 acc=0.9758 cells=118036
[ct_train] saved best checkpoint (val_eval_loss=2.6121 val_acc=0.9758)
[ct_train] early_stopping: no improve on val/eval_loss for 6/45 val checks
[ct_train] rechunked train graphs (seed=173)

=== Epoch 173/1000 ===
[train] loss=5.1115 cls=0.4545 cme=2.1524 acc=0.9847 cells=158379
[ct_train] rechunked train graphs (seed=174)

=== Epoch 174/1000 ===
[train] loss=5.1080 cls=0.4547 cme=2.1508 acc=0.9845 cells=158379
[val]   loss=5.2351 eval=2.6124 cls=0.4082 cme=2.2041 acc=0.9757 cells=118036
[ct_train] early_stopping: no improve on val/eval_loss for 7/45 val checks
[ct_train] rechunked train graphs (seed=175)

=== Epoch 175/1000 ===
[train] loss=5.1123 cls=0.4553 cme=2.1523 acc=0.9843 cells=158379
[ct_train] rechunked train graphs (seed=176)

=== Epoch 176/1000 ===
[train] loss=5.1042 cls=0.4542 cme=2.1492 acc=0.9850 cells=158379
[val]   loss=5.2363 eval=2.6130 cls=0.4084 cme=2.2046 acc=0.9757 cells=118036
[ct_train] early_stopping: no improve on val/eval_loss for 8/45 val checks
[ct_train] rechunked train graphs (seed=177)

=== Epoch 177/1000 ===
[train] loss=5.1107 cls=0.4533 cme=2.1526 acc=0.9856 cells=158379
[ct_train] rechunked train graphs (seed=178)

=== Epoch 178/1000 ===
[train] loss=5.1066 cls=0.4540 cme=2.1504 acc=0.9850 cells=158379
[val]   loss=5.2361 eval=2.6130 cls=0.4085 cme=2.2044 acc=0.9757 cells=118036
[ct_train] early_stopping: no improve on val/eval_loss for 9/45 val checks
[ct_train] rechunked train graphs (seed=179)

=== Epoch 179/1000 ===
[train] loss=5.0998 cls=0.4542 cme=2.1472 acc=0.9850 cells=158379
[ct_train] rechunked train graphs (seed=180)

=== Epoch 180/1000 ===
[train] loss=5.1038 cls=0.4537 cme=2.1493 acc=0.9850 cells=158379
[val]   loss=5.2354 eval=2.6127 cls=0.4085 cme=2.2042 acc=0.9756 cells=118036
[ct_train] early_stopping: no improve on val/eval_loss for 10/45 val checks
[ct_train] rechunked train graphs (seed=181)

=== Epoch 181/1000 ===
[train] loss=5.0898 cls=0.4523 cme=2.1436 acc=0.9858 cells=158379
[ct_train] rechunked train graphs (seed=182)

=== Epoch 182/1000 ===
[train] loss=5.1061 cls=0.4529 cme=2.1507 acc=0.9855 cells=158379
[val]   loss=5.2365 eval=2.6133 cls=0.4087 cme=2.2046 acc=0.9757 cells=118036
[ct_train] early_stopping: no improve on val/eval_loss for 11/45 val checks
[ct_train] rechunked train graphs (seed=183)

=== Epoch 183/1000 ===
[train] loss=5.0999 cls=0.4528 cme=2.1478 acc=0.9853 cells=158379
[ct_train] rechunked train graphs (seed=184)

=== Epoch 184/1000 ===
[train] loss=5.0939 cls=0.4514 cme=2.1458 acc=0.9858 cells=158379
[val]   loss=5.2364 eval=2.6131 cls=0.4085 cme=2.2047 acc=0.9757 cells=118036
[ct_train] early_stopping: no improve on val/eval_loss for 12/45 val checks
[ct_train] rechunked train graphs (seed=185)

=== Epoch 185/1000 ===
[train] loss=5.0975 cls=0.4519 cme=2.1472 acc=0.9858 cells=158379
[ct_train] rechunked train graphs (seed=186)

=== Epoch 186/1000 ===
[train] loss=5.0925 cls=0.4516 cme=2.1451 acc=0.9859 cells=158379
[val]   loss=5.2369 eval=2.6134 cls=0.4086 cme=2.2049 acc=0.9758 cells=118036
[ct_train] early_stopping: no improve on val/eval_loss for 13/45 val checks
[ct_train] rechunked train graphs (seed=187)

=== Epoch 187/1000 ===
[train] loss=5.1064 cls=0.4520 cme=2.1513 acc=0.9860 cells=158379
[ct_train] rechunked train graphs (seed=188)

=== Epoch 188/1000 ===
[train] loss=5.1044 cls=0.4523 cme=2.1501 acc=0.9857 cells=158379
[val]   loss=5.2371 eval=2.6136 cls=0.4088 cme=2.2048 acc=0.9758 cells=118036
[ct_train] early_stopping: no improve on val/eval_loss for 14/45 val checks
[ct_train] rechunked train graphs (seed=189)

=== Epoch 189/1000 ===
[train] loss=5.0984 cls=0.4526 cme=2.1473 acc=0.9854 cells=158379
[ct_train] rechunked train graphs (seed=190)

=== Epoch 190/1000 ===
[train] loss=5.0950 cls=0.4513 cme=2.1463 acc=0.9860 cells=158379
[val]   loss=5.2377 eval=2.6140 cls=0.4088 cme=2.2051 acc=0.9758 cells=118036
[ct_train] early_stopping: no improve on val/eval_loss for 15/45 val checks
[ct_train] rechunked train graphs (seed=191)

=== Epoch 191/1000 ===
[train] loss=5.0960 cls=0.4518 cme=2.1466 acc=0.9858 cells=158379
[ct_train] rechunked train graphs (seed=192)

=== Epoch 192/1000 ===
[train] loss=5.0946 cls=0.4509 cme=2.1464 acc=0.9862 cells=158379
[val]   loss=5.2382 eval=2.6142 cls=0.4088 cme=2.2054 acc=0.9757 cells=118036
[ct_train] early_stopping: no improve on val/eval_loss for 16/45 val checks
[ct_train] rechunked train graphs (seed=193)

=== Epoch 193/1000 ===
[train] loss=5.0918 cls=0.4502 cme=2.1454 acc=0.9864 cells=158379
[ct_train] rechunked train graphs (seed=194)

=== Epoch 194/1000 ===
[train] loss=5.0967 cls=0.4504 cme=2.1475 acc=0.9865 cells=158379
[val]   loss=5.2381 eval=2.6142 cls=0.4090 cme=2.2053 acc=0.9757 cells=118036
[ct_train] early_stopping: no improve on val/eval_loss for 17/45 val checks
[ct_train] rechunked train graphs (seed=195)

=== Epoch 195/1000 ===
[train] loss=5.1187 cls=0.4504 cme=2.1576 acc=0.9863 cells=158379
[ct_train] rechunked train graphs (seed=196)

=== Epoch 196/1000 ===
[train] loss=5.1078 cls=0.4497 cme=2.1529 acc=0.9867 cells=158379
[val]   loss=5.2381 eval=2.6143 cls=0.4091 cme=2.2052 acc=0.9757 cells=118036
[ct_train] early_stopping: no improve on val/eval_loss for 18/45 val checks
[ct_train] rechunked train graphs (seed=197)

=== Epoch 197/1000 ===
[train] loss=5.1025 cls=0.4503 cme=2.1502 acc=0.9863 cells=158379
[ct_train] rechunked train graphs (seed=198)

=== Epoch 198/1000 ===
[train] loss=5.0883 cls=0.4502 cme=2.1438 acc=0.9864 cells=158379
[val]   loss=5.2386 eval=2.6146 cls=0.4092 cme=2.2054 acc=0.9757 cells=118036
[ct_train] early_stopping: no improve on val/eval_loss for 19/45 val checks
[ct_train] rechunked train graphs (seed=199)

=== Epoch 199/1000 ===
[train] loss=5.0911 cls=0.4500 cme=2.1451 acc=0.9863 cells=158379
[ct_train] rechunked train graphs (seed=200)

=== Epoch 200/1000 ===
[train] loss=5.0946 cls=0.4496 cme=2.1470 acc=0.9867 cells=158379
[val]   loss=5.2399 eval=2.6153 cls=0.4094 cme=2.2060 acc=0.9756 cells=118036
[ct_train] early_stopping: no improve on val/eval_loss for 20/45 val checks
[ct_train] rechunked train graphs (seed=201)

=== Epoch 201/1000 ===
[train] loss=5.0899 cls=0.4496 cme=2.1448 acc=0.9864 cells=158379
[ct_train] rechunked train graphs (seed=202)

=== Epoch 202/1000 ===
[train] loss=5.0977 cls=0.4494 cme=2.1484 acc=0.9867 cells=158379
[val]   loss=5.2405 eval=2.6156 cls=0.4094 cme=2.2062 acc=0.9757 cells=118036
[ct_train] early_stopping: no improve on val/eval_loss for 21/45 val checks
[ct_train] rechunked train graphs (seed=203)

=== Epoch 203/1000 ===
[train] loss=5.0946 cls=0.4498 cme=2.1468 acc=0.9865 cells=158379
[ct_train] rechunked train graphs (seed=204)

=== Epoch 204/1000 ===
[train] loss=5.1041 cls=0.4510 cme=2.1507 acc=0.9861 cells=158379
[val]   loss=5.2403 eval=2.6156 cls=0.4096 cme=2.2061 acc=0.9757 cells=118036
[ct_train] early_stopping: no improve on val/eval_loss for 22/45 val checks
[ct_train] rechunked train graphs (seed=205)

=== Epoch 205/1000 ===
[train] loss=5.0849 cls=0.4494 cme=2.1426 acc=0.9865 cells=158379
[ct_train] rechunked train graphs (seed=206)

=== Epoch 206/1000 ===
[train] loss=5.0929 cls=0.4501 cme=2.1460 acc=0.9864 cells=158379
[val]   loss=5.2405 eval=2.6157 cls=0.4096 cme=2.2062 acc=0.9757 cells=118036
[ct_train] early_stopping: no improve on val/eval_loss for 23/45 val checks
[ct_train] rechunked train graphs (seed=207)

=== Epoch 207/1000 ===
[train] loss=5.0828 cls=0.4481 cme=2.1422 acc=0.9870 cells=158379
[ct_train] rechunked train graphs (seed=208)

=== Epoch 208/1000 ===
[train] loss=5.0837 cls=0.4486 cme=2.1425 acc=0.9871 cells=158379
[val]   loss=5.2398 eval=2.6154 cls=0.4096 cme=2.2058 acc=0.9757 cells=118036
[ct_train] early_stopping: no improve on val/eval_loss for 24/45 val checks
[ct_train] rechunked train graphs (seed=209)

=== Epoch 209/1000 ===
[train] loss=5.0937 cls=0.4484 cme=2.1471 acc=0.9872 cells=158379
[ct_train] rechunked train graphs (seed=210)

=== Epoch 210/1000 ===
[train] loss=5.0976 cls=0.4489 cme=2.1485 acc=0.9869 cells=158379
[val]   loss=5.2405 eval=2.6157 cls=0.4095 cme=2.2062 acc=0.9757 cells=118036
[ct_train] early_stopping: no improve on val/eval_loss for 25/45 val checks
[ct_train] rechunked train graphs (seed=211)

=== Epoch 211/1000 ===
[train] loss=5.0783 cls=0.4481 cme=2.1401 acc=0.9869 cells=158379
[ct_train] rechunked train graphs (seed=212)

=== Epoch 212/1000 ===
[train] loss=5.0839 cls=0.4476 cme=2.1430 acc=0.9872 cells=158379
[val]   loss=5.2403 eval=2.6157 cls=0.4096 cme=2.2061 acc=0.9757 cells=118036
[ct_train] early_stopping: no improve on val/eval_loss for 26/45 val checks
[ct_train] rechunked train graphs (seed=213)

=== Epoch 213/1000 ===
[train] loss=5.0855 cls=0.4477 cme=2.1437 acc=0.9874 cells=158379
[ct_train] rechunked train graphs (seed=214)

=== Epoch 214/1000 ===
[train] loss=5.0716 cls=0.4467 cme=2.1378 acc=0.9874 cells=158379
[val]   loss=5.2401 eval=2.6157 cls=0.4099 cme=2.2059 acc=0.9756 cells=118036
[ct_train] early_stopping: no improve on val/eval_loss for 27/45 val checks
[ct_train] rechunked train graphs (seed=215)

=== Epoch 215/1000 ===
[train] loss=5.0764 cls=0.4475 cme=2.1396 acc=0.9870 cells=158379
[ct_train] rechunked train graphs (seed=216)

=== Epoch 216/1000 ===
[train] loss=5.0781 cls=0.4465 cme=2.1408 acc=0.9878 cells=158379
[val]   loss=5.2397 eval=2.6157 cls=0.4101 cme=2.2056 acc=0.9755 cells=118036
[ct_train] early_stopping: no improve on val/eval_loss for 28/45 val checks
[ct_train] rechunked train graphs (seed=217)

=== Epoch 217/1000 ===
[train] loss=5.0817 cls=0.4462 cme=2.1426 acc=0.9880 cells=158379
[ct_train] rechunked train graphs (seed=218)

=== Epoch 218/1000 ===
[train] loss=5.0772 cls=0.4464 cme=2.1404 acc=0.9878 cells=158379
[val]   loss=5.2400 eval=2.6159 cls=0.4103 cme=2.2056 acc=0.9755 cells=118036
[ct_train] early_stopping: no improve on val/eval_loss for 29/45 val checks
[ct_train] rechunked train graphs (seed=219)

=== Epoch 219/1000 ===
[train] loss=5.0813 cls=0.4472 cme=2.1420 acc=0.9878 cells=158379
[ct_train] rechunked train graphs (seed=220)

=== Epoch 220/1000 ===
[train] loss=5.0816 cls=0.4463 cme=2.1425 acc=0.9880 cells=158379
[val]   loss=5.2410 eval=2.6164 cls=0.4103 cme=2.2061 acc=0.9755 cells=118036
[ct_train] early_stopping: no improve on val/eval_loss for 30/45 val checks
[ct_train] rechunked train graphs (seed=221)

=== Epoch 221/1000 ===
[train] loss=5.0728 cls=0.4465 cme=2.1385 acc=0.9876 cells=158379
[ct_train] rechunked train graphs (seed=222)

=== Epoch 222/1000 ===
[train] loss=5.0786 cls=0.4460 cme=2.1412 acc=0.9880 cells=158379
[val]   loss=5.2427 eval=2.6173 cls=0.4105 cme=2.2068 acc=0.9754 cells=118036
[ct_train] early_stopping: no improve on val/eval_loss for 31/45 val checks
[ct_train] rechunked train graphs (seed=223)

=== Epoch 223/1000 ===
[train] loss=5.0678 cls=0.4449 cme=2.1369 acc=0.9886 cells=158379
[ct_train] rechunked train graphs (seed=224)

=== Epoch 224/1000 ===
[train] loss=5.0647 cls=0.4459 cme=2.1350 acc=0.9881 cells=158379
[val]   loss=5.2437 eval=2.6180 cls=0.4108 cme=2.2071 acc=0.9754 cells=118036
[ct_train] early_stopping: no improve on val/eval_loss for 32/45 val checks
[ct_train] rechunked train graphs (seed=225)

=== Epoch 225/1000 ===
[train] loss=5.0602 cls=0.4450 cme=2.1333 acc=0.9882 cells=158379
[ct_train] rechunked train graphs (seed=226)

=== Epoch 226/1000 ===
[train] loss=5.0676 cls=0.4455 cme=2.1365 acc=0.9880 cells=158379
[val]   loss=5.2446 eval=2.6185 cls=0.4109 cme=2.2075 acc=0.9755 cells=118036
[ct_train] early_stopping: no improve on val/eval_loss for 33/45 val checks
[ct_train] rechunked train graphs (seed=227)

=== Epoch 227/1000 ===
[train] loss=5.0739 cls=0.4456 cme=2.1393 acc=0.9881 cells=158379
[ct_train] rechunked train graphs (seed=228)

=== Epoch 228/1000 ===
[train] loss=5.0775 cls=0.4449 cme=2.1412 acc=0.9884 cells=158379
[val]   loss=5.2441 eval=2.6183 cls=0.4110 cme=2.2073 acc=0.9754 cells=118036
[ct_train] early_stopping: no improve on val/eval_loss for 34/45 val checks
[ct_train] rechunked train graphs (seed=229)

=== Epoch 229/1000 ===
[train] loss=5.0734 cls=0.4447 cme=2.1395 acc=0.9888 cells=158379
[ct_train] rechunked train graphs (seed=230)

=== Epoch 230/1000 ===
[train] loss=5.0884 cls=0.4455 cme=2.1460 acc=0.9883 cells=158379
[val]   loss=5.2447 eval=2.6187 cls=0.4112 cme=2.2075 acc=0.9753 cells=118036
[ct_train] early_stopping: no improve on val/eval_loss for 35/45 val checks
[ct_train] rechunked train graphs (seed=231)

=== Epoch 231/1000 ===
[train] loss=5.0730 cls=0.4444 cme=2.1395 acc=0.9885 cells=158379
[ct_train] rechunked train graphs (seed=232)

=== Epoch 232/1000 ===
[train] loss=5.0695 cls=0.4445 cme=2.1378 acc=0.9885 cells=158379
[val]   loss=5.2450 eval=2.6188 cls=0.4111 cme=2.2076 acc=0.9755 cells=118036
[ct_train] early_stopping: no improve on val/eval_loss for 36/45 val checks
[ct_train] rechunked train graphs (seed=233)

=== Epoch 233/1000 ===
[train] loss=5.0669 cls=0.4447 cme=2.1365 acc=0.9881 cells=158379
[ct_train] rechunked train graphs (seed=234)

=== Epoch 234/1000 ===
[train] loss=5.0667 cls=0.4450 cme=2.1363 acc=0.9884 cells=158379
[val]   loss=5.2467 eval=2.6196 cls=0.4112 cme=2.2084 acc=0.9755 cells=118036
[ct_train] early_stopping: no improve on val/eval_loss for 37/45 val checks
[ct_train] rechunked train graphs (seed=235)

=== Epoch 235/1000 ===
[train] loss=5.0634 cls=0.4446 cme=2.1350 acc=0.9887 cells=158379
[ct_train] rechunked train graphs (seed=236)

=== Epoch 236/1000 ===
[train] loss=5.0755 cls=0.4439 cme=2.1408 acc=0.9888 cells=158379
[val]   loss=5.2471 eval=2.6198 cls=0.4113 cme=2.2085 acc=0.9755 cells=118036
[ct_train] early_stopping: no improve on val/eval_loss for 38/45 val checks
[ct_train] rechunked train graphs (seed=237)

=== Epoch 237/1000 ===
[train] loss=5.0607 cls=0.4439 cme=2.1340 acc=0.9889 cells=158379
[ct_train] rechunked train graphs (seed=238)

=== Epoch 238/1000 ===
[train] loss=5.0687 cls=0.4427 cme=2.1382 acc=0.9890 cells=158379
[val]   loss=5.2485 eval=2.6205 cls=0.4114 cme=2.2091 acc=0.9755 cells=118036
[ct_train] early_stopping: no improve on val/eval_loss for 39/45 val checks
[ct_train] rechunked train graphs (seed=239)

=== Epoch 239/1000 ===
[train] loss=5.0697 cls=0.4433 cme=2.1384 acc=0.9891 cells=158379
[ct_train] rechunked train graphs (seed=240)

=== Epoch 240/1000 ===
[train] loss=5.0639 cls=0.4434 cme=2.1357 acc=0.9890 cells=158379
[val]   loss=5.2480 eval=2.6203 cls=0.4115 cme=2.2088 acc=0.9755 cells=118036
[ct_train] early_stopping: no improve on val/eval_loss for 40/45 val checks
[ct_train] rechunked train graphs (seed=241)

=== Epoch 241/1000 ===
[train] loss=5.0650 cls=0.4437 cme=2.1361 acc=0.9891 cells=158379
[ct_train] rechunked train graphs (seed=242)

=== Epoch 242/1000 ===
[train] loss=5.0759 cls=0.4434 cme=2.1412 acc=0.9889 cells=158379
[val]   loss=5.2489 eval=2.6208 cls=0.4115 cme=2.2093 acc=0.9755 cells=118036
[ct_train] early_stopping: no improve on val/eval_loss for 41/45 val checks
[ct_train] rechunked train graphs (seed=243)

=== Epoch 243/1000 ===
[train] loss=5.0552 cls=0.4429 cme=2.1319 acc=0.9894 cells=158379
[ct_train] rechunked train graphs (seed=244)

=== Epoch 244/1000 ===
[train] loss=5.0726 cls=0.4438 cme=2.1396 acc=0.9887 cells=158379
[val]   loss=5.2489 eval=2.6208 cls=0.4115 cme=2.2093 acc=0.9755 cells=118036
[ct_train] early_stopping: no improve on val/eval_loss for 42/45 val checks
[ct_train] rechunked train graphs (seed=245)

=== Epoch 245/1000 ===
[train] loss=5.0555 cls=0.4427 cme=2.1321 acc=0.9893 cells=158379
[ct_train] rechunked train graphs (seed=246)

=== Epoch 246/1000 ===
[train] loss=5.0701 cls=0.4428 cme=2.1388 acc=0.9894 cells=158379
[val]   loss=5.2498 eval=2.6214 cls=0.4119 cme=2.2095 acc=0.9753 cells=118036
[ct_train] early_stopping: no improve on val/eval_loss for 43/45 val checks
[ct_train] rechunked train graphs (seed=247)

=== Epoch 247/1000 ===
[train] loss=5.0521 cls=0.4420 cme=2.1310 acc=0.9894 cells=158379
[ct_train] rechunked train graphs (seed=248)

=== Epoch 248/1000 ===
[train] loss=5.0681 cls=0.4429 cme=2.1378 acc=0.9894 cells=158379
[val]   loss=5.2510 eval=2.6221 cls=0.4123 cme=2.2099 acc=0.9753 cells=118036
[ct_train] early_stopping: no improve on val/eval_loss for 44/45 val checks
[ct_train] rechunked train graphs (seed=249)

=== Epoch 249/1000 ===
[train] loss=5.0521 cls=0.4427 cme=2.1307 acc=0.9891 cells=158379
[ct_train] rechunked train graphs (seed=250)

=== Epoch 250/1000 ===
[train] loss=5.0587 cls=0.4419 cme=2.1340 acc=0.9896 cells=158379
[val]   loss=5.2530 eval=2.6230 cls=0.4122 cme=2.2108 acc=0.9754 cells=118036
[ct_train] early_stopping: no improve on val/eval_loss for 45/45 val checks
[ct_train] early stopping at epoch 250 (patience=45, monitor=val/eval_loss)

[ct_train] done. best_val_acc=0.9758  best_val_eval_loss=2.6121  checkpoints=/home/abel/code/Tissue-Reassembly-using-GenAI-and-new-metrics/exploration/cell_types/outputs/exp156_cme_cond_cls  logs=/home/abel/code/Tissue-Reassembly-using-GenAI-and-new-metrics/exploration/cell_types/logs/exp156_cme_cond_cls/20260808_082455
wandb: updating run metadata
wandb: uploading output.log; uploading wandb-summary.json; uploading config.yaml
wandb: uploading output.log
wandb: 
wandb: Run summary:
wandb:                      best_epoch 172
wandb:                    best_val_acc 0.97582
wandb:              best_val_eval_loss 2.61212
wandb:                           epoch 250
wandb:                              lr 0.00018
wandb:           model/parameter_count 1312714
wandb: model/trainable_parameter_count 1312714
wandb:                       train/acc 0.98956
wandb:       train/acc_per_class/Astro 0.99436
wandb:        train/acc_per_class/Endo 0.98695
wandb:                             +54 ...
wandb: 
wandb:  View run exp156_cme_cond_cls at: https://wandb.ai/abel-salmona-polytechnique-montr-al/cell_types/runs/07njug22
wandb:  View project at: https://wandb.ai/abel-salmona-polytechnique-montr-al/cell_types
wandb: Synced 5 W&B file(s), 1 media file(s), 2 artifact file(s) and 1 other file(s)
wandb: Find logs at: ./exploration/cell_types/logs/exp156_cme_cond_cls/20260808_082455/wandb/run-20260808_082503-07njug22/logs
