[ct_train] config=exploration/cell_types/experiments/configs/exp015_lr3e4.json
[ct_train] device=cuda  checkpoints=/home/abel/code/Tissue-Reassembly-using-GenAI-and-new-metrics/exploration/cell_types/outputs/exp015_lr3e4
[ct_train] logs=/home/abel/code/Tissue-Reassembly-using-GenAI-and-new-metrics/exploration/cell_types/logs/exp015_lr3e4/20260807_203956
[ct_train] Loading data …
[DataModule] Reading '/home/abel/biodata/MERFISH_LUNA_small_cortex/MERFISH_mouse_cortex_train.csv' (split=train) with float32 dtype on 254 gene cols + coord cols …
[DataModule] Loaded 158,379 rows for split=train.
[DataModule] Reading '/home/abel/biodata/MERFISH_LUNA_small_cortex/MERFISH_mouse_cortex_test.csv' (split=test) with float32 dtype on 254 gene cols + coord cols …
[DataModule] Loaded 118,036 rows for split=test.
[DataModule] Reading '/home/abel/biodata/MERFISH_LUNA_small_cortex/MERFISH_mouse_cortex_test.csv' (split=validation) with float32 dtype on 254 gene cols + coord cols …
[DataModule] Loaded 118,036 rows for split=validation.
[ct_train] genes=254  classes=23
[ct_train] model predict_cme=True  params=1,036,124
[ct_train] soft CME loaded split=train sigma=96.0 n=158379 C=23
[ct_train] soft CME loaded split=validation sigma=96.0 n=118036 C=23
wandb: [wandb.login()] Loaded credentials for https://api.wandb.ai from /home/abel/.netrc.
wandb: Currently logged in as: abel-salmona (abel-salmona-polytechnique-montr-al) to https://api.wandb.ai. Use `wandb login --relogin` to force relogin
wandb: WARNING Using a boolean value for 'reinit' is deprecated. Use 'return_previous' or 'finish_previous' instead.
wandb: setting up run 78lcazz5
wandb: Tracking run with wandb version 0.26.1
wandb: Run data is saved locally in /home/abel/code/Tissue-Reassembly-using-GenAI-and-new-metrics/exploration/cell_types/logs/exp015_lr3e4/20260807_203956/wandb/run-20260807_204004-78lcazz5
wandb: Run `wandb offline` to turn off syncing.
wandb: Syncing run exp015_lr3e4
wandb:  View project at https://wandb.ai/abel-salmona-polytechnique-montr-al/cell_types
wandb:  View run at https://wandb.ai/abel-salmona-polytechnique-montr-al/cell_types/runs/78lcazz5
wandb: WARNING Saving files without folders. If you want to preserve subdirectories pass base_path to wandb.save, i.e. wandb.save("/mnt/folder/file.h5", base_path="/mnt")
wandb: WARNING Symlinked 1 file into the W&B run directory; call wandb.save again to sync new files.
[ct_train] wandb: project=cell_types name=exp015_lr3e4 mode=online url=https://wandb.ai/abel-salmona-polytechnique-montr-al/cell_types/runs/78lcazz5
[ct_train] parameters: total=1,036,124 trainable=1,036,124
  [params] mlp_in_node_features: 26,720
  [params] transformer_layers: 633,600
  [params] type_stage1: 19,072
  [params] env_stage1: 74,560
  [params] type_probe: 1,495
  [params] env_probe: 5,911
  [params] fusion_mlp: 173,728
  [params] type_stage2: 20,567
  [params] env_stage2: 80,471
[ct_train] rechunked train graphs (seed=1)

=== Epoch 1/1000 ===
[train] loss=10.0840 cls=2.8430 cme=2.8501 acc=0.2051 cells=158379
[ct_train] rechunked train graphs (seed=2)

=== Epoch 2/1000 ===
[train] loss=8.5512 cls=2.0535 cme=2.6055 acc=0.5661 cells=158379
[val]   loss=7.5491 eval=3.9729 cls=1.4647 cme=2.5081 acc=0.7330 cells=118036
[ct_train] saved best checkpoint (val_eval_loss=3.9729 val_acc=0.7330)
[ct_train] rechunked train graphs (seed=3)

=== Epoch 3/1000 ===
[train] loss=7.4162 cls=1.4576 cme=2.4744 acc=0.7320 cells=158379
[ct_train] rechunked train graphs (seed=4)

=== Epoch 4/1000 ===
[train] loss=6.7013 cls=1.0975 cme=2.4164 acc=0.8118 cells=158379
[val]   loss=6.1684 eval=3.1792 cls=0.7842 cme=2.3950 acc=0.8792 cells=118036
[ct_train] saved best checkpoint (val_eval_loss=3.1792 val_acc=0.8792)
[ct_train] rechunked train graphs (seed=5)

=== Epoch 5/1000 ===
[train] loss=6.2652 cls=0.8815 cme=2.3857 acc=0.8659 cells=158379
[ct_train] rechunked train graphs (seed=6)

=== Epoch 6/1000 ===
[train] loss=5.9746 cls=0.7514 cme=2.3595 acc=0.9031 cells=158379
[val]   loss=5.6638 eval=2.9235 cls=0.5732 cme=2.3503 acc=0.9408 cells=118036
[ct_train] saved best checkpoint (val_eval_loss=2.9235 val_acc=0.9408)
[ct_train] rechunked train graphs (seed=7)

=== Epoch 7/1000 ===
[train] loss=5.7947 cls=0.6766 cme=2.3437 acc=0.9248 cells=158379
[ct_train] rechunked train graphs (seed=8)

=== Epoch 8/1000 ===
[train] loss=5.6682 cls=0.6306 cme=2.3280 acc=0.9381 cells=158379
[val]   loss=5.4592 eval=2.8354 cls=0.5123 cme=2.3231 acc=0.9539 cells=118036
[ct_train] saved best checkpoint (val_eval_loss=2.8354 val_acc=0.9539)
[ct_train] rechunked train graphs (seed=9)

=== Epoch 9/1000 ===
[train] loss=5.5951 cls=0.6041 cme=2.3206 acc=0.9432 cells=158379
[ct_train] rechunked train graphs (seed=10)

=== Epoch 10/1000 ===
[train] loss=5.5290 cls=0.5838 cme=2.3085 acc=0.9482 cells=158379
[val]   loss=5.3653 eval=2.7948 cls=0.4892 cme=2.3055 acc=0.9590 cells=118036
[ct_train] saved best checkpoint (val_eval_loss=2.7948 val_acc=0.9590)
[ct_train] rechunked train graphs (seed=11)

=== Epoch 11/1000 ===
[train] loss=5.4846 cls=0.5688 cme=2.3016 acc=0.9512 cells=158379
[ct_train] rechunked train graphs (seed=12)

=== Epoch 12/1000 ===
[train] loss=5.4504 cls=0.5566 cme=2.2957 acc=0.9539 cells=158379
[val]   loss=5.3207 eval=2.7736 cls=0.4777 cme=2.2959 acc=0.9607 cells=118036
[ct_train] saved best checkpoint (val_eval_loss=2.7736 val_acc=0.9607)
[ct_train] rechunked train graphs (seed=13)

=== Epoch 13/1000 ===
[train] loss=5.4151 cls=0.5479 cme=2.2865 acc=0.9559 cells=158379
[ct_train] rechunked train graphs (seed=14)

=== Epoch 14/1000 ===
[train] loss=5.3934 cls=0.5395 cme=2.2828 acc=0.9575 cells=158379
[val]   loss=5.2766 eval=2.7513 cls=0.4692 cme=2.2821 acc=0.9626 cells=118036
[ct_train] saved best checkpoint (val_eval_loss=2.7513 val_acc=0.9626)
[ct_train] rechunked train graphs (seed=15)

=== Epoch 15/1000 ===
[train] loss=5.3780 cls=0.5330 cme=2.2811 acc=0.9584 cells=158379
[ct_train] rechunked train graphs (seed=16)

=== Epoch 16/1000 ===
[train] loss=5.3531 cls=0.5261 cme=2.2744 acc=0.9604 cells=158379
[val]   loss=5.2488 eval=2.7357 cls=0.4615 cme=2.2742 acc=0.9645 cells=118036
[ct_train] saved best checkpoint (val_eval_loss=2.7357 val_acc=0.9645)
[ct_train] rechunked train graphs (seed=17)

=== Epoch 17/1000 ===
[train] loss=5.3367 cls=0.5220 cme=2.2695 acc=0.9610 cells=158379
[ct_train] rechunked train graphs (seed=18)

=== Epoch 18/1000 ===
[train] loss=5.3219 cls=0.5176 cme=2.2657 acc=0.9620 cells=158379
[val]   loss=5.2269 eval=2.7237 cls=0.4559 cme=2.2678 acc=0.9668 cells=118036
[ct_train] saved best checkpoint (val_eval_loss=2.7237 val_acc=0.9668)
[ct_train] rechunked train graphs (seed=19)

=== Epoch 19/1000 ===
[train] loss=5.3053 cls=0.5118 cme=2.2620 acc=0.9630 cells=158379
[ct_train] rechunked train graphs (seed=20)

=== Epoch 20/1000 ===
[train] loss=5.2911 cls=0.5083 cme=2.2579 acc=0.9639 cells=158379
[val]   loss=5.2166 eval=2.7182 cls=0.4513 cme=2.2669 acc=0.9672 cells=118036
[ct_train] saved best checkpoint (val_eval_loss=2.7182 val_acc=0.9672)
[ct_train] rechunked train graphs (seed=21)

=== Epoch 21/1000 ===
[train] loss=5.2851 cls=0.5050 cme=2.2575 acc=0.9651 cells=158379
[ct_train] rechunked train graphs (seed=22)

=== Epoch 22/1000 ===
[train] loss=5.2682 cls=0.5010 cme=2.2523 acc=0.9655 cells=158379
[val]   loss=5.1978 eval=2.7087 cls=0.4496 cme=2.2591 acc=0.9680 cells=118036
[ct_train] saved best checkpoint (val_eval_loss=2.7087 val_acc=0.9680)
[ct_train] rechunked train graphs (seed=23)

=== Epoch 23/1000 ===
[train] loss=5.2618 cls=0.4984 cme=2.2511 acc=0.9664 cells=158379
[ct_train] rechunked train graphs (seed=24)

=== Epoch 24/1000 ===
[train] loss=5.2549 cls=0.4946 cme=2.2506 acc=0.9671 cells=158379
[val]   loss=5.1836 eval=2.7008 cls=0.4445 cme=2.2563 acc=0.9694 cells=118036
[ct_train] saved best checkpoint (val_eval_loss=2.7008 val_acc=0.9694)
[ct_train] rechunked train graphs (seed=25)

=== Epoch 25/1000 ===
[train] loss=5.2379 cls=0.4928 cme=2.2439 acc=0.9678 cells=158379
[ct_train] rechunked train graphs (seed=26)

=== Epoch 26/1000 ===
[train] loss=5.2313 cls=0.4884 cme=2.2438 acc=0.9687 cells=158379
[val]   loss=5.1718 eval=2.6942 cls=0.4420 cme=2.2523 acc=0.9703 cells=118036
[ct_train] saved best checkpoint (val_eval_loss=2.6942 val_acc=0.9703)
[ct_train] rechunked train graphs (seed=27)

=== Epoch 27/1000 ===
[train] loss=5.2221 cls=0.4871 cme=2.2404 acc=0.9690 cells=158379
[ct_train] rechunked train graphs (seed=28)

=== Epoch 28/1000 ===
[train] loss=5.2137 cls=0.4840 cme=2.2384 acc=0.9701 cells=158379
[val]   loss=5.1670 eval=2.6912 cls=0.4411 cme=2.2501 acc=0.9703 cells=118036
[ct_train] saved best checkpoint (val_eval_loss=2.6912 val_acc=0.9703)
[ct_train] rechunked train graphs (seed=29)

=== Epoch 29/1000 ===
[train] loss=5.2140 cls=0.4838 cme=2.2390 acc=0.9701 cells=158379
[ct_train] rechunked train graphs (seed=30)

=== Epoch 30/1000 ===
[train] loss=5.2027 cls=0.4796 cme=2.2364 acc=0.9709 cells=158379
[val]   loss=5.1646 eval=2.6902 cls=0.4394 cme=2.2508 acc=0.9713 cells=118036
[ct_train] saved best checkpoint (val_eval_loss=2.6902 val_acc=0.9713)
[ct_train] rechunked train graphs (seed=31)

=== Epoch 31/1000 ===
[train] loss=5.1996 cls=0.4795 cme=2.2351 acc=0.9710 cells=158379
[ct_train] rechunked train graphs (seed=32)

=== Epoch 32/1000 ===
[train] loss=5.1999 cls=0.4785 cme=2.2362 acc=0.9711 cells=158379
[val]   loss=5.1519 eval=2.6826 cls=0.4367 cme=2.2459 acc=0.9718 cells=118036
[ct_train] saved best checkpoint (val_eval_loss=2.6826 val_acc=0.9718)
[ct_train] rechunked train graphs (seed=33)

=== Epoch 33/1000 ===
[train] loss=5.1879 cls=0.4754 cme=2.2326 acc=0.9720 cells=158379
[ct_train] rechunked train graphs (seed=34)

=== Epoch 34/1000 ===
[train] loss=5.1868 cls=0.4741 cme=2.2329 acc=0.9722 cells=158379
[val]   loss=5.1474 eval=2.6804 cls=0.4352 cme=2.2452 acc=0.9721 cells=118036
[ct_train] saved best checkpoint (val_eval_loss=2.6804 val_acc=0.9721)
[ct_train] rechunked train graphs (seed=35)

=== Epoch 35/1000 ===
[train] loss=5.1780 cls=0.4731 cme=2.2294 acc=0.9724 cells=158379
[ct_train] rechunked train graphs (seed=36)

=== Epoch 36/1000 ===
[train] loss=5.1726 cls=0.4719 cme=2.2277 acc=0.9726 cells=158379
[val]   loss=5.1400 eval=2.6767 cls=0.4343 cme=2.2424 acc=0.9724 cells=118036
[ct_train] saved best checkpoint (val_eval_loss=2.6767 val_acc=0.9724)
[ct_train] rechunked train graphs (seed=37)

=== Epoch 37/1000 ===
[train] loss=5.1663 cls=0.4701 cme=2.2258 acc=0.9730 cells=158379
[ct_train] rechunked train graphs (seed=38)

=== Epoch 38/1000 ===
[train] loss=5.1622 cls=0.4686 cme=2.2251 acc=0.9736 cells=158379
[val]   loss=5.1330 eval=2.6725 cls=0.4329 cme=2.2396 acc=0.9731 cells=118036
[ct_train] saved best checkpoint (val_eval_loss=2.6725 val_acc=0.9731)
[ct_train] rechunked train graphs (seed=39)

=== Epoch 39/1000 ===
[train] loss=5.1609 cls=0.4677 cme=2.2249 acc=0.9737 cells=158379
[ct_train] rechunked train graphs (seed=40)

=== Epoch 40/1000 ===
[train] loss=5.1548 cls=0.4650 cme=2.2239 acc=0.9744 cells=158379
[val]   loss=5.1295 eval=2.6705 cls=0.4306 cme=2.2399 acc=0.9732 cells=118036
[ct_train] saved best checkpoint (val_eval_loss=2.6705 val_acc=0.9732)
[ct_train] rechunked train graphs (seed=41)

=== Epoch 41/1000 ===
[train] loss=5.1522 cls=0.4643 cme=2.2232 acc=0.9747 cells=158379
[ct_train] rechunked train graphs (seed=42)

=== Epoch 42/1000 ===
[train] loss=5.1475 cls=0.4631 cme=2.2220 acc=0.9746 cells=158379
[val]   loss=5.1234 eval=2.6674 cls=0.4301 cme=2.2374 acc=0.9734 cells=118036
[ct_train] saved best checkpoint (val_eval_loss=2.6674 val_acc=0.9734)
[ct_train] rechunked train graphs (seed=43)

=== Epoch 43/1000 ===
[train] loss=5.1405 cls=0.4623 cme=2.2191 acc=0.9748 cells=158379
[ct_train] rechunked train graphs (seed=44)

=== Epoch 44/1000 ===
[train] loss=5.1442 cls=0.4619 cme=2.2215 acc=0.9753 cells=158379
[val]   loss=5.1221 eval=2.6662 cls=0.4293 cme=2.2369 acc=0.9738 cells=118036
[ct_train] saved best checkpoint (val_eval_loss=2.6662 val_acc=0.9738)
[ct_train] rechunked train graphs (seed=45)

=== Epoch 45/1000 ===
[train] loss=5.1403 cls=0.4605 cme=2.2205 acc=0.9750 cells=158379
[ct_train] rechunked train graphs (seed=46)

=== Epoch 46/1000 ===
[train] loss=5.1295 cls=0.4590 cme=2.2162 acc=0.9760 cells=158379
[val]   loss=5.1198 eval=2.6651 cls=0.4275 cme=2.2377 acc=0.9740 cells=118036
[ct_train] saved best checkpoint (val_eval_loss=2.6651 val_acc=0.9740)
[ct_train] rechunked train graphs (seed=47)

=== Epoch 47/1000 ===
[train] loss=5.1247 cls=0.4568 cme=2.2153 acc=0.9761 cells=158379
[ct_train] rechunked train graphs (seed=48)

=== Epoch 48/1000 ===
[train] loss=5.1307 cls=0.4570 cme=2.2185 acc=0.9761 cells=158379
[val]   loss=5.1176 eval=2.6638 cls=0.4274 cme=2.2363 acc=0.9740 cells=118036
[ct_train] saved best checkpoint (val_eval_loss=2.6638 val_acc=0.9740)
[ct_train] rechunked train graphs (seed=49)

=== Epoch 49/1000 ===
[train] loss=5.1195 cls=0.4555 cme=2.2138 acc=0.9764 cells=158379
[ct_train] rechunked train graphs (seed=50)

=== Epoch 50/1000 ===
[train] loss=5.1155 cls=0.4546 cme=2.2127 acc=0.9765 cells=158379
[val]   loss=5.1124 eval=2.6610 cls=0.4268 cme=2.2341 acc=0.9742 cells=118036
[ct_train] saved best checkpoint (val_eval_loss=2.6610 val_acc=0.9742)
[ct_train] rechunked train graphs (seed=51)

=== Epoch 51/1000 ===
[train] loss=5.1173 cls=0.4539 cme=2.2140 acc=0.9768 cells=158379
[ct_train] rechunked train graphs (seed=52)

=== Epoch 52/1000 ===
[train] loss=5.1142 cls=0.4528 cme=2.2134 acc=0.9772 cells=158379
[val]   loss=5.1101 eval=2.6600 cls=0.4278 cme=2.2322 acc=0.9740 cells=118036
[ct_train] saved best checkpoint (val_eval_loss=2.6600 val_acc=0.9742)
[ct_train] rechunked train graphs (seed=53)

=== Epoch 53/1000 ===
[train] loss=5.1104 cls=0.4521 cme=2.2121 acc=0.9772 cells=158379
[ct_train] rechunked train graphs (seed=54)

=== Epoch 54/1000 ===
[train] loss=5.1043 cls=0.4501 cme=2.2106 acc=0.9782 cells=158379
[val]   loss=5.1112 eval=2.6606 cls=0.4261 cme=2.2344 acc=0.9742 cells=118036
[ct_train] early_stopping: no improve on val/eval_loss for 1/24 val checks
[ct_train] rechunked train graphs (seed=55)

=== Epoch 55/1000 ===
[train] loss=5.1079 cls=0.4509 cme=2.2120 acc=0.9778 cells=158379
[ct_train] rechunked train graphs (seed=56)

=== Epoch 56/1000 ===
[train] loss=5.0963 cls=0.4483 cme=2.2079 acc=0.9780 cells=158379
[val]   loss=5.1151 eval=2.6630 cls=0.4253 cme=2.2377 acc=0.9747 cells=118036
[ct_train] early_stopping: no improve on val/eval_loss for 2/24 val checks
[ct_train] rechunked train graphs (seed=57)

=== Epoch 57/1000 ===
[train] loss=5.1038 cls=0.4489 cme=2.2116 acc=0.9783 cells=158379
[ct_train] rechunked train graphs (seed=58)

=== Epoch 58/1000 ===
[train] loss=5.0943 cls=0.4479 cme=2.2074 acc=0.9788 cells=158379
[val]   loss=5.1089 eval=2.6595 cls=0.4254 cme=2.2341 acc=0.9744 cells=118036
[ct_train] saved best checkpoint (val_eval_loss=2.6595 val_acc=0.9747)
[ct_train] rechunked train graphs (seed=59)

=== Epoch 59/1000 ===
[train] loss=5.0887 cls=0.4469 cme=2.2052 acc=0.9787 cells=158379
[ct_train] rechunked train graphs (seed=60)

=== Epoch 60/1000 ===
[train] loss=5.0908 cls=0.4465 cme=2.2065 acc=0.9789 cells=158379
[val]   loss=5.0972 eval=2.6532 cls=0.4247 cme=2.2285 acc=0.9744 cells=118036
[ct_train] saved best checkpoint (val_eval_loss=2.6532 val_acc=0.9747)
[ct_train] rechunked train graphs (seed=61)

=== Epoch 61/1000 ===
[train] loss=5.0855 cls=0.4454 cme=2.2048 acc=0.9789 cells=158379
[ct_train] rechunked train graphs (seed=62)

=== Epoch 62/1000 ===
[train] loss=5.0836 cls=0.4455 cme=2.2038 acc=0.9791 cells=158379
[val]   loss=5.1027 eval=2.6561 cls=0.4241 cme=2.2320 acc=0.9747 cells=118036
[ct_train] early_stopping: no improve on val/eval_loss for 1/24 val checks
[ct_train] rechunked train graphs (seed=63)

=== Epoch 63/1000 ===
[train] loss=5.0875 cls=0.4445 cme=2.2063 acc=0.9791 cells=158379
[ct_train] rechunked train graphs (seed=64)

=== Epoch 64/1000 ===
[train] loss=5.0803 cls=0.4433 cme=2.2039 acc=0.9795 cells=158379
[val]   loss=5.0990 eval=2.6535 cls=0.4232 cme=2.2303 acc=0.9749 cells=118036
[ct_train] early_stopping: no improve on val/eval_loss for 2/24 val checks
[ct_train] rechunked train graphs (seed=65)

=== Epoch 65/1000 ===
[train] loss=5.0808 cls=0.4426 cme=2.2047 acc=0.9800 cells=158379
[ct_train] rechunked train graphs (seed=66)

=== Epoch 66/1000 ===
[train] loss=5.0794 cls=0.4428 cme=2.2037 acc=0.9795 cells=158379
[val]   loss=5.0901 eval=2.6493 cls=0.4224 cme=2.2269 acc=0.9756 cells=118036
[ct_train] saved best checkpoint (val_eval_loss=2.6493 val_acc=0.9756)
[ct_train] rechunked train graphs (seed=67)

=== Epoch 67/1000 ===
[train] loss=5.0772 cls=0.4417 cme=2.2036 acc=0.9797 cells=158379
[ct_train] rechunked train graphs (seed=68)

=== Epoch 68/1000 ===
[train] loss=5.0726 cls=0.4408 cme=2.2019 acc=0.9800 cells=158379
[val]   loss=5.0882 eval=2.6483 cls=0.4226 cme=2.2257 acc=0.9753 cells=118036
[ct_train] saved best checkpoint (val_eval_loss=2.6483 val_acc=0.9756)
[ct_train] rechunked train graphs (seed=69)

=== Epoch 69/1000 ===
[train] loss=5.0735 cls=0.4401 cme=2.2027 acc=0.9805 cells=158379
[ct_train] rechunked train graphs (seed=70)

=== Epoch 70/1000 ===
[train] loss=5.0715 cls=0.4410 cme=2.2015 acc=0.9802 cells=158379
[val]   loss=5.0936 eval=2.6511 cls=0.4227 cme=2.2284 acc=0.9749 cells=118036
[ct_train] early_stopping: no improve on val/eval_loss for 1/24 val checks
[ct_train] rechunked train graphs (seed=71)

=== Epoch 71/1000 ===
[train] loss=5.0714 cls=0.4396 cme=2.2025 acc=0.9803 cells=158379
[ct_train] rechunked train graphs (seed=72)

=== Epoch 72/1000 ===
[train] loss=5.0689 cls=0.4395 cme=2.2013 acc=0.9805 cells=158379
[val]   loss=5.0991 eval=2.6547 cls=0.4247 cme=2.2299 acc=0.9744 cells=118036
[ct_train] early_stopping: no improve on val/eval_loss for 2/24 val checks
[ct_train] rechunked train graphs (seed=73)

=== Epoch 73/1000 ===
[train] loss=5.0633 cls=0.4388 cme=2.1991 acc=0.9806 cells=158379
[ct_train] rechunked train graphs (seed=74)

=== Epoch 74/1000 ===
[train] loss=5.0644 cls=0.4375 cme=2.2003 acc=0.9808 cells=158379
[val]   loss=5.0816 eval=2.6442 cls=0.4205 cme=2.2236 acc=0.9760 cells=118036
[ct_train] saved best checkpoint (val_eval_loss=2.6442 val_acc=0.9760)
[ct_train] rechunked train graphs (seed=75)

=== Epoch 75/1000 ===
[train] loss=5.0603 cls=0.4378 cme=2.1984 acc=0.9810 cells=158379
[ct_train] rechunked train graphs (seed=76)

=== Epoch 76/1000 ===
[train] loss=5.0679 cls=0.4366 cme=2.2029 acc=0.9808 cells=158379
[val]   loss=5.0870 eval=2.6470 cls=0.4207 cme=2.2263 acc=0.9756 cells=118036
[ct_train] early_stopping: no improve on val/eval_loss for 1/24 val checks
[ct_train] rechunked train graphs (seed=77)

=== Epoch 77/1000 ===
[train] loss=5.0609 cls=0.4369 cme=2.1993 acc=0.9811 cells=158379
[ct_train] rechunked train graphs (seed=78)

=== Epoch 78/1000 ===
[train] loss=5.0551 cls=0.4363 cme=2.1970 acc=0.9809 cells=158379
[val]   loss=5.0822 eval=2.6450 cls=0.4214 cme=2.2236 acc=0.9753 cells=118036
[ct_train] early_stopping: no improve on val/eval_loss for 2/24 val checks
[ct_train] rechunked train graphs (seed=79)

=== Epoch 79/1000 ===
[train] loss=5.0531 cls=0.4348 cme=2.1969 acc=0.9816 cells=158379
[ct_train] rechunked train graphs (seed=80)

=== Epoch 80/1000 ===
[train] loss=5.0533 cls=0.4348 cme=2.1969 acc=0.9819 cells=158379
[val]   loss=5.0879 eval=2.6483 cls=0.4243 cme=2.2240 acc=0.9751 cells=118036
[ct_train] early_stopping: no improve on val/eval_loss for 3/24 val checks
[ct_train] rechunked train graphs (seed=81)

=== Epoch 81/1000 ===
[train] loss=5.0485 cls=0.4343 cme=2.1949 acc=0.9815 cells=158379
[ct_train] rechunked train graphs (seed=82)

=== Epoch 82/1000 ===
[train] loss=5.0489 cls=0.4336 cme=2.1956 acc=0.9817 cells=158379
[val]   loss=5.0883 eval=2.6484 cls=0.4216 cme=2.2268 acc=0.9754 cells=118036
[ct_train] early_stopping: no improve on val/eval_loss for 4/24 val checks
[ct_train] rechunked train graphs (seed=83)

=== Epoch 83/1000 ===
[train] loss=5.0460 cls=0.4329 cme=2.1948 acc=0.9821 cells=158379
[ct_train] rechunked train graphs (seed=84)

=== Epoch 84/1000 ===
[train] loss=5.0467 cls=0.4329 cme=2.1951 acc=0.9822 cells=158379
[val]   loss=5.0929 eval=2.6506 cls=0.4223 cme=2.2283 acc=0.9757 cells=118036
[ct_train] early_stopping: no improve on val/eval_loss for 5/24 val checks
[ct_train] rechunked train graphs (seed=85)

=== Epoch 85/1000 ===
[train] loss=5.0438 cls=0.4331 cme=2.1939 acc=0.9821 cells=158379
[ct_train] rechunked train graphs (seed=86)

=== Epoch 86/1000 ===
[train] loss=5.0432 cls=0.4318 cme=2.1943 acc=0.9823 cells=158379
[val]   loss=5.0864 eval=2.6468 cls=0.4209 cme=2.2259 acc=0.9754 cells=118036
[ct_train] early_stopping: no improve on val/eval_loss for 6/24 val checks
[ct_train] rechunked train graphs (seed=87)

=== Epoch 87/1000 ===
[train] loss=5.0462 cls=0.4312 cme=2.1964 acc=0.9822 cells=158379
[ct_train] rechunked train graphs (seed=88)

=== Epoch 88/1000 ===
[train] loss=5.0404 cls=0.4297 cme=2.1945 acc=0.9830 cells=158379
[val]   loss=5.0846 eval=2.6467 cls=0.4215 cme=2.2252 acc=0.9756 cells=118036
[ct_train] early_stopping: no improve on val/eval_loss for 7/24 val checks
[ct_train] rechunked train graphs (seed=89)

=== Epoch 89/1000 ===
[train] loss=5.0330 cls=0.4299 cme=2.1905 acc=0.9831 cells=158379
[ct_train] rechunked train graphs (seed=90)

=== Epoch 90/1000 ===
[train] loss=5.0273 cls=0.4286 cme=2.1887 acc=0.9832 cells=158379
[val]   loss=5.0801 eval=2.6441 cls=0.4207 cme=2.2234 acc=0.9758 cells=118036
[ct_train] saved best checkpoint (val_eval_loss=2.6441 val_acc=0.9760)
[ct_train] early_stopping: no improve on val/eval_loss for 8/24 val checks
[ct_train] rechunked train graphs (seed=91)

=== Epoch 91/1000 ===
[train] loss=5.0311 cls=0.4295 cme=2.1901 acc=0.9827 cells=158379
[ct_train] rechunked train graphs (seed=92)

=== Epoch 92/1000 ===
[train] loss=5.0271 cls=0.4279 cme=2.1893 acc=0.9832 cells=158379
[val]   loss=5.0860 eval=2.6469 cls=0.4224 cme=2.2246 acc=0.9753 cells=118036
[ct_train] early_stopping: no improve on val/eval_loss for 9/24 val checks
[ct_train] rechunked train graphs (seed=93)

=== Epoch 93/1000 ===
[train] loss=5.0285 cls=0.4273 cme=2.1903 acc=0.9835 cells=158379
[ct_train] rechunked train graphs (seed=94)

=== Epoch 94/1000 ===
[train] loss=5.0253 cls=0.4273 cme=2.1888 acc=0.9834 cells=158379
[val]   loss=5.0805 eval=2.6447 cls=0.4208 cme=2.2239 acc=0.9759 cells=118036
[ct_train] early_stopping: no improve on val/eval_loss for 10/24 val checks
[ct_train] rechunked train graphs (seed=95)

=== Epoch 95/1000 ===
[train] loss=5.0228 cls=0.4271 cme=2.1877 acc=0.9838 cells=158379
[ct_train] rechunked train graphs (seed=96)

=== Epoch 96/1000 ===
[train] loss=5.0211 cls=0.4262 cme=2.1875 acc=0.9838 cells=158379
[val]   loss=5.0794 eval=2.6441 cls=0.4211 cme=2.2230 acc=0.9759 cells=118036
[ct_train] early_stopping: no improve on val/eval_loss for 11/24 val checks
[ct_train] rechunked train graphs (seed=97)

=== Epoch 97/1000 ===
[train] loss=5.0233 cls=0.4257 cme=2.1891 acc=0.9842 cells=158379
[ct_train] rechunked train graphs (seed=98)

=== Epoch 98/1000 ===
[train] loss=5.0232 cls=0.4261 cme=2.1887 acc=0.9839 cells=158379
[val]   loss=5.0822 eval=2.6453 cls=0.4218 cme=2.2235 acc=0.9758 cells=118036
[ct_train] early_stopping: no improve on val/eval_loss for 12/24 val checks
[ct_train] rechunked train graphs (seed=99)

=== Epoch 99/1000 ===
[train] loss=5.0221 cls=0.4259 cme=2.1882 acc=0.9838 cells=158379
[ct_train] rechunked train graphs (seed=100)

=== Epoch 100/1000 ===
[train] loss=5.0180 cls=0.4244 cme=2.1872 acc=0.9849 cells=158379
[val]   loss=5.0730 eval=2.6407 cls=0.4200 cme=2.2207 acc=0.9759 cells=118036
[ct_train] saved best checkpoint (val_eval_loss=2.6407 val_acc=0.9760)
[ct_train] rechunked train graphs (seed=101)

=== Epoch 101/1000 ===
[train] loss=5.0125 cls=0.4241 cme=2.1847 acc=0.9842 cells=158379
[ct_train] rechunked train graphs (seed=102)

=== Epoch 102/1000 ===
[train] loss=5.0137 cls=0.4228 cme=2.1863 acc=0.9850 cells=158379
[val]   loss=5.0767 eval=2.6427 cls=0.4207 cme=2.2220 acc=0.9759 cells=118036
[ct_train] early_stopping: no improve on val/eval_loss for 1/24 val checks
[ct_train] rechunked train graphs (seed=103)

=== Epoch 103/1000 ===
[train] loss=5.0170 cls=0.4238 cme=2.1874 acc=0.9847 cells=158379
[ct_train] rechunked train graphs (seed=104)

=== Epoch 104/1000 ===
[train] loss=5.0103 cls=0.4234 cme=2.1842 acc=0.9842 cells=158379
[val]   loss=5.0803 eval=2.6456 cls=0.4239 cme=2.2218 acc=0.9744 cells=118036
[ct_train] early_stopping: no improve on val/eval_loss for 2/24 val checks
[ct_train] rechunked train graphs (seed=105)

=== Epoch 105/1000 ===
[train] loss=5.0152 cls=0.4250 cme=2.1856 acc=0.9841 cells=158379
[ct_train] rechunked train graphs (seed=106)

=== Epoch 106/1000 ===
[train] loss=5.0073 cls=0.4224 cme=2.1837 acc=0.9848 cells=158379
[val]   loss=5.0797 eval=2.6445 cls=0.4217 cme=2.2228 acc=0.9752 cells=118036
[ct_train] early_stopping: no improve on val/eval_loss for 3/24 val checks
[ct_train] rechunked train graphs (seed=107)

=== Epoch 107/1000 ===
[train] loss=5.0101 cls=0.4210 cme=2.1860 acc=0.9855 cells=158379
[ct_train] rechunked train graphs (seed=108)

=== Epoch 108/1000 ===
[train] loss=5.0061 cls=0.4221 cme=2.1832 acc=0.9848 cells=158379
[val]   loss=5.0774 eval=2.6435 cls=0.4224 cme=2.2211 acc=0.9750 cells=118036
[ct_train] early_stopping: no improve on val/eval_loss for 4/24 val checks
[ct_train] rechunked train graphs (seed=109)

=== Epoch 109/1000 ===
[train] loss=5.0026 cls=0.4209 cme=2.1823 acc=0.9853 cells=158379
[ct_train] rechunked train graphs (seed=110)

=== Epoch 110/1000 ===
[train] loss=5.0048 cls=0.4200 cme=2.1840 acc=0.9858 cells=158379
[val]   loss=5.0776 eval=2.6441 cls=0.4229 cme=2.2212 acc=0.9752 cells=118036
[ct_train] early_stopping: no improve on val/eval_loss for 5/24 val checks
[ct_train] rechunked train graphs (seed=111)

=== Epoch 111/1000 ===
[train] loss=5.0052 cls=0.4201 cme=2.1844 acc=0.9855 cells=158379
[ct_train] rechunked train graphs (seed=112)

=== Epoch 112/1000 ===
[train] loss=5.0007 cls=0.4189 cme=2.1830 acc=0.9859 cells=158379
[val]   loss=5.0762 eval=2.6429 cls=0.4211 cme=2.2218 acc=0.9759 cells=118036
[ct_train] early_stopping: no improve on val/eval_loss for 6/24 val checks
[ct_train] rechunked train graphs (seed=113)

=== Epoch 113/1000 ===
[train] loss=4.9987 cls=0.4186 cme=2.1821 acc=0.9860 cells=158379
[ct_train] rechunked train graphs (seed=114)

=== Epoch 114/1000 ===
[train] loss=5.0040 cls=0.4187 cme=2.1849 acc=0.9860 cells=158379
[val]   loss=5.0721 eval=2.6410 cls=0.4221 cme=2.2189 acc=0.9754 cells=118036
[ct_train] early_stopping: no improve on val/eval_loss for 7/24 val checks
[ct_train] rechunked train graphs (seed=115)

=== Epoch 115/1000 ===
[train] loss=4.9976 cls=0.4180 cme=2.1821 acc=0.9861 cells=158379
[ct_train] rechunked train graphs (seed=116)

=== Epoch 116/1000 ===
[train] loss=4.9978 cls=0.4184 cme=2.1817 acc=0.9858 cells=158379
[val]   loss=5.0760 eval=2.6429 cls=0.4228 cme=2.2202 acc=0.9752 cells=118036
[ct_train] early_stopping: no improve on val/eval_loss for 8/24 val checks
[ct_train] rechunked train graphs (seed=117)

=== Epoch 117/1000 ===
[train] loss=4.9955 cls=0.4185 cme=2.1806 acc=0.9860 cells=158379
[ct_train] rechunked train graphs (seed=118)

=== Epoch 118/1000 ===
[train] loss=4.9963 cls=0.4173 cme=2.1821 acc=0.9865 cells=158379
[val]   loss=5.0775 eval=2.6437 cls=0.4207 cme=2.2229 acc=0.9758 cells=118036
[ct_train] early_stopping: no improve on val/eval_loss for 9/24 val checks
[ct_train] rechunked train graphs (seed=119)

=== Epoch 119/1000 ===
[train] loss=4.9930 cls=0.4169 cme=2.1805 acc=0.9866 cells=158379
[ct_train] rechunked train graphs (seed=120)

=== Epoch 120/1000 ===
[train] loss=4.9896 cls=0.4163 cme=2.1793 acc=0.9863 cells=158379
[val]   loss=5.0702 eval=2.6400 cls=0.4212 cme=2.2187 acc=0.9758 cells=118036
[ct_train] saved best checkpoint (val_eval_loss=2.6400 val_acc=0.9760)
[ct_train] rechunked train graphs (seed=121)

=== Epoch 121/1000 ===
[train] loss=4.9921 cls=0.4170 cme=2.1803 acc=0.9864 cells=158379
[ct_train] rechunked train graphs (seed=122)

=== Epoch 122/1000 ===
[train] loss=4.9876 cls=0.4154 cme=2.1792 acc=0.9869 cells=158379
[val]   loss=5.0729 eval=2.6411 cls=0.4217 cme=2.2194 acc=0.9758 cells=118036
[ct_train] early_stopping: no improve on val/eval_loss for 1/24 val checks
[ct_train] rechunked train graphs (seed=123)

=== Epoch 123/1000 ===
[train] loss=4.9870 cls=0.4150 cme=2.1791 acc=0.9869 cells=158379
[ct_train] rechunked train graphs (seed=124)

=== Epoch 124/1000 ===
[train] loss=4.9876 cls=0.4159 cme=2.1786 acc=0.9868 cells=158379
[val]   loss=5.0831 eval=2.6468 cls=0.4218 cme=2.2250 acc=0.9760 cells=118036
[ct_train] early_stopping: no improve on val/eval_loss for 2/24 val checks
[ct_train] rechunked train graphs (seed=125)

=== Epoch 125/1000 ===
[train] loss=4.9819 cls=0.4149 cme=2.1765 acc=0.9869 cells=158379
[ct_train] rechunked train graphs (seed=126)

=== Epoch 126/1000 ===
[train] loss=4.9825 cls=0.4139 cme=2.1777 acc=0.9874 cells=158379
[val]   loss=5.0708 eval=2.6402 cls=0.4224 cme=2.2179 acc=0.9755 cells=118036
[ct_train] early_stopping: no improve on val/eval_loss for 3/24 val checks
[ct_train] rechunked train graphs (seed=127)

=== Epoch 127/1000 ===
[train] loss=4.9883 cls=0.4146 cme=2.1803 acc=0.9872 cells=158379
[ct_train] rechunked train graphs (seed=128)

=== Epoch 128/1000 ===
[train] loss=4.9802 cls=0.4137 cme=2.1767 acc=0.9873 cells=158379
[val]   loss=5.0755 eval=2.6428 cls=0.4227 cme=2.2202 acc=0.9759 cells=118036
[ct_train] early_stopping: no improve on val/eval_loss for 4/24 val checks
[ct_train] rechunked train graphs (seed=129)

=== Epoch 129/1000 ===
[train] loss=4.9801 cls=0.4133 cme=2.1770 acc=0.9873 cells=158379
[ct_train] rechunked train graphs (seed=130)

=== Epoch 130/1000 ===
[train] loss=4.9780 cls=0.4143 cme=2.1752 acc=0.9868 cells=158379
[val]   loss=5.0725 eval=2.6417 cls=0.4224 cme=2.2194 acc=0.9762 cells=118036
[ct_train] early_stopping: no improve on val/eval_loss for 5/24 val checks
[ct_train] rechunked train graphs (seed=131)

=== Epoch 131/1000 ===
[train] loss=4.9766 cls=0.4128 cme=2.1755 acc=0.9874 cells=158379
[ct_train] rechunked train graphs (seed=132)

=== Epoch 132/1000 ===
[train] loss=4.9800 cls=0.4134 cme=2.1770 acc=0.9872 cells=158379
[val]   loss=5.0861 eval=2.6491 cls=0.4253 cme=2.2237 acc=0.9751 cells=118036
[ct_train] early_stopping: no improve on val/eval_loss for 6/24 val checks
[ct_train] rechunked train graphs (seed=133)

=== Epoch 133/1000 ===
[train] loss=4.9762 cls=0.4123 cme=2.1760 acc=0.9878 cells=158379
[ct_train] rechunked train graphs (seed=134)

=== Epoch 134/1000 ===
[train] loss=4.9751 cls=0.4108 cme=2.1764 acc=0.9884 cells=158379
[val]   loss=5.0714 eval=2.6414 cls=0.4243 cme=2.2171 acc=0.9755 cells=118036
[ct_train] early_stopping: no improve on val/eval_loss for 7/24 val checks
[ct_train] rechunked train graphs (seed=135)

=== Epoch 135/1000 ===
[train] loss=4.9767 cls=0.4113 cme=2.1767 acc=0.9877 cells=158379
[ct_train] rechunked train graphs (seed=136)

=== Epoch 136/1000 ===
[train] loss=4.9711 cls=0.4105 cme=2.1747 acc=0.9883 cells=158379
[val]   loss=5.0732 eval=2.6420 cls=0.4220 cme=2.2200 acc=0.9759 cells=118036
[ct_train] early_stopping: no improve on val/eval_loss for 8/24 val checks
[ct_train] rechunked train graphs (seed=137)

=== Epoch 137/1000 ===
[train] loss=4.9709 cls=0.4118 cme=2.1736 acc=0.9877 cells=158379
[ct_train] rechunked train graphs (seed=138)

=== Epoch 138/1000 ===
[train] loss=4.9753 cls=0.4100 cme=2.1772 acc=0.9881 cells=158379
[val]   loss=5.0692 eval=2.6398 cls=0.4218 cme=2.2180 acc=0.9760 cells=118036
[ct_train] saved best checkpoint (val_eval_loss=2.6398 val_acc=0.9762)
[ct_train] early_stopping: no improve on val/eval_loss for 9/24 val checks
[ct_train] rechunked train graphs (seed=139)

=== Epoch 139/1000 ===
[train] loss=4.9722 cls=0.4103 cme=2.1753 acc=0.9881 cells=158379
[ct_train] rechunked train graphs (seed=140)

=== Epoch 140/1000 ===
[train] loss=4.9690 cls=0.4101 cme=2.1739 acc=0.9882 cells=158379
[val]   loss=5.0731 eval=2.6421 cls=0.4219 cme=2.2202 acc=0.9762 cells=118036
[ct_train] early_stopping: no improve on val/eval_loss for 10/24 val checks
[ct_train] rechunked train graphs (seed=141)

=== Epoch 141/1000 ===
[train] loss=4.9668 cls=0.4093 cme=2.1733 acc=0.9884 cells=158379
[ct_train] rechunked train graphs (seed=142)

=== Epoch 142/1000 ===
[train] loss=4.9666 cls=0.4089 cme=2.1735 acc=0.9888 cells=158379
[val]   loss=5.0724 eval=2.6416 cls=0.4227 cme=2.2189 acc=0.9759 cells=118036
[ct_train] early_stopping: no improve on val/eval_loss for 11/24 val checks
[ct_train] rechunked train graphs (seed=143)

=== Epoch 143/1000 ===
[train] loss=4.9640 cls=0.4086 cme=2.1725 acc=0.9886 cells=158379
[ct_train] rechunked train graphs (seed=144)

=== Epoch 144/1000 ===
[train] loss=4.9648 cls=0.4088 cme=2.1728 acc=0.9887 cells=158379
[val]   loss=5.0734 eval=2.6430 cls=0.4258 cme=2.2172 acc=0.9754 cells=118036
[ct_train] early_stopping: no improve on val/eval_loss for 12/24 val checks
[ct_train] rechunked train graphs (seed=145)

=== Epoch 145/1000 ===
[train] loss=4.9648 cls=0.4088 cme=2.1728 acc=0.9884 cells=158379
[ct_train] rechunked train graphs (seed=146)

=== Epoch 146/1000 ===
[train] loss=4.9638 cls=0.4084 cme=2.1726 acc=0.9886 cells=158379
[val]   loss=5.0766 eval=2.6442 cls=0.4231 cme=2.2210 acc=0.9758 cells=118036
[ct_train] early_stopping: no improve on val/eval_loss for 13/24 val checks
[ct_train] rechunked train graphs (seed=147)

=== Epoch 147/1000 ===
[train] loss=4.9626 cls=0.4072 cme=2.1729 acc=0.9893 cells=158379
[ct_train] rechunked train graphs (seed=148)

=== Epoch 148/1000 ===
[train] loss=4.9531 cls=0.4068 cme=2.1685 acc=0.9893 cells=158379
[val]   loss=5.0740 eval=2.6440 cls=0.4270 cme=2.2170 acc=0.9748 cells=118036
[ct_train] early_stopping: no improve on val/eval_loss for 14/24 val checks
[ct_train] rechunked train graphs (seed=149)

=== Epoch 149/1000 ===
[train] loss=4.9610 cls=0.4074 cme=2.1720 acc=0.9890 cells=158379
[ct_train] rechunked train graphs (seed=150)

=== Epoch 150/1000 ===
[train] loss=4.9581 cls=0.4066 cme=2.1713 acc=0.9891 cells=158379
[val]   loss=5.0741 eval=2.6423 cls=0.4230 cme=2.2193 acc=0.9763 cells=118036
[ct_train] early_stopping: no improve on val/eval_loss for 15/24 val checks
[ct_train] rechunked train graphs (seed=151)

=== Epoch 151/1000 ===
[train] loss=4.9618 cls=0.4068 cme=2.1727 acc=0.9890 cells=158379
[ct_train] rechunked train graphs (seed=152)

=== Epoch 152/1000 ===
[train] loss=4.9549 cls=0.4061 cme=2.1699 acc=0.9897 cells=158379
[val]   loss=5.0724 eval=2.6421 cls=0.4245 cme=2.2175 acc=0.9757 cells=118036
[ct_train] early_stopping: no improve on val/eval_loss for 16/24 val checks
[ct_train] rechunked train graphs (seed=153)

=== Epoch 153/1000 ===
[train] loss=4.9541 cls=0.4055 cme=2.1699 acc=0.9896 cells=158379
[ct_train] rechunked train graphs (seed=154)

=== Epoch 154/1000 ===
[train] loss=4.9530 cls=0.4053 cme=2.1696 acc=0.9896 cells=158379
[val]   loss=5.0743 eval=2.6435 cls=0.4258 cme=2.2177 acc=0.9757 cells=118036
[ct_train] early_stopping: no improve on val/eval_loss for 17/24 val checks
[ct_train] rechunked train graphs (seed=155)

=== Epoch 155/1000 ===
[train] loss=4.9495 cls=0.4043 cme=2.1685 acc=0.9899 cells=158379
[ct_train] rechunked train graphs (seed=156)

=== Epoch 156/1000 ===
[train] loss=4.9505 cls=0.4054 cme=2.1684 acc=0.9897 cells=158379
[val]   loss=5.0703 eval=2.6414 cls=0.4241 cme=2.2173 acc=0.9761 cells=118036
[ct_train] early_stopping: no improve on val/eval_loss for 18/24 val checks
[ct_train] rechunked train graphs (seed=157)

=== Epoch 157/1000 ===
[train] loss=4.9505 cls=0.4039 cme=2.1693 acc=0.9902 cells=158379
[ct_train] rechunked train graphs (seed=158)

=== Epoch 158/1000 ===
[train] loss=4.9498 cls=0.4038 cme=2.1691 acc=0.9902 cells=158379
[val]   loss=5.0743 eval=2.6442 cls=0.4247 cme=2.2195 acc=0.9760 cells=118036
[ct_train] early_stopping: no improve on val/eval_loss for 19/24 val checks
[ct_train] rechunked train graphs (seed=159)

=== Epoch 159/1000 ===
[train] loss=4.9503 cls=0.4040 cme=2.1693 acc=0.9901 cells=158379
[ct_train] rechunked train graphs (seed=160)

=== Epoch 160/1000 ===
[train] loss=4.9478 cls=0.4035 cme=2.1682 acc=0.9902 cells=158379
[val]   loss=5.0745 eval=2.6441 cls=0.4274 cme=2.2166 acc=0.9754 cells=118036
[ct_train] early_stopping: no improve on val/eval_loss for 20/24 val checks
[ct_train] rechunked train graphs (seed=161)

=== Epoch 161/1000 ===
[train] loss=4.9511 cls=0.4041 cme=2.1697 acc=0.9898 cells=158379
[ct_train] rechunked train graphs (seed=162)

=== Epoch 162/1000 ===
[train] loss=4.9480 cls=0.4027 cme=2.1692 acc=0.9904 cells=158379
[val]   loss=5.0739 eval=2.6441 cls=0.4277 cme=2.2164 acc=0.9757 cells=118036
[ct_train] early_stopping: no improve on val/eval_loss for 21/24 val checks
[ct_train] rechunked train graphs (seed=163)

=== Epoch 163/1000 ===
[train] loss=4.9442 cls=0.4023 cme=2.1675 acc=0.9905 cells=158379
[ct_train] rechunked train graphs (seed=164)

=== Epoch 164/1000 ===
[train] loss=4.9430 cls=0.4020 cme=2.1670 acc=0.9908 cells=158379
[val]   loss=5.0710 eval=2.6423 cls=0.4265 cme=2.2159 acc=0.9759 cells=118036
[ct_train] early_stopping: no improve on val/eval_loss for 22/24 val checks
[ct_train] rechunked train graphs (seed=165)

=== Epoch 165/1000 ===
[train] loss=4.9431 cls=0.4012 cme=2.1677 acc=0.9908 cells=158379
[ct_train] rechunked train graphs (seed=166)

=== Epoch 166/1000 ===
[train] loss=4.9407 cls=0.4016 cme=2.1661 acc=0.9906 cells=158379
[val]   loss=5.0711 eval=2.6424 cls=0.4264 cme=2.2159 acc=0.9760 cells=118036
[ct_train] early_stopping: no improve on val/eval_loss for 23/24 val checks
[ct_train] rechunked train graphs (seed=167)

=== Epoch 167/1000 ===
[train] loss=4.9424 cls=0.4028 cme=2.1661 acc=0.9901 cells=158379
[ct_train] rechunked train graphs (seed=168)

=== Epoch 168/1000 ===
[train] loss=4.9368 cls=0.4011 cme=2.1646 acc=0.9907 cells=158379
[val]   loss=5.0719 eval=2.6428 cls=0.4270 cme=2.2158 acc=0.9761 cells=118036
[ct_train] early_stopping: no improve on val/eval_loss for 24/24 val checks
[ct_train] early stopping at epoch 168 (patience=24, monitor=val/eval_loss)

[ct_train] done. best_val_acc=0.9763  best_val_eval_loss=2.6398  checkpoints=/home/abel/code/Tissue-Reassembly-using-GenAI-and-new-metrics/exploration/cell_types/outputs/exp015_lr3e4  logs=/home/abel/code/Tissue-Reassembly-using-GenAI-and-new-metrics/exploration/cell_types/logs/exp015_lr3e4/20260807_203956
wandb: updating run metadata
wandb: uploading output.log; uploading wandb-summary.json; uploading config.yaml
wandb: uploading history steps 163-168, summary, console lines 833-857
wandb: 
wandb: Run summary:
wandb:                      best_epoch 138
wandb:                    best_val_acc 0.9763
wandb:              best_val_eval_loss 2.63983
wandb:                           epoch 168
wandb:                              lr 0.0003
wandb:           model/parameter_count 1036124
wandb: model/trainable_parameter_count 1036124
wandb:                       train/acc 0.99069
wandb:       train/acc_per_class/Astro 0.99515
wandb:        train/acc_per_class/Endo 0.98823
wandb:                             +54 ...
wandb: 
wandb:  View run exp015_lr3e4 at: https://wandb.ai/abel-salmona-polytechnique-montr-al/cell_types/runs/78lcazz5
wandb:  View project at: https://wandb.ai/abel-salmona-polytechnique-montr-al/cell_types
wandb: Synced 5 W&B file(s), 1 media file(s), 2 artifact file(s) and 1 other file(s)
wandb: Find logs at: ./exploration/cell_types/logs/exp015_lr3e4/20260807_203956/wandb/run-20260807_204004-78lcazz5/logs
