[ct_train] config=exploration/cell_types/experiments/configs/exp172_kd_T1.json
[ct_train] device=cuda  checkpoints=/home/abel/code/Tissue-Reassembly-using-GenAI-and-new-metrics/exploration/cell_types/outputs/exp172_kd_T1
[ct_train] logs=/home/abel/code/Tissue-Reassembly-using-GenAI-and-new-metrics/exploration/cell_types/logs/exp172_kd_T1/20260808_101747
[ct_train] Loading data …
[DataModule] Reading '/home/abel/biodata/MERFISH_LUNA_small_cortex/MERFISH_mouse_cortex_train.csv' (split=train) with float32 dtype on 254 gene cols + coord cols …
[DataModule] Loaded 158,379 rows for split=train.
[DataModule] Reading '/home/abel/biodata/MERFISH_LUNA_small_cortex/MERFISH_mouse_cortex_test.csv' (split=test) with float32 dtype on 254 gene cols + coord cols …
[DataModule] Loaded 118,036 rows for split=test.
[DataModule] Reading '/home/abel/biodata/MERFISH_LUNA_small_cortex/MERFISH_mouse_cortex_test.csv' (split=validation) with float32 dtype on 254 gene cols + coord cols …
[DataModule] Loaded 118,036 rows for split=validation.
[ct_train] genes=254  classes=23
[ct_train] model predict_cme=True  params=1,305,308
[ct_train] initialized student from /home/abel/code/Tissue-Reassembly-using-GenAI-and-new-metrics/exploration/cell_types/outputs/exp168_kd_ens_strong/best.pt
[ct_train] teacher loaded: /home/abel/code/Tissue-Reassembly-using-GenAI-and-new-metrics/exploration/cell_types/outputs/exp168_kd_ens_strong/best.pt
[ct_train] teacher loaded: /home/abel/code/Tissue-Reassembly-using-GenAI-and-new-metrics/exploration/cell_types/outputs/exp169_kd_ens_clsw09/best.pt
[ct_train] teacher loaded: /home/abel/code/Tissue-Reassembly-using-GenAI-and-new-metrics/exploration/cell_types/outputs/exp167_kd_ens_balanced/best.pt
[ct_train] distillation ON: n_teachers=3 hard_w=0.5 kd_cls=1.0 kd_cme=2.0 T=1.0
[ct_train] soft CME loaded split=train sigma=96.0 n=158379 C=23
[ct_train] soft CME loaded split=validation sigma=96.0 n=118036 C=23
[ct_train] soft CME loaded split=train sigma=50.0 n=158379 C=23
[ct_train] soft CME loaded split=train sigma=64.0 n=158379 C=23
[ct_train] soft CME loaded split=validation sigma=50.0 n=118036 C=23
[ct_train] soft CME loaded split=validation sigma=64.0 n=118036 C=23
wandb: [wandb.login()] Loaded credentials for https://api.wandb.ai from /home/abel/.netrc.
wandb: Currently logged in as: abel-salmona (abel-salmona-polytechnique-montr-al) to https://api.wandb.ai. Use `wandb login --relogin` to force relogin
wandb: WARNING Using a boolean value for 'reinit' is deprecated. Use 'return_previous' or 'finish_previous' instead.
wandb: setting up run nd6ge3hb
wandb: Tracking run with wandb version 0.26.1
wandb: Run data is saved locally in /home/abel/code/Tissue-Reassembly-using-GenAI-and-new-metrics/exploration/cell_types/logs/exp172_kd_T1/20260808_101747/wandb/run-20260808_101755-nd6ge3hb
wandb: Run `wandb offline` to turn off syncing.
wandb: Syncing run exp172_kd_T1
wandb:  View project at https://wandb.ai/abel-salmona-polytechnique-montr-al/cell_types
wandb:  View run at https://wandb.ai/abel-salmona-polytechnique-montr-al/cell_types/runs/nd6ge3hb
wandb: WARNING Saving files without folders. If you want to preserve subdirectories pass base_path to wandb.save, i.e. wandb.save("/mnt/folder/file.h5", base_path="/mnt")
wandb: WARNING Symlinked 1 file into the W&B run directory; call wandb.save again to sync new files.
[ct_train] wandb: project=cell_types name=exp172_kd_T1 mode=online url=https://wandb.ai/abel-salmona-polytechnique-montr-al/cell_types/runs/nd6ge3hb
[ct_train] parameters: total=1,305,308 trainable=1,305,308
  [params] mlp_in_node_features: 26,720
  [params] transformer_layers: 633,600
  [params] type_stage1: 28,320
  [params] env_stage1: 93,056
  [params] type_probe: 2,231
  [params] env_probe: 7,383
  [params] fusion_mlp: 383,008
  [params] type_stage2: 30,551
  [params] env_stage2: 100,439
[ct_train] EMA enabled decay=0.98
[ct_train] rechunked train graphs (seed=1)

=== Epoch 1/1000 ===
[train] loss=6.8864 cls=0.4507 cme=2.1537 acc=0.9851 cells=158379 kd=4.3311
[ct_train] rechunked train graphs (seed=2)

=== Epoch 2/1000 ===
[train] loss=6.8608 cls=0.4494 cme=2.1448 acc=0.9854 cells=158379 kd=4.3158
[val]   loss=5.2296 eval=2.6090 cls=0.4066 cme=2.2024 acc=0.9761 cells=118036
[ct_train] saved best checkpoint (val_eval_loss=2.6090 val_acc=0.9761)
[ct_train] rechunked train graphs (seed=3)

=== Epoch 3/1000 ===
[train] loss=6.8590 cls=0.4493 cme=2.1443 acc=0.9858 cells=158379 kd=4.3147
[ct_train] rechunked train graphs (seed=4)

=== Epoch 4/1000 ===
[train] loss=6.8652 cls=0.4491 cme=2.1463 acc=0.9859 cells=158379 kd=4.3188
[val]   loss=5.2303 eval=2.6093 cls=0.4067 cme=2.2025 acc=0.9762 cells=118036
[ct_train] early_stopping: no improve on val/eval_loss for 1/30 val checks
[ct_train] rechunked train graphs (seed=5)

=== Epoch 5/1000 ===
[train] loss=6.8767 cls=0.4495 cme=2.1495 acc=0.9858 cells=158379 kd=4.3267
[ct_train] rechunked train graphs (seed=6)

=== Epoch 6/1000 ===
[train] loss=6.8725 cls=0.4492 cme=2.1488 acc=0.9856 cells=158379 kd=4.3233
[val]   loss=5.2312 eval=2.6097 cls=0.4068 cme=2.2029 acc=0.9761 cells=118036
[ct_train] early_stopping: no improve on val/eval_loss for 2/30 val checks
[ct_train] rechunked train graphs (seed=7)

=== Epoch 7/1000 ===
[train] loss=6.8562 cls=0.4489 cme=2.1436 acc=0.9860 cells=158379 kd=4.3128
[ct_train] rechunked train graphs (seed=8)

=== Epoch 8/1000 ===
[train] loss=6.8619 cls=0.4491 cme=2.1446 acc=0.9859 cells=158379 kd=4.3173
[val]   loss=5.2311 eval=2.6096 cls=0.4068 cme=2.2028 acc=0.9761 cells=118036
[ct_train] early_stopping: no improve on val/eval_loss for 3/30 val checks
[ct_train] rechunked train graphs (seed=9)

=== Epoch 9/1000 ===
[train] loss=6.8663 cls=0.4483 cme=2.1462 acc=0.9858 cells=158379 kd=4.3203
[ct_train] rechunked train graphs (seed=10)

=== Epoch 10/1000 ===
[train] loss=6.8784 cls=0.4489 cme=2.1499 acc=0.9859 cells=158379 kd=4.3281
[val]   loss=5.2313 eval=2.6097 cls=0.4069 cme=2.2029 acc=0.9761 cells=118036
[ct_train] early_stopping: no improve on val/eval_loss for 4/30 val checks
[ct_train] rechunked train graphs (seed=11)

=== Epoch 11/1000 ===
[train] loss=6.8620 cls=0.4482 cme=2.1452 acc=0.9859 cells=158379 kd=4.3171
[ct_train] rechunked train graphs (seed=12)

=== Epoch 12/1000 ===
[train] loss=6.8637 cls=0.4484 cme=2.1460 acc=0.9861 cells=158379 kd=4.3179
[val]   loss=5.2312 eval=2.6097 cls=0.4068 cme=2.2029 acc=0.9761 cells=118036
[ct_train] early_stopping: no improve on val/eval_loss for 5/30 val checks
[ct_train] rechunked train graphs (seed=13)

=== Epoch 13/1000 ===
[train] loss=6.8626 cls=0.4490 cme=2.1450 acc=0.9859 cells=158379 kd=4.3176
[ct_train] rechunked train graphs (seed=14)

=== Epoch 14/1000 ===
[train] loss=6.8760 cls=0.4484 cme=2.1493 acc=0.9860 cells=158379 kd=4.3266
[val]   loss=5.2314 eval=2.6098 cls=0.4069 cme=2.2029 acc=0.9761 cells=118036
[ct_train] early_stopping: no improve on val/eval_loss for 6/30 val checks
[ct_train] rechunked train graphs (seed=15)

=== Epoch 15/1000 ===
[train] loss=6.8639 cls=0.4482 cme=2.1457 acc=0.9859 cells=158379 kd=4.3185
[ct_train] rechunked train graphs (seed=16)

=== Epoch 16/1000 ===
[train] loss=6.8644 cls=0.4487 cme=2.1458 acc=0.9864 cells=158379 kd=4.3187
[val]   loss=5.2312 eval=2.6098 cls=0.4070 cme=2.2028 acc=0.9760 cells=118036
[ct_train] early_stopping: no improve on val/eval_loss for 7/30 val checks
[ct_train] rechunked train graphs (seed=17)

=== Epoch 17/1000 ===
[train] loss=6.8725 cls=0.4482 cme=2.1483 acc=0.9863 cells=158379 kd=4.3243
[ct_train] rechunked train graphs (seed=18)

=== Epoch 18/1000 ===
[train] loss=6.8597 cls=0.4476 cme=2.1440 acc=0.9862 cells=158379 kd=4.3165
[val]   loss=5.2315 eval=2.6099 cls=0.4070 cme=2.2029 acc=0.9760 cells=118036
[ct_train] early_stopping: no improve on val/eval_loss for 8/30 val checks
[ct_train] rechunked train graphs (seed=19)

=== Epoch 19/1000 ===
[train] loss=6.8625 cls=0.4476 cme=2.1453 acc=0.9861 cells=158379 kd=4.3179
[ct_train] rechunked train graphs (seed=20)

=== Epoch 20/1000 ===
[train] loss=6.8644 cls=0.4479 cme=2.1458 acc=0.9862 cells=158379 kd=4.3191
[val]   loss=5.2308 eval=2.6096 cls=0.4070 cme=2.2026 acc=0.9761 cells=118036
[ct_train] early_stopping: no improve on val/eval_loss for 9/30 val checks
[ct_train] rechunked train graphs (seed=21)

=== Epoch 21/1000 ===
[train] loss=6.8630 cls=0.4477 cme=2.1455 acc=0.9863 cells=158379 kd=4.3183
[ct_train] rechunked train graphs (seed=22)

=== Epoch 22/1000 ===
[train] loss=6.8765 cls=0.4475 cme=2.1493 acc=0.9864 cells=158379 kd=4.3276
[val]   loss=5.2307 eval=2.6095 cls=0.4070 cme=2.2025 acc=0.9760 cells=118036
[ct_train] early_stopping: no improve on val/eval_loss for 10/30 val checks
[ct_train] rechunked train graphs (seed=23)

=== Epoch 23/1000 ===
[train] loss=6.8522 cls=0.4471 cme=2.1411 acc=0.9862 cells=158379 kd=4.3124
[ct_train] rechunked train graphs (seed=24)

=== Epoch 24/1000 ===
[train] loss=6.8631 cls=0.4478 cme=2.1449 acc=0.9861 cells=158379 kd=4.3189
[val]   loss=5.2310 eval=2.6097 cls=0.4070 cme=2.2027 acc=0.9761 cells=118036
[ct_train] early_stopping: no improve on val/eval_loss for 11/30 val checks
[ct_train] rechunked train graphs (seed=25)

=== Epoch 25/1000 ===
[train] loss=6.8480 cls=0.4470 cme=2.1407 acc=0.9863 cells=158379 kd=4.3088
[ct_train] rechunked train graphs (seed=26)

=== Epoch 26/1000 ===
[train] loss=6.8731 cls=0.4470 cme=2.1475 acc=0.9865 cells=158379 kd=4.3264
[val]   loss=5.2313 eval=2.6098 cls=0.4069 cme=2.2029 acc=0.9761 cells=118036
[ct_train] early_stopping: no improve on val/eval_loss for 12/30 val checks
[ct_train] rechunked train graphs (seed=27)

=== Epoch 27/1000 ===
[train] loss=6.8489 cls=0.4474 cme=2.1405 acc=0.9863 cells=158379 kd=4.3097
[ct_train] rechunked train graphs (seed=28)

=== Epoch 28/1000 ===
[train] loss=6.8566 cls=0.4468 cme=2.1437 acc=0.9866 cells=158379 kd=4.3142
[val]   loss=5.2307 eval=2.6095 cls=0.4069 cme=2.2026 acc=0.9760 cells=118036
[ct_train] early_stopping: no improve on val/eval_loss for 13/30 val checks
[ct_train] rechunked train graphs (seed=29)

=== Epoch 29/1000 ===
[train] loss=6.8587 cls=0.4475 cme=2.1431 acc=0.9865 cells=158379 kd=4.3166
[ct_train] rechunked train graphs (seed=30)

=== Epoch 30/1000 ===
[train] loss=6.8556 cls=0.4471 cme=2.1418 acc=0.9865 cells=158379 kd=4.3151
[val]   loss=5.2303 eval=2.6093 cls=0.4069 cme=2.2025 acc=0.9761 cells=118036
[ct_train] early_stopping: no improve on val/eval_loss for 14/30 val checks
[ct_train] rechunked train graphs (seed=31)

=== Epoch 31/1000 ===
[train] loss=6.8521 cls=0.4469 cme=2.1408 acc=0.9865 cells=158379 kd=4.3127
[ct_train] rechunked train graphs (seed=32)

=== Epoch 32/1000 ===
[train] loss=6.8672 cls=0.4467 cme=2.1462 acc=0.9864 cells=158379 kd=4.3221
[val]   loss=5.2306 eval=2.6095 cls=0.4070 cme=2.2026 acc=0.9760 cells=118036
[ct_train] early_stopping: no improve on val/eval_loss for 15/30 val checks
[ct_train] rechunked train graphs (seed=33)

=== Epoch 33/1000 ===
[train] loss=6.8629 cls=0.4464 cme=2.1450 acc=0.9869 cells=158379 kd=4.3192
[ct_train] rechunked train graphs (seed=34)

=== Epoch 34/1000 ===
[train] loss=6.8544 cls=0.4472 cme=2.1418 acc=0.9865 cells=158379 kd=4.3138
[val]   loss=5.2308 eval=2.6096 cls=0.4070 cme=2.2027 acc=0.9761 cells=118036
[ct_train] early_stopping: no improve on val/eval_loss for 16/30 val checks
[ct_train] rechunked train graphs (seed=35)

=== Epoch 35/1000 ===
[train] loss=6.8564 cls=0.4462 cme=2.1425 acc=0.9865 cells=158379 kd=4.3157
[ct_train] rechunked train graphs (seed=36)

=== Epoch 36/1000 ===
[train] loss=6.8563 cls=0.4465 cme=2.1423 acc=0.9868 cells=158379 kd=4.3155
[val]   loss=5.2306 eval=2.6096 cls=0.4070 cme=2.2025 acc=0.9760 cells=118036
[ct_train] early_stopping: no improve on val/eval_loss for 17/30 val checks
[ct_train] rechunked train graphs (seed=37)

=== Epoch 37/1000 ===
[train] loss=6.8506 cls=0.4466 cme=2.1401 acc=0.9864 cells=158379 kd=4.3122
[ct_train] rechunked train graphs (seed=38)

=== Epoch 38/1000 ===
[train] loss=6.8631 cls=0.4470 cme=2.1447 acc=0.9865 cells=158379 kd=4.3194
[val]   loss=5.2302 eval=2.6094 cls=0.4071 cme=2.2023 acc=0.9760 cells=118036
[ct_train] early_stopping: no improve on val/eval_loss for 18/30 val checks
[ct_train] rechunked train graphs (seed=39)

=== Epoch 39/1000 ===
[train] loss=6.8531 cls=0.4458 cme=2.1417 acc=0.9866 cells=158379 kd=4.3134
[ct_train] rechunked train graphs (seed=40)

=== Epoch 40/1000 ===
[train] loss=6.8605 cls=0.4461 cme=2.1435 acc=0.9866 cells=158379 kd=4.3186
[val]   loss=5.2299 eval=2.6093 cls=0.4071 cme=2.2022 acc=0.9759 cells=118036
[ct_train] early_stopping: no improve on val/eval_loss for 19/30 val checks
[ct_train] rechunked train graphs (seed=41)

=== Epoch 41/1000 ===
[train] loss=6.8520 cls=0.4459 cme=2.1411 acc=0.9869 cells=158379 kd=4.3128
[ct_train] rechunked train graphs (seed=42)

=== Epoch 42/1000 ===
[train] loss=6.8501 cls=0.4462 cme=2.1396 acc=0.9865 cells=158379 kd=4.3124
[val]   loss=5.2294 eval=2.6090 cls=0.4071 cme=2.2019 acc=0.9759 cells=118036
[ct_train] early_stopping: no improve on val/eval_loss for 20/30 val checks
[ct_train] rechunked train graphs (seed=43)

=== Epoch 43/1000 ===
[train] loss=6.8583 cls=0.4464 cme=2.1427 acc=0.9865 cells=158379 kd=4.3171
[ct_train] rechunked train graphs (seed=44)

=== Epoch 44/1000 ===
[train] loss=6.8463 cls=0.4457 cme=2.1394 acc=0.9866 cells=158379 kd=4.3092
[val]   loss=5.2294 eval=2.6090 cls=0.4070 cme=2.2020 acc=0.9760 cells=118036
[ct_train] early_stopping: no improve on val/eval_loss for 21/30 val checks
[ct_train] rechunked train graphs (seed=45)

=== Epoch 45/1000 ===
[train] loss=6.8585 cls=0.4462 cme=2.1423 acc=0.9866 cells=158379 kd=4.3179
[ct_train] rechunked train graphs (seed=46)

=== Epoch 46/1000 ===
[train] loss=6.8633 cls=0.4458 cme=2.1446 acc=0.9869 cells=158379 kd=4.3203
[val]   loss=5.2294 eval=2.6090 cls=0.4069 cme=2.2020 acc=0.9760 cells=118036
[ct_train] early_stopping: no improve on val/eval_loss for 22/30 val checks
[ct_train] rechunked train graphs (seed=47)

=== Epoch 47/1000 ===
[train] loss=6.8673 cls=0.4463 cme=2.1454 acc=0.9867 cells=158379 kd=4.3233
[ct_train] rechunked train graphs (seed=48)

=== Epoch 48/1000 ===
[train] loss=6.8668 cls=0.4458 cme=2.1452 acc=0.9871 cells=158379 kd=4.3233
[val]   loss=5.2292 eval=2.6088 cls=0.4069 cme=2.2020 acc=0.9761 cells=118036
[ct_train] saved best checkpoint (val_eval_loss=2.6088 val_acc=0.9762)
[ct_train] early_stopping: no improve on val/eval_loss for 23/30 val checks
[ct_train] rechunked train graphs (seed=49)

=== Epoch 49/1000 ===
[train] loss=6.8449 cls=0.4457 cme=2.1391 acc=0.9866 cells=158379 kd=4.3081
[ct_train] rechunked train graphs (seed=50)

=== Epoch 50/1000 ===
[train] loss=6.8518 cls=0.4457 cme=2.1400 acc=0.9870 cells=158379 kd=4.3140
[val]   loss=5.2290 eval=2.6088 cls=0.4068 cme=2.2019 acc=0.9761 cells=118036
[ct_train] saved best checkpoint (val_eval_loss=2.6088 val_acc=0.9762)
[ct_train] early_stopping: no improve on val/eval_loss for 24/30 val checks
[ct_train] rechunked train graphs (seed=51)

=== Epoch 51/1000 ===
[train] loss=6.8495 cls=0.4457 cme=2.1399 acc=0.9868 cells=158379 kd=4.3117
[ct_train] rechunked train graphs (seed=52)

=== Epoch 52/1000 ===
[train] loss=6.8637 cls=0.4455 cme=2.1441 acc=0.9870 cells=158379 kd=4.3214
[val]   loss=5.2294 eval=2.6089 cls=0.4069 cme=2.2021 acc=0.9761 cells=118036
[ct_train] early_stopping: no improve on val/eval_loss for 25/30 val checks
[ct_train] rechunked train graphs (seed=53)

=== Epoch 53/1000 ===
[train] loss=6.8474 cls=0.4451 cme=2.1390 acc=0.9871 cells=158379 kd=4.3110
[ct_train] rechunked train graphs (seed=54)

=== Epoch 54/1000 ===
[train] loss=6.8598 cls=0.4449 cme=2.1426 acc=0.9872 cells=158379 kd=4.3195
[val]   loss=5.2299 eval=2.6092 cls=0.4069 cme=2.2023 acc=0.9761 cells=118036
[ct_train] early_stopping: no improve on val/eval_loss for 26/30 val checks
[ct_train] rechunked train graphs (seed=55)

=== Epoch 55/1000 ===
[train] loss=6.8486 cls=0.4452 cme=2.1393 acc=0.9868 cells=158379 kd=4.3118
[ct_train] rechunked train graphs (seed=56)

=== Epoch 56/1000 ===
[train] loss=6.8606 cls=0.4452 cme=2.1426 acc=0.9870 cells=158379 kd=4.3201
[val]   loss=5.2299 eval=2.6092 cls=0.4068 cme=2.2023 acc=0.9761 cells=118036
[ct_train] early_stopping: no improve on val/eval_loss for 27/30 val checks
[ct_train] rechunked train graphs (seed=57)

=== Epoch 57/1000 ===
[train] loss=6.8560 cls=0.4450 cme=2.1416 acc=0.9869 cells=158379 kd=4.3167
[ct_train] rechunked train graphs (seed=58)

=== Epoch 58/1000 ===
[train] loss=6.8471 cls=0.4449 cme=2.1389 acc=0.9871 cells=158379 kd=4.3108
[val]   loss=5.2298 eval=2.6091 cls=0.4069 cme=2.2023 acc=0.9761 cells=118036
[ct_train] early_stopping: no improve on val/eval_loss for 28/30 val checks
[ct_train] rechunked train graphs (seed=59)

=== Epoch 59/1000 ===
[train] loss=6.8579 cls=0.4453 cme=2.1423 acc=0.9871 cells=158379 kd=4.3178
[ct_train] rechunked train graphs (seed=60)

=== Epoch 60/1000 ===
[train] loss=6.8636 cls=0.4452 cme=2.1434 acc=0.9867 cells=158379 kd=4.3222
[val]   loss=5.2295 eval=2.6091 cls=0.4069 cme=2.2021 acc=0.9762 cells=118036
[ct_train] early_stopping: no improve on val/eval_loss for 29/30 val checks
[ct_train] rechunked train graphs (seed=61)

=== Epoch 61/1000 ===
[train] loss=6.8445 cls=0.4449 cme=2.1371 acc=0.9871 cells=158379 kd=4.3103
[ct_train] rechunked train graphs (seed=62)

=== Epoch 62/1000 ===
[train] loss=6.8639 cls=0.4450 cme=2.1438 acc=0.9870 cells=158379 kd=4.3222
[val]   loss=5.2295 eval=2.6090 cls=0.4069 cme=2.2021 acc=0.9761 cells=118036
[ct_train] early_stopping: no improve on val/eval_loss for 30/30 val checks
[ct_train] early stopping at epoch 62 (patience=30, monitor=val/eval_loss)

[ct_train] done. best_val_acc=0.9762  best_val_eval_loss=2.6088  checkpoints=/home/abel/code/Tissue-Reassembly-using-GenAI-and-new-metrics/exploration/cell_types/outputs/exp172_kd_T1  logs=/home/abel/code/Tissue-Reassembly-using-GenAI-and-new-metrics/exploration/cell_types/logs/exp172_kd_T1/20260808_101747
wandb: updating run metadata
wandb: uploading output.log; uploading wandb-summary.json; uploading config.yaml
wandb: 
wandb: Run summary:
wandb:                      best_epoch 50
wandb:                    best_val_acc 0.97618
wandb:              best_val_eval_loss 2.60877
wandb:                           epoch 62
wandb:                              lr 8e-05
wandb:           model/parameter_count 1305308
wandb: model/trainable_parameter_count 1305308
wandb:                       train/acc 0.98701
wandb:       train/acc_per_class/Astro 0.99324
wandb:        train/acc_per_class/Endo 0.98248
wandb:                             +54 ...
wandb: 
wandb:  View run exp172_kd_T1 at: https://wandb.ai/abel-salmona-polytechnique-montr-al/cell_types/runs/nd6ge3hb
wandb:  View project at: https://wandb.ai/abel-salmona-polytechnique-montr-al/cell_types
wandb: Synced 5 W&B file(s), 1 media file(s), 2 artifact file(s) and 1 other file(s)
wandb: Find logs at: ./exploration/cell_types/logs/exp172_kd_T1/20260808_101747/wandb/run-20260808_101755-nd6ge3hb/logs
