[ct_train] config=exploration/cell_types/experiments/configs/exp104_detach_type.json
[ct_train] device=cuda  checkpoints=/home/abel/code/Tissue-Reassembly-using-GenAI-and-new-metrics/exploration/cell_types/outputs/exp104_detach_type
[ct_train] logs=/home/abel/code/Tissue-Reassembly-using-GenAI-and-new-metrics/exploration/cell_types/logs/exp104_detach_type/20260808_031745
[ct_train] Loading data …
[DataModule] Reading '/home/abel/biodata/MERFISH_LUNA_small_cortex/MERFISH_mouse_cortex_train.csv' (split=train) with float32 dtype on 254 gene cols + coord cols …
[DataModule] Loaded 158,379 rows for split=train.
[DataModule] Reading '/home/abel/biodata/MERFISH_LUNA_small_cortex/MERFISH_mouse_cortex_test.csv' (split=test) with float32 dtype on 254 gene cols + coord cols …
[DataModule] Loaded 118,036 rows for split=test.
[DataModule] Reading '/home/abel/biodata/MERFISH_LUNA_small_cortex/MERFISH_mouse_cortex_test.csv' (split=validation) with float32 dtype on 254 gene cols + coord cols …
[DataModule] Loaded 118,036 rows for split=validation.
[ct_train] genes=254  classes=23
[ct_train] model predict_cme=True  params=1,305,308
[ct_train] soft CME loaded split=train sigma=96.0 n=158379 C=23
[ct_train] soft CME loaded split=validation sigma=96.0 n=118036 C=23
[ct_train] soft CME loaded split=train sigma=50.0 n=158379 C=23
[ct_train] soft CME loaded split=train sigma=64.0 n=158379 C=23
[ct_train] soft CME loaded split=validation sigma=50.0 n=118036 C=23
[ct_train] soft CME loaded split=validation sigma=64.0 n=118036 C=23
wandb: [wandb.login()] Loaded credentials for https://api.wandb.ai from /home/abel/.netrc.
wandb: Currently logged in as: abel-salmona (abel-salmona-polytechnique-montr-al) to https://api.wandb.ai. Use `wandb login --relogin` to force relogin
wandb: WARNING Using a boolean value for 'reinit' is deprecated. Use 'return_previous' or 'finish_previous' instead.
wandb: Tracking run with wandb version 0.26.1
wandb: Run data is saved locally in /home/abel/code/Tissue-Reassembly-using-GenAI-and-new-metrics/exploration/cell_types/logs/exp104_detach_type/20260808_031745/wandb/run-20260808_031754-15epnloz
wandb: Run `wandb offline` to turn off syncing.
wandb: Syncing run exp104_detach_type
wandb:  View project at https://wandb.ai/abel-salmona-polytechnique-montr-al/cell_types
wandb:  View run at https://wandb.ai/abel-salmona-polytechnique-montr-al/cell_types/runs/15epnloz
wandb: WARNING Saving files without folders. If you want to preserve subdirectories pass base_path to wandb.save, i.e. wandb.save("/mnt/folder/file.h5", base_path="/mnt")
wandb: WARNING Symlinked 1 file into the W&B run directory; call wandb.save again to sync new files.
[ct_train] wandb: project=cell_types name=exp104_detach_type mode=online url=https://wandb.ai/abel-salmona-polytechnique-montr-al/cell_types/runs/15epnloz
[ct_train] parameters: total=1,305,308 trainable=1,305,308
  [params] mlp_in_node_features: 26,720
  [params] transformer_layers: 633,600
  [params] type_stage1: 28,320
  [params] env_stage1: 93,056
  [params] type_probe: 2,231
  [params] env_probe: 7,383
  [params] fusion_mlp: 383,008
  [params] type_stage2: 30,551
  [params] env_stage2: 100,439
[ct_train] EMA enabled decay=0.98
[ct_train] rechunked train graphs (seed=1)

=== Epoch 1/1000 ===
[train] loss=8.7588 cls=2.7607 cme=2.7899 acc=0.2267 cells=158379
[ct_train] rechunked train graphs (seed=2)

=== Epoch 2/1000 ===
[train] loss=7.3026 cls=1.8704 cme=2.5288 acc=0.6510 cells=158379
[val]   loss=8.3438 eval=5.2321 cls=2.5256 cme=2.7065 acc=0.4525 cells=118036
[ct_train] saved best checkpoint (val_eval_loss=5.2321 val_acc=0.4525)
[ct_train] rechunked train graphs (seed=3)

=== Epoch 3/1000 ===
[train] loss=6.4112 cls=1.2038 cme=2.4255 acc=0.7874 cells=158379
[ct_train] rechunked train graphs (seed=4)

=== Epoch 4/1000 ===
[train] loss=5.9871 cls=0.8758 cme=2.3813 acc=0.8614 cells=158379
[val]   loss=6.6102 eval=3.7795 cls=1.3140 cme=2.4655 acc=0.8132 cells=118036
[ct_train] saved best checkpoint (val_eval_loss=3.7795 val_acc=0.8132)
[ct_train] rechunked train graphs (seed=5)

=== Epoch 5/1000 ===
[train] loss=5.7607 cls=0.7173 cme=2.3499 acc=0.9059 cells=158379
[ct_train] rechunked train graphs (seed=6)

=== Epoch 6/1000 ===
[train] loss=5.6611 cls=0.6398 cme=2.3397 acc=0.9234 cells=158379
[val]   loss=5.8433 eval=3.1221 cls=0.7495 cme=2.3726 acc=0.9062 cells=118036
[ct_train] saved best checkpoint (val_eval_loss=3.1221 val_acc=0.9062)
[ct_train] rechunked train graphs (seed=7)

=== Epoch 7/1000 ===
[train] loss=5.5626 cls=0.5932 cme=2.3158 acc=0.9354 cells=158379
[ct_train] rechunked train graphs (seed=8)

=== Epoch 8/1000 ===
[train] loss=5.4962 cls=0.5629 cme=2.2991 acc=0.9412 cells=158379
[val]   loss=5.5695 eval=2.8997 cls=0.5706 cme=2.3291 acc=0.9374 cells=118036
[ct_train] saved best checkpoint (val_eval_loss=2.8997 val_acc=0.9374)
[ct_train] rechunked train graphs (seed=9)

=== Epoch 9/1000 ===
[train] loss=5.4812 cls=0.5504 cme=2.2980 acc=0.9450 cells=158379
[ct_train] rechunked train graphs (seed=10)

=== Epoch 10/1000 ===
[train] loss=5.4456 cls=0.5355 cme=2.2884 acc=0.9473 cells=158379
[val]   loss=5.4546 eval=2.8148 cls=0.5112 cme=2.3036 acc=0.9482 cells=118036
[ct_train] saved best checkpoint (val_eval_loss=2.8148 val_acc=0.9482)
[ct_train] rechunked train graphs (seed=11)

=== Epoch 11/1000 ===
[train] loss=5.4083 cls=0.5255 cme=2.2758 acc=0.9494 cells=158379
[ct_train] rechunked train graphs (seed=12)

=== Epoch 12/1000 ===
[train] loss=5.4010 cls=0.5183 cme=2.2757 acc=0.9519 cells=158379
[val]   loss=5.3933 eval=2.7734 cls=0.4867 cme=2.2866 acc=0.9545 cells=118036
[ct_train] saved best checkpoint (val_eval_loss=2.7734 val_acc=0.9545)
[ct_train] rechunked train graphs (seed=13)

=== Epoch 13/1000 ===
[train] loss=5.3888 cls=0.5130 cme=2.2726 acc=0.9534 cells=158379
[ct_train] rechunked train graphs (seed=14)

=== Epoch 14/1000 ===
[train] loss=5.3711 cls=0.5069 cme=2.2671 acc=0.9549 cells=158379
[val]   loss=5.3544 eval=2.7483 cls=0.4736 cme=2.2748 acc=0.9575 cells=118036
[ct_train] saved best checkpoint (val_eval_loss=2.7483 val_acc=0.9575)
[ct_train] rechunked train graphs (seed=15)

=== Epoch 15/1000 ===
[train] loss=5.3510 cls=0.5011 cme=2.2606 acc=0.9563 cells=158379
[ct_train] rechunked train graphs (seed=16)

=== Epoch 16/1000 ===
[train] loss=5.3397 cls=0.4968 cme=2.2574 acc=0.9570 cells=158379
[val]   loss=5.3249 eval=2.7300 cls=0.4647 cme=2.2653 acc=0.9598 cells=118036
[ct_train] saved best checkpoint (val_eval_loss=2.7300 val_acc=0.9598)
[ct_train] rechunked train graphs (seed=17)

=== Epoch 17/1000 ===
[train] loss=5.3232 cls=0.4910 cme=2.2525 acc=0.9589 cells=158379
[ct_train] rechunked train graphs (seed=18)

=== Epoch 18/1000 ===
[train] loss=5.3156 cls=0.4879 cme=2.2504 acc=0.9594 cells=158379
[val]   loss=5.3043 eval=2.7170 cls=0.4581 cme=2.2588 acc=0.9616 cells=118036
[ct_train] saved best checkpoint (val_eval_loss=2.7170 val_acc=0.9616)
[ct_train] rechunked train graphs (seed=19)

=== Epoch 19/1000 ===
[train] loss=5.3093 cls=0.4840 cme=2.2492 acc=0.9603 cells=158379
[ct_train] rechunked train graphs (seed=20)

=== Epoch 20/1000 ===
[train] loss=5.3000 cls=0.4809 cme=2.2464 acc=0.9612 cells=158379
[val]   loss=5.2885 eval=2.7069 cls=0.4530 cme=2.2539 acc=0.9631 cells=118036
[ct_train] saved best checkpoint (val_eval_loss=2.7069 val_acc=0.9631)
[ct_train] rechunked train graphs (seed=21)

=== Epoch 21/1000 ===
[train] loss=5.2986 cls=0.4781 cme=2.2470 acc=0.9622 cells=158379
[ct_train] rechunked train graphs (seed=22)

=== Epoch 22/1000 ===
[train] loss=5.2881 cls=0.4763 cme=2.2430 acc=0.9624 cells=158379
[val]   loss=5.2732 eval=2.6973 cls=0.4484 cme=2.2489 acc=0.9646 cells=118036
[ct_train] saved best checkpoint (val_eval_loss=2.6973 val_acc=0.9646)
[ct_train] rechunked train graphs (seed=23)

=== Epoch 23/1000 ===
[train] loss=5.2745 cls=0.4735 cme=2.2381 acc=0.9629 cells=158379
[ct_train] rechunked train graphs (seed=24)

=== Epoch 24/1000 ===
[train] loss=5.2718 cls=0.4715 cme=2.2376 acc=0.9642 cells=158379
[val]   loss=5.2607 eval=2.6896 cls=0.4449 cme=2.2448 acc=0.9659 cells=118036
[ct_train] saved best checkpoint (val_eval_loss=2.6896 val_acc=0.9659)
[ct_train] rechunked train graphs (seed=25)

=== Epoch 25/1000 ===
[train] loss=5.2717 cls=0.4685 cme=2.2390 acc=0.9645 cells=158379
[ct_train] rechunked train graphs (seed=26)

=== Epoch 26/1000 ===
[train] loss=5.2530 cls=0.4673 cme=2.2310 acc=0.9652 cells=158379
[val]   loss=5.2498 eval=2.6828 cls=0.4416 cme=2.2412 acc=0.9668 cells=118036
[ct_train] saved best checkpoint (val_eval_loss=2.6828 val_acc=0.9668)
[ct_train] rechunked train graphs (seed=27)

=== Epoch 27/1000 ===
[train] loss=5.2464 cls=0.4647 cme=2.2291 acc=0.9651 cells=158379
[ct_train] rechunked train graphs (seed=28)

=== Epoch 28/1000 ===
[train] loss=5.2406 cls=0.4620 cme=2.2276 acc=0.9661 cells=158379
[val]   loss=5.2402 eval=2.6768 cls=0.4388 cme=2.2381 acc=0.9673 cells=118036
[ct_train] saved best checkpoint (val_eval_loss=2.6768 val_acc=0.9673)
[ct_train] rechunked train graphs (seed=29)

=== Epoch 29/1000 ===
[train] loss=5.2386 cls=0.4608 cme=2.2273 acc=0.9667 cells=158379
[ct_train] rechunked train graphs (seed=30)

=== Epoch 30/1000 ===
[train] loss=5.2393 cls=0.4590 cme=2.2285 acc=0.9672 cells=158379
[val]   loss=5.2320 eval=2.6718 cls=0.4364 cme=2.2354 acc=0.9679 cells=118036
[ct_train] saved best checkpoint (val_eval_loss=2.6718 val_acc=0.9679)
[ct_train] rechunked train graphs (seed=31)

=== Epoch 31/1000 ===
[train] loss=5.2350 cls=0.4591 cme=2.2264 acc=0.9674 cells=158379
[ct_train] rechunked train graphs (seed=32)

=== Epoch 32/1000 ===
[train] loss=5.2530 cls=0.4588 cme=2.2349 acc=0.9674 cells=158379
[val]   loss=5.2253 eval=2.6676 cls=0.4343 cme=2.2333 acc=0.9684 cells=118036
[ct_train] saved best checkpoint (val_eval_loss=2.6676 val_acc=0.9684)
[ct_train] rechunked train graphs (seed=33)

=== Epoch 33/1000 ===
[train] loss=5.2264 cls=0.4543 cme=2.2247 acc=0.9684 cells=158379
[ct_train] rechunked train graphs (seed=34)

=== Epoch 34/1000 ===
[train] loss=5.2176 cls=0.4544 cme=2.2207 acc=0.9682 cells=158379
[val]   loss=5.2189 eval=2.6635 cls=0.4322 cme=2.2313 acc=0.9689 cells=118036
[ct_train] saved best checkpoint (val_eval_loss=2.6635 val_acc=0.9689)
[ct_train] rechunked train graphs (seed=35)

=== Epoch 35/1000 ===
[train] loss=5.2239 cls=0.4531 cme=2.2240 acc=0.9689 cells=158379
[ct_train] rechunked train graphs (seed=36)

=== Epoch 36/1000 ===
[train] loss=5.2174 cls=0.4501 cme=2.2225 acc=0.9692 cells=158379
[val]   loss=5.2132 eval=2.6600 cls=0.4307 cme=2.2294 acc=0.9693 cells=118036
[ct_train] saved best checkpoint (val_eval_loss=2.6600 val_acc=0.9693)
[ct_train] rechunked train graphs (seed=37)

=== Epoch 37/1000 ===
[train] loss=5.2082 cls=0.4508 cme=2.2179 acc=0.9696 cells=158379
[ct_train] rechunked train graphs (seed=38)

=== Epoch 38/1000 ===
[train] loss=5.1959 cls=0.4484 cme=2.2134 acc=0.9696 cells=158379
[val]   loss=5.2075 eval=2.6564 cls=0.4288 cme=2.2276 acc=0.9698 cells=118036
[ct_train] saved best checkpoint (val_eval_loss=2.6564 val_acc=0.9698)
[ct_train] rechunked train graphs (seed=39)

=== Epoch 39/1000 ===
[train] loss=5.2059 cls=0.4471 cme=2.2186 acc=0.9699 cells=158379
[ct_train] rechunked train graphs (seed=40)

=== Epoch 40/1000 ===
[train] loss=5.2002 cls=0.4469 cme=2.2160 acc=0.9701 cells=158379
[val]   loss=5.2031 eval=2.6537 cls=0.4276 cme=2.2261 acc=0.9703 cells=118036
[ct_train] saved best checkpoint (val_eval_loss=2.6537 val_acc=0.9703)
[ct_train] rechunked train graphs (seed=41)

=== Epoch 41/1000 ===
[train] loss=5.1884 cls=0.4454 cme=2.2113 acc=0.9705 cells=158379
[ct_train] rechunked train graphs (seed=42)

=== Epoch 42/1000 ===
[train] loss=5.1932 cls=0.4460 cme=2.2132 acc=0.9709 cells=158379
[val]   loss=5.1991 eval=2.6512 cls=0.4263 cme=2.2249 acc=0.9706 cells=118036
[ct_train] saved best checkpoint (val_eval_loss=2.6512 val_acc=0.9706)
[ct_train] rechunked train graphs (seed=43)

=== Epoch 43/1000 ===
[train] loss=5.2004 cls=0.4455 cme=2.2167 acc=0.9709 cells=158379
[ct_train] rechunked train graphs (seed=44)

=== Epoch 44/1000 ===
[train] loss=5.1834 cls=0.4439 cme=2.2097 acc=0.9713 cells=158379
[val]   loss=5.1953 eval=2.6488 cls=0.4251 cme=2.2237 acc=0.9709 cells=118036
[ct_train] saved best checkpoint (val_eval_loss=2.6488 val_acc=0.9709)
[ct_train] rechunked train graphs (seed=45)

=== Epoch 45/1000 ===
[train] loss=5.1924 cls=0.4439 cme=2.2137 acc=0.9714 cells=158379
[ct_train] rechunked train graphs (seed=46)

=== Epoch 46/1000 ===
[train] loss=5.1705 cls=0.4406 cme=2.2052 acc=0.9717 cells=158379
[val]   loss=5.1921 eval=2.6467 cls=0.4240 cme=2.2227 acc=0.9711 cells=118036
[ct_train] saved best checkpoint (val_eval_loss=2.6467 val_acc=0.9711)
[ct_train] rechunked train graphs (seed=47)

=== Epoch 47/1000 ===
[train] loss=5.1827 cls=0.4409 cme=2.2107 acc=0.9726 cells=158379
[ct_train] rechunked train graphs (seed=48)

=== Epoch 48/1000 ===
[train] loss=5.1723 cls=0.4395 cme=2.2066 acc=0.9721 cells=158379
[val]   loss=5.1886 eval=2.6446 cls=0.4230 cme=2.2216 acc=0.9715 cells=118036
[ct_train] saved best checkpoint (val_eval_loss=2.6446 val_acc=0.9715)
[ct_train] rechunked train graphs (seed=49)

=== Epoch 49/1000 ===
[train] loss=5.1764 cls=0.4385 cme=2.2089 acc=0.9725 cells=158379
[ct_train] rechunked train graphs (seed=50)

=== Epoch 50/1000 ===
[train] loss=5.1666 cls=0.4380 cme=2.2046 acc=0.9731 cells=158379
[val]   loss=5.1852 eval=2.6425 cls=0.4220 cme=2.2205 acc=0.9719 cells=118036
[ct_train] saved best checkpoint (val_eval_loss=2.6425 val_acc=0.9719)
[ct_train] rechunked train graphs (seed=51)

=== Epoch 51/1000 ===
[train] loss=5.1622 cls=0.4379 cme=2.2026 acc=0.9730 cells=158379
[ct_train] rechunked train graphs (seed=52)

=== Epoch 52/1000 ===
[train] loss=5.1622 cls=0.4374 cme=2.2029 acc=0.9730 cells=158379
[val]   loss=5.1829 eval=2.6409 cls=0.4210 cme=2.2199 acc=0.9721 cells=118036
[ct_train] saved best checkpoint (val_eval_loss=2.6409 val_acc=0.9721)
[ct_train] rechunked train graphs (seed=53)

=== Epoch 53/1000 ===
[train] loss=5.1549 cls=0.4353 cme=2.2004 acc=0.9736 cells=158379
[ct_train] rechunked train graphs (seed=54)

=== Epoch 54/1000 ===
[train] loss=5.1818 cls=0.4378 cme=2.2118 acc=0.9733 cells=158379
[val]   loss=5.1802 eval=2.6395 cls=0.4206 cme=2.2189 acc=0.9723 cells=118036
[ct_train] saved best checkpoint (val_eval_loss=2.6395 val_acc=0.9723)
[ct_train] rechunked train graphs (seed=55)

=== Epoch 55/1000 ===
[train] loss=5.1584 cls=0.4345 cme=2.2024 acc=0.9733 cells=158379
[ct_train] rechunked train graphs (seed=56)

=== Epoch 56/1000 ===
[train] loss=5.1580 cls=0.4340 cme=2.2024 acc=0.9740 cells=158379
[val]   loss=5.1781 eval=2.6380 cls=0.4198 cme=2.2183 acc=0.9726 cells=118036
[ct_train] saved best checkpoint (val_eval_loss=2.6380 val_acc=0.9726)
[ct_train] rechunked train graphs (seed=57)

=== Epoch 57/1000 ===
[train] loss=5.1558 cls=0.4353 cme=2.2008 acc=0.9736 cells=158379
[ct_train] rechunked train graphs (seed=58)

=== Epoch 58/1000 ===
[train] loss=5.1547 cls=0.4340 cme=2.2009 acc=0.9738 cells=158379
[val]   loss=5.1760 eval=2.6367 cls=0.4190 cme=2.2176 acc=0.9727 cells=118036
[ct_train] saved best checkpoint (val_eval_loss=2.6367 val_acc=0.9727)
[ct_train] rechunked train graphs (seed=59)

=== Epoch 59/1000 ===
[train] loss=5.1464 cls=0.4312 cme=2.1985 acc=0.9744 cells=158379
[ct_train] rechunked train graphs (seed=60)

=== Epoch 60/1000 ===
[train] loss=5.1658 cls=0.4331 cme=2.2065 acc=0.9742 cells=158379
[val]   loss=5.1744 eval=2.6357 cls=0.4185 cme=2.2171 acc=0.9729 cells=118036
[ct_train] saved best checkpoint (val_eval_loss=2.6357 val_acc=0.9729)
[ct_train] rechunked train graphs (seed=61)

=== Epoch 61/1000 ===
[train] loss=5.1518 cls=0.4320 cme=2.2005 acc=0.9745 cells=158379
[ct_train] rechunked train graphs (seed=62)

=== Epoch 62/1000 ===
[train] loss=5.1513 cls=0.4312 cme=2.2007 acc=0.9746 cells=158379
[val]   loss=5.1724 eval=2.6345 cls=0.4180 cme=2.2165 acc=0.9730 cells=118036
[ct_train] saved best checkpoint (val_eval_loss=2.6345 val_acc=0.9730)
[ct_train] rechunked train graphs (seed=63)

=== Epoch 63/1000 ===
[train] loss=5.1389 cls=0.4306 cme=2.1952 acc=0.9747 cells=158379
[ct_train] rechunked train graphs (seed=64)

=== Epoch 64/1000 ===
[train] loss=5.1367 cls=0.4297 cme=2.1946 acc=0.9751 cells=158379
[val]   loss=5.1710 eval=2.6336 cls=0.4177 cme=2.2160 acc=0.9731 cells=118036
[ct_train] saved best checkpoint (val_eval_loss=2.6336 val_acc=0.9731)
[ct_train] rechunked train graphs (seed=65)

=== Epoch 65/1000 ===
[train] loss=5.1446 cls=0.4301 cme=2.1982 acc=0.9749 cells=158379
[ct_train] rechunked train graphs (seed=66)

=== Epoch 66/1000 ===
[train] loss=5.1525 cls=0.4302 cme=2.2017 acc=0.9748 cells=158379
[val]   loss=5.1695 eval=2.6327 cls=0.4172 cme=2.2155 acc=0.9732 cells=118036
[ct_train] saved best checkpoint (val_eval_loss=2.6327 val_acc=0.9732)
[ct_train] rechunked train graphs (seed=67)

=== Epoch 67/1000 ===
[train] loss=5.1426 cls=0.4295 cme=2.1975 acc=0.9751 cells=158379
[ct_train] rechunked train graphs (seed=68)

=== Epoch 68/1000 ===
[train] loss=5.1393 cls=0.4280 cme=2.1966 acc=0.9753 cells=158379
[val]   loss=5.1689 eval=2.6322 cls=0.4166 cme=2.2155 acc=0.9734 cells=118036
[ct_train] saved best checkpoint (val_eval_loss=2.6322 val_acc=0.9734)
[ct_train] rechunked train graphs (seed=69)

=== Epoch 69/1000 ===
[train] loss=5.1284 cls=0.4274 cme=2.1918 acc=0.9756 cells=158379
[ct_train] rechunked train graphs (seed=70)

=== Epoch 70/1000 ===
[train] loss=5.1265 cls=0.4278 cme=2.1908 acc=0.9760 cells=158379
[val]   loss=5.1675 eval=2.6313 cls=0.4163 cme=2.2150 acc=0.9735 cells=118036
[ct_train] saved best checkpoint (val_eval_loss=2.6313 val_acc=0.9735)
[ct_train] rechunked train graphs (seed=71)

=== Epoch 71/1000 ===
[train] loss=5.1388 cls=0.4281 cme=2.1963 acc=0.9759 cells=158379
[ct_train] rechunked train graphs (seed=72)

=== Epoch 72/1000 ===
[train] loss=5.1255 cls=0.4264 cme=2.1910 acc=0.9758 cells=158379
[val]   loss=5.1650 eval=2.6299 cls=0.4157 cme=2.2141 acc=0.9738 cells=118036
[ct_train] saved best checkpoint (val_eval_loss=2.6299 val_acc=0.9738)
[ct_train] rechunked train graphs (seed=73)

=== Epoch 73/1000 ===
[train] loss=5.1365 cls=0.4256 cme=2.1964 acc=0.9763 cells=158379
[ct_train] rechunked train graphs (seed=74)

=== Epoch 74/1000 ===
[train] loss=5.1378 cls=0.4256 cme=2.1971 acc=0.9763 cells=158379
[val]   loss=5.1633 eval=2.6289 cls=0.4154 cme=2.2135 acc=0.9738 cells=118036
[ct_train] saved best checkpoint (val_eval_loss=2.6289 val_acc=0.9738)
[ct_train] rechunked train graphs (seed=75)

=== Epoch 75/1000 ===
[train] loss=5.1189 cls=0.4245 cme=2.1889 acc=0.9764 cells=158379
[ct_train] rechunked train graphs (seed=76)

=== Epoch 76/1000 ===
[train] loss=5.1191 cls=0.4250 cme=2.1886 acc=0.9762 cells=158379
[val]   loss=5.1622 eval=2.6282 cls=0.4151 cme=2.2131 acc=0.9739 cells=118036
[ct_train] saved best checkpoint (val_eval_loss=2.6282 val_acc=0.9739)
[ct_train] rechunked train graphs (seed=77)

=== Epoch 77/1000 ===
[train] loss=5.1203 cls=0.4238 cme=2.1898 acc=0.9767 cells=158379
[ct_train] rechunked train graphs (seed=78)

=== Epoch 78/1000 ===
[train] loss=5.1247 cls=0.4236 cme=2.1919 acc=0.9763 cells=158379
[val]   loss=5.1600 eval=2.6270 cls=0.4147 cme=2.2123 acc=0.9740 cells=118036
[ct_train] saved best checkpoint (val_eval_loss=2.6270 val_acc=0.9740)
[ct_train] rechunked train graphs (seed=79)

=== Epoch 79/1000 ===
[train] loss=5.1264 cls=0.4232 cme=2.1928 acc=0.9769 cells=158379
[ct_train] rechunked train graphs (seed=80)

=== Epoch 80/1000 ===
[train] loss=5.1135 cls=0.4230 cme=2.1871 acc=0.9767 cells=158379
[val]   loss=5.1586 eval=2.6262 cls=0.4143 cme=2.2118 acc=0.9742 cells=118036
[ct_train] saved best checkpoint (val_eval_loss=2.6262 val_acc=0.9742)
[ct_train] rechunked train graphs (seed=81)

=== Epoch 81/1000 ===
[train] loss=5.1117 cls=0.4226 cme=2.1863 acc=0.9768 cells=158379
[ct_train] rechunked train graphs (seed=82)

=== Epoch 82/1000 ===
[train] loss=5.1112 cls=0.4215 cme=2.1867 acc=0.9772 cells=158379
[val]   loss=5.1575 eval=2.6255 cls=0.4140 cme=2.2115 acc=0.9743 cells=118036
[ct_train] saved best checkpoint (val_eval_loss=2.6255 val_acc=0.9743)
[ct_train] rechunked train graphs (seed=83)

=== Epoch 83/1000 ===
[train] loss=5.1134 cls=0.4208 cme=2.1879 acc=0.9778 cells=158379
[ct_train] rechunked train graphs (seed=84)

=== Epoch 84/1000 ===
[train] loss=5.1087 cls=0.4214 cme=2.1856 acc=0.9774 cells=158379
[val]   loss=5.1578 eval=2.6255 cls=0.4138 cme=2.2117 acc=0.9743 cells=118036
[ct_train] early_stopping: no improve on val/eval_loss for 1/45 val checks
[ct_train] rechunked train graphs (seed=85)

=== Epoch 85/1000 ===
[train] loss=5.1053 cls=0.4208 cme=2.1842 acc=0.9777 cells=158379
[ct_train] rechunked train graphs (seed=86)

=== Epoch 86/1000 ===
[train] loss=5.1172 cls=0.4203 cme=2.1900 acc=0.9776 cells=158379
[val]   loss=5.1566 eval=2.6248 cls=0.4136 cme=2.2113 acc=0.9745 cells=118036
[ct_train] saved best checkpoint (val_eval_loss=2.6248 val_acc=0.9745)
[ct_train] rechunked train graphs (seed=87)

=== Epoch 87/1000 ===
[train] loss=5.1118 cls=0.4198 cme=2.1877 acc=0.9781 cells=158379
[ct_train] rechunked train graphs (seed=88)

=== Epoch 88/1000 ===
[train] loss=5.1038 cls=0.4203 cme=2.1838 acc=0.9781 cells=158379
[val]   loss=5.1564 eval=2.6245 cls=0.4132 cme=2.2114 acc=0.9744 cells=118036
[ct_train] saved best checkpoint (val_eval_loss=2.6245 val_acc=0.9745)
[ct_train] rechunked train graphs (seed=89)

=== Epoch 89/1000 ===
[train] loss=5.0995 cls=0.4189 cme=2.1824 acc=0.9781 cells=158379
[ct_train] rechunked train graphs (seed=90)

=== Epoch 90/1000 ===
[train] loss=5.1025 cls=0.4180 cme=2.1843 acc=0.9786 cells=158379
[val]   loss=5.1551 eval=2.6238 cls=0.4128 cme=2.2109 acc=0.9745 cells=118036
[ct_train] saved best checkpoint (val_eval_loss=2.6238 val_acc=0.9745)
[ct_train] rechunked train graphs (seed=91)

=== Epoch 91/1000 ===
[train] loss=5.0985 cls=0.4172 cme=2.1828 acc=0.9784 cells=158379
[ct_train] rechunked train graphs (seed=92)

=== Epoch 92/1000 ===
[train] loss=5.0982 cls=0.4173 cme=2.1826 acc=0.9785 cells=158379
[val]   loss=5.1547 eval=2.6235 cls=0.4127 cme=2.2108 acc=0.9748 cells=118036
[ct_train] saved best checkpoint (val_eval_loss=2.6235 val_acc=0.9748)
[ct_train] early_stopping: no improve on val/eval_loss for 1/45 val checks
[ct_train] rechunked train graphs (seed=93)

=== Epoch 93/1000 ===
[train] loss=5.1048 cls=0.4174 cme=2.1856 acc=0.9789 cells=158379
[ct_train] rechunked train graphs (seed=94)

=== Epoch 94/1000 ===
[train] loss=5.0921 cls=0.4170 cme=2.1798 acc=0.9783 cells=158379
[val]   loss=5.1542 eval=2.6232 cls=0.4127 cme=2.2106 acc=0.9748 cells=118036
[ct_train] saved best checkpoint (val_eval_loss=2.6232 val_acc=0.9748)
[ct_train] early_stopping: no improve on val/eval_loss for 2/45 val checks
[ct_train] rechunked train graphs (seed=95)

=== Epoch 95/1000 ===
[train] loss=5.1140 cls=0.4166 cme=2.1902 acc=0.9791 cells=158379
[ct_train] rechunked train graphs (seed=96)

=== Epoch 96/1000 ===
[train] loss=5.1019 cls=0.4159 cme=2.1849 acc=0.9791 cells=158379
[val]   loss=5.1527 eval=2.6223 cls=0.4122 cme=2.2101 acc=0.9748 cells=118036
[ct_train] saved best checkpoint (val_eval_loss=2.6223 val_acc=0.9748)
[ct_train] rechunked train graphs (seed=97)

=== Epoch 97/1000 ===
[train] loss=5.1053 cls=0.4163 cme=2.1862 acc=0.9789 cells=158379
[ct_train] rechunked train graphs (seed=98)

=== Epoch 98/1000 ===
[train] loss=5.0920 cls=0.4165 cme=2.1801 acc=0.9785 cells=158379
[val]   loss=5.1522 eval=2.6219 cls=0.4118 cme=2.2101 acc=0.9750 cells=118036
[ct_train] saved best checkpoint (val_eval_loss=2.6219 val_acc=0.9750)
[ct_train] rechunked train graphs (seed=99)

=== Epoch 99/1000 ===
[train] loss=5.0819 cls=0.4165 cme=2.1754 acc=0.9786 cells=158379
[ct_train] rechunked train graphs (seed=100)

=== Epoch 100/1000 ===
[train] loss=5.0843 cls=0.4152 cme=2.1771 acc=0.9791 cells=158379
[val]   loss=5.1514 eval=2.6214 cls=0.4115 cme=2.2098 acc=0.9751 cells=118036
[ct_train] saved best checkpoint (val_eval_loss=2.6214 val_acc=0.9751)
[ct_train] rechunked train graphs (seed=101)

=== Epoch 101/1000 ===
[train] loss=5.1024 cls=0.4153 cme=2.1854 acc=0.9795 cells=158379
[ct_train] rechunked train graphs (seed=102)

=== Epoch 102/1000 ===
[train] loss=5.0956 cls=0.4141 cme=2.1829 acc=0.9793 cells=158379
[val]   loss=5.1496 eval=2.6205 cls=0.4114 cme=2.2091 acc=0.9752 cells=118036
[ct_train] saved best checkpoint (val_eval_loss=2.6205 val_acc=0.9752)
[ct_train] rechunked train graphs (seed=103)

=== Epoch 103/1000 ===
[train] loss=5.0998 cls=0.4141 cme=2.1847 acc=0.9792 cells=158379
[ct_train] rechunked train graphs (seed=104)

=== Epoch 104/1000 ===
[train] loss=5.0823 cls=0.4136 cme=2.1769 acc=0.9797 cells=158379
[val]   loss=5.1492 eval=2.6202 cls=0.4112 cme=2.2090 acc=0.9751 cells=118036
[ct_train] saved best checkpoint (val_eval_loss=2.6202 val_acc=0.9752)
[ct_train] early_stopping: no improve on val/eval_loss for 1/45 val checks
[ct_train] rechunked train graphs (seed=105)

=== Epoch 105/1000 ===
[train] loss=5.0848 cls=0.4139 cme=2.1779 acc=0.9797 cells=158379
[ct_train] rechunked train graphs (seed=106)

=== Epoch 106/1000 ===
[train] loss=5.0866 cls=0.4145 cme=2.1785 acc=0.9791 cells=158379
[val]   loss=5.1496 eval=2.6203 cls=0.4111 cme=2.2093 acc=0.9751 cells=118036
[ct_train] early_stopping: no improve on val/eval_loss for 2/45 val checks
[ct_train] rechunked train graphs (seed=107)

=== Epoch 107/1000 ===
[train] loss=5.0804 cls=0.4127 cme=2.1764 acc=0.9799 cells=158379
[ct_train] rechunked train graphs (seed=108)

=== Epoch 108/1000 ===
[train] loss=5.0950 cls=0.4129 cme=2.1831 acc=0.9796 cells=158379
[val]   loss=5.1491 eval=2.6200 cls=0.4109 cme=2.2091 acc=0.9751 cells=118036
[ct_train] saved best checkpoint (val_eval_loss=2.6200 val_acc=0.9752)
[ct_train] early_stopping: no improve on val/eval_loss for 3/45 val checks
[ct_train] rechunked train graphs (seed=109)

=== Epoch 109/1000 ===
[train] loss=5.0810 cls=0.4123 cme=2.1770 acc=0.9796 cells=158379
[ct_train] rechunked train graphs (seed=110)

=== Epoch 110/1000 ===
[train] loss=5.0810 cls=0.4121 cme=2.1770 acc=0.9796 cells=158379
[val]   loss=5.1483 eval=2.6196 cls=0.4108 cme=2.2088 acc=0.9753 cells=118036
[ct_train] saved best checkpoint (val_eval_loss=2.6196 val_acc=0.9753)
[ct_train] rechunked train graphs (seed=111)

=== Epoch 111/1000 ===
[train] loss=5.0759 cls=0.4116 cme=2.1750 acc=0.9795 cells=158379
[ct_train] rechunked train graphs (seed=112)

=== Epoch 112/1000 ===
[train] loss=5.0718 cls=0.4116 cme=2.1729 acc=0.9801 cells=158379
[val]   loss=5.1480 eval=2.6194 cls=0.4107 cme=2.2087 acc=0.9753 cells=118036
[ct_train] saved best checkpoint (val_eval_loss=2.6194 val_acc=0.9753)
[ct_train] early_stopping: no improve on val/eval_loss for 1/45 val checks
[ct_train] rechunked train graphs (seed=113)

=== Epoch 113/1000 ===
[train] loss=5.0781 cls=0.4109 cme=2.1763 acc=0.9803 cells=158379
[ct_train] rechunked train graphs (seed=114)

=== Epoch 114/1000 ===
[train] loss=5.0794 cls=0.4112 cme=2.1767 acc=0.9799 cells=158379
[val]   loss=5.1473 eval=2.6190 cls=0.4105 cme=2.2085 acc=0.9754 cells=118036
[ct_train] saved best checkpoint (val_eval_loss=2.6190 val_acc=0.9754)
[ct_train] rechunked train graphs (seed=115)

=== Epoch 115/1000 ===
[train] loss=5.0657 cls=0.4106 cme=2.1707 acc=0.9804 cells=158379
[ct_train] rechunked train graphs (seed=116)

=== Epoch 116/1000 ===
[train] loss=5.0666 cls=0.4102 cme=2.1712 acc=0.9806 cells=158379
[val]   loss=5.1470 eval=2.6187 cls=0.4103 cme=2.2084 acc=0.9755 cells=118036
[ct_train] saved best checkpoint (val_eval_loss=2.6187 val_acc=0.9755)
[ct_train] early_stopping: no improve on val/eval_loss for 1/45 val checks
[ct_train] rechunked train graphs (seed=117)

=== Epoch 117/1000 ===
[train] loss=5.0749 cls=0.4107 cme=2.1749 acc=0.9804 cells=158379
[ct_train] rechunked train graphs (seed=118)

=== Epoch 118/1000 ===
[train] loss=5.0708 cls=0.4101 cme=2.1733 acc=0.9803 cells=158379
[val]   loss=5.1469 eval=2.6186 cls=0.4101 cme=2.2085 acc=0.9755 cells=118036
[ct_train] saved best checkpoint (val_eval_loss=2.6186 val_acc=0.9755)
[ct_train] early_stopping: no improve on val/eval_loss for 2/45 val checks
[ct_train] rechunked train graphs (seed=119)

=== Epoch 119/1000 ===
[train] loss=5.0581 cls=0.4084 cme=2.1681 acc=0.9811 cells=158379
[ct_train] rechunked train graphs (seed=120)

=== Epoch 120/1000 ===
[train] loss=5.0592 cls=0.4082 cme=2.1687 acc=0.9811 cells=158379
[val]   loss=5.1465 eval=2.6182 cls=0.4098 cme=2.2085 acc=0.9754 cells=118036
[ct_train] saved best checkpoint (val_eval_loss=2.6182 val_acc=0.9755)
[ct_train] rechunked train graphs (seed=121)

=== Epoch 121/1000 ===
[train] loss=5.0746 cls=0.4089 cme=2.1756 acc=0.9809 cells=158379
[ct_train] rechunked train graphs (seed=122)

=== Epoch 122/1000 ===
[train] loss=5.0569 cls=0.4091 cme=2.1673 acc=0.9812 cells=158379
[val]   loss=5.1456 eval=2.6178 cls=0.4097 cme=2.2081 acc=0.9756 cells=118036
[ct_train] saved best checkpoint (val_eval_loss=2.6178 val_acc=0.9756)
[ct_train] rechunked train graphs (seed=123)

=== Epoch 123/1000 ===
[train] loss=5.0671 cls=0.4082 cme=2.1724 acc=0.9810 cells=158379
[ct_train] rechunked train graphs (seed=124)

=== Epoch 124/1000 ===
[train] loss=5.0731 cls=0.4075 cme=2.1755 acc=0.9815 cells=158379
[val]   loss=5.1461 eval=2.6181 cls=0.4098 cme=2.2083 acc=0.9756 cells=118036
[ct_train] early_stopping: no improve on val/eval_loss for 1/45 val checks
[ct_train] rechunked train graphs (seed=125)

=== Epoch 125/1000 ===
[train] loss=5.0679 cls=0.4077 cme=2.1729 acc=0.9816 cells=158379
[ct_train] rechunked train graphs (seed=126)

=== Epoch 126/1000 ===
[train] loss=5.0673 cls=0.4076 cme=2.1728 acc=0.9815 cells=158379
[val]   loss=5.1449 eval=2.6175 cls=0.4097 cme=2.2078 acc=0.9755 cells=118036
[ct_train] saved best checkpoint (val_eval_loss=2.6175 val_acc=0.9756)
[ct_train] early_stopping: no improve on val/eval_loss for 2/45 val checks
[ct_train] rechunked train graphs (seed=127)

=== Epoch 127/1000 ===
[train] loss=5.0704 cls=0.4078 cme=2.1741 acc=0.9813 cells=158379
[ct_train] rechunked train graphs (seed=128)

=== Epoch 128/1000 ===
[train] loss=5.0590 cls=0.4063 cme=2.1695 acc=0.9819 cells=158379
[val]   loss=5.1442 eval=2.6172 cls=0.4098 cme=2.2074 acc=0.9755 cells=118036
[ct_train] saved best checkpoint (val_eval_loss=2.6172 val_acc=0.9756)
[ct_train] rechunked train graphs (seed=129)

=== Epoch 129/1000 ===
[train] loss=5.0594 cls=0.4061 cme=2.1699 acc=0.9816 cells=158379
[ct_train] rechunked train graphs (seed=130)

=== Epoch 130/1000 ===
[train] loss=5.0600 cls=0.4063 cme=2.1699 acc=0.9820 cells=158379
[val]   loss=5.1434 eval=2.6168 cls=0.4097 cme=2.2071 acc=0.9757 cells=118036
[ct_train] saved best checkpoint (val_eval_loss=2.6168 val_acc=0.9757)
[ct_train] rechunked train graphs (seed=131)

=== Epoch 131/1000 ===
[train] loss=5.0553 cls=0.4063 cme=2.1679 acc=0.9817 cells=158379
[ct_train] rechunked train graphs (seed=132)

=== Epoch 132/1000 ===
[train] loss=5.0528 cls=0.4053 cme=2.1671 acc=0.9821 cells=158379
[val]   loss=5.1422 eval=2.6161 cls=0.4095 cme=2.2066 acc=0.9758 cells=118036
[ct_train] saved best checkpoint (val_eval_loss=2.6161 val_acc=0.9758)
[ct_train] rechunked train graphs (seed=133)

=== Epoch 133/1000 ===
[train] loss=5.0548 cls=0.4051 cme=2.1681 acc=0.9822 cells=158379
[ct_train] rechunked train graphs (seed=134)

=== Epoch 134/1000 ===
[train] loss=5.0585 cls=0.4061 cme=2.1694 acc=0.9821 cells=158379
[val]   loss=5.1418 eval=2.6160 cls=0.4095 cme=2.2065 acc=0.9759 cells=118036
[ct_train] saved best checkpoint (val_eval_loss=2.6160 val_acc=0.9759)
[ct_train] early_stopping: no improve on val/eval_loss for 1/45 val checks
[ct_train] rechunked train graphs (seed=135)

=== Epoch 135/1000 ===
[train] loss=5.0537 cls=0.4051 cme=2.1678 acc=0.9820 cells=158379
[ct_train] rechunked train graphs (seed=136)

=== Epoch 136/1000 ===
[train] loss=5.0520 cls=0.4053 cme=2.1667 acc=0.9821 cells=158379
[val]   loss=5.1414 eval=2.6157 cls=0.4093 cme=2.2064 acc=0.9759 cells=118036
[ct_train] saved best checkpoint (val_eval_loss=2.6157 val_acc=0.9759)
[ct_train] rechunked train graphs (seed=137)

=== Epoch 137/1000 ===
[train] loss=5.0590 cls=0.4049 cme=2.1702 acc=0.9823 cells=158379
[ct_train] rechunked train graphs (seed=138)

=== Epoch 138/1000 ===
[train] loss=5.0421 cls=0.4040 cme=2.1628 acc=0.9825 cells=158379
[val]   loss=5.1399 eval=2.6149 cls=0.4092 cme=2.2057 acc=0.9760 cells=118036
[ct_train] saved best checkpoint (val_eval_loss=2.6149 val_acc=0.9760)
[ct_train] rechunked train graphs (seed=139)

=== Epoch 139/1000 ===
[train] loss=5.0515 cls=0.4040 cme=2.1672 acc=0.9823 cells=158379
[ct_train] rechunked train graphs (seed=140)

=== Epoch 140/1000 ===
[train] loss=5.0449 cls=0.4034 cme=2.1643 acc=0.9828 cells=158379
[val]   loss=5.1392 eval=2.6146 cls=0.4092 cme=2.2054 acc=0.9759 cells=118036
[ct_train] saved best checkpoint (val_eval_loss=2.6146 val_acc=0.9760)
[ct_train] rechunked train graphs (seed=141)

=== Epoch 141/1000 ===
[train] loss=5.0469 cls=0.4034 cme=2.1654 acc=0.9827 cells=158379
[ct_train] rechunked train graphs (seed=142)

=== Epoch 142/1000 ===
[train] loss=5.0442 cls=0.4027 cme=2.1644 acc=0.9827 cells=158379
[val]   loss=5.1387 eval=2.6143 cls=0.4091 cme=2.2053 acc=0.9761 cells=118036
[ct_train] saved best checkpoint (val_eval_loss=2.6143 val_acc=0.9761)
[ct_train] early_stopping: no improve on val/eval_loss for 1/45 val checks
[ct_train] rechunked train graphs (seed=143)

=== Epoch 143/1000 ===
[train] loss=5.0406 cls=0.4026 cme=2.1627 acc=0.9830 cells=158379
[ct_train] rechunked train graphs (seed=144)

=== Epoch 144/1000 ===
[train] loss=5.0428 cls=0.4027 cme=2.1638 acc=0.9830 cells=158379
[val]   loss=5.1388 eval=2.6144 cls=0.4090 cme=2.2053 acc=0.9761 cells=118036
[ct_train] early_stopping: no improve on val/eval_loss for 2/45 val checks
[ct_train] rechunked train graphs (seed=145)

=== Epoch 145/1000 ===
[train] loss=5.0502 cls=0.4024 cme=2.1673 acc=0.9833 cells=158379
[ct_train] rechunked train graphs (seed=146)

=== Epoch 146/1000 ===
[train] loss=5.0377 cls=0.4020 cme=2.1618 acc=0.9833 cells=158379
[val]   loss=5.1392 eval=2.6145 cls=0.4089 cme=2.2055 acc=0.9760 cells=118036
[ct_train] early_stopping: no improve on val/eval_loss for 3/45 val checks
[ct_train] rechunked train graphs (seed=147)

=== Epoch 147/1000 ===
[train] loss=5.0461 cls=0.4019 cme=2.1655 acc=0.9832 cells=158379
[ct_train] rechunked train graphs (seed=148)

=== Epoch 148/1000 ===
[train] loss=5.0425 cls=0.4008 cme=2.1645 acc=0.9833 cells=158379
[val]   loss=5.1388 eval=2.6143 cls=0.4090 cme=2.2053 acc=0.9759 cells=118036
[ct_train] early_stopping: no improve on val/eval_loss for 4/45 val checks
[ct_train] rechunked train graphs (seed=149)

=== Epoch 149/1000 ===
[train] loss=5.0371 cls=0.4012 cme=2.1619 acc=0.9835 cells=158379
[ct_train] rechunked train graphs (seed=150)

=== Epoch 150/1000 ===
[train] loss=5.0390 cls=0.4012 cme=2.1626 acc=0.9831 cells=158379
[val]   loss=5.1392 eval=2.6146 cls=0.4092 cme=2.2054 acc=0.9759 cells=118036
[ct_train] early_stopping: no improve on val/eval_loss for 5/45 val checks
[ct_train] rechunked train graphs (seed=151)

=== Epoch 151/1000 ===
[train] loss=5.0437 cls=0.4019 cme=2.1645 acc=0.9831 cells=158379
[ct_train] rechunked train graphs (seed=152)

=== Epoch 152/1000 ===
[train] loss=5.0462 cls=0.4015 cme=2.1659 acc=0.9837 cells=158379
[val]   loss=5.1386 eval=2.6143 cls=0.4091 cme=2.2052 acc=0.9760 cells=118036
[ct_train] saved best checkpoint (val_eval_loss=2.6143 val_acc=0.9761)
[ct_train] early_stopping: no improve on val/eval_loss for 6/45 val checks
[ct_train] rechunked train graphs (seed=153)

=== Epoch 153/1000 ===
[train] loss=5.0366 cls=0.4010 cme=2.1616 acc=0.9832 cells=158379
[ct_train] rechunked train graphs (seed=154)

=== Epoch 154/1000 ===
[train] loss=5.0384 cls=0.4000 cme=2.1629 acc=0.9840 cells=158379
[val]   loss=5.1374 eval=2.6136 cls=0.4090 cme=2.2046 acc=0.9760 cells=118036
[ct_train] saved best checkpoint (val_eval_loss=2.6136 val_acc=0.9761)
[ct_train] rechunked train graphs (seed=155)

=== Epoch 155/1000 ===
[train] loss=5.0459 cls=0.4000 cme=2.1663 acc=0.9841 cells=158379
[ct_train] rechunked train graphs (seed=156)

=== Epoch 156/1000 ===
[train] loss=5.0338 cls=0.3994 cme=2.1611 acc=0.9839 cells=158379
[val]   loss=5.1381 eval=2.6141 cls=0.4093 cme=2.2048 acc=0.9761 cells=118036
[ct_train] early_stopping: no improve on val/eval_loss for 1/45 val checks
[ct_train] rechunked train graphs (seed=157)

=== Epoch 157/1000 ===
[train] loss=5.0362 cls=0.3990 cme=2.1624 acc=0.9839 cells=158379
[ct_train] rechunked train graphs (seed=158)

=== Epoch 158/1000 ===
[train] loss=5.0433 cls=0.3990 cme=2.1657 acc=0.9840 cells=158379
[val]   loss=5.1379 eval=2.6141 cls=0.4093 cme=2.2047 acc=0.9759 cells=118036
[ct_train] early_stopping: no improve on val/eval_loss for 2/45 val checks
[ct_train] rechunked train graphs (seed=159)

=== Epoch 159/1000 ===
[train] loss=5.0265 cls=0.3985 cme=2.1582 acc=0.9841 cells=158379
[ct_train] rechunked train graphs (seed=160)

=== Epoch 160/1000 ===
[train] loss=5.0371 cls=0.3986 cme=2.1630 acc=0.9846 cells=158379
[val]   loss=5.1379 eval=2.6141 cls=0.4093 cme=2.2047 acc=0.9760 cells=118036
[ct_train] early_stopping: no improve on val/eval_loss for 3/45 val checks
[ct_train] rechunked train graphs (seed=161)

=== Epoch 161/1000 ===
[train] loss=5.0328 cls=0.3983 cme=2.1611 acc=0.9842 cells=158379
[ct_train] rechunked train graphs (seed=162)

=== Epoch 162/1000 ===
[train] loss=5.0338 cls=0.3982 cme=2.1617 acc=0.9845 cells=158379
[val]   loss=5.1375 eval=2.6139 cls=0.4094 cme=2.2045 acc=0.9760 cells=118036
[ct_train] early_stopping: no improve on val/eval_loss for 4/45 val checks
[ct_train] rechunked train graphs (seed=163)

=== Epoch 163/1000 ===
[train] loss=5.0250 cls=0.3981 cme=2.1576 acc=0.9847 cells=158379
[ct_train] rechunked train graphs (seed=164)

=== Epoch 164/1000 ===
[train] loss=5.0240 cls=0.3974 cme=2.1575 acc=0.9847 cells=158379
[val]   loss=5.1373 eval=2.6137 cls=0.4092 cme=2.2045 acc=0.9761 cells=118036
[ct_train] early_stopping: no improve on val/eval_loss for 5/45 val checks
[ct_train] rechunked train graphs (seed=165)

=== Epoch 165/1000 ===
[train] loss=5.0294 cls=0.3971 cme=2.1600 acc=0.9850 cells=158379
[ct_train] rechunked train graphs (seed=166)

=== Epoch 166/1000 ===
[train] loss=5.0280 cls=0.3968 cme=2.1597 acc=0.9848 cells=158379
[val]   loss=5.1376 eval=2.6139 cls=0.4093 cme=2.2046 acc=0.9762 cells=118036
[ct_train] early_stopping: no improve on val/eval_loss for 6/45 val checks
[ct_train] rechunked train graphs (seed=167)

=== Epoch 167/1000 ===
[train] loss=5.0331 cls=0.3973 cme=2.1617 acc=0.9850 cells=158379
[ct_train] rechunked train graphs (seed=168)

=== Epoch 168/1000 ===
[train] loss=5.0222 cls=0.3958 cme=2.1573 acc=0.9850 cells=158379
[val]   loss=5.1383 eval=2.6143 cls=0.4094 cme=2.2049 acc=0.9761 cells=118036
[ct_train] early_stopping: no improve on val/eval_loss for 7/45 val checks
[ct_train] rechunked train graphs (seed=169)

=== Epoch 169/1000 ===
[train] loss=5.0207 cls=0.3957 cme=2.1567 acc=0.9849 cells=158379
[ct_train] rechunked train graphs (seed=170)

=== Epoch 170/1000 ===
[train] loss=5.0297 cls=0.3960 cme=2.1608 acc=0.9851 cells=158379
[val]   loss=5.1394 eval=2.6149 cls=0.4096 cme=2.2053 acc=0.9762 cells=118036
[ct_train] early_stopping: no improve on val/eval_loss for 8/45 val checks
[ct_train] rechunked train graphs (seed=171)

=== Epoch 171/1000 ===
[train] loss=5.0198 cls=0.3952 cme=2.1566 acc=0.9852 cells=158379
[ct_train] rechunked train graphs (seed=172)

=== Epoch 172/1000 ===
[train] loss=5.0247 cls=0.3966 cme=2.1582 acc=0.9853 cells=158379
[val]   loss=5.1390 eval=2.6147 cls=0.4094 cme=2.2052 acc=0.9762 cells=118036
[ct_train] early_stopping: no improve on val/eval_loss for 9/45 val checks
[ct_train] rechunked train graphs (seed=173)

=== Epoch 173/1000 ===
[train] loss=5.0345 cls=0.3968 cme=2.1625 acc=0.9850 cells=158379
[ct_train] rechunked train graphs (seed=174)

=== Epoch 174/1000 ===
[train] loss=5.0206 cls=0.3953 cme=2.1569 acc=0.9852 cells=158379
[val]   loss=5.1391 eval=2.6148 cls=0.4095 cme=2.2053 acc=0.9761 cells=118036
[ct_train] early_stopping: no improve on val/eval_loss for 10/45 val checks
[ct_train] rechunked train graphs (seed=175)

=== Epoch 175/1000 ===
[train] loss=5.0238 cls=0.3957 cme=2.1582 acc=0.9850 cells=158379
[ct_train] rechunked train graphs (seed=176)

=== Epoch 176/1000 ===
[train] loss=5.0279 cls=0.3957 cme=2.1600 acc=0.9852 cells=158379
[val]   loss=5.1381 eval=2.6142 cls=0.4095 cme=2.2048 acc=0.9763 cells=118036
[ct_train] early_stopping: no improve on val/eval_loss for 11/45 val checks
[ct_train] rechunked train graphs (seed=177)

=== Epoch 177/1000 ===
[train] loss=5.0156 cls=0.3951 cme=2.1547 acc=0.9855 cells=158379
[ct_train] rechunked train graphs (seed=178)

=== Epoch 178/1000 ===
[train] loss=5.0173 cls=0.3948 cme=2.1556 acc=0.9855 cells=158379
[val]   loss=5.1381 eval=2.6142 cls=0.4094 cme=2.2048 acc=0.9764 cells=118036
[ct_train] early_stopping: no improve on val/eval_loss for 12/45 val checks
[ct_train] rechunked train graphs (seed=179)

=== Epoch 179/1000 ===
[train] loss=5.0263 cls=0.3946 cme=2.1599 acc=0.9857 cells=158379
[ct_train] rechunked train graphs (seed=180)

=== Epoch 180/1000 ===
[train] loss=5.0204 cls=0.3939 cme=2.1574 acc=0.9861 cells=158379
[val]   loss=5.1384 eval=2.6145 cls=0.4096 cme=2.2049 acc=0.9763 cells=118036
[ct_train] early_stopping: no improve on val/eval_loss for 13/45 val checks
[ct_train] rechunked train graphs (seed=181)

=== Epoch 181/1000 ===
[train] loss=5.0043 cls=0.3938 cme=2.1501 acc=0.9858 cells=158379
[ct_train] rechunked train graphs (seed=182)

=== Epoch 182/1000 ===
[train] loss=5.0128 cls=0.3936 cme=2.1540 acc=0.9859 cells=158379
[val]   loss=5.1390 eval=2.6147 cls=0.4095 cme=2.2052 acc=0.9763 cells=118036
[ct_train] early_stopping: no improve on val/eval_loss for 14/45 val checks
[ct_train] rechunked train graphs (seed=183)

=== Epoch 183/1000 ===
[train] loss=5.0230 cls=0.3944 cme=2.1585 acc=0.9857 cells=158379
[ct_train] rechunked train graphs (seed=184)

=== Epoch 184/1000 ===
[train] loss=5.0322 cls=0.3946 cme=2.1625 acc=0.9857 cells=158379
[val]   loss=5.1385 eval=2.6146 cls=0.4098 cme=2.2048 acc=0.9762 cells=118036
[ct_train] early_stopping: no improve on val/eval_loss for 15/45 val checks
[ct_train] rechunked train graphs (seed=185)

=== Epoch 185/1000 ===
[train] loss=5.0176 cls=0.3936 cme=2.1562 acc=0.9858 cells=158379
[ct_train] rechunked train graphs (seed=186)

=== Epoch 186/1000 ===
[train] loss=5.0235 cls=0.3937 cme=2.1590 acc=0.9857 cells=158379
[val]   loss=5.1386 eval=2.6147 cls=0.4099 cme=2.2049 acc=0.9763 cells=118036
[ct_train] early_stopping: no improve on val/eval_loss for 16/45 val checks
[ct_train] rechunked train graphs (seed=187)

=== Epoch 187/1000 ===
[train] loss=5.0165 cls=0.3936 cme=2.1557 acc=0.9860 cells=158379
[ct_train] rechunked train graphs (seed=188)

=== Epoch 188/1000 ===
[train] loss=5.0145 cls=0.3949 cme=2.1542 acc=0.9856 cells=158379
[val]   loss=5.1383 eval=2.6147 cls=0.4101 cme=2.2046 acc=0.9761 cells=118036
[ct_train] early_stopping: no improve on val/eval_loss for 17/45 val checks
[ct_train] rechunked train graphs (seed=189)

=== Epoch 189/1000 ===
[train] loss=5.0130 cls=0.3935 cme=2.1542 acc=0.9860 cells=158379
[ct_train] rechunked train graphs (seed=190)

=== Epoch 190/1000 ===
[train] loss=5.0130 cls=0.3935 cme=2.1543 acc=0.9854 cells=158379
[val]   loss=5.1379 eval=2.6144 cls=0.4098 cme=2.2046 acc=0.9764 cells=118036
[ct_train] early_stopping: no improve on val/eval_loss for 18/45 val checks
[ct_train] rechunked train graphs (seed=191)

=== Epoch 191/1000 ===
[train] loss=5.0186 cls=0.3930 cme=2.1570 acc=0.9859 cells=158379
[ct_train] rechunked train graphs (seed=192)

=== Epoch 192/1000 ===
[train] loss=5.0226 cls=0.3939 cme=2.1585 acc=0.9855 cells=158379
[val]   loss=5.1376 eval=2.6143 cls=0.4099 cme=2.2044 acc=0.9762 cells=118036
[ct_train] early_stopping: no improve on val/eval_loss for 19/45 val checks
[ct_train] rechunked train graphs (seed=193)

=== Epoch 193/1000 ===
[train] loss=5.0114 cls=0.3918 cme=2.1542 acc=0.9865 cells=158379
[ct_train] rechunked train graphs (seed=194)

=== Epoch 194/1000 ===
[train] loss=5.0088 cls=0.3911 cme=2.1533 acc=0.9867 cells=158379
[val]   loss=5.1387 eval=2.6149 cls=0.4101 cme=2.2048 acc=0.9763 cells=118036
[ct_train] early_stopping: no improve on val/eval_loss for 20/45 val checks
[ct_train] rechunked train graphs (seed=195)

=== Epoch 195/1000 ===
[train] loss=5.0042 cls=0.3920 cme=2.1508 acc=0.9863 cells=158379
[ct_train] rechunked train graphs (seed=196)

=== Epoch 196/1000 ===
[train] loss=5.0069 cls=0.3920 cme=2.1521 acc=0.9866 cells=158379
[val]   loss=5.1383 eval=2.6148 cls=0.4103 cme=2.2045 acc=0.9763 cells=118036
[ct_train] early_stopping: no improve on val/eval_loss for 21/45 val checks
[ct_train] rechunked train graphs (seed=197)

=== Epoch 197/1000 ===
[train] loss=5.0010 cls=0.3920 cme=2.1494 acc=0.9862 cells=158379
[ct_train] rechunked train graphs (seed=198)

=== Epoch 198/1000 ===
[train] loss=5.0048 cls=0.3922 cme=2.1510 acc=0.9863 cells=158379
[val]   loss=5.1392 eval=2.6152 cls=0.4102 cme=2.2050 acc=0.9763 cells=118036
[ct_train] early_stopping: no improve on val/eval_loss for 22/45 val checks
[ct_train] rechunked train graphs (seed=199)

=== Epoch 199/1000 ===
[train] loss=5.0056 cls=0.3914 cme=2.1518 acc=0.9867 cells=158379
[ct_train] rechunked train graphs (seed=200)

=== Epoch 200/1000 ===
[train] loss=5.0069 cls=0.3913 cme=2.1524 acc=0.9870 cells=158379
[val]   loss=5.1403 eval=2.6159 cls=0.4105 cme=2.2054 acc=0.9762 cells=118036
[ct_train] early_stopping: no improve on val/eval_loss for 23/45 val checks
[ct_train] rechunked train graphs (seed=201)

=== Epoch 201/1000 ===
[train] loss=5.0001 cls=0.3916 cme=2.1492 acc=0.9867 cells=158379
[ct_train] rechunked train graphs (seed=202)

=== Epoch 202/1000 ===
[train] loss=4.9967 cls=0.3899 cme=2.1482 acc=0.9872 cells=158379
[val]   loss=5.1397 eval=2.6154 cls=0.4103 cme=2.2052 acc=0.9762 cells=118036
[ct_train] early_stopping: no improve on val/eval_loss for 24/45 val checks
[ct_train] rechunked train graphs (seed=203)

=== Epoch 203/1000 ===
[train] loss=5.0076 cls=0.3908 cme=2.1529 acc=0.9865 cells=158379
[ct_train] rechunked train graphs (seed=204)

=== Epoch 204/1000 ===
[train] loss=4.9989 cls=0.3900 cme=2.1493 acc=0.9870 cells=158379
[val]   loss=5.1393 eval=2.6154 cls=0.4104 cme=2.2049 acc=0.9762 cells=118036
[ct_train] early_stopping: no improve on val/eval_loss for 25/45 val checks
[ct_train] rechunked train graphs (seed=205)

=== Epoch 205/1000 ===
[train] loss=4.9908 cls=0.3895 cme=2.1458 acc=0.9871 cells=158379
[ct_train] rechunked train graphs (seed=206)

=== Epoch 206/1000 ===
[train] loss=5.0113 cls=0.3902 cme=2.1549 acc=0.9872 cells=158379
[val]   loss=5.1395 eval=2.6157 cls=0.4108 cme=2.2049 acc=0.9762 cells=118036
[ct_train] early_stopping: no improve on val/eval_loss for 26/45 val checks
[ct_train] rechunked train graphs (seed=207)

=== Epoch 207/1000 ===
[train] loss=5.0015 cls=0.3899 cme=2.1505 acc=0.9870 cells=158379
[ct_train] rechunked train graphs (seed=208)

=== Epoch 208/1000 ===
[train] loss=4.9949 cls=0.3892 cme=2.1478 acc=0.9874 cells=158379
[val]   loss=5.1410 eval=2.6166 cls=0.4112 cme=2.2053 acc=0.9761 cells=118036
[ct_train] early_stopping: no improve on val/eval_loss for 27/45 val checks
[ct_train] rechunked train graphs (seed=209)

=== Epoch 209/1000 ===
[train] loss=4.9946 cls=0.3890 cme=2.1477 acc=0.9875 cells=158379
[ct_train] rechunked train graphs (seed=210)

=== Epoch 210/1000 ===
[train] loss=5.0025 cls=0.3894 cme=2.1512 acc=0.9871 cells=158379
[val]   loss=5.1420 eval=2.6173 cls=0.4116 cme=2.2056 acc=0.9761 cells=118036
[ct_train] early_stopping: no improve on val/eval_loss for 28/45 val checks
[ct_train] rechunked train graphs (seed=211)

=== Epoch 211/1000 ===
[train] loss=4.9974 cls=0.3887 cme=2.1492 acc=0.9876 cells=158379
[ct_train] rechunked train graphs (seed=212)

=== Epoch 212/1000 ===
[train] loss=4.9939 cls=0.3880 cme=2.1479 acc=0.9882 cells=158379
[val]   loss=5.1421 eval=2.6173 cls=0.4117 cme=2.2056 acc=0.9761 cells=118036
[ct_train] early_stopping: no improve on val/eval_loss for 29/45 val checks
[ct_train] rechunked train graphs (seed=213)

=== Epoch 213/1000 ===
[train] loss=4.9855 cls=0.3880 cme=2.1441 acc=0.9874 cells=158379
[ct_train] rechunked train graphs (seed=214)

=== Epoch 214/1000 ===
[train] loss=4.9982 cls=0.3886 cme=2.1496 acc=0.9879 cells=158379
[val]   loss=5.1427 eval=2.6177 cls=0.4118 cme=2.2059 acc=0.9762 cells=118036
[ct_train] early_stopping: no improve on val/eval_loss for 30/45 val checks
[ct_train] rechunked train graphs (seed=215)

=== Epoch 215/1000 ===
[train] loss=4.9929 cls=0.3879 cme=2.1475 acc=0.9878 cells=158379
[ct_train] rechunked train graphs (seed=216)

=== Epoch 216/1000 ===
[train] loss=4.9885 cls=0.3878 cme=2.1455 acc=0.9879 cells=158379
[val]   loss=5.1424 eval=2.6176 cls=0.4119 cme=2.2058 acc=0.9762 cells=118036
[ct_train] early_stopping: no improve on val/eval_loss for 31/45 val checks
[ct_train] rechunked train graphs (seed=217)

=== Epoch 217/1000 ===
[train] loss=4.9944 cls=0.3874 cme=2.1484 acc=0.9882 cells=158379
[ct_train] rechunked train graphs (seed=218)

=== Epoch 218/1000 ===
[train] loss=4.9895 cls=0.3875 cme=2.1462 acc=0.9882 cells=158379
[val]   loss=5.1421 eval=2.6176 cls=0.4120 cme=2.2056 acc=0.9762 cells=118036
[ct_train] early_stopping: no improve on val/eval_loss for 32/45 val checks
[ct_train] rechunked train graphs (seed=219)

=== Epoch 219/1000 ===
[train] loss=4.9904 cls=0.3873 cme=2.1466 acc=0.9881 cells=158379
[ct_train] rechunked train graphs (seed=220)

=== Epoch 220/1000 ===
[train] loss=5.0070 cls=0.3876 cme=2.1542 acc=0.9880 cells=158379
[val]   loss=5.1429 eval=2.6181 cls=0.4122 cme=2.2058 acc=0.9763 cells=118036
[ct_train] early_stopping: no improve on val/eval_loss for 33/45 val checks
[ct_train] rechunked train graphs (seed=221)

=== Epoch 221/1000 ===
[train] loss=4.9918 cls=0.3866 cme=2.1476 acc=0.9880 cells=158379
[ct_train] rechunked train graphs (seed=222)

=== Epoch 222/1000 ===
[train] loss=4.9774 cls=0.3855 cme=2.1414 acc=0.9887 cells=158379
[val]   loss=5.1428 eval=2.6181 cls=0.4124 cme=2.2057 acc=0.9761 cells=118036
[ct_train] early_stopping: no improve on val/eval_loss for 34/45 val checks
[ct_train] rechunked train graphs (seed=223)

=== Epoch 223/1000 ===
[train] loss=4.9871 cls=0.3864 cme=2.1455 acc=0.9883 cells=158379
[ct_train] rechunked train graphs (seed=224)

=== Epoch 224/1000 ===
[train] loss=4.9944 cls=0.3857 cme=2.1492 acc=0.9884 cells=158379
[val]   loss=5.1439 eval=2.6187 cls=0.4126 cme=2.2061 acc=0.9762 cells=118036
[ct_train] early_stopping: no improve on val/eval_loss for 35/45 val checks
[ct_train] rechunked train graphs (seed=225)

=== Epoch 225/1000 ===
[train] loss=4.9828 cls=0.3855 cme=2.1440 acc=0.9887 cells=158379
[ct_train] rechunked train graphs (seed=226)

=== Epoch 226/1000 ===
[train] loss=4.9918 cls=0.3857 cme=2.1479 acc=0.9889 cells=158379
[val]   loss=5.1448 eval=2.6192 cls=0.4128 cme=2.2064 acc=0.9761 cells=118036
[ct_train] early_stopping: no improve on val/eval_loss for 36/45 val checks
[ct_train] rechunked train graphs (seed=227)

=== Epoch 227/1000 ===
[train] loss=4.9778 cls=0.3864 cme=2.1413 acc=0.9885 cells=158379
[ct_train] rechunked train graphs (seed=228)

=== Epoch 228/1000 ===
[train] loss=4.9816 cls=0.3859 cme=2.1431 acc=0.9887 cells=158379
[val]   loss=5.1454 eval=2.6195 cls=0.4128 cme=2.2067 acc=0.9761 cells=118036
[ct_train] early_stopping: no improve on val/eval_loss for 37/45 val checks
[ct_train] rechunked train graphs (seed=229)

=== Epoch 229/1000 ===
[train] loss=4.9914 cls=0.3861 cme=2.1477 acc=0.9889 cells=158379
[ct_train] rechunked train graphs (seed=230)

=== Epoch 230/1000 ===
[train] loss=4.9846 cls=0.3861 cme=2.1445 acc=0.9886 cells=158379
[val]   loss=5.1451 eval=2.6194 cls=0.4128 cme=2.2065 acc=0.9760 cells=118036
[ct_train] early_stopping: no improve on val/eval_loss for 38/45 val checks
[ct_train] rechunked train graphs (seed=231)

=== Epoch 231/1000 ===
[train] loss=4.9704 cls=0.3849 cme=2.1385 acc=0.9892 cells=158379
[ct_train] rechunked train graphs (seed=232)

=== Epoch 232/1000 ===
[train] loss=4.9882 cls=0.3861 cme=2.1462 acc=0.9885 cells=158379
[val]   loss=5.1457 eval=2.6198 cls=0.4131 cme=2.2067 acc=0.9759 cells=118036
[ct_train] early_stopping: no improve on val/eval_loss for 39/45 val checks
[ct_train] rechunked train graphs (seed=233)

=== Epoch 233/1000 ===
[train] loss=4.9819 cls=0.3849 cme=2.1438 acc=0.9892 cells=158379
[ct_train] rechunked train graphs (seed=234)

=== Epoch 234/1000 ===
[train] loss=4.9847 cls=0.3842 cme=2.1454 acc=0.9891 cells=158379
[val]   loss=5.1453 eval=2.6198 cls=0.4134 cme=2.2064 acc=0.9759 cells=118036
[ct_train] early_stopping: no improve on val/eval_loss for 40/45 val checks
[ct_train] rechunked train graphs (seed=235)

=== Epoch 235/1000 ===
[train] loss=4.9863 cls=0.3841 cme=2.1462 acc=0.9894 cells=158379
[ct_train] rechunked train graphs (seed=236)

=== Epoch 236/1000 ===
[train] loss=5.0022 cls=0.3848 cme=2.1533 acc=0.9890 cells=158379
[val]   loss=5.1444 eval=2.6194 cls=0.4135 cme=2.2060 acc=0.9760 cells=118036
[ct_train] early_stopping: no improve on val/eval_loss for 41/45 val checks
[ct_train] rechunked train graphs (seed=237)

=== Epoch 237/1000 ===
[train] loss=4.9947 cls=0.3850 cme=2.1496 acc=0.9891 cells=158379
[ct_train] rechunked train graphs (seed=238)

=== Epoch 238/1000 ===
[train] loss=4.9748 cls=0.3847 cme=2.1406 acc=0.9891 cells=158379
[val]   loss=5.1458 eval=2.6202 cls=0.4137 cme=2.2065 acc=0.9760 cells=118036
[ct_train] early_stopping: no improve on val/eval_loss for 42/45 val checks
[ct_train] rechunked train graphs (seed=239)

=== Epoch 239/1000 ===
[train] loss=4.9784 cls=0.3847 cme=2.1422 acc=0.9888 cells=158379
[ct_train] rechunked train graphs (seed=240)

=== Epoch 240/1000 ===
[train] loss=4.9714 cls=0.3835 cme=2.1396 acc=0.9894 cells=158379
[val]   loss=5.1481 eval=2.6214 cls=0.4140 cme=2.2074 acc=0.9760 cells=118036
[ct_train] early_stopping: no improve on val/eval_loss for 43/45 val checks
[ct_train] rechunked train graphs (seed=241)

=== Epoch 241/1000 ===
[train] loss=4.9832 cls=0.3846 cme=2.1446 acc=0.9891 cells=158379
[ct_train] rechunked train graphs (seed=242)

=== Epoch 242/1000 ===
[train] loss=4.9809 cls=0.3835 cme=2.1439 acc=0.9896 cells=158379
[val]   loss=5.1479 eval=2.6214 cls=0.4141 cme=2.2073 acc=0.9760 cells=118036
[ct_train] early_stopping: no improve on val/eval_loss for 44/45 val checks
[ct_train] rechunked train graphs (seed=243)

=== Epoch 243/1000 ===
[train] loss=4.9693 cls=0.3840 cme=2.1384 acc=0.9892 cells=158379
[ct_train] rechunked train graphs (seed=244)

=== Epoch 244/1000 ===
[train] loss=4.9791 cls=0.3838 cme=2.1431 acc=0.9896 cells=158379
[val]   loss=5.1484 eval=2.6217 cls=0.4142 cme=2.2075 acc=0.9759 cells=118036
[ct_train] early_stopping: no improve on val/eval_loss for 45/45 val checks
[ct_train] early stopping at epoch 244 (patience=45, monitor=val/eval_loss)

[ct_train] done. best_val_acc=0.9764  best_val_eval_loss=2.6136  checkpoints=/home/abel/code/Tissue-Reassembly-using-GenAI-and-new-metrics/exploration/cell_types/outputs/exp104_detach_type  logs=/home/abel/code/Tissue-Reassembly-using-GenAI-and-new-metrics/exploration/cell_types/logs/exp104_detach_type/20260808_031745
wandb: updating run metadata
wandb: uploading output.log; uploading wandb-summary.json; uploading config.yaml
wandb: uploading wandb-summary.json; uploading config.yaml
wandb: 
wandb: Run summary:
wandb:                      best_epoch 154
wandb:                    best_val_acc 0.97638
wandb:              best_val_eval_loss 2.61363
wandb:                           epoch 244
wandb:                              lr 0.00018
wandb:           model/parameter_count 1305308
wandb: model/trainable_parameter_count 1305308
wandb:                       train/acc 0.9896
wandb:       train/acc_per_class/Astro 0.99316
wandb:        train/acc_per_class/Endo 0.98952
wandb:                             +54 ...
wandb: 
wandb:  View run exp104_detach_type at: https://wandb.ai/abel-salmona-polytechnique-montr-al/cell_types/runs/15epnloz
wandb:  View project at: https://wandb.ai/abel-salmona-polytechnique-montr-al/cell_types
wandb: Synced 5 W&B file(s), 1 media file(s), 2 artifact file(s) and 1 other file(s)
wandb: Find logs at: ./exploration/cell_types/logs/exp104_detach_type/20260808_031745/wandb/run-20260808_031754-15epnloz/logs
