[ct_train] config=exploration/cell_types/experiments/configs/exp218_kd_from216_196.json
[ct_train] device=cuda  checkpoints=/home/abel/code/Tissue-Reassembly-using-GenAI-and-new-metrics/exploration/cell_types/outputs/exp218_kd_from216_196
[ct_train] logs=/home/abel/code/Tissue-Reassembly-using-GenAI-and-new-metrics/exploration/cell_types/logs/exp218_kd_from216_196/20260808_135655
[ct_train] Loading data …
[DataModule] Reading '/home/abel/biodata/MERFISH_LUNA_small_cortex/MERFISH_mouse_cortex_train.csv' (split=train) with float32 dtype on 254 gene cols + coord cols …
[DataModule] Loaded 158,379 rows for split=train.
[DataModule] Reading '/home/abel/biodata/MERFISH_LUNA_small_cortex/MERFISH_mouse_cortex_test.csv' (split=test) with float32 dtype on 254 gene cols + coord cols …
[DataModule] Loaded 118,036 rows for split=test.
[DataModule] Reading '/home/abel/biodata/MERFISH_LUNA_small_cortex/MERFISH_mouse_cortex_test.csv' (split=validation) with float32 dtype on 254 gene cols + coord cols …
[DataModule] Loaded 118,036 rows for split=validation.
[ct_train] genes=254  classes=23
[ct_train] model predict_cme=True  params=1,305,308
[ct_train] initialized student from /home/abel/code/Tissue-Reassembly-using-GenAI-and-new-metrics/exploration/cell_types/outputs/exp216_recalib_214/best.pt
[ct_train] teacher loaded: /home/abel/code/Tissue-Reassembly-using-GenAI-and-new-metrics/exploration/cell_types/outputs/exp216_recalib_214/best.pt
[ct_train] teacher loaded: /home/abel/code/Tissue-Reassembly-using-GenAI-and-new-metrics/exploration/cell_types/outputs/exp157_cls_w09/best.pt
[ct_train] teacher loaded: /home/abel/code/Tissue-Reassembly-using-GenAI-and-new-metrics/exploration/cell_types/outputs/exp196_kd_191_157_159/best.pt
[ct_train] distillation ON: n_teachers=3 hard_w=0.2 kd_cls=2.0 kd_cme=3.0 T=1.5
[ct_train] soft CME loaded split=train sigma=96.0 n=158379 C=23
[ct_train] soft CME loaded split=validation sigma=96.0 n=118036 C=23
[ct_train] soft CME loaded split=train sigma=50.0 n=158379 C=23
[ct_train] soft CME loaded split=train sigma=64.0 n=158379 C=23
[ct_train] soft CME loaded split=validation sigma=50.0 n=118036 C=23
[ct_train] soft CME loaded split=validation sigma=64.0 n=118036 C=23
wandb: [wandb.login()] Loaded credentials for https://api.wandb.ai from /home/abel/.netrc.
wandb: Currently logged in as: abel-salmona (abel-salmona-polytechnique-montr-al) to https://api.wandb.ai. Use `wandb login --relogin` to force relogin
wandb: WARNING Using a boolean value for 'reinit' is deprecated. Use 'return_previous' or 'finish_previous' instead.
wandb: Tracking run with wandb version 0.26.1
wandb: Run data is saved locally in /home/abel/code/Tissue-Reassembly-using-GenAI-and-new-metrics/exploration/cell_types/logs/exp218_kd_from216_196/20260808_135655/wandb/run-20260808_135704-tryxymyi
wandb: Run `wandb offline` to turn off syncing.
wandb: Syncing run exp218_kd_from216_196
wandb:  View project at https://wandb.ai/abel-salmona-polytechnique-montr-al/cell_types
wandb:  View run at https://wandb.ai/abel-salmona-polytechnique-montr-al/cell_types/runs/tryxymyi
wandb: WARNING Saving files without folders. If you want to preserve subdirectories pass base_path to wandb.save, i.e. wandb.save("/mnt/folder/file.h5", base_path="/mnt")
wandb: WARNING Symlinked 1 file into the W&B run directory; call wandb.save again to sync new files.
[ct_train] wandb: project=cell_types name=exp218_kd_from216_196 mode=online url=https://wandb.ai/abel-salmona-polytechnique-montr-al/cell_types/runs/tryxymyi
[ct_train] parameters: total=1,305,308 trainable=1,305,308
  [params] mlp_in_node_features: 26,720
  [params] transformer_layers: 633,600
  [params] type_stage1: 28,320
  [params] env_stage1: 93,056
  [params] type_probe: 2,231
  [params] env_probe: 7,383
  [params] fusion_mlp: 383,008
  [params] type_stage2: 30,551
  [params] env_stage2: 100,439
[ct_train] EMA enabled decay=0.98
[ct_train] rechunked train graphs (seed=1)

=== Epoch 1/1000 ===
[train] loss=7.6103 cls=0.4413 cme=2.1450 acc=0.9877 cells=158379 kd=6.5938
[ct_train] rechunked train graphs (seed=2)

=== Epoch 2/1000 ===
[train] loss=7.5878 cls=0.4410 cme=2.1372 acc=0.9876 cells=158379 kd=6.5747
[val]   loss=5.2172 eval=2.6020 cls=0.4047 cme=2.1973 acc=0.9764 cells=118036
[ct_train] saved best checkpoint (val_eval_loss=2.6020 val_acc=0.9764)
[ct_train] rechunked train graphs (seed=3)

=== Epoch 3/1000 ===
[train] loss=7.5875 cls=0.4413 cme=2.1371 acc=0.9876 cells=158379 kd=6.5744
[ct_train] rechunked train graphs (seed=4)

=== Epoch 4/1000 ===
[train] loss=7.5946 cls=0.4411 cme=2.1388 acc=0.9876 cells=158379 kd=6.5809
[val]   loss=5.2183 eval=2.6026 cls=0.4048 cme=2.1978 acc=0.9764 cells=118036
[ct_train] early_stopping: no improve on val/eval_loss for 1/40 val checks
[ct_train] rechunked train graphs (seed=5)

=== Epoch 5/1000 ===
[train] loss=7.6081 cls=0.4413 cme=2.1422 acc=0.9876 cells=158379 kd=6.5928
[ct_train] rechunked train graphs (seed=6)

=== Epoch 6/1000 ===
[train] loss=7.6019 cls=0.4412 cme=2.1414 acc=0.9877 cells=158379 kd=6.5870
[val]   loss=5.2191 eval=2.6031 cls=0.4049 cme=2.1982 acc=0.9764 cells=118036
[ct_train] early_stopping: no improve on val/eval_loss for 2/40 val checks
[ct_train] rechunked train graphs (seed=7)

=== Epoch 7/1000 ===
[train] loss=7.5845 cls=0.4410 cme=2.1365 acc=0.9876 cells=158379 kd=6.5718
[ct_train] rechunked train graphs (seed=8)

=== Epoch 8/1000 ===
[train] loss=7.5901 cls=0.4412 cme=2.1372 acc=0.9876 cells=158379 kd=6.5770
[val]   loss=5.2196 eval=2.6034 cls=0.4050 cme=2.1984 acc=0.9764 cells=118036
[ct_train] early_stopping: no improve on val/eval_loss for 3/40 val checks
[ct_train] rechunked train graphs (seed=9)

=== Epoch 9/1000 ===
[train] loss=7.5940 cls=0.4408 cme=2.1387 acc=0.9874 cells=158379 kd=6.5803
[ct_train] rechunked train graphs (seed=10)

=== Epoch 10/1000 ===
[train] loss=7.6098 cls=0.4414 cme=2.1430 acc=0.9874 cells=158379 kd=6.5941
[val]   loss=5.2200 eval=2.6036 cls=0.4050 cme=2.1986 acc=0.9764 cells=118036
[ct_train] early_stopping: no improve on val/eval_loss for 4/40 val checks
[ct_train] rechunked train graphs (seed=11)

=== Epoch 11/1000 ===
[train] loss=7.5904 cls=0.4410 cme=2.1381 acc=0.9873 cells=158379 kd=6.5769
[ct_train] rechunked train graphs (seed=12)

=== Epoch 12/1000 ===
[train] loss=7.5912 cls=0.4411 cme=2.1385 acc=0.9875 cells=158379 kd=6.5776
[val]   loss=5.2201 eval=2.6036 cls=0.4050 cme=2.1986 acc=0.9764 cells=118036
[ct_train] early_stopping: no improve on val/eval_loss for 5/40 val checks
[ct_train] rechunked train graphs (seed=13)

=== Epoch 13/1000 ===
[train] loss=7.5936 cls=0.4414 cme=2.1383 acc=0.9874 cells=158379 kd=6.5801
[ct_train] rechunked train graphs (seed=14)

=== Epoch 14/1000 ===
[train] loss=7.6081 cls=0.4411 cme=2.1428 acc=0.9877 cells=158379 kd=6.5926
[val]   loss=5.2202 eval=2.6037 cls=0.4050 cme=2.1987 acc=0.9764 cells=118036
[ct_train] early_stopping: no improve on val/eval_loss for 6/40 val checks
[ct_train] rechunked train graphs (seed=15)

=== Epoch 15/1000 ===
[train] loss=7.5944 cls=0.4412 cme=2.1392 acc=0.9876 cells=158379 kd=6.5804
[ct_train] rechunked train graphs (seed=16)

=== Epoch 16/1000 ===
[train] loss=7.5948 cls=0.4416 cme=2.1392 acc=0.9876 cells=158379 kd=6.5807
[val]   loss=5.2204 eval=2.6038 cls=0.4051 cme=2.1987 acc=0.9764 cells=118036
[ct_train] early_stopping: no improve on val/eval_loss for 7/40 val checks
[ct_train] rechunked train graphs (seed=17)

=== Epoch 17/1000 ===
[train] loss=7.5923 cls=0.4412 cme=2.1386 acc=0.9875 cells=158379 kd=6.5787
[ct_train] rechunked train graphs (seed=18)

=== Epoch 18/1000 ===
[train] loss=7.5884 cls=0.4408 cme=2.1367 acc=0.9876 cells=158379 kd=6.5756
[val]   loss=5.2204 eval=2.6039 cls=0.4051 cme=2.1988 acc=0.9764 cells=118036
[ct_train] early_stopping: no improve on val/eval_loss for 8/40 val checks
[ct_train] rechunked train graphs (seed=19)

=== Epoch 19/1000 ===
[train] loss=7.5942 cls=0.4409 cme=2.1392 acc=0.9876 cells=158379 kd=6.5803
[ct_train] rechunked train graphs (seed=20)

=== Epoch 20/1000 ===
[train] loss=7.5925 cls=0.4411 cme=2.1385 acc=0.9876 cells=158379 kd=6.5788
[val]   loss=5.2205 eval=2.6039 cls=0.4051 cme=2.1988 acc=0.9764 cells=118036
[ct_train] early_stopping: no improve on val/eval_loss for 9/40 val checks
[ct_train] rechunked train graphs (seed=21)

=== Epoch 21/1000 ===
[train] loss=7.5909 cls=0.4409 cme=2.1387 acc=0.9877 cells=158379 kd=6.5772
[ct_train] rechunked train graphs (seed=22)

=== Epoch 22/1000 ===
[train] loss=7.6112 cls=0.4411 cme=2.1434 acc=0.9878 cells=158379 kd=6.5954
[val]   loss=5.2205 eval=2.6039 cls=0.4051 cme=2.1988 acc=0.9765 cells=118036
[ct_train] early_stopping: no improve on val/eval_loss for 10/40 val checks
[ct_train] rechunked train graphs (seed=23)

=== Epoch 23/1000 ===
[train] loss=7.5842 cls=0.4405 cme=2.1354 acc=0.9875 cells=158379 kd=6.5721
[ct_train] rechunked train graphs (seed=24)

=== Epoch 24/1000 ===
[train] loss=7.5962 cls=0.4412 cme=2.1393 acc=0.9875 cells=158379 kd=6.5822
[val]   loss=5.2204 eval=2.6039 cls=0.4051 cme=2.1988 acc=0.9764 cells=118036
[ct_train] early_stopping: no improve on val/eval_loss for 11/40 val checks
[ct_train] rechunked train graphs (seed=25)

=== Epoch 25/1000 ===
[train] loss=7.5759 cls=0.4407 cme=2.1339 acc=0.9877 cells=158379 kd=6.5644
[ct_train] rechunked train graphs (seed=26)

=== Epoch 26/1000 ===
[train] loss=7.6064 cls=0.4409 cme=2.1413 acc=0.9877 cells=158379 kd=6.5916
[val]   loss=5.2204 eval=2.6038 cls=0.4050 cme=2.1988 acc=0.9764 cells=118036
[ct_train] early_stopping: no improve on val/eval_loss for 12/40 val checks
[ct_train] rechunked train graphs (seed=27)

=== Epoch 27/1000 ===
[train] loss=7.5740 cls=0.4411 cme=2.1327 acc=0.9876 cells=158379 kd=6.5628
[ct_train] rechunked train graphs (seed=28)

=== Epoch 28/1000 ===
[train] loss=7.5857 cls=0.4409 cme=2.1376 acc=0.9876 cells=158379 kd=6.5725
[val]   loss=5.2204 eval=2.6038 cls=0.4051 cme=2.1988 acc=0.9764 cells=118036
[ct_train] early_stopping: no improve on val/eval_loss for 13/40 val checks
[ct_train] rechunked train graphs (seed=29)

=== Epoch 29/1000 ===
[train] loss=7.5901 cls=0.4413 cme=2.1373 acc=0.9875 cells=158379 kd=6.5770
[ct_train] rechunked train graphs (seed=30)

=== Epoch 30/1000 ===
[train] loss=7.5894 cls=0.4411 cme=2.1364 acc=0.9875 cells=158379 kd=6.5767
[val]   loss=5.2204 eval=2.6038 cls=0.4050 cme=2.1988 acc=0.9764 cells=118036
[ct_train] early_stopping: no improve on val/eval_loss for 14/40 val checks
[ct_train] rechunked train graphs (seed=31)

=== Epoch 31/1000 ===
[train] loss=7.5859 cls=0.4408 cme=2.1357 acc=0.9877 cells=158379 kd=6.5735
[ct_train] rechunked train graphs (seed=32)

=== Epoch 32/1000 ===
[train] loss=7.5993 cls=0.4408 cme=2.1405 acc=0.9876 cells=158379 kd=6.5849
[val]   loss=5.2204 eval=2.6039 cls=0.4051 cme=2.1988 acc=0.9764 cells=118036
[ct_train] early_stopping: no improve on val/eval_loss for 15/40 val checks
[ct_train] rechunked train graphs (seed=33)

=== Epoch 33/1000 ===
[train] loss=7.5955 cls=0.4408 cme=2.1394 acc=0.9876 cells=158379 kd=6.5816
[ct_train] rechunked train graphs (seed=34)

=== Epoch 34/1000 ===
[train] loss=7.5836 cls=0.4413 cme=2.1354 acc=0.9877 cells=158379 kd=6.5713
[val]   loss=5.2205 eval=2.6039 cls=0.4051 cme=2.1988 acc=0.9765 cells=118036
[ct_train] early_stopping: no improve on val/eval_loss for 16/40 val checks
[ct_train] rechunked train graphs (seed=35)

=== Epoch 35/1000 ===
[train] loss=7.5896 cls=0.4404 cme=2.1366 acc=0.9875 cells=158379 kd=6.5769
[ct_train] rechunked train graphs (seed=36)

=== Epoch 36/1000 ===
[train] loss=7.5905 cls=0.4411 cme=2.1373 acc=0.9877 cells=158379 kd=6.5774
[val]   loss=5.2205 eval=2.6039 cls=0.4051 cme=2.1988 acc=0.9764 cells=118036
[ct_train] early_stopping: no improve on val/eval_loss for 17/40 val checks
[ct_train] rechunked train graphs (seed=37)

=== Epoch 37/1000 ===
[train] loss=7.5848 cls=0.4409 cme=2.1353 acc=0.9875 cells=158379 kd=6.5726
[ct_train] rechunked train graphs (seed=38)

=== Epoch 38/1000 ===
[train] loss=7.5965 cls=0.4414 cme=2.1397 acc=0.9876 cells=158379 kd=6.5823
[val]   loss=5.2205 eval=2.6039 cls=0.4051 cme=2.1988 acc=0.9764 cells=118036
[ct_train] early_stopping: no improve on val/eval_loss for 18/40 val checks
[ct_train] rechunked train graphs (seed=39)

=== Epoch 39/1000 ===
[train] loss=7.5866 cls=0.4403 cme=2.1369 acc=0.9876 cells=158379 kd=6.5739
[ct_train] rechunked train graphs (seed=40)

=== Epoch 40/1000 ===
[train] loss=7.5896 cls=0.4406 cme=2.1370 acc=0.9877 cells=158379 kd=6.5767
[val]   loss=5.2206 eval=2.6039 cls=0.4051 cme=2.1988 acc=0.9764 cells=118036
[ct_train] early_stopping: no improve on val/eval_loss for 19/40 val checks
[ct_train] rechunked train graphs (seed=41)

=== Epoch 41/1000 ===
[train] loss=7.5840 cls=0.4407 cme=2.1361 acc=0.9875 cells=158379 kd=6.5716
[ct_train] rechunked train graphs (seed=42)

=== Epoch 42/1000 ===
[train] loss=7.5841 cls=0.4407 cme=2.1344 acc=0.9876 cells=158379 kd=6.5723
[val]   loss=5.2205 eval=2.6039 cls=0.4051 cme=2.1988 acc=0.9764 cells=118036
[ct_train] early_stopping: no improve on val/eval_loss for 20/40 val checks
[ct_train] rechunked train graphs (seed=43)

=== Epoch 43/1000 ===
[train] loss=7.5900 cls=0.4409 cme=2.1373 acc=0.9876 cells=158379 kd=6.5769
[ct_train] rechunked train graphs (seed=44)

=== Epoch 44/1000 ===
[train] loss=7.5783 cls=0.4403 cme=2.1342 acc=0.9875 cells=158379 kd=6.5667
[val]   loss=5.2205 eval=2.6039 cls=0.4051 cme=2.1988 acc=0.9764 cells=118036
[ct_train] early_stopping: no improve on val/eval_loss for 21/40 val checks
[ct_train] rechunked train graphs (seed=45)

=== Epoch 45/1000 ===
[train] loss=7.5926 cls=0.4412 cme=2.1373 acc=0.9876 cells=158379 kd=6.5794
[ct_train] rechunked train graphs (seed=46)

=== Epoch 46/1000 ===
[train] loss=7.5995 cls=0.4409 cme=2.1402 acc=0.9876 cells=158379 kd=6.5851
[val]   loss=5.2205 eval=2.6039 cls=0.4051 cme=2.1988 acc=0.9764 cells=118036
[ct_train] early_stopping: no improve on val/eval_loss for 22/40 val checks
[ct_train] rechunked train graphs (seed=47)

=== Epoch 47/1000 ===
[train] loss=7.6025 cls=0.4414 cme=2.1408 acc=0.9875 cells=158379 kd=6.5878
[ct_train] rechunked train graphs (seed=48)

=== Epoch 48/1000 ===
[train] loss=7.6053 cls=0.4411 cme=2.1414 acc=0.9877 cells=158379 kd=6.5904
[val]   loss=5.2204 eval=2.6038 cls=0.4051 cme=2.1988 acc=0.9764 cells=118036
[ct_train] early_stopping: no improve on val/eval_loss for 23/40 val checks
[ct_train] rechunked train graphs (seed=49)

=== Epoch 49/1000 ===
[train] loss=7.5786 cls=0.4408 cme=2.1350 acc=0.9875 cells=158379 kd=6.5666
[ct_train] rechunked train graphs (seed=50)

=== Epoch 50/1000 ===
[train] loss=7.5870 cls=0.4409 cme=2.1360 acc=0.9876 cells=158379 kd=6.5745
[val]   loss=5.2204 eval=2.6039 cls=0.4051 cme=2.1988 acc=0.9764 cells=118036
[ct_train] early_stopping: no improve on val/eval_loss for 24/40 val checks
[ct_train] rechunked train graphs (seed=51)

=== Epoch 51/1000 ===
[train] loss=7.5856 cls=0.4411 cme=2.1363 acc=0.9877 cells=158379 kd=6.5730
[ct_train] rechunked train graphs (seed=52)

=== Epoch 52/1000 ===
[train] loss=7.6024 cls=0.4410 cme=2.1407 acc=0.9876 cells=158379 kd=6.5878
[val]   loss=5.2204 eval=2.6038 cls=0.4051 cme=2.1987 acc=0.9764 cells=118036
[ct_train] early_stopping: no improve on val/eval_loss for 25/40 val checks
[ct_train] rechunked train graphs (seed=53)

=== Epoch 53/1000 ===
[train] loss=7.5826 cls=0.4406 cme=2.1354 acc=0.9876 cells=158379 kd=6.5704
[ct_train] rechunked train graphs (seed=54)

=== Epoch 54/1000 ===
[train] loss=7.5969 cls=0.4407 cme=2.1388 acc=0.9879 cells=158379 kd=6.5832
[val]   loss=5.2204 eval=2.6039 cls=0.4051 cme=2.1988 acc=0.9764 cells=118036
[ct_train] early_stopping: no improve on val/eval_loss for 26/40 val checks
[ct_train] rechunked train graphs (seed=55)

=== Epoch 55/1000 ===
[train] loss=7.5851 cls=0.4408 cme=2.1357 acc=0.9875 cells=158379 kd=6.5728
[ct_train] rechunked train graphs (seed=56)

=== Epoch 56/1000 ===
[train] loss=7.5993 cls=0.4410 cme=2.1395 acc=0.9875 cells=158379 kd=6.5853
[val]   loss=5.2204 eval=2.6039 cls=0.4051 cme=2.1988 acc=0.9764 cells=118036
[ct_train] early_stopping: no improve on val/eval_loss for 27/40 val checks
[ct_train] rechunked train graphs (seed=57)

=== Epoch 57/1000 ===
[train] loss=7.5926 cls=0.4406 cme=2.1381 acc=0.9875 cells=158379 kd=6.5792
[ct_train] rechunked train graphs (seed=58)

=== Epoch 58/1000 ===
[train] loss=7.5828 cls=0.4408 cme=2.1354 acc=0.9874 cells=158379 kd=6.5706
[val]   loss=5.2203 eval=2.6038 cls=0.4051 cme=2.1987 acc=0.9764 cells=118036
[ct_train] early_stopping: no improve on val/eval_loss for 28/40 val checks
[ct_train] rechunked train graphs (seed=59)

=== Epoch 59/1000 ===
[train] loss=7.5918 cls=0.4411 cme=2.1379 acc=0.9878 cells=158379 kd=6.5784
[ct_train] rechunked train graphs (seed=60)

=== Epoch 60/1000 ===
[train] loss=7.5995 cls=0.4411 cme=2.1394 acc=0.9874 cells=158379 kd=6.5855
[val]   loss=5.2204 eval=2.6038 cls=0.4051 cme=2.1988 acc=0.9764 cells=118036
[ct_train] early_stopping: no improve on val/eval_loss for 29/40 val checks
[ct_train] rechunked train graphs (seed=61)

=== Epoch 61/1000 ===
[train] loss=7.5805 cls=0.4409 cme=2.1333 acc=0.9875 cells=158379 kd=6.5692
[ct_train] rechunked train graphs (seed=62)

=== Epoch 62/1000 ===
[train] loss=7.6043 cls=0.4411 cme=2.1407 acc=0.9875 cells=158379 kd=6.5897
[val]   loss=5.2204 eval=2.6039 cls=0.4051 cme=2.1988 acc=0.9764 cells=118036
[ct_train] early_stopping: no improve on val/eval_loss for 30/40 val checks
[ct_train] rechunked train graphs (seed=63)

=== Epoch 63/1000 ===
[train] loss=7.5906 cls=0.4409 cme=2.1375 acc=0.9875 cells=158379 kd=6.5775
[ct_train] rechunked train graphs (seed=64)

=== Epoch 64/1000 ===
[train] loss=7.5914 cls=0.4414 cme=2.1380 acc=0.9876 cells=158379 kd=6.5779
[val]   loss=5.2204 eval=2.6038 cls=0.4051 cme=2.1988 acc=0.9764 cells=118036
[ct_train] early_stopping: no improve on val/eval_loss for 31/40 val checks
[ct_train] rechunked train graphs (seed=65)

=== Epoch 65/1000 ===
[train] loss=7.5903 cls=0.4414 cme=2.1378 acc=0.9876 cells=158379 kd=6.5769
[ct_train] rechunked train graphs (seed=66)

=== Epoch 66/1000 ===
[train] loss=7.5810 cls=0.4411 cme=2.1347 acc=0.9874 cells=158379 kd=6.5691
[val]   loss=5.2203 eval=2.6038 cls=0.4051 cme=2.1988 acc=0.9765 cells=118036
[ct_train] early_stopping: no improve on val/eval_loss for 32/40 val checks
[ct_train] rechunked train graphs (seed=67)

=== Epoch 67/1000 ===
[train] loss=7.5876 cls=0.4409 cme=2.1371 acc=0.9874 cells=158379 kd=6.5747
[ct_train] rechunked train graphs (seed=68)

=== Epoch 68/1000 ===
[train] loss=7.5935 cls=0.4410 cme=2.1383 acc=0.9875 cells=158379 kd=6.5799
[val]   loss=5.2203 eval=2.6038 cls=0.4050 cme=2.1987 acc=0.9765 cells=118036
[ct_train] early_stopping: no improve on val/eval_loss for 33/40 val checks
[ct_train] rechunked train graphs (seed=69)

=== Epoch 69/1000 ===
[train] loss=7.6086 cls=0.4413 cme=2.1421 acc=0.9876 cells=158379 kd=6.5933
[ct_train] rechunked train graphs (seed=70)

=== Epoch 70/1000 ===
[train] loss=7.5920 cls=0.4408 cme=2.1382 acc=0.9875 cells=158379 kd=6.5785
[val]   loss=5.2203 eval=2.6038 cls=0.4050 cme=2.1988 acc=0.9765 cells=118036
[ct_train] early_stopping: no improve on val/eval_loss for 34/40 val checks
[ct_train] rechunked train graphs (seed=71)

=== Epoch 71/1000 ===
[train] loss=7.5830 cls=0.4407 cme=2.1349 acc=0.9876 cells=158379 kd=6.5710
[ct_train] rechunked train graphs (seed=72)

=== Epoch 72/1000 ===
[train] loss=7.6028 cls=0.4411 cme=2.1422 acc=0.9877 cells=158379 kd=6.5875
[val]   loss=5.2203 eval=2.6038 cls=0.4050 cme=2.1988 acc=0.9765 cells=118036
[ct_train] early_stopping: no improve on val/eval_loss for 35/40 val checks
[ct_train] rechunked train graphs (seed=73)

=== Epoch 73/1000 ===
[train] loss=7.5854 cls=0.4410 cme=2.1366 acc=0.9873 cells=158379 kd=6.5726
[ct_train] rechunked train graphs (seed=74)

=== Epoch 74/1000 ===
[train] loss=7.5807 cls=0.4408 cme=2.1348 acc=0.9877 cells=158379 kd=6.5688
[val]   loss=5.2202 eval=2.6037 cls=0.4050 cme=2.1987 acc=0.9765 cells=118036
[ct_train] early_stopping: no improve on val/eval_loss for 36/40 val checks
[ct_train] rechunked train graphs (seed=75)

=== Epoch 75/1000 ===
[train] loss=7.5855 cls=0.4407 cme=2.1358 acc=0.9876 cells=158379 kd=6.5732
[ct_train] rechunked train graphs (seed=76)

=== Epoch 76/1000 ===
[train] loss=7.5894 cls=0.4404 cme=2.1374 acc=0.9875 cells=158379 kd=6.5764
[val]   loss=5.2203 eval=2.6037 cls=0.4050 cme=2.1988 acc=0.9764 cells=118036
[ct_train] early_stopping: no improve on val/eval_loss for 37/40 val checks
[ct_train] rechunked train graphs (seed=77)

=== Epoch 77/1000 ===
[train] loss=7.5998 cls=0.4411 cme=2.1391 acc=0.9874 cells=158379 kd=6.5859
[ct_train] rechunked train graphs (seed=78)

=== Epoch 78/1000 ===
[train] loss=7.5944 cls=0.4416 cme=2.1387 acc=0.9874 cells=158379 kd=6.5806
[val]   loss=5.2202 eval=2.6037 cls=0.4050 cme=2.1987 acc=0.9764 cells=118036
[ct_train] early_stopping: no improve on val/eval_loss for 38/40 val checks
[ct_train] rechunked train graphs (seed=79)

=== Epoch 79/1000 ===
[train] loss=7.6060 cls=0.4409 cme=2.1414 acc=0.9875 cells=158379 kd=6.5912
[ct_train] rechunked train graphs (seed=80)

=== Epoch 80/1000 ===
[train] loss=7.5760 cls=0.4407 cme=2.1335 acc=0.9875 cells=158379 kd=6.5647
[val]   loss=5.2202 eval=2.6037 cls=0.4050 cme=2.1987 acc=0.9764 cells=118036
[ct_train] early_stopping: no improve on val/eval_loss for 39/40 val checks
[ct_train] rechunked train graphs (seed=81)

=== Epoch 81/1000 ===
[train] loss=7.6008 cls=0.4409 cme=2.1407 acc=0.9876 cells=158379 kd=6.5863
[ct_train] rechunked train graphs (seed=82)

=== Epoch 82/1000 ===
[train] loss=7.5847 cls=0.4410 cme=2.1352 acc=0.9876 cells=158379 kd=6.5725
[val]   loss=5.2203 eval=2.6038 cls=0.4050 cme=2.1987 acc=0.9765 cells=118036
[ct_train] early_stopping: no improve on val/eval_loss for 40/40 val checks
[ct_train] early stopping at epoch 82 (patience=40, monitor=val/eval_loss)

[ct_train] done. best_val_acc=0.9765  best_val_eval_loss=2.6020  checkpoints=/home/abel/code/Tissue-Reassembly-using-GenAI-and-new-metrics/exploration/cell_types/outputs/exp218_kd_from216_196  logs=/home/abel/code/Tissue-Reassembly-using-GenAI-and-new-metrics/exploration/cell_types/logs/exp218_kd_from216_196/20260808_135655
wandb: updating run metadata
wandb: uploading output.log; uploading wandb-summary.json; uploading config.yaml
wandb: uploading history steps 77-82, summary, console lines 401-426
wandb: 
wandb: Run summary:
wandb:                      best_epoch 2
wandb:                    best_val_acc 0.97647
wandb:              best_val_eval_loss 2.60198
wandb:                           epoch 82
wandb:                              lr 1e-05
wandb:           model/parameter_count 1305308
wandb: model/trainable_parameter_count 1305308
wandb:                       train/acc 0.98756
wandb:       train/acc_per_class/Astro 0.99221
wandb:        train/acc_per_class/Endo 0.98188
wandb:                             +54 ...
wandb: 
wandb:  View run exp218_kd_from216_196 at: https://wandb.ai/abel-salmona-polytechnique-montr-al/cell_types/runs/tryxymyi
wandb:  View project at: https://wandb.ai/abel-salmona-polytechnique-montr-al/cell_types
wandb: Synced 5 W&B file(s), 1 media file(s), 2 artifact file(s) and 1 other file(s)
wandb: Find logs at: ./exploration/cell_types/logs/exp218_kd_from216_196/20260808_135655/wandb/run-20260808_135704-tryxymyi/logs
