[ct_train] config=exploration/cell_types/experiments/configs/exp115_fus0_cme0_cme2p1.json
[ct_train] device=cuda  checkpoints=/home/abel/code/Tissue-Reassembly-using-GenAI-and-new-metrics/exploration/cell_types/outputs/exp115_fus0_cme0_cme2p1
[ct_train] logs=/home/abel/code/Tissue-Reassembly-using-GenAI-and-new-metrics/exploration/cell_types/logs/exp115_fus0_cme0_cme2p1/20260808_042848
[ct_train] Loading data …
[DataModule] Reading '/home/abel/biodata/MERFISH_LUNA_small_cortex/MERFISH_mouse_cortex_train.csv' (split=train) with float32 dtype on 254 gene cols + coord cols …
[DataModule] Loaded 158,379 rows for split=train.
[DataModule] Reading '/home/abel/biodata/MERFISH_LUNA_small_cortex/MERFISH_mouse_cortex_test.csv' (split=test) with float32 dtype on 254 gene cols + coord cols …
[DataModule] Loaded 118,036 rows for split=test.
[DataModule] Reading '/home/abel/biodata/MERFISH_LUNA_small_cortex/MERFISH_mouse_cortex_test.csv' (split=validation) with float32 dtype on 254 gene cols + coord cols …
[DataModule] Loaded 118,036 rows for split=validation.
[ct_train] genes=254  classes=23
[ct_train] model predict_cme=True  params=1,305,308
[ct_train] soft CME loaded split=train sigma=96.0 n=158379 C=23
[ct_train] soft CME loaded split=validation sigma=96.0 n=118036 C=23
[ct_train] soft CME loaded split=train sigma=50.0 n=158379 C=23
[ct_train] soft CME loaded split=train sigma=64.0 n=158379 C=23
[ct_train] soft CME loaded split=validation sigma=50.0 n=118036 C=23
[ct_train] soft CME loaded split=validation sigma=64.0 n=118036 C=23
wandb: [wandb.login()] Loaded credentials for https://api.wandb.ai from /home/abel/.netrc.
wandb: Currently logged in as: abel-salmona (abel-salmona-polytechnique-montr-al) to https://api.wandb.ai. Use `wandb login --relogin` to force relogin
wandb: WARNING Using a boolean value for 'reinit' is deprecated. Use 'return_previous' or 'finish_previous' instead.
wandb: Tracking run with wandb version 0.26.1
wandb: Run data is saved locally in /home/abel/code/Tissue-Reassembly-using-GenAI-and-new-metrics/exploration/cell_types/logs/exp115_fus0_cme0_cme2p1/20260808_042848/wandb/run-20260808_042857-rjak9cty
wandb: Run `wandb offline` to turn off syncing.
wandb: Syncing run exp115_fus0_cme0_cme2p1
wandb:  View project at https://wandb.ai/abel-salmona-polytechnique-montr-al/cell_types
wandb:  View run at https://wandb.ai/abel-salmona-polytechnique-montr-al/cell_types/runs/rjak9cty
wandb: WARNING Saving files without folders. If you want to preserve subdirectories pass base_path to wandb.save, i.e. wandb.save("/mnt/folder/file.h5", base_path="/mnt")
wandb: WARNING Symlinked 1 file into the W&B run directory; call wandb.save again to sync new files.
[ct_train] wandb: project=cell_types name=exp115_fus0_cme0_cme2p1 mode=online url=https://wandb.ai/abel-salmona-polytechnique-montr-al/cell_types/runs/rjak9cty
[ct_train] parameters: total=1,305,308 trainable=1,305,308
  [params] mlp_in_node_features: 26,720
  [params] transformer_layers: 633,600
  [params] type_stage1: 28,320
  [params] env_stage1: 93,056
  [params] type_probe: 2,231
  [params] env_probe: 7,383
  [params] fusion_mlp: 383,008
  [params] type_stage2: 30,551
  [params] env_stage2: 100,439
[ct_train] EMA enabled decay=0.98
[ct_train] rechunked train graphs (seed=1)

=== Epoch 1/1000 ===
[train] loss=9.0131 cls=2.7606 cme=2.7791 acc=0.2321 cells=158379
[ct_train] rechunked train graphs (seed=2)

=== Epoch 2/1000 ===
[train] loss=7.5199 cls=1.8659 cme=2.5152 acc=0.6543 cells=158379
[val]   loss=8.6190 eval=5.2425 cls=2.5407 cme=2.7019 acc=0.4430 cells=118036
[ct_train] saved best checkpoint (val_eval_loss=5.2425 val_acc=0.4430)
[ct_train] rechunked train graphs (seed=3)

=== Epoch 3/1000 ===
[train] loss=6.6242 cls=1.1948 cme=2.4164 acc=0.7873 cells=158379
[ct_train] rechunked train graphs (seed=4)

=== Epoch 4/1000 ===
[train] loss=6.2076 cls=0.8751 cme=2.3738 acc=0.8608 cells=158379
[val]   loss=6.8779 eval=3.8039 cls=1.3410 cme=2.4629 acc=0.8114 cells=118036
[ct_train] saved best checkpoint (val_eval_loss=3.8039 val_acc=0.8114)
[ct_train] rechunked train graphs (seed=5)

=== Epoch 5/1000 ===
[train] loss=5.9800 cls=0.7191 cme=2.3422 acc=0.9046 cells=158379
[ct_train] rechunked train graphs (seed=6)

=== Epoch 6/1000 ===
[train] loss=5.8791 cls=0.6419 cme=2.3317 acc=0.9226 cells=158379
[val]   loss=6.0913 eval=3.1358 cls=0.7655 cme=2.3703 acc=0.9058 cells=118036
[ct_train] saved best checkpoint (val_eval_loss=3.1358 val_acc=0.9058)
[ct_train] rechunked train graphs (seed=7)

=== Epoch 7/1000 ===
[train] loss=5.7808 cls=0.5956 cme=2.3088 acc=0.9336 cells=158379
[ct_train] rechunked train graphs (seed=8)

=== Epoch 8/1000 ===
[train] loss=5.7129 cls=0.5650 cme=2.2923 acc=0.9395 cells=158379
[val]   loss=5.8066 eval=2.9066 cls=0.5797 cme=2.3269 acc=0.9360 cells=118036
[ct_train] saved best checkpoint (val_eval_loss=2.9066 val_acc=0.9360)
[ct_train] rechunked train graphs (seed=9)

=== Epoch 9/1000 ===
[train] loss=5.6953 cls=0.5514 cme=2.2906 acc=0.9436 cells=158379
[ct_train] rechunked train graphs (seed=10)

=== Epoch 10/1000 ===
[train] loss=5.6657 cls=0.5370 cme=2.2839 acc=0.9464 cells=158379
[val]   loss=5.6852 eval=2.8174 cls=0.5157 cme=2.3017 acc=0.9471 cells=118036
[ct_train] saved best checkpoint (val_eval_loss=2.8174 val_acc=0.9471)
[ct_train] rechunked train graphs (seed=11)

=== Epoch 11/1000 ===
[train] loss=5.6234 cls=0.5274 cme=2.2695 acc=0.9488 cells=158379
[ct_train] rechunked train graphs (seed=12)

=== Epoch 12/1000 ===
[train] loss=5.6159 cls=0.5196 cme=2.2696 acc=0.9509 cells=158379
[val]   loss=5.6220 eval=2.7747 cls=0.4891 cme=2.2856 acc=0.9535 cells=118036
[ct_train] saved best checkpoint (val_eval_loss=2.7747 val_acc=0.9535)
[ct_train] rechunked train graphs (seed=13)

=== Epoch 13/1000 ===
[train] loss=5.5998 cls=0.5124 cme=2.2657 acc=0.9529 cells=158379
[ct_train] rechunked train graphs (seed=14)

=== Epoch 14/1000 ===
[train] loss=5.5834 cls=0.5055 cme=2.2614 acc=0.9548 cells=158379
[val]   loss=5.5802 eval=2.7480 cls=0.4743 cme=2.2737 acc=0.9568 cells=118036
[ct_train] saved best checkpoint (val_eval_loss=2.7480 val_acc=0.9568)
[ct_train] rechunked train graphs (seed=15)

=== Epoch 15/1000 ===
[train] loss=5.5625 cls=0.5002 cme=2.2545 acc=0.9557 cells=158379
[ct_train] rechunked train graphs (seed=16)

=== Epoch 16/1000 ===
[train] loss=5.5551 cls=0.4973 cme=2.2526 acc=0.9564 cells=158379
[val]   loss=5.5493 eval=2.7289 cls=0.4645 cme=2.2644 acc=0.9590 cells=118036
[ct_train] saved best checkpoint (val_eval_loss=2.7289 val_acc=0.9590)
[ct_train] rechunked train graphs (seed=17)

=== Epoch 17/1000 ===
[train] loss=5.5380 cls=0.4914 cme=2.2477 acc=0.9577 cells=158379
[ct_train] rechunked train graphs (seed=18)

=== Epoch 18/1000 ===
[train] loss=5.5285 cls=0.4879 cme=2.2450 acc=0.9591 cells=158379
[val]   loss=5.5282 eval=2.7157 cls=0.4576 cme=2.2581 acc=0.9609 cells=118036
[ct_train] saved best checkpoint (val_eval_loss=2.7157 val_acc=0.9609)
[ct_train] rechunked train graphs (seed=19)

=== Epoch 19/1000 ===
[train] loss=5.5268 cls=0.4841 cme=2.2459 acc=0.9600 cells=158379
[ct_train] rechunked train graphs (seed=20)

=== Epoch 20/1000 ===
[train] loss=5.5152 cls=0.4823 cme=2.2416 acc=0.9601 cells=158379
[val]   loss=5.5128 eval=2.7060 cls=0.4525 cme=2.2536 acc=0.9626 cells=118036
[ct_train] saved best checkpoint (val_eval_loss=2.7060 val_acc=0.9626)
[ct_train] rechunked train graphs (seed=21)

=== Epoch 21/1000 ===
[train] loss=5.5139 cls=0.4789 cme=2.2425 acc=0.9611 cells=158379
[ct_train] rechunked train graphs (seed=22)

=== Epoch 22/1000 ===
[train] loss=5.4975 cls=0.4764 cme=2.2364 acc=0.9622 cells=158379
[val]   loss=5.4973 eval=2.6966 cls=0.4479 cme=2.2487 acc=0.9640 cells=118036
[ct_train] saved best checkpoint (val_eval_loss=2.6966 val_acc=0.9640)
[ct_train] rechunked train graphs (seed=23)

=== Epoch 23/1000 ===
[train] loss=5.4864 cls=0.4739 cme=2.2327 acc=0.9629 cells=158379
[ct_train] rechunked train graphs (seed=24)

=== Epoch 24/1000 ===
[train] loss=5.4839 cls=0.4718 cme=2.2324 acc=0.9636 cells=158379
[val]   loss=5.4836 eval=2.6883 cls=0.4439 cme=2.2444 acc=0.9655 cells=118036
[ct_train] saved best checkpoint (val_eval_loss=2.6883 val_acc=0.9655)
[ct_train] rechunked train graphs (seed=25)

=== Epoch 25/1000 ===
[train] loss=5.4839 cls=0.4694 cme=2.2334 acc=0.9640 cells=158379
[ct_train] rechunked train graphs (seed=26)

=== Epoch 26/1000 ===
[train] loss=5.4658 cls=0.4661 cme=2.2269 acc=0.9651 cells=158379
[val]   loss=5.4724 eval=2.6815 cls=0.4405 cme=2.2409 acc=0.9663 cells=118036
[ct_train] saved best checkpoint (val_eval_loss=2.6815 val_acc=0.9663)
[ct_train] rechunked train graphs (seed=27)

=== Epoch 27/1000 ===
[train] loss=5.4583 cls=0.4645 cme=2.2243 acc=0.9652 cells=158379
[ct_train] rechunked train graphs (seed=28)

=== Epoch 28/1000 ===
[train] loss=5.4504 cls=0.4623 cme=2.2218 acc=0.9660 cells=158379
[val]   loss=5.4624 eval=2.6754 cls=0.4376 cme=2.2378 acc=0.9671 cells=118036
[ct_train] saved best checkpoint (val_eval_loss=2.6754 val_acc=0.9671)
[ct_train] rechunked train graphs (seed=29)

=== Epoch 29/1000 ===
[train] loss=5.4478 cls=0.4608 cme=2.2213 acc=0.9662 cells=158379
[ct_train] rechunked train graphs (seed=30)

=== Epoch 30/1000 ===
[train] loss=5.4478 cls=0.4599 cme=2.2218 acc=0.9664 cells=158379
[val]   loss=5.4530 eval=2.6699 cls=0.4352 cme=2.2347 acc=0.9675 cells=118036
[ct_train] saved best checkpoint (val_eval_loss=2.6699 val_acc=0.9675)
[ct_train] rechunked train graphs (seed=31)

=== Epoch 31/1000 ===
[train] loss=5.4417 cls=0.4576 cme=2.2200 acc=0.9670 cells=158379
[ct_train] rechunked train graphs (seed=32)

=== Epoch 32/1000 ===
[train] loss=5.4622 cls=0.4582 cme=2.2289 acc=0.9671 cells=158379
[val]   loss=5.4458 eval=2.6655 cls=0.4330 cme=2.2325 acc=0.9680 cells=118036
[ct_train] saved best checkpoint (val_eval_loss=2.6655 val_acc=0.9680)
[ct_train] rechunked train graphs (seed=33)

=== Epoch 33/1000 ===
[train] loss=5.4387 cls=0.4534 cme=2.2206 acc=0.9681 cells=158379
[ct_train] rechunked train graphs (seed=34)

=== Epoch 34/1000 ===
[train] loss=5.4259 cls=0.4541 cme=2.2147 acc=0.9680 cells=158379
[val]   loss=5.4396 eval=2.6617 cls=0.4311 cme=2.2306 acc=0.9686 cells=118036
[ct_train] saved best checkpoint (val_eval_loss=2.6617 val_acc=0.9686)
[ct_train] rechunked train graphs (seed=35)

=== Epoch 35/1000 ===
[train] loss=5.4322 cls=0.4527 cme=2.2179 acc=0.9686 cells=158379
[ct_train] rechunked train graphs (seed=36)

=== Epoch 36/1000 ===
[train] loss=5.4237 cls=0.4503 cme=2.2153 acc=0.9689 cells=158379
[val]   loss=5.4341 eval=2.6585 cls=0.4296 cme=2.2288 acc=0.9689 cells=118036
[ct_train] saved best checkpoint (val_eval_loss=2.6585 val_acc=0.9689)
[ct_train] rechunked train graphs (seed=37)

=== Epoch 37/1000 ===
[train] loss=5.4185 cls=0.4525 cme=2.2121 acc=0.9687 cells=158379
[ct_train] rechunked train graphs (seed=38)

=== Epoch 38/1000 ===
[train] loss=5.4043 cls=0.4488 cme=2.2074 acc=0.9694 cells=158379
[val]   loss=5.4281 eval=2.6549 cls=0.4280 cme=2.2269 acc=0.9693 cells=118036
[ct_train] saved best checkpoint (val_eval_loss=2.6549 val_acc=0.9693)
[ct_train] rechunked train graphs (seed=39)

=== Epoch 39/1000 ===
[train] loss=5.4137 cls=0.4480 cme=2.2120 acc=0.9697 cells=158379
[ct_train] rechunked train graphs (seed=40)

=== Epoch 40/1000 ===
[train] loss=5.4091 cls=0.4469 cme=2.2104 acc=0.9698 cells=158379
[val]   loss=5.4229 eval=2.6518 cls=0.4266 cme=2.2253 acc=0.9697 cells=118036
[ct_train] saved best checkpoint (val_eval_loss=2.6518 val_acc=0.9697)
[ct_train] rechunked train graphs (seed=41)

=== Epoch 41/1000 ===
[train] loss=5.3970 cls=0.4460 cme=2.2055 acc=0.9698 cells=158379
[ct_train] rechunked train graphs (seed=42)

=== Epoch 42/1000 ===
[train] loss=5.3995 cls=0.4447 cme=2.2071 acc=0.9709 cells=158379
[val]   loss=5.4186 eval=2.6492 cls=0.4254 cme=2.2239 acc=0.9701 cells=118036
[ct_train] saved best checkpoint (val_eval_loss=2.6492 val_acc=0.9701)
[ct_train] rechunked train graphs (seed=43)

=== Epoch 43/1000 ===
[train] loss=5.4085 cls=0.4450 cme=2.2109 acc=0.9706 cells=158379
[ct_train] rechunked train graphs (seed=44)

=== Epoch 44/1000 ===
[train] loss=5.3907 cls=0.4436 cme=2.2038 acc=0.9710 cells=158379
[val]   loss=5.4148 eval=2.6469 cls=0.4242 cme=2.2227 acc=0.9703 cells=118036
[ct_train] saved best checkpoint (val_eval_loss=2.6469 val_acc=0.9703)
[ct_train] rechunked train graphs (seed=45)

=== Epoch 45/1000 ===
[train] loss=5.3965 cls=0.4430 cme=2.2065 acc=0.9711 cells=158379
[ct_train] rechunked train graphs (seed=46)

=== Epoch 46/1000 ===
[train] loss=5.3826 cls=0.4408 cme=2.2015 acc=0.9716 cells=158379
[val]   loss=5.4106 eval=2.6445 cls=0.4230 cme=2.2214 acc=0.9706 cells=118036
[ct_train] saved best checkpoint (val_eval_loss=2.6445 val_acc=0.9706)
[ct_train] rechunked train graphs (seed=47)

=== Epoch 47/1000 ===
[train] loss=5.3921 cls=0.4402 cme=2.2059 acc=0.9717 cells=158379
[ct_train] rechunked train graphs (seed=48)

=== Epoch 48/1000 ===
[train] loss=5.3759 cls=0.4391 cme=2.1992 acc=0.9724 cells=158379
[val]   loss=5.4072 eval=2.6424 cls=0.4221 cme=2.2204 acc=0.9710 cells=118036
[ct_train] saved best checkpoint (val_eval_loss=2.6424 val_acc=0.9710)
[ct_train] rechunked train graphs (seed=49)

=== Epoch 49/1000 ===
[train] loss=5.3842 cls=0.4390 cme=2.2029 acc=0.9726 cells=158379
[ct_train] rechunked train graphs (seed=50)

=== Epoch 50/1000 ===
[train] loss=5.3738 cls=0.4375 cme=2.1989 acc=0.9726 cells=158379
[val]   loss=5.4047 eval=2.6409 cls=0.4212 cme=2.2197 acc=0.9714 cells=118036
[ct_train] saved best checkpoint (val_eval_loss=2.6409 val_acc=0.9714)
[ct_train] rechunked train graphs (seed=51)

=== Epoch 51/1000 ===
[train] loss=5.3658 cls=0.4373 cme=2.1955 acc=0.9727 cells=158379
[ct_train] rechunked train graphs (seed=52)

=== Epoch 52/1000 ===
[train] loss=5.3672 cls=0.4366 cme=2.1965 acc=0.9732 cells=158379
[val]   loss=5.4020 eval=2.6392 cls=0.4204 cme=2.2188 acc=0.9715 cells=118036
[ct_train] saved best checkpoint (val_eval_loss=2.6392 val_acc=0.9715)
[ct_train] rechunked train graphs (seed=53)

=== Epoch 53/1000 ===
[train] loss=5.3653 cls=0.4354 cme=2.1961 acc=0.9732 cells=158379
[ct_train] rechunked train graphs (seed=54)

=== Epoch 54/1000 ===
[train] loss=5.3747 cls=0.4357 cme=2.2002 acc=0.9737 cells=158379
[val]   loss=5.3998 eval=2.6379 cls=0.4198 cme=2.2181 acc=0.9718 cells=118036
[ct_train] saved best checkpoint (val_eval_loss=2.6379 val_acc=0.9718)
[ct_train] rechunked train graphs (seed=55)

=== Epoch 55/1000 ===
[train] loss=5.3582 cls=0.4340 cme=2.1936 acc=0.9735 cells=158379
[ct_train] rechunked train graphs (seed=56)

=== Epoch 56/1000 ===
[train] loss=5.3654 cls=0.4337 cme=2.1969 acc=0.9739 cells=158379
[val]   loss=5.3968 eval=2.6362 cls=0.4192 cme=2.2170 acc=0.9719 cells=118036
[ct_train] saved best checkpoint (val_eval_loss=2.6362 val_acc=0.9719)
[ct_train] rechunked train graphs (seed=57)

=== Epoch 57/1000 ===
[train] loss=5.3581 cls=0.4333 cme=2.1939 acc=0.9738 cells=158379
[ct_train] rechunked train graphs (seed=58)

=== Epoch 58/1000 ===
[train] loss=5.3627 cls=0.4332 cme=2.1959 acc=0.9743 cells=158379
[val]   loss=5.3950 eval=2.6350 cls=0.4185 cme=2.2166 acc=0.9723 cells=118036
[ct_train] saved best checkpoint (val_eval_loss=2.6350 val_acc=0.9723)
[ct_train] rechunked train graphs (seed=59)

=== Epoch 59/1000 ===
[train] loss=5.3540 cls=0.4305 cme=2.1934 acc=0.9746 cells=158379
[ct_train] rechunked train graphs (seed=60)

=== Epoch 60/1000 ===
[train] loss=5.3637 cls=0.4321 cme=2.1969 acc=0.9744 cells=158379
[val]   loss=5.3932 eval=2.6340 cls=0.4179 cme=2.2160 acc=0.9724 cells=118036
[ct_train] saved best checkpoint (val_eval_loss=2.6340 val_acc=0.9724)
[ct_train] rechunked train graphs (seed=61)

=== Epoch 61/1000 ===
[train] loss=5.3487 cls=0.4306 cme=2.1908 acc=0.9749 cells=158379
[ct_train] rechunked train graphs (seed=62)

=== Epoch 62/1000 ===
[train] loss=5.3586 cls=0.4312 cme=2.1951 acc=0.9747 cells=158379
[val]   loss=5.3913 eval=2.6330 cls=0.4177 cme=2.2153 acc=0.9727 cells=118036
[ct_train] saved best checkpoint (val_eval_loss=2.6330 val_acc=0.9727)
[ct_train] rechunked train graphs (seed=63)

=== Epoch 63/1000 ===
[train] loss=5.3442 cls=0.4302 cme=2.1891 acc=0.9745 cells=158379
[ct_train] rechunked train graphs (seed=64)

=== Epoch 64/1000 ===
[train] loss=5.3453 cls=0.4292 cme=2.1901 acc=0.9750 cells=158379
[val]   loss=5.3894 eval=2.6319 cls=0.4171 cme=2.2147 acc=0.9728 cells=118036
[ct_train] saved best checkpoint (val_eval_loss=2.6319 val_acc=0.9728)
[ct_train] rechunked train graphs (seed=65)

=== Epoch 65/1000 ===
[train] loss=5.3542 cls=0.4293 cme=2.1940 acc=0.9750 cells=158379
[ct_train] rechunked train graphs (seed=66)

=== Epoch 66/1000 ===
[train] loss=5.3515 cls=0.4291 cme=2.1928 acc=0.9750 cells=158379
[val]   loss=5.3871 eval=2.6306 cls=0.4166 cme=2.2140 acc=0.9729 cells=118036
[ct_train] saved best checkpoint (val_eval_loss=2.6306 val_acc=0.9729)
[ct_train] rechunked train graphs (seed=67)

=== Epoch 67/1000 ===
[train] loss=5.3498 cls=0.4298 cme=2.1918 acc=0.9744 cells=158379
[ct_train] rechunked train graphs (seed=68)

=== Epoch 68/1000 ===
[train] loss=5.3443 cls=0.4275 cme=2.1904 acc=0.9752 cells=158379
[val]   loss=5.3860 eval=2.6298 cls=0.4162 cme=2.2136 acc=0.9730 cells=118036
[ct_train] saved best checkpoint (val_eval_loss=2.6298 val_acc=0.9730)
[ct_train] rechunked train graphs (seed=69)

=== Epoch 69/1000 ===
[train] loss=5.3329 cls=0.4266 cme=2.1857 acc=0.9757 cells=158379
[ct_train] rechunked train graphs (seed=70)

=== Epoch 70/1000 ===
[train] loss=5.3318 cls=0.4278 cme=2.1847 acc=0.9756 cells=158379
[val]   loss=5.3846 eval=2.6289 cls=0.4156 cme=2.2133 acc=0.9731 cells=118036
[ct_train] saved best checkpoint (val_eval_loss=2.6289 val_acc=0.9731)
[ct_train] rechunked train graphs (seed=71)

=== Epoch 71/1000 ===
[train] loss=5.3467 cls=0.4274 cme=2.1914 acc=0.9758 cells=158379
[ct_train] rechunked train graphs (seed=72)

=== Epoch 72/1000 ===
[train] loss=5.3329 cls=0.4259 cme=2.1860 acc=0.9758 cells=158379
[val]   loss=5.3825 eval=2.6278 cls=0.4153 cme=2.2125 acc=0.9732 cells=118036
[ct_train] saved best checkpoint (val_eval_loss=2.6278 val_acc=0.9732)
[ct_train] rechunked train graphs (seed=73)

=== Epoch 73/1000 ===
[train] loss=5.3412 cls=0.4261 cme=2.1896 acc=0.9755 cells=158379
[ct_train] rechunked train graphs (seed=74)

=== Epoch 74/1000 ===
[train] loss=5.3544 cls=0.4259 cme=2.1955 acc=0.9755 cells=158379
[val]   loss=5.3811 eval=2.6270 cls=0.4150 cme=2.2120 acc=0.9733 cells=118036
[ct_train] saved best checkpoint (val_eval_loss=2.6270 val_acc=0.9733)
[ct_train] rechunked train graphs (seed=75)

=== Epoch 75/1000 ===
[train] loss=5.3279 cls=0.4237 cme=2.1848 acc=0.9760 cells=158379
[ct_train] rechunked train graphs (seed=76)

=== Epoch 76/1000 ===
[train] loss=5.3252 cls=0.4233 cme=2.1837 acc=0.9763 cells=158379
[val]   loss=5.3813 eval=2.6269 cls=0.4147 cme=2.2122 acc=0.9734 cells=118036
[ct_train] saved best checkpoint (val_eval_loss=2.6269 val_acc=0.9734)
[ct_train] early_stopping: no improve on val/eval_loss for 1/45 val checks
[ct_train] rechunked train graphs (seed=77)

=== Epoch 77/1000 ===
[train] loss=5.3233 cls=0.4234 cme=2.1830 acc=0.9765 cells=158379
[ct_train] rechunked train graphs (seed=78)

=== Epoch 78/1000 ===
[train] loss=5.3261 cls=0.4234 cme=2.1841 acc=0.9762 cells=158379
[val]   loss=5.3790 eval=2.6257 cls=0.4142 cme=2.2115 acc=0.9735 cells=118036
[ct_train] saved best checkpoint (val_eval_loss=2.6257 val_acc=0.9735)
[ct_train] rechunked train graphs (seed=79)

=== Epoch 79/1000 ===
[train] loss=5.3317 cls=0.4229 cme=2.1868 acc=0.9767 cells=158379
[ct_train] rechunked train graphs (seed=80)

=== Epoch 80/1000 ===
[train] loss=5.3170 cls=0.4230 cme=2.1803 acc=0.9764 cells=158379
[val]   loss=5.3778 eval=2.6249 cls=0.4139 cme=2.2111 acc=0.9736 cells=118036
[ct_train] saved best checkpoint (val_eval_loss=2.6249 val_acc=0.9736)
[ct_train] rechunked train graphs (seed=81)

=== Epoch 81/1000 ===
[train] loss=5.3143 cls=0.4216 cme=2.1796 acc=0.9768 cells=158379
[ct_train] rechunked train graphs (seed=82)

=== Epoch 82/1000 ===
[train] loss=5.3141 cls=0.4212 cme=2.1798 acc=0.9773 cells=158379
[val]   loss=5.3765 eval=2.6242 cls=0.4136 cme=2.2106 acc=0.9739 cells=118036
[ct_train] saved best checkpoint (val_eval_loss=2.6242 val_acc=0.9739)
[ct_train] rechunked train graphs (seed=83)

=== Epoch 83/1000 ===
[train] loss=5.3204 cls=0.4212 cme=2.1825 acc=0.9771 cells=158379
[ct_train] rechunked train graphs (seed=84)

=== Epoch 84/1000 ===
[train] loss=5.3162 cls=0.4206 cme=2.1811 acc=0.9776 cells=158379
[val]   loss=5.3765 eval=2.6242 cls=0.4135 cme=2.2107 acc=0.9739 cells=118036
[ct_train] saved best checkpoint (val_eval_loss=2.6242 val_acc=0.9739)
[ct_train] early_stopping: no improve on val/eval_loss for 1/45 val checks
[ct_train] rechunked train graphs (seed=85)

=== Epoch 85/1000 ===
[train] loss=5.3055 cls=0.4195 cme=2.1767 acc=0.9779 cells=158379
[ct_train] rechunked train graphs (seed=86)

=== Epoch 86/1000 ===
[train] loss=5.3201 cls=0.4197 cme=2.1832 acc=0.9775 cells=158379
[val]   loss=5.3750 eval=2.6234 cls=0.4132 cme=2.2102 acc=0.9740 cells=118036
[ct_train] saved best checkpoint (val_eval_loss=2.6234 val_acc=0.9740)
[ct_train] rechunked train graphs (seed=87)

=== Epoch 87/1000 ===
[train] loss=5.3122 cls=0.4198 cme=2.1796 acc=0.9776 cells=158379
[ct_train] rechunked train graphs (seed=88)

=== Epoch 88/1000 ===
[train] loss=5.3194 cls=0.4198 cme=2.1827 acc=0.9776 cells=158379
[val]   loss=5.3730 eval=2.6222 cls=0.4127 cme=2.2095 acc=0.9742 cells=118036
[ct_train] saved best checkpoint (val_eval_loss=2.6222 val_acc=0.9742)
[ct_train] rechunked train graphs (seed=89)

=== Epoch 89/1000 ===
[train] loss=5.3077 cls=0.4188 cme=2.1780 acc=0.9778 cells=158379
[ct_train] rechunked train graphs (seed=90)

=== Epoch 90/1000 ===
[train] loss=5.3098 cls=0.4179 cme=2.1794 acc=0.9784 cells=158379
[val]   loss=5.3726 eval=2.6220 cls=0.4124 cme=2.2095 acc=0.9742 cells=118036
[ct_train] saved best checkpoint (val_eval_loss=2.6220 val_acc=0.9742)
[ct_train] early_stopping: no improve on val/eval_loss for 1/45 val checks
[ct_train] rechunked train graphs (seed=91)

=== Epoch 91/1000 ===
[train] loss=5.3027 cls=0.4168 cme=2.1767 acc=0.9782 cells=158379
[ct_train] rechunked train graphs (seed=92)

=== Epoch 92/1000 ===
[train] loss=5.3039 cls=0.4167 cme=2.1773 acc=0.9786 cells=158379
[val]   loss=5.3719 eval=2.6214 cls=0.4120 cme=2.2094 acc=0.9743 cells=118036
[ct_train] saved best checkpoint (val_eval_loss=2.6214 val_acc=0.9743)
[ct_train] rechunked train graphs (seed=93)

=== Epoch 93/1000 ===
[train] loss=5.3093 cls=0.4173 cme=2.1794 acc=0.9783 cells=158379
[ct_train] rechunked train graphs (seed=94)

=== Epoch 94/1000 ===
[train] loss=5.2987 cls=0.4164 cme=2.1751 acc=0.9785 cells=158379
[val]   loss=5.3719 eval=2.6213 cls=0.4119 cme=2.2094 acc=0.9744 cells=118036
[ct_train] saved best checkpoint (val_eval_loss=2.6213 val_acc=0.9744)
[ct_train] early_stopping: no improve on val/eval_loss for 1/45 val checks
[ct_train] rechunked train graphs (seed=95)

=== Epoch 95/1000 ===
[train] loss=5.3243 cls=0.4174 cme=2.1860 acc=0.9786 cells=158379
[ct_train] rechunked train graphs (seed=96)

=== Epoch 96/1000 ===
[train] loss=5.3066 cls=0.4160 cme=2.1788 acc=0.9787 cells=158379
[val]   loss=5.3697 eval=2.6202 cls=0.4115 cme=2.2086 acc=0.9744 cells=118036
[ct_train] saved best checkpoint (val_eval_loss=2.6202 val_acc=0.9744)
[ct_train] rechunked train graphs (seed=97)

=== Epoch 97/1000 ===
[train] loss=5.3076 cls=0.4153 cme=2.1795 acc=0.9788 cells=158379
[ct_train] rechunked train graphs (seed=98)

=== Epoch 98/1000 ===
[train] loss=5.2981 cls=0.4170 cme=2.1746 acc=0.9787 cells=158379
[val]   loss=5.3694 eval=2.6199 cls=0.4112 cme=2.2086 acc=0.9744 cells=118036
[ct_train] saved best checkpoint (val_eval_loss=2.6199 val_acc=0.9744)
[ct_train] rechunked train graphs (seed=99)

=== Epoch 99/1000 ===
[train] loss=5.2859 cls=0.4161 cme=2.1696 acc=0.9787 cells=158379
[ct_train] rechunked train graphs (seed=100)

=== Epoch 100/1000 ===
[train] loss=5.2887 cls=0.4147 cme=2.1715 acc=0.9792 cells=158379
[val]   loss=5.3701 eval=2.6202 cls=0.4112 cme=2.2090 acc=0.9745 cells=118036
[ct_train] early_stopping: no improve on val/eval_loss for 1/45 val checks
[ct_train] rechunked train graphs (seed=101)

=== Epoch 101/1000 ===
[train] loss=5.3113 cls=0.4153 cme=2.1812 acc=0.9795 cells=158379
[ct_train] rechunked train graphs (seed=102)

=== Epoch 102/1000 ===
[train] loss=5.2942 cls=0.4136 cme=2.1744 acc=0.9793 cells=158379
[val]   loss=5.3687 eval=2.6195 cls=0.4111 cme=2.2084 acc=0.9746 cells=118036
[ct_train] saved best checkpoint (val_eval_loss=2.6195 val_acc=0.9746)
[ct_train] rechunked train graphs (seed=103)

=== Epoch 103/1000 ===
[train] loss=5.3018 cls=0.4134 cme=2.1778 acc=0.9794 cells=158379
[ct_train] rechunked train graphs (seed=104)

=== Epoch 104/1000 ===
[train] loss=5.2873 cls=0.4133 cme=2.1714 acc=0.9795 cells=158379
[val]   loss=5.3676 eval=2.6188 cls=0.4107 cme=2.2081 acc=0.9748 cells=118036
[ct_train] saved best checkpoint (val_eval_loss=2.6188 val_acc=0.9748)
[ct_train] rechunked train graphs (seed=105)

=== Epoch 105/1000 ===
[train] loss=5.2878 cls=0.4139 cme=2.1714 acc=0.9795 cells=158379
[ct_train] rechunked train graphs (seed=106)

=== Epoch 106/1000 ===
[train] loss=5.2879 cls=0.4129 cme=2.1719 acc=0.9794 cells=158379
[val]   loss=5.3675 eval=2.6188 cls=0.4107 cme=2.2081 acc=0.9748 cells=118036
[ct_train] saved best checkpoint (val_eval_loss=2.6188 val_acc=0.9748)
[ct_train] early_stopping: no improve on val/eval_loss for 1/45 val checks
[ct_train] rechunked train graphs (seed=107)

=== Epoch 107/1000 ===
[train] loss=5.2829 cls=0.4123 cme=2.1700 acc=0.9799 cells=158379
[ct_train] rechunked train graphs (seed=108)

=== Epoch 108/1000 ===
[train] loss=5.2993 cls=0.4131 cme=2.1769 acc=0.9795 cells=158379
[val]   loss=5.3672 eval=2.6185 cls=0.4105 cme=2.2081 acc=0.9748 cells=118036
[ct_train] saved best checkpoint (val_eval_loss=2.6185 val_acc=0.9748)
[ct_train] early_stopping: no improve on val/eval_loss for 2/45 val checks
[ct_train] rechunked train graphs (seed=109)

=== Epoch 109/1000 ===
[train] loss=5.2818 cls=0.4118 cme=2.1697 acc=0.9801 cells=158379
[ct_train] rechunked train graphs (seed=110)

=== Epoch 110/1000 ===
[train] loss=5.2846 cls=0.4118 cme=2.1709 acc=0.9798 cells=158379
[val]   loss=5.3663 eval=2.6180 cls=0.4102 cme=2.2078 acc=0.9749 cells=118036
[ct_train] saved best checkpoint (val_eval_loss=2.6180 val_acc=0.9749)
[ct_train] rechunked train graphs (seed=111)

=== Epoch 111/1000 ===
[train] loss=5.2780 cls=0.4109 cme=2.1685 acc=0.9799 cells=158379
[ct_train] rechunked train graphs (seed=112)

=== Epoch 112/1000 ===
[train] loss=5.2750 cls=0.4110 cme=2.1670 acc=0.9802 cells=158379
[val]   loss=5.3647 eval=2.6172 cls=0.4101 cme=2.2071 acc=0.9750 cells=118036
[ct_train] saved best checkpoint (val_eval_loss=2.6172 val_acc=0.9750)
[ct_train] rechunked train graphs (seed=113)

=== Epoch 113/1000 ===
[train] loss=5.2834 cls=0.4112 cme=2.1707 acc=0.9800 cells=158379
[ct_train] rechunked train graphs (seed=114)

=== Epoch 114/1000 ===
[train] loss=5.2831 cls=0.4107 cme=2.1707 acc=0.9804 cells=158379
[val]   loss=5.3645 eval=2.6171 cls=0.4100 cme=2.2071 acc=0.9749 cells=118036
[ct_train] saved best checkpoint (val_eval_loss=2.6171 val_acc=0.9750)
[ct_train] early_stopping: no improve on val/eval_loss for 1/45 val checks
[ct_train] rechunked train graphs (seed=115)

=== Epoch 115/1000 ===
[train] loss=5.2700 cls=0.4104 cme=2.1651 acc=0.9802 cells=158379
[ct_train] rechunked train graphs (seed=116)

=== Epoch 116/1000 ===
[train] loss=5.2702 cls=0.4107 cme=2.1650 acc=0.9802 cells=158379
[val]   loss=5.3641 eval=2.6168 cls=0.4098 cme=2.2070 acc=0.9750 cells=118036
[ct_train] saved best checkpoint (val_eval_loss=2.6168 val_acc=0.9750)
[ct_train] rechunked train graphs (seed=117)

=== Epoch 117/1000 ===
[train] loss=5.2765 cls=0.4097 cme=2.1683 acc=0.9808 cells=158379
[ct_train] rechunked train graphs (seed=118)

=== Epoch 118/1000 ===
[train] loss=5.2712 cls=0.4088 cme=2.1663 acc=0.9810 cells=158379
[val]   loss=5.3633 eval=2.6164 cls=0.4098 cme=2.2067 acc=0.9752 cells=118036
[ct_train] saved best checkpoint (val_eval_loss=2.6164 val_acc=0.9752)
[ct_train] rechunked train graphs (seed=119)

=== Epoch 119/1000 ===
[train] loss=5.2599 cls=0.4074 cme=2.1620 acc=0.9811 cells=158379
[ct_train] rechunked train graphs (seed=120)

=== Epoch 120/1000 ===
[train] loss=5.2600 cls=0.4077 cme=2.1618 acc=0.9811 cells=158379
[val]   loss=5.3632 eval=2.6162 cls=0.4094 cme=2.2068 acc=0.9752 cells=118036
[ct_train] saved best checkpoint (val_eval_loss=2.6162 val_acc=0.9752)
[ct_train] early_stopping: no improve on val/eval_loss for 1/45 val checks
[ct_train] rechunked train graphs (seed=121)

=== Epoch 121/1000 ===
[train] loss=5.2761 cls=0.4091 cme=2.1684 acc=0.9806 cells=158379
[ct_train] rechunked train graphs (seed=122)

=== Epoch 122/1000 ===
[train] loss=5.2601 cls=0.4079 cme=2.1619 acc=0.9812 cells=158379
[val]   loss=5.3623 eval=2.6157 cls=0.4093 cme=2.2064 acc=0.9753 cells=118036
[ct_train] saved best checkpoint (val_eval_loss=2.6157 val_acc=0.9753)
[ct_train] rechunked train graphs (seed=123)

=== Epoch 123/1000 ===
[train] loss=5.2709 cls=0.4083 cme=2.1664 acc=0.9812 cells=158379
[ct_train] rechunked train graphs (seed=124)

=== Epoch 124/1000 ===
[train] loss=5.2755 cls=0.4074 cme=2.1689 acc=0.9815 cells=158379
[val]   loss=5.3630 eval=2.6159 cls=0.4091 cme=2.2068 acc=0.9752 cells=118036
[ct_train] early_stopping: no improve on val/eval_loss for 1/45 val checks
[ct_train] rechunked train graphs (seed=125)

=== Epoch 125/1000 ===
[train] loss=5.2717 cls=0.4085 cme=2.1667 acc=0.9811 cells=158379
[ct_train] rechunked train graphs (seed=126)

=== Epoch 126/1000 ===
[train] loss=5.2620 cls=0.4068 cme=2.1631 acc=0.9816 cells=158379
[val]   loss=5.3621 eval=2.6155 cls=0.4090 cme=2.2065 acc=0.9753 cells=118036
[ct_train] saved best checkpoint (val_eval_loss=2.6155 val_acc=0.9753)
[ct_train] early_stopping: no improve on val/eval_loss for 2/45 val checks
[ct_train] rechunked train graphs (seed=127)

=== Epoch 127/1000 ===
[train] loss=5.2824 cls=0.4072 cme=2.1720 acc=0.9813 cells=158379
[ct_train] rechunked train graphs (seed=128)

=== Epoch 128/1000 ===
[train] loss=5.2661 cls=0.4063 cme=2.1652 acc=0.9817 cells=158379
[val]   loss=5.3610 eval=2.6150 cls=0.4089 cme=2.2060 acc=0.9754 cells=118036
[ct_train] saved best checkpoint (val_eval_loss=2.6150 val_acc=0.9754)
[ct_train] rechunked train graphs (seed=129)

=== Epoch 129/1000 ===
[train] loss=5.2623 cls=0.4063 cme=2.1636 acc=0.9814 cells=158379
[ct_train] rechunked train graphs (seed=130)

=== Epoch 130/1000 ===
[train] loss=5.2624 cls=0.4060 cme=2.1636 acc=0.9816 cells=158379
[val]   loss=5.3603 eval=2.6147 cls=0.4090 cme=2.2057 acc=0.9754 cells=118036
[ct_train] saved best checkpoint (val_eval_loss=2.6147 val_acc=0.9754)
[ct_train] early_stopping: no improve on val/eval_loss for 1/45 val checks
[ct_train] rechunked train graphs (seed=131)

=== Epoch 131/1000 ===
[train] loss=5.2577 cls=0.4058 cme=2.1617 acc=0.9815 cells=158379
[ct_train] rechunked train graphs (seed=132)

=== Epoch 132/1000 ===
[train] loss=5.2539 cls=0.4053 cme=2.1602 acc=0.9818 cells=158379
[val]   loss=5.3599 eval=2.6144 cls=0.4088 cme=2.2056 acc=0.9755 cells=118036
[ct_train] saved best checkpoint (val_eval_loss=2.6144 val_acc=0.9755)
[ct_train] early_stopping: no improve on val/eval_loss for 2/45 val checks
[ct_train] rechunked train graphs (seed=133)

=== Epoch 133/1000 ===
[train] loss=5.2588 cls=0.4057 cme=2.1623 acc=0.9816 cells=158379
[ct_train] rechunked train graphs (seed=134)

=== Epoch 134/1000 ===
[train] loss=5.2625 cls=0.4066 cme=2.1634 acc=0.9816 cells=158379
[val]   loss=5.3606 eval=2.6147 cls=0.4088 cme=2.2059 acc=0.9756 cells=118036
[ct_train] early_stopping: no improve on val/eval_loss for 3/45 val checks
[ct_train] rechunked train graphs (seed=135)

=== Epoch 135/1000 ===
[train] loss=5.2542 cls=0.4040 cme=2.1610 acc=0.9824 cells=158379
[ct_train] rechunked train graphs (seed=136)

=== Epoch 136/1000 ===
[train] loss=5.2522 cls=0.4037 cme=2.1602 acc=0.9825 cells=158379
[val]   loss=5.3595 eval=2.6142 cls=0.4088 cme=2.2054 acc=0.9757 cells=118036
[ct_train] saved best checkpoint (val_eval_loss=2.6142 val_acc=0.9757)
[ct_train] early_stopping: no improve on val/eval_loss for 4/45 val checks
[ct_train] rechunked train graphs (seed=137)

=== Epoch 137/1000 ===
[train] loss=5.2691 cls=0.4045 cme=2.1673 acc=0.9820 cells=158379
[ct_train] rechunked train graphs (seed=138)

=== Epoch 138/1000 ===
[train] loss=5.2432 cls=0.4038 cme=2.1562 acc=0.9825 cells=158379
[val]   loss=5.3587 eval=2.6137 cls=0.4085 cme=2.2052 acc=0.9756 cells=118036
[ct_train] saved best checkpoint (val_eval_loss=2.6137 val_acc=0.9757)
[ct_train] rechunked train graphs (seed=139)

=== Epoch 139/1000 ===
[train] loss=5.2525 cls=0.4035 cme=2.1605 acc=0.9825 cells=158379
[ct_train] rechunked train graphs (seed=140)

=== Epoch 140/1000 ===
[train] loss=5.2474 cls=0.4030 cme=2.1583 acc=0.9829 cells=158379
[val]   loss=5.3584 eval=2.6136 cls=0.4085 cme=2.2050 acc=0.9755 cells=118036
[ct_train] saved best checkpoint (val_eval_loss=2.6136 val_acc=0.9757)
[ct_train] early_stopping: no improve on val/eval_loss for 1/45 val checks
[ct_train] rechunked train graphs (seed=141)

=== Epoch 141/1000 ===
[train] loss=5.2528 cls=0.4034 cme=2.1607 acc=0.9826 cells=158379
[ct_train] rechunked train graphs (seed=142)

=== Epoch 142/1000 ===
[train] loss=5.2462 cls=0.4025 cme=2.1581 acc=0.9828 cells=158379
[val]   loss=5.3573 eval=2.6131 cls=0.4086 cme=2.2046 acc=0.9755 cells=118036
[ct_train] saved best checkpoint (val_eval_loss=2.6131 val_acc=0.9757)
[ct_train] rechunked train graphs (seed=143)

=== Epoch 143/1000 ===
[train] loss=5.2384 cls=0.4022 cme=2.1548 acc=0.9829 cells=158379
[ct_train] rechunked train graphs (seed=144)

=== Epoch 144/1000 ===
[train] loss=5.2441 cls=0.4030 cme=2.1570 acc=0.9828 cells=158379
[val]   loss=5.3566 eval=2.6128 cls=0.4085 cme=2.2043 acc=0.9756 cells=118036
[ct_train] saved best checkpoint (val_eval_loss=2.6128 val_acc=0.9757)
[ct_train] rechunked train graphs (seed=145)

=== Epoch 145/1000 ===
[train] loss=5.2515 cls=0.4028 cme=2.1603 acc=0.9827 cells=158379
[ct_train] rechunked train graphs (seed=146)

=== Epoch 146/1000 ===
[train] loss=5.2411 cls=0.4021 cme=2.1561 acc=0.9831 cells=158379
[val]   loss=5.3568 eval=2.6129 cls=0.4085 cme=2.2044 acc=0.9757 cells=118036
[ct_train] early_stopping: no improve on val/eval_loss for 1/45 val checks
[ct_train] rechunked train graphs (seed=147)

=== Epoch 147/1000 ===
[train] loss=5.2600 cls=0.4017 cme=2.1645 acc=0.9830 cells=158379
[ct_train] rechunked train graphs (seed=148)

=== Epoch 148/1000 ===
[train] loss=5.2552 cls=0.4013 cme=2.1626 acc=0.9830 cells=158379
[val]   loss=5.3557 eval=2.6124 cls=0.4086 cme=2.2038 acc=0.9756 cells=118036
[ct_train] saved best checkpoint (val_eval_loss=2.6124 val_acc=0.9757)
[ct_train] rechunked train graphs (seed=149)

=== Epoch 149/1000 ===
[train] loss=5.2433 cls=0.4015 cme=2.1573 acc=0.9831 cells=158379
[ct_train] rechunked train graphs (seed=150)

=== Epoch 150/1000 ===
[train] loss=5.2419 cls=0.4006 cme=2.1571 acc=0.9835 cells=158379
[val]   loss=5.3557 eval=2.6125 cls=0.4086 cme=2.2039 acc=0.9755 cells=118036
[ct_train] early_stopping: no improve on val/eval_loss for 1/45 val checks
[ct_train] rechunked train graphs (seed=151)

=== Epoch 151/1000 ===
[train] loss=5.2490 cls=0.4003 cme=2.1603 acc=0.9839 cells=158379
[ct_train] rechunked train graphs (seed=152)

=== Epoch 152/1000 ===
[train] loss=5.2589 cls=0.4009 cme=2.1645 acc=0.9834 cells=158379
[val]   loss=5.3556 eval=2.6123 cls=0.4083 cme=2.2040 acc=0.9755 cells=118036
[ct_train] saved best checkpoint (val_eval_loss=2.6123 val_acc=0.9757)
[ct_train] early_stopping: no improve on val/eval_loss for 2/45 val checks
[ct_train] rechunked train graphs (seed=153)

=== Epoch 153/1000 ===
[train] loss=5.2464 cls=0.4015 cme=2.1586 acc=0.9832 cells=158379
[ct_train] rechunked train graphs (seed=154)

=== Epoch 154/1000 ===
[train] loss=5.2472 cls=0.4014 cme=2.1590 acc=0.9829 cells=158379
[val]   loss=5.3570 eval=2.6128 cls=0.4081 cme=2.2047 acc=0.9756 cells=118036
[ct_train] early_stopping: no improve on val/eval_loss for 3/45 val checks
[ct_train] rechunked train graphs (seed=155)

=== Epoch 155/1000 ===
[train] loss=5.2481 cls=0.4003 cme=2.1598 acc=0.9838 cells=158379
[ct_train] rechunked train graphs (seed=156)

=== Epoch 156/1000 ===
[train] loss=5.2377 cls=0.4000 cme=2.1554 acc=0.9841 cells=158379
[val]   loss=5.3580 eval=2.6134 cls=0.4085 cme=2.2049 acc=0.9755 cells=118036
[ct_train] early_stopping: no improve on val/eval_loss for 4/45 val checks
[ct_train] rechunked train graphs (seed=157)

=== Epoch 157/1000 ===
[train] loss=5.2359 cls=0.3995 cme=2.1549 acc=0.9838 cells=158379
[ct_train] rechunked train graphs (seed=158)

=== Epoch 158/1000 ===
[train] loss=5.2361 cls=0.3997 cme=2.1548 acc=0.9839 cells=158379
[val]   loss=5.3578 eval=2.6134 cls=0.4085 cme=2.2048 acc=0.9756 cells=118036
[ct_train] early_stopping: no improve on val/eval_loss for 5/45 val checks
[ct_train] rechunked train graphs (seed=159)

=== Epoch 159/1000 ===
[train] loss=5.2259 cls=0.3986 cme=2.1508 acc=0.9841 cells=158379
[ct_train] rechunked train graphs (seed=160)

=== Epoch 160/1000 ===
[train] loss=5.2398 cls=0.3996 cme=2.1565 acc=0.9838 cells=158379
[val]   loss=5.3573 eval=2.6132 cls=0.4087 cme=2.2045 acc=0.9756 cells=118036
[ct_train] early_stopping: no improve on val/eval_loss for 6/45 val checks
[ct_train] rechunked train graphs (seed=161)

=== Epoch 161/1000 ===
[train] loss=5.2349 cls=0.3983 cme=2.1549 acc=0.9845 cells=158379
[ct_train] rechunked train graphs (seed=162)

=== Epoch 162/1000 ===
[train] loss=5.2404 cls=0.3985 cme=2.1574 acc=0.9843 cells=158379
[val]   loss=5.3572 eval=2.6131 cls=0.4086 cme=2.2045 acc=0.9757 cells=118036
[ct_train] early_stopping: no improve on val/eval_loss for 7/45 val checks
[ct_train] rechunked train graphs (seed=163)

=== Epoch 163/1000 ===
[train] loss=5.2318 cls=0.3981 cme=2.1537 acc=0.9843 cells=158379
[ct_train] rechunked train graphs (seed=164)

=== Epoch 164/1000 ===
[train] loss=5.2333 cls=0.3980 cme=2.1544 acc=0.9845 cells=158379
[val]   loss=5.3570 eval=2.6131 cls=0.4087 cme=2.2044 acc=0.9756 cells=118036
[ct_train] early_stopping: no improve on val/eval_loss for 8/45 val checks
[ct_train] rechunked train graphs (seed=165)

=== Epoch 165/1000 ===
[train] loss=5.2353 cls=0.3981 cme=2.1552 acc=0.9842 cells=158379
[ct_train] rechunked train graphs (seed=166)

=== Epoch 166/1000 ===
[train] loss=5.2352 cls=0.3969 cme=2.1558 acc=0.9847 cells=158379
[val]   loss=5.3562 eval=2.6127 cls=0.4086 cme=2.2041 acc=0.9758 cells=118036
[ct_train] early_stopping: no improve on val/eval_loss for 9/45 val checks
[ct_train] rechunked train graphs (seed=167)

=== Epoch 167/1000 ===
[train] loss=5.2406 cls=0.3975 cme=2.1578 acc=0.9846 cells=158379
[ct_train] rechunked train graphs (seed=168)

=== Epoch 168/1000 ===
[train] loss=5.2286 cls=0.3962 cme=2.1531 acc=0.9848 cells=158379
[val]   loss=5.3569 eval=2.6129 cls=0.4084 cme=2.2045 acc=0.9757 cells=118036
[ct_train] early_stopping: no improve on val/eval_loss for 10/45 val checks
[ct_train] rechunked train graphs (seed=169)

=== Epoch 169/1000 ===
[train] loss=5.2237 cls=0.3969 cme=2.1506 acc=0.9847 cells=158379
[ct_train] rechunked train graphs (seed=170)

=== Epoch 170/1000 ===
[train] loss=5.2345 cls=0.3975 cme=2.1551 acc=0.9845 cells=158379
[val]   loss=5.3563 eval=2.6127 cls=0.4086 cme=2.2041 acc=0.9757 cells=118036
[ct_train] early_stopping: no improve on val/eval_loss for 11/45 val checks
[ct_train] rechunked train graphs (seed=171)

=== Epoch 171/1000 ===
[train] loss=5.2185 cls=0.3961 cme=2.1487 acc=0.9850 cells=158379
[ct_train] rechunked train graphs (seed=172)

=== Epoch 172/1000 ===
[train] loss=5.2260 cls=0.3978 cme=2.1512 acc=0.9846 cells=158379
[val]   loss=5.3557 eval=2.6125 cls=0.4086 cme=2.2039 acc=0.9758 cells=118036
[ct_train] early_stopping: no improve on val/eval_loss for 12/45 val checks
[ct_train] rechunked train graphs (seed=173)

=== Epoch 173/1000 ===
[train] loss=5.2368 cls=0.3964 cme=2.1565 acc=0.9851 cells=158379
[ct_train] rechunked train graphs (seed=174)

=== Epoch 174/1000 ===
[train] loss=5.2224 cls=0.3961 cme=2.1504 acc=0.9852 cells=158379
[val]   loss=5.3558 eval=2.6126 cls=0.4087 cme=2.2039 acc=0.9758 cells=118036
[ct_train] early_stopping: no improve on val/eval_loss for 13/45 val checks
[ct_train] rechunked train graphs (seed=175)

=== Epoch 175/1000 ===
[train] loss=5.2281 cls=0.3964 cme=2.1528 acc=0.9848 cells=158379
[ct_train] rechunked train graphs (seed=176)

=== Epoch 176/1000 ===
[train] loss=5.2296 cls=0.3961 cme=2.1535 acc=0.9851 cells=158379
[val]   loss=5.3572 eval=2.6133 cls=0.4088 cme=2.2045 acc=0.9758 cells=118036
[ct_train] early_stopping: no improve on val/eval_loss for 14/45 val checks
[ct_train] rechunked train graphs (seed=177)

=== Epoch 177/1000 ===
[train] loss=5.2174 cls=0.3953 cme=2.1485 acc=0.9855 cells=158379
[ct_train] rechunked train graphs (seed=178)

=== Epoch 178/1000 ===
[train] loss=5.2264 cls=0.3961 cme=2.1522 acc=0.9850 cells=158379
[val]   loss=5.3566 eval=2.6130 cls=0.4087 cme=2.2042 acc=0.9759 cells=118036
[ct_train] early_stopping: no improve on val/eval_loss for 15/45 val checks
[ct_train] rechunked train graphs (seed=179)

=== Epoch 179/1000 ===
[train] loss=5.2386 cls=0.3958 cme=2.1577 acc=0.9852 cells=158379
[ct_train] rechunked train graphs (seed=180)

=== Epoch 180/1000 ===
[train] loss=5.2190 cls=0.3943 cme=2.1497 acc=0.9857 cells=158379
[val]   loss=5.3578 eval=2.6135 cls=0.4088 cme=2.2047 acc=0.9758 cells=118036
[ct_train] early_stopping: no improve on val/eval_loss for 16/45 val checks
[ct_train] rechunked train graphs (seed=181)

=== Epoch 181/1000 ===
[train] loss=5.2063 cls=0.3944 cme=2.1440 acc=0.9855 cells=158379
[ct_train] rechunked train graphs (seed=182)

=== Epoch 182/1000 ===
[train] loss=5.2116 cls=0.3949 cme=2.1461 acc=0.9857 cells=158379
[val]   loss=5.3590 eval=2.6141 cls=0.4088 cme=2.2053 acc=0.9758 cells=118036
[ct_train] early_stopping: no improve on val/eval_loss for 17/45 val checks
[ct_train] rechunked train graphs (seed=183)

=== Epoch 183/1000 ===
[train] loss=5.2114 cls=0.3941 cme=2.1464 acc=0.9858 cells=158379
[ct_train] rechunked train graphs (seed=184)

=== Epoch 184/1000 ===
[train] loss=5.2122 cls=0.3946 cme=2.1466 acc=0.9859 cells=158379
[val]   loss=5.3599 eval=2.6146 cls=0.4089 cme=2.2057 acc=0.9758 cells=118036
[ct_train] early_stopping: no improve on val/eval_loss for 18/45 val checks
[ct_train] rechunked train graphs (seed=185)

=== Epoch 185/1000 ===
[train] loss=5.2141 cls=0.3937 cme=2.1477 acc=0.9857 cells=158379
[ct_train] rechunked train graphs (seed=186)

=== Epoch 186/1000 ===
[train] loss=5.2225 cls=0.3952 cme=2.1509 acc=0.9855 cells=158379
[val]   loss=5.3583 eval=2.6139 cls=0.4090 cme=2.2049 acc=0.9759 cells=118036
[ct_train] early_stopping: no improve on val/eval_loss for 19/45 val checks
[ct_train] rechunked train graphs (seed=187)

=== Epoch 187/1000 ===
[train] loss=5.2166 cls=0.3945 cme=2.1485 acc=0.9859 cells=158379
[ct_train] rechunked train graphs (seed=188)

=== Epoch 188/1000 ===
[train] loss=5.2142 cls=0.3951 cme=2.1472 acc=0.9852 cells=158379
[val]   loss=5.3591 eval=2.6144 cls=0.4093 cme=2.2051 acc=0.9758 cells=118036
[ct_train] early_stopping: no improve on val/eval_loss for 20/45 val checks
[ct_train] rechunked train graphs (seed=189)

=== Epoch 189/1000 ===
[train] loss=5.2144 cls=0.3943 cme=2.1477 acc=0.9855 cells=158379
[ct_train] rechunked train graphs (seed=190)

=== Epoch 190/1000 ===
[train] loss=5.2137 cls=0.3932 cme=2.1479 acc=0.9862 cells=158379
[val]   loss=5.3585 eval=2.6139 cls=0.4088 cme=2.2051 acc=0.9759 cells=118036
[ct_train] early_stopping: no improve on val/eval_loss for 21/45 val checks
[ct_train] rechunked train graphs (seed=191)

=== Epoch 191/1000 ===
[train] loss=5.2158 cls=0.3928 cme=2.1489 acc=0.9863 cells=158379
[ct_train] rechunked train graphs (seed=192)

=== Epoch 192/1000 ===
[train] loss=5.2157 cls=0.3927 cme=2.1489 acc=0.9866 cells=158379
[val]   loss=5.3591 eval=2.6143 cls=0.4091 cme=2.2052 acc=0.9760 cells=118036
[ct_train] early_stopping: no improve on val/eval_loss for 22/45 val checks
[ct_train] rechunked train graphs (seed=193)

=== Epoch 193/1000 ===
[train] loss=5.2095 cls=0.3924 cme=2.1463 acc=0.9862 cells=158379
[ct_train] rechunked train graphs (seed=194)

=== Epoch 194/1000 ===
[train] loss=5.2091 cls=0.3919 cme=2.1464 acc=0.9867 cells=158379
[val]   loss=5.3597 eval=2.6147 cls=0.4093 cme=2.2054 acc=0.9759 cells=118036
[ct_train] early_stopping: no improve on val/eval_loss for 23/45 val checks
[ct_train] rechunked train graphs (seed=195)

=== Epoch 195/1000 ===
[train] loss=5.2026 cls=0.3924 cme=2.1433 acc=0.9865 cells=158379
[ct_train] rechunked train graphs (seed=196)

=== Epoch 196/1000 ===
[train] loss=5.2048 cls=0.3921 cme=2.1444 acc=0.9863 cells=158379
[val]   loss=5.3592 eval=2.6146 cls=0.4095 cme=2.2051 acc=0.9759 cells=118036
[ct_train] early_stopping: no improve on val/eval_loss for 24/45 val checks
[ct_train] rechunked train graphs (seed=197)

=== Epoch 197/1000 ===
[train] loss=5.2039 cls=0.3917 cme=2.1442 acc=0.9864 cells=158379
[ct_train] rechunked train graphs (seed=198)

=== Epoch 198/1000 ===
[train] loss=5.2072 cls=0.3918 cme=2.1456 acc=0.9865 cells=158379
[val]   loss=5.3594 eval=2.6147 cls=0.4096 cme=2.2051 acc=0.9758 cells=118036
[ct_train] early_stopping: no improve on val/eval_loss for 25/45 val checks
[ct_train] rechunked train graphs (seed=199)

=== Epoch 199/1000 ===
[train] loss=5.2027 cls=0.3913 cme=2.1438 acc=0.9870 cells=158379
[ct_train] rechunked train graphs (seed=200)

=== Epoch 200/1000 ===
[train] loss=5.2052 cls=0.3919 cme=2.1447 acc=0.9866 cells=158379
[val]   loss=5.3605 eval=2.6153 cls=0.4097 cme=2.2056 acc=0.9758 cells=118036
[ct_train] early_stopping: no improve on val/eval_loss for 26/45 val checks
[ct_train] rechunked train graphs (seed=201)

=== Epoch 201/1000 ===
[train] loss=5.1988 cls=0.3920 cme=2.1418 acc=0.9862 cells=158379
[ct_train] rechunked train graphs (seed=202)

=== Epoch 202/1000 ===
[train] loss=5.1930 cls=0.3905 cme=2.1399 acc=0.9871 cells=158379
[val]   loss=5.3612 eval=2.6156 cls=0.4097 cme=2.2059 acc=0.9759 cells=118036
[ct_train] early_stopping: no improve on val/eval_loss for 27/45 val checks
[ct_train] rechunked train graphs (seed=203)

=== Epoch 203/1000 ===
[train] loss=5.2025 cls=0.3906 cme=2.1439 acc=0.9870 cells=158379
[ct_train] rechunked train graphs (seed=204)

=== Epoch 204/1000 ===
[train] loss=5.1993 cls=0.3914 cme=2.1423 acc=0.9866 cells=158379
[val]   loss=5.3625 eval=2.6163 cls=0.4100 cme=2.2063 acc=0.9759 cells=118036
[ct_train] early_stopping: no improve on val/eval_loss for 28/45 val checks
[ct_train] rechunked train graphs (seed=205)

=== Epoch 205/1000 ===
[train] loss=5.1930 cls=0.3909 cme=2.1397 acc=0.9872 cells=158379
[ct_train] rechunked train graphs (seed=206)

=== Epoch 206/1000 ===
[train] loss=5.2184 cls=0.3910 cme=2.1509 acc=0.9870 cells=158379
[val]   loss=5.3628 eval=2.6165 cls=0.4101 cme=2.2064 acc=0.9757 cells=118036
[ct_train] early_stopping: no improve on val/eval_loss for 29/45 val checks
[ct_train] rechunked train graphs (seed=207)

=== Epoch 207/1000 ===
[train] loss=5.1993 cls=0.3897 cme=2.1430 acc=0.9875 cells=158379
[ct_train] rechunked train graphs (seed=208)

=== Epoch 208/1000 ===
[train] loss=5.1944 cls=0.3893 cme=2.1411 acc=0.9876 cells=158379
[val]   loss=5.3639 eval=2.6170 cls=0.4100 cme=2.2070 acc=0.9760 cells=118036
[ct_train] early_stopping: no improve on val/eval_loss for 30/45 val checks
[ct_train] rechunked train graphs (seed=209)

=== Epoch 209/1000 ===
[train] loss=5.1964 cls=0.3897 cme=2.1418 acc=0.9875 cells=158379
[ct_train] rechunked train graphs (seed=210)

=== Epoch 210/1000 ===
[train] loss=5.2062 cls=0.3902 cme=2.1459 acc=0.9872 cells=158379
[val]   loss=5.3633 eval=2.6169 cls=0.4103 cme=2.2066 acc=0.9758 cells=118036
[ct_train] early_stopping: no improve on val/eval_loss for 31/45 val checks
[ct_train] rechunked train graphs (seed=211)

=== Epoch 211/1000 ===
[train] loss=5.1945 cls=0.3890 cme=2.1412 acc=0.9878 cells=158379
[ct_train] rechunked train graphs (seed=212)

=== Epoch 212/1000 ===
[train] loss=5.1947 cls=0.3899 cme=2.1409 acc=0.9875 cells=158379
[val]   loss=5.3632 eval=2.6168 cls=0.4103 cme=2.2065 acc=0.9759 cells=118036
[ct_train] early_stopping: no improve on val/eval_loss for 32/45 val checks
[ct_train] rechunked train graphs (seed=213)

=== Epoch 213/1000 ===
[train] loss=5.1811 cls=0.3891 cme=2.1353 acc=0.9873 cells=158379
[ct_train] rechunked train graphs (seed=214)

=== Epoch 214/1000 ===
[train] loss=5.1961 cls=0.3889 cme=2.1420 acc=0.9879 cells=158379
[val]   loss=5.3649 eval=2.6177 cls=0.4106 cme=2.2071 acc=0.9759 cells=118036
[ct_train] early_stopping: no improve on val/eval_loss for 33/45 val checks
[ct_train] rechunked train graphs (seed=215)

=== Epoch 215/1000 ===
[train] loss=5.1962 cls=0.3900 cme=2.1416 acc=0.9870 cells=158379
[ct_train] rechunked train graphs (seed=216)

=== Epoch 216/1000 ===
[train] loss=5.1883 cls=0.3892 cme=2.1384 acc=0.9874 cells=158379
[val]   loss=5.3652 eval=2.6178 cls=0.4104 cme=2.2073 acc=0.9758 cells=118036
[ct_train] early_stopping: no improve on val/eval_loss for 34/45 val checks
[ct_train] rechunked train graphs (seed=217)

=== Epoch 217/1000 ===
[train] loss=5.1933 cls=0.3886 cme=2.1409 acc=0.9878 cells=158379
[ct_train] rechunked train graphs (seed=218)

=== Epoch 218/1000 ===
[train] loss=5.1972 cls=0.3886 cme=2.1426 acc=0.9881 cells=158379
[val]   loss=5.3654 eval=2.6179 cls=0.4105 cme=2.2074 acc=0.9759 cells=118036
[ct_train] early_stopping: no improve on val/eval_loss for 35/45 val checks
[ct_train] rechunked train graphs (seed=219)

=== Epoch 219/1000 ===
[train] loss=5.1971 cls=0.3887 cme=2.1425 acc=0.9879 cells=158379
[ct_train] rechunked train graphs (seed=220)

=== Epoch 220/1000 ===
[train] loss=5.2017 cls=0.3883 cme=2.1447 acc=0.9876 cells=158379
[val]   loss=5.3650 eval=2.6179 cls=0.4108 cme=2.2071 acc=0.9758 cells=118036
[ct_train] early_stopping: no improve on val/eval_loss for 36/45 val checks
[ct_train] rechunked train graphs (seed=221)

=== Epoch 221/1000 ===
[train] loss=5.1810 cls=0.3872 cme=2.1361 acc=0.9883 cells=158379
[ct_train] rechunked train graphs (seed=222)

=== Epoch 222/1000 ===
[train] loss=5.1783 cls=0.3882 cme=2.1344 acc=0.9881 cells=158379
[val]   loss=5.3659 eval=2.6185 cls=0.4111 cme=2.2074 acc=0.9758 cells=118036
[ct_train] early_stopping: no improve on val/eval_loss for 37/45 val checks
[ct_train] rechunked train graphs (seed=223)

=== Epoch 223/1000 ===
[train] loss=5.1901 cls=0.3876 cme=2.1399 acc=0.9883 cells=158379
[ct_train] rechunked train graphs (seed=224)

=== Epoch 224/1000 ===
[train] loss=5.1965 cls=0.3870 cme=2.1430 acc=0.9886 cells=158379
[val]   loss=5.3676 eval=2.6193 cls=0.4111 cme=2.2081 acc=0.9758 cells=118036
[ct_train] early_stopping: no improve on val/eval_loss for 38/45 val checks
[ct_train] rechunked train graphs (seed=225)

=== Epoch 225/1000 ===
[train] loss=5.1873 cls=0.3875 cme=2.1387 acc=0.9880 cells=158379
[ct_train] rechunked train graphs (seed=226)

=== Epoch 226/1000 ===
[train] loss=5.1943 cls=0.3876 cme=2.1417 acc=0.9883 cells=158379
[val]   loss=5.3685 eval=2.6198 cls=0.4114 cme=2.2084 acc=0.9759 cells=118036
[ct_train] early_stopping: no improve on val/eval_loss for 39/45 val checks
[ct_train] rechunked train graphs (seed=227)

=== Epoch 227/1000 ===
[train] loss=5.1746 cls=0.3870 cme=2.1333 acc=0.9885 cells=158379
[ct_train] rechunked train graphs (seed=228)

=== Epoch 228/1000 ===
[train] loss=5.1818 cls=0.3876 cme=2.1362 acc=0.9880 cells=158379
[val]   loss=5.3692 eval=2.6203 cls=0.4117 cme=2.2086 acc=0.9758 cells=118036
[ct_train] early_stopping: no improve on val/eval_loss for 40/45 val checks
[ct_train] rechunked train graphs (seed=229)

=== Epoch 229/1000 ===
[train] loss=5.1857 cls=0.3873 cme=2.1381 acc=0.9882 cells=158379
[ct_train] rechunked train graphs (seed=230)

=== Epoch 230/1000 ===
[train] loss=5.1787 cls=0.3871 cme=2.1350 acc=0.9882 cells=158379
[val]   loss=5.3705 eval=2.6209 cls=0.4118 cme=2.2091 acc=0.9756 cells=118036
[ct_train] early_stopping: no improve on val/eval_loss for 41/45 val checks
[ct_train] rechunked train graphs (seed=231)

=== Epoch 231/1000 ===
[train] loss=5.1808 cls=0.3874 cme=2.1359 acc=0.9884 cells=158379
[ct_train] rechunked train graphs (seed=232)

=== Epoch 232/1000 ===
[train] loss=5.1859 cls=0.3870 cme=2.1383 acc=0.9882 cells=158379
[val]   loss=5.3701 eval=2.6207 cls=0.4117 cme=2.2090 acc=0.9757 cells=118036
[ct_train] early_stopping: no improve on val/eval_loss for 42/45 val checks
[ct_train] rechunked train graphs (seed=233)

=== Epoch 233/1000 ===
[train] loss=5.1810 cls=0.3870 cme=2.1361 acc=0.9887 cells=158379
[ct_train] rechunked train graphs (seed=234)

=== Epoch 234/1000 ===
[train] loss=5.1905 cls=0.3870 cme=2.1404 acc=0.9885 cells=158379
[val]   loss=5.3703 eval=2.6207 cls=0.4115 cme=2.2092 acc=0.9758 cells=118036
[ct_train] early_stopping: no improve on val/eval_loss for 43/45 val checks
[ct_train] rechunked train graphs (seed=235)

=== Epoch 235/1000 ===
[train] loss=5.1919 cls=0.3863 cme=2.1413 acc=0.9883 cells=158379
[ct_train] rechunked train graphs (seed=236)

=== Epoch 236/1000 ===
[train] loss=5.1970 cls=0.3855 cme=2.1439 acc=0.9890 cells=158379
[val]   loss=5.3680 eval=2.6198 cls=0.4117 cme=2.2080 acc=0.9758 cells=118036
[ct_train] early_stopping: no improve on val/eval_loss for 44/45 val checks
[ct_train] rechunked train graphs (seed=237)

=== Epoch 237/1000 ===
[train] loss=5.1915 cls=0.3861 cme=2.1411 acc=0.9890 cells=158379
[ct_train] rechunked train graphs (seed=238)

=== Epoch 238/1000 ===
[train] loss=5.1785 cls=0.3862 cme=2.1354 acc=0.9887 cells=158379
[val]   loss=5.3690 eval=2.6204 cls=0.4120 cme=2.2084 acc=0.9757 cells=118036
[ct_train] early_stopping: no improve on val/eval_loss for 45/45 val checks
[ct_train] early stopping at epoch 238 (patience=45, monitor=val/eval_loss)

[ct_train] done. best_val_acc=0.9760  best_val_eval_loss=2.6123  checkpoints=/home/abel/code/Tissue-Reassembly-using-GenAI-and-new-metrics/exploration/cell_types/outputs/exp115_fus0_cme0_cme2p1  logs=/home/abel/code/Tissue-Reassembly-using-GenAI-and-new-metrics/exploration/cell_types/logs/exp115_fus0_cme0_cme2p1/20260808_042848
wandb: updating run metadata
wandb: uploading wandb-summary.json; uploading config.yaml; uploading output.log
wandb: uploading config.yaml
wandb: 
wandb: Run summary:
wandb:                      best_epoch 152
wandb:                    best_val_acc 0.97604
wandb:              best_val_eval_loss 2.61228
wandb:                           epoch 238
wandb:                              lr 0.00018
wandb:           model/parameter_count 1305308
wandb: model/trainable_parameter_count 1305308
wandb:                       train/acc 0.9887
wandb:       train/acc_per_class/Astro 0.99324
wandb:        train/acc_per_class/Endo 0.98428
wandb:                             +54 ...
wandb: 
wandb:  View run exp115_fus0_cme0_cme2p1 at: https://wandb.ai/abel-salmona-polytechnique-montr-al/cell_types/runs/rjak9cty
wandb:  View project at: https://wandb.ai/abel-salmona-polytechnique-montr-al/cell_types
wandb: Synced 5 W&B file(s), 1 media file(s), 2 artifact file(s) and 1 other file(s)
wandb: Find logs at: ./exploration/cell_types/logs/exp115_fus0_cme0_cme2p1/20260808_042848/wandb/run-20260808_042857-rjak9cty/logs
