[ct_train] config=exploration/cell_types/experiments/configs/exp028_graph4096.json
[ct_train] device=cuda  checkpoints=/home/abel/code/Tissue-Reassembly-using-GenAI-and-new-metrics/exploration/cell_types/outputs/exp028_graph4096
[ct_train] logs=/home/abel/code/Tissue-Reassembly-using-GenAI-and-new-metrics/exploration/cell_types/logs/exp028_graph4096/20260807_210637
[ct_train] Loading data …
[DataModule] Reading '/home/abel/biodata/MERFISH_LUNA_small_cortex/MERFISH_mouse_cortex_train.csv' (split=train) with float32 dtype on 254 gene cols + coord cols …
[DataModule] Loaded 158,379 rows for split=train.
[DataModule] Reading '/home/abel/biodata/MERFISH_LUNA_small_cortex/MERFISH_mouse_cortex_test.csv' (split=test) with float32 dtype on 254 gene cols + coord cols …
[DataModule] Loaded 118,036 rows for split=test.
[DataModule] Reading '/home/abel/biodata/MERFISH_LUNA_small_cortex/MERFISH_mouse_cortex_test.csv' (split=validation) with float32 dtype on 254 gene cols + coord cols …
[DataModule] Loaded 118,036 rows for split=validation.
[ct_train] genes=254  classes=23
[ct_train] model predict_cme=True  params=1,149,980
[ct_train] soft CME loaded split=train sigma=96.0 n=158379 C=23
[ct_train] soft CME loaded split=validation sigma=96.0 n=118036 C=23
wandb: [wandb.login()] Loaded credentials for https://api.wandb.ai from /home/abel/.netrc.
wandb: Currently logged in as: abel-salmona (abel-salmona-polytechnique-montr-al) to https://api.wandb.ai. Use `wandb login --relogin` to force relogin
wandb: WARNING Using a boolean value for 'reinit' is deprecated. Use 'return_previous' or 'finish_previous' instead.
wandb: Tracking run with wandb version 0.26.1
wandb: Run data is saved locally in /home/abel/code/Tissue-Reassembly-using-GenAI-and-new-metrics/exploration/cell_types/logs/exp028_graph4096/20260807_210637/wandb/run-20260807_210644-qimj5gbf
wandb: Run `wandb offline` to turn off syncing.
wandb: Syncing run exp028_graph4096
wandb:  View project at https://wandb.ai/abel-salmona-polytechnique-montr-al/cell_types
wandb:  View run at https://wandb.ai/abel-salmona-polytechnique-montr-al/cell_types/runs/qimj5gbf
wandb: WARNING Saving files without folders. If you want to preserve subdirectories pass base_path to wandb.save, i.e. wandb.save("/mnt/folder/file.h5", base_path="/mnt")
wandb: WARNING Symlinked 1 file into the W&B run directory; call wandb.save again to sync new files.
[ct_train] wandb: project=cell_types name=exp028_graph4096 mode=online url=https://wandb.ai/abel-salmona-polytechnique-montr-al/cell_types/runs/qimj5gbf
[ct_train] parameters: total=1,149,980 trainable=1,149,980
  [params] mlp_in_node_features: 26,720
  [params] transformer_layers: 633,600
  [params] type_stage1: 19,072
  [params] env_stage1: 93,056
  [params] type_probe: 1,495
  [params] env_probe: 7,383
  [params] fusion_mlp: 247,648
  [params] type_stage2: 20,567
  [params] env_stage2: 100,439
[ct_train] rechunked train graphs (seed=1)

=== Epoch 1/1000 ===
[train] loss=8.3594 cls=2.7755 cme=2.7920 acc=0.1959 cells=158379
[ct_train] rechunked train graphs (seed=2)

=== Epoch 2/1000 ===
[train] loss=7.1556 cls=2.0300 cme=2.5628 acc=0.5124 cells=158379
[val]   loss=6.4866 eval=4.0056 cls=1.5246 cme=2.4810 acc=0.7173 cells=118036
[ct_train] saved best checkpoint (val_eval_loss=4.0056 val_acc=0.7173)
[ct_train] rechunked train graphs (seed=3)

=== Epoch 3/1000 ===
[train] loss=6.3830 cls=1.4821 cme=2.4504 acc=0.7107 cells=158379
[ct_train] rechunked train graphs (seed=4)

=== Epoch 4/1000 ===
[train] loss=5.9135 cls=1.1183 cme=2.3976 acc=0.7981 cells=158379
[val]   loss=5.5772 eval=3.1956 cls=0.8140 cme=2.3816 acc=0.8556 cells=118036
[ct_train] saved best checkpoint (val_eval_loss=3.1956 val_acc=0.8556)
[ct_train] rechunked train graphs (seed=5)

=== Epoch 5/1000 ===
[train] loss=5.6378 cls=0.9094 cme=2.3642 acc=0.8496 cells=158379
[ct_train] rechunked train graphs (seed=6)

=== Epoch 6/1000 ===
[train] loss=5.4659 cls=0.7802 cme=2.3429 acc=0.8918 cells=158379
[val]   loss=5.2738 eval=2.9330 cls=0.5921 cme=2.3408 acc=0.9305 cells=118036
[ct_train] saved best checkpoint (val_eval_loss=2.9330 val_acc=0.9305)
[ct_train] rechunked train graphs (seed=7)

=== Epoch 7/1000 ===
[train] loss=5.3564 cls=0.7020 cme=2.3272 acc=0.9137 cells=158379
[ct_train] rechunked train graphs (seed=8)

=== Epoch 8/1000 ===
[train] loss=5.2916 cls=0.6582 cme=2.3167 acc=0.9273 cells=158379
[val]   loss=5.1582 eval=2.8405 cls=0.5228 cme=2.3177 acc=0.9470 cells=118036
[ct_train] saved best checkpoint (val_eval_loss=2.8405 val_acc=0.9470)
[ct_train] rechunked train graphs (seed=9)

=== Epoch 9/1000 ===
[train] loss=5.2611 cls=0.6308 cme=2.3151 acc=0.9350 cells=158379
[ct_train] rechunked train graphs (seed=10)

=== Epoch 10/1000 ===
[train] loss=5.2084 cls=0.6052 cme=2.3016 acc=0.9394 cells=158379
[val]   loss=5.1060 eval=2.8033 cls=0.5005 cme=2.3028 acc=0.9529 cells=118036
[ct_train] saved best checkpoint (val_eval_loss=2.8033 val_acc=0.9529)
[ct_train] rechunked train graphs (seed=11)

=== Epoch 11/1000 ===
[train] loss=5.1800 cls=0.5909 cme=2.2945 acc=0.9432 cells=158379
[ct_train] rechunked train graphs (seed=12)

=== Epoch 12/1000 ===
[train] loss=5.1557 cls=0.5785 cme=2.2886 acc=0.9460 cells=158379
[val]   loss=5.0741 eval=2.7798 cls=0.4855 cme=2.2943 acc=0.9573 cells=118036
[ct_train] saved best checkpoint (val_eval_loss=2.7798 val_acc=0.9573)
[ct_train] rechunked train graphs (seed=13)

=== Epoch 13/1000 ===
[train] loss=5.1436 cls=0.5683 cme=2.2877 acc=0.9486 cells=158379
[ct_train] rechunked train graphs (seed=14)

=== Epoch 14/1000 ===
[train] loss=5.1210 cls=0.5597 cme=2.2806 acc=0.9508 cells=158379
[val]   loss=5.0474 eval=2.7623 cls=0.4773 cme=2.2851 acc=0.9590 cells=118036
[ct_train] saved best checkpoint (val_eval_loss=2.7623 val_acc=0.9590)
[ct_train] rechunked train graphs (seed=15)

=== Epoch 15/1000 ===
[train] loss=5.1174 cls=0.5552 cme=2.2811 acc=0.9517 cells=158379
[ct_train] rechunked train graphs (seed=16)

=== Epoch 16/1000 ===
[train] loss=5.0944 cls=0.5475 cme=2.2734 acc=0.9532 cells=158379
[val]   loss=5.0226 eval=2.7461 cls=0.4696 cme=2.2765 acc=0.9609 cells=118036
[ct_train] saved best checkpoint (val_eval_loss=2.7461 val_acc=0.9609)
[ct_train] rechunked train graphs (seed=17)

=== Epoch 17/1000 ===
[train] loss=5.0916 cls=0.5428 cme=2.2744 acc=0.9542 cells=158379
[ct_train] rechunked train graphs (seed=18)

=== Epoch 18/1000 ===
[train] loss=5.0596 cls=0.5380 cme=2.2608 acc=0.9558 cells=158379
[val]   loss=4.9999 eval=2.7337 cls=0.4676 cme=2.2661 acc=0.9612 cells=118036
[ct_train] saved best checkpoint (val_eval_loss=2.7337 val_acc=0.9612)
[ct_train] rechunked train graphs (seed=19)

=== Epoch 19/1000 ===
[train] loss=5.0505 cls=0.5313 cme=2.2596 acc=0.9577 cells=158379
[ct_train] rechunked train graphs (seed=20)

=== Epoch 20/1000 ===
[train] loss=5.0363 cls=0.5271 cme=2.2546 acc=0.9584 cells=158379
[val]   loss=4.9952 eval=2.7290 cls=0.4628 cme=2.2662 acc=0.9632 cells=118036
[ct_train] saved best checkpoint (val_eval_loss=2.7290 val_acc=0.9632)
[ct_train] rechunked train graphs (seed=21)

=== Epoch 21/1000 ===
[train] loss=5.0299 cls=0.5230 cme=2.2534 acc=0.9595 cells=158379
[ct_train] rechunked train graphs (seed=22)

=== Epoch 22/1000 ===
[train] loss=5.0235 cls=0.5209 cme=2.2513 acc=0.9598 cells=158379
[val]   loss=4.9752 eval=2.7159 cls=0.4565 cme=2.2593 acc=0.9647 cells=118036
[ct_train] saved best checkpoint (val_eval_loss=2.7159 val_acc=0.9647)
[ct_train] rechunked train graphs (seed=23)

=== Epoch 23/1000 ===
[train] loss=5.0178 cls=0.5154 cme=2.2512 acc=0.9606 cells=158379
[ct_train] rechunked train graphs (seed=24)

=== Epoch 24/1000 ===
[train] loss=4.9924 cls=0.5126 cme=2.2399 acc=0.9612 cells=158379
[val]   loss=4.9715 eval=2.7141 cls=0.4567 cme=2.2574 acc=0.9644 cells=118036
[ct_train] saved best checkpoint (val_eval_loss=2.7141 val_acc=0.9647)
[ct_train] rechunked train graphs (seed=25)

=== Epoch 25/1000 ===
[train] loss=5.0124 cls=0.5142 cme=2.2491 acc=0.9618 cells=158379
[ct_train] rechunked train graphs (seed=26)

=== Epoch 26/1000 ===
[train] loss=4.9985 cls=0.5103 cme=2.2441 acc=0.9624 cells=158379
[val]   loss=4.9532 eval=2.7020 cls=0.4509 cme=2.2512 acc=0.9663 cells=118036
[ct_train] saved best checkpoint (val_eval_loss=2.7020 val_acc=0.9663)
[ct_train] rechunked train graphs (seed=27)

=== Epoch 27/1000 ===
[train] loss=4.9762 cls=0.5041 cme=2.2360 acc=0.9630 cells=158379
[ct_train] rechunked train graphs (seed=28)

=== Epoch 28/1000 ===
[train] loss=4.9871 cls=0.5036 cme=2.2418 acc=0.9643 cells=158379
[val]   loss=4.9458 eval=2.6974 cls=0.4491 cme=2.2483 acc=0.9671 cells=118036
[ct_train] saved best checkpoint (val_eval_loss=2.6974 val_acc=0.9671)
[ct_train] rechunked train graphs (seed=29)

=== Epoch 29/1000 ===
[train] loss=4.9811 cls=0.5012 cme=2.2399 acc=0.9641 cells=158379
[ct_train] rechunked train graphs (seed=30)

=== Epoch 30/1000 ===
[train] loss=4.9627 cls=0.4978 cme=2.2324 acc=0.9646 cells=158379
[val]   loss=4.9405 eval=2.6931 cls=0.4457 cme=2.2474 acc=0.9676 cells=118036
[ct_train] saved best checkpoint (val_eval_loss=2.6931 val_acc=0.9676)
[ct_train] rechunked train graphs (seed=31)

=== Epoch 31/1000 ===
[train] loss=4.9733 cls=0.4962 cme=2.2386 acc=0.9656 cells=158379
[ct_train] rechunked train graphs (seed=32)

=== Epoch 32/1000 ===
[train] loss=4.9623 cls=0.4954 cme=2.2335 acc=0.9655 cells=158379
[val]   loss=4.9430 eval=2.6946 cls=0.4462 cme=2.2484 acc=0.9675 cells=118036
[ct_train] early_stopping: no improve on val/eval_loss for 1/30 val checks
[ct_train] rechunked train graphs (seed=33)

=== Epoch 33/1000 ===
[train] loss=4.9599 cls=0.4929 cme=2.2335 acc=0.9663 cells=158379
[ct_train] rechunked train graphs (seed=34)

=== Epoch 34/1000 ===
[train] loss=4.9368 cls=0.4905 cme=2.2232 acc=0.9662 cells=158379
[val]   loss=4.9297 eval=2.6861 cls=0.4426 cme=2.2435 acc=0.9684 cells=118036
[ct_train] saved best checkpoint (val_eval_loss=2.6861 val_acc=0.9684)
[ct_train] rechunked train graphs (seed=35)

=== Epoch 35/1000 ===
[train] loss=4.9436 cls=0.4890 cme=2.2273 acc=0.9672 cells=158379
[ct_train] rechunked train graphs (seed=36)

=== Epoch 36/1000 ===
[train] loss=4.9312 cls=0.4858 cme=2.2227 acc=0.9675 cells=158379
[val]   loss=4.9254 eval=2.6838 cls=0.4422 cme=2.2416 acc=0.9687 cells=118036
[ct_train] saved best checkpoint (val_eval_loss=2.6838 val_acc=0.9687)
[ct_train] rechunked train graphs (seed=37)

=== Epoch 37/1000 ===
[train] loss=4.9325 cls=0.4839 cme=2.2243 acc=0.9678 cells=158379
[ct_train] rechunked train graphs (seed=38)

=== Epoch 38/1000 ===
[train] loss=4.9300 cls=0.4850 cme=2.2225 acc=0.9679 cells=158379
[val]   loss=4.9199 eval=2.6794 cls=0.4389 cme=2.2405 acc=0.9699 cells=118036
[ct_train] saved best checkpoint (val_eval_loss=2.6794 val_acc=0.9699)
[ct_train] rechunked train graphs (seed=39)

=== Epoch 39/1000 ===
[train] loss=4.9286 cls=0.4822 cme=2.2232 acc=0.9686 cells=158379
[ct_train] rechunked train graphs (seed=40)

=== Epoch 40/1000 ===
[train] loss=4.9156 cls=0.4806 cme=2.2175 acc=0.9686 cells=158379
[val]   loss=4.9111 eval=2.6742 cls=0.4374 cme=2.2368 acc=0.9698 cells=118036
[ct_train] saved best checkpoint (val_eval_loss=2.6742 val_acc=0.9699)
[ct_train] rechunked train graphs (seed=41)

=== Epoch 41/1000 ===
[train] loss=4.9268 cls=0.4815 cme=2.2226 acc=0.9687 cells=158379
[ct_train] rechunked train graphs (seed=42)

=== Epoch 42/1000 ===
[train] loss=4.9232 cls=0.4774 cme=2.2229 acc=0.9694 cells=158379
[val]   loss=4.9121 eval=2.6745 cls=0.4369 cme=2.2376 acc=0.9701 cells=118036
[ct_train] early_stopping: no improve on val/eval_loss for 1/30 val checks
[ct_train] rechunked train graphs (seed=43)

=== Epoch 43/1000 ===
[train] loss=4.9108 cls=0.4769 cme=2.2170 acc=0.9697 cells=158379
[ct_train] rechunked train graphs (seed=44)

=== Epoch 44/1000 ===
[train] loss=4.9064 cls=0.4750 cme=2.2157 acc=0.9700 cells=158379
[val]   loss=4.9088 eval=2.6722 cls=0.4355 cme=2.2366 acc=0.9704 cells=118036
[ct_train] saved best checkpoint (val_eval_loss=2.6722 val_acc=0.9704)
[ct_train] rechunked train graphs (seed=45)

=== Epoch 45/1000 ===
[train] loss=4.9038 cls=0.4744 cme=2.2147 acc=0.9706 cells=158379
[ct_train] rechunked train graphs (seed=46)

=== Epoch 46/1000 ===
[train] loss=4.9112 cls=0.4747 cme=2.2183 acc=0.9706 cells=158379
[val]   loss=4.9102 eval=2.6729 cls=0.4356 cme=2.2373 acc=0.9701 cells=118036
[ct_train] early_stopping: no improve on val/eval_loss for 1/30 val checks
[ct_train] rechunked train graphs (seed=47)

=== Epoch 47/1000 ===
[train] loss=4.8912 cls=0.4727 cme=2.2093 acc=0.9707 cells=158379
[ct_train] rechunked train graphs (seed=48)

=== Epoch 48/1000 ===
[train] loss=4.8913 cls=0.4731 cme=2.2091 acc=0.9708 cells=158379
[val]   loss=4.9054 eval=2.6709 cls=0.4364 cme=2.2345 acc=0.9703 cells=118036
[ct_train] saved best checkpoint (val_eval_loss=2.6709 val_acc=0.9704)
[ct_train] rechunked train graphs (seed=49)

=== Epoch 49/1000 ===
[train] loss=4.8969 cls=0.4702 cme=2.2134 acc=0.9713 cells=158379
[ct_train] rechunked train graphs (seed=50)

=== Epoch 50/1000 ===
[train] loss=4.8889 cls=0.4710 cme=2.2090 acc=0.9714 cells=158379
[val]   loss=4.8988 eval=2.6658 cls=0.4328 cme=2.2330 acc=0.9709 cells=118036
[ct_train] saved best checkpoint (val_eval_loss=2.6658 val_acc=0.9709)
[ct_train] rechunked train graphs (seed=51)

=== Epoch 51/1000 ===
[train] loss=4.8941 cls=0.4700 cme=2.2121 acc=0.9715 cells=158379
[ct_train] rechunked train graphs (seed=52)

=== Epoch 52/1000 ===
[train] loss=4.9059 cls=0.4693 cme=2.2183 acc=0.9716 cells=158379
[val]   loss=4.9048 eval=2.6690 cls=0.4333 cme=2.2357 acc=0.9709 cells=118036
[ct_train] early_stopping: no improve on val/eval_loss for 1/30 val checks
[ct_train] rechunked train graphs (seed=53)

=== Epoch 53/1000 ===
[train] loss=4.8787 cls=0.4688 cme=2.2049 acc=0.9714 cells=158379
[ct_train] rechunked train graphs (seed=54)

=== Epoch 54/1000 ===
[train] loss=4.8968 cls=0.4690 cme=2.2139 acc=0.9720 cells=158379
[val]   loss=4.8985 eval=2.6653 cls=0.4321 cme=2.2332 acc=0.9711 cells=118036
[ct_train] saved best checkpoint (val_eval_loss=2.6653 val_acc=0.9711)
[ct_train] rechunked train graphs (seed=55)

=== Epoch 55/1000 ===
[train] loss=4.8799 cls=0.4654 cme=2.2072 acc=0.9724 cells=158379
[ct_train] rechunked train graphs (seed=56)

=== Epoch 56/1000 ===
[train] loss=4.8930 cls=0.4665 cme=2.2132 acc=0.9725 cells=158379
[val]   loss=4.8960 eval=2.6637 cls=0.4315 cme=2.2322 acc=0.9716 cells=118036
[ct_train] saved best checkpoint (val_eval_loss=2.6637 val_acc=0.9716)
[ct_train] rechunked train graphs (seed=57)

=== Epoch 57/1000 ===
[train] loss=4.8713 cls=0.4655 cme=2.2029 acc=0.9723 cells=158379
[ct_train] rechunked train graphs (seed=58)

=== Epoch 58/1000 ===
[train] loss=4.9001 cls=0.4663 cme=2.2169 acc=0.9726 cells=158379
[val]   loss=4.9091 eval=2.6708 cls=0.4325 cme=2.2383 acc=0.9716 cells=118036
[ct_train] early_stopping: no improve on val/eval_loss for 1/30 val checks
[ct_train] rechunked train graphs (seed=59)

=== Epoch 59/1000 ===
[train] loss=4.8680 cls=0.4641 cme=2.2019 acc=0.9729 cells=158379
[ct_train] rechunked train graphs (seed=60)

=== Epoch 60/1000 ===
[train] loss=4.8838 cls=0.4631 cme=2.2103 acc=0.9735 cells=158379
[val]   loss=4.8852 eval=2.6567 cls=0.4281 cme=2.2286 acc=0.9724 cells=118036
[ct_train] saved best checkpoint (val_eval_loss=2.6567 val_acc=0.9724)
[ct_train] rechunked train graphs (seed=61)

=== Epoch 61/1000 ===
[train] loss=4.8667 cls=0.4631 cme=2.2018 acc=0.9736 cells=158379
[ct_train] rechunked train graphs (seed=62)

=== Epoch 62/1000 ===
[train] loss=4.8815 cls=0.4637 cme=2.2089 acc=0.9734 cells=158379
[val]   loss=4.8879 eval=2.6586 cls=0.4293 cme=2.2293 acc=0.9723 cells=118036
[ct_train] early_stopping: no improve on val/eval_loss for 1/30 val checks
[ct_train] rechunked train graphs (seed=63)

=== Epoch 63/1000 ===
[train] loss=4.8736 cls=0.4623 cme=2.2056 acc=0.9736 cells=158379
[ct_train] rechunked train graphs (seed=64)

=== Epoch 64/1000 ===
[train] loss=4.8413 cls=0.4616 cme=2.1899 acc=0.9737 cells=158379
[val]   loss=4.8855 eval=2.6563 cls=0.4271 cme=2.2292 acc=0.9724 cells=118036
[ct_train] saved best checkpoint (val_eval_loss=2.6563 val_acc=0.9724)
[ct_train] rechunked train graphs (seed=65)

=== Epoch 65/1000 ===
[train] loss=4.8769 cls=0.4599 cme=2.2085 acc=0.9741 cells=158379
[ct_train] rechunked train graphs (seed=66)

=== Epoch 66/1000 ===
[train] loss=4.8673 cls=0.4607 cme=2.2033 acc=0.9739 cells=158379
[val]   loss=4.8826 eval=2.6550 cls=0.4274 cme=2.2276 acc=0.9724 cells=118036
[ct_train] saved best checkpoint (val_eval_loss=2.6550 val_acc=0.9724)
[ct_train] rechunked train graphs (seed=67)

=== Epoch 67/1000 ===
[train] loss=4.8579 cls=0.4595 cme=2.1992 acc=0.9744 cells=158379
[ct_train] rechunked train graphs (seed=68)

=== Epoch 68/1000 ===
[train] loss=4.8653 cls=0.4592 cme=2.2031 acc=0.9744 cells=158379
[val]   loss=4.8825 eval=2.6555 cls=0.4285 cme=2.2270 acc=0.9721 cells=118036
[ct_train] early_stopping: no improve on val/eval_loss for 1/30 val checks
[ct_train] rechunked train graphs (seed=69)

=== Epoch 69/1000 ===
[train] loss=4.8635 cls=0.4585 cme=2.2025 acc=0.9747 cells=158379
[ct_train] rechunked train graphs (seed=70)

=== Epoch 70/1000 ===
[train] loss=4.8569 cls=0.4544 cme=2.2013 acc=0.9748 cells=158379
[val]   loss=4.8775 eval=2.6515 cls=0.4255 cme=2.2260 acc=0.9732 cells=118036
[ct_train] saved best checkpoint (val_eval_loss=2.6515 val_acc=0.9732)
[ct_train] rechunked train graphs (seed=71)

=== Epoch 71/1000 ===
[train] loss=4.8457 cls=0.4552 cme=2.1952 acc=0.9750 cells=158379
[ct_train] rechunked train graphs (seed=72)

=== Epoch 72/1000 ===
[train] loss=4.8421 cls=0.4562 cme=2.1929 acc=0.9748 cells=158379
[val]   loss=4.8991 eval=2.6631 cls=0.4272 cme=2.2360 acc=0.9726 cells=118036
[ct_train] early_stopping: no improve on val/eval_loss for 1/30 val checks
[ct_train] rechunked train graphs (seed=73)

=== Epoch 73/1000 ===
[train] loss=4.8512 cls=0.4536 cme=2.1988 acc=0.9754 cells=158379
[ct_train] rechunked train graphs (seed=74)

=== Epoch 74/1000 ===
[train] loss=4.8481 cls=0.4538 cme=2.1972 acc=0.9754 cells=158379
[val]   loss=4.8778 eval=2.6513 cls=0.4249 cme=2.2265 acc=0.9731 cells=118036
[ct_train] saved best checkpoint (val_eval_loss=2.6513 val_acc=0.9732)
[ct_train] early_stopping: no improve on val/eval_loss for 2/30 val checks
[ct_train] rechunked train graphs (seed=75)

=== Epoch 75/1000 ===
[train] loss=4.8409 cls=0.4522 cme=2.1943 acc=0.9757 cells=158379
[ct_train] rechunked train graphs (seed=76)

=== Epoch 76/1000 ===
[train] loss=4.8432 cls=0.4526 cme=2.1953 acc=0.9755 cells=158379
[val]   loss=4.8742 eval=2.6495 cls=0.4247 cme=2.2247 acc=0.9731 cells=118036
[ct_train] saved best checkpoint (val_eval_loss=2.6495 val_acc=0.9732)
[ct_train] rechunked train graphs (seed=77)

=== Epoch 77/1000 ===
[train] loss=4.8373 cls=0.4515 cme=2.1929 acc=0.9757 cells=158379
[ct_train] rechunked train graphs (seed=78)

=== Epoch 78/1000 ===
[train] loss=4.8472 cls=0.4534 cme=2.1969 acc=0.9755 cells=158379
[val]   loss=4.8905 eval=2.6583 cls=0.4262 cme=2.2322 acc=0.9729 cells=118036
[ct_train] early_stopping: no improve on val/eval_loss for 1/30 val checks
[ct_train] rechunked train graphs (seed=79)

=== Epoch 79/1000 ===
[train] loss=4.8450 cls=0.4516 cme=2.1967 acc=0.9762 cells=158379
[ct_train] rechunked train graphs (seed=80)

=== Epoch 80/1000 ===
[train] loss=4.8410 cls=0.4504 cme=2.1953 acc=0.9764 cells=158379
[val]   loss=4.8760 eval=2.6496 cls=0.4233 cme=2.2264 acc=0.9738 cells=118036
[ct_train] early_stopping: no improve on val/eval_loss for 2/30 val checks
[ct_train] rechunked train graphs (seed=81)

=== Epoch 81/1000 ===
[train] loss=4.8356 cls=0.4488 cme=2.1934 acc=0.9764 cells=158379
[ct_train] rechunked train graphs (seed=82)

=== Epoch 82/1000 ===
[train] loss=4.8411 cls=0.4499 cme=2.1956 acc=0.9767 cells=158379
[val]   loss=4.8709 eval=2.6467 cls=0.4226 cme=2.2241 acc=0.9734 cells=118036
[ct_train] saved best checkpoint (val_eval_loss=2.6467 val_acc=0.9738)
[ct_train] rechunked train graphs (seed=83)

=== Epoch 83/1000 ===
[train] loss=4.8366 cls=0.4495 cme=2.1935 acc=0.9765 cells=158379
[ct_train] rechunked train graphs (seed=84)

=== Epoch 84/1000 ===
[train] loss=4.8292 cls=0.4484 cme=2.1904 acc=0.9770 cells=158379
[val]   loss=4.8678 eval=2.6451 cls=0.4225 cme=2.2227 acc=0.9737 cells=118036
[ct_train] saved best checkpoint (val_eval_loss=2.6451 val_acc=0.9738)
[ct_train] rechunked train graphs (seed=85)

=== Epoch 85/1000 ===
[train] loss=4.8335 cls=0.4481 cme=2.1927 acc=0.9770 cells=158379
[ct_train] rechunked train graphs (seed=86)

=== Epoch 86/1000 ===
[train] loss=4.8398 cls=0.4480 cme=2.1959 acc=0.9769 cells=158379
[val]   loss=4.8727 eval=2.6478 cls=0.4229 cme=2.2249 acc=0.9739 cells=118036
[ct_train] early_stopping: no improve on val/eval_loss for 1/30 val checks
[ct_train] rechunked train graphs (seed=87)

=== Epoch 87/1000 ===
[train] loss=4.8376 cls=0.4476 cme=2.1950 acc=0.9771 cells=158379
[ct_train] rechunked train graphs (seed=88)

=== Epoch 88/1000 ===
[train] loss=4.8399 cls=0.4478 cme=2.1960 acc=0.9771 cells=158379
[val]   loss=4.8696 eval=2.6463 cls=0.4229 cme=2.2234 acc=0.9740 cells=118036
[ct_train] early_stopping: no improve on val/eval_loss for 2/30 val checks
[ct_train] rechunked train graphs (seed=89)

=== Epoch 89/1000 ===
[train] loss=4.8167 cls=0.4451 cme=2.1858 acc=0.9776 cells=158379
[ct_train] rechunked train graphs (seed=90)

=== Epoch 90/1000 ===
[train] loss=4.8344 cls=0.4453 cme=2.1945 acc=0.9777 cells=158379
[val]   loss=4.8830 eval=2.6524 cls=0.4217 cme=2.2307 acc=0.9740 cells=118036
[ct_train] early_stopping: no improve on val/eval_loss for 3/30 val checks
[ct_train] rechunked train graphs (seed=91)

=== Epoch 91/1000 ===
[train] loss=4.8217 cls=0.4463 cme=2.1877 acc=0.9776 cells=158379
[ct_train] rechunked train graphs (seed=92)

=== Epoch 92/1000 ===
[train] loss=4.8244 cls=0.4459 cme=2.1892 acc=0.9778 cells=158379
[val]   loss=4.8671 eval=2.6443 cls=0.4215 cme=2.2228 acc=0.9736 cells=118036
[ct_train] saved best checkpoint (val_eval_loss=2.6443 val_acc=0.9740)
[ct_train] rechunked train graphs (seed=93)

=== Epoch 93/1000 ===
[train] loss=4.8106 cls=0.4453 cme=2.1826 acc=0.9780 cells=158379
[ct_train] rechunked train graphs (seed=94)

=== Epoch 94/1000 ===
[train] loss=4.8160 cls=0.4433 cme=2.1863 acc=0.9778 cells=158379
[val]   loss=4.8660 eval=2.6435 cls=0.4210 cme=2.2225 acc=0.9739 cells=118036
[ct_train] saved best checkpoint (val_eval_loss=2.6435 val_acc=0.9740)
[ct_train] rechunked train graphs (seed=95)

=== Epoch 95/1000 ===
[train] loss=4.8111 cls=0.4439 cme=2.1836 acc=0.9779 cells=158379
[ct_train] rechunked train graphs (seed=96)

=== Epoch 96/1000 ===
[train] loss=4.8237 cls=0.4435 cme=2.1901 acc=0.9781 cells=158379
[val]   loss=4.8634 eval=2.6420 cls=0.4207 cme=2.2213 acc=0.9744 cells=118036
[ct_train] saved best checkpoint (val_eval_loss=2.6420 val_acc=0.9744)
[ct_train] rechunked train graphs (seed=97)

=== Epoch 97/1000 ===
[train] loss=4.8186 cls=0.4429 cme=2.1878 acc=0.9787 cells=158379
[ct_train] rechunked train graphs (seed=98)

=== Epoch 98/1000 ===
[train] loss=4.8280 cls=0.4428 cme=2.1926 acc=0.9780 cells=158379
[val]   loss=4.8753 eval=2.6484 cls=0.4216 cme=2.2269 acc=0.9736 cells=118036
[ct_train] early_stopping: no improve on val/eval_loss for 1/30 val checks
[ct_train] rechunked train graphs (seed=99)

=== Epoch 99/1000 ===
[train] loss=4.8407 cls=0.4435 cme=2.1986 acc=0.9779 cells=158379
[ct_train] rechunked train graphs (seed=100)

=== Epoch 100/1000 ===
[train] loss=4.8025 cls=0.4406 cme=2.1810 acc=0.9789 cells=158379
[val]   loss=4.8652 eval=2.6434 cls=0.4217 cme=2.2218 acc=0.9742 cells=118036
[ct_train] early_stopping: no improve on val/eval_loss for 2/30 val checks
[ct_train] rechunked train graphs (seed=101)

=== Epoch 101/1000 ===
[train] loss=4.8230 cls=0.4422 cme=2.1904 acc=0.9785 cells=158379
[ct_train] rechunked train graphs (seed=102)

=== Epoch 102/1000 ===
[train] loss=4.8141 cls=0.4427 cme=2.1857 acc=0.9789 cells=158379
[val]   loss=4.8626 eval=2.6417 cls=0.4207 cme=2.2210 acc=0.9744 cells=118036
[ct_train] saved best checkpoint (val_eval_loss=2.6417 val_acc=0.9744)
[ct_train] rechunked train graphs (seed=103)

=== Epoch 103/1000 ===
[train] loss=4.7999 cls=0.4394 cme=2.1802 acc=0.9792 cells=158379
[ct_train] rechunked train graphs (seed=104)

=== Epoch 104/1000 ===
[train] loss=4.8173 cls=0.4391 cme=2.1891 acc=0.9790 cells=158379
[val]   loss=4.8638 eval=2.6411 cls=0.4185 cme=2.2226 acc=0.9746 cells=118036
[ct_train] saved best checkpoint (val_eval_loss=2.6411 val_acc=0.9746)
[ct_train] rechunked train graphs (seed=105)

=== Epoch 105/1000 ===
[train] loss=4.7897 cls=0.4395 cme=2.1751 acc=0.9788 cells=158379
[ct_train] rechunked train graphs (seed=106)

=== Epoch 106/1000 ===
[train] loss=4.8110 cls=0.4399 cme=2.1855 acc=0.9792 cells=158379
[val]   loss=4.8649 eval=2.6427 cls=0.4204 cme=2.2222 acc=0.9746 cells=118036
[ct_train] early_stopping: no improve on val/eval_loss for 1/30 val checks
[ct_train] rechunked train graphs (seed=107)

=== Epoch 107/1000 ===
[train] loss=4.7974 cls=0.4371 cme=2.1801 acc=0.9793 cells=158379
[ct_train] rechunked train graphs (seed=108)

=== Epoch 108/1000 ===
[train] loss=4.8102 cls=0.4402 cme=2.1850 acc=0.9792 cells=158379
[val]   loss=4.8584 eval=2.6389 cls=0.4195 cme=2.2195 acc=0.9748 cells=118036
[ct_train] saved best checkpoint (val_eval_loss=2.6389 val_acc=0.9748)
[ct_train] rechunked train graphs (seed=109)

=== Epoch 109/1000 ===
[train] loss=4.7961 cls=0.4372 cme=2.1794 acc=0.9794 cells=158379
[ct_train] rechunked train graphs (seed=110)

=== Epoch 110/1000 ===
[train] loss=4.8071 cls=0.4386 cme=2.1843 acc=0.9795 cells=158379
[val]   loss=4.8587 eval=2.6385 cls=0.4183 cme=2.2202 acc=0.9747 cells=118036
[ct_train] saved best checkpoint (val_eval_loss=2.6385 val_acc=0.9748)
[ct_train] rechunked train graphs (seed=111)

=== Epoch 111/1000 ===
[train] loss=4.7946 cls=0.4376 cme=2.1785 acc=0.9797 cells=158379
[ct_train] rechunked train graphs (seed=112)

=== Epoch 112/1000 ===
[train] loss=4.8109 cls=0.4385 cme=2.1862 acc=0.9796 cells=158379
[val]   loss=4.8578 eval=2.6385 cls=0.4192 cme=2.2193 acc=0.9748 cells=118036
[ct_train] early_stopping: no improve on val/eval_loss for 1/30 val checks
[ct_train] rechunked train graphs (seed=113)

=== Epoch 113/1000 ===
[train] loss=4.8174 cls=0.4378 cme=2.1898 acc=0.9797 cells=158379
[ct_train] rechunked train graphs (seed=114)

=== Epoch 114/1000 ===
[train] loss=4.7911 cls=0.4362 cme=2.1775 acc=0.9796 cells=158379
[val]   loss=4.8589 eval=2.6387 cls=0.4185 cme=2.2202 acc=0.9749 cells=118036
[ct_train] early_stopping: no improve on val/eval_loss for 2/30 val checks
[ct_train] rechunked train graphs (seed=115)

=== Epoch 115/1000 ===
[train] loss=4.7964 cls=0.4373 cme=2.1796 acc=0.9800 cells=158379
[ct_train] rechunked train graphs (seed=116)

=== Epoch 116/1000 ===
[train] loss=4.7927 cls=0.4355 cme=2.1786 acc=0.9801 cells=158379
[val]   loss=4.8554 eval=2.6371 cls=0.4189 cme=2.2182 acc=0.9746 cells=118036
[ct_train] saved best checkpoint (val_eval_loss=2.6371 val_acc=0.9749)
[ct_train] rechunked train graphs (seed=117)

=== Epoch 117/1000 ===
[train] loss=4.7914 cls=0.4361 cme=2.1777 acc=0.9800 cells=158379
[ct_train] rechunked train graphs (seed=118)

=== Epoch 118/1000 ===
[train] loss=4.7999 cls=0.4352 cme=2.1824 acc=0.9798 cells=158379
[val]   loss=4.8670 eval=2.6423 cls=0.4176 cme=2.2247 acc=0.9750 cells=118036
[ct_train] early_stopping: no improve on val/eval_loss for 1/30 val checks
[ct_train] rechunked train graphs (seed=119)

=== Epoch 119/1000 ===
[train] loss=4.7795 cls=0.4342 cme=2.1727 acc=0.9803 cells=158379
[ct_train] rechunked train graphs (seed=120)

=== Epoch 120/1000 ===
[train] loss=4.8098 cls=0.4347 cme=2.1875 acc=0.9806 cells=158379
[val]   loss=4.8560 eval=2.6374 cls=0.4188 cme=2.2186 acc=0.9749 cells=118036
[ct_train] early_stopping: no improve on val/eval_loss for 2/30 val checks
[ct_train] rechunked train graphs (seed=121)

=== Epoch 121/1000 ===
[train] loss=4.7894 cls=0.4352 cme=2.1771 acc=0.9804 cells=158379
[ct_train] rechunked train graphs (seed=122)

=== Epoch 122/1000 ===
[train] loss=4.7960 cls=0.4352 cme=2.1804 acc=0.9802 cells=158379
[val]   loss=4.8680 eval=2.6427 cls=0.4175 cme=2.2252 acc=0.9750 cells=118036
[ct_train] early_stopping: no improve on val/eval_loss for 3/30 val checks
[ct_train] rechunked train graphs (seed=123)

=== Epoch 123/1000 ===
[train] loss=4.7984 cls=0.4358 cme=2.1813 acc=0.9801 cells=158379
[ct_train] rechunked train graphs (seed=124)

=== Epoch 124/1000 ===
[train] loss=4.7829 cls=0.4330 cme=2.1749 acc=0.9805 cells=158379
[val]   loss=4.8592 eval=2.6384 cls=0.4177 cme=2.2207 acc=0.9749 cells=118036
[ct_train] early_stopping: no improve on val/eval_loss for 4/30 val checks
[ct_train] rechunked train graphs (seed=125)

=== Epoch 125/1000 ===
[train] loss=4.7813 cls=0.4335 cme=2.1739 acc=0.9806 cells=158379
[ct_train] rechunked train graphs (seed=126)

=== Epoch 126/1000 ===
[train] loss=4.7787 cls=0.4335 cme=2.1726 acc=0.9808 cells=158379
[val]   loss=4.8519 eval=2.6345 cls=0.4172 cme=2.2173 acc=0.9752 cells=118036
[ct_train] saved best checkpoint (val_eval_loss=2.6345 val_acc=0.9752)
[ct_train] rechunked train graphs (seed=127)

=== Epoch 127/1000 ===
[train] loss=4.7904 cls=0.4324 cme=2.1790 acc=0.9808 cells=158379
[ct_train] rechunked train graphs (seed=128)

=== Epoch 128/1000 ===
[train] loss=4.7941 cls=0.4324 cme=2.1808 acc=0.9810 cells=158379
[val]   loss=4.8621 eval=2.6389 cls=0.4156 cme=2.2232 acc=0.9753 cells=118036
[ct_train] early_stopping: no improve on val/eval_loss for 1/30 val checks
[ct_train] rechunked train graphs (seed=129)

=== Epoch 129/1000 ===
[train] loss=4.7778 cls=0.4308 cme=2.1735 acc=0.9811 cells=158379
[ct_train] rechunked train graphs (seed=130)

=== Epoch 130/1000 ===
[train] loss=4.7737 cls=0.4311 cme=2.1713 acc=0.9807 cells=158379
[val]   loss=4.8552 eval=2.6368 cls=0.4183 cme=2.2184 acc=0.9748 cells=118036
[ct_train] early_stopping: no improve on val/eval_loss for 2/30 val checks
[ct_train] rechunked train graphs (seed=131)

=== Epoch 131/1000 ===
[train] loss=4.7760 cls=0.4306 cme=2.1727 acc=0.9813 cells=158379
[ct_train] rechunked train graphs (seed=132)

=== Epoch 132/1000 ===
[train] loss=4.7713 cls=0.4310 cme=2.1702 acc=0.9814 cells=158379
[val]   loss=4.8640 eval=2.6409 cls=0.4177 cme=2.2231 acc=0.9753 cells=118036
[ct_train] early_stopping: no improve on val/eval_loss for 3/30 val checks
[ct_train] rechunked train graphs (seed=133)

=== Epoch 133/1000 ===
[train] loss=4.7914 cls=0.4313 cme=2.1801 acc=0.9818 cells=158379
[ct_train] rechunked train graphs (seed=134)

=== Epoch 134/1000 ===
[train] loss=4.7839 cls=0.4326 cme=2.1757 acc=0.9811 cells=158379
[val]   loss=4.8518 eval=2.6349 cls=0.4179 cme=2.2170 acc=0.9750 cells=118036
[ct_train] early_stopping: no improve on val/eval_loss for 4/30 val checks
[ct_train] rechunked train graphs (seed=135)

=== Epoch 135/1000 ===
[train] loss=4.7871 cls=0.4300 cme=2.1786 acc=0.9819 cells=158379
[ct_train] rechunked train graphs (seed=136)

=== Epoch 136/1000 ===
[train] loss=4.7769 cls=0.4294 cme=2.1737 acc=0.9818 cells=158379
[val]   loss=4.8512 eval=2.6342 cls=0.4173 cme=2.2169 acc=0.9752 cells=118036
[ct_train] saved best checkpoint (val_eval_loss=2.6342 val_acc=0.9753)
[ct_train] early_stopping: no improve on val/eval_loss for 5/30 val checks
[ct_train] rechunked train graphs (seed=137)

=== Epoch 137/1000 ===
[train] loss=4.7836 cls=0.4299 cme=2.1769 acc=0.9820 cells=158379
[ct_train] rechunked train graphs (seed=138)

=== Epoch 138/1000 ===
[train] loss=4.7671 cls=0.4284 cme=2.1693 acc=0.9824 cells=158379
[val]   loss=4.8569 eval=2.6366 cls=0.4163 cme=2.2203 acc=0.9757 cells=118036
[ct_train] early_stopping: no improve on val/eval_loss for 6/30 val checks
[ct_train] rechunked train graphs (seed=139)

=== Epoch 139/1000 ===
[train] loss=4.7741 cls=0.4285 cme=2.1728 acc=0.9821 cells=158379
[ct_train] rechunked train graphs (seed=140)

=== Epoch 140/1000 ===
[train] loss=4.7684 cls=0.4279 cme=2.1702 acc=0.9821 cells=158379
[val]   loss=4.8546 eval=2.6368 cls=0.4191 cme=2.2177 acc=0.9748 cells=118036
[ct_train] early_stopping: no improve on val/eval_loss for 7/30 val checks
[ct_train] rechunked train graphs (seed=141)

=== Epoch 141/1000 ===
[train] loss=4.7861 cls=0.4280 cme=2.1790 acc=0.9823 cells=158379
[ct_train] rechunked train graphs (seed=142)

=== Epoch 142/1000 ===
[train] loss=4.7620 cls=0.4274 cme=2.1673 acc=0.9825 cells=158379
[val]   loss=4.8570 eval=2.6373 cls=0.4176 cme=2.2197 acc=0.9752 cells=118036
[ct_train] early_stopping: no improve on val/eval_loss for 8/30 val checks
[ct_train] rechunked train graphs (seed=143)

=== Epoch 143/1000 ===
[train] loss=4.7860 cls=0.4289 cme=2.1785 acc=0.9819 cells=158379
[ct_train] rechunked train graphs (seed=144)

=== Epoch 144/1000 ===
[train] loss=4.7715 cls=0.4271 cme=2.1722 acc=0.9824 cells=158379
[val]   loss=4.8506 eval=2.6333 cls=0.4160 cme=2.2173 acc=0.9757 cells=118036
[ct_train] saved best checkpoint (val_eval_loss=2.6333 val_acc=0.9757)
[ct_train] rechunked train graphs (seed=145)

=== Epoch 145/1000 ===
[train] loss=4.7680 cls=0.4265 cme=2.1707 acc=0.9827 cells=158379
[ct_train] rechunked train graphs (seed=146)

=== Epoch 146/1000 ===
[train] loss=4.7621 cls=0.4261 cme=2.1680 acc=0.9824 cells=158379
[val]   loss=4.8539 eval=2.6351 cls=0.4162 cme=2.2188 acc=0.9752 cells=118036
[ct_train] early_stopping: no improve on val/eval_loss for 1/30 val checks
[ct_train] rechunked train graphs (seed=147)

=== Epoch 147/1000 ===
[train] loss=4.7750 cls=0.4276 cme=2.1737 acc=0.9822 cells=158379
[ct_train] rechunked train graphs (seed=148)

=== Epoch 148/1000 ===
[train] loss=4.7692 cls=0.4252 cme=2.1720 acc=0.9829 cells=158379
[val]   loss=4.8521 eval=2.6350 cls=0.4179 cme=2.2171 acc=0.9750 cells=118036
[ct_train] early_stopping: no improve on val/eval_loss for 2/30 val checks
[ct_train] rechunked train graphs (seed=149)

=== Epoch 149/1000 ===
[train] loss=4.7516 cls=0.4269 cme=2.1623 acc=0.9824 cells=158379
[ct_train] rechunked train graphs (seed=150)

=== Epoch 150/1000 ===
[train] loss=4.7674 cls=0.4264 cme=2.1705 acc=0.9827 cells=158379
[val]   loss=4.8519 eval=2.6340 cls=0.4160 cme=2.2180 acc=0.9755 cells=118036
[ct_train] early_stopping: no improve on val/eval_loss for 3/30 val checks
[ct_train] rechunked train graphs (seed=151)

=== Epoch 151/1000 ===
[train] loss=4.7599 cls=0.4247 cme=2.1676 acc=0.9831 cells=158379
[ct_train] rechunked train graphs (seed=152)

=== Epoch 152/1000 ===
[train] loss=4.7827 cls=0.4257 cme=2.1785 acc=0.9830 cells=158379
[val]   loss=4.8506 eval=2.6340 cls=0.4174 cme=2.2166 acc=0.9749 cells=118036
[ct_train] early_stopping: no improve on val/eval_loss for 4/30 val checks
[ct_train] rechunked train graphs (seed=153)

=== Epoch 153/1000 ===
[train] loss=4.7657 cls=0.4245 cme=2.1706 acc=0.9829 cells=158379
[ct_train] rechunked train graphs (seed=154)

=== Epoch 154/1000 ===
[train] loss=4.7715 cls=0.4255 cme=2.1730 acc=0.9829 cells=158379
[val]   loss=4.8585 eval=2.6371 cls=0.4158 cme=2.2214 acc=0.9755 cells=118036
[ct_train] early_stopping: no improve on val/eval_loss for 5/30 val checks
[ct_train] rechunked train graphs (seed=155)

=== Epoch 155/1000 ===
[train] loss=4.7677 cls=0.4238 cme=2.1719 acc=0.9833 cells=158379
[ct_train] rechunked train graphs (seed=156)

=== Epoch 156/1000 ===
[train] loss=4.7771 cls=0.4244 cme=2.1763 acc=0.9835 cells=158379
[val]   loss=4.8465 eval=2.6311 cls=0.4157 cme=2.2154 acc=0.9757 cells=118036
[ct_train] saved best checkpoint (val_eval_loss=2.6311 val_acc=0.9757)
[ct_train] rechunked train graphs (seed=157)

=== Epoch 157/1000 ===
[train] loss=4.7543 cls=0.4249 cme=2.1647 acc=0.9831 cells=158379
[ct_train] rechunked train graphs (seed=158)

=== Epoch 158/1000 ===
[train] loss=4.7613 cls=0.4258 cme=2.1678 acc=0.9826 cells=158379
[val]   loss=4.8542 eval=2.6357 cls=0.4173 cme=2.2185 acc=0.9749 cells=118036
[ct_train] early_stopping: no improve on val/eval_loss for 1/30 val checks
[ct_train] rechunked train graphs (seed=159)

=== Epoch 159/1000 ===
[train] loss=4.7584 cls=0.4245 cme=2.1670 acc=0.9832 cells=158379
[ct_train] rechunked train graphs (seed=160)

=== Epoch 160/1000 ===
[train] loss=4.7544 cls=0.4232 cme=2.1656 acc=0.9835 cells=158379
[val]   loss=4.8488 eval=2.6325 cls=0.4162 cme=2.2163 acc=0.9752 cells=118036
[ct_train] early_stopping: no improve on val/eval_loss for 2/30 val checks
[ct_train] rechunked train graphs (seed=161)

=== Epoch 161/1000 ===
[train] loss=4.7538 cls=0.4236 cme=2.1651 acc=0.9831 cells=158379
[ct_train] rechunked train graphs (seed=162)

=== Epoch 162/1000 ===
[train] loss=4.7395 cls=0.4215 cme=2.1590 acc=0.9835 cells=158379
[val]   loss=4.8578 eval=2.6371 cls=0.4164 cme=2.2207 acc=0.9755 cells=118036
[ct_train] early_stopping: no improve on val/eval_loss for 3/30 val checks
[ct_train] rechunked train graphs (seed=163)

=== Epoch 163/1000 ===
[train] loss=4.7811 cls=0.4236 cme=2.1788 acc=0.9835 cells=158379
[ct_train] rechunked train graphs (seed=164)

=== Epoch 164/1000 ===
[train] loss=4.7776 cls=0.4244 cme=2.1766 acc=0.9834 cells=158379
[val]   loss=4.8504 eval=2.6341 cls=0.4178 cme=2.2163 acc=0.9749 cells=118036
[ct_train] early_stopping: no improve on val/eval_loss for 4/30 val checks
[ct_train] rechunked train graphs (seed=165)

=== Epoch 165/1000 ===
[train] loss=4.7531 cls=0.4213 cme=2.1659 acc=0.9840 cells=158379
[ct_train] rechunked train graphs (seed=166)

=== Epoch 166/1000 ===
[train] loss=4.7614 cls=0.4219 cme=2.1698 acc=0.9843 cells=158379
[val]   loss=4.8483 eval=2.6324 cls=0.4165 cme=2.2159 acc=0.9756 cells=118036
[ct_train] early_stopping: no improve on val/eval_loss for 5/30 val checks
[ct_train] rechunked train graphs (seed=167)

=== Epoch 167/1000 ===
[train] loss=4.7648 cls=0.4219 cme=2.1714 acc=0.9838 cells=158379
[ct_train] rechunked train graphs (seed=168)

=== Epoch 168/1000 ===
[train] loss=4.7496 cls=0.4221 cme=2.1637 acc=0.9837 cells=158379
[val]   loss=4.8538 eval=2.6349 cls=0.4160 cme=2.2189 acc=0.9756 cells=118036
[ct_train] early_stopping: no improve on val/eval_loss for 6/30 val checks
[ct_train] rechunked train graphs (seed=169)

=== Epoch 169/1000 ===
[train] loss=4.7508 cls=0.4211 cme=2.1648 acc=0.9842 cells=158379
[ct_train] rechunked train graphs (seed=170)

=== Epoch 170/1000 ===
[train] loss=4.7469 cls=0.4212 cme=2.1629 acc=0.9843 cells=158379
[val]   loss=4.8503 eval=2.6338 cls=0.4173 cme=2.2165 acc=0.9752 cells=118036
[ct_train] early_stopping: no improve on val/eval_loss for 7/30 val checks
[ct_train] rechunked train graphs (seed=171)

=== Epoch 171/1000 ===
[train] loss=4.7483 cls=0.4199 cme=2.1642 acc=0.9842 cells=158379
[ct_train] rechunked train graphs (seed=172)

=== Epoch 172/1000 ===
[train] loss=4.7375 cls=0.4190 cme=2.1592 acc=0.9846 cells=158379
[val]   loss=4.8518 eval=2.6345 cls=0.4172 cme=2.2173 acc=0.9753 cells=118036
[ct_train] early_stopping: no improve on val/eval_loss for 8/30 val checks
[ct_train] rechunked train graphs (seed=173)

=== Epoch 173/1000 ===
[train] loss=4.7597 cls=0.4212 cme=2.1692 acc=0.9844 cells=158379
[ct_train] rechunked train graphs (seed=174)

=== Epoch 174/1000 ===
[train] loss=4.7467 cls=0.4202 cme=2.1632 acc=0.9845 cells=158379
[val]   loss=4.8595 eval=2.6376 cls=0.4158 cme=2.2219 acc=0.9758 cells=118036
[ct_train] early_stopping: no improve on val/eval_loss for 9/30 val checks
[ct_train] rechunked train graphs (seed=175)

=== Epoch 175/1000 ===
[train] loss=4.7520 cls=0.4209 cme=2.1656 acc=0.9840 cells=158379
[ct_train] rechunked train graphs (seed=176)

=== Epoch 176/1000 ===
[train] loss=4.7547 cls=0.4202 cme=2.1672 acc=0.9842 cells=158379
[val]   loss=4.8506 eval=2.6340 cls=0.4174 cme=2.2166 acc=0.9754 cells=118036
[ct_train] early_stopping: no improve on val/eval_loss for 10/30 val checks
[ct_train] rechunked train graphs (seed=177)

=== Epoch 177/1000 ===
[train] loss=4.7509 cls=0.4183 cme=2.1663 acc=0.9849 cells=158379
[ct_train] rechunked train graphs (seed=178)

=== Epoch 178/1000 ===
[train] loss=4.7430 cls=0.4187 cme=2.1621 acc=0.9849 cells=158379
[val]   loss=4.8446 eval=2.6307 cls=0.4168 cme=2.2139 acc=0.9755 cells=118036
[ct_train] saved best checkpoint (val_eval_loss=2.6307 val_acc=0.9758)
[ct_train] rechunked train graphs (seed=179)

=== Epoch 179/1000 ===
[train] loss=4.7467 cls=0.4192 cme=2.1638 acc=0.9849 cells=158379
[ct_train] rechunked train graphs (seed=180)

=== Epoch 180/1000 ===
[train] loss=4.7516 cls=0.4191 cme=2.1663 acc=0.9845 cells=158379
[val]   loss=4.8556 eval=2.6362 cls=0.4168 cme=2.2194 acc=0.9759 cells=118036
[ct_train] early_stopping: no improve on val/eval_loss for 1/30 val checks
[ct_train] rechunked train graphs (seed=181)

=== Epoch 181/1000 ===
[train] loss=4.7573 cls=0.4200 cme=2.1686 acc=0.9847 cells=158379
[ct_train] rechunked train graphs (seed=182)

=== Epoch 182/1000 ===
[train] loss=4.7394 cls=0.4172 cme=2.1611 acc=0.9849 cells=158379
[val]   loss=4.8478 eval=2.6329 cls=0.4180 cme=2.2149 acc=0.9752 cells=118036
[ct_train] early_stopping: no improve on val/eval_loss for 2/30 val checks
[ct_train] rechunked train graphs (seed=183)

=== Epoch 183/1000 ===
[train] loss=4.7333 cls=0.4183 cme=2.1575 acc=0.9847 cells=158379
[ct_train] rechunked train graphs (seed=184)

=== Epoch 184/1000 ===
[train] loss=4.7351 cls=0.4189 cme=2.1581 acc=0.9849 cells=158379
[val]   loss=4.8505 eval=2.6332 cls=0.4159 cme=2.2173 acc=0.9762 cells=118036
[ct_train] early_stopping: no improve on val/eval_loss for 3/30 val checks
[ct_train] rechunked train graphs (seed=185)

=== Epoch 185/1000 ===
[train] loss=4.7328 cls=0.4171 cme=2.1578 acc=0.9851 cells=158379
[ct_train] rechunked train graphs (seed=186)

=== Epoch 186/1000 ===
[train] loss=4.7460 cls=0.4175 cme=2.1643 acc=0.9855 cells=158379
[val]   loss=4.8489 eval=2.6330 cls=0.4171 cme=2.2159 acc=0.9755 cells=118036
[ct_train] early_stopping: no improve on val/eval_loss for 4/30 val checks
[ct_train] rechunked train graphs (seed=187)

=== Epoch 187/1000 ===
[train] loss=4.7358 cls=0.4168 cme=2.1595 acc=0.9853 cells=158379
[ct_train] rechunked train graphs (seed=188)

=== Epoch 188/1000 ===
[train] loss=4.7559 cls=0.4184 cme=2.1687 acc=0.9846 cells=158379
[val]   loss=4.8628 eval=2.6420 cls=0.4212 cme=2.2208 acc=0.9743 cells=118036
[ct_train] early_stopping: no improve on val/eval_loss for 5/30 val checks
[ct_train] rechunked train graphs (seed=189)

=== Epoch 189/1000 ===
[train] loss=4.7314 cls=0.4155 cme=2.1579 acc=0.9851 cells=158379
[ct_train] rechunked train graphs (seed=190)

=== Epoch 190/1000 ===
[train] loss=4.7345 cls=0.4159 cme=2.1593 acc=0.9853 cells=158379
[val]   loss=4.8470 eval=2.6318 cls=0.4165 cme=2.2152 acc=0.9759 cells=118036
[ct_train] early_stopping: no improve on val/eval_loss for 6/30 val checks
[ct_train] rechunked train graphs (seed=191)

=== Epoch 191/1000 ===
[train] loss=4.7320 cls=0.4148 cme=2.1586 acc=0.9859 cells=158379
[ct_train] rechunked train graphs (seed=192)

=== Epoch 192/1000 ===
[train] loss=4.7407 cls=0.4164 cme=2.1621 acc=0.9858 cells=158379
[val]   loss=4.8524 eval=2.6348 cls=0.4172 cme=2.2176 acc=0.9758 cells=118036
[ct_train] early_stopping: no improve on val/eval_loss for 7/30 val checks
[ct_train] rechunked train graphs (seed=193)

=== Epoch 193/1000 ===
[train] loss=4.7358 cls=0.4171 cme=2.1594 acc=0.9850 cells=158379
[ct_train] rechunked train graphs (seed=194)

=== Epoch 194/1000 ===
[train] loss=4.7385 cls=0.4151 cme=2.1617 acc=0.9858 cells=158379
[val]   loss=4.8454 eval=2.6313 cls=0.4171 cme=2.2141 acc=0.9756 cells=118036
[ct_train] early_stopping: no improve on val/eval_loss for 8/30 val checks
[ct_train] rechunked train graphs (seed=195)

=== Epoch 195/1000 ===
[train] loss=4.7350 cls=0.4153 cme=2.1599 acc=0.9855 cells=158379
[ct_train] rechunked train graphs (seed=196)

=== Epoch 196/1000 ===
[train] loss=4.7372 cls=0.4152 cme=2.1610 acc=0.9856 cells=158379
[val]   loss=4.8504 eval=2.6338 cls=0.4172 cme=2.2166 acc=0.9758 cells=118036
[ct_train] early_stopping: no improve on val/eval_loss for 9/30 val checks
[ct_train] rechunked train graphs (seed=197)

=== Epoch 197/1000 ===
[train] loss=4.7404 cls=0.4157 cme=2.1623 acc=0.9852 cells=158379
[ct_train] rechunked train graphs (seed=198)

=== Epoch 198/1000 ===
[train] loss=4.7185 cls=0.4145 cme=2.1520 acc=0.9859 cells=158379
[val]   loss=4.8476 eval=2.6330 cls=0.4184 cme=2.2146 acc=0.9752 cells=118036
[ct_train] early_stopping: no improve on val/eval_loss for 10/30 val checks
[ct_train] rechunked train graphs (seed=199)

=== Epoch 199/1000 ===
[train] loss=4.7261 cls=0.4142 cme=2.1559 acc=0.9860 cells=158379
[ct_train] rechunked train graphs (seed=200)

=== Epoch 200/1000 ===
[train] loss=4.7164 cls=0.4150 cme=2.1507 acc=0.9860 cells=158379
[val]   loss=4.8559 eval=2.6384 cls=0.4209 cme=2.2175 acc=0.9745 cells=118036
[ct_train] early_stopping: no improve on val/eval_loss for 11/30 val checks
[ct_train] rechunked train graphs (seed=201)

=== Epoch 201/1000 ===
[train] loss=4.7416 cls=0.4169 cme=2.1624 acc=0.9849 cells=158379
[ct_train] rechunked train graphs (seed=202)

=== Epoch 202/1000 ===
[train] loss=4.7285 cls=0.4145 cme=2.1570 acc=0.9862 cells=158379
[val]   loss=4.8472 eval=2.6319 cls=0.4166 cme=2.2153 acc=0.9757 cells=118036
[ct_train] early_stopping: no improve on val/eval_loss for 12/30 val checks
[ct_train] rechunked train graphs (seed=203)

=== Epoch 203/1000 ===
[train] loss=4.7352 cls=0.4132 cme=2.1610 acc=0.9867 cells=158379
[ct_train] rechunked train graphs (seed=204)

=== Epoch 204/1000 ===
[train] loss=4.7379 cls=0.4133 cme=2.1623 acc=0.9861 cells=158379
[val]   loss=4.8496 eval=2.6338 cls=0.4180 cme=2.2158 acc=0.9756 cells=118036
[ct_train] early_stopping: no improve on val/eval_loss for 13/30 val checks
[ct_train] rechunked train graphs (seed=205)

=== Epoch 205/1000 ===
[train] loss=4.7301 cls=0.4145 cme=2.1578 acc=0.9859 cells=158379
[ct_train] rechunked train graphs (seed=206)

=== Epoch 206/1000 ===
[train] loss=4.7317 cls=0.4131 cme=2.1593 acc=0.9867 cells=158379
[val]   loss=4.8463 eval=2.6320 cls=0.4177 cme=2.2143 acc=0.9751 cells=118036
[ct_train] early_stopping: no improve on val/eval_loss for 14/30 val checks
[ct_train] rechunked train graphs (seed=207)

=== Epoch 207/1000 ===
[train] loss=4.7368 cls=0.4137 cme=2.1615 acc=0.9866 cells=158379
[ct_train] rechunked train graphs (seed=208)

=== Epoch 208/1000 ===
[train] loss=4.7326 cls=0.4137 cme=2.1594 acc=0.9863 cells=158379
[val]   loss=4.8433 eval=2.6298 cls=0.4164 cme=2.2135 acc=0.9758 cells=118036
[ct_train] saved best checkpoint (val_eval_loss=2.6298 val_acc=0.9762)
[ct_train] rechunked train graphs (seed=209)

=== Epoch 209/1000 ===
[train] loss=4.7332 cls=0.4144 cme=2.1594 acc=0.9863 cells=158379
[ct_train] rechunked train graphs (seed=210)

=== Epoch 210/1000 ===
[train] loss=4.7265 cls=0.4128 cme=2.1569 acc=0.9867 cells=158379
[val]   loss=4.8457 eval=2.6325 cls=0.4194 cme=2.2131 acc=0.9753 cells=118036
[ct_train] early_stopping: no improve on val/eval_loss for 1/30 val checks
[ct_train] rechunked train graphs (seed=211)

=== Epoch 211/1000 ===
[train] loss=4.7229 cls=0.4124 cme=2.1553 acc=0.9868 cells=158379
[ct_train] rechunked train graphs (seed=212)

=== Epoch 212/1000 ===
[train] loss=4.7403 cls=0.4118 cme=2.1642 acc=0.9870 cells=158379
[val]   loss=4.8501 eval=2.6338 cls=0.4174 cme=2.2164 acc=0.9759 cells=118036
[ct_train] early_stopping: no improve on val/eval_loss for 2/30 val checks
[ct_train] rechunked train graphs (seed=213)

=== Epoch 213/1000 ===
[train] loss=4.7242 cls=0.4115 cme=2.1564 acc=0.9866 cells=158379
[ct_train] rechunked train graphs (seed=214)

=== Epoch 214/1000 ===
[train] loss=4.7302 cls=0.4123 cme=2.1590 acc=0.9867 cells=158379
[val]   loss=4.8481 eval=2.6327 cls=0.4172 cme=2.2154 acc=0.9757 cells=118036
[ct_train] early_stopping: no improve on val/eval_loss for 3/30 val checks
[ct_train] rechunked train graphs (seed=215)

=== Epoch 215/1000 ===
[train] loss=4.7086 cls=0.4122 cme=2.1482 acc=0.9866 cells=158379
[ct_train] rechunked train graphs (seed=216)

=== Epoch 216/1000 ===
[train] loss=4.7254 cls=0.4114 cme=2.1570 acc=0.9868 cells=158379
[val]   loss=4.8509 eval=2.6343 cls=0.4176 cme=2.2167 acc=0.9755 cells=118036
[ct_train] early_stopping: no improve on val/eval_loss for 4/30 val checks
[ct_train] rechunked train graphs (seed=217)

=== Epoch 217/1000 ===
[train] loss=4.7185 cls=0.4107 cme=2.1539 acc=0.9868 cells=158379
[ct_train] rechunked train graphs (seed=218)

=== Epoch 218/1000 ===
[train] loss=4.7087 cls=0.4110 cme=2.1489 acc=0.9867 cells=158379
[val]   loss=4.8497 eval=2.6339 cls=0.4182 cme=2.2157 acc=0.9755 cells=118036
[ct_train] early_stopping: no improve on val/eval_loss for 5/30 val checks
[ct_train] rechunked train graphs (seed=219)

=== Epoch 219/1000 ===
[train] loss=4.7290 cls=0.4103 cme=2.1594 acc=0.9871 cells=158379
[ct_train] rechunked train graphs (seed=220)

=== Epoch 220/1000 ===
[train] loss=4.7289 cls=0.4098 cme=2.1596 acc=0.9875 cells=158379
[val]   loss=4.8503 eval=2.6349 cls=0.4194 cme=2.2154 acc=0.9754 cells=118036
[ct_train] early_stopping: no improve on val/eval_loss for 6/30 val checks
[ct_train] rechunked train graphs (seed=221)

=== Epoch 221/1000 ===
[train] loss=4.7264 cls=0.4104 cme=2.1580 acc=0.9874 cells=158379
[ct_train] rechunked train graphs (seed=222)

=== Epoch 222/1000 ===
[train] loss=4.7078 cls=0.4095 cme=2.1491 acc=0.9872 cells=158379
[val]   loss=4.8493 eval=2.6340 cls=0.4187 cme=2.2153 acc=0.9757 cells=118036
[ct_train] early_stopping: no improve on val/eval_loss for 7/30 val checks
[ct_train] rechunked train graphs (seed=223)

=== Epoch 223/1000 ===
[train] loss=4.7298 cls=0.4096 cme=2.1601 acc=0.9873 cells=158379
[ct_train] rechunked train graphs (seed=224)

=== Epoch 224/1000 ===
[train] loss=4.7126 cls=0.4090 cme=2.1518 acc=0.9873 cells=158379
[val]   loss=4.8531 eval=2.6349 cls=0.4168 cme=2.2181 acc=0.9757 cells=118036
[ct_train] early_stopping: no improve on val/eval_loss for 8/30 val checks
[ct_train] rechunked train graphs (seed=225)

=== Epoch 225/1000 ===
[train] loss=4.7247 cls=0.4088 cme=2.1579 acc=0.9880 cells=158379
[ct_train] rechunked train graphs (seed=226)

=== Epoch 226/1000 ===
[train] loss=4.7156 cls=0.4082 cme=2.1537 acc=0.9878 cells=158379
[val]   loss=4.8475 eval=2.6332 cls=0.4189 cme=2.2143 acc=0.9756 cells=118036
[ct_train] early_stopping: no improve on val/eval_loss for 9/30 val checks
[ct_train] rechunked train graphs (seed=227)

=== Epoch 227/1000 ===
[train] loss=4.7234 cls=0.4078 cme=2.1578 acc=0.9876 cells=158379
[ct_train] rechunked train graphs (seed=228)

=== Epoch 228/1000 ===
[train] loss=4.7266 cls=0.4089 cme=2.1588 acc=0.9875 cells=158379
[val]   loss=4.8503 eval=2.6349 cls=0.4195 cme=2.2154 acc=0.9748 cells=118036
[ct_train] early_stopping: no improve on val/eval_loss for 10/30 val checks
[ct_train] rechunked train graphs (seed=229)

=== Epoch 229/1000 ===
[train] loss=4.7098 cls=0.4084 cme=2.1507 acc=0.9875 cells=158379
[ct_train] rechunked train graphs (seed=230)

=== Epoch 230/1000 ===
[train] loss=4.7204 cls=0.4086 cme=2.1559 acc=0.9876 cells=158379
[val]   loss=4.8546 eval=2.6369 cls=0.4192 cme=2.2177 acc=0.9748 cells=118036
[ct_train] early_stopping: no improve on val/eval_loss for 11/30 val checks
[ct_train] rechunked train graphs (seed=231)

=== Epoch 231/1000 ===
[train] loss=4.7128 cls=0.4077 cme=2.1525 acc=0.9880 cells=158379
[ct_train] rechunked train graphs (seed=232)

=== Epoch 232/1000 ===
[train] loss=4.7067 cls=0.4066 cme=2.1500 acc=0.9879 cells=158379
[val]   loss=4.8533 eval=2.6359 cls=0.4185 cme=2.2174 acc=0.9753 cells=118036
[ct_train] early_stopping: no improve on val/eval_loss for 12/30 val checks
[ct_train] rechunked train graphs (seed=233)

=== Epoch 233/1000 ===
[train] loss=4.7182 cls=0.4067 cme=2.1558 acc=0.9881 cells=158379
[ct_train] rechunked train graphs (seed=234)

=== Epoch 234/1000 ===
[train] loss=4.7060 cls=0.4066 cme=2.1497 acc=0.9884 cells=158379
[val]   loss=4.8526 eval=2.6368 cls=0.4210 cme=2.2158 acc=0.9749 cells=118036
[ct_train] early_stopping: no improve on val/eval_loss for 13/30 val checks
[ct_train] rechunked train graphs (seed=235)

=== Epoch 235/1000 ===
[train] loss=4.7081 cls=0.4065 cme=2.1508 acc=0.9881 cells=158379
[ct_train] rechunked train graphs (seed=236)

=== Epoch 236/1000 ===
[train] loss=4.7078 cls=0.4059 cme=2.1510 acc=0.9885 cells=158379
[val]   loss=4.8575 eval=2.6389 cls=0.4204 cme=2.2186 acc=0.9752 cells=118036
[ct_train] early_stopping: no improve on val/eval_loss for 14/30 val checks
[ct_train] rechunked train graphs (seed=237)

=== Epoch 237/1000 ===
[train] loss=4.7086 cls=0.4072 cme=2.1507 acc=0.9880 cells=158379
[ct_train] rechunked train graphs (seed=238)

=== Epoch 238/1000 ===
[train] loss=4.7038 cls=0.4059 cme=2.1490 acc=0.9887 cells=158379
[val]   loss=4.8491 eval=2.6345 cls=0.4199 cme=2.2146 acc=0.9754 cells=118036
[ct_train] early_stopping: no improve on val/eval_loss for 15/30 val checks
[ct_train] rechunked train graphs (seed=239)

=== Epoch 239/1000 ===
[train] loss=4.7071 cls=0.4058 cme=2.1507 acc=0.9883 cells=158379
[ct_train] rechunked train graphs (seed=240)

=== Epoch 240/1000 ===
[train] loss=4.6973 cls=0.4061 cme=2.1456 acc=0.9882 cells=158379
[val]   loss=4.8528 eval=2.6367 cls=0.4206 cme=2.2161 acc=0.9752 cells=118036
[ct_train] early_stopping: no improve on val/eval_loss for 16/30 val checks
[ct_train] rechunked train graphs (seed=241)

=== Epoch 241/1000 ===
[train] loss=4.7088 cls=0.4065 cme=2.1512 acc=0.9882 cells=158379
[ct_train] rechunked train graphs (seed=242)

=== Epoch 242/1000 ===
[train] loss=4.7042 cls=0.4051 cme=2.1496 acc=0.9882 cells=158379
[val]   loss=4.8531 eval=2.6359 cls=0.4187 cme=2.2172 acc=0.9758 cells=118036
[ct_train] early_stopping: no improve on val/eval_loss for 17/30 val checks
[ct_train] rechunked train graphs (seed=243)

=== Epoch 243/1000 ===
[train] loss=4.7208 cls=0.4061 cme=2.1573 acc=0.9881 cells=158379
[ct_train] rechunked train graphs (seed=244)

=== Epoch 244/1000 ===
[train] loss=4.7035 cls=0.4050 cme=2.1492 acc=0.9884 cells=158379
[val]   loss=4.8566 eval=2.6383 cls=0.4200 cme=2.2183 acc=0.9753 cells=118036
[ct_train] early_stopping: no improve on val/eval_loss for 18/30 val checks
[ct_train] rechunked train graphs (seed=245)

=== Epoch 245/1000 ===
[train] loss=4.7181 cls=0.4047 cme=2.1567 acc=0.9884 cells=158379
[ct_train] rechunked train graphs (seed=246)

=== Epoch 246/1000 ===
[train] loss=4.7127 cls=0.4060 cme=2.1533 acc=0.9885 cells=158379
[val]   loss=4.8581 eval=2.6396 cls=0.4211 cme=2.2185 acc=0.9749 cells=118036
[ct_train] early_stopping: no improve on val/eval_loss for 19/30 val checks
[ct_train] rechunked train graphs (seed=247)

=== Epoch 247/1000 ===
[train] loss=4.6974 cls=0.4045 cme=2.1465 acc=0.9888 cells=158379
[ct_train] rechunked train graphs (seed=248)

=== Epoch 248/1000 ===
[train] loss=4.6954 cls=0.4051 cme=2.1452 acc=0.9889 cells=158379
[val]   loss=4.8590 eval=2.6386 cls=0.4181 cme=2.2204 acc=0.9754 cells=118036
[ct_train] early_stopping: no improve on val/eval_loss for 20/30 val checks
[ct_train] rechunked train graphs (seed=249)

=== Epoch 249/1000 ===
[train] loss=4.7195 cls=0.4054 cme=2.1571 acc=0.9885 cells=158379
[ct_train] rechunked train graphs (seed=250)

=== Epoch 250/1000 ===
[train] loss=4.6928 cls=0.4031 cme=2.1449 acc=0.9891 cells=158379
[val]   loss=4.8597 eval=2.6399 cls=0.4201 cme=2.2198 acc=0.9752 cells=118036
[ct_train] early_stopping: no improve on val/eval_loss for 21/30 val checks
[ct_train] rechunked train graphs (seed=251)

=== Epoch 251/1000 ===
[train] loss=4.6959 cls=0.4042 cme=2.1458 acc=0.9888 cells=158379
[ct_train] rechunked train graphs (seed=252)

=== Epoch 252/1000 ===
[train] loss=4.7045 cls=0.4044 cme=2.1501 acc=0.9891 cells=158379
[val]   loss=4.8489 eval=2.6337 cls=0.4186 cme=2.2151 acc=0.9757 cells=118036
[ct_train] early_stopping: no improve on val/eval_loss for 22/30 val checks
[ct_train] rechunked train graphs (seed=253)

=== Epoch 253/1000 ===
[train] loss=4.6961 cls=0.4029 cme=2.1466 acc=0.9895 cells=158379
[ct_train] rechunked train graphs (seed=254)

=== Epoch 254/1000 ===
[train] loss=4.6902 cls=0.4039 cme=2.1432 acc=0.9892 cells=158379
[val]   loss=4.8529 eval=2.6361 cls=0.4193 cme=2.2168 acc=0.9753 cells=118036
[ct_train] early_stopping: no improve on val/eval_loss for 23/30 val checks
[ct_train] rechunked train graphs (seed=255)

=== Epoch 255/1000 ===
[train] loss=4.7033 cls=0.4029 cme=2.1502 acc=0.9896 cells=158379
[ct_train] rechunked train graphs (seed=256)

=== Epoch 256/1000 ===
[train] loss=4.7097 cls=0.4045 cme=2.1526 acc=0.9893 cells=158379
[val]   loss=4.8546 eval=2.6381 cls=0.4216 cme=2.2165 acc=0.9751 cells=118036
[ct_train] early_stopping: no improve on val/eval_loss for 24/30 val checks
[ct_train] rechunked train graphs (seed=257)

=== Epoch 257/1000 ===
[train] loss=4.6854 cls=0.4025 cme=2.1414 acc=0.9893 cells=158379
[ct_train] rechunked train graphs (seed=258)

=== Epoch 258/1000 ===
[train] loss=4.6928 cls=0.4024 cme=2.1452 acc=0.9893 cells=158379
[val]   loss=4.8576 eval=2.6388 cls=0.4199 cme=2.2188 acc=0.9752 cells=118036
[ct_train] early_stopping: no improve on val/eval_loss for 25/30 val checks
[ct_train] rechunked train graphs (seed=259)

=== Epoch 259/1000 ===
[train] loss=4.6830 cls=0.4015 cme=2.1407 acc=0.9896 cells=158379
[ct_train] rechunked train graphs (seed=260)

=== Epoch 260/1000 ===
[train] loss=4.6896 cls=0.4016 cme=2.1440 acc=0.9893 cells=158379
[val]   loss=4.8638 eval=2.6425 cls=0.4212 cme=2.2213 acc=0.9751 cells=118036
[ct_train] early_stopping: no improve on val/eval_loss for 26/30 val checks
[ct_train] rechunked train graphs (seed=261)

=== Epoch 261/1000 ===
[train] loss=4.6955 cls=0.4016 cme=2.1470 acc=0.9898 cells=158379
[ct_train] rechunked train graphs (seed=262)

=== Epoch 262/1000 ===
[train] loss=4.6868 cls=0.4012 cme=2.1428 acc=0.9896 cells=158379
[val]   loss=4.8530 eval=2.6360 cls=0.4190 cme=2.2170 acc=0.9755 cells=118036
[ct_train] early_stopping: no improve on val/eval_loss for 27/30 val checks
[ct_train] rechunked train graphs (seed=263)

=== Epoch 263/1000 ===
[train] loss=4.6974 cls=0.4013 cme=2.1480 acc=0.9896 cells=158379
[ct_train] rechunked train graphs (seed=264)

=== Epoch 264/1000 ===
[train] loss=4.6798 cls=0.4015 cme=2.1391 acc=0.9894 cells=158379
[val]   loss=4.8701 eval=2.6464 cls=0.4226 cme=2.2237 acc=0.9750 cells=118036
[ct_train] early_stopping: no improve on val/eval_loss for 28/30 val checks
[ct_train] rechunked train graphs (seed=265)

=== Epoch 265/1000 ===
[train] loss=4.6944 cls=0.4023 cme=2.1461 acc=0.9892 cells=158379
[ct_train] rechunked train graphs (seed=266)

=== Epoch 266/1000 ===
[train] loss=4.6988 cls=0.4024 cme=2.1482 acc=0.9893 cells=158379
[val]   loss=4.8570 eval=2.6393 cls=0.4217 cme=2.2176 acc=0.9750 cells=118036
[ct_train] early_stopping: no improve on val/eval_loss for 29/30 val checks
[ct_train] rechunked train graphs (seed=267)

=== Epoch 267/1000 ===
[train] loss=4.6865 cls=0.4008 cme=2.1429 acc=0.9896 cells=158379
[ct_train] rechunked train graphs (seed=268)

=== Epoch 268/1000 ===
[train] loss=4.6714 cls=0.4023 cme=2.1345 acc=0.9900 cells=158379
[val]   loss=4.8598 eval=2.6412 cls=0.4225 cme=2.2187 acc=0.9748 cells=118036
[ct_train] early_stopping: no improve on val/eval_loss for 30/30 val checks
[ct_train] early stopping at epoch 268 (patience=30, monitor=val/eval_loss)

[ct_train] done. best_val_acc=0.9762  best_val_eval_loss=2.6298  checkpoints=/home/abel/code/Tissue-Reassembly-using-GenAI-and-new-metrics/exploration/cell_types/outputs/exp028_graph4096  logs=/home/abel/code/Tissue-Reassembly-using-GenAI-and-new-metrics/exploration/cell_types/logs/exp028_graph4096/20260807_210637
wandb: updating run metadata
wandb: uploading output.log; uploading wandb-summary.json; uploading config.yaml
wandb: uploading output.log; uploading wandb-summary.json
wandb: uploading history steps 255-268, summary, console lines 1292-1357
wandb: 
wandb: Run summary:
wandb:                      best_epoch 208
wandb:                    best_val_acc 0.97616
wandb:              best_val_eval_loss 2.62981
wandb:                           epoch 268
wandb:                              lr 0.0002
wandb:           model/parameter_count 1149980
wandb: model/trainable_parameter_count 1149980
wandb:                       train/acc 0.99003
wandb:       train/acc_per_class/Astro 0.99261
wandb:        train/acc_per_class/Endo 0.98866
wandb:                             +54 ...
wandb: 
wandb:  View run exp028_graph4096 at: https://wandb.ai/abel-salmona-polytechnique-montr-al/cell_types/runs/qimj5gbf
wandb:  View project at: https://wandb.ai/abel-salmona-polytechnique-montr-al/cell_types
wandb: Synced 5 W&B file(s), 1 media file(s), 2 artifact file(s) and 1 other file(s)
wandb: Find logs at: ./exploration/cell_types/logs/exp028_graph4096/20260807_210637/wandb/run-20260807_210644-qimj5gbf/logs
