[ct_train] config=exploration/cell_types/experiments/configs/exp032_graph8192.json
[ct_train] device=cuda  checkpoints=/home/abel/code/Tissue-Reassembly-using-GenAI-and-new-metrics/exploration/cell_types/outputs/exp032_graph8192
[ct_train] logs=/home/abel/code/Tissue-Reassembly-using-GenAI-and-new-metrics/exploration/cell_types/logs/exp032_graph8192/20260807_211638
[ct_train] Loading data …
[DataModule] Reading '/home/abel/biodata/MERFISH_LUNA_small_cortex/MERFISH_mouse_cortex_train.csv' (split=train) with float32 dtype on 254 gene cols + coord cols …
[DataModule] Loaded 158,379 rows for split=train.
[DataModule] Reading '/home/abel/biodata/MERFISH_LUNA_small_cortex/MERFISH_mouse_cortex_test.csv' (split=test) with float32 dtype on 254 gene cols + coord cols …
[DataModule] Loaded 118,036 rows for split=test.
[DataModule] Reading '/home/abel/biodata/MERFISH_LUNA_small_cortex/MERFISH_mouse_cortex_test.csv' (split=validation) with float32 dtype on 254 gene cols + coord cols …
[DataModule] Loaded 118,036 rows for split=validation.
[ct_train] genes=254  classes=23
[ct_train] model predict_cme=True  params=1,149,980
[ct_train] soft CME loaded split=train sigma=96.0 n=158379 C=23
[ct_train] soft CME loaded split=validation sigma=96.0 n=118036 C=23
wandb: [wandb.login()] Loaded credentials for https://api.wandb.ai from /home/abel/.netrc.
wandb: Currently logged in as: abel-salmona (abel-salmona-polytechnique-montr-al) to https://api.wandb.ai. Use `wandb login --relogin` to force relogin
wandb: WARNING Using a boolean value for 'reinit' is deprecated. Use 'return_previous' or 'finish_previous' instead.
wandb: setting up run de2v1vjq
wandb: Tracking run with wandb version 0.26.1
wandb: Run data is saved locally in /home/abel/code/Tissue-Reassembly-using-GenAI-and-new-metrics/exploration/cell_types/logs/exp032_graph8192/20260807_211638/wandb/run-20260807_211645-de2v1vjq
wandb: Run `wandb offline` to turn off syncing.
wandb: Syncing run exp032_graph8192
wandb:  View project at https://wandb.ai/abel-salmona-polytechnique-montr-al/cell_types
wandb:  View run at https://wandb.ai/abel-salmona-polytechnique-montr-al/cell_types/runs/de2v1vjq
wandb: WARNING Saving files without folders. If you want to preserve subdirectories pass base_path to wandb.save, i.e. wandb.save("/mnt/folder/file.h5", base_path="/mnt")
wandb: WARNING Symlinked 1 file into the W&B run directory; call wandb.save again to sync new files.
[ct_train] wandb: project=cell_types name=exp032_graph8192 mode=online url=https://wandb.ai/abel-salmona-polytechnique-montr-al/cell_types/runs/de2v1vjq
[ct_train] parameters: total=1,149,980 trainable=1,149,980
  [params] mlp_in_node_features: 26,720
  [params] transformer_layers: 633,600
  [params] type_stage1: 19,072
  [params] env_stage1: 93,056
  [params] type_probe: 1,495
  [params] env_probe: 7,383
  [params] fusion_mlp: 247,648
  [params] type_stage2: 20,567
  [params] env_stage2: 100,439
[ct_train] rechunked train graphs (seed=1)

=== Epoch 1/1000 ===
[train] loss=8.2984 cls=2.7346 cme=2.7819 acc=0.2210 cells=158379
[ct_train] rechunked train graphs (seed=2)

=== Epoch 2/1000 ===
[train] loss=7.0833 cls=1.9823 cme=2.5505 acc=0.5429 cells=158379
[val]   loss=6.4170 eval=3.9487 cls=1.4805 cme=2.4682 acc=0.7210 cells=118036
[ct_train] saved best checkpoint (val_eval_loss=3.9487 val_acc=0.7210)
[ct_train] rechunked train graphs (seed=3)

=== Epoch 3/1000 ===
[train] loss=6.3086 cls=1.4278 cme=2.4404 acc=0.7189 cells=158379
[ct_train] rechunked train graphs (seed=4)

=== Epoch 4/1000 ===
[train] loss=5.8337 cls=1.0638 cme=2.3850 acc=0.8087 cells=158379
[val]   loss=5.5135 eval=3.1443 cls=0.7752 cme=2.3691 acc=0.8667 cells=118036
[ct_train] saved best checkpoint (val_eval_loss=3.1443 val_acc=0.8667)
[ct_train] rechunked train graphs (seed=5)

=== Epoch 5/1000 ===
[train] loss=5.5886 cls=0.8673 cme=2.3606 acc=0.8584 cells=158379
[ct_train] rechunked train graphs (seed=6)

=== Epoch 6/1000 ===
[train] loss=5.4444 cls=0.7532 cme=2.3456 acc=0.9003 cells=158379
[val]   loss=5.2379 eval=2.9049 cls=0.5718 cme=2.3330 acc=0.9370 cells=118036
[ct_train] saved best checkpoint (val_eval_loss=2.9049 val_acc=0.9370)
[ct_train] rechunked train graphs (seed=7)

=== Epoch 7/1000 ===
[train] loss=5.3393 cls=0.6808 cme=2.3293 acc=0.9206 cells=158379
[ct_train] rechunked train graphs (seed=8)

=== Epoch 8/1000 ===
[train] loss=5.2709 cls=0.6404 cme=2.3152 acc=0.9308 cells=158379
[val]   loss=5.1205 eval=2.8189 cls=0.5173 cme=2.3016 acc=0.9495 cells=118036
[ct_train] saved best checkpoint (val_eval_loss=2.8189 val_acc=0.9495)
[ct_train] rechunked train graphs (seed=9)

=== Epoch 9/1000 ===
[train] loss=5.2129 cls=0.6126 cme=2.3001 acc=0.9374 cells=158379
[ct_train] rechunked train graphs (seed=10)

=== Epoch 10/1000 ===
[train] loss=5.1892 cls=0.5938 cme=2.2977 acc=0.9416 cells=158379
[val]   loss=5.0707 eval=2.7823 cls=0.4940 cme=2.2884 acc=0.9551 cells=118036
[ct_train] saved best checkpoint (val_eval_loss=2.7823 val_acc=0.9551)
[ct_train] rechunked train graphs (seed=11)

=== Epoch 11/1000 ===
[train] loss=5.1595 cls=0.5797 cme=2.2899 acc=0.9455 cells=158379
[ct_train] rechunked train graphs (seed=12)

=== Epoch 12/1000 ===
[train] loss=5.1294 cls=0.5684 cme=2.2805 acc=0.9476 cells=158379
[val]   loss=5.0344 eval=2.7592 cls=0.4839 cme=2.2753 acc=0.9576 cells=118036
[ct_train] saved best checkpoint (val_eval_loss=2.7592 val_acc=0.9576)
[ct_train] rechunked train graphs (seed=13)

=== Epoch 13/1000 ===
[train] loss=5.1199 cls=0.5588 cme=2.2805 acc=0.9504 cells=158379
[ct_train] rechunked train graphs (seed=14)

=== Epoch 14/1000 ===
[train] loss=5.1040 cls=0.5530 cme=2.2755 acc=0.9517 cells=158379
[val]   loss=5.0153 eval=2.7468 cls=0.4783 cme=2.2685 acc=0.9590 cells=118036
[ct_train] saved best checkpoint (val_eval_loss=2.7468 val_acc=0.9590)
[ct_train] rechunked train graphs (seed=15)

=== Epoch 15/1000 ===
[train] loss=5.0858 cls=0.5470 cme=2.2694 acc=0.9530 cells=158379
[ct_train] rechunked train graphs (seed=16)

=== Epoch 16/1000 ===
[train] loss=5.0619 cls=0.5403 cme=2.2608 acc=0.9549 cells=158379
[val]   loss=4.9952 eval=2.7321 cls=0.4690 cme=2.2631 acc=0.9614 cells=118036
[ct_train] saved best checkpoint (val_eval_loss=2.7321 val_acc=0.9614)
[ct_train] rechunked train graphs (seed=17)

=== Epoch 17/1000 ===
[train] loss=5.0589 cls=0.5332 cme=2.2628 acc=0.9560 cells=158379
[ct_train] rechunked train graphs (seed=18)

=== Epoch 18/1000 ===
[train] loss=5.0518 cls=0.5321 cme=2.2599 acc=0.9573 cells=158379
[val]   loss=4.9763 eval=2.7198 cls=0.4633 cme=2.2565 acc=0.9635 cells=118036
[ct_train] saved best checkpoint (val_eval_loss=2.7198 val_acc=0.9635)
[ct_train] rechunked train graphs (seed=19)

=== Epoch 19/1000 ===
[train] loss=5.0339 cls=0.5274 cme=2.2533 acc=0.9577 cells=158379
[ct_train] rechunked train graphs (seed=20)

=== Epoch 20/1000 ===
[train] loss=5.0343 cls=0.5220 cme=2.2562 acc=0.9595 cells=158379
[val]   loss=4.9749 eval=2.7178 cls=0.4607 cme=2.2571 acc=0.9645 cells=118036
[ct_train] saved best checkpoint (val_eval_loss=2.7178 val_acc=0.9645)
[ct_train] rechunked train graphs (seed=21)

=== Epoch 21/1000 ===
[train] loss=5.0282 cls=0.5203 cme=2.2540 acc=0.9598 cells=158379
[ct_train] rechunked train graphs (seed=22)

=== Epoch 22/1000 ===
[train] loss=5.0212 cls=0.5165 cme=2.2523 acc=0.9608 cells=158379
[val]   loss=4.9516 eval=2.7040 cls=0.4564 cme=2.2476 acc=0.9655 cells=118036
[ct_train] saved best checkpoint (val_eval_loss=2.7040 val_acc=0.9655)
[ct_train] rechunked train graphs (seed=23)

=== Epoch 23/1000 ===
[train] loss=5.0087 cls=0.5114 cme=2.2487 acc=0.9613 cells=158379
[ct_train] rechunked train graphs (seed=24)

=== Epoch 24/1000 ===
[train] loss=4.9957 cls=0.5099 cme=2.2429 acc=0.9620 cells=158379
[val]   loss=4.9415 eval=2.6970 cls=0.4526 cme=2.2445 acc=0.9659 cells=118036
[ct_train] saved best checkpoint (val_eval_loss=2.6970 val_acc=0.9659)
[ct_train] rechunked train graphs (seed=25)

=== Epoch 25/1000 ===
[train] loss=4.9847 cls=0.5066 cme=2.2391 acc=0.9628 cells=158379
[ct_train] rechunked train graphs (seed=26)

=== Epoch 26/1000 ===
[train] loss=4.9797 cls=0.5044 cme=2.2376 acc=0.9634 cells=158379
[val]   loss=4.9389 eval=2.6938 cls=0.4487 cme=2.2451 acc=0.9668 cells=118036
[ct_train] saved best checkpoint (val_eval_loss=2.6938 val_acc=0.9668)
[ct_train] rechunked train graphs (seed=27)

=== Epoch 27/1000 ===
[train] loss=4.9818 cls=0.5024 cme=2.2397 acc=0.9638 cells=158379
[ct_train] rechunked train graphs (seed=28)

=== Epoch 28/1000 ===
[train] loss=4.9798 cls=0.4995 cme=2.2401 acc=0.9645 cells=158379
[val]   loss=4.9347 eval=2.6914 cls=0.4481 cme=2.2433 acc=0.9674 cells=118036
[ct_train] saved best checkpoint (val_eval_loss=2.6914 val_acc=0.9674)
[ct_train] rechunked train graphs (seed=29)

=== Epoch 29/1000 ===
[train] loss=4.9661 cls=0.4970 cme=2.2346 acc=0.9649 cells=158379
[ct_train] rechunked train graphs (seed=30)

=== Epoch 30/1000 ===
[train] loss=4.9609 cls=0.4968 cme=2.2320 acc=0.9651 cells=158379
[val]   loss=4.9297 eval=2.6880 cls=0.4464 cme=2.2416 acc=0.9679 cells=118036
[ct_train] saved best checkpoint (val_eval_loss=2.6880 val_acc=0.9679)
[ct_train] rechunked train graphs (seed=31)

=== Epoch 31/1000 ===
[train] loss=4.9467 cls=0.4940 cme=2.2263 acc=0.9657 cells=158379
[ct_train] rechunked train graphs (seed=32)

=== Epoch 32/1000 ===
[train] loss=4.9495 cls=0.4929 cme=2.2283 acc=0.9661 cells=158379
[val]   loss=4.9200 eval=2.6820 cls=0.4441 cme=2.2379 acc=0.9682 cells=118036
[ct_train] saved best checkpoint (val_eval_loss=2.6820 val_acc=0.9682)
[ct_train] rechunked train graphs (seed=33)

=== Epoch 33/1000 ===
[train] loss=4.9543 cls=0.4897 cme=2.2323 acc=0.9668 cells=158379
[ct_train] rechunked train graphs (seed=34)

=== Epoch 34/1000 ===
[train] loss=4.9404 cls=0.4886 cme=2.2259 acc=0.9671 cells=158379
[val]   loss=4.9167 eval=2.6792 cls=0.4416 cme=2.2376 acc=0.9691 cells=118036
[ct_train] saved best checkpoint (val_eval_loss=2.6792 val_acc=0.9691)
[ct_train] rechunked train graphs (seed=35)

=== Epoch 35/1000 ===
[train] loss=4.9399 cls=0.4872 cme=2.2263 acc=0.9669 cells=158379
[ct_train] rechunked train graphs (seed=36)

=== Epoch 36/1000 ===
[train] loss=4.9279 cls=0.4850 cme=2.2214 acc=0.9677 cells=158379
[val]   loss=4.9115 eval=2.6771 cls=0.4428 cme=2.2344 acc=0.9686 cells=118036
[ct_train] saved best checkpoint (val_eval_loss=2.6771 val_acc=0.9691)
[ct_train] rechunked train graphs (seed=37)

=== Epoch 37/1000 ===
[train] loss=4.9400 cls=0.4856 cme=2.2272 acc=0.9675 cells=158379
[ct_train] rechunked train graphs (seed=38)

=== Epoch 38/1000 ===
[train] loss=4.9273 cls=0.4833 cme=2.2220 acc=0.9684 cells=158379
[val]   loss=4.9060 eval=2.6725 cls=0.4390 cme=2.2335 acc=0.9696 cells=118036
[ct_train] saved best checkpoint (val_eval_loss=2.6725 val_acc=0.9696)
[ct_train] rechunked train graphs (seed=39)

=== Epoch 39/1000 ===
[train] loss=4.9234 cls=0.4821 cme=2.2206 acc=0.9690 cells=158379
[ct_train] rechunked train graphs (seed=40)

=== Epoch 40/1000 ===
[train] loss=4.9350 cls=0.4813 cme=2.2268 acc=0.9688 cells=158379
[val]   loss=4.9011 eval=2.6695 cls=0.4378 cme=2.2316 acc=0.9701 cells=118036
[ct_train] saved best checkpoint (val_eval_loss=2.6695 val_acc=0.9701)
[ct_train] rechunked train graphs (seed=41)

=== Epoch 41/1000 ===
[train] loss=4.9195 cls=0.4781 cme=2.2207 acc=0.9696 cells=158379
[ct_train] rechunked train graphs (seed=42)

=== Epoch 42/1000 ===
[train] loss=4.9040 cls=0.4776 cme=2.2132 acc=0.9696 cells=158379
[val]   loss=4.8931 eval=2.6644 cls=0.4357 cme=2.2287 acc=0.9705 cells=118036
[ct_train] saved best checkpoint (val_eval_loss=2.6644 val_acc=0.9705)
[ct_train] rechunked train graphs (seed=43)

=== Epoch 43/1000 ===
[train] loss=4.9246 cls=0.4774 cme=2.2236 acc=0.9701 cells=158379
[ct_train] rechunked train graphs (seed=44)

=== Epoch 44/1000 ===
[train] loss=4.9086 cls=0.4741 cme=2.2172 acc=0.9710 cells=158379
[val]   loss=4.8913 eval=2.6638 cls=0.4362 cme=2.2275 acc=0.9707 cells=118036
[ct_train] saved best checkpoint (val_eval_loss=2.6638 val_acc=0.9707)
[ct_train] rechunked train graphs (seed=45)

=== Epoch 45/1000 ===
[train] loss=4.9125 cls=0.4744 cme=2.2190 acc=0.9708 cells=158379
[ct_train] rechunked train graphs (seed=46)

=== Epoch 46/1000 ===
[train] loss=4.9067 cls=0.4724 cme=2.2172 acc=0.9711 cells=158379
[val]   loss=4.8928 eval=2.6635 cls=0.4342 cme=2.2293 acc=0.9712 cells=118036
[ct_train] saved best checkpoint (val_eval_loss=2.6635 val_acc=0.9712)
[ct_train] rechunked train graphs (seed=47)

=== Epoch 47/1000 ===
[train] loss=4.9068 cls=0.4730 cme=2.2169 acc=0.9711 cells=158379
[ct_train] rechunked train graphs (seed=48)

=== Epoch 48/1000 ===
[train] loss=4.8911 cls=0.4709 cme=2.2101 acc=0.9714 cells=158379
[val]   loss=4.8834 eval=2.6586 cls=0.4337 cme=2.2249 acc=0.9711 cells=118036
[ct_train] saved best checkpoint (val_eval_loss=2.6586 val_acc=0.9712)
[ct_train] rechunked train graphs (seed=49)

=== Epoch 49/1000 ===
[train] loss=4.8896 cls=0.4695 cme=2.2100 acc=0.9717 cells=158379
[ct_train] rechunked train graphs (seed=50)

=== Epoch 50/1000 ===
[train] loss=4.8986 cls=0.4690 cme=2.2148 acc=0.9715 cells=158379
[val]   loss=4.8847 eval=2.6587 cls=0.4328 cme=2.2259 acc=0.9711 cells=118036
[ct_train] early_stopping: no improve on val/eval_loss for 1/30 val checks
[ct_train] rechunked train graphs (seed=51)

=== Epoch 51/1000 ===
[train] loss=4.8861 cls=0.4672 cme=2.2095 acc=0.9724 cells=158379
[ct_train] rechunked train graphs (seed=52)

=== Epoch 52/1000 ===
[train] loss=4.8884 cls=0.4676 cme=2.2104 acc=0.9726 cells=158379
[val]   loss=4.8843 eval=2.6588 cls=0.4332 cme=2.2255 acc=0.9712 cells=118036
[ct_train] early_stopping: no improve on val/eval_loss for 2/30 val checks
[ct_train] rechunked train graphs (seed=53)

=== Epoch 53/1000 ===
[train] loss=4.8892 cls=0.4676 cme=2.2108 acc=0.9722 cells=158379
[ct_train] rechunked train graphs (seed=54)

=== Epoch 54/1000 ===
[train] loss=4.8895 cls=0.4651 cme=2.2122 acc=0.9726 cells=158379
[val]   loss=4.8760 eval=2.6535 cls=0.4310 cme=2.2225 acc=0.9719 cells=118036
[ct_train] saved best checkpoint (val_eval_loss=2.6535 val_acc=0.9719)
[ct_train] rechunked train graphs (seed=55)

=== Epoch 55/1000 ===
[train] loss=4.8818 cls=0.4637 cme=2.2091 acc=0.9730 cells=158379
[ct_train] rechunked train graphs (seed=56)

=== Epoch 56/1000 ===
[train] loss=4.8690 cls=0.4630 cme=2.2030 acc=0.9732 cells=158379
[val]   loss=4.8759 eval=2.6530 cls=0.4300 cme=2.2230 acc=0.9723 cells=118036
[ct_train] saved best checkpoint (val_eval_loss=2.6530 val_acc=0.9723)
[ct_train] rechunked train graphs (seed=57)

=== Epoch 57/1000 ===
[train] loss=4.8700 cls=0.4626 cme=2.2037 acc=0.9732 cells=158379
[ct_train] rechunked train graphs (seed=58)

=== Epoch 58/1000 ===
[train] loss=4.8737 cls=0.4617 cme=2.2060 acc=0.9734 cells=158379
[val]   loss=4.8738 eval=2.6524 cls=0.4310 cme=2.2214 acc=0.9721 cells=118036
[ct_train] saved best checkpoint (val_eval_loss=2.6524 val_acc=0.9723)
[ct_train] rechunked train graphs (seed=59)

=== Epoch 59/1000 ===
[train] loss=4.8718 cls=0.4611 cme=2.2054 acc=0.9739 cells=158379
[ct_train] rechunked train graphs (seed=60)

=== Epoch 60/1000 ===
[train] loss=4.8801 cls=0.4619 cme=2.2091 acc=0.9735 cells=158379
[val]   loss=4.8821 eval=2.6558 cls=0.4295 cme=2.2263 acc=0.9727 cells=118036
[ct_train] early_stopping: no improve on val/eval_loss for 1/30 val checks
[ct_train] rechunked train graphs (seed=61)

=== Epoch 61/1000 ===
[train] loss=4.8651 cls=0.4609 cme=2.2021 acc=0.9739 cells=158379
[ct_train] rechunked train graphs (seed=62)

=== Epoch 62/1000 ===
[train] loss=4.8700 cls=0.4592 cme=2.2054 acc=0.9745 cells=158379
[val]   loss=4.8652 eval=2.6468 cls=0.4284 cme=2.2184 acc=0.9727 cells=118036
[ct_train] saved best checkpoint (val_eval_loss=2.6468 val_acc=0.9727)
[ct_train] rechunked train graphs (seed=63)

=== Epoch 63/1000 ===
[train] loss=4.8679 cls=0.4595 cme=2.2042 acc=0.9741 cells=158379
[ct_train] rechunked train graphs (seed=64)

=== Epoch 64/1000 ===
[train] loss=4.8745 cls=0.4584 cme=2.2080 acc=0.9743 cells=158379
[val]   loss=4.8645 eval=2.6455 cls=0.4265 cme=2.2190 acc=0.9730 cells=118036
[ct_train] saved best checkpoint (val_eval_loss=2.6455 val_acc=0.9730)
[ct_train] rechunked train graphs (seed=65)

=== Epoch 65/1000 ===
[train] loss=4.8582 cls=0.4573 cme=2.2005 acc=0.9748 cells=158379
[ct_train] rechunked train graphs (seed=66)

=== Epoch 66/1000 ===
[train] loss=4.8591 cls=0.4561 cme=2.2015 acc=0.9746 cells=158379
[val]   loss=4.8697 eval=2.6484 cls=0.4271 cme=2.2213 acc=0.9732 cells=118036
[ct_train] early_stopping: no improve on val/eval_loss for 1/30 val checks
[ct_train] rechunked train graphs (seed=67)

=== Epoch 67/1000 ===
[train] loss=4.8581 cls=0.4563 cme=2.2009 acc=0.9749 cells=158379
[ct_train] rechunked train graphs (seed=68)

=== Epoch 68/1000 ===
[train] loss=4.8494 cls=0.4547 cme=2.1973 acc=0.9752 cells=158379
[val]   loss=4.8681 eval=2.6485 cls=0.4289 cme=2.2196 acc=0.9727 cells=118036
[ct_train] early_stopping: no improve on val/eval_loss for 2/30 val checks
[ct_train] rechunked train graphs (seed=69)

=== Epoch 69/1000 ===
[train] loss=4.8456 cls=0.4547 cme=2.1955 acc=0.9750 cells=158379
[ct_train] rechunked train graphs (seed=70)

=== Epoch 70/1000 ===
[train] loss=4.8475 cls=0.4540 cme=2.1967 acc=0.9755 cells=158379
[val]   loss=4.8766 eval=2.6520 cls=0.4274 cme=2.2246 acc=0.9730 cells=118036
[ct_train] early_stopping: no improve on val/eval_loss for 3/30 val checks
[ct_train] rechunked train graphs (seed=71)

=== Epoch 71/1000 ===
[train] loss=4.8626 cls=0.4549 cme=2.2039 acc=0.9756 cells=158379
[ct_train] rechunked train graphs (seed=72)

=== Epoch 72/1000 ===
[train] loss=4.8570 cls=0.4531 cme=2.2020 acc=0.9759 cells=158379
[val]   loss=4.8564 eval=2.6405 cls=0.4246 cme=2.2159 acc=0.9735 cells=118036
[ct_train] saved best checkpoint (val_eval_loss=2.6405 val_acc=0.9735)
[ct_train] rechunked train graphs (seed=73)

=== Epoch 73/1000 ===
[train] loss=4.8430 cls=0.4522 cme=2.1954 acc=0.9756 cells=158379
[ct_train] rechunked train graphs (seed=74)

=== Epoch 74/1000 ===
[train] loss=4.8485 cls=0.4519 cme=2.1983 acc=0.9761 cells=158379
[val]   loss=4.8639 eval=2.6444 cls=0.4249 cme=2.2195 acc=0.9733 cells=118036
[ct_train] early_stopping: no improve on val/eval_loss for 1/30 val checks
[ct_train] rechunked train graphs (seed=75)

=== Epoch 75/1000 ===
[train] loss=4.8588 cls=0.4535 cme=2.2026 acc=0.9752 cells=158379
[ct_train] rechunked train graphs (seed=76)

=== Epoch 76/1000 ===
[train] loss=4.8397 cls=0.4508 cme=2.1945 acc=0.9765 cells=158379
[val]   loss=4.8587 eval=2.6410 cls=0.4233 cme=2.2177 acc=0.9736 cells=118036
[ct_train] early_stopping: no improve on val/eval_loss for 2/30 val checks
[ct_train] rechunked train graphs (seed=77)

=== Epoch 77/1000 ===
[train] loss=4.8487 cls=0.4504 cme=2.1992 acc=0.9762 cells=158379
[ct_train] rechunked train graphs (seed=78)

=== Epoch 78/1000 ===
[train] loss=4.8495 cls=0.4501 cme=2.1997 acc=0.9765 cells=158379
[val]   loss=4.8610 eval=2.6419 cls=0.4229 cme=2.2190 acc=0.9738 cells=118036
[ct_train] early_stopping: no improve on val/eval_loss for 3/30 val checks
[ct_train] rechunked train graphs (seed=79)

=== Epoch 79/1000 ===
[train] loss=4.8352 cls=0.4503 cme=2.1925 acc=0.9763 cells=158379
[ct_train] rechunked train graphs (seed=80)

=== Epoch 80/1000 ===
[train] loss=4.8477 cls=0.4490 cme=2.1993 acc=0.9766 cells=158379
[val]   loss=4.8664 eval=2.6457 cls=0.4250 cme=2.2207 acc=0.9731 cells=118036
[ct_train] early_stopping: no improve on val/eval_loss for 4/30 val checks
[ct_train] rechunked train graphs (seed=81)

=== Epoch 81/1000 ===
[train] loss=4.8334 cls=0.4484 cme=2.1925 acc=0.9764 cells=158379
[ct_train] rechunked train graphs (seed=82)

=== Epoch 82/1000 ===
[train] loss=4.8348 cls=0.4474 cme=2.1937 acc=0.9770 cells=158379
[val]   loss=4.8516 eval=2.6378 cls=0.4240 cme=2.2138 acc=0.9738 cells=118036
[ct_train] saved best checkpoint (val_eval_loss=2.6378 val_acc=0.9738)
[ct_train] rechunked train graphs (seed=83)

=== Epoch 83/1000 ===
[train] loss=4.8373 cls=0.4473 cme=2.1950 acc=0.9773 cells=158379
[ct_train] rechunked train graphs (seed=84)

=== Epoch 84/1000 ===
[train] loss=4.8277 cls=0.4476 cme=2.1900 acc=0.9769 cells=158379
[val]   loss=4.8663 eval=2.6441 cls=0.4218 cme=2.2222 acc=0.9739 cells=118036
[ct_train] early_stopping: no improve on val/eval_loss for 1/30 val checks
[ct_train] rechunked train graphs (seed=85)

=== Epoch 85/1000 ===
[train] loss=4.8319 cls=0.4470 cme=2.1924 acc=0.9768 cells=158379
[ct_train] rechunked train graphs (seed=86)

=== Epoch 86/1000 ===
[train] loss=4.8353 cls=0.4478 cme=2.1937 acc=0.9775 cells=158379
[val]   loss=4.8582 eval=2.6397 cls=0.4212 cme=2.2185 acc=0.9740 cells=118036
[ct_train] early_stopping: no improve on val/eval_loss for 2/30 val checks
[ct_train] rechunked train graphs (seed=87)

=== Epoch 87/1000 ===
[train] loss=4.8249 cls=0.4466 cme=2.1891 acc=0.9777 cells=158379
[ct_train] rechunked train graphs (seed=88)

=== Epoch 88/1000 ===
[train] loss=4.8296 cls=0.4459 cme=2.1918 acc=0.9777 cells=158379
[val]   loss=4.8547 eval=2.6382 cls=0.4216 cme=2.2166 acc=0.9742 cells=118036
[ct_train] early_stopping: no improve on val/eval_loss for 3/30 val checks
[ct_train] rechunked train graphs (seed=89)

=== Epoch 89/1000 ===
[train] loss=4.8236 cls=0.4450 cme=2.1893 acc=0.9776 cells=158379
[ct_train] rechunked train graphs (seed=90)

=== Epoch 90/1000 ===
[train] loss=4.8168 cls=0.4444 cme=2.1862 acc=0.9776 cells=158379
[val]   loss=4.8528 eval=2.6377 cls=0.4225 cme=2.2152 acc=0.9739 cells=118036
[ct_train] saved best checkpoint (val_eval_loss=2.6377 val_acc=0.9742)
[ct_train] early_stopping: no improve on val/eval_loss for 4/30 val checks
[ct_train] rechunked train graphs (seed=91)

=== Epoch 91/1000 ===
[train] loss=4.8233 cls=0.4436 cme=2.1898 acc=0.9780 cells=158379
[ct_train] rechunked train graphs (seed=92)

=== Epoch 92/1000 ===
[train] loss=4.8186 cls=0.4426 cme=2.1880 acc=0.9785 cells=158379
[val]   loss=4.8663 eval=2.6440 cls=0.4216 cme=2.2224 acc=0.9744 cells=118036
[ct_train] early_stopping: no improve on val/eval_loss for 5/30 val checks
[ct_train] rechunked train graphs (seed=93)

=== Epoch 93/1000 ===
[train] loss=4.8196 cls=0.4417 cme=2.1889 acc=0.9784 cells=158379
[ct_train] rechunked train graphs (seed=94)

=== Epoch 94/1000 ===
[train] loss=4.8302 cls=0.4436 cme=2.1933 acc=0.9781 cells=158379
[val]   loss=4.8498 eval=2.6361 cls=0.4225 cme=2.2137 acc=0.9742 cells=118036
[ct_train] saved best checkpoint (val_eval_loss=2.6361 val_acc=0.9744)
[ct_train] rechunked train graphs (seed=95)

=== Epoch 95/1000 ===
[train] loss=4.8295 cls=0.4451 cme=2.1922 acc=0.9778 cells=158379
[ct_train] rechunked train graphs (seed=96)

=== Epoch 96/1000 ===
[train] loss=4.8088 cls=0.4418 cme=2.1835 acc=0.9786 cells=158379
[val]   loss=4.8476 eval=2.6342 cls=0.4209 cme=2.2133 acc=0.9747 cells=118036
[ct_train] saved best checkpoint (val_eval_loss=2.6342 val_acc=0.9747)
[ct_train] rechunked train graphs (seed=97)

=== Epoch 97/1000 ===
[train] loss=4.8155 cls=0.4403 cme=2.1876 acc=0.9791 cells=158379
[ct_train] rechunked train graphs (seed=98)

=== Epoch 98/1000 ===
[train] loss=4.8023 cls=0.4393 cme=2.1815 acc=0.9792 cells=158379
[val]   loss=4.8540 eval=2.6372 cls=0.4204 cme=2.2168 acc=0.9746 cells=118036
[ct_train] early_stopping: no improve on val/eval_loss for 1/30 val checks
[ct_train] rechunked train graphs (seed=99)

=== Epoch 99/1000 ===
[train] loss=4.8064 cls=0.4396 cme=2.1834 acc=0.9787 cells=158379
[ct_train] rechunked train graphs (seed=100)

=== Epoch 100/1000 ===
[train] loss=4.8205 cls=0.4391 cme=2.1907 acc=0.9791 cells=158379
[val]   loss=4.8451 eval=2.6325 cls=0.4199 cme=2.2126 acc=0.9745 cells=118036
[ct_train] saved best checkpoint (val_eval_loss=2.6325 val_acc=0.9747)
[ct_train] rechunked train graphs (seed=101)

=== Epoch 101/1000 ===
[train] loss=4.8030 cls=0.4402 cme=2.1814 acc=0.9788 cells=158379
[ct_train] rechunked train graphs (seed=102)

=== Epoch 102/1000 ===
[train] loss=4.8042 cls=0.4390 cme=2.1826 acc=0.9790 cells=158379
[val]   loss=4.8537 eval=2.6375 cls=0.4213 cme=2.2162 acc=0.9742 cells=118036
[ct_train] early_stopping: no improve on val/eval_loss for 1/30 val checks
[ct_train] rechunked train graphs (seed=103)

=== Epoch 103/1000 ===
[train] loss=4.7998 cls=0.4395 cme=2.1801 acc=0.9790 cells=158379
[ct_train] rechunked train graphs (seed=104)

=== Epoch 104/1000 ===
[train] loss=4.8044 cls=0.4389 cme=2.1828 acc=0.9791 cells=158379
[val]   loss=4.8429 eval=2.6318 cls=0.4207 cme=2.2111 acc=0.9743 cells=118036
[ct_train] saved best checkpoint (val_eval_loss=2.6318 val_acc=0.9747)
[ct_train] rechunked train graphs (seed=105)

=== Epoch 105/1000 ===
[train] loss=4.8062 cls=0.4388 cme=2.1837 acc=0.9797 cells=158379
[ct_train] rechunked train graphs (seed=106)

=== Epoch 106/1000 ===
[train] loss=4.8063 cls=0.4383 cme=2.1840 acc=0.9793 cells=158379
[val]   loss=4.8412 eval=2.6303 cls=0.4194 cme=2.2109 acc=0.9747 cells=118036
[ct_train] saved best checkpoint (val_eval_loss=2.6303 val_acc=0.9747)
[ct_train] rechunked train graphs (seed=107)

=== Epoch 107/1000 ===
[train] loss=4.7998 cls=0.4373 cme=2.1812 acc=0.9798 cells=158379
[ct_train] rechunked train graphs (seed=108)

=== Epoch 108/1000 ===
[train] loss=4.8031 cls=0.4371 cme=2.1830 acc=0.9800 cells=158379
[val]   loss=4.8424 eval=2.6305 cls=0.4187 cme=2.2118 acc=0.9751 cells=118036
[ct_train] early_stopping: no improve on val/eval_loss for 1/30 val checks
[ct_train] rechunked train graphs (seed=109)

=== Epoch 109/1000 ===
[train] loss=4.8077 cls=0.4361 cme=2.1858 acc=0.9800 cells=158379
[ct_train] rechunked train graphs (seed=110)

=== Epoch 110/1000 ===
[train] loss=4.8017 cls=0.4358 cme=2.1830 acc=0.9803 cells=158379
[val]   loss=4.8459 eval=2.6321 cls=0.4183 cme=2.2138 acc=0.9751 cells=118036
[ct_train] early_stopping: no improve on val/eval_loss for 2/30 val checks
[ct_train] rechunked train graphs (seed=111)

=== Epoch 111/1000 ===
[train] loss=4.8000 cls=0.4361 cme=2.1820 acc=0.9801 cells=158379
[ct_train] rechunked train graphs (seed=112)

=== Epoch 112/1000 ===
[train] loss=4.8010 cls=0.4354 cme=2.1828 acc=0.9801 cells=158379
[val]   loss=4.8646 eval=2.6414 cls=0.4183 cme=2.2232 acc=0.9748 cells=118036
[ct_train] early_stopping: no improve on val/eval_loss for 3/30 val checks
[ct_train] rechunked train graphs (seed=113)

=== Epoch 113/1000 ===
[train] loss=4.8067 cls=0.4345 cme=2.1861 acc=0.9803 cells=158379
[ct_train] rechunked train graphs (seed=114)

=== Epoch 114/1000 ===
[train] loss=4.7988 cls=0.4348 cme=2.1820 acc=0.9798 cells=158379
[val]   loss=4.8384 eval=2.6281 cls=0.4177 cme=2.2104 acc=0.9754 cells=118036
[ct_train] saved best checkpoint (val_eval_loss=2.6281 val_acc=0.9754)
[ct_train] rechunked train graphs (seed=115)

=== Epoch 115/1000 ===
[train] loss=4.7865 cls=0.4340 cme=2.1762 acc=0.9801 cells=158379
[ct_train] rechunked train graphs (seed=116)

=== Epoch 116/1000 ===
[train] loss=4.8000 cls=0.4343 cme=2.1829 acc=0.9805 cells=158379
[val]   loss=4.8416 eval=2.6300 cls=0.4184 cme=2.2116 acc=0.9753 cells=118036
[ct_train] early_stopping: no improve on val/eval_loss for 1/30 val checks
[ct_train] rechunked train graphs (seed=117)

=== Epoch 117/1000 ===
[train] loss=4.7924 cls=0.4339 cme=2.1793 acc=0.9807 cells=158379
[ct_train] rechunked train graphs (seed=118)

=== Epoch 118/1000 ===
[train] loss=4.7816 cls=0.4335 cme=2.1741 acc=0.9802 cells=158379
[val]   loss=4.8479 eval=2.6337 cls=0.4195 cme=2.2142 acc=0.9746 cells=118036
[ct_train] early_stopping: no improve on val/eval_loss for 2/30 val checks
[ct_train] rechunked train graphs (seed=119)

=== Epoch 119/1000 ===
[train] loss=4.7875 cls=0.4326 cme=2.1774 acc=0.9811 cells=158379
[ct_train] rechunked train graphs (seed=120)

=== Epoch 120/1000 ===
[train] loss=4.7920 cls=0.4322 cme=2.1799 acc=0.9811 cells=158379
[val]   loss=4.8396 eval=2.6284 cls=0.4171 cme=2.2113 acc=0.9753 cells=118036
[ct_train] early_stopping: no improve on val/eval_loss for 3/30 val checks
[ct_train] rechunked train graphs (seed=121)

=== Epoch 121/1000 ===
[train] loss=4.7886 cls=0.4324 cme=2.1781 acc=0.9810 cells=158379
[ct_train] rechunked train graphs (seed=122)

=== Epoch 122/1000 ===
[train] loss=4.7935 cls=0.4322 cme=2.1807 acc=0.9809 cells=158379
[val]   loss=4.8393 eval=2.6289 cls=0.4186 cme=2.2104 acc=0.9752 cells=118036
[ct_train] early_stopping: no improve on val/eval_loss for 4/30 val checks
[ct_train] rechunked train graphs (seed=123)

=== Epoch 123/1000 ===
[train] loss=4.7963 cls=0.4321 cme=2.1821 acc=0.9808 cells=158379
[ct_train] rechunked train graphs (seed=124)

=== Epoch 124/1000 ===
[train] loss=4.7920 cls=0.4317 cme=2.1802 acc=0.9810 cells=158379
[val]   loss=4.8416 eval=2.6299 cls=0.4182 cme=2.2117 acc=0.9750 cells=118036
[ct_train] early_stopping: no improve on val/eval_loss for 5/30 val checks
[ct_train] rechunked train graphs (seed=125)

=== Epoch 125/1000 ===
[train] loss=4.7837 cls=0.4309 cme=2.1764 acc=0.9811 cells=158379
[ct_train] rechunked train graphs (seed=126)

=== Epoch 126/1000 ===
[train] loss=4.7923 cls=0.4305 cme=2.1809 acc=0.9818 cells=158379
[val]   loss=4.8451 eval=2.6314 cls=0.4176 cme=2.2137 acc=0.9752 cells=118036
[ct_train] early_stopping: no improve on val/eval_loss for 6/30 val checks
[ct_train] rechunked train graphs (seed=127)

=== Epoch 127/1000 ===
[train] loss=4.7786 cls=0.4298 cme=2.1744 acc=0.9821 cells=158379
[ct_train] rechunked train graphs (seed=128)

=== Epoch 128/1000 ===
[train] loss=4.7763 cls=0.4281 cme=2.1741 acc=0.9818 cells=158379
[val]   loss=4.8412 eval=2.6296 cls=0.4180 cme=2.2116 acc=0.9750 cells=118036
[ct_train] early_stopping: no improve on val/eval_loss for 7/30 val checks
[ct_train] rechunked train graphs (seed=129)

=== Epoch 129/1000 ===
[train] loss=4.7755 cls=0.4294 cme=2.1730 acc=0.9818 cells=158379
[ct_train] rechunked train graphs (seed=130)

=== Epoch 130/1000 ===
[train] loss=4.7815 cls=0.4298 cme=2.1758 acc=0.9814 cells=158379
[val]   loss=4.8380 eval=2.6277 cls=0.4174 cme=2.2103 acc=0.9752 cells=118036
[ct_train] saved best checkpoint (val_eval_loss=2.6277 val_acc=0.9754)
[ct_train] rechunked train graphs (seed=131)

=== Epoch 131/1000 ===
[train] loss=4.7823 cls=0.4288 cme=2.1768 acc=0.9817 cells=158379
[ct_train] rechunked train graphs (seed=132)

=== Epoch 132/1000 ===
[train] loss=4.7799 cls=0.4283 cme=2.1758 acc=0.9822 cells=158379
[val]   loss=4.8339 eval=2.6260 cls=0.4181 cme=2.2079 acc=0.9747 cells=118036
[ct_train] saved best checkpoint (val_eval_loss=2.6260 val_acc=0.9754)
[ct_train] rechunked train graphs (seed=133)

=== Epoch 133/1000 ===
[train] loss=4.7621 cls=0.4274 cme=2.1674 acc=0.9816 cells=158379
[ct_train] rechunked train graphs (seed=134)

=== Epoch 134/1000 ===
[train] loss=4.7761 cls=0.4287 cme=2.1737 acc=0.9820 cells=158379
[val]   loss=4.8376 eval=2.6280 cls=0.4185 cme=2.2095 acc=0.9746 cells=118036
[ct_train] early_stopping: no improve on val/eval_loss for 1/30 val checks
[ct_train] rechunked train graphs (seed=135)

=== Epoch 135/1000 ===
[train] loss=4.7747 cls=0.4278 cme=2.1734 acc=0.9822 cells=158379
[ct_train] rechunked train graphs (seed=136)

=== Epoch 136/1000 ===
[train] loss=4.7713 cls=0.4267 cme=2.1723 acc=0.9823 cells=158379
[val]   loss=4.8318 eval=2.6250 cls=0.4183 cme=2.2068 acc=0.9750 cells=118036
[ct_train] saved best checkpoint (val_eval_loss=2.6250 val_acc=0.9754)
[ct_train] rechunked train graphs (seed=137)

=== Epoch 137/1000 ===
[train] loss=4.7693 cls=0.4266 cme=2.1713 acc=0.9822 cells=158379
[ct_train] rechunked train graphs (seed=138)

=== Epoch 138/1000 ===
[train] loss=4.7607 cls=0.4263 cme=2.1672 acc=0.9823 cells=158379
[val]   loss=4.8519 eval=2.6343 cls=0.4167 cme=2.2176 acc=0.9754 cells=118036
[ct_train] early_stopping: no improve on val/eval_loss for 1/30 val checks
[ct_train] rechunked train graphs (seed=139)

=== Epoch 139/1000 ===
[train] loss=4.7647 cls=0.4247 cme=2.1700 acc=0.9826 cells=158379
[ct_train] rechunked train graphs (seed=140)

=== Epoch 140/1000 ===
[train] loss=4.7642 cls=0.4255 cme=2.1693 acc=0.9829 cells=158379
[val]   loss=4.8492 eval=2.6348 cls=0.4203 cme=2.2144 acc=0.9744 cells=118036
[ct_train] early_stopping: no improve on val/eval_loss for 2/30 val checks
[ct_train] rechunked train graphs (seed=141)

=== Epoch 141/1000 ===
[train] loss=4.7663 cls=0.4264 cme=2.1700 acc=0.9822 cells=158379
[ct_train] rechunked train graphs (seed=142)

=== Epoch 142/1000 ===
[train] loss=4.7591 cls=0.4245 cme=2.1673 acc=0.9831 cells=158379
[val]   loss=4.8376 eval=2.6275 cls=0.4174 cme=2.2101 acc=0.9750 cells=118036
[ct_train] early_stopping: no improve on val/eval_loss for 3/30 val checks
[ct_train] rechunked train graphs (seed=143)

=== Epoch 143/1000 ===
[train] loss=4.7681 cls=0.4249 cme=2.1716 acc=0.9829 cells=158379
[ct_train] rechunked train graphs (seed=144)

=== Epoch 144/1000 ===
[train] loss=4.7635 cls=0.4246 cme=2.1694 acc=0.9831 cells=158379
[val]   loss=4.8397 eval=2.6284 cls=0.4171 cme=2.2113 acc=0.9753 cells=118036
[ct_train] early_stopping: no improve on val/eval_loss for 4/30 val checks
[ct_train] rechunked train graphs (seed=145)

=== Epoch 145/1000 ===
[train] loss=4.7732 cls=0.4255 cme=2.1739 acc=0.9827 cells=158379
[ct_train] rechunked train graphs (seed=146)

=== Epoch 146/1000 ===
[train] loss=4.7630 cls=0.4246 cme=2.1692 acc=0.9828 cells=158379
[val]   loss=4.8448 eval=2.6306 cls=0.4164 cme=2.2142 acc=0.9756 cells=118036
[ct_train] early_stopping: no improve on val/eval_loss for 5/30 val checks
[ct_train] rechunked train graphs (seed=147)

=== Epoch 147/1000 ===
[train] loss=4.7627 cls=0.4239 cme=2.1694 acc=0.9832 cells=158379
[ct_train] rechunked train graphs (seed=148)

=== Epoch 148/1000 ===
[train] loss=4.7602 cls=0.4233 cme=2.1684 acc=0.9834 cells=158379
[val]   loss=4.8347 eval=2.6254 cls=0.4160 cme=2.2094 acc=0.9758 cells=118036
[ct_train] early_stopping: no improve on val/eval_loss for 6/30 val checks
[ct_train] rechunked train graphs (seed=149)

=== Epoch 149/1000 ===
[train] loss=4.7551 cls=0.4230 cme=2.1661 acc=0.9832 cells=158379
[ct_train] rechunked train graphs (seed=150)

=== Epoch 150/1000 ===
[train] loss=4.7615 cls=0.4224 cme=2.1695 acc=0.9835 cells=158379
[val]   loss=4.8360 eval=2.6268 cls=0.4175 cme=2.2092 acc=0.9753 cells=118036
[ct_train] early_stopping: no improve on val/eval_loss for 7/30 val checks
[ct_train] rechunked train graphs (seed=151)

=== Epoch 151/1000 ===
[train] loss=4.7595 cls=0.4214 cme=2.1691 acc=0.9840 cells=158379
[ct_train] rechunked train graphs (seed=152)

=== Epoch 152/1000 ===
[train] loss=4.7648 cls=0.4229 cme=2.1710 acc=0.9835 cells=158379
[val]   loss=4.8333 eval=2.6251 cls=0.4169 cme=2.2082 acc=0.9757 cells=118036
[ct_train] early_stopping: no improve on val/eval_loss for 8/30 val checks
[ct_train] rechunked train graphs (seed=153)

=== Epoch 153/1000 ===
[train] loss=4.7519 cls=0.4214 cme=2.1652 acc=0.9838 cells=158379
[ct_train] rechunked train graphs (seed=154)

=== Epoch 154/1000 ===
[train] loss=4.7564 cls=0.4216 cme=2.1674 acc=0.9836 cells=158379
[val]   loss=4.8358 eval=2.6271 cls=0.4185 cme=2.2087 acc=0.9750 cells=118036
[ct_train] early_stopping: no improve on val/eval_loss for 9/30 val checks
[ct_train] rechunked train graphs (seed=155)

=== Epoch 155/1000 ===
[train] loss=4.7557 cls=0.4217 cme=2.1670 acc=0.9836 cells=158379
[ct_train] rechunked train graphs (seed=156)

=== Epoch 156/1000 ===
[train] loss=4.7508 cls=0.4208 cme=2.1650 acc=0.9839 cells=158379
[val]   loss=4.8351 eval=2.6270 cls=0.4189 cme=2.2081 acc=0.9751 cells=118036
[ct_train] early_stopping: no improve on val/eval_loss for 10/30 val checks
[ct_train] rechunked train graphs (seed=157)

=== Epoch 157/1000 ===
[train] loss=4.7519 cls=0.4212 cme=2.1654 acc=0.9841 cells=158379
[ct_train] rechunked train graphs (seed=158)

=== Epoch 158/1000 ===
[train] loss=4.7597 cls=0.4200 cme=2.1699 acc=0.9843 cells=158379
[val]   loss=4.8328 eval=2.6245 cls=0.4161 cme=2.2084 acc=0.9758 cells=118036
[ct_train] saved best checkpoint (val_eval_loss=2.6245 val_acc=0.9758)
[ct_train] rechunked train graphs (seed=159)

=== Epoch 159/1000 ===
[train] loss=4.7525 cls=0.4195 cme=2.1665 acc=0.9847 cells=158379
[ct_train] rechunked train graphs (seed=160)

=== Epoch 160/1000 ===
[train] loss=4.7400 cls=0.4195 cme=2.1602 acc=0.9841 cells=158379
[val]   loss=4.8388 eval=2.6280 cls=0.4172 cme=2.2108 acc=0.9752 cells=118036
[ct_train] early_stopping: no improve on val/eval_loss for 1/30 val checks
[ct_train] rechunked train graphs (seed=161)

=== Epoch 161/1000 ===
[train] loss=4.7497 cls=0.4194 cme=2.1652 acc=0.9844 cells=158379
[ct_train] rechunked train graphs (seed=162)

=== Epoch 162/1000 ===
[train] loss=4.7524 cls=0.4190 cme=2.1667 acc=0.9847 cells=158379
[val]   loss=4.8297 eval=2.6237 cls=0.4177 cme=2.2060 acc=0.9751 cells=118036
[ct_train] saved best checkpoint (val_eval_loss=2.6237 val_acc=0.9758)
[ct_train] rechunked train graphs (seed=163)

=== Epoch 163/1000 ===
[train] loss=4.7534 cls=0.4195 cme=2.1670 acc=0.9844 cells=158379
[ct_train] rechunked train graphs (seed=164)

=== Epoch 164/1000 ===
[train] loss=4.7453 cls=0.4193 cme=2.1630 acc=0.9845 cells=158379
[val]   loss=4.8355 eval=2.6273 cls=0.4191 cme=2.2082 acc=0.9753 cells=118036
[ct_train] early_stopping: no improve on val/eval_loss for 1/30 val checks
[ct_train] rechunked train graphs (seed=165)

=== Epoch 165/1000 ===
[train] loss=4.7503 cls=0.4196 cme=2.1653 acc=0.9842 cells=158379
[ct_train] rechunked train graphs (seed=166)

=== Epoch 166/1000 ===
[train] loss=4.7437 cls=0.4183 cme=2.1627 acc=0.9851 cells=158379
[val]   loss=4.8345 eval=2.6257 cls=0.4170 cme=2.2088 acc=0.9755 cells=118036
[ct_train] early_stopping: no improve on val/eval_loss for 2/30 val checks
[ct_train] rechunked train graphs (seed=167)

=== Epoch 167/1000 ===
[train] loss=4.7481 cls=0.4171 cme=2.1655 acc=0.9850 cells=158379
[ct_train] rechunked train graphs (seed=168)

=== Epoch 168/1000 ===
[train] loss=4.7567 cls=0.4178 cme=2.1694 acc=0.9846 cells=158379
[val]   loss=4.8341 eval=2.6262 cls=0.4182 cme=2.2079 acc=0.9751 cells=118036
[ct_train] early_stopping: no improve on val/eval_loss for 3/30 val checks
[ct_train] rechunked train graphs (seed=169)

=== Epoch 169/1000 ===
[train] loss=4.7537 cls=0.4174 cme=2.1682 acc=0.9848 cells=158379
[ct_train] rechunked train graphs (seed=170)

=== Epoch 170/1000 ===
[train] loss=4.7505 cls=0.4169 cme=2.1668 acc=0.9851 cells=158379
[val]   loss=4.8349 eval=2.6263 cls=0.4178 cme=2.2086 acc=0.9752 cells=118036
[ct_train] early_stopping: no improve on val/eval_loss for 4/30 val checks
[ct_train] rechunked train graphs (seed=171)

=== Epoch 171/1000 ===
[train] loss=4.7446 cls=0.4167 cme=2.1639 acc=0.9856 cells=158379
[ct_train] rechunked train graphs (seed=172)

=== Epoch 172/1000 ===
[train] loss=4.7404 cls=0.4173 cme=2.1616 acc=0.9847 cells=158379
[val]   loss=4.8326 eval=2.6259 cls=0.4191 cme=2.2068 acc=0.9754 cells=118036
[ct_train] early_stopping: no improve on val/eval_loss for 5/30 val checks
[ct_train] rechunked train graphs (seed=173)

=== Epoch 173/1000 ===
[train] loss=4.7466 cls=0.4172 cme=2.1647 acc=0.9848 cells=158379
[ct_train] rechunked train graphs (seed=174)

=== Epoch 174/1000 ===
[train] loss=4.7418 cls=0.4160 cme=2.1629 acc=0.9852 cells=158379
[val]   loss=4.8297 eval=2.6234 cls=0.4170 cme=2.2063 acc=0.9757 cells=118036
[ct_train] saved best checkpoint (val_eval_loss=2.6234 val_acc=0.9758)
[ct_train] rechunked train graphs (seed=175)

=== Epoch 175/1000 ===
[train] loss=4.7347 cls=0.4171 cme=2.1588 acc=0.9853 cells=158379
[ct_train] rechunked train graphs (seed=176)

=== Epoch 176/1000 ===
[train] loss=4.7373 cls=0.4159 cme=2.1607 acc=0.9854 cells=158379
[val]   loss=4.8314 eval=2.6248 cls=0.4182 cme=2.2066 acc=0.9752 cells=118036
[ct_train] early_stopping: no improve on val/eval_loss for 1/30 val checks
[ct_train] rechunked train graphs (seed=177)

=== Epoch 177/1000 ===
[train] loss=4.7428 cls=0.4155 cme=2.1636 acc=0.9859 cells=158379
[ct_train] rechunked train graphs (seed=178)

=== Epoch 178/1000 ===
[train] loss=4.7405 cls=0.4154 cme=2.1626 acc=0.9852 cells=158379
[val]   loss=4.8315 eval=2.6239 cls=0.4162 cme=2.2077 acc=0.9759 cells=118036
[ct_train] early_stopping: no improve on val/eval_loss for 2/30 val checks
[ct_train] rechunked train graphs (seed=179)

=== Epoch 179/1000 ===
[train] loss=4.7344 cls=0.4151 cme=2.1596 acc=0.9856 cells=158379
[ct_train] rechunked train graphs (seed=180)

=== Epoch 180/1000 ===
[train] loss=4.7309 cls=0.4147 cme=2.1581 acc=0.9854 cells=158379
[val]   loss=4.8344 eval=2.6262 cls=0.4179 cme=2.2082 acc=0.9752 cells=118036
[ct_train] early_stopping: no improve on val/eval_loss for 3/30 val checks
[ct_train] rechunked train graphs (seed=181)

=== Epoch 181/1000 ===
[train] loss=4.7470 cls=0.4159 cme=2.1655 acc=0.9856 cells=158379
[ct_train] rechunked train graphs (seed=182)

=== Epoch 182/1000 ===
[train] loss=4.7402 cls=0.4153 cme=2.1625 acc=0.9854 cells=158379
[val]   loss=4.8330 eval=2.6251 cls=0.4173 cme=2.2079 acc=0.9754 cells=118036
[ct_train] early_stopping: no improve on val/eval_loss for 4/30 val checks
[ct_train] rechunked train graphs (seed=183)

=== Epoch 183/1000 ===
[train] loss=4.7335 cls=0.4147 cme=2.1594 acc=0.9855 cells=158379
[ct_train] rechunked train graphs (seed=184)

=== Epoch 184/1000 ===
[train] loss=4.7378 cls=0.4138 cme=2.1620 acc=0.9860 cells=158379
[val]   loss=4.8467 eval=2.6322 cls=0.4177 cme=2.2145 acc=0.9755 cells=118036
[ct_train] early_stopping: no improve on val/eval_loss for 5/30 val checks
[ct_train] rechunked train graphs (seed=185)

=== Epoch 185/1000 ===
[train] loss=4.7263 cls=0.4131 cme=2.1566 acc=0.9861 cells=158379
[ct_train] rechunked train graphs (seed=186)

=== Epoch 186/1000 ===
[train] loss=4.7388 cls=0.4134 cme=2.1627 acc=0.9862 cells=158379
[val]   loss=4.8438 eval=2.6308 cls=0.4178 cme=2.2130 acc=0.9756 cells=118036
[ct_train] early_stopping: no improve on val/eval_loss for 6/30 val checks
[ct_train] rechunked train graphs (seed=187)

=== Epoch 187/1000 ===
[train] loss=4.7292 cls=0.4135 cme=2.1579 acc=0.9861 cells=158379
[ct_train] rechunked train graphs (seed=188)

=== Epoch 188/1000 ===
[train] loss=4.7406 cls=0.4136 cme=2.1635 acc=0.9863 cells=158379
[val]   loss=4.8346 eval=2.6257 cls=0.4167 cme=2.2090 acc=0.9760 cells=118036
[ct_train] early_stopping: no improve on val/eval_loss for 7/30 val checks
[ct_train] rechunked train graphs (seed=189)

=== Epoch 189/1000 ===
[train] loss=4.7303 cls=0.4129 cme=2.1587 acc=0.9865 cells=158379
[ct_train] rechunked train graphs (seed=190)

=== Epoch 190/1000 ===
[train] loss=4.7241 cls=0.4125 cme=2.1558 acc=0.9865 cells=158379
[val]   loss=4.8407 eval=2.6298 cls=0.4188 cme=2.2109 acc=0.9754 cells=118036
[ct_train] early_stopping: no improve on val/eval_loss for 8/30 val checks
[ct_train] rechunked train graphs (seed=191)

=== Epoch 191/1000 ===
[train] loss=4.7246 cls=0.4129 cme=2.1559 acc=0.9860 cells=158379
[ct_train] rechunked train graphs (seed=192)

=== Epoch 192/1000 ===
[train] loss=4.7262 cls=0.4124 cme=2.1569 acc=0.9865 cells=158379
[val]   loss=4.8349 eval=2.6264 cls=0.4180 cme=2.2084 acc=0.9758 cells=118036
[ct_train] early_stopping: no improve on val/eval_loss for 9/30 val checks
[ct_train] rechunked train graphs (seed=193)

=== Epoch 193/1000 ===
[train] loss=4.7344 cls=0.4129 cme=2.1607 acc=0.9864 cells=158379
[ct_train] rechunked train graphs (seed=194)

=== Epoch 194/1000 ===
[train] loss=4.7234 cls=0.4117 cme=2.1559 acc=0.9864 cells=158379
[val]   loss=4.8477 eval=2.6330 cls=0.4183 cme=2.2147 acc=0.9759 cells=118036
[ct_train] early_stopping: no improve on val/eval_loss for 10/30 val checks
[ct_train] rechunked train graphs (seed=195)

=== Epoch 195/1000 ===
[train] loss=4.7326 cls=0.4115 cme=2.1605 acc=0.9866 cells=158379
[ct_train] rechunked train graphs (seed=196)

=== Epoch 196/1000 ===
[train] loss=4.7261 cls=0.4117 cme=2.1572 acc=0.9863 cells=158379
[val]   loss=4.8358 eval=2.6288 cls=0.4218 cme=2.2070 acc=0.9744 cells=118036
[ct_train] early_stopping: no improve on val/eval_loss for 11/30 val checks
[ct_train] rechunked train graphs (seed=197)

=== Epoch 197/1000 ===
[train] loss=4.7204 cls=0.4119 cme=2.1542 acc=0.9864 cells=158379
[ct_train] rechunked train graphs (seed=198)

=== Epoch 198/1000 ===
[train] loss=4.7321 cls=0.4125 cme=2.1598 acc=0.9865 cells=158379
[val]   loss=4.8352 eval=2.6273 cls=0.4193 cme=2.2080 acc=0.9751 cells=118036
[ct_train] early_stopping: no improve on val/eval_loss for 12/30 val checks
[ct_train] rechunked train graphs (seed=199)

=== Epoch 199/1000 ===
[train] loss=4.7313 cls=0.4116 cme=2.1598 acc=0.9868 cells=158379
[ct_train] rechunked train graphs (seed=200)

=== Epoch 200/1000 ===
[train] loss=4.7168 cls=0.4107 cme=2.1530 acc=0.9866 cells=158379
[val]   loss=4.8506 eval=2.6342 cls=0.4177 cme=2.2165 acc=0.9756 cells=118036
[ct_train] early_stopping: no improve on val/eval_loss for 13/30 val checks
[ct_train] rechunked train graphs (seed=201)

=== Epoch 201/1000 ===
[train] loss=4.7179 cls=0.4110 cme=2.1534 acc=0.9870 cells=158379
[ct_train] rechunked train graphs (seed=202)

=== Epoch 202/1000 ===
[train] loss=4.7254 cls=0.4108 cme=2.1573 acc=0.9870 cells=158379
[val]   loss=4.8346 eval=2.6258 cls=0.4170 cme=2.2088 acc=0.9759 cells=118036
[ct_train] early_stopping: no improve on val/eval_loss for 14/30 val checks
[ct_train] rechunked train graphs (seed=203)

=== Epoch 203/1000 ===
[train] loss=4.7250 cls=0.4098 cme=2.1576 acc=0.9872 cells=158379
[ct_train] rechunked train graphs (seed=204)

=== Epoch 204/1000 ===
[train] loss=4.7203 cls=0.4109 cme=2.1547 acc=0.9867 cells=158379
[val]   loss=4.8407 eval=2.6304 cls=0.4200 cme=2.2104 acc=0.9754 cells=118036
[ct_train] early_stopping: no improve on val/eval_loss for 15/30 val checks
[ct_train] rechunked train graphs (seed=205)

=== Epoch 205/1000 ===
[train] loss=4.7153 cls=0.4092 cme=2.1531 acc=0.9871 cells=158379
[ct_train] rechunked train graphs (seed=206)

=== Epoch 206/1000 ===
[train] loss=4.7288 cls=0.4099 cme=2.1594 acc=0.9871 cells=158379
[val]   loss=4.8365 eval=2.6281 cls=0.4197 cme=2.2084 acc=0.9751 cells=118036
[ct_train] early_stopping: no improve on val/eval_loss for 16/30 val checks
[ct_train] rechunked train graphs (seed=207)

=== Epoch 207/1000 ===
[train] loss=4.7254 cls=0.4098 cme=2.1578 acc=0.9869 cells=158379
[ct_train] rechunked train graphs (seed=208)

=== Epoch 208/1000 ===
[train] loss=4.7250 cls=0.4094 cme=2.1578 acc=0.9874 cells=158379
[val]   loss=4.8353 eval=2.6272 cls=0.4192 cme=2.2081 acc=0.9752 cells=118036
[ct_train] early_stopping: no improve on val/eval_loss for 17/30 val checks
[ct_train] rechunked train graphs (seed=209)

=== Epoch 209/1000 ===
[train] loss=4.7193 cls=0.4093 cme=2.1550 acc=0.9873 cells=158379
[ct_train] rechunked train graphs (seed=210)

=== Epoch 210/1000 ===
[train] loss=4.7197 cls=0.4081 cme=2.1558 acc=0.9875 cells=158379
[val]   loss=4.8365 eval=2.6285 cls=0.4205 cme=2.2080 acc=0.9753 cells=118036
[ct_train] early_stopping: no improve on val/eval_loss for 18/30 val checks
[ct_train] rechunked train graphs (seed=211)

=== Epoch 211/1000 ===
[train] loss=4.7151 cls=0.4074 cme=2.1538 acc=0.9880 cells=158379
[ct_train] rechunked train graphs (seed=212)

=== Epoch 212/1000 ===
[train] loss=4.7190 cls=0.4078 cme=2.1556 acc=0.9877 cells=158379
[val]   loss=4.8318 eval=2.6260 cls=0.4202 cme=2.2058 acc=0.9754 cells=118036
[ct_train] early_stopping: no improve on val/eval_loss for 19/30 val checks
[ct_train] rechunked train graphs (seed=213)

=== Epoch 213/1000 ===
[train] loss=4.7046 cls=0.4065 cme=2.1490 acc=0.9878 cells=158379
[ct_train] rechunked train graphs (seed=214)

=== Epoch 214/1000 ===
[train] loss=4.7148 cls=0.4070 cme=2.1539 acc=0.9881 cells=158379
[val]   loss=4.8459 eval=2.6331 cls=0.4204 cme=2.2127 acc=0.9751 cells=118036
[ct_train] early_stopping: no improve on val/eval_loss for 20/30 val checks
[ct_train] rechunked train graphs (seed=215)

=== Epoch 215/1000 ===
[train] loss=4.7126 cls=0.4078 cme=2.1524 acc=0.9878 cells=158379
[ct_train] rechunked train graphs (seed=216)

=== Epoch 216/1000 ===
[train] loss=4.7145 cls=0.4066 cme=2.1540 acc=0.9880 cells=158379
[val]   loss=4.8339 eval=2.6271 cls=0.4203 cme=2.2068 acc=0.9755 cells=118036
[ct_train] early_stopping: no improve on val/eval_loss for 21/30 val checks
[ct_train] rechunked train graphs (seed=217)

=== Epoch 217/1000 ===
[train] loss=4.7075 cls=0.4067 cme=2.1504 acc=0.9881 cells=158379
[ct_train] rechunked train graphs (seed=218)

=== Epoch 218/1000 ===
[train] loss=4.7045 cls=0.4067 cme=2.1489 acc=0.9879 cells=158379
[val]   loss=4.8363 eval=2.6288 cls=0.4214 cme=2.2074 acc=0.9756 cells=118036
[ct_train] early_stopping: no improve on val/eval_loss for 22/30 val checks
[ct_train] rechunked train graphs (seed=219)

=== Epoch 219/1000 ===
[train] loss=4.7151 cls=0.4067 cme=2.1542 acc=0.9881 cells=158379
[ct_train] rechunked train graphs (seed=220)

=== Epoch 220/1000 ===
[train] loss=4.6989 cls=0.4055 cme=2.1467 acc=0.9882 cells=158379
[val]   loss=4.8321 eval=2.6256 cls=0.4191 cme=2.2065 acc=0.9758 cells=118036
[ct_train] early_stopping: no improve on val/eval_loss for 23/30 val checks
[ct_train] rechunked train graphs (seed=221)

=== Epoch 221/1000 ===
[train] loss=4.7054 cls=0.4058 cme=2.1498 acc=0.9881 cells=158379
[ct_train] rechunked train graphs (seed=222)

=== Epoch 222/1000 ===
[train] loss=4.7051 cls=0.4058 cme=2.1496 acc=0.9879 cells=158379
[val]   loss=4.8354 eval=2.6280 cls=0.4207 cme=2.2073 acc=0.9752 cells=118036
[ct_train] early_stopping: no improve on val/eval_loss for 24/30 val checks
[ct_train] rechunked train graphs (seed=223)

=== Epoch 223/1000 ===
[train] loss=4.7121 cls=0.4066 cme=2.1527 acc=0.9880 cells=158379
[ct_train] rechunked train graphs (seed=224)

=== Epoch 224/1000 ===
[train] loss=4.7031 cls=0.4061 cme=2.1485 acc=0.9879 cells=158379
[val]   loss=4.8329 eval=2.6263 cls=0.4196 cme=2.2066 acc=0.9758 cells=118036
[ct_train] early_stopping: no improve on val/eval_loss for 25/30 val checks
[ct_train] rechunked train graphs (seed=225)

=== Epoch 225/1000 ===
[train] loss=4.7079 cls=0.4053 cme=2.1513 acc=0.9885 cells=158379
[ct_train] rechunked train graphs (seed=226)

=== Epoch 226/1000 ===
[train] loss=4.6977 cls=0.4045 cme=2.1466 acc=0.9884 cells=158379
[val]   loss=4.8346 eval=2.6270 cls=0.4194 cme=2.2076 acc=0.9759 cells=118036
[ct_train] early_stopping: no improve on val/eval_loss for 26/30 val checks
[ct_train] rechunked train graphs (seed=227)

=== Epoch 227/1000 ===
[train] loss=4.7196 cls=0.4060 cme=2.1568 acc=0.9882 cells=158379
[ct_train] rechunked train graphs (seed=228)

=== Epoch 228/1000 ===
[train] loss=4.7144 cls=0.4051 cme=2.1547 acc=0.9885 cells=158379
[val]   loss=4.8394 eval=2.6293 cls=0.4193 cme=2.2101 acc=0.9755 cells=118036
[ct_train] early_stopping: no improve on val/eval_loss for 27/30 val checks
[ct_train] rechunked train graphs (seed=229)

=== Epoch 229/1000 ===
[train] loss=4.6992 cls=0.4038 cme=2.1477 acc=0.9887 cells=158379
[ct_train] rechunked train graphs (seed=230)

=== Epoch 230/1000 ===
[train] loss=4.7061 cls=0.4039 cme=2.1511 acc=0.9890 cells=158379
[val]   loss=4.8287 eval=2.6242 cls=0.4196 cme=2.2046 acc=0.9757 cells=118036
[ct_train] early_stopping: no improve on val/eval_loss for 28/30 val checks
[ct_train] rechunked train graphs (seed=231)

=== Epoch 231/1000 ===
[train] loss=4.7119 cls=0.4043 cme=2.1538 acc=0.9888 cells=158379
[ct_train] rechunked train graphs (seed=232)

=== Epoch 232/1000 ===
[train] loss=4.7044 cls=0.4042 cme=2.1501 acc=0.9887 cells=158379
[val]   loss=4.8491 eval=2.6345 cls=0.4199 cme=2.2146 acc=0.9754 cells=118036
[ct_train] early_stopping: no improve on val/eval_loss for 29/30 val checks
[ct_train] rechunked train graphs (seed=233)

=== Epoch 233/1000 ===
[train] loss=4.7053 cls=0.4035 cme=2.1509 acc=0.9892 cells=158379
[ct_train] rechunked train graphs (seed=234)

=== Epoch 234/1000 ===
[train] loss=4.6940 cls=0.4022 cme=2.1459 acc=0.9891 cells=158379
[val]   loss=4.8336 eval=2.6265 cls=0.4195 cme=2.2070 acc=0.9756 cells=118036
[ct_train] early_stopping: no improve on val/eval_loss for 30/30 val checks
[ct_train] early stopping at epoch 234 (patience=30, monitor=val/eval_loss)

[ct_train] done. best_val_acc=0.9760  best_val_eval_loss=2.6234  checkpoints=/home/abel/code/Tissue-Reassembly-using-GenAI-and-new-metrics/exploration/cell_types/outputs/exp032_graph8192  logs=/home/abel/code/Tissue-Reassembly-using-GenAI-and-new-metrics/exploration/cell_types/logs/exp032_graph8192/20260807_211638
wandb: updating run metadata
wandb: uploading output.log; uploading wandb-summary.json; uploading config.yaml
wandb: 
wandb: Run summary:
wandb:                      best_epoch 174
wandb:                    best_val_acc 0.97598
wandb:              best_val_eval_loss 2.62336
wandb:                           epoch 234
wandb:                              lr 0.0002
wandb:           model/parameter_count 1149980
wandb: model/trainable_parameter_count 1149980
wandb:                       train/acc 0.98909
wandb:       train/acc_per_class/Astro 0.99285
wandb:        train/acc_per_class/Endo 0.98463
wandb:                             +54 ...
wandb: 
wandb:  View run exp032_graph8192 at: https://wandb.ai/abel-salmona-polytechnique-montr-al/cell_types/runs/de2v1vjq
wandb:  View project at: https://wandb.ai/abel-salmona-polytechnique-montr-al/cell_types
wandb: Synced 5 W&B file(s), 1 media file(s), 2 artifact file(s) and 1 other file(s)
wandb: Find logs at: ./exploration/cell_types/logs/exp032_graph8192/20260807_211638/wandb/run-20260807_211645-de2v1vjq/logs
