[ct_train] config=exploration/cell_types/experiments/configs/exp120_tgt_temp09.json
[ct_train] device=cuda  checkpoints=/home/abel/code/Tissue-Reassembly-using-GenAI-and-new-metrics/exploration/cell_types/outputs/exp120_tgt_temp09
[ct_train] logs=/home/abel/code/Tissue-Reassembly-using-GenAI-and-new-metrics/exploration/cell_types/logs/exp120_tgt_temp09/20260808_050157
[ct_train] Loading data …
[DataModule] Reading '/home/abel/biodata/MERFISH_LUNA_small_cortex/MERFISH_mouse_cortex_train.csv' (split=train) with float32 dtype on 254 gene cols + coord cols …
[DataModule] Loaded 158,379 rows for split=train.
[DataModule] Reading '/home/abel/biodata/MERFISH_LUNA_small_cortex/MERFISH_mouse_cortex_test.csv' (split=test) with float32 dtype on 254 gene cols + coord cols …
[DataModule] Loaded 118,036 rows for split=test.
[DataModule] Reading '/home/abel/biodata/MERFISH_LUNA_small_cortex/MERFISH_mouse_cortex_test.csv' (split=validation) with float32 dtype on 254 gene cols + coord cols …
[DataModule] Loaded 118,036 rows for split=validation.
[ct_train] genes=254  classes=23
[ct_train] model predict_cme=True  params=1,305,308
[ct_train] soft CME loaded split=train sigma=96.0 n=158379 C=23
[ct_train] soft CME loaded split=validation sigma=96.0 n=118036 C=23
[ct_train] soft CME loaded split=train sigma=50.0 n=158379 C=23
[ct_train] soft CME loaded split=train sigma=64.0 n=158379 C=23
[ct_train] soft CME loaded split=validation sigma=50.0 n=118036 C=23
[ct_train] soft CME loaded split=validation sigma=64.0 n=118036 C=23
wandb: [wandb.login()] Loaded credentials for https://api.wandb.ai from /home/abel/.netrc.
wandb: Currently logged in as: abel-salmona (abel-salmona-polytechnique-montr-al) to https://api.wandb.ai. Use `wandb login --relogin` to force relogin
wandb: WARNING Using a boolean value for 'reinit' is deprecated. Use 'return_previous' or 'finish_previous' instead.
wandb: setting up run 6ri63jqw
wandb: Tracking run with wandb version 0.26.1
wandb: Run data is saved locally in /home/abel/code/Tissue-Reassembly-using-GenAI-and-new-metrics/exploration/cell_types/logs/exp120_tgt_temp09/20260808_050157/wandb/run-20260808_050206-6ri63jqw
wandb: Run `wandb offline` to turn off syncing.
wandb: Syncing run exp120_tgt_temp09
wandb:  View project at https://wandb.ai/abel-salmona-polytechnique-montr-al/cell_types
wandb:  View run at https://wandb.ai/abel-salmona-polytechnique-montr-al/cell_types/runs/6ri63jqw
wandb: WARNING Saving files without folders. If you want to preserve subdirectories pass base_path to wandb.save, i.e. wandb.save("/mnt/folder/file.h5", base_path="/mnt")
wandb: WARNING Symlinked 1 file into the W&B run directory; call wandb.save again to sync new files.
[ct_train] wandb: project=cell_types name=exp120_tgt_temp09 mode=online url=https://wandb.ai/abel-salmona-polytechnique-montr-al/cell_types/runs/6ri63jqw
[ct_train] parameters: total=1,305,308 trainable=1,305,308
  [params] mlp_in_node_features: 26,720
  [params] transformer_layers: 633,600
  [params] type_stage1: 28,320
  [params] env_stage1: 93,056
  [params] type_probe: 2,231
  [params] env_probe: 7,383
  [params] fusion_mlp: 383,008
  [params] type_stage2: 30,551
  [params] env_stage2: 100,439
[ct_train] EMA enabled decay=0.98
[ct_train] rechunked train graphs (seed=1)

=== Epoch 1/1000 ===
[train] loss=8.6430 cls=2.7758 cme=2.7286 acc=0.2262 cells=158379
[ct_train] rechunked train graphs (seed=2)

=== Epoch 2/1000 ===
[train] loss=7.1062 cls=1.8937 cme=2.4262 acc=0.6471 cells=158379
[val]   loss=8.2376 eval=5.2566 cls=2.5585 cme=2.6981 acc=0.4358 cells=118036
[ct_train] saved best checkpoint (val_eval_loss=5.2566 val_acc=0.4358)
[ct_train] rechunked train graphs (seed=3)

=== Epoch 3/1000 ===
[train] loss=6.1896 cls=1.2128 cme=2.3176 acc=0.7812 cells=158379
[ct_train] rechunked train graphs (seed=4)

=== Epoch 4/1000 ===
[train] loss=5.7637 cls=0.8867 cme=2.2717 acc=0.8576 cells=158379
[val]   loss=6.4582 eval=3.8249 cls=1.3633 cme=2.4616 acc=0.8070 cells=118036
[ct_train] saved best checkpoint (val_eval_loss=3.8249 val_acc=0.8070)
[ct_train] rechunked train graphs (seed=5)

=== Epoch 5/1000 ===
[train] loss=5.5301 cls=0.7264 cme=2.2378 acc=0.9024 cells=158379
[ct_train] rechunked train graphs (seed=6)

=== Epoch 6/1000 ===
[train] loss=5.4261 cls=0.6474 cme=2.2263 acc=0.9211 cells=158379
[val]   loss=5.6494 eval=3.1474 cls=0.7756 cme=2.3718 acc=0.9040 cells=118036
[ct_train] saved best checkpoint (val_eval_loss=3.1474 val_acc=0.9040)
[ct_train] rechunked train graphs (seed=7)

=== Epoch 7/1000 ===
[train] loss=5.3257 cls=0.6010 cme=2.2014 acc=0.9324 cells=158379
[ct_train] rechunked train graphs (seed=8)

=== Epoch 8/1000 ===
[train] loss=5.2582 cls=0.5703 cme=2.1843 acc=0.9380 cells=158379
[val]   loss=5.3577 eval=2.9173 cls=0.5857 cme=2.3316 acc=0.9346 cells=118036
[ct_train] saved best checkpoint (val_eval_loss=2.9173 val_acc=0.9346)
[ct_train] rechunked train graphs (seed=9)

=== Epoch 9/1000 ===
[train] loss=5.2414 cls=0.5568 cme=2.1828 acc=0.9424 cells=158379
[ct_train] rechunked train graphs (seed=10)

=== Epoch 10/1000 ===
[train] loss=5.2047 cls=0.5410 cme=2.1732 acc=0.9456 cells=158379
[val]   loss=5.2328 eval=2.8281 cls=0.5202 cme=2.3080 acc=0.9460 cells=118036
[ct_train] saved best checkpoint (val_eval_loss=2.8281 val_acc=0.9460)
[ct_train] rechunked train graphs (seed=11)

=== Epoch 11/1000 ===
[train] loss=5.1624 cls=0.5302 cme=2.1586 acc=0.9481 cells=158379
[ct_train] rechunked train graphs (seed=12)

=== Epoch 12/1000 ===
[train] loss=5.1549 cls=0.5222 cme=2.1588 acc=0.9501 cells=158379
[val]   loss=5.1653 eval=2.7841 cls=0.4919 cme=2.2922 acc=0.9527 cells=118036
[ct_train] saved best checkpoint (val_eval_loss=2.7841 val_acc=0.9527)
[ct_train] rechunked train graphs (seed=13)

=== Epoch 13/1000 ===
[train] loss=5.1388 cls=0.5155 cme=2.1545 acc=0.9520 cells=158379
[ct_train] rechunked train graphs (seed=14)

=== Epoch 14/1000 ===
[train] loss=5.1206 cls=0.5082 cme=2.1493 acc=0.9541 cells=158379
[val]   loss=5.1222 eval=2.7572 cls=0.4767 cme=2.2805 acc=0.9561 cells=118036
[ct_train] saved best checkpoint (val_eval_loss=2.7572 val_acc=0.9561)
[ct_train] rechunked train graphs (seed=15)

=== Epoch 15/1000 ===
[train] loss=5.0996 cls=0.5030 cme=2.1421 acc=0.9551 cells=158379
[ct_train] rechunked train graphs (seed=16)

=== Epoch 16/1000 ===
[train] loss=5.0912 cls=0.5000 cme=2.1397 acc=0.9556 cells=158379
[val]   loss=5.0903 eval=2.7379 cls=0.4666 cme=2.2713 acc=0.9586 cells=118036
[ct_train] saved best checkpoint (val_eval_loss=2.7379 val_acc=0.9586)
[ct_train] rechunked train graphs (seed=17)

=== Epoch 17/1000 ===
[train] loss=5.0747 cls=0.4939 cme=2.1349 acc=0.9571 cells=158379
[ct_train] rechunked train graphs (seed=18)

=== Epoch 18/1000 ===
[train] loss=5.0651 cls=0.4905 cme=2.1320 acc=0.9583 cells=158379
[val]   loss=5.0682 eval=2.7248 cls=0.4596 cme=2.2652 acc=0.9603 cells=118036
[ct_train] saved best checkpoint (val_eval_loss=2.7248 val_acc=0.9603)
[ct_train] rechunked train graphs (seed=19)

=== Epoch 19/1000 ===
[train] loss=5.0633 cls=0.4864 cme=2.1330 acc=0.9594 cells=158379
[ct_train] rechunked train graphs (seed=20)

=== Epoch 20/1000 ===
[train] loss=5.0553 cls=0.4846 cme=2.1302 acc=0.9597 cells=158379
[val]   loss=5.0522 eval=2.7148 cls=0.4543 cme=2.2606 acc=0.9621 cells=118036
[ct_train] saved best checkpoint (val_eval_loss=2.7148 val_acc=0.9621)
[ct_train] rechunked train graphs (seed=21)

=== Epoch 21/1000 ===
[train] loss=5.0524 cls=0.4816 cme=2.1303 acc=0.9605 cells=158379
[ct_train] rechunked train graphs (seed=22)

=== Epoch 22/1000 ===
[train] loss=5.0347 cls=0.4796 cme=2.1229 acc=0.9612 cells=158379
[val]   loss=5.0374 eval=2.7060 cls=0.4498 cme=2.2562 acc=0.9636 cells=118036
[ct_train] saved best checkpoint (val_eval_loss=2.7060 val_acc=0.9636)
[ct_train] rechunked train graphs (seed=23)

=== Epoch 23/1000 ===
[train] loss=5.0222 cls=0.4763 cme=2.1188 acc=0.9622 cells=158379
[ct_train] rechunked train graphs (seed=24)

=== Epoch 24/1000 ===
[train] loss=5.0173 cls=0.4745 cme=2.1172 acc=0.9631 cells=158379
[val]   loss=5.0233 eval=2.6978 cls=0.4458 cme=2.2520 acc=0.9650 cells=118036
[ct_train] saved best checkpoint (val_eval_loss=2.6978 val_acc=0.9650)
[ct_train] rechunked train graphs (seed=25)

=== Epoch 25/1000 ===
[train] loss=5.0172 cls=0.4717 cme=2.1185 acc=0.9633 cells=158379
[ct_train] rechunked train graphs (seed=26)

=== Epoch 26/1000 ===
[train] loss=4.9991 cls=0.4680 cme=2.1119 acc=0.9644 cells=158379
[val]   loss=5.0111 eval=2.6904 cls=0.4422 cme=2.2483 acc=0.9658 cells=118036
[ct_train] saved best checkpoint (val_eval_loss=2.6904 val_acc=0.9658)
[ct_train] rechunked train graphs (seed=27)

=== Epoch 27/1000 ===
[train] loss=4.9923 cls=0.4661 cme=2.1096 acc=0.9648 cells=158379
[ct_train] rechunked train graphs (seed=28)

=== Epoch 28/1000 ===
[train] loss=4.9828 cls=0.4639 cme=2.1062 acc=0.9656 cells=158379
[val]   loss=5.0003 eval=2.6842 cls=0.4391 cme=2.2451 acc=0.9667 cells=118036
[ct_train] saved best checkpoint (val_eval_loss=2.6842 val_acc=0.9667)
[ct_train] rechunked train graphs (seed=29)

=== Epoch 29/1000 ===
[train] loss=4.9801 cls=0.4625 cme=2.1056 acc=0.9659 cells=158379
[ct_train] rechunked train graphs (seed=30)

=== Epoch 30/1000 ===
[train] loss=4.9801 cls=0.4615 cme=2.1062 acc=0.9661 cells=158379
[val]   loss=4.9903 eval=2.6787 cls=0.4365 cme=2.2422 acc=0.9672 cells=118036
[ct_train] saved best checkpoint (val_eval_loss=2.6787 val_acc=0.9672)
[ct_train] rechunked train graphs (seed=31)

=== Epoch 31/1000 ===
[train] loss=4.9744 cls=0.4593 cme=2.1044 acc=0.9664 cells=158379
[ct_train] rechunked train graphs (seed=32)

=== Epoch 32/1000 ===
[train] loss=4.9948 cls=0.4599 cme=2.1137 acc=0.9666 cells=158379
[val]   loss=4.9826 eval=2.6742 cls=0.4343 cme=2.2399 acc=0.9676 cells=118036
[ct_train] saved best checkpoint (val_eval_loss=2.6742 val_acc=0.9676)
[ct_train] rechunked train graphs (seed=33)

=== Epoch 33/1000 ===
[train] loss=4.9711 cls=0.4550 cme=2.1050 acc=0.9677 cells=158379
[ct_train] rechunked train graphs (seed=34)

=== Epoch 34/1000 ===
[train] loss=4.9564 cls=0.4559 cme=2.0978 acc=0.9676 cells=158379
[val]   loss=4.9761 eval=2.6703 cls=0.4323 cme=2.2380 acc=0.9681 cells=118036
[ct_train] saved best checkpoint (val_eval_loss=2.6703 val_acc=0.9681)
[ct_train] rechunked train graphs (seed=35)

=== Epoch 35/1000 ===
[train] loss=4.9650 cls=0.4546 cme=2.1022 acc=0.9682 cells=158379
[ct_train] rechunked train graphs (seed=36)

=== Epoch 36/1000 ===
[train] loss=4.9561 cls=0.4520 cme=2.0994 acc=0.9684 cells=158379
[val]   loss=4.9704 eval=2.6670 cls=0.4308 cme=2.2362 acc=0.9686 cells=118036
[ct_train] saved best checkpoint (val_eval_loss=2.6670 val_acc=0.9686)
[ct_train] rechunked train graphs (seed=37)

=== Epoch 37/1000 ===
[train] loss=4.9508 cls=0.4541 cme=2.0960 acc=0.9683 cells=158379
[ct_train] rechunked train graphs (seed=38)

=== Epoch 38/1000 ===
[train] loss=4.9376 cls=0.4505 cme=2.0916 acc=0.9691 cells=158379
[val]   loss=4.9642 eval=2.6637 cls=0.4291 cme=2.2346 acc=0.9691 cells=118036
[ct_train] saved best checkpoint (val_eval_loss=2.6637 val_acc=0.9691)
[ct_train] rechunked train graphs (seed=39)

=== Epoch 39/1000 ===
[train] loss=4.9461 cls=0.4497 cme=2.0959 acc=0.9693 cells=158379
[ct_train] rechunked train graphs (seed=40)

=== Epoch 40/1000 ===
[train] loss=4.9410 cls=0.4482 cme=2.0942 acc=0.9694 cells=158379
[val]   loss=4.9589 eval=2.6607 cls=0.4278 cme=2.2329 acc=0.9693 cells=118036
[ct_train] saved best checkpoint (val_eval_loss=2.6607 val_acc=0.9693)
[ct_train] rechunked train graphs (seed=41)

=== Epoch 41/1000 ===
[train] loss=4.9265 cls=0.4475 cme=2.0878 acc=0.9696 cells=158379
[ct_train] rechunked train graphs (seed=42)

=== Epoch 42/1000 ===
[train] loss=4.9329 cls=0.4467 cme=2.0911 acc=0.9704 cells=158379
[val]   loss=4.9543 eval=2.6580 cls=0.4265 cme=2.2315 acc=0.9697 cells=118036
[ct_train] saved best checkpoint (val_eval_loss=2.6580 val_acc=0.9697)
[ct_train] rechunked train graphs (seed=43)

=== Epoch 43/1000 ===
[train] loss=4.9422 cls=0.4464 cme=2.0955 acc=0.9701 cells=158379
[ct_train] rechunked train graphs (seed=44)

=== Epoch 44/1000 ===
[train] loss=4.9253 cls=0.4453 cme=2.0884 acc=0.9707 cells=158379
[val]   loss=4.9509 eval=2.6561 cls=0.4255 cme=2.2306 acc=0.9701 cells=118036
[ct_train] saved best checkpoint (val_eval_loss=2.6561 val_acc=0.9701)
[ct_train] rechunked train graphs (seed=45)

=== Epoch 45/1000 ===
[train] loss=4.9329 cls=0.4452 cme=2.0918 acc=0.9707 cells=158379
[ct_train] rechunked train graphs (seed=46)

=== Epoch 46/1000 ===
[train] loss=4.9120 cls=0.4426 cme=2.0834 acc=0.9711 cells=158379
[val]   loss=4.9471 eval=2.6536 cls=0.4244 cme=2.2292 acc=0.9703 cells=118036
[ct_train] saved best checkpoint (val_eval_loss=2.6536 val_acc=0.9703)
[ct_train] rechunked train graphs (seed=47)

=== Epoch 47/1000 ===
[train] loss=4.9237 cls=0.4421 cme=2.0890 acc=0.9714 cells=158379
[ct_train] rechunked train graphs (seed=48)

=== Epoch 48/1000 ===
[train] loss=4.9102 cls=0.4415 cme=2.0830 acc=0.9716 cells=158379
[val]   loss=4.9438 eval=2.6517 cls=0.4234 cme=2.2283 acc=0.9705 cells=118036
[ct_train] saved best checkpoint (val_eval_loss=2.6517 val_acc=0.9705)
[ct_train] rechunked train graphs (seed=49)

=== Epoch 49/1000 ===
[train] loss=4.9156 cls=0.4414 cme=2.0856 acc=0.9717 cells=158379
[ct_train] rechunked train graphs (seed=50)

=== Epoch 50/1000 ===
[train] loss=4.9045 cls=0.4398 cme=2.0812 acc=0.9720 cells=158379
[val]   loss=4.9411 eval=2.6503 cls=0.4225 cme=2.2278 acc=0.9709 cells=118036
[ct_train] saved best checkpoint (val_eval_loss=2.6503 val_acc=0.9709)
[ct_train] rechunked train graphs (seed=51)

=== Epoch 51/1000 ===
[train] loss=4.8983 cls=0.4394 cme=2.0785 acc=0.9720 cells=158379
[ct_train] rechunked train graphs (seed=52)

=== Epoch 52/1000 ===
[train] loss=4.8974 cls=0.4386 cme=2.0785 acc=0.9726 cells=158379
[val]   loss=4.9378 eval=2.6485 cls=0.4216 cme=2.2269 acc=0.9712 cells=118036
[ct_train] saved best checkpoint (val_eval_loss=2.6485 val_acc=0.9712)
[ct_train] rechunked train graphs (seed=53)

=== Epoch 53/1000 ===
[train] loss=4.8952 cls=0.4375 cme=2.0780 acc=0.9727 cells=158379
[ct_train] rechunked train graphs (seed=54)

=== Epoch 54/1000 ===
[train] loss=4.9143 cls=0.4385 cme=2.0864 acc=0.9727 cells=158379
[val]   loss=4.9352 eval=2.6470 cls=0.4209 cme=2.2262 acc=0.9714 cells=118036
[ct_train] saved best checkpoint (val_eval_loss=2.6470 val_acc=0.9714)
[ct_train] rechunked train graphs (seed=55)

=== Epoch 55/1000 ===
[train] loss=4.8968 cls=0.4367 cme=2.0791 acc=0.9725 cells=158379
[ct_train] rechunked train graphs (seed=56)

=== Epoch 56/1000 ===
[train] loss=4.8959 cls=0.4358 cme=2.0790 acc=0.9735 cells=158379
[val]   loss=4.9322 eval=2.6452 cls=0.4201 cme=2.2251 acc=0.9716 cells=118036
[ct_train] saved best checkpoint (val_eval_loss=2.6452 val_acc=0.9716)
[ct_train] rechunked train graphs (seed=57)

=== Epoch 57/1000 ===
[train] loss=4.8927 cls=0.4352 cme=2.0779 acc=0.9732 cells=158379
[ct_train] rechunked train graphs (seed=58)

=== Epoch 58/1000 ===
[train] loss=4.8907 cls=0.4348 cme=2.0771 acc=0.9738 cells=158379
[val]   loss=4.9302 eval=2.6438 cls=0.4193 cme=2.2245 acc=0.9718 cells=118036
[ct_train] saved best checkpoint (val_eval_loss=2.6438 val_acc=0.9718)
[ct_train] rechunked train graphs (seed=59)

=== Epoch 59/1000 ===
[train] loss=4.8837 cls=0.4325 cme=2.0751 acc=0.9741 cells=158379
[ct_train] rechunked train graphs (seed=60)

=== Epoch 60/1000 ===
[train] loss=4.8930 cls=0.4337 cme=2.0787 acc=0.9738 cells=158379
[val]   loss=4.9284 eval=2.6427 cls=0.4188 cme=2.2239 acc=0.9721 cells=118036
[ct_train] saved best checkpoint (val_eval_loss=2.6427 val_acc=0.9721)
[ct_train] rechunked train graphs (seed=61)

=== Epoch 61/1000 ===
[train] loss=4.8824 cls=0.4329 cme=2.0741 acc=0.9744 cells=158379
[ct_train] rechunked train graphs (seed=62)

=== Epoch 62/1000 ===
[train] loss=4.8908 cls=0.4332 cme=2.0779 acc=0.9741 cells=158379
[val]   loss=4.9263 eval=2.6421 cls=0.4185 cme=2.2236 acc=0.9723 cells=118036
[ct_train] saved best checkpoint (val_eval_loss=2.6421 val_acc=0.9723)
[ct_train] rechunked train graphs (seed=63)

=== Epoch 63/1000 ===
[train] loss=4.8797 cls=0.4323 cme=2.0732 acc=0.9739 cells=158379
[ct_train] rechunked train graphs (seed=64)

=== Epoch 64/1000 ===
[train] loss=4.8689 cls=0.4307 cme=2.0689 acc=0.9746 cells=158379
[val]   loss=4.9252 eval=2.6413 cls=0.4179 cme=2.2233 acc=0.9726 cells=118036
[ct_train] saved best checkpoint (val_eval_loss=2.6413 val_acc=0.9726)
[ct_train] rechunked train graphs (seed=65)

=== Epoch 65/1000 ===
[train] loss=4.8802 cls=0.4307 cme=2.0742 acc=0.9746 cells=158379
[ct_train] rechunked train graphs (seed=66)

=== Epoch 66/1000 ===
[train] loss=4.8847 cls=0.4304 cme=2.0764 acc=0.9748 cells=158379
[val]   loss=4.9228 eval=2.6400 cls=0.4174 cme=2.2225 acc=0.9726 cells=118036
[ct_train] saved best checkpoint (val_eval_loss=2.6400 val_acc=0.9726)
[ct_train] rechunked train graphs (seed=67)

=== Epoch 67/1000 ===
[train] loss=4.8778 cls=0.4305 cme=2.0732 acc=0.9745 cells=158379
[ct_train] rechunked train graphs (seed=68)

=== Epoch 68/1000 ===
[train] loss=4.8732 cls=0.4294 cme=2.0715 acc=0.9746 cells=158379
[val]   loss=4.9211 eval=2.6391 cls=0.4169 cme=2.2222 acc=0.9728 cells=118036
[ct_train] saved best checkpoint (val_eval_loss=2.6391 val_acc=0.9728)
[ct_train] rechunked train graphs (seed=69)

=== Epoch 69/1000 ===
[train] loss=4.8618 cls=0.4284 cme=2.0667 acc=0.9751 cells=158379
[ct_train] rechunked train graphs (seed=70)

=== Epoch 70/1000 ===
[train] loss=4.8612 cls=0.4292 cme=2.0661 acc=0.9756 cells=158379
[val]   loss=4.9198 eval=2.6384 cls=0.4164 cme=2.2220 acc=0.9728 cells=118036
[ct_train] saved best checkpoint (val_eval_loss=2.6384 val_acc=0.9728)
[ct_train] rechunked train graphs (seed=71)

=== Epoch 71/1000 ===
[train] loss=4.8737 cls=0.4284 cme=2.0722 acc=0.9758 cells=158379
[ct_train] rechunked train graphs (seed=72)

=== Epoch 72/1000 ===
[train] loss=4.8613 cls=0.4275 cme=2.0669 acc=0.9752 cells=158379
[val]   loss=4.9181 eval=2.6374 cls=0.4160 cme=2.2214 acc=0.9731 cells=118036
[ct_train] saved best checkpoint (val_eval_loss=2.6374 val_acc=0.9731)
[ct_train] rechunked train graphs (seed=73)

=== Epoch 73/1000 ===
[train] loss=4.8706 cls=0.4277 cme=2.0711 acc=0.9750 cells=158379
[ct_train] rechunked train graphs (seed=74)

=== Epoch 74/1000 ===
[train] loss=4.8802 cls=0.4271 cme=2.0758 acc=0.9754 cells=158379
[val]   loss=4.9162 eval=2.6370 cls=0.4158 cme=2.2212 acc=0.9731 cells=118036
[ct_train] saved best checkpoint (val_eval_loss=2.6370 val_acc=0.9731)
[ct_train] rechunked train graphs (seed=75)

=== Epoch 75/1000 ===
[train] loss=4.8537 cls=0.4257 cme=2.0643 acc=0.9755 cells=158379
[ct_train] rechunked train graphs (seed=76)

=== Epoch 76/1000 ===
[train] loss=4.8526 cls=0.4250 cme=2.0639 acc=0.9758 cells=158379
[val]   loss=4.9157 eval=2.6363 cls=0.4154 cme=2.2209 acc=0.9733 cells=118036
[ct_train] saved best checkpoint (val_eval_loss=2.6363 val_acc=0.9733)
[ct_train] rechunked train graphs (seed=77)

=== Epoch 77/1000 ===
[train] loss=4.8509 cls=0.4246 cme=2.0635 acc=0.9765 cells=158379
[ct_train] rechunked train graphs (seed=78)

=== Epoch 78/1000 ===
[train] loss=4.8529 cls=0.4246 cme=2.0643 acc=0.9759 cells=158379
[val]   loss=4.9135 eval=2.6350 cls=0.4150 cme=2.2200 acc=0.9734 cells=118036
[ct_train] saved best checkpoint (val_eval_loss=2.6350 val_acc=0.9734)
[ct_train] rechunked train graphs (seed=79)

=== Epoch 79/1000 ===
[train] loss=4.8583 cls=0.4240 cme=2.0671 acc=0.9762 cells=158379
[ct_train] rechunked train graphs (seed=80)

=== Epoch 80/1000 ===
[train] loss=4.8437 cls=0.4240 cme=2.0604 acc=0.9764 cells=158379
[val]   loss=4.9122 eval=2.6344 cls=0.4146 cme=2.2198 acc=0.9736 cells=118036
[ct_train] saved best checkpoint (val_eval_loss=2.6344 val_acc=0.9736)
[ct_train] rechunked train graphs (seed=81)

=== Epoch 81/1000 ===
[train] loss=4.8427 cls=0.4230 cme=2.0603 acc=0.9764 cells=158379
[ct_train] rechunked train graphs (seed=82)

=== Epoch 82/1000 ===
[train] loss=4.8434 cls=0.4222 cme=2.0611 acc=0.9772 cells=158379
[val]   loss=4.9107 eval=2.6338 cls=0.4142 cme=2.2195 acc=0.9736 cells=118036
[ct_train] saved best checkpoint (val_eval_loss=2.6338 val_acc=0.9736)
[ct_train] rechunked train graphs (seed=83)

=== Epoch 83/1000 ===
[train] loss=4.8470 cls=0.4220 cme=2.0628 acc=0.9769 cells=158379
[ct_train] rechunked train graphs (seed=84)

=== Epoch 84/1000 ===
[train] loss=4.8405 cls=0.4218 cme=2.0600 acc=0.9774 cells=158379
[val]   loss=4.9104 eval=2.6337 cls=0.4140 cme=2.2197 acc=0.9737 cells=118036
[ct_train] saved best checkpoint (val_eval_loss=2.6337 val_acc=0.9737)
[ct_train] early_stopping: no improve on val/eval_loss for 1/45 val checks
[ct_train] rechunked train graphs (seed=85)

=== Epoch 85/1000 ===
[train] loss=4.8355 cls=0.4212 cme=2.0579 acc=0.9774 cells=158379
[ct_train] rechunked train graphs (seed=86)

=== Epoch 86/1000 ===
[train] loss=4.8490 cls=0.4216 cme=2.0640 acc=0.9769 cells=158379
[val]   loss=4.9088 eval=2.6328 cls=0.4138 cme=2.2190 acc=0.9738 cells=118036
[ct_train] saved best checkpoint (val_eval_loss=2.6328 val_acc=0.9738)
[ct_train] rechunked train graphs (seed=87)

=== Epoch 87/1000 ===
[train] loss=4.8407 cls=0.4213 cme=2.0602 acc=0.9770 cells=158379
[ct_train] rechunked train graphs (seed=88)

=== Epoch 88/1000 ===
[train] loss=4.8574 cls=0.4216 cme=2.0679 acc=0.9773 cells=158379
[val]   loss=4.9078 eval=2.6321 cls=0.4134 cme=2.2186 acc=0.9739 cells=118036
[ct_train] saved best checkpoint (val_eval_loss=2.6321 val_acc=0.9739)
[ct_train] rechunked train graphs (seed=89)

=== Epoch 89/1000 ===
[train] loss=4.8398 cls=0.4207 cme=2.0601 acc=0.9774 cells=158379
[ct_train] rechunked train graphs (seed=90)

=== Epoch 90/1000 ===
[train] loss=4.8397 cls=0.4192 cme=2.0609 acc=0.9783 cells=158379
[val]   loss=4.9077 eval=2.6319 cls=0.4131 cme=2.2188 acc=0.9739 cells=118036
[ct_train] saved best checkpoint (val_eval_loss=2.6319 val_acc=0.9739)
[ct_train] early_stopping: no improve on val/eval_loss for 1/45 val checks
[ct_train] rechunked train graphs (seed=91)

=== Epoch 91/1000 ===
[train] loss=4.8297 cls=0.4180 cme=2.0567 acc=0.9780 cells=158379
[ct_train] rechunked train graphs (seed=92)

=== Epoch 92/1000 ===
[train] loss=4.8311 cls=0.4182 cme=2.0572 acc=0.9780 cells=158379
[val]   loss=4.9062 eval=2.6310 cls=0.4128 cme=2.2181 acc=0.9741 cells=118036
[ct_train] saved best checkpoint (val_eval_loss=2.6310 val_acc=0.9741)
[ct_train] rechunked train graphs (seed=93)

=== Epoch 93/1000 ===
[train] loss=4.8378 cls=0.4186 cme=2.0602 acc=0.9782 cells=158379
[ct_train] rechunked train graphs (seed=94)

=== Epoch 94/1000 ===
[train] loss=4.8267 cls=0.4177 cme=2.0555 acc=0.9782 cells=158379
[val]   loss=4.9050 eval=2.6304 cls=0.4126 cme=2.2178 acc=0.9743 cells=118036
[ct_train] saved best checkpoint (val_eval_loss=2.6304 val_acc=0.9743)
[ct_train] rechunked train graphs (seed=95)

=== Epoch 95/1000 ===
[train] loss=4.8589 cls=0.4191 cme=2.0697 acc=0.9779 cells=158379
[ct_train] rechunked train graphs (seed=96)

=== Epoch 96/1000 ===
[train] loss=4.8395 cls=0.4174 cme=2.0615 acc=0.9784 cells=158379
[val]   loss=4.9037 eval=2.6297 cls=0.4124 cme=2.2173 acc=0.9743 cells=118036
[ct_train] saved best checkpoint (val_eval_loss=2.6297 val_acc=0.9743)
[ct_train] rechunked train graphs (seed=97)

=== Epoch 97/1000 ===
[train] loss=4.8299 cls=0.4164 cme=2.0575 acc=0.9787 cells=158379
[ct_train] rechunked train graphs (seed=98)

=== Epoch 98/1000 ===
[train] loss=4.8253 cls=0.4189 cme=2.0543 acc=0.9781 cells=158379
[val]   loss=4.9031 eval=2.6293 cls=0.4120 cme=2.2173 acc=0.9743 cells=118036
[ct_train] saved best checkpoint (val_eval_loss=2.6293 val_acc=0.9743)
[ct_train] rechunked train graphs (seed=99)

=== Epoch 99/1000 ===
[train] loss=4.8133 cls=0.4183 cme=2.0490 acc=0.9780 cells=158379
[ct_train] rechunked train graphs (seed=100)

=== Epoch 100/1000 ===
[train] loss=4.8164 cls=0.4163 cme=2.0513 acc=0.9786 cells=158379
[val]   loss=4.9033 eval=2.6293 cls=0.4119 cme=2.2174 acc=0.9744 cells=118036
[ct_train] early_stopping: no improve on val/eval_loss for 1/45 val checks
[ct_train] rechunked train graphs (seed=101)

=== Epoch 101/1000 ===
[train] loss=4.8347 cls=0.4164 cme=2.0598 acc=0.9792 cells=158379
[ct_train] rechunked train graphs (seed=102)

=== Epoch 102/1000 ===
[train] loss=4.8191 cls=0.4146 cme=2.0534 acc=0.9790 cells=158379
[val]   loss=4.9021 eval=2.6288 cls=0.4116 cme=2.2172 acc=0.9745 cells=118036
[ct_train] saved best checkpoint (val_eval_loss=2.6288 val_acc=0.9745)
[ct_train] rechunked train graphs (seed=103)

=== Epoch 103/1000 ===
[train] loss=4.8279 cls=0.4149 cme=2.0573 acc=0.9791 cells=158379
[ct_train] rechunked train graphs (seed=104)

=== Epoch 104/1000 ===
[train] loss=4.8133 cls=0.4150 cme=2.0505 acc=0.9788 cells=158379
[val]   loss=4.9015 eval=2.6285 cls=0.4113 cme=2.2172 acc=0.9746 cells=118036
[ct_train] saved best checkpoint (val_eval_loss=2.6285 val_acc=0.9746)
[ct_train] early_stopping: no improve on val/eval_loss for 1/45 val checks
[ct_train] rechunked train graphs (seed=105)

=== Epoch 105/1000 ===
[train] loss=4.8151 cls=0.4152 cme=2.0512 acc=0.9792 cells=158379
[ct_train] rechunked train graphs (seed=106)

=== Epoch 106/1000 ===
[train] loss=4.8137 cls=0.4147 cme=2.0508 acc=0.9787 cells=158379
[val]   loss=4.9013 eval=2.6286 cls=0.4113 cme=2.2173 acc=0.9747 cells=118036
[ct_train] early_stopping: no improve on val/eval_loss for 2/45 val checks
[ct_train] rechunked train graphs (seed=107)

=== Epoch 107/1000 ===
[train] loss=4.8182 cls=0.4142 cme=2.0532 acc=0.9791 cells=158379
[ct_train] rechunked train graphs (seed=108)

=== Epoch 108/1000 ===
[train] loss=4.8327 cls=0.4143 cme=2.0598 acc=0.9790 cells=158379
[val]   loss=4.9000 eval=2.6278 cls=0.4109 cme=2.2169 acc=0.9747 cells=118036
[ct_train] saved best checkpoint (val_eval_loss=2.6278 val_acc=0.9747)
[ct_train] rechunked train graphs (seed=109)

=== Epoch 109/1000 ===
[train] loss=4.8069 cls=0.4127 cme=2.0486 acc=0.9796 cells=158379
[ct_train] rechunked train graphs (seed=110)

=== Epoch 110/1000 ===
[train] loss=4.8105 cls=0.4133 cme=2.0500 acc=0.9792 cells=158379
[val]   loss=4.8993 eval=2.6278 cls=0.4107 cme=2.2171 acc=0.9748 cells=118036
[ct_train] saved best checkpoint (val_eval_loss=2.6278 val_acc=0.9748)
[ct_train] early_stopping: no improve on val/eval_loss for 1/45 val checks
[ct_train] rechunked train graphs (seed=111)

=== Epoch 111/1000 ===
[train] loss=4.8024 cls=0.4121 cme=2.0469 acc=0.9797 cells=158379
[ct_train] rechunked train graphs (seed=112)

=== Epoch 112/1000 ===
[train] loss=4.8032 cls=0.4122 cme=2.0470 acc=0.9801 cells=158379
[val]   loss=4.8989 eval=2.6275 cls=0.4107 cme=2.2168 acc=0.9748 cells=118036
[ct_train] saved best checkpoint (val_eval_loss=2.6275 val_acc=0.9748)
[ct_train] early_stopping: no improve on val/eval_loss for 2/45 val checks
[ct_train] rechunked train graphs (seed=113)

=== Epoch 113/1000 ===
[train] loss=4.8105 cls=0.4112 cme=2.0510 acc=0.9802 cells=158379
[ct_train] rechunked train graphs (seed=114)

=== Epoch 114/1000 ===
[train] loss=4.8082 cls=0.4119 cme=2.0496 acc=0.9802 cells=158379
[val]   loss=4.8977 eval=2.6269 cls=0.4105 cme=2.2164 acc=0.9748 cells=118036
[ct_train] saved best checkpoint (val_eval_loss=2.6269 val_acc=0.9748)
[ct_train] rechunked train graphs (seed=115)

=== Epoch 115/1000 ===
[train] loss=4.7939 cls=0.4117 cme=2.0431 acc=0.9801 cells=158379
[ct_train] rechunked train graphs (seed=116)

=== Epoch 116/1000 ===
[train] loss=4.7980 cls=0.4117 cme=2.0449 acc=0.9800 cells=158379
[val]   loss=4.8976 eval=2.6269 cls=0.4103 cme=2.2166 acc=0.9749 cells=118036
[ct_train] early_stopping: no improve on val/eval_loss for 1/45 val checks
[ct_train] rechunked train graphs (seed=117)

=== Epoch 117/1000 ===
[train] loss=4.8036 cls=0.4114 cme=2.0477 acc=0.9805 cells=158379
[ct_train] rechunked train graphs (seed=118)

=== Epoch 118/1000 ===
[train] loss=4.7987 cls=0.4106 cme=2.0458 acc=0.9801 cells=158379
[val]   loss=4.8974 eval=2.6266 cls=0.4102 cme=2.2163 acc=0.9750 cells=118036
[ct_train] saved best checkpoint (val_eval_loss=2.6266 val_acc=0.9750)
[ct_train] rechunked train graphs (seed=119)

=== Epoch 119/1000 ===
[train] loss=4.7848 cls=0.4090 cme=2.0401 acc=0.9807 cells=158379
[ct_train] rechunked train graphs (seed=120)

=== Epoch 120/1000 ===
[train] loss=4.7887 cls=0.4098 cme=2.0415 acc=0.9808 cells=158379
[val]   loss=4.8973 eval=2.6264 cls=0.4100 cme=2.2164 acc=0.9750 cells=118036
[ct_train] saved best checkpoint (val_eval_loss=2.6264 val_acc=0.9750)
[ct_train] early_stopping: no improve on val/eval_loss for 1/45 val checks
[ct_train] rechunked train graphs (seed=121)

=== Epoch 121/1000 ===
[train] loss=4.8033 cls=0.4102 cme=2.0481 acc=0.9803 cells=158379
[ct_train] rechunked train graphs (seed=122)

=== Epoch 122/1000 ===
[train] loss=4.7865 cls=0.4100 cme=2.0404 acc=0.9803 cells=158379
[val]   loss=4.8954 eval=2.6254 cls=0.4097 cme=2.2157 acc=0.9750 cells=118036
[ct_train] saved best checkpoint (val_eval_loss=2.6254 val_acc=0.9750)
[ct_train] rechunked train graphs (seed=123)

=== Epoch 123/1000 ===
[train] loss=4.7985 cls=0.4099 cme=2.0460 acc=0.9806 cells=158379
[ct_train] rechunked train graphs (seed=124)

=== Epoch 124/1000 ===
[train] loss=4.8016 cls=0.4087 cme=2.0480 acc=0.9808 cells=158379
[val]   loss=4.8958 eval=2.6255 cls=0.4096 cme=2.2159 acc=0.9751 cells=118036
[ct_train] early_stopping: no improve on val/eval_loss for 1/45 val checks
[ct_train] rechunked train graphs (seed=125)

=== Epoch 125/1000 ===
[train] loss=4.7963 cls=0.4098 cme=2.0450 acc=0.9807 cells=158379
[ct_train] rechunked train graphs (seed=126)

=== Epoch 126/1000 ===
[train] loss=4.7896 cls=0.4086 cme=2.0425 acc=0.9809 cells=158379
[val]   loss=4.8949 eval=2.6252 cls=0.4094 cme=2.2158 acc=0.9753 cells=118036
[ct_train] saved best checkpoint (val_eval_loss=2.6252 val_acc=0.9753)
[ct_train] early_stopping: no improve on val/eval_loss for 2/45 val checks
[ct_train] rechunked train graphs (seed=127)

=== Epoch 127/1000 ===
[train] loss=4.8167 cls=0.4084 cme=2.0552 acc=0.9811 cells=158379
[ct_train] rechunked train graphs (seed=128)

=== Epoch 128/1000 ===
[train] loss=4.7939 cls=0.4076 cme=2.0450 acc=0.9813 cells=158379
[val]   loss=4.8937 eval=2.6250 cls=0.4094 cme=2.2156 acc=0.9753 cells=118036
[ct_train] saved best checkpoint (val_eval_loss=2.6250 val_acc=0.9753)
[ct_train] early_stopping: no improve on val/eval_loss for 3/45 val checks
[ct_train] rechunked train graphs (seed=129)

=== Epoch 129/1000 ===
[train] loss=4.7964 cls=0.4074 cme=2.0463 acc=0.9813 cells=158379
[ct_train] rechunked train graphs (seed=130)

=== Epoch 130/1000 ===
[train] loss=4.7889 cls=0.4066 cme=2.0430 acc=0.9819 cells=158379
[val]   loss=4.8926 eval=2.6245 cls=0.4094 cme=2.2151 acc=0.9754 cells=118036
[ct_train] saved best checkpoint (val_eval_loss=2.6245 val_acc=0.9754)
[ct_train] rechunked train graphs (seed=131)

=== Epoch 131/1000 ===
[train] loss=4.7897 cls=0.4072 cme=2.0432 acc=0.9810 cells=158379
[ct_train] rechunked train graphs (seed=132)

=== Epoch 132/1000 ===
[train] loss=4.7830 cls=0.4068 cme=2.0403 acc=0.9815 cells=158379
[val]   loss=4.8913 eval=2.6241 cls=0.4094 cme=2.2147 acc=0.9752 cells=118036
[ct_train] saved best checkpoint (val_eval_loss=2.6241 val_acc=0.9754)
[ct_train] rechunked train graphs (seed=133)

=== Epoch 133/1000 ===
[train] loss=4.7875 cls=0.4068 cme=2.0424 acc=0.9815 cells=158379
[ct_train] rechunked train graphs (seed=134)

=== Epoch 134/1000 ===
[train] loss=4.7920 cls=0.4078 cme=2.0440 acc=0.9814 cells=158379
[val]   loss=4.8914 eval=2.6242 cls=0.4095 cme=2.2147 acc=0.9752 cells=118036
[ct_train] early_stopping: no improve on val/eval_loss for 1/45 val checks
[ct_train] rechunked train graphs (seed=135)

=== Epoch 135/1000 ===
[train] loss=4.7818 cls=0.4061 cme=2.0402 acc=0.9818 cells=158379
[ct_train] rechunked train graphs (seed=136)

=== Epoch 136/1000 ===
[train] loss=4.7696 cls=0.4052 cme=2.0348 acc=0.9820 cells=158379
[val]   loss=4.8918 eval=2.6243 cls=0.4095 cme=2.2148 acc=0.9753 cells=118036
[ct_train] early_stopping: no improve on val/eval_loss for 2/45 val checks
[ct_train] rechunked train graphs (seed=137)

=== Epoch 137/1000 ===
[train] loss=4.7918 cls=0.4064 cme=2.0445 acc=0.9816 cells=158379
[ct_train] rechunked train graphs (seed=138)

=== Epoch 138/1000 ===
[train] loss=4.7708 cls=0.4064 cme=2.0348 acc=0.9817 cells=158379
[val]   loss=4.8912 eval=2.6241 cls=0.4094 cme=2.2147 acc=0.9753 cells=118036
[ct_train] early_stopping: no improve on val/eval_loss for 3/45 val checks
[ct_train] rechunked train graphs (seed=139)

=== Epoch 139/1000 ===
[train] loss=4.7781 cls=0.4056 cme=2.0386 acc=0.9819 cells=158379
[ct_train] rechunked train graphs (seed=140)

=== Epoch 140/1000 ===
[train] loss=4.7746 cls=0.4045 cme=2.0374 acc=0.9825 cells=158379
[val]   loss=4.8914 eval=2.6243 cls=0.4094 cme=2.2149 acc=0.9754 cells=118036
[ct_train] early_stopping: no improve on val/eval_loss for 4/45 val checks
[ct_train] rechunked train graphs (seed=141)

=== Epoch 141/1000 ===
[train] loss=4.7766 cls=0.4048 cme=2.0383 acc=0.9820 cells=158379
[ct_train] rechunked train graphs (seed=142)

=== Epoch 142/1000 ===
[train] loss=4.7755 cls=0.4042 cme=2.0380 acc=0.9825 cells=158379
[val]   loss=4.8906 eval=2.6237 cls=0.4093 cme=2.2143 acc=0.9754 cells=118036
[ct_train] saved best checkpoint (val_eval_loss=2.6237 val_acc=0.9754)
[ct_train] rechunked train graphs (seed=143)

=== Epoch 143/1000 ===
[train] loss=4.7720 cls=0.4046 cme=2.0362 acc=0.9822 cells=158379
[ct_train] rechunked train graphs (seed=144)

=== Epoch 144/1000 ===
[train] loss=4.7754 cls=0.4050 cme=2.0377 acc=0.9822 cells=158379
[val]   loss=4.8904 eval=2.6235 cls=0.4092 cme=2.2142 acc=0.9755 cells=118036
[ct_train] saved best checkpoint (val_eval_loss=2.6235 val_acc=0.9755)
[ct_train] early_stopping: no improve on val/eval_loss for 1/45 val checks
[ct_train] rechunked train graphs (seed=145)

=== Epoch 145/1000 ===
[train] loss=4.7827 cls=0.4047 cme=2.0410 acc=0.9822 cells=158379
[ct_train] rechunked train graphs (seed=146)

=== Epoch 146/1000 ===
[train] loss=4.7672 cls=0.4034 cme=2.0346 acc=0.9824 cells=158379
[val]   loss=4.8895 eval=2.6233 cls=0.4092 cme=2.2141 acc=0.9755 cells=118036
[ct_train] saved best checkpoint (val_eval_loss=2.6233 val_acc=0.9755)
[ct_train] early_stopping: no improve on val/eval_loss for 2/45 val checks
[ct_train] rechunked train graphs (seed=147)

=== Epoch 147/1000 ===
[train] loss=4.7744 cls=0.4031 cme=2.0380 acc=0.9828 cells=158379
[ct_train] rechunked train graphs (seed=148)

=== Epoch 148/1000 ===
[train] loss=4.7737 cls=0.4027 cme=2.0379 acc=0.9829 cells=158379
[val]   loss=4.8890 eval=2.6228 cls=0.4092 cme=2.2136 acc=0.9755 cells=118036
[ct_train] saved best checkpoint (val_eval_loss=2.6228 val_acc=0.9755)
[ct_train] rechunked train graphs (seed=149)

=== Epoch 149/1000 ===
[train] loss=4.7664 cls=0.4035 cme=2.0342 acc=0.9824 cells=158379
[ct_train] rechunked train graphs (seed=150)

=== Epoch 150/1000 ===
[train] loss=4.7649 cls=0.4025 cme=2.0339 acc=0.9828 cells=158379
[val]   loss=4.8892 eval=2.6229 cls=0.4092 cme=2.2137 acc=0.9755 cells=118036
[ct_train] early_stopping: no improve on val/eval_loss for 1/45 val checks
[ct_train] rechunked train graphs (seed=151)

=== Epoch 151/1000 ===
[train] loss=4.7707 cls=0.4029 cme=2.0364 acc=0.9829 cells=158379
[ct_train] rechunked train graphs (seed=152)

=== Epoch 152/1000 ===
[train] loss=4.7785 cls=0.4038 cme=2.0396 acc=0.9824 cells=158379
[val]   loss=4.8880 eval=2.6228 cls=0.4091 cme=2.2136 acc=0.9755 cells=118036
[ct_train] saved best checkpoint (val_eval_loss=2.6228 val_acc=0.9755)
[ct_train] early_stopping: no improve on val/eval_loss for 2/45 val checks
[ct_train] rechunked train graphs (seed=153)

=== Epoch 153/1000 ===
[train] loss=4.7626 cls=0.4032 cme=2.0325 acc=0.9827 cells=158379
[ct_train] rechunked train graphs (seed=154)

=== Epoch 154/1000 ===
[train] loss=4.7610 cls=0.4022 cme=2.0322 acc=0.9828 cells=158379
[val]   loss=4.8885 eval=2.6231 cls=0.4090 cme=2.2141 acc=0.9756 cells=118036
[ct_train] early_stopping: no improve on val/eval_loss for 3/45 val checks
[ct_train] rechunked train graphs (seed=155)

=== Epoch 155/1000 ===
[train] loss=4.7735 cls=0.4023 cme=2.0380 acc=0.9831 cells=158379
[ct_train] rechunked train graphs (seed=156)

=== Epoch 156/1000 ===
[train] loss=4.7623 cls=0.4014 cme=2.0332 acc=0.9837 cells=158379
[val]   loss=4.8895 eval=2.6237 cls=0.4091 cme=2.2146 acc=0.9754 cells=118036
[ct_train] early_stopping: no improve on val/eval_loss for 4/45 val checks
[ct_train] rechunked train graphs (seed=157)

=== Epoch 157/1000 ===
[train] loss=4.7596 cls=0.4013 cme=2.0321 acc=0.9832 cells=158379
[ct_train] rechunked train graphs (seed=158)

=== Epoch 158/1000 ===
[train] loss=4.7634 cls=0.4014 cme=2.0337 acc=0.9832 cells=158379
[val]   loss=4.8893 eval=2.6234 cls=0.4091 cme=2.2143 acc=0.9755 cells=118036
[ct_train] early_stopping: no improve on val/eval_loss for 5/45 val checks
[ct_train] rechunked train graphs (seed=159)

=== Epoch 159/1000 ===
[train] loss=4.7536 cls=0.3999 cme=2.0298 acc=0.9838 cells=158379
[ct_train] rechunked train graphs (seed=160)

=== Epoch 160/1000 ===
[train] loss=4.7687 cls=0.4005 cme=2.0366 acc=0.9839 cells=158379
[val]   loss=4.8900 eval=2.6237 cls=0.4091 cme=2.2146 acc=0.9755 cells=118036
[ct_train] early_stopping: no improve on val/eval_loss for 6/45 val checks
[ct_train] rechunked train graphs (seed=161)

=== Epoch 161/1000 ===
[train] loss=4.7579 cls=0.3997 cme=2.0320 acc=0.9841 cells=158379
[ct_train] rechunked train graphs (seed=162)

=== Epoch 162/1000 ===
[train] loss=4.7606 cls=0.3998 cme=2.0331 acc=0.9839 cells=158379
[val]   loss=4.8895 eval=2.6236 cls=0.4090 cme=2.2146 acc=0.9755 cells=118036
[ct_train] early_stopping: no improve on val/eval_loss for 7/45 val checks
[ct_train] rechunked train graphs (seed=163)

=== Epoch 163/1000 ===
[train] loss=4.7499 cls=0.3999 cme=2.0281 acc=0.9841 cells=158379
[ct_train] rechunked train graphs (seed=164)

=== Epoch 164/1000 ===
[train] loss=4.7491 cls=0.3992 cme=2.0281 acc=0.9839 cells=158379
[val]   loss=4.8890 eval=2.6233 cls=0.4089 cme=2.2144 acc=0.9755 cells=118036
[ct_train] early_stopping: no improve on val/eval_loss for 8/45 val checks
[ct_train] rechunked train graphs (seed=165)

=== Epoch 165/1000 ===
[train] loss=4.7503 cls=0.3996 cme=2.0285 acc=0.9838 cells=158379
[ct_train] rechunked train graphs (seed=166)

=== Epoch 166/1000 ===
[train] loss=4.7488 cls=0.3987 cme=2.0283 acc=0.9839 cells=158379
[val]   loss=4.8898 eval=2.6235 cls=0.4089 cme=2.2146 acc=0.9755 cells=118036
[ct_train] early_stopping: no improve on val/eval_loss for 9/45 val checks
[ct_train] rechunked train graphs (seed=167)

=== Epoch 167/1000 ===
[train] loss=4.7587 cls=0.3992 cme=2.0325 acc=0.9842 cells=158379
[ct_train] rechunked train graphs (seed=168)

=== Epoch 168/1000 ===
[train] loss=4.7497 cls=0.3981 cme=2.0289 acc=0.9841 cells=158379
[val]   loss=4.8890 eval=2.6232 cls=0.4088 cme=2.2144 acc=0.9757 cells=118036
[ct_train] early_stopping: no improve on val/eval_loss for 10/45 val checks
[ct_train] rechunked train graphs (seed=169)

=== Epoch 169/1000 ===
[train] loss=4.7435 cls=0.3976 cme=2.0263 acc=0.9844 cells=158379
[ct_train] rechunked train graphs (seed=170)

=== Epoch 170/1000 ===
[train] loss=4.7538 cls=0.3984 cme=2.0307 acc=0.9842 cells=158379
[val]   loss=4.8883 eval=2.6228 cls=0.4088 cme=2.2140 acc=0.9758 cells=118036
[ct_train] early_stopping: no improve on val/eval_loss for 11/45 val checks
[ct_train] rechunked train graphs (seed=171)

=== Epoch 171/1000 ===
[train] loss=4.7429 cls=0.3975 cme=2.0261 acc=0.9844 cells=158379
[ct_train] rechunked train graphs (seed=172)

=== Epoch 172/1000 ===
[train] loss=4.7505 cls=0.3984 cme=2.0292 acc=0.9844 cells=158379
[val]   loss=4.8891 eval=2.6231 cls=0.4087 cme=2.2143 acc=0.9758 cells=118036
[ct_train] early_stopping: no improve on val/eval_loss for 12/45 val checks
[ct_train] rechunked train graphs (seed=173)

=== Epoch 173/1000 ===
[train] loss=4.7640 cls=0.3977 cme=2.0356 acc=0.9846 cells=158379
[ct_train] rechunked train graphs (seed=174)

=== Epoch 174/1000 ===
[train] loss=4.7426 cls=0.3967 cme=2.0263 acc=0.9848 cells=158379
[val]   loss=4.8896 eval=2.6233 cls=0.4088 cme=2.2145 acc=0.9758 cells=118036
[ct_train] early_stopping: no improve on val/eval_loss for 13/45 val checks
[ct_train] rechunked train graphs (seed=175)

=== Epoch 175/1000 ===
[train] loss=4.7497 cls=0.3973 cme=2.0293 acc=0.9843 cells=158379
[ct_train] rechunked train graphs (seed=176)

=== Epoch 176/1000 ===
[train] loss=4.7548 cls=0.3977 cme=2.0314 acc=0.9848 cells=158379
[val]   loss=4.8915 eval=2.6241 cls=0.4090 cme=2.2151 acc=0.9756 cells=118036
[ct_train] early_stopping: no improve on val/eval_loss for 14/45 val checks
[ct_train] rechunked train graphs (seed=177)

=== Epoch 177/1000 ===
[train] loss=4.7401 cls=0.3967 cme=2.0251 acc=0.9852 cells=158379
[ct_train] rechunked train graphs (seed=178)

=== Epoch 178/1000 ===
[train] loss=4.7406 cls=0.3967 cme=2.0254 acc=0.9847 cells=158379
[val]   loss=4.8908 eval=2.6243 cls=0.4091 cme=2.2152 acc=0.9758 cells=118036
[ct_train] early_stopping: no improve on val/eval_loss for 15/45 val checks
[ct_train] rechunked train graphs (seed=179)

=== Epoch 179/1000 ===
[train] loss=4.7536 cls=0.3964 cme=2.0315 acc=0.9850 cells=158379
[ct_train] rechunked train graphs (seed=180)

=== Epoch 180/1000 ===
[train] loss=4.7396 cls=0.3950 cme=2.0256 acc=0.9854 cells=158379
[val]   loss=4.8910 eval=2.6243 cls=0.4092 cme=2.2152 acc=0.9758 cells=118036
[ct_train] early_stopping: no improve on val/eval_loss for 16/45 val checks
[ct_train] rechunked train graphs (seed=181)

=== Epoch 181/1000 ===
[train] loss=4.7261 cls=0.3949 cme=2.0195 acc=0.9856 cells=158379
[ct_train] rechunked train graphs (seed=182)

=== Epoch 182/1000 ===
[train] loss=4.7327 cls=0.3960 cme=2.0220 acc=0.9853 cells=158379
[val]   loss=4.8902 eval=2.6241 cls=0.4093 cme=2.2148 acc=0.9758 cells=118036
[ct_train] early_stopping: no improve on val/eval_loss for 17/45 val checks
[ct_train] rechunked train graphs (seed=183)

=== Epoch 183/1000 ===
[train] loss=4.7329 cls=0.3957 cme=2.0223 acc=0.9853 cells=158379
[ct_train] rechunked train graphs (seed=184)

=== Epoch 184/1000 ===
[train] loss=4.7311 cls=0.3960 cme=2.0213 acc=0.9854 cells=158379
[val]   loss=4.8922 eval=2.6251 cls=0.4094 cme=2.2157 acc=0.9758 cells=118036
[ct_train] early_stopping: no improve on val/eval_loss for 18/45 val checks
[ct_train] rechunked train graphs (seed=185)

=== Epoch 185/1000 ===
[train] loss=4.7334 cls=0.3949 cme=2.0229 acc=0.9853 cells=158379
[ct_train] rechunked train graphs (seed=186)

=== Epoch 186/1000 ===
[train] loss=4.7432 cls=0.3955 cme=2.0272 acc=0.9856 cells=158379
[val]   loss=4.8918 eval=2.6250 cls=0.4095 cme=2.2155 acc=0.9758 cells=118036
[ct_train] early_stopping: no improve on val/eval_loss for 19/45 val checks
[ct_train] rechunked train graphs (seed=187)

=== Epoch 187/1000 ===
[train] loss=4.7382 cls=0.3955 cme=2.0248 acc=0.9853 cells=158379
[ct_train] rechunked train graphs (seed=188)

=== Epoch 188/1000 ===
[train] loss=4.7373 cls=0.3962 cme=2.0240 acc=0.9851 cells=158379
[val]   loss=4.8926 eval=2.6256 cls=0.4098 cme=2.2158 acc=0.9757 cells=118036
[ct_train] early_stopping: no improve on val/eval_loss for 20/45 val checks
[ct_train] rechunked train graphs (seed=189)

=== Epoch 189/1000 ===
[train] loss=4.7321 cls=0.3949 cme=2.0223 acc=0.9854 cells=158379
[ct_train] rechunked train graphs (seed=190)

=== Epoch 190/1000 ===
[train] loss=4.7280 cls=0.3939 cme=2.0208 acc=0.9856 cells=158379
[val]   loss=4.8925 eval=2.6253 cls=0.4093 cme=2.2160 acc=0.9758 cells=118036
[ct_train] early_stopping: no improve on val/eval_loss for 21/45 val checks
[ct_train] rechunked train graphs (seed=191)

=== Epoch 191/1000 ===
[train] loss=4.7345 cls=0.3940 cme=2.0238 acc=0.9861 cells=158379
[ct_train] rechunked train graphs (seed=192)

=== Epoch 192/1000 ===
[train] loss=4.7327 cls=0.3934 cme=2.0232 acc=0.9860 cells=158379
[val]   loss=4.8924 eval=2.6255 cls=0.4095 cme=2.2161 acc=0.9759 cells=118036
[ct_train] early_stopping: no improve on val/eval_loss for 22/45 val checks
[ct_train] rechunked train graphs (seed=193)

=== Epoch 193/1000 ===
[train] loss=4.7434 cls=0.3945 cme=2.0277 acc=0.9856 cells=158379
[ct_train] rechunked train graphs (seed=194)

=== Epoch 194/1000 ===
[train] loss=4.7341 cls=0.3932 cme=2.0239 acc=0.9861 cells=158379
[val]   loss=4.8931 eval=2.6260 cls=0.4095 cme=2.2165 acc=0.9758 cells=118036
[ct_train] early_stopping: no improve on val/eval_loss for 23/45 val checks
[ct_train] rechunked train graphs (seed=195)

=== Epoch 195/1000 ===
[train] loss=4.7248 cls=0.3940 cme=2.0193 acc=0.9858 cells=158379
[ct_train] rechunked train graphs (seed=196)

=== Epoch 196/1000 ===
[train] loss=4.7257 cls=0.3934 cme=2.0200 acc=0.9858 cells=158379
[val]   loss=4.8932 eval=2.6262 cls=0.4098 cme=2.2164 acc=0.9758 cells=118036
[ct_train] early_stopping: no improve on val/eval_loss for 24/45 val checks
[ct_train] rechunked train graphs (seed=197)

=== Epoch 197/1000 ===
[train] loss=4.7197 cls=0.3931 cme=2.0174 acc=0.9858 cells=158379
[ct_train] rechunked train graphs (seed=198)

=== Epoch 198/1000 ===
[train] loss=4.7247 cls=0.3932 cme=2.0196 acc=0.9863 cells=158379
[val]   loss=4.8936 eval=2.6265 cls=0.4098 cme=2.2167 acc=0.9758 cells=118036
[ct_train] early_stopping: no improve on val/eval_loss for 25/45 val checks
[ct_train] rechunked train graphs (seed=199)

=== Epoch 199/1000 ===
[train] loss=4.7266 cls=0.3929 cme=2.0206 acc=0.9862 cells=158379
[ct_train] rechunked train graphs (seed=200)

=== Epoch 200/1000 ===
[train] loss=4.7302 cls=0.3928 cme=2.0223 acc=0.9865 cells=158379
[val]   loss=4.8960 eval=2.6274 cls=0.4099 cme=2.2175 acc=0.9758 cells=118036
[ct_train] early_stopping: no improve on val/eval_loss for 26/45 val checks
[ct_train] rechunked train graphs (seed=201)

=== Epoch 201/1000 ===
[train] loss=4.7152 cls=0.3923 cme=2.0157 acc=0.9863 cells=158379
[ct_train] rechunked train graphs (seed=202)

=== Epoch 202/1000 ===
[train] loss=4.7143 cls=0.3918 cme=2.0154 acc=0.9868 cells=158379
[val]   loss=4.8969 eval=2.6280 cls=0.4099 cme=2.2181 acc=0.9759 cells=118036
[ct_train] early_stopping: no improve on val/eval_loss for 27/45 val checks
[ct_train] rechunked train graphs (seed=203)

=== Epoch 203/1000 ===
[train] loss=4.7285 cls=0.3915 cme=2.0221 acc=0.9868 cells=158379
[ct_train] rechunked train graphs (seed=204)

=== Epoch 204/1000 ===
[train] loss=4.7170 cls=0.3916 cme=2.0168 acc=0.9866 cells=158379
[val]   loss=4.8976 eval=2.6282 cls=0.4101 cme=2.2181 acc=0.9759 cells=118036
[ct_train] early_stopping: no improve on val/eval_loss for 28/45 val checks
[ct_train] rechunked train graphs (seed=205)

=== Epoch 205/1000 ===
[train] loss=4.7146 cls=0.3914 cme=2.0159 acc=0.9867 cells=158379
[ct_train] rechunked train graphs (seed=206)

=== Epoch 206/1000 ===
[train] loss=4.7328 cls=0.3919 cme=2.0241 acc=0.9871 cells=158379
[val]   loss=4.8977 eval=2.6283 cls=0.4101 cme=2.2182 acc=0.9758 cells=118036
[ct_train] early_stopping: no improve on val/eval_loss for 29/45 val checks
[ct_train] rechunked train graphs (seed=207)

=== Epoch 207/1000 ===
[train] loss=4.7196 cls=0.3914 cme=2.0181 acc=0.9869 cells=158379
[ct_train] rechunked train graphs (seed=208)

=== Epoch 208/1000 ===
[train] loss=4.7165 cls=0.3908 cme=2.0170 acc=0.9873 cells=158379
[val]   loss=4.8981 eval=2.6284 cls=0.4101 cme=2.2183 acc=0.9759 cells=118036
[ct_train] early_stopping: no improve on val/eval_loss for 30/45 val checks
[ct_train] rechunked train graphs (seed=209)

=== Epoch 209/1000 ===
[train] loss=4.7153 cls=0.3911 cme=2.0163 acc=0.9870 cells=158379
[ct_train] rechunked train graphs (seed=210)

=== Epoch 210/1000 ===
[train] loss=4.7209 cls=0.3911 cme=2.0189 acc=0.9870 cells=158379
[val]   loss=4.8979 eval=2.6286 cls=0.4104 cme=2.2182 acc=0.9759 cells=118036
[ct_train] early_stopping: no improve on val/eval_loss for 31/45 val checks
[ct_train] rechunked train graphs (seed=211)

=== Epoch 211/1000 ===
[train] loss=4.7154 cls=0.3903 cme=2.0166 acc=0.9873 cells=158379
[ct_train] rechunked train graphs (seed=212)

=== Epoch 212/1000 ===
[train] loss=4.7162 cls=0.3909 cme=2.0168 acc=0.9871 cells=158379
[val]   loss=4.8976 eval=2.6289 cls=0.4105 cme=2.2184 acc=0.9759 cells=118036
[ct_train] early_stopping: no improve on val/eval_loss for 32/45 val checks
[ct_train] rechunked train graphs (seed=213)

=== Epoch 213/1000 ===
[train] loss=4.7024 cls=0.3903 cme=2.0107 acc=0.9867 cells=158379
[ct_train] rechunked train graphs (seed=214)

=== Epoch 214/1000 ===
[train] loss=4.7193 cls=0.3896 cme=2.0188 acc=0.9876 cells=158379
[val]   loss=4.8982 eval=2.6294 cls=0.4110 cme=2.2185 acc=0.9757 cells=118036
[ct_train] early_stopping: no improve on val/eval_loss for 33/45 val checks
[ct_train] rechunked train graphs (seed=215)

=== Epoch 215/1000 ===
[train] loss=4.7119 cls=0.3893 cme=2.0155 acc=0.9873 cells=158379
[ct_train] rechunked train graphs (seed=216)

=== Epoch 216/1000 ===
[train] loss=4.7101 cls=0.3897 cme=2.0146 acc=0.9877 cells=158379
[val]   loss=4.8997 eval=2.6305 cls=0.4111 cme=2.2194 acc=0.9757 cells=118036
[ct_train] early_stopping: no improve on val/eval_loss for 34/45 val checks
[ct_train] rechunked train graphs (seed=217)

=== Epoch 217/1000 ===
[train] loss=4.7174 cls=0.3897 cme=2.0178 acc=0.9876 cells=158379
[ct_train] rechunked train graphs (seed=218)

=== Epoch 218/1000 ===
[train] loss=4.7124 cls=0.3896 cme=2.0157 acc=0.9875 cells=158379
[val]   loss=4.8996 eval=2.6304 cls=0.4112 cme=2.2192 acc=0.9757 cells=118036
[ct_train] early_stopping: no improve on val/eval_loss for 35/45 val checks
[ct_train] rechunked train graphs (seed=219)

=== Epoch 219/1000 ===
[train] loss=4.7136 cls=0.3897 cme=2.0160 acc=0.9874 cells=158379
[ct_train] rechunked train graphs (seed=220)

=== Epoch 220/1000 ===
[train] loss=4.7267 cls=0.3898 cme=2.0222 acc=0.9871 cells=158379
[val]   loss=4.8998 eval=2.6309 cls=0.4114 cme=2.2195 acc=0.9758 cells=118036
[ct_train] early_stopping: no improve on val/eval_loss for 36/45 val checks
[ct_train] rechunked train graphs (seed=221)

=== Epoch 221/1000 ===
[train] loss=4.7084 cls=0.3891 cme=2.0140 acc=0.9876 cells=158379
[ct_train] rechunked train graphs (seed=222)

=== Epoch 222/1000 ===
[train] loss=4.6951 cls=0.3892 cme=2.0078 acc=0.9874 cells=158379
[val]   loss=4.9001 eval=2.6307 cls=0.4114 cme=2.2193 acc=0.9757 cells=118036
[ct_train] early_stopping: no improve on val/eval_loss for 37/45 val checks
[ct_train] rechunked train graphs (seed=223)

=== Epoch 223/1000 ===
[train] loss=4.7066 cls=0.3886 cme=2.0134 acc=0.9880 cells=158379
[ct_train] rechunked train graphs (seed=224)

=== Epoch 224/1000 ===
[train] loss=4.7176 cls=0.3887 cme=2.0184 acc=0.9878 cells=158379
[val]   loss=4.9006 eval=2.6308 cls=0.4115 cme=2.2194 acc=0.9760 cells=118036
[ct_train] early_stopping: no improve on val/eval_loss for 38/45 val checks
[ct_train] rechunked train graphs (seed=225)

=== Epoch 225/1000 ===
[train] loss=4.7067 cls=0.3889 cme=2.0133 acc=0.9875 cells=158379
[ct_train] rechunked train graphs (seed=226)

=== Epoch 226/1000 ===
[train] loss=4.7190 cls=0.3889 cme=2.0190 acc=0.9879 cells=158379
[val]   loss=4.9011 eval=2.6312 cls=0.4117 cme=2.2195 acc=0.9758 cells=118036
[ct_train] early_stopping: no improve on val/eval_loss for 39/45 val checks
[ct_train] rechunked train graphs (seed=227)

=== Epoch 227/1000 ===
[train] loss=4.7150 cls=0.3904 cme=2.0165 acc=0.9872 cells=158379
[ct_train] rechunked train graphs (seed=228)

=== Epoch 228/1000 ===
[train] loss=4.7170 cls=0.3889 cme=2.0181 acc=0.9874 cells=158379
[val]   loss=4.9028 eval=2.6318 cls=0.4117 cme=2.2201 acc=0.9757 cells=118036
[ct_train] early_stopping: no improve on val/eval_loss for 40/45 val checks
[ct_train] rechunked train graphs (seed=229)

=== Epoch 229/1000 ===
[train] loss=4.7097 cls=0.3885 cme=2.0149 acc=0.9879 cells=158379
[ct_train] rechunked train graphs (seed=230)

=== Epoch 230/1000 ===
[train] loss=4.7096 cls=0.3886 cme=2.0147 acc=0.9877 cells=158379
[val]   loss=4.9033 eval=2.6321 cls=0.4117 cme=2.2203 acc=0.9758 cells=118036
[ct_train] early_stopping: no improve on val/eval_loss for 41/45 val checks
[ct_train] rechunked train graphs (seed=231)

=== Epoch 231/1000 ===
[train] loss=4.6942 cls=0.3884 cme=2.0078 acc=0.9879 cells=158379
[ct_train] rechunked train graphs (seed=232)

=== Epoch 232/1000 ===
[train] loss=4.7095 cls=0.3883 cme=2.0149 acc=0.9876 cells=158379
[val]   loss=4.9031 eval=2.6323 cls=0.4119 cme=2.2204 acc=0.9756 cells=118036
[ct_train] early_stopping: no improve on val/eval_loss for 42/45 val checks
[ct_train] rechunked train graphs (seed=233)

=== Epoch 233/1000 ===
[train] loss=4.7055 cls=0.3881 cme=2.0131 acc=0.9883 cells=158379
[ct_train] rechunked train graphs (seed=234)

=== Epoch 234/1000 ===
[train] loss=4.7095 cls=0.3883 cme=2.0149 acc=0.9881 cells=158379
[val]   loss=4.9037 eval=2.6322 cls=0.4118 cme=2.2204 acc=0.9757 cells=118036
[ct_train] early_stopping: no improve on val/eval_loss for 43/45 val checks
[ct_train] rechunked train graphs (seed=235)

=== Epoch 235/1000 ===
[train] loss=4.7082 cls=0.3873 cme=2.0147 acc=0.9883 cells=158379
[ct_train] rechunked train graphs (seed=236)

=== Epoch 236/1000 ===
[train] loss=4.7122 cls=0.3870 cme=2.0168 acc=0.9886 cells=158379
[val]   loss=4.9039 eval=2.6326 cls=0.4120 cme=2.2205 acc=0.9756 cells=118036
[ct_train] early_stopping: no improve on val/eval_loss for 44/45 val checks
[ct_train] rechunked train graphs (seed=237)

=== Epoch 237/1000 ===
[train] loss=4.7184 cls=0.3878 cme=2.0192 acc=0.9882 cells=158379
[ct_train] rechunked train graphs (seed=238)

=== Epoch 238/1000 ===
[train] loss=4.6923 cls=0.3867 cme=2.0077 acc=0.9888 cells=158379
[val]   loss=4.9056 eval=2.6333 cls=0.4124 cme=2.2209 acc=0.9757 cells=118036
[ct_train] early_stopping: no improve on val/eval_loss for 45/45 val checks
[ct_train] early stopping at epoch 238 (patience=45, monitor=val/eval_loss)

[ct_train] done. best_val_acc=0.9760  best_val_eval_loss=2.6228  checkpoints=/home/abel/code/Tissue-Reassembly-using-GenAI-and-new-metrics/exploration/cell_types/outputs/exp120_tgt_temp09  logs=/home/abel/code/Tissue-Reassembly-using-GenAI-and-new-metrics/exploration/cell_types/logs/exp120_tgt_temp09/20260808_050157
wandb: updating run metadata
wandb: uploading output.log; uploading wandb-summary.json; uploading config.yaml
wandb: 
wandb: Run summary:
wandb:                      best_epoch 152
wandb:                    best_val_acc 0.97598
wandb:              best_val_eval_loss 2.62275
wandb:                           epoch 238
wandb:                              lr 0.00018
wandb:           model/parameter_count 1305308
wandb: model/trainable_parameter_count 1305308
wandb:                       train/acc 0.98881
wandb:       train/acc_per_class/Astro 0.99285
wandb:        train/acc_per_class/Endo 0.98677
wandb:                             +54 ...
wandb: 
wandb:  View run exp120_tgt_temp09 at: https://wandb.ai/abel-salmona-polytechnique-montr-al/cell_types/runs/6ri63jqw
wandb:  View project at: https://wandb.ai/abel-salmona-polytechnique-montr-al/cell_types
wandb: Synced 5 W&B file(s), 1 media file(s), 2 artifact file(s) and 1 other file(s)
wandb: Find logs at: ./exploration/cell_types/logs/exp120_tgt_temp09/20260808_050157/wandb/run-20260808_050206-6ri63jqw/logs
