[ct_train] config=exploration/cell_types/experiments/configs/exp093_ms_aux80112.json
[ct_train] device=cuda  checkpoints=/home/abel/code/Tissue-Reassembly-using-GenAI-and-new-metrics/exploration/cell_types/outputs/exp093_ms_aux80112
[ct_train] logs=/home/abel/code/Tissue-Reassembly-using-GenAI-and-new-metrics/exploration/cell_types/logs/exp093_ms_aux80112/20260808_020430
[ct_train] Loading data …
[DataModule] Reading '/home/abel/biodata/MERFISH_LUNA_small_cortex/MERFISH_mouse_cortex_train.csv' (split=train) with float32 dtype on 254 gene cols + coord cols …
[DataModule] Loaded 158,379 rows for split=train.
[DataModule] Reading '/home/abel/biodata/MERFISH_LUNA_small_cortex/MERFISH_mouse_cortex_test.csv' (split=test) with float32 dtype on 254 gene cols + coord cols …
[DataModule] Loaded 118,036 rows for split=test.
[DataModule] Reading '/home/abel/biodata/MERFISH_LUNA_small_cortex/MERFISH_mouse_cortex_test.csv' (split=validation) with float32 dtype on 254 gene cols + coord cols …
[DataModule] Loaded 118,036 rows for split=validation.
[ct_train] genes=254  classes=23
[ct_train] model predict_cme=True  params=1,305,308
[ct_train] soft CME missing for sigma=80.0: ['train', 'validation', 'test'] (out_dir=/home/abel/code/Tissue-Reassembly-using-GenAI-and-new-metrics/exploration/cell_types/outputs/ct_soft_cmes) — auto-precomputing …
[soft_cme] computing split=train  csv=/home/abel/biodata/MERFISH_LUNA_small_cortex/MERFISH_mouse_cortex_train.csv
  [soft_cme] section='mouse1_slice71'  n=5747  sigma=80.0  empty_neigh=0/5747
  [soft_cme] section='mouse1_slice313'  n=3849  sigma=80.0  empty_neigh=0/3849
  [soft_cme] section='mouse1_slice153'  n=7409  sigma=80.0  empty_neigh=0/7409
  [soft_cme] section='mouse1_slice201'  n=6090  sigma=80.0  empty_neigh=0/6090
  [soft_cme] section='mouse1_slice40'  n=4159  sigma=80.0  empty_neigh=0/4159
  [soft_cme] section='mouse1_slice1'  n=2378  sigma=80.0  empty_neigh=0/2378
  [soft_cme] section='mouse1_slice102'  n=6731  sigma=80.0  empty_neigh=0/6731
  [soft_cme] section='mouse1_slice162'  n=6759  sigma=80.0  empty_neigh=0/6759
  [soft_cme] section='mouse1_slice221'  n=5566  sigma=80.0  empty_neigh=0/5566
  [soft_cme] section='mouse1_slice200'  n=2197  sigma=80.0  empty_neigh=0/2197
  [soft_cme] section='mouse1_slice283'  n=4274  sigma=80.0  empty_neigh=0/4274
  [soft_cme] section='mouse1_slice326'  n=4059  sigma=80.0  empty_neigh=0/4059
  [soft_cme] section='mouse1_slice50'  n=4359  sigma=80.0  empty_neigh=0/4359
  [soft_cme] section='mouse1_slice112'  n=4994  sigma=80.0  empty_neigh=0/4994
  [soft_cme] section='mouse1_slice212'  n=6469  sigma=80.0  empty_neigh=0/6469
  [soft_cme] section='mouse1_slice271'  n=3883  sigma=80.0  empty_neigh=0/3883
  [soft_cme] section='mouse1_slice291'  n=4393  sigma=80.0  empty_neigh=0/4393
  [soft_cme] section='mouse1_slice31'  n=3106  sigma=80.0  empty_neigh=0/3106
  [soft_cme] section='mouse1_slice232'  n=5269  sigma=80.0  empty_neigh=0/5269
  [soft_cme] section='mouse1_slice10'  n=2423  sigma=80.0  empty_neigh=0/2423
  [soft_cme] section='mouse1_slice241'  n=3931  sigma=80.0  empty_neigh=0/3931
  [soft_cme] section='mouse1_slice251'  n=4205  sigma=80.0  empty_neigh=0/4205
  [soft_cme] section='mouse1_slice190'  n=5649  sigma=80.0  empty_neigh=0/5649
  [soft_cme] section='mouse1_slice81'  n=5261  sigma=80.0  empty_neigh=0/5261
  [soft_cme] section='mouse1_slice21'  n=2033  sigma=80.0  empty_neigh=0/2033
  [soft_cme] section='mouse1_slice131'  n=5047  sigma=80.0  empty_neigh=0/5047
  [soft_cme] section='mouse1_slice122'  n=6131  sigma=80.0  empty_neigh=0/6131
  [soft_cme] section='mouse1_slice62'  n=4791  sigma=80.0  empty_neigh=0/4791
  [soft_cme] section='mouse1_slice180'  n=5780  sigma=80.0  empty_neigh=0/5780
  [soft_cme] section='mouse1_slice170'  n=6319  sigma=80.0  empty_neigh=0/6319
  [soft_cme] section='mouse1_slice91'  n=5661  sigma=80.0  empty_neigh=0/5661
  [soft_cme] section='mouse1_slice301'  n=4344  sigma=80.0  empty_neigh=0/4344
  [soft_cme] section='mouse1_slice260'  n=5113  sigma=80.0  empty_neigh=0/5113
[soft_cme] wrote /home/abel/code/Tissue-Reassembly-using-GenAI-and-new-metrics/exploration/cell_types/outputs/ct_soft_cmes/train_sigma80.npz  (158379 cells)
[soft_cme] wrote /home/abel/code/Tissue-Reassembly-using-GenAI-and-new-metrics/exploration/cell_types/outputs/ct_soft_cmes/meta_sigma80.json
[soft_cme] computing split=validation  csv=/home/abel/biodata/MERFISH_LUNA_small_cortex/MERFISH_mouse_cortex_test.csv
  [soft_cme] section='mouse2_slice31'  n=2037  sigma=80.0  empty_neigh=0/2037
  [soft_cme] section='mouse2_slice160'  n=4529  sigma=80.0  empty_neigh=0/4529
  [soft_cme] section='mouse2_slice109'  n=5180  sigma=80.0  empty_neigh=0/5180
  [soft_cme] section='mouse2_slice219'  n=3560  sigma=80.0  empty_neigh=0/3560
  [soft_cme] section='mouse2_slice289'  n=4360  sigma=80.0  empty_neigh=0/4360
  [soft_cme] section='mouse2_slice309'  n=3296  sigma=80.0  empty_neigh=0/3296
  [soft_cme] section='mouse2_slice61'  n=3316  sigma=80.0  empty_neigh=0/3316
  [soft_cme] section='mouse2_slice1'  n=1706  sigma=80.0  empty_neigh=0/1706
  [soft_cme] section='mouse2_slice151'  n=4991  sigma=80.0  empty_neigh=0/4991
  [soft_cme] section='mouse2_slice300'  n=3780  sigma=80.0  empty_neigh=0/3780
  [soft_cme] section='mouse2_slice90'  n=4946  sigma=80.0  empty_neigh=0/4946
  [soft_cme] section='mouse2_slice209'  n=4317  sigma=80.0  empty_neigh=0/4317
  [soft_cme] section='mouse2_slice119'  n=5021  sigma=80.0  empty_neigh=0/5021
  [soft_cme] section='mouse2_slice169'  n=5050  sigma=80.0  empty_neigh=0/5050
  [soft_cme] section='mouse2_slice280'  n=3851  sigma=80.0  empty_neigh=0/3851
  [soft_cme] section='mouse2_slice99'  n=5235  sigma=80.0  empty_neigh=0/5235
  [soft_cme] section='mouse2_slice319'  n=2800  sigma=80.0  empty_neigh=0/2800
  [soft_cme] section='mouse2_slice189'  n=4389  sigma=80.0  empty_neigh=0/4389
  [soft_cme] section='mouse2_slice249'  n=4052  sigma=80.0  empty_neigh=0/4052
  [soft_cme] section='mouse2_slice139'  n=4186  sigma=80.0  empty_neigh=0/4186
  [soft_cme] section='mouse2_slice129'  n=5155  sigma=80.0  empty_neigh=1/5155
  [soft_cme] section='mouse2_slice79'  n=3870  sigma=80.0  empty_neigh=0/3870
  [soft_cme] section='mouse2_slice229'  n=5047  sigma=80.0  empty_neigh=0/5047
  [soft_cme] section='mouse2_slice270'  n=4081  sigma=80.0  empty_neigh=0/4081
  [soft_cme] section='mouse2_slice10'  n=1160  sigma=80.0  empty_neigh=0/1160
  [soft_cme] section='mouse2_slice50'  n=2905  sigma=80.0  empty_neigh=0/2905
  [soft_cme] section='mouse2_slice201'  n=3733  sigma=80.0  empty_neigh=0/3733
  [soft_cme] section='mouse2_slice70'  n=4057  sigma=80.0  empty_neigh=0/4057
  [soft_cme] section='mouse2_slice40'  n=3192  sigma=80.0  empty_neigh=0/3192
  [soft_cme] section='mouse2_slice261'  n=3564  sigma=80.0  empty_neigh=0/3564
  [soft_cme] section='mouse2_slice20'  n=670  sigma=80.0  empty_neigh=0/670
[soft_cme] wrote /home/abel/code/Tissue-Reassembly-using-GenAI-and-new-metrics/exploration/cell_types/outputs/ct_soft_cmes/validation_sigma80.npz  (118036 cells)
[soft_cme] wrote /home/abel/code/Tissue-Reassembly-using-GenAI-and-new-metrics/exploration/cell_types/outputs/ct_soft_cmes/meta_sigma80.json
[soft_cme] reused validation_sigma80.npz -> test_sigma80.npz
[ct_train] soft CME precompute done sigma=80.0: train=train_sigma80.npz, validation=validation_sigma80.npz, test=test_sigma80.npz
[ct_train] soft CME missing for sigma=112.0: ['train', 'validation', 'test'] (out_dir=/home/abel/code/Tissue-Reassembly-using-GenAI-and-new-metrics/exploration/cell_types/outputs/ct_soft_cmes) — auto-precomputing …
[soft_cme] computing split=train  csv=/home/abel/biodata/MERFISH_LUNA_small_cortex/MERFISH_mouse_cortex_train.csv
  [soft_cme] section='mouse1_slice71'  n=5747  sigma=112.0  empty_neigh=0/5747
  [soft_cme] section='mouse1_slice313'  n=3849  sigma=112.0  empty_neigh=0/3849
  [soft_cme] section='mouse1_slice153'  n=7409  sigma=112.0  empty_neigh=0/7409
  [soft_cme] section='mouse1_slice201'  n=6090  sigma=112.0  empty_neigh=0/6090
  [soft_cme] section='mouse1_slice40'  n=4159  sigma=112.0  empty_neigh=0/4159
  [soft_cme] section='mouse1_slice1'  n=2378  sigma=112.0  empty_neigh=0/2378
  [soft_cme] section='mouse1_slice102'  n=6731  sigma=112.0  empty_neigh=0/6731
  [soft_cme] section='mouse1_slice162'  n=6759  sigma=112.0  empty_neigh=0/6759
  [soft_cme] section='mouse1_slice221'  n=5566  sigma=112.0  empty_neigh=0/5566
  [soft_cme] section='mouse1_slice200'  n=2197  sigma=112.0  empty_neigh=0/2197
  [soft_cme] section='mouse1_slice283'  n=4274  sigma=112.0  empty_neigh=0/4274
  [soft_cme] section='mouse1_slice326'  n=4059  sigma=112.0  empty_neigh=0/4059
  [soft_cme] section='mouse1_slice50'  n=4359  sigma=112.0  empty_neigh=0/4359
  [soft_cme] section='mouse1_slice112'  n=4994  sigma=112.0  empty_neigh=0/4994
  [soft_cme] section='mouse1_slice212'  n=6469  sigma=112.0  empty_neigh=0/6469
  [soft_cme] section='mouse1_slice271'  n=3883  sigma=112.0  empty_neigh=0/3883
  [soft_cme] section='mouse1_slice291'  n=4393  sigma=112.0  empty_neigh=0/4393
  [soft_cme] section='mouse1_slice31'  n=3106  sigma=112.0  empty_neigh=0/3106
  [soft_cme] section='mouse1_slice232'  n=5269  sigma=112.0  empty_neigh=0/5269
  [soft_cme] section='mouse1_slice10'  n=2423  sigma=112.0  empty_neigh=0/2423
  [soft_cme] section='mouse1_slice241'  n=3931  sigma=112.0  empty_neigh=0/3931
  [soft_cme] section='mouse1_slice251'  n=4205  sigma=112.0  empty_neigh=0/4205
  [soft_cme] section='mouse1_slice190'  n=5649  sigma=112.0  empty_neigh=0/5649
  [soft_cme] section='mouse1_slice81'  n=5261  sigma=112.0  empty_neigh=0/5261
  [soft_cme] section='mouse1_slice21'  n=2033  sigma=112.0  empty_neigh=0/2033
  [soft_cme] section='mouse1_slice131'  n=5047  sigma=112.0  empty_neigh=0/5047
  [soft_cme] section='mouse1_slice122'  n=6131  sigma=112.0  empty_neigh=0/6131
  [soft_cme] section='mouse1_slice62'  n=4791  sigma=112.0  empty_neigh=0/4791
  [soft_cme] section='mouse1_slice180'  n=5780  sigma=112.0  empty_neigh=0/5780
  [soft_cme] section='mouse1_slice170'  n=6319  sigma=112.0  empty_neigh=0/6319
  [soft_cme] section='mouse1_slice91'  n=5661  sigma=112.0  empty_neigh=0/5661
  [soft_cme] section='mouse1_slice301'  n=4344  sigma=112.0  empty_neigh=0/4344
  [soft_cme] section='mouse1_slice260'  n=5113  sigma=112.0  empty_neigh=0/5113
[soft_cme] wrote /home/abel/code/Tissue-Reassembly-using-GenAI-and-new-metrics/exploration/cell_types/outputs/ct_soft_cmes/train_sigma112.npz  (158379 cells)
[soft_cme] wrote /home/abel/code/Tissue-Reassembly-using-GenAI-and-new-metrics/exploration/cell_types/outputs/ct_soft_cmes/meta_sigma112.json
[soft_cme] computing split=validation  csv=/home/abel/biodata/MERFISH_LUNA_small_cortex/MERFISH_mouse_cortex_test.csv
  [soft_cme] section='mouse2_slice31'  n=2037  sigma=112.0  empty_neigh=0/2037
  [soft_cme] section='mouse2_slice160'  n=4529  sigma=112.0  empty_neigh=0/4529
  [soft_cme] section='mouse2_slice109'  n=5180  sigma=112.0  empty_neigh=0/5180
  [soft_cme] section='mouse2_slice219'  n=3560  sigma=112.0  empty_neigh=0/3560
  [soft_cme] section='mouse2_slice289'  n=4360  sigma=112.0  empty_neigh=0/4360
  [soft_cme] section='mouse2_slice309'  n=3296  sigma=112.0  empty_neigh=0/3296
  [soft_cme] section='mouse2_slice61'  n=3316  sigma=112.0  empty_neigh=0/3316
  [soft_cme] section='mouse2_slice1'  n=1706  sigma=112.0  empty_neigh=0/1706
  [soft_cme] section='mouse2_slice151'  n=4991  sigma=112.0  empty_neigh=0/4991
  [soft_cme] section='mouse2_slice300'  n=3780  sigma=112.0  empty_neigh=0/3780
  [soft_cme] section='mouse2_slice90'  n=4946  sigma=112.0  empty_neigh=0/4946
  [soft_cme] section='mouse2_slice209'  n=4317  sigma=112.0  empty_neigh=0/4317
  [soft_cme] section='mouse2_slice119'  n=5021  sigma=112.0  empty_neigh=0/5021
  [soft_cme] section='mouse2_slice169'  n=5050  sigma=112.0  empty_neigh=0/5050
  [soft_cme] section='mouse2_slice280'  n=3851  sigma=112.0  empty_neigh=0/3851
  [soft_cme] section='mouse2_slice99'  n=5235  sigma=112.0  empty_neigh=0/5235
  [soft_cme] section='mouse2_slice319'  n=2800  sigma=112.0  empty_neigh=0/2800
  [soft_cme] section='mouse2_slice189'  n=4389  sigma=112.0  empty_neigh=0/4389
  [soft_cme] section='mouse2_slice249'  n=4052  sigma=112.0  empty_neigh=0/4052
  [soft_cme] section='mouse2_slice139'  n=4186  sigma=112.0  empty_neigh=0/4186
  [soft_cme] section='mouse2_slice129'  n=5155  sigma=112.0  empty_neigh=1/5155
  [soft_cme] section='mouse2_slice79'  n=3870  sigma=112.0  empty_neigh=0/3870
  [soft_cme] section='mouse2_slice229'  n=5047  sigma=112.0  empty_neigh=0/5047
  [soft_cme] section='mouse2_slice270'  n=4081  sigma=112.0  empty_neigh=0/4081
  [soft_cme] section='mouse2_slice10'  n=1160  sigma=112.0  empty_neigh=0/1160
  [soft_cme] section='mouse2_slice50'  n=2905  sigma=112.0  empty_neigh=0/2905
  [soft_cme] section='mouse2_slice201'  n=3733  sigma=112.0  empty_neigh=0/3733
  [soft_cme] section='mouse2_slice70'  n=4057  sigma=112.0  empty_neigh=0/4057
  [soft_cme] section='mouse2_slice40'  n=3192  sigma=112.0  empty_neigh=0/3192
  [soft_cme] section='mouse2_slice261'  n=3564  sigma=112.0  empty_neigh=0/3564
  [soft_cme] section='mouse2_slice20'  n=670  sigma=112.0  empty_neigh=0/670
[soft_cme] wrote /home/abel/code/Tissue-Reassembly-using-GenAI-and-new-metrics/exploration/cell_types/outputs/ct_soft_cmes/validation_sigma112.npz  (118036 cells)
[soft_cme] wrote /home/abel/code/Tissue-Reassembly-using-GenAI-and-new-metrics/exploration/cell_types/outputs/ct_soft_cmes/meta_sigma112.json
[soft_cme] reused validation_sigma112.npz -> test_sigma112.npz
[ct_train] soft CME precompute done sigma=112.0: train=train_sigma112.npz, validation=validation_sigma112.npz, test=test_sigma112.npz
[ct_train] soft CME loaded split=train sigma=96.0 n=158379 C=23
[ct_train] soft CME loaded split=validation sigma=96.0 n=118036 C=23
[ct_train] soft CME loaded split=train sigma=50.0 n=158379 C=23
[ct_train] soft CME loaded split=train sigma=64.0 n=158379 C=23
[ct_train] soft CME loaded split=train sigma=80.0 n=158379 C=23
[ct_train] soft CME loaded split=train sigma=112.0 n=158379 C=23
[ct_train] soft CME loaded split=validation sigma=50.0 n=118036 C=23
[ct_train] soft CME loaded split=validation sigma=64.0 n=118036 C=23
[ct_train] soft CME loaded split=validation sigma=80.0 n=118036 C=23
[ct_train] soft CME loaded split=validation sigma=112.0 n=118036 C=23
wandb: [wandb.login()] Loaded credentials for https://api.wandb.ai from /home/abel/.netrc.
wandb: Currently logged in as: abel-salmona (abel-salmona-polytechnique-montr-al) to https://api.wandb.ai. Use `wandb login --relogin` to force relogin
wandb: WARNING Using a boolean value for 'reinit' is deprecated. Use 'return_previous' or 'finish_previous' instead.
wandb: Tracking run with wandb version 0.26.1
wandb: Run data is saved locally in /home/abel/code/Tissue-Reassembly-using-GenAI-and-new-metrics/exploration/cell_types/logs/exp093_ms_aux80112/20260808_020430/wandb/run-20260808_020638-sdnsxbkh
wandb: Run `wandb offline` to turn off syncing.
wandb: Syncing run exp093_ms_aux80112
wandb:  View project at https://wandb.ai/abel-salmona-polytechnique-montr-al/cell_types
wandb:  View run at https://wandb.ai/abel-salmona-polytechnique-montr-al/cell_types/runs/sdnsxbkh
wandb: WARNING Saving files without folders. If you want to preserve subdirectories pass base_path to wandb.save, i.e. wandb.save("/mnt/folder/file.h5", base_path="/mnt")
wandb: WARNING Symlinked 1 file into the W&B run directory; call wandb.save again to sync new files.
[ct_train] wandb: project=cell_types name=exp093_ms_aux80112 mode=online url=https://wandb.ai/abel-salmona-polytechnique-montr-al/cell_types/runs/sdnsxbkh
[ct_train] parameters: total=1,305,308 trainable=1,305,308
  [params] mlp_in_node_features: 26,720
  [params] transformer_layers: 633,600
  [params] type_stage1: 28,320
  [params] env_stage1: 93,056
  [params] type_probe: 2,231
  [params] env_probe: 7,383
  [params] fusion_mlp: 383,008
  [params] type_stage2: 30,551
  [params] env_stage2: 100,439
[ct_train] EMA enabled decay=0.98
[ct_train] rechunked train graphs (seed=1)

=== Epoch 1/1000 ===
[train] loss=8.7518 cls=2.7614 cme=2.7863 acc=0.2304 cells=158379
[ct_train] rechunked train graphs (seed=2)

=== Epoch 2/1000 ===
[train] loss=7.2971 cls=1.8741 cme=2.5235 acc=0.6520 cells=158379
[val]   loss=8.3432 eval=5.2351 cls=2.5320 cme=2.7031 acc=0.4401 cells=118036
[ct_train] saved best checkpoint (val_eval_loss=5.2351 val_acc=0.4401)
[ct_train] rechunked train graphs (seed=3)

=== Epoch 3/1000 ===
[train] loss=6.4136 cls=1.2072 cme=2.4233 acc=0.7860 cells=158379
[ct_train] rechunked train graphs (seed=4)

=== Epoch 4/1000 ===
[train] loss=5.9942 cls=0.8810 cme=2.3802 acc=0.8593 cells=158379
[val]   loss=6.6233 eval=3.7911 cls=1.3263 cme=2.4648 acc=0.8104 cells=118036
[ct_train] saved best checkpoint (val_eval_loss=3.7911 val_acc=0.8104)
[ct_train] rechunked train graphs (seed=5)

=== Epoch 5/1000 ===
[train] loss=5.7676 cls=0.7217 cme=2.3490 acc=0.9042 cells=158379
[ct_train] rechunked train graphs (seed=6)

=== Epoch 6/1000 ===
[train] loss=5.6667 cls=0.6439 cme=2.3383 acc=0.9218 cells=158379
[val]   loss=5.8518 eval=3.1275 cls=0.7555 cme=2.3721 acc=0.9060 cells=118036
[ct_train] saved best checkpoint (val_eval_loss=3.1275 val_acc=0.9060)
[ct_train] rechunked train graphs (seed=7)

=== Epoch 7/1000 ===
[train] loss=5.5691 cls=0.5955 cme=2.3155 acc=0.9339 cells=158379
[ct_train] rechunked train graphs (seed=8)

=== Epoch 8/1000 ===
[train] loss=5.5015 cls=0.5652 cme=2.2981 acc=0.9409 cells=158379
[val]   loss=5.5754 eval=2.9019 cls=0.5734 cme=2.3285 acc=0.9368 cells=118036
[ct_train] saved best checkpoint (val_eval_loss=2.9019 val_acc=0.9368)
[ct_train] rechunked train graphs (seed=9)

=== Epoch 9/1000 ===
[train] loss=5.4829 cls=0.5503 cme=2.2965 acc=0.9445 cells=158379
[ct_train] rechunked train graphs (seed=10)

=== Epoch 10/1000 ===
[train] loss=5.4520 cls=0.5369 cme=2.2884 acc=0.9475 cells=158379
[val]   loss=5.4583 eval=2.8147 cls=0.5119 cme=2.3028 acc=0.9480 cells=118036
[ct_train] saved best checkpoint (val_eval_loss=2.8147 val_acc=0.9480)
[ct_train] rechunked train graphs (seed=11)

=== Epoch 11/1000 ===
[train] loss=5.4128 cls=0.5266 cme=2.2750 acc=0.9496 cells=158379
[ct_train] rechunked train graphs (seed=12)

=== Epoch 12/1000 ===
[train] loss=5.4059 cls=0.5191 cme=2.2753 acc=0.9512 cells=158379
[val]   loss=5.3978 eval=2.7733 cls=0.4871 cme=2.2863 acc=0.9541 cells=118036
[ct_train] saved best checkpoint (val_eval_loss=2.7733 val_acc=0.9541)
[ct_train] rechunked train graphs (seed=13)

=== Epoch 13/1000 ===
[train] loss=5.3894 cls=0.5115 cme=2.2711 acc=0.9538 cells=158379
[ct_train] rechunked train graphs (seed=14)

=== Epoch 14/1000 ===
[train] loss=5.3727 cls=0.5058 cme=2.2660 acc=0.9554 cells=158379
[val]   loss=5.3580 eval=2.7476 cls=0.4734 cme=2.2742 acc=0.9573 cells=118036
[ct_train] saved best checkpoint (val_eval_loss=2.7476 val_acc=0.9573)
[ct_train] rechunked train graphs (seed=15)

=== Epoch 15/1000 ===
[train] loss=5.3507 cls=0.4990 cme=2.2590 acc=0.9563 cells=158379
[ct_train] rechunked train graphs (seed=16)

=== Epoch 16/1000 ===
[train] loss=5.3426 cls=0.4957 cme=2.2568 acc=0.9577 cells=158379
[val]   loss=5.3283 eval=2.7289 cls=0.4643 cme=2.2646 acc=0.9597 cells=118036
[ct_train] saved best checkpoint (val_eval_loss=2.7289 val_acc=0.9597)
[ct_train] rechunked train graphs (seed=17)

=== Epoch 17/1000 ===
[train] loss=5.3289 cls=0.4916 cme=2.2523 acc=0.9583 cells=158379
[ct_train] rechunked train graphs (seed=18)

=== Epoch 18/1000 ===
[train] loss=5.3185 cls=0.4876 cme=2.2494 acc=0.9593 cells=158379
[val]   loss=5.3079 eval=2.7160 cls=0.4578 cme=2.2582 acc=0.9615 cells=118036
[ct_train] saved best checkpoint (val_eval_loss=2.7160 val_acc=0.9615)
[ct_train] rechunked train graphs (seed=19)

=== Epoch 19/1000 ===
[train] loss=5.3155 cls=0.4843 cme=2.2495 acc=0.9601 cells=158379
[ct_train] rechunked train graphs (seed=20)

=== Epoch 20/1000 ===
[train] loss=5.3070 cls=0.4824 cme=2.2464 acc=0.9606 cells=158379
[val]   loss=5.2927 eval=2.7061 cls=0.4526 cme=2.2536 acc=0.9632 cells=118036
[ct_train] saved best checkpoint (val_eval_loss=2.7061 val_acc=0.9632)
[ct_train] rechunked train graphs (seed=21)

=== Epoch 21/1000 ===
[train] loss=5.3038 cls=0.4777 cme=2.2471 acc=0.9621 cells=158379
[ct_train] rechunked train graphs (seed=22)

=== Epoch 22/1000 ===
[train] loss=5.2908 cls=0.4764 cme=2.2417 acc=0.9624 cells=158379
[val]   loss=5.2780 eval=2.6969 cls=0.4482 cme=2.2488 acc=0.9647 cells=118036
[ct_train] saved best checkpoint (val_eval_loss=2.6969 val_acc=0.9647)
[ct_train] rechunked train graphs (seed=23)

=== Epoch 23/1000 ===
[train] loss=5.2792 cls=0.4742 cme=2.2374 acc=0.9631 cells=158379
[ct_train] rechunked train graphs (seed=24)

=== Epoch 24/1000 ===
[train] loss=5.2776 cls=0.4731 cme=2.2371 acc=0.9633 cells=158379
[val]   loss=5.2652 eval=2.6890 cls=0.4444 cme=2.2446 acc=0.9658 cells=118036
[ct_train] saved best checkpoint (val_eval_loss=2.6890 val_acc=0.9658)
[ct_train] rechunked train graphs (seed=25)

=== Epoch 25/1000 ===
[train] loss=5.2764 cls=0.4688 cme=2.2386 acc=0.9644 cells=158379
[ct_train] rechunked train graphs (seed=26)

=== Epoch 26/1000 ===
[train] loss=5.2602 cls=0.4676 cme=2.2316 acc=0.9649 cells=158379
[val]   loss=5.2550 eval=2.6826 cls=0.4413 cme=2.2413 acc=0.9666 cells=118036
[ct_train] saved best checkpoint (val_eval_loss=2.6826 val_acc=0.9666)
[ct_train] rechunked train graphs (seed=27)

=== Epoch 27/1000 ===
[train] loss=5.2526 cls=0.4646 cme=2.2294 acc=0.9654 cells=158379
[ct_train] rechunked train graphs (seed=28)

=== Epoch 28/1000 ===
[train] loss=5.2440 cls=0.4627 cme=2.2263 acc=0.9663 cells=158379
[val]   loss=5.2458 eval=2.6768 cls=0.4386 cme=2.2383 acc=0.9672 cells=118036
[ct_train] saved best checkpoint (val_eval_loss=2.6768 val_acc=0.9672)
[ct_train] rechunked train graphs (seed=29)

=== Epoch 29/1000 ===
[train] loss=5.2418 cls=0.4615 cme=2.2259 acc=0.9662 cells=158379
[ct_train] rechunked train graphs (seed=30)

=== Epoch 30/1000 ===
[train] loss=5.2420 cls=0.4598 cme=2.2268 acc=0.9670 cells=158379
[val]   loss=5.2369 eval=2.6714 cls=0.4361 cme=2.2353 acc=0.9678 cells=118036
[ct_train] saved best checkpoint (val_eval_loss=2.6714 val_acc=0.9678)
[ct_train] rechunked train graphs (seed=31)

=== Epoch 31/1000 ===
[train] loss=5.2361 cls=0.4573 cme=2.2251 acc=0.9676 cells=158379
[ct_train] rechunked train graphs (seed=32)

=== Epoch 32/1000 ===
[train] loss=5.2563 cls=0.4581 cme=2.2342 acc=0.9679 cells=158379
[val]   loss=5.2297 eval=2.6668 cls=0.4338 cme=2.2330 acc=0.9683 cells=118036
[ct_train] saved best checkpoint (val_eval_loss=2.6668 val_acc=0.9683)
[ct_train] rechunked train graphs (seed=33)

=== Epoch 33/1000 ===
[train] loss=5.2334 cls=0.4544 cme=2.2253 acc=0.9680 cells=158379
[ct_train] rechunked train graphs (seed=34)

=== Epoch 34/1000 ===
[train] loss=5.2190 cls=0.4540 cme=2.2188 acc=0.9686 cells=158379
[val]   loss=5.2235 eval=2.6629 cls=0.4319 cme=2.2310 acc=0.9688 cells=118036
[ct_train] saved best checkpoint (val_eval_loss=2.6629 val_acc=0.9688)
[ct_train] rechunked train graphs (seed=35)

=== Epoch 35/1000 ===
[train] loss=5.2279 cls=0.4532 cme=2.2233 acc=0.9689 cells=158379
[ct_train] rechunked train graphs (seed=36)

=== Epoch 36/1000 ===
[train] loss=5.2198 cls=0.4505 cme=2.2208 acc=0.9694 cells=158379
[val]   loss=5.2180 eval=2.6596 cls=0.4304 cme=2.2292 acc=0.9693 cells=118036
[ct_train] saved best checkpoint (val_eval_loss=2.6596 val_acc=0.9693)
[ct_train] rechunked train graphs (seed=37)

=== Epoch 37/1000 ===
[train] loss=5.2146 cls=0.4524 cme=2.2175 acc=0.9688 cells=158379
[ct_train] rechunked train graphs (seed=38)

=== Epoch 38/1000 ===
[train] loss=5.2016 cls=0.4492 cme=2.2130 acc=0.9693 cells=158379
[val]   loss=5.2126 eval=2.6561 cls=0.4285 cme=2.2276 acc=0.9698 cells=118036
[ct_train] saved best checkpoint (val_eval_loss=2.6561 val_acc=0.9698)
[ct_train] rechunked train graphs (seed=39)

=== Epoch 39/1000 ===
[train] loss=5.2082 cls=0.4480 cme=2.2166 acc=0.9703 cells=158379
[ct_train] rechunked train graphs (seed=40)

=== Epoch 40/1000 ===
[train] loss=5.2056 cls=0.4474 cme=2.2156 acc=0.9703 cells=158379
[val]   loss=5.2079 eval=2.6532 cls=0.4273 cme=2.2260 acc=0.9703 cells=118036
[ct_train] saved best checkpoint (val_eval_loss=2.6532 val_acc=0.9703)
[ct_train] rechunked train graphs (seed=41)

=== Epoch 41/1000 ===
[train] loss=5.1923 cls=0.4460 cme=2.2101 acc=0.9704 cells=158379
[ct_train] rechunked train graphs (seed=42)

=== Epoch 42/1000 ===
[train] loss=5.1976 cls=0.4458 cme=2.2126 acc=0.9704 cells=158379
[val]   loss=5.2037 eval=2.6506 cls=0.4261 cme=2.2245 acc=0.9706 cells=118036
[ct_train] saved best checkpoint (val_eval_loss=2.6506 val_acc=0.9706)
[ct_train] rechunked train graphs (seed=43)

=== Epoch 43/1000 ===
[train] loss=5.2042 cls=0.4453 cme=2.2160 acc=0.9712 cells=158379
[ct_train] rechunked train graphs (seed=44)

=== Epoch 44/1000 ===
[train] loss=5.1869 cls=0.4436 cme=2.2088 acc=0.9713 cells=158379
[val]   loss=5.2000 eval=2.6483 cls=0.4249 cme=2.2234 acc=0.9708 cells=118036
[ct_train] saved best checkpoint (val_eval_loss=2.6483 val_acc=0.9708)
[ct_train] rechunked train graphs (seed=45)

=== Epoch 45/1000 ===
[train] loss=5.1926 cls=0.4430 cme=2.2116 acc=0.9715 cells=158379
[ct_train] rechunked train graphs (seed=46)

=== Epoch 46/1000 ===
[train] loss=5.1759 cls=0.4410 cme=2.2048 acc=0.9717 cells=158379
[val]   loss=5.1965 eval=2.6461 cls=0.4238 cme=2.2223 acc=0.9711 cells=118036
[ct_train] saved best checkpoint (val_eval_loss=2.6461 val_acc=0.9711)
[ct_train] rechunked train graphs (seed=47)

=== Epoch 47/1000 ===
[train] loss=5.1845 cls=0.4396 cme=2.2095 acc=0.9725 cells=158379
[ct_train] rechunked train graphs (seed=48)

=== Epoch 48/1000 ===
[train] loss=5.1753 cls=0.4399 cme=2.2051 acc=0.9723 cells=158379
[val]   loss=5.1933 eval=2.6441 cls=0.4228 cme=2.2213 acc=0.9714 cells=118036
[ct_train] saved best checkpoint (val_eval_loss=2.6441 val_acc=0.9714)
[ct_train] rechunked train graphs (seed=49)

=== Epoch 49/1000 ===
[train] loss=5.1844 cls=0.4388 cme=2.2098 acc=0.9727 cells=158379
[ct_train] rechunked train graphs (seed=50)

=== Epoch 50/1000 ===
[train] loss=5.1767 cls=0.4385 cme=2.2064 acc=0.9726 cells=158379
[val]   loss=5.1905 eval=2.6422 cls=0.4218 cme=2.2205 acc=0.9717 cells=118036
[ct_train] saved best checkpoint (val_eval_loss=2.6422 val_acc=0.9717)
[ct_train] rechunked train graphs (seed=51)

=== Epoch 51/1000 ===
[train] loss=5.1698 cls=0.4382 cme=2.2033 acc=0.9729 cells=158379
[ct_train] rechunked train graphs (seed=52)

=== Epoch 52/1000 ===
[train] loss=5.1679 cls=0.4375 cme=2.2028 acc=0.9732 cells=158379
[val]   loss=5.1880 eval=2.6406 cls=0.4210 cme=2.2196 acc=0.9720 cells=118036
[ct_train] saved best checkpoint (val_eval_loss=2.6406 val_acc=0.9720)
[ct_train] rechunked train graphs (seed=53)

=== Epoch 53/1000 ===
[train] loss=5.1618 cls=0.4374 cme=2.1999 acc=0.9728 cells=158379
[ct_train] rechunked train graphs (seed=54)

=== Epoch 54/1000 ===
[train] loss=5.1734 cls=0.4372 cme=2.2054 acc=0.9733 cells=158379
[val]   loss=5.1853 eval=2.6391 cls=0.4204 cme=2.2187 acc=0.9723 cells=118036
[ct_train] saved best checkpoint (val_eval_loss=2.6391 val_acc=0.9723)
[ct_train] rechunked train graphs (seed=55)

=== Epoch 55/1000 ===
[train] loss=5.1578 cls=0.4339 cme=2.1998 acc=0.9736 cells=158379
[ct_train] rechunked train graphs (seed=56)

=== Epoch 56/1000 ===
[train] loss=5.1621 cls=0.4349 cme=2.2012 acc=0.9738 cells=158379
[val]   loss=5.1823 eval=2.6373 cls=0.4197 cme=2.2176 acc=0.9724 cells=118036
[ct_train] saved best checkpoint (val_eval_loss=2.6373 val_acc=0.9724)
[ct_train] rechunked train graphs (seed=57)

=== Epoch 57/1000 ===
[train] loss=5.1560 cls=0.4349 cme=2.1984 acc=0.9733 cells=158379
[ct_train] rechunked train graphs (seed=58)

=== Epoch 58/1000 ===
[train] loss=5.1586 cls=0.4342 cme=2.1999 acc=0.9739 cells=158379
[val]   loss=5.1807 eval=2.6362 cls=0.4190 cme=2.2172 acc=0.9727 cells=118036
[ct_train] saved best checkpoint (val_eval_loss=2.6362 val_acc=0.9727)
[ct_train] rechunked train graphs (seed=59)

=== Epoch 59/1000 ===
[train] loss=5.1529 cls=0.4313 cme=2.1987 acc=0.9747 cells=158379
[ct_train] rechunked train graphs (seed=60)

=== Epoch 60/1000 ===
[train] loss=5.1708 cls=0.4330 cme=2.2062 acc=0.9743 cells=158379
[val]   loss=5.1788 eval=2.6351 cls=0.4185 cme=2.2166 acc=0.9727 cells=118036
[ct_train] saved best checkpoint (val_eval_loss=2.6351 val_acc=0.9727)
[ct_train] rechunked train graphs (seed=61)

=== Epoch 61/1000 ===
[train] loss=5.1533 cls=0.4317 cme=2.1987 acc=0.9744 cells=158379
[ct_train] rechunked train graphs (seed=62)

=== Epoch 62/1000 ===
[train] loss=5.1583 cls=0.4314 cme=2.2011 acc=0.9745 cells=158379
[val]   loss=5.1774 eval=2.6342 cls=0.4181 cme=2.2161 acc=0.9728 cells=118036
[ct_train] saved best checkpoint (val_eval_loss=2.6342 val_acc=0.9728)
[ct_train] rechunked train graphs (seed=63)

=== Epoch 63/1000 ===
[train] loss=5.1498 cls=0.4302 cme=2.1978 acc=0.9751 cells=158379
[ct_train] rechunked train graphs (seed=64)

=== Epoch 64/1000 ===
[train] loss=5.1361 cls=0.4289 cme=2.1920 acc=0.9753 cells=158379
[val]   loss=5.1765 eval=2.6335 cls=0.4176 cme=2.2159 acc=0.9730 cells=118036
[ct_train] saved best checkpoint (val_eval_loss=2.6335 val_acc=0.9730)
[ct_train] rechunked train graphs (seed=65)

=== Epoch 65/1000 ===
[train] loss=5.1468 cls=0.4290 cme=2.1969 acc=0.9754 cells=158379
[ct_train] rechunked train graphs (seed=66)

=== Epoch 66/1000 ===
[train] loss=5.1533 cls=0.4289 cme=2.2000 acc=0.9749 cells=158379
[val]   loss=5.1739 eval=2.6321 cls=0.4171 cme=2.2150 acc=0.9732 cells=118036
[ct_train] saved best checkpoint (val_eval_loss=2.6321 val_acc=0.9732)
[ct_train] rechunked train graphs (seed=67)

=== Epoch 67/1000 ===
[train] loss=5.1435 cls=0.4290 cme=2.1954 acc=0.9751 cells=158379
[ct_train] rechunked train graphs (seed=68)

=== Epoch 68/1000 ===
[train] loss=5.1405 cls=0.4272 cme=2.1948 acc=0.9755 cells=158379
[val]   loss=5.1726 eval=2.6312 cls=0.4166 cme=2.2146 acc=0.9733 cells=118036
[ct_train] saved best checkpoint (val_eval_loss=2.6312 val_acc=0.9733)
[ct_train] rechunked train graphs (seed=69)

=== Epoch 69/1000 ===
[train] loss=5.1312 cls=0.4274 cme=2.1904 acc=0.9757 cells=158379
[ct_train] rechunked train graphs (seed=70)

=== Epoch 70/1000 ===
[train] loss=5.1336 cls=0.4281 cme=2.1912 acc=0.9759 cells=158379
[val]   loss=5.1716 eval=2.6305 cls=0.4162 cme=2.2143 acc=0.9736 cells=118036
[ct_train] saved best checkpoint (val_eval_loss=2.6305 val_acc=0.9736)
[ct_train] rechunked train graphs (seed=71)

=== Epoch 71/1000 ===
[train] loss=5.1491 cls=0.4282 cme=2.1983 acc=0.9758 cells=158379
[ct_train] rechunked train graphs (seed=72)

=== Epoch 72/1000 ===
[train] loss=5.1304 cls=0.4260 cme=2.1907 acc=0.9759 cells=158379
[val]   loss=5.1700 eval=2.6296 cls=0.4159 cme=2.2137 acc=0.9735 cells=118036
[ct_train] saved best checkpoint (val_eval_loss=2.6296 val_acc=0.9736)
[ct_train] rechunked train graphs (seed=73)

=== Epoch 73/1000 ===
[train] loss=5.1402 cls=0.4266 cme=2.1950 acc=0.9756 cells=158379
[ct_train] rechunked train graphs (seed=74)

=== Epoch 74/1000 ===
[train] loss=5.1444 cls=0.4261 cme=2.1971 acc=0.9761 cells=158379
[val]   loss=5.1679 eval=2.6283 cls=0.4154 cme=2.2130 acc=0.9738 cells=118036
[ct_train] saved best checkpoint (val_eval_loss=2.6283 val_acc=0.9738)
[ct_train] rechunked train graphs (seed=75)

=== Epoch 75/1000 ===
[train] loss=5.1224 cls=0.4241 cme=2.1879 acc=0.9767 cells=158379
[ct_train] rechunked train graphs (seed=76)

=== Epoch 76/1000 ===
[train] loss=5.1248 cls=0.4235 cme=2.1892 acc=0.9764 cells=158379
[val]   loss=5.1668 eval=2.6277 cls=0.4150 cme=2.2126 acc=0.9738 cells=118036
[ct_train] saved best checkpoint (val_eval_loss=2.6277 val_acc=0.9738)
[ct_train] rechunked train graphs (seed=77)

=== Epoch 77/1000 ===
[train] loss=5.1254 cls=0.4241 cme=2.1892 acc=0.9765 cells=158379
[ct_train] rechunked train graphs (seed=78)

=== Epoch 78/1000 ===
[train] loss=5.1241 cls=0.4235 cme=2.1889 acc=0.9765 cells=158379
[val]   loss=5.1650 eval=2.6266 cls=0.4146 cme=2.2120 acc=0.9740 cells=118036
[ct_train] saved best checkpoint (val_eval_loss=2.6266 val_acc=0.9740)
[ct_train] rechunked train graphs (seed=79)

=== Epoch 79/1000 ===
[train] loss=5.1327 cls=0.4228 cme=2.1932 acc=0.9773 cells=158379
[ct_train] rechunked train graphs (seed=80)

=== Epoch 80/1000 ===
[train] loss=5.1153 cls=0.4226 cme=2.1853 acc=0.9767 cells=158379
[val]   loss=5.1642 eval=2.6262 cls=0.4145 cme=2.2117 acc=0.9741 cells=118036
[ct_train] saved best checkpoint (val_eval_loss=2.6262 val_acc=0.9741)
[ct_train] rechunked train graphs (seed=81)

=== Epoch 81/1000 ===
[train] loss=5.1118 cls=0.4215 cme=2.1841 acc=0.9775 cells=158379
[ct_train] rechunked train graphs (seed=82)

=== Epoch 82/1000 ===
[train] loss=5.1156 cls=0.4216 cme=2.1859 acc=0.9772 cells=158379
[val]   loss=5.1633 eval=2.6256 cls=0.4142 cme=2.2114 acc=0.9742 cells=118036
[ct_train] saved best checkpoint (val_eval_loss=2.6256 val_acc=0.9742)
[ct_train] rechunked train graphs (seed=83)

=== Epoch 83/1000 ===
[train] loss=5.1204 cls=0.4210 cme=2.1883 acc=0.9771 cells=158379
[ct_train] rechunked train graphs (seed=84)

=== Epoch 84/1000 ===
[train] loss=5.1135 cls=0.4206 cme=2.1853 acc=0.9777 cells=158379
[val]   loss=5.1625 eval=2.6250 cls=0.4137 cme=2.2113 acc=0.9742 cells=118036
[ct_train] saved best checkpoint (val_eval_loss=2.6250 val_acc=0.9742)
[ct_train] rechunked train graphs (seed=85)

=== Epoch 85/1000 ===
[train] loss=5.1072 cls=0.4205 cme=2.1825 acc=0.9774 cells=158379
[ct_train] rechunked train graphs (seed=86)

=== Epoch 86/1000 ===
[train] loss=5.1229 cls=0.4208 cme=2.1897 acc=0.9774 cells=158379
[val]   loss=5.1608 eval=2.6241 cls=0.4135 cme=2.2106 acc=0.9743 cells=118036
[ct_train] saved best checkpoint (val_eval_loss=2.6241 val_acc=0.9743)
[ct_train] rechunked train graphs (seed=87)

=== Epoch 87/1000 ===
[train] loss=5.1092 cls=0.4201 cme=2.1836 acc=0.9778 cells=158379
[ct_train] rechunked train graphs (seed=88)

=== Epoch 88/1000 ===
[train] loss=5.1189 cls=0.4203 cme=2.1880 acc=0.9783 cells=158379
[val]   loss=5.1597 eval=2.6234 cls=0.4132 cme=2.2102 acc=0.9744 cells=118036
[ct_train] saved best checkpoint (val_eval_loss=2.6234 val_acc=0.9744)
[ct_train] rechunked train graphs (seed=89)

=== Epoch 89/1000 ===
[train] loss=5.1105 cls=0.4199 cme=2.1843 acc=0.9777 cells=158379
[ct_train] rechunked train graphs (seed=90)

=== Epoch 90/1000 ===
[train] loss=5.1119 cls=0.4184 cme=2.1857 acc=0.9781 cells=158379
[val]   loss=5.1600 eval=2.6234 cls=0.4130 cme=2.2105 acc=0.9745 cells=118036
[ct_train] early_stopping: no improve on val/eval_loss for 1/45 val checks
[ct_train] rechunked train graphs (seed=91)

=== Epoch 91/1000 ===
[train] loss=5.1031 cls=0.4181 cme=2.1817 acc=0.9783 cells=158379
[ct_train] rechunked train graphs (seed=92)

=== Epoch 92/1000 ===
[train] loss=5.1047 cls=0.4184 cme=2.1823 acc=0.9781 cells=158379
[val]   loss=5.1585 eval=2.6227 cls=0.4128 cme=2.2098 acc=0.9745 cells=118036
[ct_train] saved best checkpoint (val_eval_loss=2.6227 val_acc=0.9745)
[ct_train] rechunked train graphs (seed=93)

=== Epoch 93/1000 ===
[train] loss=5.1128 cls=0.4189 cme=2.1858 acc=0.9779 cells=158379
[ct_train] rechunked train graphs (seed=94)

=== Epoch 94/1000 ===
[train] loss=5.1023 cls=0.4179 cme=2.1814 acc=0.9782 cells=158379
[val]   loss=5.1580 eval=2.6223 cls=0.4127 cme=2.2096 acc=0.9746 cells=118036
[ct_train] saved best checkpoint (val_eval_loss=2.6223 val_acc=0.9746)
[ct_train] rechunked train graphs (seed=95)

=== Epoch 95/1000 ===
[train] loss=5.1122 cls=0.4176 cme=2.1862 acc=0.9784 cells=158379
[ct_train] rechunked train graphs (seed=96)

=== Epoch 96/1000 ===
[train] loss=5.1022 cls=0.4174 cme=2.1816 acc=0.9786 cells=158379
[val]   loss=5.1574 eval=2.6219 cls=0.4123 cme=2.2095 acc=0.9747 cells=118036
[ct_train] saved best checkpoint (val_eval_loss=2.6219 val_acc=0.9747)
[ct_train] rechunked train graphs (seed=97)

=== Epoch 97/1000 ===
[train] loss=5.1094 cls=0.4154 cme=2.1858 acc=0.9792 cells=158379
[ct_train] rechunked train graphs (seed=98)

=== Epoch 98/1000 ===
[train] loss=5.0968 cls=0.4162 cme=2.1797 acc=0.9789 cells=158379
[val]   loss=5.1565 eval=2.6214 cls=0.4122 cme=2.2092 acc=0.9748 cells=118036
[ct_train] saved best checkpoint (val_eval_loss=2.6214 val_acc=0.9748)
[ct_train] rechunked train graphs (seed=99)

=== Epoch 99/1000 ===
[train] loss=5.0840 cls=0.4165 cme=2.1736 acc=0.9786 cells=158379
[ct_train] rechunked train graphs (seed=100)

=== Epoch 100/1000 ===
[train] loss=5.0930 cls=0.4153 cme=2.1783 acc=0.9790 cells=158379
[val]   loss=5.1558 eval=2.6210 cls=0.4120 cme=2.2090 acc=0.9748 cells=118036
[ct_train] saved best checkpoint (val_eval_loss=2.6210 val_acc=0.9748)
[ct_train] rechunked train graphs (seed=101)

=== Epoch 101/1000 ===
[train] loss=5.1097 cls=0.4162 cme=2.1856 acc=0.9792 cells=158379
[ct_train] rechunked train graphs (seed=102)

=== Epoch 102/1000 ===
[train] loss=5.0909 cls=0.4142 cme=2.1778 acc=0.9793 cells=158379
[val]   loss=5.1536 eval=2.6196 cls=0.4114 cme=2.2082 acc=0.9750 cells=118036
[ct_train] saved best checkpoint (val_eval_loss=2.6196 val_acc=0.9750)
[ct_train] rechunked train graphs (seed=103)

=== Epoch 103/1000 ===
[train] loss=5.1002 cls=0.4141 cme=2.1822 acc=0.9795 cells=158379
[ct_train] rechunked train graphs (seed=104)

=== Epoch 104/1000 ===
[train] loss=5.0866 cls=0.4148 cme=2.1756 acc=0.9791 cells=158379
[val]   loss=5.1535 eval=2.6196 cls=0.4114 cme=2.2082 acc=0.9750 cells=118036
[ct_train] saved best checkpoint (val_eval_loss=2.6196 val_acc=0.9750)
[ct_train] early_stopping: no improve on val/eval_loss for 1/45 val checks
[ct_train] rechunked train graphs (seed=105)

=== Epoch 105/1000 ===
[train] loss=5.0947 cls=0.4149 cme=2.1793 acc=0.9793 cells=158379
[ct_train] rechunked train graphs (seed=106)

=== Epoch 106/1000 ===
[train] loss=5.0904 cls=0.4124 cme=2.1785 acc=0.9800 cells=158379
[val]   loss=5.1519 eval=2.6187 cls=0.4111 cme=2.2076 acc=0.9750 cells=118036
[ct_train] saved best checkpoint (val_eval_loss=2.6187 val_acc=0.9750)
[ct_train] rechunked train graphs (seed=107)

=== Epoch 107/1000 ===
[train] loss=5.0832 cls=0.4126 cme=2.1750 acc=0.9798 cells=158379
[ct_train] rechunked train graphs (seed=108)

=== Epoch 108/1000 ===
[train] loss=5.0993 cls=0.4132 cme=2.1822 acc=0.9795 cells=158379
[val]   loss=5.1517 eval=2.6185 cls=0.4109 cme=2.2076 acc=0.9751 cells=118036
[ct_train] saved best checkpoint (val_eval_loss=2.6185 val_acc=0.9751)
[ct_train] early_stopping: no improve on val/eval_loss for 1/45 val checks
[ct_train] rechunked train graphs (seed=109)

=== Epoch 109/1000 ===
[train] loss=5.0820 cls=0.4119 cme=2.1748 acc=0.9802 cells=158379
[ct_train] rechunked train graphs (seed=110)

=== Epoch 110/1000 ===
[train] loss=5.0843 cls=0.4118 cme=2.1759 acc=0.9799 cells=158379
[val]   loss=5.1515 eval=2.6183 cls=0.4107 cme=2.2076 acc=0.9751 cells=118036
[ct_train] saved best checkpoint (val_eval_loss=2.6183 val_acc=0.9751)
[ct_train] early_stopping: no improve on val/eval_loss for 2/45 val checks
[ct_train] rechunked train graphs (seed=111)

=== Epoch 111/1000 ===
[train] loss=5.0797 cls=0.4114 cme=2.1740 acc=0.9795 cells=158379
[ct_train] rechunked train graphs (seed=112)

=== Epoch 112/1000 ===
[train] loss=5.0773 cls=0.4121 cme=2.1725 acc=0.9800 cells=158379
[val]   loss=5.1502 eval=2.6177 cls=0.4107 cme=2.2070 acc=0.9753 cells=118036
[ct_train] saved best checkpoint (val_eval_loss=2.6177 val_acc=0.9753)
[ct_train] rechunked train graphs (seed=113)

=== Epoch 113/1000 ===
[train] loss=5.0844 cls=0.4115 cme=2.1761 acc=0.9801 cells=158379
[ct_train] rechunked train graphs (seed=114)

=== Epoch 114/1000 ===
[train] loss=5.0858 cls=0.4115 cme=2.1767 acc=0.9802 cells=158379
[val]   loss=5.1497 eval=2.6173 cls=0.4104 cme=2.2069 acc=0.9753 cells=118036
[ct_train] saved best checkpoint (val_eval_loss=2.6173 val_acc=0.9753)
[ct_train] rechunked train graphs (seed=115)

=== Epoch 115/1000 ===
[train] loss=5.0736 cls=0.4113 cme=2.1711 acc=0.9799 cells=158379
[ct_train] rechunked train graphs (seed=116)

=== Epoch 116/1000 ===
[train] loss=5.0695 cls=0.4095 cme=2.1700 acc=0.9811 cells=158379
[val]   loss=5.1489 eval=2.6168 cls=0.4101 cme=2.2066 acc=0.9754 cells=118036
[ct_train] saved best checkpoint (val_eval_loss=2.6168 val_acc=0.9754)
[ct_train] rechunked train graphs (seed=117)

=== Epoch 117/1000 ===
[train] loss=5.0788 cls=0.4102 cme=2.1741 acc=0.9807 cells=158379
[ct_train] rechunked train graphs (seed=118)

=== Epoch 118/1000 ===
[train] loss=5.0738 cls=0.4089 cme=2.1724 acc=0.9810 cells=158379
[val]   loss=5.1494 eval=2.6171 cls=0.4102 cme=2.2069 acc=0.9753 cells=118036
[ct_train] early_stopping: no improve on val/eval_loss for 1/45 val checks
[ct_train] rechunked train graphs (seed=119)

=== Epoch 119/1000 ===
[train] loss=5.0599 cls=0.4084 cme=2.1662 acc=0.9809 cells=158379
[ct_train] rechunked train graphs (seed=120)

=== Epoch 120/1000 ===
[train] loss=5.0610 cls=0.4078 cme=2.1669 acc=0.9810 cells=158379
[val]   loss=5.1491 eval=2.6168 cls=0.4099 cme=2.2068 acc=0.9753 cells=118036
[ct_train] saved best checkpoint (val_eval_loss=2.6168 val_acc=0.9754)
[ct_train] early_stopping: no improve on val/eval_loss for 2/45 val checks
[ct_train] rechunked train graphs (seed=121)

=== Epoch 121/1000 ===
[train] loss=5.0740 cls=0.4082 cme=2.1728 acc=0.9812 cells=158379
[ct_train] rechunked train graphs (seed=122)

=== Epoch 122/1000 ===
[train] loss=5.0587 cls=0.4085 cme=2.1656 acc=0.9811 cells=158379
[val]   loss=5.1486 eval=2.6165 cls=0.4098 cme=2.2067 acc=0.9754 cells=118036
[ct_train] saved best checkpoint (val_eval_loss=2.6165 val_acc=0.9754)
[ct_train] early_stopping: no improve on val/eval_loss for 3/45 val checks
[ct_train] rechunked train graphs (seed=123)

=== Epoch 123/1000 ===
[train] loss=5.0723 cls=0.4080 cme=2.1721 acc=0.9816 cells=158379
[ct_train] rechunked train graphs (seed=124)

=== Epoch 124/1000 ===
[train] loss=5.0762 cls=0.4073 cme=2.1742 acc=0.9814 cells=158379
[val]   loss=5.1478 eval=2.6160 cls=0.4096 cme=2.2064 acc=0.9756 cells=118036
[ct_train] saved best checkpoint (val_eval_loss=2.6160 val_acc=0.9756)
[ct_train] rechunked train graphs (seed=125)

=== Epoch 125/1000 ===
[train] loss=5.0689 cls=0.4072 cme=2.1709 acc=0.9821 cells=158379
[ct_train] rechunked train graphs (seed=126)

=== Epoch 126/1000 ===
[train] loss=5.0675 cls=0.4071 cme=2.1703 acc=0.9814 cells=158379
[val]   loss=5.1466 eval=2.6154 cls=0.4096 cme=2.2058 acc=0.9757 cells=118036
[ct_train] saved best checkpoint (val_eval_loss=2.6154 val_acc=0.9757)
[ct_train] rechunked train graphs (seed=127)

=== Epoch 127/1000 ===
[train] loss=5.0756 cls=0.4081 cme=2.1735 acc=0.9812 cells=158379
[ct_train] rechunked train graphs (seed=128)

=== Epoch 128/1000 ===
[train] loss=5.0631 cls=0.4069 cme=2.1683 acc=0.9818 cells=158379
[val]   loss=5.1460 eval=2.6152 cls=0.4096 cme=2.2056 acc=0.9756 cells=118036
[ct_train] saved best checkpoint (val_eval_loss=2.6152 val_acc=0.9757)
[ct_train] early_stopping: no improve on val/eval_loss for 1/45 val checks
[ct_train] rechunked train graphs (seed=129)

=== Epoch 129/1000 ===
[train] loss=5.0684 cls=0.4056 cme=2.1714 acc=0.9822 cells=158379
[ct_train] rechunked train graphs (seed=130)

=== Epoch 130/1000 ===
[train] loss=5.0658 cls=0.4054 cme=2.1702 acc=0.9823 cells=158379
[val]   loss=5.1446 eval=2.6145 cls=0.4096 cme=2.2049 acc=0.9757 cells=118036
[ct_train] saved best checkpoint (val_eval_loss=2.6145 val_acc=0.9757)
[ct_train] rechunked train graphs (seed=131)

=== Epoch 131/1000 ===
[train] loss=5.0645 cls=0.4065 cme=2.1692 acc=0.9819 cells=158379
[ct_train] rechunked train graphs (seed=132)

=== Epoch 132/1000 ===
[train] loss=5.0580 cls=0.4059 cme=2.1665 acc=0.9817 cells=158379
[val]   loss=5.1441 eval=2.6143 cls=0.4096 cme=2.2047 acc=0.9758 cells=118036
[ct_train] saved best checkpoint (val_eval_loss=2.6143 val_acc=0.9758)
[ct_train] early_stopping: no improve on val/eval_loss for 1/45 val checks
[ct_train] rechunked train graphs (seed=133)

=== Epoch 133/1000 ===
[train] loss=5.0587 cls=0.4047 cme=2.1673 acc=0.9823 cells=158379
[ct_train] rechunked train graphs (seed=134)

=== Epoch 134/1000 ===
[train] loss=5.0664 cls=0.4068 cme=2.1700 acc=0.9820 cells=158379
[val]   loss=5.1446 eval=2.6146 cls=0.4096 cme=2.2049 acc=0.9757 cells=118036
[ct_train] early_stopping: no improve on val/eval_loss for 2/45 val checks
[ct_train] rechunked train graphs (seed=135)

=== Epoch 135/1000 ===
[train] loss=5.0519 cls=0.4043 cme=2.1643 acc=0.9823 cells=158379
[ct_train] rechunked train graphs (seed=136)

=== Epoch 136/1000 ===
[train] loss=5.0431 cls=0.4034 cme=2.1606 acc=0.9829 cells=158379
[val]   loss=5.1450 eval=2.6147 cls=0.4095 cme=2.2052 acc=0.9757 cells=118036
[ct_train] early_stopping: no improve on val/eval_loss for 3/45 val checks
[ct_train] rechunked train graphs (seed=137)

=== Epoch 137/1000 ===
[train] loss=5.0648 cls=0.4057 cme=2.1697 acc=0.9819 cells=158379
[ct_train] rechunked train graphs (seed=138)

=== Epoch 138/1000 ===
[train] loss=5.0446 cls=0.4043 cme=2.1609 acc=0.9824 cells=158379
[val]   loss=5.1438 eval=2.6140 cls=0.4094 cme=2.2047 acc=0.9757 cells=118036
[ct_train] saved best checkpoint (val_eval_loss=2.6140 val_acc=0.9758)
[ct_train] early_stopping: no improve on val/eval_loss for 4/45 val checks
[ct_train] rechunked train graphs (seed=139)

=== Epoch 139/1000 ===
[train] loss=5.0551 cls=0.4046 cme=2.1657 acc=0.9821 cells=158379
[ct_train] rechunked train graphs (seed=140)

=== Epoch 140/1000 ===
[train] loss=5.0509 cls=0.4036 cme=2.1642 acc=0.9828 cells=158379
[val]   loss=5.1435 eval=2.6140 cls=0.4094 cme=2.2045 acc=0.9757 cells=118036
[ct_train] saved best checkpoint (val_eval_loss=2.6140 val_acc=0.9758)
[ct_train] early_stopping: no improve on val/eval_loss for 5/45 val checks
[ct_train] rechunked train graphs (seed=141)

=== Epoch 141/1000 ===
[train] loss=5.0522 cls=0.4033 cme=2.1650 acc=0.9828 cells=158379
[ct_train] rechunked train graphs (seed=142)

=== Epoch 142/1000 ===
[train] loss=5.0497 cls=0.4032 cme=2.1639 acc=0.9829 cells=158379
[val]   loss=5.1433 eval=2.6137 cls=0.4093 cme=2.2045 acc=0.9757 cells=118036
[ct_train] saved best checkpoint (val_eval_loss=2.6137 val_acc=0.9758)
[ct_train] early_stopping: no improve on val/eval_loss for 6/45 val checks
[ct_train] rechunked train graphs (seed=143)

=== Epoch 143/1000 ===
[train] loss=5.0416 cls=0.4022 cme=2.1606 acc=0.9834 cells=158379
[ct_train] rechunked train graphs (seed=144)

=== Epoch 144/1000 ===
[train] loss=5.0466 cls=0.4033 cme=2.1624 acc=0.9830 cells=158379
[val]   loss=5.1433 eval=2.6137 cls=0.4092 cme=2.2045 acc=0.9758 cells=118036
[ct_train] saved best checkpoint (val_eval_loss=2.6137 val_acc=0.9758)
[ct_train] early_stopping: no improve on val/eval_loss for 7/45 val checks
[ct_train] rechunked train graphs (seed=145)

=== Epoch 145/1000 ===
[train] loss=5.0534 cls=0.4023 cme=2.1659 acc=0.9833 cells=158379
[ct_train] rechunked train graphs (seed=146)

=== Epoch 146/1000 ===
[train] loss=5.0424 cls=0.4023 cme=2.1609 acc=0.9829 cells=158379
[val]   loss=5.1437 eval=2.6139 cls=0.4093 cme=2.2047 acc=0.9759 cells=118036
[ct_train] early_stopping: no improve on val/eval_loss for 8/45 val checks
[ct_train] rechunked train graphs (seed=147)

=== Epoch 147/1000 ===
[train] loss=5.0518 cls=0.4018 cme=2.1654 acc=0.9830 cells=158379
[ct_train] rechunked train graphs (seed=148)

=== Epoch 148/1000 ===
[train] loss=5.0508 cls=0.4017 cme=2.1650 acc=0.9833 cells=158379
[val]   loss=5.1432 eval=2.6138 cls=0.4094 cme=2.2043 acc=0.9757 cells=118036
[ct_train] early_stopping: no improve on val/eval_loss for 9/45 val checks
[ct_train] rechunked train graphs (seed=149)

=== Epoch 149/1000 ===
[train] loss=5.0424 cls=0.4019 cme=2.1611 acc=0.9835 cells=158379
[ct_train] rechunked train graphs (seed=150)

=== Epoch 150/1000 ===
[train] loss=5.0449 cls=0.4022 cme=2.1620 acc=0.9829 cells=158379
[val]   loss=5.1432 eval=2.6138 cls=0.4094 cme=2.2044 acc=0.9758 cells=118036
[ct_train] early_stopping: no improve on val/eval_loss for 10/45 val checks
[ct_train] rechunked train graphs (seed=151)

=== Epoch 151/1000 ===
[train] loss=5.0475 cls=0.4021 cme=2.1633 acc=0.9831 cells=158379
[ct_train] rechunked train graphs (seed=152)

=== Epoch 152/1000 ===
[train] loss=5.0514 cls=0.4016 cme=2.1654 acc=0.9833 cells=158379
[val]   loss=5.1426 eval=2.6134 cls=0.4092 cme=2.2042 acc=0.9759 cells=118036
[ct_train] saved best checkpoint (val_eval_loss=2.6134 val_acc=0.9759)
[ct_train] rechunked train graphs (seed=153)

=== Epoch 153/1000 ===
[train] loss=5.0370 cls=0.4006 cme=2.1592 acc=0.9837 cells=158379
[ct_train] rechunked train graphs (seed=154)

=== Epoch 154/1000 ===
[train] loss=5.0369 cls=0.3998 cme=2.1594 acc=0.9839 cells=158379
[val]   loss=5.1424 eval=2.6134 cls=0.4093 cme=2.2040 acc=0.9759 cells=118036
[ct_train] saved best checkpoint (val_eval_loss=2.6134 val_acc=0.9759)
[ct_train] early_stopping: no improve on val/eval_loss for 1/45 val checks
[ct_train] rechunked train graphs (seed=155)

=== Epoch 155/1000 ===
[train] loss=5.0485 cls=0.4003 cme=2.1646 acc=0.9842 cells=158379
[ct_train] rechunked train graphs (seed=156)

=== Epoch 156/1000 ===
[train] loss=5.0383 cls=0.3998 cme=2.1601 acc=0.9837 cells=158379
[val]   loss=5.1435 eval=2.6141 cls=0.4097 cme=2.2044 acc=0.9760 cells=118036
[ct_train] early_stopping: no improve on val/eval_loss for 2/45 val checks
[ct_train] rechunked train graphs (seed=157)

=== Epoch 157/1000 ===
[train] loss=5.0386 cls=0.3993 cme=2.1605 acc=0.9840 cells=158379
[ct_train] rechunked train graphs (seed=158)

=== Epoch 158/1000 ===
[train] loss=5.0408 cls=0.3994 cme=2.1615 acc=0.9840 cells=158379
[val]   loss=5.1430 eval=2.6138 cls=0.4096 cme=2.2042 acc=0.9760 cells=118036
[ct_train] early_stopping: no improve on val/eval_loss for 3/45 val checks
[ct_train] rechunked train graphs (seed=159)

=== Epoch 159/1000 ===
[train] loss=5.0293 cls=0.3989 cme=2.1564 acc=0.9839 cells=158379
[ct_train] rechunked train graphs (seed=160)

=== Epoch 160/1000 ===
[train] loss=5.0425 cls=0.3985 cme=2.1627 acc=0.9847 cells=158379
[val]   loss=5.1429 eval=2.6137 cls=0.4095 cme=2.2042 acc=0.9761 cells=118036
[ct_train] early_stopping: no improve on val/eval_loss for 4/45 val checks
[ct_train] rechunked train graphs (seed=161)

=== Epoch 161/1000 ===
[train] loss=5.0386 cls=0.3984 cme=2.1609 acc=0.9844 cells=158379
[ct_train] rechunked train graphs (seed=162)

=== Epoch 162/1000 ===
[train] loss=5.0422 cls=0.3991 cme=2.1623 acc=0.9844 cells=158379
[val]   loss=5.1425 eval=2.6135 cls=0.4096 cme=2.2040 acc=0.9759 cells=118036
[ct_train] early_stopping: no improve on val/eval_loss for 5/45 val checks
[ct_train] rechunked train graphs (seed=163)

=== Epoch 163/1000 ===
[train] loss=5.0250 cls=0.3970 cme=2.1552 acc=0.9850 cells=158379
[ct_train] rechunked train graphs (seed=164)

=== Epoch 164/1000 ===
[train] loss=5.0273 cls=0.3975 cme=2.1561 acc=0.9850 cells=158379
[val]   loss=5.1423 eval=2.6134 cls=0.4095 cme=2.2039 acc=0.9760 cells=118036
[ct_train] early_stopping: no improve on val/eval_loss for 6/45 val checks
[ct_train] rechunked train graphs (seed=165)

=== Epoch 165/1000 ===
[train] loss=5.0277 cls=0.3975 cme=2.1563 acc=0.9847 cells=158379
[ct_train] rechunked train graphs (seed=166)

=== Epoch 166/1000 ===
[train] loss=5.0273 cls=0.3973 cme=2.1562 acc=0.9848 cells=158379
[val]   loss=5.1425 eval=2.6136 cls=0.4096 cme=2.2040 acc=0.9761 cells=118036
[ct_train] early_stopping: no improve on val/eval_loss for 7/45 val checks
[ct_train] rechunked train graphs (seed=167)

=== Epoch 167/1000 ===
[train] loss=5.0368 cls=0.3980 cme=2.1602 acc=0.9844 cells=158379
[ct_train] rechunked train graphs (seed=168)

=== Epoch 168/1000 ===
[train] loss=5.0260 cls=0.3958 cme=2.1563 acc=0.9850 cells=158379
[val]   loss=5.1431 eval=2.6138 cls=0.4095 cme=2.2043 acc=0.9761 cells=118036
[ct_train] early_stopping: no improve on val/eval_loss for 8/45 val checks
[ct_train] rechunked train graphs (seed=169)

=== Epoch 169/1000 ===
[train] loss=5.0223 cls=0.3963 cme=2.1544 acc=0.9849 cells=158379
[ct_train] rechunked train graphs (seed=170)

=== Epoch 170/1000 ===
[train] loss=5.0341 cls=0.3973 cme=2.1593 acc=0.9848 cells=158379
[val]   loss=5.1427 eval=2.6138 cls=0.4098 cme=2.2040 acc=0.9762 cells=118036
[ct_train] early_stopping: no improve on val/eval_loss for 9/45 val checks
[ct_train] rechunked train graphs (seed=171)

=== Epoch 171/1000 ===
[train] loss=5.0222 cls=0.3970 cme=2.1540 acc=0.9847 cells=158379
[ct_train] rechunked train graphs (seed=172)

=== Epoch 172/1000 ===
[train] loss=5.0271 cls=0.3968 cme=2.1563 acc=0.9853 cells=158379
[val]   loss=5.1432 eval=2.6139 cls=0.4096 cme=2.2043 acc=0.9762 cells=118036
[ct_train] early_stopping: no improve on val/eval_loss for 10/45 val checks
[ct_train] rechunked train graphs (seed=173)

=== Epoch 173/1000 ===
[train] loss=5.0375 cls=0.3962 cme=2.1614 acc=0.9852 cells=158379
[ct_train] rechunked train graphs (seed=174)

=== Epoch 174/1000 ===
[train] loss=5.0218 cls=0.3947 cme=2.1548 acc=0.9857 cells=158379
[val]   loss=5.1432 eval=2.6140 cls=0.4097 cme=2.2042 acc=0.9762 cells=118036
[ct_train] early_stopping: no improve on val/eval_loss for 11/45 val checks
[ct_train] rechunked train graphs (seed=175)

=== Epoch 175/1000 ===
[train] loss=5.0269 cls=0.3953 cme=2.1569 acc=0.9854 cells=158379
[ct_train] rechunked train graphs (seed=176)

=== Epoch 176/1000 ===
[train] loss=5.0298 cls=0.3959 cme=2.1580 acc=0.9851 cells=158379
[val]   loss=5.1443 eval=2.6147 cls=0.4101 cme=2.2046 acc=0.9762 cells=118036
[ct_train] early_stopping: no improve on val/eval_loss for 12/45 val checks
[ct_train] rechunked train graphs (seed=177)

=== Epoch 177/1000 ===
[train] loss=5.0203 cls=0.3953 cme=2.1539 acc=0.9854 cells=158379
[ct_train] rechunked train graphs (seed=178)

=== Epoch 178/1000 ===
[train] loss=5.0160 cls=0.3947 cme=2.1522 acc=0.9854 cells=158379
[val]   loss=5.1442 eval=2.6146 cls=0.4100 cme=2.2046 acc=0.9762 cells=118036
[ct_train] early_stopping: no improve on val/eval_loss for 13/45 val checks
[ct_train] rechunked train graphs (seed=179)

=== Epoch 179/1000 ===
[train] loss=5.0311 cls=0.3951 cme=2.1590 acc=0.9860 cells=158379
[ct_train] rechunked train graphs (seed=180)

=== Epoch 180/1000 ===
[train] loss=5.0187 cls=0.3937 cme=2.1539 acc=0.9860 cells=158379
[val]   loss=5.1438 eval=2.6144 cls=0.4101 cme=2.2044 acc=0.9762 cells=118036
[ct_train] early_stopping: no improve on val/eval_loss for 14/45 val checks
[ct_train] rechunked train graphs (seed=181)

=== Epoch 181/1000 ===
[train] loss=5.0087 cls=0.3945 cme=2.1489 acc=0.9856 cells=158379
[ct_train] rechunked train graphs (seed=182)

=== Epoch 182/1000 ===
[train] loss=5.0144 cls=0.3951 cme=2.1512 acc=0.9853 cells=158379
[val]   loss=5.1441 eval=2.6146 cls=0.4102 cme=2.2044 acc=0.9761 cells=118036
[ct_train] early_stopping: no improve on val/eval_loss for 15/45 val checks
[ct_train] rechunked train graphs (seed=183)

=== Epoch 183/1000 ===
[train] loss=5.0159 cls=0.3941 cme=2.1524 acc=0.9859 cells=158379
[ct_train] rechunked train graphs (seed=184)

=== Epoch 184/1000 ===
[train] loss=5.0144 cls=0.3938 cme=2.1518 acc=0.9860 cells=158379
[val]   loss=5.1445 eval=2.6149 cls=0.4103 cme=2.2046 acc=0.9762 cells=118036
[ct_train] early_stopping: no improve on val/eval_loss for 16/45 val checks
[ct_train] rechunked train graphs (seed=185)

=== Epoch 185/1000 ===
[train] loss=5.0144 cls=0.3932 cme=2.1521 acc=0.9863 cells=158379
[ct_train] rechunked train graphs (seed=186)

=== Epoch 186/1000 ===
[train] loss=5.0195 cls=0.3932 cme=2.1545 acc=0.9861 cells=158379
[val]   loss=5.1449 eval=2.6152 cls=0.4105 cme=2.2047 acc=0.9761 cells=118036
[ct_train] early_stopping: no improve on val/eval_loss for 17/45 val checks
[ct_train] rechunked train graphs (seed=187)

=== Epoch 187/1000 ===
[train] loss=5.0182 cls=0.3939 cme=2.1535 acc=0.9860 cells=158379
[ct_train] rechunked train graphs (seed=188)

=== Epoch 188/1000 ===
[train] loss=5.0116 cls=0.3935 cme=2.1507 acc=0.9860 cells=158379
[val]   loss=5.1455 eval=2.6157 cls=0.4109 cme=2.2048 acc=0.9760 cells=118036
[ct_train] early_stopping: no improve on val/eval_loss for 18/45 val checks
[ct_train] rechunked train graphs (seed=189)

=== Epoch 189/1000 ===
[train] loss=5.0152 cls=0.3929 cme=2.1526 acc=0.9862 cells=158379
[ct_train] rechunked train graphs (seed=190)

=== Epoch 190/1000 ===
[train] loss=5.0066 cls=0.3918 cme=2.1491 acc=0.9867 cells=158379
[val]   loss=5.1465 eval=2.6161 cls=0.4108 cme=2.2053 acc=0.9762 cells=118036
[ct_train] early_stopping: no improve on val/eval_loss for 19/45 val checks
[ct_train] rechunked train graphs (seed=191)

=== Epoch 191/1000 ===
[train] loss=5.0118 cls=0.3919 cme=2.1515 acc=0.9869 cells=158379
[ct_train] rechunked train graphs (seed=192)

=== Epoch 192/1000 ===
[train] loss=5.0134 cls=0.3923 cme=2.1520 acc=0.9866 cells=158379
[val]   loss=5.1455 eval=2.6157 cls=0.4109 cme=2.2048 acc=0.9762 cells=118036
[ct_train] early_stopping: no improve on val/eval_loss for 20/45 val checks
[ct_train] rechunked train graphs (seed=193)

=== Epoch 193/1000 ===
[train] loss=5.0093 cls=0.3922 cme=2.1502 acc=0.9865 cells=158379
[ct_train] rechunked train graphs (seed=194)

=== Epoch 194/1000 ===
[train] loss=5.0080 cls=0.3915 cme=2.1499 acc=0.9871 cells=158379
[val]   loss=5.1460 eval=2.6160 cls=0.4110 cme=2.2050 acc=0.9760 cells=118036
[ct_train] early_stopping: no improve on val/eval_loss for 21/45 val checks
[ct_train] rechunked train graphs (seed=195)

=== Epoch 195/1000 ===
[train] loss=5.0036 cls=0.3917 cme=2.1478 acc=0.9869 cells=158379
[ct_train] rechunked train graphs (seed=196)

=== Epoch 196/1000 ===
[train] loss=5.0049 cls=0.3914 cme=2.1485 acc=0.9867 cells=158379
[val]   loss=5.1464 eval=2.6162 cls=0.4111 cme=2.2051 acc=0.9761 cells=118036
[ct_train] early_stopping: no improve on val/eval_loss for 22/45 val checks
[ct_train] rechunked train graphs (seed=197)

=== Epoch 197/1000 ===
[train] loss=5.0009 cls=0.3918 cme=2.1465 acc=0.9863 cells=158379
[ct_train] rechunked train graphs (seed=198)

=== Epoch 198/1000 ===
[train] loss=5.0038 cls=0.3908 cme=2.1483 acc=0.9870 cells=158379
[val]   loss=5.1470 eval=2.6165 cls=0.4111 cme=2.2053 acc=0.9762 cells=118036
[ct_train] early_stopping: no improve on val/eval_loss for 23/45 val checks
[ct_train] rechunked train graphs (seed=199)

=== Epoch 199/1000 ===
[train] loss=5.0037 cls=0.3912 cme=2.1480 acc=0.9870 cells=158379
[ct_train] rechunked train graphs (seed=200)

=== Epoch 200/1000 ===
[train] loss=5.0070 cls=0.3911 cme=2.1496 acc=0.9870 cells=158379
[val]   loss=5.1483 eval=2.6172 cls=0.4114 cme=2.2058 acc=0.9762 cells=118036
[ct_train] early_stopping: no improve on val/eval_loss for 24/45 val checks
[ct_train] rechunked train graphs (seed=201)

=== Epoch 201/1000 ===
[train] loss=4.9983 cls=0.3903 cme=2.1460 acc=0.9872 cells=158379
[ct_train] rechunked train graphs (seed=202)

=== Epoch 202/1000 ===
[train] loss=4.9948 cls=0.3895 cme=2.1447 acc=0.9875 cells=158379
[val]   loss=5.1481 eval=2.6171 cls=0.4113 cme=2.2058 acc=0.9761 cells=118036
[ct_train] early_stopping: no improve on val/eval_loss for 25/45 val checks
[ct_train] rechunked train graphs (seed=203)

=== Epoch 203/1000 ===
[train] loss=5.0030 cls=0.3904 cme=2.1481 acc=0.9871 cells=158379
[ct_train] rechunked train graphs (seed=204)

=== Epoch 204/1000 ===
[train] loss=4.9903 cls=0.3899 cme=2.1425 acc=0.9873 cells=158379
[val]   loss=5.1484 eval=2.6173 cls=0.4115 cme=2.2059 acc=0.9763 cells=118036
[ct_train] early_stopping: no improve on val/eval_loss for 26/45 val checks
[ct_train] rechunked train graphs (seed=205)

=== Epoch 205/1000 ===
[train] loss=4.9919 cls=0.3890 cme=2.1436 acc=0.9879 cells=158379
[ct_train] rechunked train graphs (seed=206)

=== Epoch 206/1000 ===
[train] loss=5.0108 cls=0.3897 cme=2.1520 acc=0.9876 cells=158379
[val]   loss=5.1482 eval=2.6174 cls=0.4117 cme=2.2057 acc=0.9762 cells=118036
[ct_train] early_stopping: no improve on val/eval_loss for 27/45 val checks
[ct_train] rechunked train graphs (seed=207)

=== Epoch 207/1000 ===
[train] loss=5.0035 cls=0.3897 cme=2.1487 acc=0.9876 cells=158379
[ct_train] rechunked train graphs (seed=208)

=== Epoch 208/1000 ===
[train] loss=5.0023 cls=0.3902 cme=2.1479 acc=0.9871 cells=158379
[val]   loss=5.1487 eval=2.6176 cls=0.4118 cme=2.2058 acc=0.9762 cells=118036
[ct_train] early_stopping: no improve on val/eval_loss for 28/45 val checks
[ct_train] rechunked train graphs (seed=209)

=== Epoch 209/1000 ===
[train] loss=5.0005 cls=0.3902 cme=2.1470 acc=0.9872 cells=158379
[ct_train] rechunked train graphs (seed=210)

=== Epoch 210/1000 ===
[train] loss=5.0037 cls=0.3887 cme=2.1492 acc=0.9880 cells=158379
[val]   loss=5.1487 eval=2.6178 cls=0.4120 cme=2.2057 acc=0.9762 cells=118036
[ct_train] early_stopping: no improve on val/eval_loss for 29/45 val checks
[ct_train] rechunked train graphs (seed=211)

=== Epoch 211/1000 ===
[train] loss=4.9958 cls=0.3886 cme=2.1456 acc=0.9877 cells=158379
[ct_train] rechunked train graphs (seed=212)

=== Epoch 212/1000 ===
[train] loss=4.9969 cls=0.3888 cme=2.1460 acc=0.9879 cells=158379
[val]   loss=5.1492 eval=2.6180 cls=0.4121 cme=2.2060 acc=0.9762 cells=118036
[ct_train] early_stopping: no improve on val/eval_loss for 30/45 val checks
[ct_train] rechunked train graphs (seed=213)

=== Epoch 213/1000 ===
[train] loss=4.9863 cls=0.3882 cme=2.1414 acc=0.9878 cells=158379
[ct_train] rechunked train graphs (seed=214)

=== Epoch 214/1000 ===
[train] loss=4.9992 cls=0.3887 cme=2.1471 acc=0.9878 cells=158379
[val]   loss=5.1497 eval=2.6182 cls=0.4119 cme=2.2062 acc=0.9763 cells=118036
[ct_train] early_stopping: no improve on val/eval_loss for 31/45 val checks
[ct_train] rechunked train graphs (seed=215)

=== Epoch 215/1000 ===
[train] loss=4.9955 cls=0.3879 cme=2.1458 acc=0.9879 cells=158379
[ct_train] rechunked train graphs (seed=216)

=== Epoch 216/1000 ===
[train] loss=4.9874 cls=0.3866 cme=2.1426 acc=0.9888 cells=158379
[val]   loss=5.1494 eval=2.6181 cls=0.4121 cme=2.2061 acc=0.9762 cells=118036
[ct_train] early_stopping: no improve on val/eval_loss for 32/45 val checks
[ct_train] rechunked train graphs (seed=217)

=== Epoch 217/1000 ===
[train] loss=4.9937 cls=0.3868 cme=2.1455 acc=0.9885 cells=158379
[ct_train] rechunked train graphs (seed=218)

=== Epoch 218/1000 ===
[train] loss=4.9898 cls=0.3871 cme=2.1435 acc=0.9885 cells=158379
[val]   loss=5.1504 eval=2.6189 cls=0.4126 cme=2.2063 acc=0.9762 cells=118036
[ct_train] early_stopping: no improve on val/eval_loss for 33/45 val checks
[ct_train] rechunked train graphs (seed=219)

=== Epoch 219/1000 ===
[train] loss=4.9900 cls=0.3869 cme=2.1437 acc=0.9886 cells=158379
[ct_train] rechunked train graphs (seed=220)

=== Epoch 220/1000 ===
[train] loss=5.0009 cls=0.3867 cme=2.1489 acc=0.9884 cells=158379
[val]   loss=5.1517 eval=2.6196 cls=0.4127 cme=2.2069 acc=0.9761 cells=118036
[ct_train] early_stopping: no improve on val/eval_loss for 34/45 val checks
[ct_train] rechunked train graphs (seed=221)

=== Epoch 221/1000 ===
[train] loss=4.9859 cls=0.3860 cme=2.1423 acc=0.9889 cells=158379
[ct_train] rechunked train graphs (seed=222)

=== Epoch 222/1000 ===
[train] loss=4.9745 cls=0.3856 cme=2.1372 acc=0.9889 cells=158379
[val]   loss=5.1517 eval=2.6196 cls=0.4128 cme=2.2068 acc=0.9762 cells=118036
[ct_train] early_stopping: no improve on val/eval_loss for 35/45 val checks
[ct_train] rechunked train graphs (seed=223)

=== Epoch 223/1000 ===
[train] loss=4.9876 cls=0.3869 cme=2.1426 acc=0.9883 cells=158379
[ct_train] rechunked train graphs (seed=224)

=== Epoch 224/1000 ===
[train] loss=4.9944 cls=0.3864 cme=2.1459 acc=0.9885 cells=158379
[val]   loss=5.1533 eval=2.6204 cls=0.4129 cme=2.2075 acc=0.9762 cells=118036
[ct_train] early_stopping: no improve on val/eval_loss for 36/45 val checks
[ct_train] rechunked train graphs (seed=225)

=== Epoch 225/1000 ===
[train] loss=4.9846 cls=0.3864 cme=2.1415 acc=0.9885 cells=158379
[ct_train] rechunked train graphs (seed=226)

=== Epoch 226/1000 ===
[train] loss=4.9917 cls=0.3861 cme=2.1448 acc=0.9888 cells=158379
[val]   loss=5.1547 eval=2.6212 cls=0.4132 cme=2.2080 acc=0.9762 cells=118036
[ct_train] early_stopping: no improve on val/eval_loss for 37/45 val checks
[ct_train] rechunked train graphs (seed=227)

=== Epoch 227/1000 ===
[train] loss=4.9783 cls=0.3867 cme=2.1384 acc=0.9884 cells=158379
[ct_train] rechunked train graphs (seed=228)

=== Epoch 228/1000 ===
[train] loss=4.9849 cls=0.3862 cme=2.1416 acc=0.9886 cells=158379
[val]   loss=5.1560 eval=2.6219 cls=0.4134 cme=2.2085 acc=0.9762 cells=118036
[ct_train] early_stopping: no improve on val/eval_loss for 38/45 val checks
[ct_train] rechunked train graphs (seed=229)

=== Epoch 229/1000 ===
[train] loss=4.9869 cls=0.3858 cme=2.1428 acc=0.9890 cells=158379
[ct_train] rechunked train graphs (seed=230)

=== Epoch 230/1000 ===
[train] loss=4.9816 cls=0.3858 cme=2.1403 acc=0.9890 cells=158379
[val]   loss=5.1561 eval=2.6220 cls=0.4134 cme=2.2086 acc=0.9762 cells=118036
[ct_train] early_stopping: no improve on val/eval_loss for 39/45 val checks
[ct_train] rechunked train graphs (seed=231)

=== Epoch 231/1000 ===
[train] loss=4.9710 cls=0.3849 cme=2.1358 acc=0.9893 cells=158379
[ct_train] rechunked train graphs (seed=232)

=== Epoch 232/1000 ===
[train] loss=4.9874 cls=0.3845 cme=2.1436 acc=0.9895 cells=158379
[val]   loss=5.1552 eval=2.6218 cls=0.4138 cme=2.2080 acc=0.9760 cells=118036
[ct_train] early_stopping: no improve on val/eval_loss for 40/45 val checks
[ct_train] rechunked train graphs (seed=233)

=== Epoch 233/1000 ===
[train] loss=4.9787 cls=0.3845 cme=2.1396 acc=0.9895 cells=158379
[ct_train] rechunked train graphs (seed=234)

=== Epoch 234/1000 ===
[train] loss=4.9844 cls=0.3849 cme=2.1420 acc=0.9892 cells=158379
[val]   loss=5.1555 eval=2.6219 cls=0.4137 cme=2.2081 acc=0.9761 cells=118036
[ct_train] early_stopping: no improve on val/eval_loss for 41/45 val checks
[ct_train] rechunked train graphs (seed=235)

=== Epoch 235/1000 ===
[train] loss=4.9723 cls=0.3842 cme=2.1368 acc=0.9896 cells=158379
[ct_train] rechunked train graphs (seed=236)

=== Epoch 236/1000 ===
[train] loss=4.9752 cls=0.3848 cme=2.1378 acc=0.9894 cells=158379
[val]   loss=5.1568 eval=2.6226 cls=0.4140 cme=2.2086 acc=0.9761 cells=118036
[ct_train] early_stopping: no improve on val/eval_loss for 42/45 val checks
[ct_train] rechunked train graphs (seed=237)

=== Epoch 237/1000 ===
[train] loss=4.9842 cls=0.3847 cme=2.1420 acc=0.9893 cells=158379
[ct_train] rechunked train graphs (seed=238)

=== Epoch 238/1000 ===
[train] loss=4.9724 cls=0.3842 cme=2.1368 acc=0.9893 cells=158379
[val]   loss=5.1582 eval=2.6235 cls=0.4143 cme=2.2092 acc=0.9761 cells=118036
[ct_train] early_stopping: no improve on val/eval_loss for 43/45 val checks
[ct_train] rechunked train graphs (seed=239)

=== Epoch 239/1000 ===
[train] loss=4.9741 cls=0.3838 cme=2.1378 acc=0.9895 cells=158379
[ct_train] rechunked train graphs (seed=240)

=== Epoch 240/1000 ===
[train] loss=4.9829 cls=0.3836 cme=2.1420 acc=0.9898 cells=158379
[val]   loss=5.1588 eval=2.6239 cls=0.4146 cme=2.2093 acc=0.9760 cells=118036
[ct_train] early_stopping: no improve on val/eval_loss for 44/45 val checks
[ct_train] rechunked train graphs (seed=241)

=== Epoch 241/1000 ===
[train] loss=4.9794 cls=0.3834 cme=2.1404 acc=0.9900 cells=158379
[ct_train] rechunked train graphs (seed=242)

=== Epoch 242/1000 ===
[train] loss=4.9739 cls=0.3827 cme=2.1382 acc=0.9899 cells=158379
[val]   loss=5.1593 eval=2.6243 cls=0.4149 cme=2.2094 acc=0.9759 cells=118036
[ct_train] early_stopping: no improve on val/eval_loss for 45/45 val checks
[ct_train] early stopping at epoch 242 (patience=45, monitor=val/eval_loss)

[ct_train] done. best_val_acc=0.9763  best_val_eval_loss=2.6134  checkpoints=/home/abel/code/Tissue-Reassembly-using-GenAI-and-new-metrics/exploration/cell_types/outputs/exp093_ms_aux80112  logs=/home/abel/code/Tissue-Reassembly-using-GenAI-and-new-metrics/exploration/cell_types/logs/exp093_ms_aux80112/20260808_020430
wandb: updating run metadata
wandb: uploading config.yaml; uploading output.log; uploading wandb-summary.json
wandb: uploading output.log
wandb: 
wandb: Run summary:
wandb:                      best_epoch 154
wandb:                    best_val_acc 0.97627
wandb:              best_val_eval_loss 2.61337
wandb:                           epoch 242
wandb:                              lr 0.00018
wandb:           model/parameter_count 1305308
wandb: model/trainable_parameter_count 1305308
wandb:                       train/acc 0.98988
wandb:       train/acc_per_class/Astro 0.99356
wandb:        train/acc_per_class/Endo 0.98763
wandb:                             +54 ...
wandb: 
wandb:  View run exp093_ms_aux80112 at: https://wandb.ai/abel-salmona-polytechnique-montr-al/cell_types/runs/sdnsxbkh
wandb:  View project at: https://wandb.ai/abel-salmona-polytechnique-montr-al/cell_types
wandb: Synced 5 W&B file(s), 1 media file(s), 2 artifact file(s) and 1 other file(s)
wandb: Find logs at: ./exploration/cell_types/logs/exp093_ms_aux80112/20260808_020430/wandb/run-20260808_020638-sdnsxbkh/logs
