[ct_train] config=exploration/cell_types/experiments/configs/exp189_kd_tgt095.json
[ct_train] device=cuda  checkpoints=/home/abel/code/Tissue-Reassembly-using-GenAI-and-new-metrics/exploration/cell_types/outputs/exp189_kd_tgt095
[ct_train] logs=/home/abel/code/Tissue-Reassembly-using-GenAI-and-new-metrics/exploration/cell_types/logs/exp189_kd_tgt095/20260808_113056
[ct_train] Loading data …
[DataModule] Reading '/home/abel/biodata/MERFISH_LUNA_small_cortex/MERFISH_mouse_cortex_train.csv' (split=train) with float32 dtype on 254 gene cols + coord cols …
[DataModule] Loaded 158,379 rows for split=train.
[DataModule] Reading '/home/abel/biodata/MERFISH_LUNA_small_cortex/MERFISH_mouse_cortex_test.csv' (split=test) with float32 dtype on 254 gene cols + coord cols …
[DataModule] Loaded 118,036 rows for split=test.
[DataModule] Reading '/home/abel/biodata/MERFISH_LUNA_small_cortex/MERFISH_mouse_cortex_test.csv' (split=validation) with float32 dtype on 254 gene cols + coord cols …
[DataModule] Loaded 118,036 rows for split=validation.
[ct_train] genes=254  classes=23
[ct_train] model predict_cme=True  params=1,305,308
[ct_train] initialized student from /home/abel/code/Tissue-Reassembly-using-GenAI-and-new-metrics/exploration/cell_types/outputs/exp180_kd_gen5/best.pt
[ct_train] teacher loaded: /home/abel/code/Tissue-Reassembly-using-GenAI-and-new-metrics/exploration/cell_types/outputs/exp180_kd_gen5/best.pt
[ct_train] teacher loaded: /home/abel/code/Tissue-Reassembly-using-GenAI-and-new-metrics/exploration/cell_types/outputs/exp179_kd_gen4_T15/best.pt
[ct_train] teacher loaded: /home/abel/code/Tissue-Reassembly-using-GenAI-and-new-metrics/exploration/cell_types/outputs/exp182_kd_gen5_T125/best.pt
[ct_train] distillation ON: n_teachers=3 hard_w=0.2 kd_cls=2.0 kd_cme=3.0 T=1.5
[ct_train] soft CME loaded split=train sigma=96.0 n=158379 C=23
[ct_train] soft CME loaded split=validation sigma=96.0 n=118036 C=23
[ct_train] soft CME loaded split=train sigma=50.0 n=158379 C=23
[ct_train] soft CME loaded split=train sigma=64.0 n=158379 C=23
[ct_train] soft CME loaded split=validation sigma=50.0 n=118036 C=23
[ct_train] soft CME loaded split=validation sigma=64.0 n=118036 C=23
wandb: [wandb.login()] Loaded credentials for https://api.wandb.ai from /home/abel/.netrc.
wandb: Currently logged in as: abel-salmona (abel-salmona-polytechnique-montr-al) to https://api.wandb.ai. Use `wandb login --relogin` to force relogin
wandb: WARNING Using a boolean value for 'reinit' is deprecated. Use 'return_previous' or 'finish_previous' instead.
wandb: Tracking run with wandb version 0.26.1
wandb: Run data is saved locally in /home/abel/code/Tissue-Reassembly-using-GenAI-and-new-metrics/exploration/cell_types/logs/exp189_kd_tgt095/20260808_113056/wandb/run-20260808_113104-r9p53lal
wandb: Run `wandb offline` to turn off syncing.
wandb: Syncing run exp189_kd_tgt095
wandb:  View project at https://wandb.ai/abel-salmona-polytechnique-montr-al/cell_types
wandb:  View run at https://wandb.ai/abel-salmona-polytechnique-montr-al/cell_types/runs/r9p53lal
wandb: WARNING Saving files without folders. If you want to preserve subdirectories pass base_path to wandb.save, i.e. wandb.save("/mnt/folder/file.h5", base_path="/mnt")
wandb: WARNING Symlinked 1 file into the W&B run directory; call wandb.save again to sync new files.
[ct_train] wandb: project=cell_types name=exp189_kd_tgt095 mode=online url=https://wandb.ai/abel-salmona-polytechnique-montr-al/cell_types/runs/r9p53lal
[ct_train] parameters: total=1,305,308 trainable=1,305,308
  [params] mlp_in_node_features: 26,720
  [params] transformer_layers: 633,600
  [params] type_stage1: 28,320
  [params] env_stage1: 93,056
  [params] type_probe: 2,231
  [params] env_probe: 7,383
  [params] fusion_mlp: 383,008
  [params] type_stage2: 30,551
  [params] env_stage2: 100,439
[ct_train] EMA enabled decay=0.98
[ct_train] rechunked train graphs (seed=1)

=== Epoch 1/1000 ===
[train] loss=7.5314 cls=0.4417 cme=2.0860 acc=0.9874 cells=158379 kd=6.5402
[ct_train] rechunked train graphs (seed=2)

=== Epoch 2/1000 ===
[train] loss=7.5089 cls=0.4413 cme=2.0786 acc=0.9872 cells=158379 kd=6.5211
[val]   loss=5.1038 eval=2.6070 cls=0.4064 cme=2.2006 acc=0.9767 cells=118036
[ct_train] saved best checkpoint (val_eval_loss=2.6070 val_acc=0.9767)
[ct_train] rechunked train graphs (seed=3)

=== Epoch 3/1000 ===
[train] loss=7.5087 cls=0.4416 cme=2.0787 acc=0.9874 cells=158379 kd=6.5207
[ct_train] rechunked train graphs (seed=4)

=== Epoch 4/1000 ===
[train] loss=7.5161 cls=0.4416 cme=2.0807 acc=0.9873 cells=158379 kd=6.5272
[val]   loss=5.1041 eval=2.6073 cls=0.4065 cme=2.2008 acc=0.9766 cells=118036
[ct_train] early_stopping: no improve on val/eval_loss for 1/40 val checks
[ct_train] rechunked train graphs (seed=5)

=== Epoch 5/1000 ===
[train] loss=7.5302 cls=0.4417 cme=2.0845 acc=0.9874 cells=158379 kd=6.5397
[ct_train] rechunked train graphs (seed=6)

=== Epoch 6/1000 ===
[train] loss=7.5239 cls=0.4416 cme=2.0834 acc=0.9874 cells=158379 kd=6.5339
[val]   loss=5.1045 eval=2.6076 cls=0.4066 cme=2.2010 acc=0.9766 cells=118036
[ct_train] early_stopping: no improve on val/eval_loss for 2/40 val checks
[ct_train] rechunked train graphs (seed=7)

=== Epoch 7/1000 ===
[train] loss=7.5055 cls=0.4414 cme=2.0784 acc=0.9873 cells=158379 kd=6.5177
[ct_train] rechunked train graphs (seed=8)

=== Epoch 8/1000 ===
[train] loss=7.5110 cls=0.4416 cme=2.0790 acc=0.9873 cells=158379 kd=6.5229
[val]   loss=5.1044 eval=2.6076 cls=0.4066 cme=2.2009 acc=0.9767 cells=118036
[ct_train] early_stopping: no improve on val/eval_loss for 3/40 val checks
[ct_train] rechunked train graphs (seed=9)

=== Epoch 9/1000 ===
[train] loss=7.5155 cls=0.4411 cme=2.0807 acc=0.9873 cells=158379 kd=6.5268
[ct_train] rechunked train graphs (seed=10)

=== Epoch 10/1000 ===
[train] loss=7.5316 cls=0.4418 cme=2.0850 acc=0.9874 cells=158379 kd=6.5409
[val]   loss=5.1044 eval=2.6076 cls=0.4067 cme=2.2010 acc=0.9766 cells=118036
[ct_train] early_stopping: no improve on val/eval_loss for 4/40 val checks
[ct_train] rechunked train graphs (seed=11)

=== Epoch 11/1000 ===
[train] loss=7.5116 cls=0.4414 cme=2.0798 acc=0.9871 cells=158379 kd=6.5232
[ct_train] rechunked train graphs (seed=12)

=== Epoch 12/1000 ===
[train] loss=7.5127 cls=0.4414 cme=2.0806 acc=0.9874 cells=158379 kd=6.5239
[val]   loss=5.1045 eval=2.6077 cls=0.4067 cme=2.2010 acc=0.9767 cells=118036
[ct_train] early_stopping: no improve on val/eval_loss for 5/40 val checks
[ct_train] rechunked train graphs (seed=13)

=== Epoch 13/1000 ===
[train] loss=7.5145 cls=0.4417 cme=2.0802 acc=0.9874 cells=158379 kd=6.5259
[ct_train] rechunked train graphs (seed=14)

=== Epoch 14/1000 ===
[train] loss=7.5292 cls=0.4414 cme=2.0849 acc=0.9876 cells=158379 kd=6.5386
[val]   loss=5.1045 eval=2.6077 cls=0.4067 cme=2.2009 acc=0.9766 cells=118036
[ct_train] early_stopping: no improve on val/eval_loss for 6/40 val checks
[ct_train] rechunked train graphs (seed=15)

=== Epoch 15/1000 ===
[train] loss=7.5156 cls=0.4414 cme=2.0811 acc=0.9875 cells=158379 kd=6.5266
[ct_train] rechunked train graphs (seed=16)

=== Epoch 16/1000 ===
[train] loss=7.5159 cls=0.4420 cme=2.0813 acc=0.9875 cells=158379 kd=6.5267
[val]   loss=5.1047 eval=2.6078 cls=0.4068 cme=2.2010 acc=0.9766 cells=118036
[ct_train] early_stopping: no improve on val/eval_loss for 7/40 val checks
[ct_train] rechunked train graphs (seed=17)

=== Epoch 17/1000 ===
[train] loss=7.5143 cls=0.4416 cme=2.0808 acc=0.9873 cells=158379 kd=6.5254
[ct_train] rechunked train graphs (seed=18)

=== Epoch 18/1000 ===
[train] loss=7.5096 cls=0.4412 cme=2.0787 acc=0.9874 cells=158379 kd=6.5217
[val]   loss=5.1047 eval=2.6078 cls=0.4068 cme=2.2010 acc=0.9766 cells=118036
[ct_train] early_stopping: no improve on val/eval_loss for 8/40 val checks
[ct_train] rechunked train graphs (seed=19)

=== Epoch 19/1000 ===
[train] loss=7.5159 cls=0.4412 cme=2.0812 acc=0.9874 cells=158379 kd=6.5269
[ct_train] rechunked train graphs (seed=20)

=== Epoch 20/1000 ===
[train] loss=7.5136 cls=0.4415 cme=2.0807 acc=0.9875 cells=158379 kd=6.5248
[val]   loss=5.1047 eval=2.6078 cls=0.4068 cme=2.2010 acc=0.9766 cells=118036
[ct_train] early_stopping: no improve on val/eval_loss for 9/40 val checks
[ct_train] rechunked train graphs (seed=21)

=== Epoch 21/1000 ===
[train] loss=7.5124 cls=0.4412 cme=2.0808 acc=0.9875 cells=158379 kd=6.5236
[ct_train] rechunked train graphs (seed=22)

=== Epoch 22/1000 ===
[train] loss=7.5325 cls=0.4415 cme=2.0856 acc=0.9875 cells=158379 kd=6.5416
[val]   loss=5.1045 eval=2.6077 cls=0.4068 cme=2.2009 acc=0.9766 cells=118036
[ct_train] early_stopping: no improve on val/eval_loss for 10/40 val checks
[ct_train] rechunked train graphs (seed=23)

=== Epoch 23/1000 ===
[train] loss=7.5050 cls=0.4408 cme=2.0773 acc=0.9875 cells=158379 kd=6.5178
[ct_train] rechunked train graphs (seed=24)

=== Epoch 24/1000 ===
[train] loss=7.5175 cls=0.4415 cme=2.0812 acc=0.9874 cells=158379 kd=6.5284
[val]   loss=5.1045 eval=2.6077 cls=0.4067 cme=2.2009 acc=0.9766 cells=118036
[ct_train] early_stopping: no improve on val/eval_loss for 11/40 val checks
[ct_train] rechunked train graphs (seed=25)

=== Epoch 25/1000 ===
[train] loss=7.4966 cls=0.4410 cme=2.0758 acc=0.9875 cells=158379 kd=6.5101
[ct_train] rechunked train graphs (seed=26)

=== Epoch 26/1000 ===
[train] loss=7.5276 cls=0.4412 cme=2.0834 acc=0.9874 cells=158379 kd=6.5377
[val]   loss=5.1045 eval=2.6077 cls=0.4067 cme=2.2010 acc=0.9767 cells=118036
[ct_train] early_stopping: no improve on val/eval_loss for 12/40 val checks
[ct_train] rechunked train graphs (seed=27)

=== Epoch 27/1000 ===
[train] loss=7.4946 cls=0.4414 cme=2.0744 acc=0.9874 cells=158379 kd=6.5086
[ct_train] rechunked train graphs (seed=28)

=== Epoch 28/1000 ===
[train] loss=7.5067 cls=0.4412 cme=2.0794 acc=0.9874 cells=158379 kd=6.5185
[val]   loss=5.1044 eval=2.6076 cls=0.4067 cme=2.2009 acc=0.9766 cells=118036
[ct_train] early_stopping: no improve on val/eval_loss for 13/40 val checks
[ct_train] rechunked train graphs (seed=29)

=== Epoch 29/1000 ===
[train] loss=7.5114 cls=0.4416 cme=2.0793 acc=0.9874 cells=158379 kd=6.5231
[ct_train] rechunked train graphs (seed=30)

=== Epoch 30/1000 ===
[train] loss=7.5100 cls=0.4414 cme=2.0782 acc=0.9873 cells=158379 kd=6.5223
[val]   loss=5.1045 eval=2.6077 cls=0.4067 cme=2.2010 acc=0.9766 cells=118036
[ct_train] early_stopping: no improve on val/eval_loss for 14/40 val checks
[ct_train] rechunked train graphs (seed=31)

=== Epoch 31/1000 ===
[train] loss=7.5067 cls=0.4411 cme=2.0776 acc=0.9876 cells=158379 kd=6.5193
[ct_train] rechunked train graphs (seed=32)

=== Epoch 32/1000 ===
[train] loss=7.5208 cls=0.4411 cme=2.0825 acc=0.9875 cells=158379 kd=6.5313
[val]   loss=5.1045 eval=2.6076 cls=0.4067 cme=2.2009 acc=0.9766 cells=118036
[ct_train] early_stopping: no improve on val/eval_loss for 15/40 val checks
[ct_train] rechunked train graphs (seed=33)

=== Epoch 33/1000 ===
[train] loss=7.5166 cls=0.4411 cme=2.0813 acc=0.9875 cells=158379 kd=6.5276
[ct_train] rechunked train graphs (seed=34)

=== Epoch 34/1000 ===
[train] loss=7.5051 cls=0.4415 cme=2.0775 acc=0.9875 cells=158379 kd=6.5177
[val]   loss=5.1043 eval=2.6076 cls=0.4067 cme=2.2008 acc=0.9767 cells=118036
[ct_train] early_stopping: no improve on val/eval_loss for 16/40 val checks
[ct_train] rechunked train graphs (seed=35)

=== Epoch 35/1000 ===
[train] loss=7.5115 cls=0.4407 cme=2.0789 acc=0.9873 cells=158379 kd=6.5236
[ct_train] rechunked train graphs (seed=36)

=== Epoch 36/1000 ===
[train] loss=7.5121 cls=0.4413 cme=2.0795 acc=0.9875 cells=158379 kd=6.5238
[val]   loss=5.1041 eval=2.6075 cls=0.4067 cme=2.2008 acc=0.9766 cells=118036
[ct_train] early_stopping: no improve on val/eval_loss for 17/40 val checks
[ct_train] rechunked train graphs (seed=37)

=== Epoch 37/1000 ===
[train] loss=7.5081 cls=0.4412 cme=2.0782 acc=0.9873 cells=158379 kd=6.5205
[ct_train] rechunked train graphs (seed=38)

=== Epoch 38/1000 ===
[train] loss=7.5202 cls=0.4416 cme=2.0824 acc=0.9873 cells=158379 kd=6.5306
[val]   loss=5.1046 eval=2.6077 cls=0.4067 cme=2.2010 acc=0.9766 cells=118036
[ct_train] early_stopping: no improve on val/eval_loss for 18/40 val checks
[ct_train] rechunked train graphs (seed=39)

=== Epoch 39/1000 ===
[train] loss=7.5079 cls=0.4405 cme=2.0789 acc=0.9875 cells=158379 kd=6.5200
[ct_train] rechunked train graphs (seed=40)

=== Epoch 40/1000 ===
[train] loss=7.5110 cls=0.4407 cme=2.0791 acc=0.9875 cells=158379 kd=6.5231
[val]   loss=5.1044 eval=2.6076 cls=0.4067 cme=2.2009 acc=0.9766 cells=118036
[ct_train] early_stopping: no improve on val/eval_loss for 19/40 val checks
[ct_train] rechunked train graphs (seed=41)

=== Epoch 41/1000 ===
[train] loss=7.5046 cls=0.4409 cme=2.0779 acc=0.9875 cells=158379 kd=6.5172
[ct_train] rechunked train graphs (seed=42)

=== Epoch 42/1000 ===
[train] loss=7.5045 cls=0.4409 cme=2.0762 acc=0.9875 cells=158379 kd=6.5177
[val]   loss=5.1044 eval=2.6076 cls=0.4067 cme=2.2009 acc=0.9766 cells=118036
[ct_train] early_stopping: no improve on val/eval_loss for 20/40 val checks
[ct_train] rechunked train graphs (seed=43)

=== Epoch 43/1000 ===
[train] loss=7.5111 cls=0.4411 cme=2.0792 acc=0.9874 cells=158379 kd=6.5230
[ct_train] rechunked train graphs (seed=44)

=== Epoch 44/1000 ===
[train] loss=7.4988 cls=0.4405 cme=2.0759 acc=0.9875 cells=158379 kd=6.5123
[val]   loss=5.1044 eval=2.6076 cls=0.4067 cme=2.2009 acc=0.9766 cells=118036
[ct_train] early_stopping: no improve on val/eval_loss for 21/40 val checks
[ct_train] rechunked train graphs (seed=45)

=== Epoch 45/1000 ===
[train] loss=7.5137 cls=0.4414 cme=2.0794 acc=0.9874 cells=158379 kd=6.5254
[ct_train] rechunked train graphs (seed=46)

=== Epoch 46/1000 ===
[train] loss=7.5215 cls=0.4411 cme=2.0825 acc=0.9873 cells=158379 kd=6.5320
[val]   loss=5.1043 eval=2.6076 cls=0.4067 cme=2.2009 acc=0.9767 cells=118036
[ct_train] early_stopping: no improve on val/eval_loss for 22/40 val checks
[ct_train] rechunked train graphs (seed=47)

=== Epoch 47/1000 ===
[train] loss=7.5247 cls=0.4416 cme=2.0831 acc=0.9874 cells=158379 kd=6.5348
[ct_train] rechunked train graphs (seed=48)

=== Epoch 48/1000 ===
[train] loss=7.5269 cls=0.4413 cme=2.0836 acc=0.9875 cells=158379 kd=6.5368
[val]   loss=5.1041 eval=2.6075 cls=0.4068 cme=2.2008 acc=0.9766 cells=118036
[ct_train] early_stopping: no improve on val/eval_loss for 23/40 val checks
[ct_train] rechunked train graphs (seed=49)

=== Epoch 49/1000 ===
[train] loss=7.4998 cls=0.4409 cme=2.0770 acc=0.9873 cells=158379 kd=6.5127
[ct_train] rechunked train graphs (seed=50)

=== Epoch 50/1000 ===
[train] loss=7.5079 cls=0.4410 cme=2.0778 acc=0.9876 cells=158379 kd=6.5204
[val]   loss=5.1041 eval=2.6075 cls=0.4068 cme=2.2008 acc=0.9767 cells=118036
[ct_train] early_stopping: no improve on val/eval_loss for 24/40 val checks
[ct_train] rechunked train graphs (seed=51)

=== Epoch 51/1000 ===
[train] loss=7.5059 cls=0.4412 cme=2.0780 acc=0.9876 cells=158379 kd=6.5183
[ct_train] rechunked train graphs (seed=52)

=== Epoch 52/1000 ===
[train] loss=7.5234 cls=0.4411 cme=2.0826 acc=0.9876 cells=158379 kd=6.5338
[val]   loss=5.1043 eval=2.6076 cls=0.4068 cme=2.2008 acc=0.9766 cells=118036
[ct_train] early_stopping: no improve on val/eval_loss for 25/40 val checks
[ct_train] rechunked train graphs (seed=53)

=== Epoch 53/1000 ===
[train] loss=7.5031 cls=0.4407 cme=2.0770 acc=0.9878 cells=158379 kd=6.5161
[ct_train] rechunked train graphs (seed=54)

=== Epoch 54/1000 ===
[train] loss=7.5178 cls=0.4407 cme=2.0808 acc=0.9877 cells=158379 kd=6.5291
[val]   loss=5.1044 eval=2.6076 cls=0.4067 cme=2.2009 acc=0.9766 cells=118036
[ct_train] early_stopping: no improve on val/eval_loss for 26/40 val checks
[ct_train] rechunked train graphs (seed=55)

=== Epoch 55/1000 ===
[train] loss=7.5053 cls=0.4408 cme=2.0774 acc=0.9876 cells=158379 kd=6.5181
[ct_train] rechunked train graphs (seed=56)

=== Epoch 56/1000 ===
[train] loss=7.5197 cls=0.4411 cme=2.0813 acc=0.9874 cells=158379 kd=6.5307
[val]   loss=5.1044 eval=2.6076 cls=0.4067 cme=2.2009 acc=0.9766 cells=118036
[ct_train] early_stopping: no improve on val/eval_loss for 27/40 val checks
[ct_train] rechunked train graphs (seed=57)

=== Epoch 57/1000 ===
[train] loss=7.5133 cls=0.4407 cme=2.0800 acc=0.9874 cells=158379 kd=6.5249
[ct_train] rechunked train graphs (seed=58)

=== Epoch 58/1000 ===
[train] loss=7.5034 cls=0.4409 cme=2.0772 acc=0.9873 cells=158379 kd=6.5162
[val]   loss=5.1045 eval=2.6077 cls=0.4067 cme=2.2009 acc=0.9766 cells=118036
[ct_train] early_stopping: no improve on val/eval_loss for 28/40 val checks
[ct_train] rechunked train graphs (seed=59)

=== Epoch 59/1000 ===
[train] loss=7.5122 cls=0.4412 cme=2.0800 acc=0.9876 cells=158379 kd=6.5237
[ct_train] rechunked train graphs (seed=60)

=== Epoch 60/1000 ===
[train] loss=7.5201 cls=0.4411 cme=2.0812 acc=0.9873 cells=158379 kd=6.5311
[val]   loss=5.1044 eval=2.6077 cls=0.4067 cme=2.2009 acc=0.9766 cells=118036
[ct_train] early_stopping: no improve on val/eval_loss for 29/40 val checks
[ct_train] rechunked train graphs (seed=61)

=== Epoch 61/1000 ===
[train] loss=7.5006 cls=0.4409 cme=2.0751 acc=0.9874 cells=158379 kd=6.5143
[ct_train] rechunked train graphs (seed=62)

=== Epoch 62/1000 ===
[train] loss=7.5253 cls=0.4412 cme=2.0829 acc=0.9874 cells=158379 kd=6.5356
[val]   loss=5.1044 eval=2.6076 cls=0.4067 cme=2.2009 acc=0.9766 cells=118036
[ct_train] early_stopping: no improve on val/eval_loss for 30/40 val checks
[ct_train] rechunked train graphs (seed=63)

=== Epoch 63/1000 ===
[train] loss=7.5120 cls=0.4410 cme=2.0794 acc=0.9875 cells=158379 kd=6.5238
[ct_train] rechunked train graphs (seed=64)

=== Epoch 64/1000 ===
[train] loss=7.5119 cls=0.4416 cme=2.0799 acc=0.9874 cells=158379 kd=6.5234
[val]   loss=5.1043 eval=2.6075 cls=0.4067 cme=2.2009 acc=0.9767 cells=118036
[ct_train] early_stopping: no improve on val/eval_loss for 31/40 val checks
[ct_train] rechunked train graphs (seed=65)

=== Epoch 65/1000 ===
[train] loss=7.5109 cls=0.4414 cme=2.0796 acc=0.9875 cells=158379 kd=6.5226
[ct_train] rechunked train graphs (seed=66)

=== Epoch 66/1000 ===
[train] loss=7.5015 cls=0.4412 cme=2.0765 acc=0.9874 cells=158379 kd=6.5146
[val]   loss=5.1043 eval=2.6075 cls=0.4067 cme=2.2009 acc=0.9767 cells=118036
[ct_train] early_stopping: no improve on val/eval_loss for 32/40 val checks
[ct_train] rechunked train graphs (seed=67)

=== Epoch 67/1000 ===
[train] loss=7.5088 cls=0.4410 cme=2.0791 acc=0.9874 cells=158379 kd=6.5208
[ct_train] rechunked train graphs (seed=68)

=== Epoch 68/1000 ===
[train] loss=7.5146 cls=0.4411 cme=2.0804 acc=0.9875 cells=158379 kd=6.5260
[val]   loss=5.1042 eval=2.6075 cls=0.4066 cme=2.2009 acc=0.9767 cells=118036
[ct_train] early_stopping: no improve on val/eval_loss for 33/40 val checks
[ct_train] rechunked train graphs (seed=69)

=== Epoch 69/1000 ===
[train] loss=7.5298 cls=0.4414 cme=2.0842 acc=0.9873 cells=158379 kd=6.5395
[ct_train] rechunked train graphs (seed=70)

=== Epoch 70/1000 ===
[train] loss=7.5130 cls=0.4409 cme=2.0801 acc=0.9874 cells=158379 kd=6.5245
[val]   loss=5.1041 eval=2.6074 cls=0.4067 cme=2.2008 acc=0.9767 cells=118036
[ct_train] early_stopping: no improve on val/eval_loss for 34/40 val checks
[ct_train] rechunked train graphs (seed=71)

=== Epoch 71/1000 ===
[train] loss=7.5036 cls=0.4408 cme=2.0766 acc=0.9874 cells=158379 kd=6.5166
[ct_train] rechunked train graphs (seed=72)

=== Epoch 72/1000 ===
[train] loss=7.5236 cls=0.4411 cme=2.0841 acc=0.9875 cells=158379 kd=6.5334
[val]   loss=5.1040 eval=2.6074 cls=0.4066 cme=2.2008 acc=0.9767 cells=118036
[ct_train] early_stopping: no improve on val/eval_loss for 35/40 val checks
[ct_train] rechunked train graphs (seed=73)

=== Epoch 73/1000 ===
[train] loss=7.5055 cls=0.4411 cme=2.0783 acc=0.9873 cells=158379 kd=6.5178
[ct_train] rechunked train graphs (seed=74)

=== Epoch 74/1000 ===
[train] loss=7.5015 cls=0.4409 cme=2.0766 acc=0.9876 cells=158379 kd=6.5145
[val]   loss=5.1040 eval=2.6074 cls=0.4066 cme=2.2008 acc=0.9767 cells=118036
[ct_train] early_stopping: no improve on val/eval_loss for 36/40 val checks
[ct_train] rechunked train graphs (seed=75)

=== Epoch 75/1000 ===
[train] loss=7.5058 cls=0.4409 cme=2.0776 acc=0.9873 cells=158379 kd=6.5184
[ct_train] rechunked train graphs (seed=76)

=== Epoch 76/1000 ===
[train] loss=7.5098 cls=0.4404 cme=2.0791 acc=0.9874 cells=158379 kd=6.5219
[val]   loss=5.1043 eval=2.6075 cls=0.4066 cme=2.2009 acc=0.9767 cells=118036
[ct_train] early_stopping: no improve on val/eval_loss for 37/40 val checks
[ct_train] rechunked train graphs (seed=77)

=== Epoch 77/1000 ===
[train] loss=7.5207 cls=0.4411 cme=2.0811 acc=0.9875 cells=158379 kd=6.5318
[ct_train] rechunked train graphs (seed=78)

=== Epoch 78/1000 ===
[train] loss=7.5150 cls=0.4417 cme=2.0805 acc=0.9874 cells=158379 kd=6.5262
[val]   loss=5.1041 eval=2.6074 cls=0.4066 cme=2.2008 acc=0.9768 cells=118036
[ct_train] early_stopping: no improve on val/eval_loss for 38/40 val checks
[ct_train] rechunked train graphs (seed=79)

=== Epoch 79/1000 ===
[train] loss=7.5266 cls=0.4410 cme=2.0834 acc=0.9875 cells=158379 kd=6.5367
[ct_train] rechunked train graphs (seed=80)

=== Epoch 80/1000 ===
[train] loss=7.4964 cls=0.4408 cme=2.0751 acc=0.9875 cells=158379 kd=6.5102
[val]   loss=5.1040 eval=2.6074 cls=0.4066 cme=2.2008 acc=0.9768 cells=118036
[ct_train] early_stopping: no improve on val/eval_loss for 39/40 val checks
[ct_train] rechunked train graphs (seed=81)

=== Epoch 81/1000 ===
[train] loss=7.5222 cls=0.4409 cme=2.0827 acc=0.9876 cells=158379 kd=6.5326
[ct_train] rechunked train graphs (seed=82)

=== Epoch 82/1000 ===
[train] loss=7.5050 cls=0.4410 cme=2.0769 acc=0.9874 cells=158379 kd=6.5179
[val]   loss=5.1041 eval=2.6074 cls=0.4066 cme=2.2008 acc=0.9767 cells=118036
[ct_train] early_stopping: no improve on val/eval_loss for 40/40 val checks
[ct_train] early stopping at epoch 82 (patience=40, monitor=val/eval_loss)

[ct_train] done. best_val_acc=0.9768  best_val_eval_loss=2.6070  checkpoints=/home/abel/code/Tissue-Reassembly-using-GenAI-and-new-metrics/exploration/cell_types/outputs/exp189_kd_tgt095  logs=/home/abel/code/Tissue-Reassembly-using-GenAI-and-new-metrics/exploration/cell_types/logs/exp189_kd_tgt095/20260808_113056
wandb: updating run metadata
wandb: uploading config.yaml; uploading output.log; uploading wandb-summary.json
wandb: 
wandb: Run summary:
wandb:                      best_epoch 2
wandb:                    best_val_acc 0.97675
wandb:              best_val_eval_loss 2.60696
wandb:                           epoch 82
wandb:                              lr 3e-05
wandb:           model/parameter_count 1305308
wandb: model/trainable_parameter_count 1305308
wandb:                       train/acc 0.98745
wandb:       train/acc_per_class/Astro 0.99221
wandb:        train/acc_per_class/Endo 0.9805
wandb:                             +54 ...
wandb: 
wandb:  View run exp189_kd_tgt095 at: https://wandb.ai/abel-salmona-polytechnique-montr-al/cell_types/runs/r9p53lal
wandb:  View project at: https://wandb.ai/abel-salmona-polytechnique-montr-al/cell_types
wandb: Synced 5 W&B file(s), 1 media file(s), 2 artifact file(s) and 1 other file(s)
wandb: Find logs at: ./exploration/cell_types/logs/exp189_kd_tgt095/20260808_113056/wandb/run-20260808_113104-r9p53lal/logs
