[ct_train] config=exploration/cell_types/experiments/configs/exp224_kd_enttemp_only216.json
[ct_train] device=cuda  checkpoints=/home/abel/code/Tissue-Reassembly-using-GenAI-and-new-metrics/exploration/cell_types/outputs/exp224_kd_enttemp_only216
[ct_train] logs=/home/abel/code/Tissue-Reassembly-using-GenAI-and-new-metrics/exploration/cell_types/logs/exp224_kd_enttemp_only216/20260808_141722
[ct_train] Loading data …
[DataModule] Reading '/home/abel/biodata/MERFISH_LUNA_small_cortex/MERFISH_mouse_cortex_train.csv' (split=train) with float32 dtype on 254 gene cols + coord cols …
[DataModule] Loaded 158,379 rows for split=train.
[DataModule] Reading '/home/abel/biodata/MERFISH_LUNA_small_cortex/MERFISH_mouse_cortex_test.csv' (split=test) with float32 dtype on 254 gene cols + coord cols …
[DataModule] Loaded 118,036 rows for split=test.
[DataModule] Reading '/home/abel/biodata/MERFISH_LUNA_small_cortex/MERFISH_mouse_cortex_test.csv' (split=validation) with float32 dtype on 254 gene cols + coord cols …
[DataModule] Loaded 118,036 rows for split=validation.
[ct_train] genes=254  classes=23
[ct_train] model predict_cme=True  params=1,305,308
[ct_train] initialized student from /home/abel/code/Tissue-Reassembly-using-GenAI-and-new-metrics/exploration/cell_types/outputs/exp216_recalib_214/best.pt
[ct_train] teacher loaded: /home/abel/code/Tissue-Reassembly-using-GenAI-and-new-metrics/exploration/cell_types/outputs/exp216_recalib_214/best.pt
[ct_train] distillation ON: n_teachers=1 hard_w=0.1 kd_cls=1.5 kd_cme=4.0 T=1.5
[ct_train] soft CME loaded split=train sigma=96.0 n=158379 C=23
[ct_train] soft CME loaded split=validation sigma=96.0 n=118036 C=23
[ct_train] soft CME loaded split=train sigma=50.0 n=158379 C=23
[ct_train] soft CME loaded split=train sigma=64.0 n=158379 C=23
[ct_train] soft CME loaded split=validation sigma=50.0 n=118036 C=23
[ct_train] soft CME loaded split=validation sigma=64.0 n=118036 C=23
wandb: [wandb.login()] Loaded credentials for https://api.wandb.ai from /home/abel/.netrc.
wandb: Currently logged in as: abel-salmona (abel-salmona-polytechnique-montr-al) to https://api.wandb.ai. Use `wandb login --relogin` to force relogin
wandb: WARNING Using a boolean value for 'reinit' is deprecated. Use 'return_previous' or 'finish_previous' instead.
wandb: setting up run qr79egx8
wandb: Tracking run with wandb version 0.26.1
wandb: Run data is saved locally in /home/abel/code/Tissue-Reassembly-using-GenAI-and-new-metrics/exploration/cell_types/logs/exp224_kd_enttemp_only216/20260808_141722/wandb/run-20260808_141730-qr79egx8
wandb: Run `wandb offline` to turn off syncing.
wandb: Syncing run exp224_kd_enttemp_only216
wandb:  View project at https://wandb.ai/abel-salmona-polytechnique-montr-al/cell_types
wandb:  View run at https://wandb.ai/abel-salmona-polytechnique-montr-al/cell_types/runs/qr79egx8
wandb: WARNING Saving files without folders. If you want to preserve subdirectories pass base_path to wandb.save, i.e. wandb.save("/mnt/folder/file.h5", base_path="/mnt")
wandb: WARNING Symlinked 1 file into the W&B run directory; call wandb.save again to sync new files.
[ct_train] wandb: project=cell_types name=exp224_kd_enttemp_only216 mode=online url=https://wandb.ai/abel-salmona-polytechnique-montr-al/cell_types/runs/qr79egx8
[ct_train] parameters: total=1,305,308 trainable=1,305,308
  [params] mlp_in_node_features: 26,720
  [params] transformer_layers: 633,600
  [params] type_stage1: 28,320
  [params] env_stage1: 93,056
  [params] type_probe: 2,231
  [params] env_probe: 7,383
  [params] fusion_mlp: 383,008
  [params] type_stage2: 30,551
  [params] env_stage2: 100,439
[ct_train] EMA enabled decay=0.98
[ct_train] rechunked train graphs (seed=1)

=== Epoch 1/1000 ===
[train] loss=9.3897 cls=0.4414 cme=2.1418 acc=0.9875 cells=158379 kd=8.8821
[ct_train] rechunked train graphs (seed=2)

=== Epoch 2/1000 ===
[train] loss=9.3927 cls=0.4410 cme=2.1394 acc=0.9874 cells=158379 kd=8.8857
[val]   loss=5.2162 eval=2.6014 cls=0.4047 cme=2.1967 acc=0.9764 cells=118036
[ct_train] saved best checkpoint (val_eval_loss=2.6014 val_acc=0.9764)
[ct_train] rechunked train graphs (seed=3)

=== Epoch 3/1000 ===
[train] loss=9.3810 cls=0.4412 cme=2.1398 acc=0.9874 cells=158379 kd=8.8738
[ct_train] rechunked train graphs (seed=4)

=== Epoch 4/1000 ===
[train] loss=9.3941 cls=0.4417 cme=2.1412 acc=0.9873 cells=158379 kd=8.8866
[val]   loss=5.2163 eval=2.6015 cls=0.4048 cme=2.1967 acc=0.9765 cells=118036
[ct_train] early_stopping: no improve on val/eval_loss for 1/40 val checks
[ct_train] rechunked train graphs (seed=5)

=== Epoch 5/1000 ===
[train] loss=9.3804 cls=0.4415 cme=2.1400 acc=0.9871 cells=158379 kd=8.8732
[ct_train] rechunked train graphs (seed=6)

=== Epoch 6/1000 ===
[train] loss=9.3888 cls=0.4415 cme=2.1424 acc=0.9873 cells=158379 kd=8.8811
[val]   loss=5.2163 eval=2.6016 cls=0.4049 cme=2.1967 acc=0.9765 cells=118036
[ct_train] early_stopping: no improve on val/eval_loss for 2/40 val checks
[ct_train] rechunked train graphs (seed=7)

=== Epoch 7/1000 ===
[train] loss=9.4083 cls=0.4414 cme=2.1458 acc=0.9872 cells=158379 kd=8.8998
[ct_train] rechunked train graphs (seed=8)

=== Epoch 8/1000 ===
[train] loss=9.4018 cls=0.4412 cme=2.1467 acc=0.9875 cells=158379 kd=8.8931
[val]   loss=5.2163 eval=2.6016 cls=0.4049 cme=2.1967 acc=0.9764 cells=118036
[ct_train] early_stopping: no improve on val/eval_loss for 3/40 val checks
[ct_train] rechunked train graphs (seed=9)

=== Epoch 9/1000 ===
[train] loss=9.3841 cls=0.4415 cme=2.1402 acc=0.9872 cells=158379 kd=8.8768
[ct_train] rechunked train graphs (seed=10)

=== Epoch 10/1000 ===
[train] loss=9.3800 cls=0.4407 cme=2.1398 acc=0.9874 cells=158379 kd=8.8729
[val]   loss=5.2163 eval=2.6016 cls=0.4050 cme=2.1967 acc=0.9765 cells=118036
[ct_train] early_stopping: no improve on val/eval_loss for 4/40 val checks
[ct_train] rechunked train graphs (seed=11)

=== Epoch 11/1000 ===
[train] loss=9.3931 cls=0.4414 cme=2.1436 acc=0.9872 cells=158379 kd=8.8850
[ct_train] rechunked train graphs (seed=12)

=== Epoch 12/1000 ===
[train] loss=9.3726 cls=0.4411 cme=2.1385 acc=0.9872 cells=158379 kd=8.8658
[val]   loss=5.2163 eval=2.6016 cls=0.4050 cme=2.1967 acc=0.9765 cells=118036
[ct_train] early_stopping: no improve on val/eval_loss for 5/40 val checks
[ct_train] rechunked train graphs (seed=13)

=== Epoch 13/1000 ===
[train] loss=9.3945 cls=0.4412 cme=2.1417 acc=0.9872 cells=158379 kd=8.8869
[ct_train] rechunked train graphs (seed=14)

=== Epoch 14/1000 ===
[train] loss=9.3809 cls=0.4410 cme=2.1412 acc=0.9875 cells=158379 kd=8.8734
[val]   loss=5.2164 eval=2.6017 cls=0.4050 cme=2.1967 acc=0.9765 cells=118036
[ct_train] early_stopping: no improve on val/eval_loss for 6/40 val checks
[ct_train] rechunked train graphs (seed=15)

=== Epoch 15/1000 ===
[train] loss=9.4048 cls=0.4415 cme=2.1470 acc=0.9874 cells=158379 kd=8.8960
[ct_train] rechunked train graphs (seed=16)

=== Epoch 16/1000 ===
[train] loss=9.3913 cls=0.4419 cme=2.1424 acc=0.9872 cells=158379 kd=8.8835
[val]   loss=5.2164 eval=2.6017 cls=0.4050 cme=2.1967 acc=0.9765 cells=118036
[ct_train] early_stopping: no improve on val/eval_loss for 7/40 val checks
[ct_train] rechunked train graphs (seed=17)

=== Epoch 17/1000 ===
[train] loss=9.4118 cls=0.4416 cme=2.1471 acc=0.9873 cells=158379 kd=8.9030
[ct_train] rechunked train graphs (seed=18)

=== Epoch 18/1000 ===
[train] loss=9.3816 cls=0.4413 cme=2.1412 acc=0.9873 cells=158379 kd=8.8741
[val]   loss=5.2164 eval=2.6017 cls=0.4050 cme=2.1967 acc=0.9765 cells=118036
[ct_train] early_stopping: no improve on val/eval_loss for 8/40 val checks
[ct_train] rechunked train graphs (seed=19)

=== Epoch 19/1000 ===
[train] loss=9.3933 cls=0.4412 cme=2.1428 acc=0.9874 cells=158379 kd=8.8855
[ct_train] rechunked train graphs (seed=20)

=== Epoch 20/1000 ===
[train] loss=9.3964 cls=0.4415 cme=2.1441 acc=0.9874 cells=158379 kd=8.8882
[val]   loss=5.2164 eval=2.6017 cls=0.4050 cme=2.1967 acc=0.9764 cells=118036
[ct_train] early_stopping: no improve on val/eval_loss for 9/40 val checks
[ct_train] rechunked train graphs (seed=21)

=== Epoch 21/1000 ===
[train] loss=9.3864 cls=0.4412 cme=2.1402 acc=0.9876 cells=158379 kd=8.8791
[ct_train] rechunked train graphs (seed=22)

=== Epoch 22/1000 ===
[train] loss=9.4062 cls=0.4420 cme=2.1448 acc=0.9874 cells=158379 kd=8.8979
[val]   loss=5.2164 eval=2.6018 cls=0.4051 cme=2.1967 acc=0.9764 cells=118036
[ct_train] early_stopping: no improve on val/eval_loss for 10/40 val checks
[ct_train] rechunked train graphs (seed=23)

=== Epoch 23/1000 ===
[train] loss=9.4001 cls=0.4411 cme=2.1437 acc=0.9874 cells=158379 kd=8.8921
[ct_train] rechunked train graphs (seed=24)

=== Epoch 24/1000 ===
[train] loss=9.3858 cls=0.4410 cme=2.1415 acc=0.9874 cells=158379 kd=8.8783
[val]   loss=5.2164 eval=2.6018 cls=0.4051 cme=2.1967 acc=0.9765 cells=118036
[ct_train] early_stopping: no improve on val/eval_loss for 11/40 val checks
[ct_train] rechunked train graphs (seed=25)

=== Epoch 25/1000 ===
[train] loss=9.3778 cls=0.4411 cme=2.1385 acc=0.9873 cells=158379 kd=8.8709
[ct_train] rechunked train graphs (seed=26)

=== Epoch 26/1000 ===
[train] loss=9.3834 cls=0.4408 cme=2.1394 acc=0.9873 cells=158379 kd=8.8764
[val]   loss=5.2164 eval=2.6018 cls=0.4050 cme=2.1967 acc=0.9765 cells=118036
[ct_train] early_stopping: no improve on val/eval_loss for 12/40 val checks
[ct_train] rechunked train graphs (seed=27)

=== Epoch 27/1000 ===
[train] loss=9.4037 cls=0.4411 cme=2.1453 acc=0.9873 cells=158379 kd=8.8954
[ct_train] rechunked train graphs (seed=28)

=== Epoch 28/1000 ===
[train] loss=9.3917 cls=0.4414 cme=2.1406 acc=0.9874 cells=158379 kd=8.8844
[val]   loss=5.2164 eval=2.6017 cls=0.4050 cme=2.1967 acc=0.9765 cells=118036
[ct_train] early_stopping: no improve on val/eval_loss for 13/40 val checks
[ct_train] rechunked train graphs (seed=29)

=== Epoch 29/1000 ===
[train] loss=9.3879 cls=0.4417 cme=2.1421 acc=0.9874 cells=158379 kd=8.8801
[ct_train] rechunked train graphs (seed=30)

=== Epoch 30/1000 ===
[train] loss=9.4042 cls=0.4413 cme=2.1432 acc=0.9873 cells=158379 kd=8.8962
[val]   loss=5.2163 eval=2.6017 cls=0.4051 cme=2.1967 acc=0.9765 cells=118036
[ct_train] early_stopping: no improve on val/eval_loss for 14/40 val checks
[ct_train] rechunked train graphs (seed=31)

=== Epoch 31/1000 ===
[train] loss=9.3999 cls=0.4415 cme=2.1444 acc=0.9874 cells=158379 kd=8.8917
[ct_train] rechunked train graphs (seed=32)

=== Epoch 32/1000 ===
[train] loss=9.3908 cls=0.4415 cme=2.1395 acc=0.9871 cells=158379 kd=8.8837
[val]   loss=5.2164 eval=2.6017 cls=0.4050 cme=2.1967 acc=0.9766 cells=118036
[ct_train] early_stopping: no improve on val/eval_loss for 15/40 val checks
[ct_train] rechunked train graphs (seed=33)

=== Epoch 33/1000 ===
[train] loss=9.3905 cls=0.4410 cme=2.1413 acc=0.9873 cells=158379 kd=8.8830
[ct_train] rechunked train graphs (seed=34)

=== Epoch 34/1000 ===
[train] loss=9.3772 cls=0.4403 cme=2.1375 acc=0.9875 cells=158379 kd=8.8706
[val]   loss=5.2163 eval=2.6017 cls=0.4050 cme=2.1967 acc=0.9766 cells=118036
[ct_train] early_stopping: no improve on val/eval_loss for 16/40 val checks
[ct_train] rechunked train graphs (seed=35)

=== Epoch 35/1000 ===
[train] loss=9.3993 cls=0.4413 cme=2.1454 acc=0.9872 cells=158379 kd=8.8909
[ct_train] rechunked train graphs (seed=36)

=== Epoch 36/1000 ===
[train] loss=9.3903 cls=0.4416 cme=2.1429 acc=0.9874 cells=158379 kd=8.8824
[val]   loss=5.2163 eval=2.6017 cls=0.4051 cme=2.1967 acc=0.9766 cells=118036
[ct_train] early_stopping: no improve on val/eval_loss for 17/40 val checks
[ct_train] rechunked train graphs (seed=37)

=== Epoch 37/1000 ===
[train] loss=9.4019 cls=0.4415 cme=2.1446 acc=0.9873 cells=158379 kd=8.8936
[ct_train] rechunked train graphs (seed=38)

=== Epoch 38/1000 ===
[train] loss=9.3706 cls=0.4417 cme=2.1367 acc=0.9873 cells=158379 kd=8.8640
[val]   loss=5.2164 eval=2.6017 cls=0.4051 cme=2.1967 acc=0.9766 cells=118036
[ct_train] early_stopping: no improve on val/eval_loss for 18/40 val checks
[ct_train] rechunked train graphs (seed=39)

=== Epoch 39/1000 ===
[train] loss=9.3665 cls=0.4410 cme=2.1365 acc=0.9873 cells=158379 kd=8.8601
[ct_train] rechunked train graphs (seed=40)

=== Epoch 40/1000 ===
[train] loss=9.4174 cls=0.4412 cme=2.1488 acc=0.9875 cells=158379 kd=8.9083
[val]   loss=5.2163 eval=2.6017 cls=0.4051 cme=2.1966 acc=0.9766 cells=118036
[ct_train] early_stopping: no improve on val/eval_loss for 19/40 val checks
[ct_train] rechunked train graphs (seed=41)

=== Epoch 41/1000 ===
[train] loss=9.4041 cls=0.4415 cme=2.1456 acc=0.9873 cells=158379 kd=8.8956
[ct_train] rechunked train graphs (seed=42)

=== Epoch 42/1000 ===
[train] loss=9.4078 cls=0.4416 cme=2.1448 acc=0.9874 cells=158379 kd=8.8995
[val]   loss=5.2163 eval=2.6017 cls=0.4051 cme=2.1966 acc=0.9765 cells=118036
[ct_train] early_stopping: no improve on val/eval_loss for 20/40 val checks
[ct_train] rechunked train graphs (seed=43)

=== Epoch 43/1000 ===
[train] loss=9.3986 cls=0.4412 cme=2.1437 acc=0.9872 cells=158379 kd=8.8906
[ct_train] rechunked train graphs (seed=44)

=== Epoch 44/1000 ===
[train] loss=9.3907 cls=0.4413 cme=2.1404 acc=0.9873 cells=158379 kd=8.8834
[val]   loss=5.2163 eval=2.6017 cls=0.4051 cme=2.1966 acc=0.9765 cells=118036
[ct_train] early_stopping: no improve on val/eval_loss for 21/40 val checks
[ct_train] rechunked train graphs (seed=45)

=== Epoch 45/1000 ===
[train] loss=9.3840 cls=0.4414 cme=2.1406 acc=0.9872 cells=158379 kd=8.8766
[ct_train] rechunked train graphs (seed=46)

=== Epoch 46/1000 ===
[train] loss=9.3859 cls=0.4413 cme=2.1417 acc=0.9874 cells=158379 kd=8.8783
[val]   loss=5.2163 eval=2.6017 cls=0.4051 cme=2.1966 acc=0.9765 cells=118036
[ct_train] early_stopping: no improve on val/eval_loss for 22/40 val checks
[ct_train] rechunked train graphs (seed=47)

=== Epoch 47/1000 ===
[train] loss=9.4109 cls=0.4413 cme=2.1445 acc=0.9874 cells=158379 kd=8.9027
[ct_train] rechunked train graphs (seed=48)

=== Epoch 48/1000 ===
[train] loss=9.3682 cls=0.4411 cme=2.1372 acc=0.9873 cells=158379 kd=8.8616
[val]   loss=5.2163 eval=2.6017 cls=0.4051 cme=2.1966 acc=0.9765 cells=118036
[ct_train] early_stopping: no improve on val/eval_loss for 23/40 val checks
[ct_train] rechunked train graphs (seed=49)

=== Epoch 49/1000 ===
[train] loss=9.3742 cls=0.4403 cme=2.1376 acc=0.9875 cells=158379 kd=8.8676
[ct_train] rechunked train graphs (seed=50)

=== Epoch 50/1000 ===
[train] loss=9.3725 cls=0.4409 cme=2.1392 acc=0.9874 cells=158379 kd=8.8655
[val]   loss=5.2163 eval=2.6017 cls=0.4051 cme=2.1966 acc=0.9765 cells=118036
[ct_train] early_stopping: no improve on val/eval_loss for 24/40 val checks
[ct_train] rechunked train graphs (seed=51)

=== Epoch 51/1000 ===
[train] loss=9.4024 cls=0.4410 cme=2.1442 acc=0.9875 cells=158379 kd=8.8943
[ct_train] rechunked train graphs (seed=52)

=== Epoch 52/1000 ===
[train] loss=9.4026 cls=0.4412 cme=2.1452 acc=0.9873 cells=158379 kd=8.8943
[val]   loss=5.2163 eval=2.6017 cls=0.4051 cme=2.1966 acc=0.9765 cells=118036
[ct_train] early_stopping: no improve on val/eval_loss for 25/40 val checks
[ct_train] rechunked train graphs (seed=53)

=== Epoch 53/1000 ===
[train] loss=9.3892 cls=0.4412 cme=2.1420 acc=0.9874 cells=158379 kd=8.8816
[ct_train] rechunked train graphs (seed=54)

=== Epoch 54/1000 ===
[train] loss=9.4118 cls=0.4414 cme=2.1483 acc=0.9874 cells=158379 kd=8.9027
[val]   loss=5.2163 eval=2.6017 cls=0.4051 cme=2.1966 acc=0.9765 cells=118036
[ct_train] early_stopping: no improve on val/eval_loss for 26/40 val checks
[ct_train] rechunked train graphs (seed=55)

=== Epoch 55/1000 ===
[train] loss=9.3973 cls=0.4414 cme=2.1430 acc=0.9874 cells=158379 kd=8.8894
[ct_train] rechunked train graphs (seed=56)

=== Epoch 56/1000 ===
[train] loss=9.4111 cls=0.4417 cme=2.1469 acc=0.9872 cells=158379 kd=8.9023
[val]   loss=5.2163 eval=2.6017 cls=0.4051 cme=2.1966 acc=0.9765 cells=118036
[ct_train] early_stopping: no improve on val/eval_loss for 27/40 val checks
[ct_train] rechunked train graphs (seed=57)

=== Epoch 57/1000 ===
[train] loss=9.4062 cls=0.4413 cme=2.1439 acc=0.9877 cells=158379 kd=8.8982
[ct_train] rechunked train graphs (seed=58)

=== Epoch 58/1000 ===
[train] loss=9.3774 cls=0.4412 cme=2.1400 acc=0.9875 cells=158379 kd=8.8702
[val]   loss=5.2162 eval=2.6017 cls=0.4051 cme=2.1966 acc=0.9765 cells=118036
[ct_train] early_stopping: no improve on val/eval_loss for 28/40 val checks
[ct_train] rechunked train graphs (seed=59)

=== Epoch 59/1000 ===
[train] loss=9.3713 cls=0.4411 cme=2.1386 acc=0.9873 cells=158379 kd=8.8644
[ct_train] rechunked train graphs (seed=60)

=== Epoch 60/1000 ===
[train] loss=9.3862 cls=0.4408 cme=2.1408 acc=0.9872 cells=158379 kd=8.8789
[val]   loss=5.2163 eval=2.6017 cls=0.4051 cme=2.1966 acc=0.9764 cells=118036
[ct_train] early_stopping: no improve on val/eval_loss for 29/40 val checks
[ct_train] rechunked train graphs (seed=61)

=== Epoch 61/1000 ===
[train] loss=9.3723 cls=0.4409 cme=2.1391 acc=0.9876 cells=158379 kd=8.8653
[ct_train] rechunked train graphs (seed=62)

=== Epoch 62/1000 ===
[train] loss=9.4076 cls=0.4408 cme=2.1437 acc=0.9875 cells=158379 kd=8.8996
[val]   loss=5.2163 eval=2.6017 cls=0.4051 cme=2.1966 acc=0.9765 cells=118036
[ct_train] early_stopping: no improve on val/eval_loss for 30/40 val checks
[ct_train] rechunked train graphs (seed=63)

=== Epoch 63/1000 ===
[train] loss=9.3933 cls=0.4413 cme=2.1431 acc=0.9874 cells=158379 kd=8.8854
[ct_train] rechunked train graphs (seed=64)

=== Epoch 64/1000 ===
[train] loss=9.3866 cls=0.4412 cme=2.1405 acc=0.9876 cells=158379 kd=8.8792
[val]   loss=5.2163 eval=2.6017 cls=0.4051 cme=2.1966 acc=0.9765 cells=118036
[ct_train] early_stopping: no improve on val/eval_loss for 31/40 val checks
[ct_train] rechunked train graphs (seed=65)

=== Epoch 65/1000 ===
[train] loss=9.3997 cls=0.4412 cme=2.1432 acc=0.9875 cells=158379 kd=8.8918
[ct_train] rechunked train graphs (seed=66)

=== Epoch 66/1000 ===
[train] loss=9.3998 cls=0.4411 cme=2.1444 acc=0.9872 cells=158379 kd=8.8916
[val]   loss=5.2162 eval=2.6017 cls=0.4051 cme=2.1966 acc=0.9765 cells=118036
[ct_train] early_stopping: no improve on val/eval_loss for 32/40 val checks
[ct_train] rechunked train graphs (seed=67)

=== Epoch 67/1000 ===
[train] loss=9.3961 cls=0.4411 cme=2.1430 acc=0.9876 cells=158379 kd=8.8882
[ct_train] rechunked train graphs (seed=68)

=== Epoch 68/1000 ===
[train] loss=9.3732 cls=0.4409 cme=2.1374 acc=0.9875 cells=158379 kd=8.8666
[val]   loss=5.2162 eval=2.6017 cls=0.4051 cme=2.1966 acc=0.9765 cells=118036
[ct_train] early_stopping: no improve on val/eval_loss for 33/40 val checks
[ct_train] rechunked train graphs (seed=69)

=== Epoch 69/1000 ===
[train] loss=9.3873 cls=0.4411 cme=2.1410 acc=0.9874 cells=158379 kd=8.8799
[ct_train] rechunked train graphs (seed=70)

=== Epoch 70/1000 ===
[train] loss=9.4009 cls=0.4413 cme=2.1437 acc=0.9876 cells=158379 kd=8.8928
[val]   loss=5.2162 eval=2.6017 cls=0.4051 cme=2.1966 acc=0.9765 cells=118036
[ct_train] early_stopping: no improve on val/eval_loss for 34/40 val checks
[ct_train] rechunked train graphs (seed=71)

=== Epoch 71/1000 ===
[train] loss=9.4050 cls=0.4411 cme=2.1443 acc=0.9874 cells=158379 kd=8.8968
[ct_train] rechunked train graphs (seed=72)

=== Epoch 72/1000 ===
[train] loss=9.3879 cls=0.4414 cme=2.1401 acc=0.9874 cells=158379 kd=8.8807
[val]   loss=5.2162 eval=2.6017 cls=0.4051 cme=2.1966 acc=0.9765 cells=118036
[ct_train] early_stopping: no improve on val/eval_loss for 35/40 val checks
[ct_train] rechunked train graphs (seed=73)

=== Epoch 73/1000 ===
[train] loss=9.3985 cls=0.4410 cme=2.1409 acc=0.9873 cells=158379 kd=8.8911
[ct_train] rechunked train graphs (seed=74)

=== Epoch 74/1000 ===
[train] loss=9.3848 cls=0.4411 cme=2.1384 acc=0.9875 cells=158379 kd=8.8779
[val]   loss=5.2162 eval=2.6016 cls=0.4051 cme=2.1966 acc=0.9765 cells=118036
[ct_train] early_stopping: no improve on val/eval_loss for 36/40 val checks
[ct_train] rechunked train graphs (seed=75)

=== Epoch 75/1000 ===
[train] loss=9.3878 cls=0.4411 cme=2.1404 acc=0.9874 cells=158379 kd=8.8805
[ct_train] rechunked train graphs (seed=76)

=== Epoch 76/1000 ===
[train] loss=9.3865 cls=0.4412 cme=2.1398 acc=0.9873 cells=158379 kd=8.8794
[val]   loss=5.2162 eval=2.6017 cls=0.4051 cme=2.1966 acc=0.9765 cells=118036
[ct_train] early_stopping: no improve on val/eval_loss for 37/40 val checks
[ct_train] rechunked train graphs (seed=77)

=== Epoch 77/1000 ===
[train] loss=9.4030 cls=0.4418 cme=2.1429 acc=0.9872 cells=158379 kd=8.8951
[ct_train] rechunked train graphs (seed=78)

=== Epoch 78/1000 ===
[train] loss=9.4061 cls=0.4411 cme=2.1455 acc=0.9873 cells=158379 kd=8.8977
[val]   loss=5.2162 eval=2.6016 cls=0.4051 cme=2.1966 acc=0.9765 cells=118036
[ct_train] early_stopping: no improve on val/eval_loss for 38/40 val checks
[ct_train] rechunked train graphs (seed=79)

=== Epoch 79/1000 ===
[train] loss=9.3843 cls=0.4409 cme=2.1424 acc=0.9874 cells=158379 kd=8.8766
[ct_train] rechunked train graphs (seed=80)

=== Epoch 80/1000 ===
[train] loss=9.3987 cls=0.4413 cme=2.1449 acc=0.9875 cells=158379 kd=8.8904
[val]   loss=5.2162 eval=2.6016 cls=0.4050 cme=2.1966 acc=0.9765 cells=118036
[ct_train] early_stopping: no improve on val/eval_loss for 39/40 val checks
[ct_train] rechunked train graphs (seed=81)

=== Epoch 81/1000 ===
[train] loss=9.3734 cls=0.4409 cme=2.1368 acc=0.9874 cells=158379 kd=8.8669
[ct_train] rechunked train graphs (seed=82)

=== Epoch 82/1000 ===
[train] loss=9.4055 cls=0.4416 cme=2.1450 acc=0.9872 cells=158379 kd=8.8972
[val]   loss=5.2162 eval=2.6016 cls=0.4050 cme=2.1966 acc=0.9765 cells=118036
[ct_train] early_stopping: no improve on val/eval_loss for 40/40 val checks
[ct_train] early stopping at epoch 82 (patience=40, monitor=val/eval_loss)

[ct_train] done. best_val_acc=0.9766  best_val_eval_loss=2.6014  checkpoints=/home/abel/code/Tissue-Reassembly-using-GenAI-and-new-metrics/exploration/cell_types/outputs/exp224_kd_enttemp_only216  logs=/home/abel/code/Tissue-Reassembly-using-GenAI-and-new-metrics/exploration/cell_types/logs/exp224_kd_enttemp_only216/20260808_141722
wandb: updating run metadata
wandb: uploading wandb-summary.json; uploading config.yaml; uploading output.log
wandb: 
wandb: Run summary:
wandb:                      best_epoch 2
wandb:                    best_val_acc 0.97659
wandb:              best_val_eval_loss 2.60142
wandb:                           epoch 82
wandb:                              lr 1e-05
wandb:           model/parameter_count 1305308
wandb: model/trainable_parameter_count 1305308
wandb:                       train/acc 0.9872
wandb:       train/acc_per_class/Astro 0.99126
wandb:        train/acc_per_class/Endo 0.98119
wandb:                             +54 ...
wandb: 
wandb:  View run exp224_kd_enttemp_only216 at: https://wandb.ai/abel-salmona-polytechnique-montr-al/cell_types/runs/qr79egx8
wandb:  View project at: https://wandb.ai/abel-salmona-polytechnique-montr-al/cell_types
wandb: Synced 5 W&B file(s), 1 media file(s), 2 artifact file(s) and 1 other file(s)
wandb: Find logs at: ./exploration/cell_types/logs/exp224_kd_enttemp_only216/20260808_141722/wandb/run-20260808_141730-qr79egx8/logs
