[ct_train] config=exploration/cell_types/experiments/configs/exp074_aux01.json
[ct_train] device=cuda  checkpoints=/home/abel/code/Tissue-Reassembly-using-GenAI-and-new-metrics/exploration/cell_types/outputs/exp074_aux01
[ct_train] logs=/home/abel/code/Tissue-Reassembly-using-GenAI-and-new-metrics/exploration/cell_types/logs/exp074_aux01/20260808_001055
[ct_train] Loading data …
[DataModule] Reading '/home/abel/biodata/MERFISH_LUNA_small_cortex/MERFISH_mouse_cortex_train.csv' (split=train) with float32 dtype on 254 gene cols + coord cols …
[DataModule] Loaded 158,379 rows for split=train.
[DataModule] Reading '/home/abel/biodata/MERFISH_LUNA_small_cortex/MERFISH_mouse_cortex_test.csv' (split=test) with float32 dtype on 254 gene cols + coord cols …
[DataModule] Loaded 118,036 rows for split=test.
[DataModule] Reading '/home/abel/biodata/MERFISH_LUNA_small_cortex/MERFISH_mouse_cortex_test.csv' (split=validation) with float32 dtype on 254 gene cols + coord cols …
[DataModule] Loaded 118,036 rows for split=validation.
[ct_train] genes=254  classes=23
[ct_train] model predict_cme=True  params=1,305,308
[ct_train] soft CME loaded split=train sigma=96.0 n=158379 C=23
[ct_train] soft CME loaded split=validation sigma=96.0 n=118036 C=23
[ct_train] soft CME loaded split=train sigma=50.0 n=158379 C=23
[ct_train] soft CME loaded split=train sigma=64.0 n=158379 C=23
[ct_train] soft CME loaded split=validation sigma=50.0 n=118036 C=23
[ct_train] soft CME loaded split=validation sigma=64.0 n=118036 C=23
wandb: [wandb.login()] Loaded credentials for https://api.wandb.ai from /home/abel/.netrc.
wandb: Currently logged in as: abel-salmona (abel-salmona-polytechnique-montr-al) to https://api.wandb.ai. Use `wandb login --relogin` to force relogin
wandb: WARNING Using a boolean value for 'reinit' is deprecated. Use 'return_previous' or 'finish_previous' instead.
wandb: Tracking run with wandb version 0.26.1
wandb: Run data is saved locally in /home/abel/code/Tissue-Reassembly-using-GenAI-and-new-metrics/exploration/cell_types/logs/exp074_aux01/20260808_001055/wandb/run-20260808_001103-ecnmxk08
wandb: Run `wandb offline` to turn off syncing.
wandb: Syncing run exp074_aux01
wandb:  View project at https://wandb.ai/abel-salmona-polytechnique-montr-al/cell_types
wandb:  View run at https://wandb.ai/abel-salmona-polytechnique-montr-al/cell_types/runs/ecnmxk08
wandb: WARNING Saving files without folders. If you want to preserve subdirectories pass base_path to wandb.save, i.e. wandb.save("/mnt/folder/file.h5", base_path="/mnt")
wandb: WARNING Symlinked 1 file into the W&B run directory; call wandb.save again to sync new files.
[ct_train] wandb: project=cell_types name=exp074_aux01 mode=online url=https://wandb.ai/abel-salmona-polytechnique-montr-al/cell_types/runs/ecnmxk08
[ct_train] parameters: total=1,305,308 trainable=1,305,308
  [params] mlp_in_node_features: 26,720
  [params] transformer_layers: 633,600
  [params] type_stage1: 28,320
  [params] env_stage1: 93,056
  [params] type_probe: 2,231
  [params] env_probe: 7,383
  [params] fusion_mlp: 383,008
  [params] type_stage2: 30,551
  [params] env_stage2: 100,439
[ct_train] rechunked train graphs (seed=1)

=== Epoch 1/1000 ===
[train] loss=8.6095 cls=2.7566 cme=2.7872 acc=0.2327 cells=158379
[ct_train] rechunked train graphs (seed=2)

=== Epoch 2/1000 ===
[train] loss=7.1633 cls=1.8648 cme=2.5247 acc=0.6547 cells=158379
[val]   loss=6.4680 eval=3.7759 cls=1.3243 cme=2.4516 acc=0.7539 cells=118036
[ct_train] saved best checkpoint (val_eval_loss=3.7759 val_acc=0.7539)
[ct_train] rechunked train graphs (seed=3)

=== Epoch 3/1000 ===
[train] loss=6.2858 cls=1.2000 cme=2.4241 acc=0.7884 cells=158379
[ct_train] rechunked train graphs (seed=4)

=== Epoch 4/1000 ===
[train] loss=5.8706 cls=0.8763 cme=2.3809 acc=0.8604 cells=158379
[val]   loss=5.6334 eval=3.0388 cls=0.6746 cme=2.3642 acc=0.9124 cells=118036
[ct_train] saved best checkpoint (val_eval_loss=3.0388 val_acc=0.9124)
[ct_train] rechunked train graphs (seed=5)

=== Epoch 5/1000 ===
[train] loss=5.6465 cls=0.7183 cme=2.3496 acc=0.9051 cells=158379
[ct_train] rechunked train graphs (seed=6)

=== Epoch 6/1000 ===
[train] loss=5.5466 cls=0.6412 cme=2.3388 acc=0.9225 cells=158379
[val]   loss=5.4216 eval=2.8689 cls=0.5425 cme=2.3264 acc=0.9406 cells=118036
[ct_train] saved best checkpoint (val_eval_loss=2.8689 val_acc=0.9406)
[ct_train] rechunked train graphs (seed=7)

=== Epoch 7/1000 ===
[train] loss=5.4506 cls=0.5934 cme=2.3159 acc=0.9344 cells=158379
[ct_train] rechunked train graphs (seed=8)

=== Epoch 8/1000 ===
[train] loss=5.3840 cls=0.5636 cme=2.2985 acc=0.9413 cells=158379
[val]   loss=5.3130 eval=2.7946 cls=0.4993 cme=2.2952 acc=0.9513 cells=118036
[ct_train] saved best checkpoint (val_eval_loss=2.7946 val_acc=0.9513)
[ct_train] rechunked train graphs (seed=9)

=== Epoch 9/1000 ===
[train] loss=5.3656 cls=0.5487 cme=2.2968 acc=0.9448 cells=158379
[ct_train] rechunked train graphs (seed=10)

=== Epoch 10/1000 ===
[train] loss=5.3352 cls=0.5355 cme=2.2888 acc=0.9479 cells=158379
[val]   loss=5.2650 eval=2.7622 cls=0.4812 cme=2.2810 acc=0.9546 cells=118036
[ct_train] saved best checkpoint (val_eval_loss=2.7622 val_acc=0.9546)
[ct_train] rechunked train graphs (seed=11)

=== Epoch 11/1000 ===
[train] loss=5.2966 cls=0.5254 cme=2.2752 acc=0.9499 cells=158379
[ct_train] rechunked train graphs (seed=12)

=== Epoch 12/1000 ===
[train] loss=5.2898 cls=0.5179 cme=2.2756 acc=0.9516 cells=158379
[val]   loss=5.2402 eval=2.7444 cls=0.4695 cme=2.2749 acc=0.9579 cells=118036
[ct_train] saved best checkpoint (val_eval_loss=2.7444 val_acc=0.9579)
[ct_train] rechunked train graphs (seed=13)

=== Epoch 13/1000 ===
[train] loss=5.2734 cls=0.5103 cme=2.2714 acc=0.9541 cells=158379
[ct_train] rechunked train graphs (seed=14)

=== Epoch 14/1000 ===
[train] loss=5.2572 cls=0.5048 cme=2.2663 acc=0.9556 cells=158379
[val]   loss=5.2139 eval=2.7276 cls=0.4612 cme=2.2664 acc=0.9605 cells=118036
[ct_train] saved best checkpoint (val_eval_loss=2.7276 val_acc=0.9605)
[ct_train] rechunked train graphs (seed=15)

=== Epoch 15/1000 ===
[train] loss=5.2354 cls=0.4980 cme=2.2592 acc=0.9566 cells=158379
[ct_train] rechunked train graphs (seed=16)

=== Epoch 16/1000 ===
[train] loss=5.2273 cls=0.4947 cme=2.2569 acc=0.9579 cells=158379
[val]   loss=5.2074 eval=2.7218 cls=0.4563 cme=2.2656 acc=0.9622 cells=118036
[ct_train] saved best checkpoint (val_eval_loss=2.7218 val_acc=0.9622)
[ct_train] rechunked train graphs (seed=17)

=== Epoch 17/1000 ===
[train] loss=5.2137 cls=0.4906 cme=2.2525 acc=0.9585 cells=158379
[ct_train] rechunked train graphs (seed=18)

=== Epoch 18/1000 ===
[train] loss=5.2036 cls=0.4866 cme=2.2496 acc=0.9596 cells=158379
[val]   loss=5.1862 eval=2.7113 cls=0.4549 cme=2.2563 acc=0.9620 cells=118036
[ct_train] saved best checkpoint (val_eval_loss=2.7113 val_acc=0.9622)
[ct_train] rechunked train graphs (seed=19)

=== Epoch 19/1000 ===
[train] loss=5.2005 cls=0.4832 cme=2.2496 acc=0.9604 cells=158379
[ct_train] rechunked train graphs (seed=20)

=== Epoch 20/1000 ===
[train] loss=5.1922 cls=0.4814 cme=2.2466 acc=0.9609 cells=158379
[val]   loss=5.1747 eval=2.7015 cls=0.4470 cme=2.2545 acc=0.9650 cells=118036
[ct_train] saved best checkpoint (val_eval_loss=2.7015 val_acc=0.9650)
[ct_train] rechunked train graphs (seed=21)

=== Epoch 21/1000 ===
[train] loss=5.1890 cls=0.4767 cme=2.2473 acc=0.9623 cells=158379
[ct_train] rechunked train graphs (seed=22)

=== Epoch 22/1000 ===
[train] loss=5.1761 cls=0.4754 cme=2.2418 acc=0.9627 cells=158379
[val]   loss=5.1552 eval=2.6916 cls=0.4458 cme=2.2458 acc=0.9648 cells=118036
[ct_train] saved best checkpoint (val_eval_loss=2.6916 val_acc=0.9650)
[ct_train] rechunked train graphs (seed=23)

=== Epoch 23/1000 ===
[train] loss=5.1648 cls=0.4732 cme=2.2375 acc=0.9633 cells=158379
[ct_train] rechunked train graphs (seed=24)

=== Epoch 24/1000 ===
[train] loss=5.1631 cls=0.4722 cme=2.2371 acc=0.9635 cells=158379
[val]   loss=5.1463 eval=2.6848 cls=0.4407 cme=2.2441 acc=0.9665 cells=118036
[ct_train] saved best checkpoint (val_eval_loss=2.6848 val_acc=0.9665)
[ct_train] rechunked train graphs (seed=25)

=== Epoch 25/1000 ===
[train] loss=5.1619 cls=0.4678 cme=2.2387 acc=0.9646 cells=158379
[ct_train] rechunked train graphs (seed=26)

=== Epoch 26/1000 ===
[train] loss=5.1460 cls=0.4665 cme=2.2318 acc=0.9653 cells=158379
[val]   loss=5.1396 eval=2.6799 cls=0.4377 cme=2.2422 acc=0.9673 cells=118036
[ct_train] saved best checkpoint (val_eval_loss=2.6799 val_acc=0.9673)
[ct_train] rechunked train graphs (seed=27)

=== Epoch 27/1000 ===
[train] loss=5.1383 cls=0.4635 cme=2.2295 acc=0.9658 cells=158379
[ct_train] rechunked train graphs (seed=28)

=== Epoch 28/1000 ===
[train] loss=5.1296 cls=0.4615 cme=2.2263 acc=0.9665 cells=158379
[val]   loss=5.1269 eval=2.6718 cls=0.4337 cme=2.2381 acc=0.9682 cells=118036
[ct_train] saved best checkpoint (val_eval_loss=2.6718 val_acc=0.9682)
[ct_train] rechunked train graphs (seed=29)

=== Epoch 29/1000 ===
[train] loss=5.1282 cls=0.4606 cme=2.2261 acc=0.9666 cells=158379
[ct_train] rechunked train graphs (seed=30)

=== Epoch 30/1000 ===
[train] loss=5.1276 cls=0.4588 cme=2.2267 acc=0.9672 cells=158379
[val]   loss=5.1277 eval=2.6720 cls=0.4331 cme=2.2388 acc=0.9682 cells=118036
[ct_train] early_stopping: no improve on val/eval_loss for 1/45 val checks
[ct_train] rechunked train graphs (seed=31)

=== Epoch 31/1000 ===
[train] loss=5.1221 cls=0.4563 cme=2.2252 acc=0.9679 cells=158379
[ct_train] rechunked train graphs (seed=32)

=== Epoch 32/1000 ===
[train] loss=5.1414 cls=0.4571 cme=2.2340 acc=0.9682 cells=158379
[val]   loss=5.1190 eval=2.6677 cls=0.4329 cme=2.2348 acc=0.9686 cells=118036
[ct_train] saved best checkpoint (val_eval_loss=2.6677 val_acc=0.9686)
[ct_train] rechunked train graphs (seed=33)

=== Epoch 33/1000 ===
[train] loss=5.1195 cls=0.4534 cme=2.2254 acc=0.9682 cells=158379
[ct_train] rechunked train graphs (seed=34)

=== Epoch 34/1000 ===
[train] loss=5.1053 cls=0.4531 cme=2.2188 acc=0.9690 cells=158379
[val]   loss=5.1063 eval=2.6595 cls=0.4289 cme=2.2307 acc=0.9700 cells=118036
[ct_train] saved best checkpoint (val_eval_loss=2.6595 val_acc=0.9700)
[ct_train] rechunked train graphs (seed=35)

=== Epoch 35/1000 ===
[train] loss=5.1140 cls=0.4523 cme=2.2233 acc=0.9690 cells=158379
[ct_train] rechunked train graphs (seed=36)

=== Epoch 36/1000 ===
[train] loss=5.1049 cls=0.4496 cme=2.2203 acc=0.9695 cells=158379
[val]   loss=5.1117 eval=2.6620 cls=0.4287 cme=2.2334 acc=0.9695 cells=118036
[ct_train] early_stopping: no improve on val/eval_loss for 1/45 val checks
[ct_train] rechunked train graphs (seed=37)

=== Epoch 37/1000 ===
[train] loss=5.0995 cls=0.4515 cme=2.2168 acc=0.9693 cells=158379
[ct_train] rechunked train graphs (seed=38)

=== Epoch 38/1000 ===
[train] loss=5.0882 cls=0.4482 cme=2.2131 acc=0.9697 cells=158379
[val]   loss=5.1045 eval=2.6579 cls=0.4275 cme=2.2304 acc=0.9700 cells=118036
[ct_train] saved best checkpoint (val_eval_loss=2.6579 val_acc=0.9700)
[ct_train] rechunked train graphs (seed=39)

=== Epoch 39/1000 ===
[train] loss=5.0954 cls=0.4471 cme=2.2170 acc=0.9706 cells=158379
[ct_train] rechunked train graphs (seed=40)

=== Epoch 40/1000 ===
[train] loss=5.0906 cls=0.4461 cme=2.2152 acc=0.9705 cells=158379
[val]   loss=5.1038 eval=2.6574 cls=0.4269 cme=2.2305 acc=0.9704 cells=118036
[ct_train] saved best checkpoint (val_eval_loss=2.6574 val_acc=0.9704)
[ct_train] rechunked train graphs (seed=41)

=== Epoch 41/1000 ===
[train] loss=5.0785 cls=0.4448 cme=2.2101 acc=0.9709 cells=158379
[ct_train] rechunked train graphs (seed=42)

=== Epoch 42/1000 ===
[train] loss=5.0846 cls=0.4453 cme=2.2127 acc=0.9705 cells=158379
[val]   loss=5.0946 eval=2.6526 cls=0.4257 cme=2.2269 acc=0.9707 cells=118036
[ct_train] saved best checkpoint (val_eval_loss=2.6526 val_acc=0.9707)
[ct_train] rechunked train graphs (seed=43)

=== Epoch 43/1000 ===
[train] loss=5.0927 cls=0.4448 cme=2.2168 acc=0.9711 cells=158379
[ct_train] rechunked train graphs (seed=44)

=== Epoch 44/1000 ===
[train] loss=5.0744 cls=0.4426 cme=2.2092 acc=0.9713 cells=158379
[val]   loss=5.0964 eval=2.6516 cls=0.4227 cme=2.2289 acc=0.9712 cells=118036
[ct_train] saved best checkpoint (val_eval_loss=2.6516 val_acc=0.9712)
[ct_train] rechunked train graphs (seed=45)

=== Epoch 45/1000 ===
[train] loss=5.0801 cls=0.4425 cme=2.2118 acc=0.9716 cells=158379
[ct_train] rechunked train graphs (seed=46)

=== Epoch 46/1000 ===
[train] loss=5.0642 cls=0.4406 cme=2.2053 acc=0.9719 cells=158379
[val]   loss=5.0864 eval=2.6470 cls=0.4226 cme=2.2244 acc=0.9716 cells=118036
[ct_train] saved best checkpoint (val_eval_loss=2.6470 val_acc=0.9716)
[ct_train] rechunked train graphs (seed=47)

=== Epoch 47/1000 ===
[train] loss=5.0729 cls=0.4390 cme=2.2101 acc=0.9726 cells=158379
[ct_train] rechunked train graphs (seed=48)

=== Epoch 48/1000 ===
[train] loss=5.0606 cls=0.4390 cme=2.2043 acc=0.9727 cells=158379
[val]   loss=5.0845 eval=2.6458 cls=0.4223 cme=2.2235 acc=0.9717 cells=118036
[ct_train] saved best checkpoint (val_eval_loss=2.6458 val_acc=0.9717)
[ct_train] rechunked train graphs (seed=49)

=== Epoch 49/1000 ===
[train] loss=5.0681 cls=0.4384 cme=2.2082 acc=0.9730 cells=158379
[ct_train] rechunked train graphs (seed=50)

=== Epoch 50/1000 ===
[train] loss=5.0570 cls=0.4372 cme=2.2035 acc=0.9732 cells=158379
[val]   loss=5.0812 eval=2.6437 cls=0.4212 cme=2.2225 acc=0.9719 cells=118036
[ct_train] saved best checkpoint (val_eval_loss=2.6437 val_acc=0.9719)
[ct_train] rechunked train graphs (seed=51)

=== Epoch 51/1000 ===
[train] loss=5.0524 cls=0.4370 cme=2.2013 acc=0.9734 cells=158379
[ct_train] rechunked train graphs (seed=52)

=== Epoch 52/1000 ===
[train] loss=5.0519 cls=0.4364 cme=2.2015 acc=0.9735 cells=158379
[val]   loss=5.0857 eval=2.6456 cls=0.4210 cme=2.2246 acc=0.9719 cells=118036
[ct_train] early_stopping: no improve on val/eval_loss for 1/45 val checks
[ct_train] rechunked train graphs (seed=53)

=== Epoch 53/1000 ===
[train] loss=5.0474 cls=0.4360 cme=2.1995 acc=0.9733 cells=158379
[ct_train] rechunked train graphs (seed=54)

=== Epoch 54/1000 ===
[train] loss=5.0596 cls=0.4362 cme=2.2052 acc=0.9734 cells=158379
[val]   loss=5.0825 eval=2.6434 cls=0.4196 cme=2.2238 acc=0.9724 cells=118036
[ct_train] saved best checkpoint (val_eval_loss=2.6434 val_acc=0.9724)
[ct_train] early_stopping: no improve on val/eval_loss for 2/45 val checks
[ct_train] rechunked train graphs (seed=55)

=== Epoch 55/1000 ===
[train] loss=5.0462 cls=0.4331 cme=2.2003 acc=0.9740 cells=158379
[ct_train] rechunked train graphs (seed=56)

=== Epoch 56/1000 ===
[train] loss=5.0504 cls=0.4343 cme=2.2017 acc=0.9739 cells=158379
[val]   loss=5.0788 eval=2.6421 cls=0.4204 cme=2.2217 acc=0.9723 cells=118036
[ct_train] saved best checkpoint (val_eval_loss=2.6421 val_acc=0.9724)
[ct_train] rechunked train graphs (seed=57)

=== Epoch 57/1000 ===
[train] loss=5.0485 cls=0.4344 cme=2.2008 acc=0.9734 cells=158379
[ct_train] rechunked train graphs (seed=58)

=== Epoch 58/1000 ===
[train] loss=5.0493 cls=0.4333 cme=2.2017 acc=0.9742 cells=158379
[val]   loss=5.0737 eval=2.6387 cls=0.4184 cme=2.2202 acc=0.9725 cells=118036
[ct_train] saved best checkpoint (val_eval_loss=2.6387 val_acc=0.9725)
[ct_train] rechunked train graphs (seed=59)

=== Epoch 59/1000 ===
[train] loss=5.0374 cls=0.4305 cme=2.1974 acc=0.9749 cells=158379
[ct_train] rechunked train graphs (seed=60)

=== Epoch 60/1000 ===
[train] loss=5.0487 cls=0.4330 cme=2.2015 acc=0.9743 cells=158379
[val]   loss=5.0715 eval=2.6373 cls=0.4178 cme=2.2195 acc=0.9728 cells=118036
[ct_train] saved best checkpoint (val_eval_loss=2.6373 val_acc=0.9728)
[ct_train] rechunked train graphs (seed=61)

=== Epoch 61/1000 ===
[train] loss=5.0356 cls=0.4312 cme=2.1961 acc=0.9746 cells=158379
[ct_train] rechunked train graphs (seed=62)

=== Epoch 62/1000 ===
[train] loss=5.0462 cls=0.4309 cme=2.2014 acc=0.9744 cells=158379
[val]   loss=5.0741 eval=2.6380 cls=0.4167 cme=2.2213 acc=0.9734 cells=118036
[ct_train] early_stopping: no improve on val/eval_loss for 1/45 val checks
[ct_train] rechunked train graphs (seed=63)

=== Epoch 63/1000 ===
[train] loss=5.0318 cls=0.4294 cme=2.1953 acc=0.9750 cells=158379
[ct_train] rechunked train graphs (seed=64)

=== Epoch 64/1000 ===
[train] loss=5.0243 cls=0.4281 cme=2.1922 acc=0.9755 cells=158379
[val]   loss=5.0670 eval=2.6346 cls=0.4166 cme=2.2179 acc=0.9733 cells=118036
[ct_train] saved best checkpoint (val_eval_loss=2.6346 val_acc=0.9734)
[ct_train] rechunked train graphs (seed=65)

=== Epoch 65/1000 ===
[train] loss=5.0312 cls=0.4282 cme=2.1955 acc=0.9755 cells=158379
[ct_train] rechunked train graphs (seed=66)

=== Epoch 66/1000 ===
[train] loss=5.0376 cls=0.4280 cme=2.1986 acc=0.9751 cells=158379
[val]   loss=5.0749 eval=2.6399 cls=0.4197 cme=2.2203 acc=0.9727 cells=118036
[ct_train] early_stopping: no improve on val/eval_loss for 1/45 val checks
[ct_train] rechunked train graphs (seed=67)

=== Epoch 67/1000 ===
[train] loss=5.0314 cls=0.4284 cme=2.1955 acc=0.9753 cells=158379
[ct_train] rechunked train graphs (seed=68)

=== Epoch 68/1000 ===
[train] loss=5.0267 cls=0.4264 cme=2.1943 acc=0.9757 cells=158379
[val]   loss=5.0600 eval=2.6312 cls=0.4165 cme=2.2147 acc=0.9733 cells=118036
[ct_train] saved best checkpoint (val_eval_loss=2.6312 val_acc=0.9734)
[ct_train] rechunked train graphs (seed=69)

=== Epoch 69/1000 ===
[train] loss=5.0180 cls=0.4262 cme=2.1902 acc=0.9757 cells=158379
[ct_train] rechunked train graphs (seed=70)

=== Epoch 70/1000 ===
[train] loss=5.0225 cls=0.4271 cme=2.1919 acc=0.9760 cells=158379
[val]   loss=5.0997 eval=2.6502 cls=0.4167 cme=2.2335 acc=0.9732 cells=118036
[ct_train] early_stopping: no improve on val/eval_loss for 1/45 val checks
[ct_train] rechunked train graphs (seed=71)

=== Epoch 71/1000 ===
[train] loss=5.0383 cls=0.4272 cme=2.1994 acc=0.9762 cells=158379
[ct_train] rechunked train graphs (seed=72)

=== Epoch 72/1000 ===
[train] loss=5.0151 cls=0.4252 cme=2.1893 acc=0.9763 cells=158379
[val]   loss=5.0686 eval=2.6354 cls=0.4170 cme=2.2184 acc=0.9729 cells=118036
[ct_train] early_stopping: no improve on val/eval_loss for 2/45 val checks
[ct_train] rechunked train graphs (seed=73)

=== Epoch 73/1000 ===
[train] loss=5.0284 cls=0.4258 cme=2.1952 acc=0.9759 cells=158379
[ct_train] rechunked train graphs (seed=74)

=== Epoch 74/1000 ===
[train] loss=5.0310 cls=0.4250 cme=2.1970 acc=0.9762 cells=158379
[val]   loss=5.0590 eval=2.6303 cls=0.4158 cme=2.2145 acc=0.9735 cells=118036
[ct_train] saved best checkpoint (val_eval_loss=2.6303 val_acc=0.9735)
[ct_train] rechunked train graphs (seed=75)

=== Epoch 75/1000 ===
[train] loss=5.0096 cls=0.4234 cme=2.1875 acc=0.9768 cells=158379
[ct_train] rechunked train graphs (seed=76)

=== Epoch 76/1000 ===
[train] loss=5.0135 cls=0.4231 cme=2.1895 acc=0.9764 cells=158379
[val]   loss=5.0767 eval=2.6383 cls=0.4148 cme=2.2236 acc=0.9740 cells=118036
[ct_train] early_stopping: no improve on val/eval_loss for 1/45 val checks
[ct_train] rechunked train graphs (seed=77)

=== Epoch 77/1000 ===
[train] loss=5.0160 cls=0.4234 cme=2.1906 acc=0.9764 cells=158379
[ct_train] rechunked train graphs (seed=78)

=== Epoch 78/1000 ===
[train] loss=5.0137 cls=0.4232 cme=2.1896 acc=0.9767 cells=158379
[val]   loss=5.0582 eval=2.6293 cls=0.4145 cme=2.2148 acc=0.9742 cells=118036
[ct_train] saved best checkpoint (val_eval_loss=2.6293 val_acc=0.9742)
[ct_train] rechunked train graphs (seed=79)

=== Epoch 79/1000 ===
[train] loss=5.0189 cls=0.4218 cme=2.1927 acc=0.9775 cells=158379
[ct_train] rechunked train graphs (seed=80)

=== Epoch 80/1000 ===
[train] loss=5.0037 cls=0.4222 cme=2.1853 acc=0.9768 cells=158379
[val]   loss=5.0592 eval=2.6300 cls=0.4150 cme=2.2150 acc=0.9740 cells=118036
[ct_train] early_stopping: no improve on val/eval_loss for 1/45 val checks
[ct_train] rechunked train graphs (seed=81)

=== Epoch 81/1000 ===
[train] loss=5.0009 cls=0.4212 cme=2.1844 acc=0.9772 cells=158379
[ct_train] rechunked train graphs (seed=82)

=== Epoch 82/1000 ===
[train] loss=5.0036 cls=0.4210 cme=2.1859 acc=0.9775 cells=158379
[val]   loss=5.0565 eval=2.6281 cls=0.4136 cme=2.2145 acc=0.9744 cells=118036
[ct_train] saved best checkpoint (val_eval_loss=2.6281 val_acc=0.9744)
[ct_train] rechunked train graphs (seed=83)

=== Epoch 83/1000 ===
[train] loss=5.0053 cls=0.4202 cme=2.1870 acc=0.9774 cells=158379
[ct_train] rechunked train graphs (seed=84)

=== Epoch 84/1000 ===
[train] loss=4.9992 cls=0.4198 cme=2.1843 acc=0.9779 cells=158379
[val]   loss=5.0554 eval=2.6272 cls=0.4131 cme=2.2141 acc=0.9742 cells=118036
[ct_train] saved best checkpoint (val_eval_loss=2.6272 val_acc=0.9744)
[ct_train] rechunked train graphs (seed=85)

=== Epoch 85/1000 ===
[train] loss=4.9955 cls=0.4198 cme=2.1826 acc=0.9775 cells=158379
[ct_train] rechunked train graphs (seed=86)

=== Epoch 86/1000 ===
[train] loss=5.0125 cls=0.4197 cme=2.1907 acc=0.9778 cells=158379
[val]   loss=5.0737 eval=2.6367 cls=0.4144 cme=2.2223 acc=0.9742 cells=118036
[ct_train] early_stopping: no improve on val/eval_loss for 1/45 val checks
[ct_train] rechunked train graphs (seed=87)

=== Epoch 87/1000 ===
[train] loss=4.9998 cls=0.4192 cme=2.1849 acc=0.9782 cells=158379
[ct_train] rechunked train graphs (seed=88)

=== Epoch 88/1000 ===
[train] loss=5.0078 cls=0.4194 cme=2.1886 acc=0.9784 cells=158379
[val]   loss=5.0615 eval=2.6306 cls=0.4137 cme=2.2168 acc=0.9741 cells=118036
[ct_train] early_stopping: no improve on val/eval_loss for 2/45 val checks
[ct_train] rechunked train graphs (seed=89)

=== Epoch 89/1000 ===
[train] loss=5.0008 cls=0.4192 cme=2.1853 acc=0.9779 cells=158379
[ct_train] rechunked train graphs (seed=90)

=== Epoch 90/1000 ===
[train] loss=4.9976 cls=0.4172 cme=2.1848 acc=0.9784 cells=158379
[val]   loss=5.0569 eval=2.6284 cls=0.4138 cme=2.2146 acc=0.9744 cells=118036
[ct_train] early_stopping: no improve on val/eval_loss for 3/45 val checks
[ct_train] rechunked train graphs (seed=91)

=== Epoch 91/1000 ===
[train] loss=4.9898 cls=0.4168 cme=2.1813 acc=0.9787 cells=158379
[ct_train] rechunked train graphs (seed=92)

=== Epoch 92/1000 ===
[train] loss=4.9980 cls=0.4179 cme=2.1846 acc=0.9782 cells=158379
[val]   loss=5.0607 eval=2.6297 cls=0.4132 cme=2.2166 acc=0.9748 cells=118036
[ct_train] early_stopping: no improve on val/eval_loss for 4/45 val checks
[ct_train] rechunked train graphs (seed=93)

=== Epoch 93/1000 ===
[train] loss=5.0050 cls=0.4184 cme=2.1878 acc=0.9779 cells=158379
[ct_train] rechunked train graphs (seed=94)

=== Epoch 94/1000 ===
[train] loss=4.9886 cls=0.4169 cme=2.1806 acc=0.9785 cells=158379
[val]   loss=5.0588 eval=2.6285 cls=0.4121 cme=2.2165 acc=0.9747 cells=118036
[ct_train] early_stopping: no improve on val/eval_loss for 5/45 val checks
[ct_train] rechunked train graphs (seed=95)

=== Epoch 95/1000 ===
[train] loss=5.0017 cls=0.4168 cme=2.1870 acc=0.9789 cells=158379
[ct_train] rechunked train graphs (seed=96)

=== Epoch 96/1000 ===
[train] loss=4.9889 cls=0.4163 cme=2.1811 acc=0.9790 cells=158379
[val]   loss=5.0622 eval=2.6300 cls=0.4124 cme=2.2176 acc=0.9748 cells=118036
[ct_train] early_stopping: no improve on val/eval_loss for 6/45 val checks
[ct_train] rechunked train graphs (seed=97)

=== Epoch 97/1000 ===
[train] loss=4.9965 cls=0.4147 cme=2.1854 acc=0.9795 cells=158379
[ct_train] rechunked train graphs (seed=98)

=== Epoch 98/1000 ===
[train] loss=4.9852 cls=0.4154 cme=2.1798 acc=0.9793 cells=158379
[val]   loss=5.0646 eval=2.6318 cls=0.4134 cme=2.2184 acc=0.9740 cells=118036
[ct_train] early_stopping: no improve on val/eval_loss for 7/45 val checks
[ct_train] rechunked train graphs (seed=99)

=== Epoch 99/1000 ===
[train] loss=4.9746 cls=0.4152 cme=2.1748 acc=0.9791 cells=158379
[ct_train] rechunked train graphs (seed=100)

=== Epoch 100/1000 ===
[train] loss=4.9817 cls=0.4145 cme=2.1786 acc=0.9794 cells=158379
[val]   loss=5.0603 eval=2.6289 cls=0.4114 cme=2.2175 acc=0.9749 cells=118036
[ct_train] early_stopping: no improve on val/eval_loss for 8/45 val checks
[ct_train] rechunked train graphs (seed=101)

=== Epoch 101/1000 ===
[train] loss=5.0019 cls=0.4162 cme=2.1873 acc=0.9792 cells=158379
[ct_train] rechunked train graphs (seed=102)

=== Epoch 102/1000 ===
[train] loss=4.9808 cls=0.4136 cme=2.1785 acc=0.9795 cells=158379
[val]   loss=5.0603 eval=2.6293 cls=0.4125 cme=2.2168 acc=0.9744 cells=118036
[ct_train] early_stopping: no improve on val/eval_loss for 9/45 val checks
[ct_train] rechunked train graphs (seed=103)

=== Epoch 103/1000 ===
[train] loss=4.9911 cls=0.4136 cme=2.1834 acc=0.9796 cells=158379
[ct_train] rechunked train graphs (seed=104)

=== Epoch 104/1000 ===
[train] loss=4.9755 cls=0.4133 cme=2.1761 acc=0.9800 cells=158379
[val]   loss=5.0561 eval=2.6276 cls=0.4128 cme=2.2147 acc=0.9743 cells=118036
[ct_train] early_stopping: no improve on val/eval_loss for 10/45 val checks
[ct_train] rechunked train graphs (seed=105)

=== Epoch 105/1000 ===
[train] loss=4.9809 cls=0.4137 cme=2.1785 acc=0.9798 cells=158379
[ct_train] rechunked train graphs (seed=106)

=== Epoch 106/1000 ===
[train] loss=4.9751 cls=0.4119 cme=2.1767 acc=0.9801 cells=158379
[val]   loss=5.0462 eval=2.6223 cls=0.4120 cme=2.2103 acc=0.9749 cells=118036
[ct_train] saved best checkpoint (val_eval_loss=2.6223 val_acc=0.9749)
[ct_train] rechunked train graphs (seed=107)

=== Epoch 107/1000 ===
[train] loss=4.9732 cls=0.4122 cme=2.1756 acc=0.9798 cells=158379
[ct_train] rechunked train graphs (seed=108)

=== Epoch 108/1000 ===
[train] loss=4.9855 cls=0.4128 cme=2.1812 acc=0.9796 cells=158379
[val]   loss=5.0452 eval=2.6219 cls=0.4119 cme=2.2099 acc=0.9747 cells=118036
[ct_train] saved best checkpoint (val_eval_loss=2.6219 val_acc=0.9749)
[ct_train] rechunked train graphs (seed=109)

=== Epoch 109/1000 ===
[train] loss=4.9718 cls=0.4115 cme=2.1753 acc=0.9802 cells=158379
[ct_train] rechunked train graphs (seed=110)

=== Epoch 110/1000 ===
[train] loss=4.9725 cls=0.4108 cme=2.1759 acc=0.9804 cells=158379
[val]   loss=5.0433 eval=2.6205 cls=0.4111 cme=2.2094 acc=0.9749 cells=118036
[ct_train] saved best checkpoint (val_eval_loss=2.6205 val_acc=0.9749)
[ct_train] rechunked train graphs (seed=111)

=== Epoch 111/1000 ===
[train] loss=4.9681 cls=0.4105 cme=2.1740 acc=0.9801 cells=158379
[ct_train] rechunked train graphs (seed=112)

=== Epoch 112/1000 ===
[train] loss=4.9650 cls=0.4113 cme=2.1721 acc=0.9802 cells=158379
[val]   loss=5.0426 eval=2.6201 cls=0.4108 cme=2.2093 acc=0.9752 cells=118036
[ct_train] saved best checkpoint (val_eval_loss=2.6201 val_acc=0.9752)
[ct_train] rechunked train graphs (seed=113)

=== Epoch 113/1000 ===
[train] loss=4.9721 cls=0.4109 cme=2.1757 acc=0.9805 cells=158379
[ct_train] rechunked train graphs (seed=114)

=== Epoch 114/1000 ===
[train] loss=4.9735 cls=0.4108 cme=2.1764 acc=0.9805 cells=158379
[val]   loss=5.0446 eval=2.6213 cls=0.4113 cme=2.2100 acc=0.9748 cells=118036
[ct_train] early_stopping: no improve on val/eval_loss for 1/45 val checks
[ct_train] rechunked train graphs (seed=115)

=== Epoch 115/1000 ===
[train] loss=4.9629 cls=0.4111 cme=2.1713 acc=0.9802 cells=158379
[ct_train] rechunked train graphs (seed=116)

=== Epoch 116/1000 ===
[train] loss=4.9614 cls=0.4096 cme=2.1712 acc=0.9808 cells=158379
[val]   loss=5.0475 eval=2.6223 cls=0.4106 cme=2.2117 acc=0.9752 cells=118036
[ct_train] early_stopping: no improve on val/eval_loss for 2/45 val checks
[ct_train] rechunked train graphs (seed=117)

=== Epoch 117/1000 ===
[train] loss=4.9657 cls=0.4099 cme=2.1732 acc=0.9808 cells=158379
[ct_train] rechunked train graphs (seed=118)

=== Epoch 118/1000 ===
[train] loss=4.9618 cls=0.4084 cme=2.1720 acc=0.9811 cells=158379
[val]   loss=5.0447 eval=2.6222 cls=0.4131 cme=2.2091 acc=0.9747 cells=118036
[ct_train] early_stopping: no improve on val/eval_loss for 3/45 val checks
[ct_train] rechunked train graphs (seed=119)

=== Epoch 119/1000 ===
[train] loss=4.9507 cls=0.4082 cme=2.1669 acc=0.9812 cells=158379
[ct_train] rechunked train graphs (seed=120)

=== Epoch 120/1000 ===
[train] loss=4.9515 cls=0.4072 cme=2.1676 acc=0.9811 cells=158379
[val]   loss=5.0423 eval=2.6191 cls=0.4095 cme=2.2096 acc=0.9756 cells=118036
[ct_train] saved best checkpoint (val_eval_loss=2.6191 val_acc=0.9756)
[ct_train] rechunked train graphs (seed=121)

=== Epoch 121/1000 ===
[train] loss=4.9633 cls=0.4073 cme=2.1732 acc=0.9814 cells=158379
[ct_train] rechunked train graphs (seed=122)

=== Epoch 122/1000 ===
[train] loss=4.9482 cls=0.4077 cme=2.1659 acc=0.9813 cells=158379
[val]   loss=5.0448 eval=2.6220 cls=0.4125 cme=2.2094 acc=0.9748 cells=118036
[ct_train] early_stopping: no improve on val/eval_loss for 1/45 val checks
[ct_train] rechunked train graphs (seed=123)

=== Epoch 123/1000 ===
[train] loss=4.9551 cls=0.4067 cme=2.1696 acc=0.9820 cells=158379
[ct_train] rechunked train graphs (seed=124)

=== Epoch 124/1000 ===
[train] loss=4.9651 cls=0.4075 cme=2.1740 acc=0.9814 cells=158379
[val]   loss=5.0398 eval=2.6183 cls=0.4100 cme=2.2082 acc=0.9752 cells=118036
[ct_train] saved best checkpoint (val_eval_loss=2.6183 val_acc=0.9756)
[ct_train] rechunked train graphs (seed=125)

=== Epoch 125/1000 ===
[train] loss=4.9588 cls=0.4069 cme=2.1713 acc=0.9819 cells=158379
[ct_train] rechunked train graphs (seed=126)

=== Epoch 126/1000 ===
[train] loss=4.9584 cls=0.4069 cme=2.1711 acc=0.9816 cells=158379
[val]   loss=5.0421 eval=2.6193 cls=0.4098 cme=2.2095 acc=0.9757 cells=118036
[ct_train] early_stopping: no improve on val/eval_loss for 1/45 val checks
[ct_train] rechunked train graphs (seed=127)

=== Epoch 127/1000 ===
[train] loss=4.9620 cls=0.4070 cme=2.1728 acc=0.9817 cells=158379
[ct_train] rechunked train graphs (seed=128)

=== Epoch 128/1000 ===
[train] loss=4.9498 cls=0.4060 cme=2.1674 acc=0.9819 cells=158379
[val]   loss=5.0382 eval=2.6173 cls=0.4097 cme=2.2077 acc=0.9756 cells=118036
[ct_train] saved best checkpoint (val_eval_loss=2.6173 val_acc=0.9757)
[ct_train] rechunked train graphs (seed=129)

=== Epoch 129/1000 ===
[train] loss=4.9524 cls=0.4050 cme=2.1693 acc=0.9823 cells=158379
[ct_train] rechunked train graphs (seed=130)

=== Epoch 130/1000 ===
[train] loss=4.9511 cls=0.4055 cme=2.1682 acc=0.9821 cells=158379
[val]   loss=5.0509 eval=2.6255 cls=0.4135 cme=2.2120 acc=0.9745 cells=118036
[ct_train] early_stopping: no improve on val/eval_loss for 1/45 val checks
[ct_train] rechunked train graphs (seed=131)

=== Epoch 131/1000 ===
[train] loss=4.9535 cls=0.4060 cme=2.1692 acc=0.9820 cells=158379
[ct_train] rechunked train graphs (seed=132)

=== Epoch 132/1000 ===
[train] loss=4.9550 cls=0.4053 cme=2.1703 acc=0.9821 cells=158379
[val]   loss=5.0402 eval=2.6187 cls=0.4104 cme=2.2084 acc=0.9753 cells=118036
[ct_train] early_stopping: no improve on val/eval_loss for 2/45 val checks
[ct_train] rechunked train graphs (seed=133)

=== Epoch 133/1000 ===
[train] loss=4.9475 cls=0.4038 cme=2.1674 acc=0.9824 cells=158379
[ct_train] rechunked train graphs (seed=134)

=== Epoch 134/1000 ===
[train] loss=4.9590 cls=0.4055 cme=2.1720 acc=0.9826 cells=158379
[val]   loss=5.0455 eval=2.6213 cls=0.4105 cme=2.2108 acc=0.9754 cells=118036
[ct_train] early_stopping: no improve on val/eval_loss for 3/45 val checks
[ct_train] rechunked train graphs (seed=135)

=== Epoch 135/1000 ===
[train] loss=4.9431 cls=0.4031 cme=2.1657 acc=0.9827 cells=158379
[ct_train] rechunked train graphs (seed=136)

=== Epoch 136/1000 ===
[train] loss=4.9370 cls=0.4034 cme=2.1626 acc=0.9828 cells=158379
[val]   loss=5.0445 eval=2.6216 cls=0.4119 cme=2.2097 acc=0.9749 cells=118036
[ct_train] early_stopping: no improve on val/eval_loss for 4/45 val checks
[ct_train] rechunked train graphs (seed=137)

=== Epoch 137/1000 ===
[train] loss=4.9535 cls=0.4045 cme=2.1699 acc=0.9825 cells=158379
[ct_train] rechunked train graphs (seed=138)

=== Epoch 138/1000 ===
[train] loss=4.9349 cls=0.4038 cme=2.1614 acc=0.9827 cells=158379
[val]   loss=5.0430 eval=2.6195 cls=0.4091 cme=2.2104 acc=0.9758 cells=118036
[ct_train] early_stopping: no improve on val/eval_loss for 5/45 val checks
[ct_train] rechunked train graphs (seed=139)

=== Epoch 139/1000 ===
[train] loss=4.9432 cls=0.4036 cme=2.1655 acc=0.9825 cells=158379
[ct_train] rechunked train graphs (seed=140)

=== Epoch 140/1000 ===
[train] loss=4.9381 cls=0.4028 cme=2.1634 acc=0.9830 cells=158379
[val]   loss=5.0439 eval=2.6207 cls=0.4109 cme=2.2099 acc=0.9757 cells=118036
[ct_train] early_stopping: no improve on val/eval_loss for 6/45 val checks
[ct_train] rechunked train graphs (seed=141)

=== Epoch 141/1000 ===
[train] loss=4.9447 cls=0.4024 cme=2.1668 acc=0.9830 cells=158379
[ct_train] rechunked train graphs (seed=142)

=== Epoch 142/1000 ===
[train] loss=4.9395 cls=0.4019 cme=2.1645 acc=0.9833 cells=158379
[val]   loss=5.0415 eval=2.6190 cls=0.4097 cme=2.2094 acc=0.9756 cells=118036
[ct_train] early_stopping: no improve on val/eval_loss for 7/45 val checks
[ct_train] rechunked train graphs (seed=143)

=== Epoch 143/1000 ===
[train] loss=4.9334 cls=0.4016 cme=2.1618 acc=0.9836 cells=158379
[ct_train] rechunked train graphs (seed=144)

=== Epoch 144/1000 ===
[train] loss=4.9399 cls=0.4026 cme=2.1644 acc=0.9831 cells=158379
[val]   loss=5.0419 eval=2.6196 cls=0.4107 cme=2.2089 acc=0.9755 cells=118036
[ct_train] early_stopping: no improve on val/eval_loss for 8/45 val checks
[ct_train] rechunked train graphs (seed=145)

=== Epoch 145/1000 ===
[train] loss=4.9441 cls=0.4012 cme=2.1670 acc=0.9838 cells=158379
[ct_train] rechunked train graphs (seed=146)

=== Epoch 146/1000 ===
[train] loss=4.9315 cls=0.4012 cme=2.1610 acc=0.9836 cells=158379
[val]   loss=5.0404 eval=2.6191 cls=0.4111 cme=2.2080 acc=0.9757 cells=118036
[ct_train] early_stopping: no improve on val/eval_loss for 9/45 val checks
[ct_train] rechunked train graphs (seed=147)

=== Epoch 147/1000 ===
[train] loss=4.9401 cls=0.4011 cme=2.1651 acc=0.9834 cells=158379
[ct_train] rechunked train graphs (seed=148)

=== Epoch 148/1000 ===
[train] loss=4.9407 cls=0.4010 cme=2.1655 acc=0.9834 cells=158379
[val]   loss=5.0455 eval=2.6207 cls=0.4093 cme=2.2114 acc=0.9756 cells=118036
[ct_train] early_stopping: no improve on val/eval_loss for 10/45 val checks
[ct_train] rechunked train graphs (seed=149)

=== Epoch 149/1000 ===
[train] loss=4.9313 cls=0.4011 cme=2.1610 acc=0.9837 cells=158379
[ct_train] rechunked train graphs (seed=150)

=== Epoch 150/1000 ===
[train] loss=4.9329 cls=0.4013 cme=2.1616 acc=0.9830 cells=158379
[val]   loss=5.0408 eval=2.6201 cls=0.4126 cme=2.2075 acc=0.9749 cells=118036
[ct_train] early_stopping: no improve on val/eval_loss for 11/45 val checks
[ct_train] rechunked train graphs (seed=151)

=== Epoch 151/1000 ===
[train] loss=4.9359 cls=0.4010 cme=2.1632 acc=0.9835 cells=158379
[ct_train] rechunked train graphs (seed=152)

=== Epoch 152/1000 ===
[train] loss=4.9409 cls=0.4007 cme=2.1658 acc=0.9836 cells=158379
[val]   loss=5.0470 eval=2.6229 cls=0.4124 cme=2.2105 acc=0.9750 cells=118036
[ct_train] early_stopping: no improve on val/eval_loss for 12/45 val checks
[ct_train] rechunked train graphs (seed=153)

=== Epoch 153/1000 ===
[train] loss=4.9286 cls=0.4002 cme=2.1601 acc=0.9836 cells=158379
[ct_train] rechunked train graphs (seed=154)

=== Epoch 154/1000 ===
[train] loss=4.9293 cls=0.3996 cme=2.1608 acc=0.9841 cells=158379
[val]   loss=5.0441 eval=2.6210 cls=0.4114 cme=2.2096 acc=0.9751 cells=118036
[ct_train] early_stopping: no improve on val/eval_loss for 13/45 val checks
[ct_train] rechunked train graphs (seed=155)

=== Epoch 155/1000 ===
[train] loss=4.9378 cls=0.3998 cme=2.1646 acc=0.9841 cells=158379
[ct_train] rechunked train graphs (seed=156)

=== Epoch 156/1000 ===
[train] loss=4.9268 cls=0.3988 cme=2.1599 acc=0.9842 cells=158379
[val]   loss=5.0381 eval=2.6175 cls=0.4099 cme=2.2076 acc=0.9759 cells=118036
[ct_train] early_stopping: no improve on val/eval_loss for 14/45 val checks
[ct_train] rechunked train graphs (seed=157)

=== Epoch 157/1000 ===
[train] loss=4.9276 cls=0.3983 cme=2.1606 acc=0.9843 cells=158379
[ct_train] rechunked train graphs (seed=158)

=== Epoch 158/1000 ===
[train] loss=4.9293 cls=0.3990 cme=2.1610 acc=0.9841 cells=158379
[val]   loss=5.0417 eval=2.6190 cls=0.4095 cme=2.2095 acc=0.9758 cells=118036
[ct_train] early_stopping: no improve on val/eval_loss for 15/45 val checks
[ct_train] rechunked train graphs (seed=159)

=== Epoch 159/1000 ===
[train] loss=4.9185 cls=0.3982 cme=2.1563 acc=0.9842 cells=158379
[ct_train] rechunked train graphs (seed=160)

=== Epoch 160/1000 ===
[train] loss=4.9295 cls=0.3981 cme=2.1616 acc=0.9848 cells=158379
[val]   loss=5.0420 eval=2.6188 cls=0.4089 cme=2.2099 acc=0.9760 cells=118036
[ct_train] early_stopping: no improve on val/eval_loss for 16/45 val checks
[ct_train] rechunked train graphs (seed=161)

=== Epoch 161/1000 ===
[train] loss=4.9260 cls=0.3975 cme=2.1602 acc=0.9846 cells=158379
[ct_train] rechunked train graphs (seed=162)

=== Epoch 162/1000 ===
[train] loss=4.9276 cls=0.3980 cme=2.1607 acc=0.9849 cells=158379
[val]   loss=5.0406 eval=2.6195 cls=0.4114 cme=2.2081 acc=0.9753 cells=118036
[ct_train] early_stopping: no improve on val/eval_loss for 17/45 val checks
[ct_train] rechunked train graphs (seed=163)

=== Epoch 163/1000 ===
[train] loss=4.9158 cls=0.3971 cme=2.1555 acc=0.9849 cells=158379
[ct_train] rechunked train graphs (seed=164)

=== Epoch 164/1000 ===
[train] loss=4.9214 cls=0.3970 cme=2.1583 acc=0.9850 cells=158379
[val]   loss=5.0595 eval=2.6283 cls=0.4113 cme=2.2170 acc=0.9754 cells=118036
[ct_train] early_stopping: no improve on val/eval_loss for 18/45 val checks
[ct_train] rechunked train graphs (seed=165)

=== Epoch 165/1000 ===
[train] loss=4.9237 cls=0.3972 cme=2.1592 acc=0.9848 cells=158379
[ct_train] rechunked train graphs (seed=166)

=== Epoch 166/1000 ===
[train] loss=4.9194 cls=0.3969 cme=2.1574 acc=0.9848 cells=158379
[val]   loss=5.0382 eval=2.6181 cls=0.4110 cme=2.2071 acc=0.9760 cells=118036
[ct_train] early_stopping: no improve on val/eval_loss for 19/45 val checks
[ct_train] rechunked train graphs (seed=167)

=== Epoch 167/1000 ===
[train] loss=4.9277 cls=0.3973 cme=2.1611 acc=0.9846 cells=158379
[ct_train] rechunked train graphs (seed=168)

=== Epoch 168/1000 ===
[train] loss=4.9214 cls=0.3954 cme=2.1590 acc=0.9851 cells=158379
[val]   loss=5.0495 eval=2.6231 cls=0.4103 cme=2.2128 acc=0.9758 cells=118036
[ct_train] early_stopping: no improve on val/eval_loss for 20/45 val checks
[ct_train] rechunked train graphs (seed=169)

=== Epoch 169/1000 ===
[train] loss=4.9132 cls=0.3952 cme=2.1552 acc=0.9852 cells=158379
[ct_train] rechunked train graphs (seed=170)

=== Epoch 170/1000 ===
[train] loss=4.9219 cls=0.3960 cme=2.1589 acc=0.9853 cells=158379
[val]   loss=5.0493 eval=2.6235 cls=0.4112 cme=2.2123 acc=0.9756 cells=118036
[ct_train] early_stopping: no improve on val/eval_loss for 21/45 val checks
[ct_train] rechunked train graphs (seed=171)

=== Epoch 171/1000 ===
[train] loss=4.9109 cls=0.3958 cme=2.1538 acc=0.9850 cells=158379
[ct_train] rechunked train graphs (seed=172)

=== Epoch 172/1000 ===
[train] loss=4.9162 cls=0.3964 cme=2.1561 acc=0.9854 cells=158379
[val]   loss=5.0390 eval=2.6174 cls=0.4092 cme=2.2083 acc=0.9763 cells=118036
[ct_train] early_stopping: no improve on val/eval_loss for 22/45 val checks
[ct_train] rechunked train graphs (seed=173)

=== Epoch 173/1000 ===
[train] loss=4.9297 cls=0.3962 cme=2.1625 acc=0.9852 cells=158379
[ct_train] rechunked train graphs (seed=174)

=== Epoch 174/1000 ===
[train] loss=4.9124 cls=0.3944 cme=2.1552 acc=0.9860 cells=158379
[val]   loss=5.0492 eval=2.6237 cls=0.4115 cme=2.2122 acc=0.9756 cells=118036
[ct_train] early_stopping: no improve on val/eval_loss for 23/45 val checks
[ct_train] rechunked train graphs (seed=175)

=== Epoch 175/1000 ===
[train] loss=4.9129 cls=0.3946 cme=2.1554 acc=0.9855 cells=158379
[ct_train] rechunked train graphs (seed=176)

=== Epoch 176/1000 ===
[train] loss=4.9184 cls=0.3955 cme=2.1575 acc=0.9854 cells=158379
[val]   loss=5.0428 eval=2.6196 cls=0.4095 cme=2.2101 acc=0.9760 cells=118036
[ct_train] early_stopping: no improve on val/eval_loss for 24/45 val checks
[ct_train] rechunked train graphs (seed=177)

=== Epoch 177/1000 ===
[train] loss=4.9097 cls=0.3947 cme=2.1538 acc=0.9857 cells=158379
[ct_train] rechunked train graphs (seed=178)

=== Epoch 178/1000 ===
[train] loss=4.9171 cls=0.3950 cme=2.1572 acc=0.9854 cells=158379
[val]   loss=5.0647 eval=2.6318 cls=0.4129 cme=2.2189 acc=0.9751 cells=118036
[ct_train] early_stopping: no improve on val/eval_loss for 25/45 val checks
[ct_train] rechunked train graphs (seed=179)

=== Epoch 179/1000 ===
[train] loss=4.9305 cls=0.3950 cme=2.1635 acc=0.9856 cells=158379
[ct_train] rechunked train graphs (seed=180)

=== Epoch 180/1000 ===
[train] loss=4.9120 cls=0.3933 cme=2.1556 acc=0.9859 cells=158379
[val]   loss=5.0377 eval=2.6182 cls=0.4118 cme=2.2064 acc=0.9758 cells=118036
[ct_train] early_stopping: no improve on val/eval_loss for 26/45 val checks
[ct_train] rechunked train graphs (seed=181)

=== Epoch 181/1000 ===
[train] loss=4.8989 cls=0.3938 cme=2.1491 acc=0.9855 cells=158379
[ct_train] rechunked train graphs (seed=182)

=== Epoch 182/1000 ===
[train] loss=4.9050 cls=0.3937 cme=2.1520 acc=0.9859 cells=158379
[val]   loss=5.0426 eval=2.6199 cls=0.4104 cme=2.2096 acc=0.9757 cells=118036
[ct_train] early_stopping: no improve on val/eval_loss for 27/45 val checks
[ct_train] rechunked train graphs (seed=183)

=== Epoch 183/1000 ===
[train] loss=4.9055 cls=0.3933 cme=2.1525 acc=0.9859 cells=158379
[ct_train] rechunked train graphs (seed=184)

=== Epoch 184/1000 ===
[train] loss=4.9002 cls=0.3933 cme=2.1499 acc=0.9861 cells=158379
[val]   loss=5.0418 eval=2.6192 cls=0.4098 cme=2.2094 acc=0.9759 cells=118036
[ct_train] early_stopping: no improve on val/eval_loss for 28/45 val checks
[ct_train] rechunked train graphs (seed=185)

=== Epoch 185/1000 ===
[train] loss=4.9018 cls=0.3927 cme=2.1510 acc=0.9864 cells=158379
[ct_train] rechunked train graphs (seed=186)

=== Epoch 186/1000 ===
[train] loss=4.9116 cls=0.3927 cme=2.1556 acc=0.9862 cells=158379
[val]   loss=5.0398 eval=2.6192 cls=0.4117 cme=2.2075 acc=0.9757 cells=118036
[ct_train] early_stopping: no improve on val/eval_loss for 29/45 val checks
[ct_train] rechunked train graphs (seed=187)

=== Epoch 187/1000 ===
[train] loss=4.9055 cls=0.3927 cme=2.1527 acc=0.9866 cells=158379
[ct_train] rechunked train graphs (seed=188)

=== Epoch 188/1000 ===
[train] loss=4.9030 cls=0.3935 cme=2.1512 acc=0.9860 cells=158379
[val]   loss=5.0477 eval=2.6230 cls=0.4113 cme=2.2117 acc=0.9758 cells=118036
[ct_train] early_stopping: no improve on val/eval_loss for 30/45 val checks
[ct_train] rechunked train graphs (seed=189)

=== Epoch 189/1000 ===
[train] loss=4.9022 cls=0.3929 cme=2.1511 acc=0.9865 cells=158379
[ct_train] rechunked train graphs (seed=190)

=== Epoch 190/1000 ===
[train] loss=4.9070 cls=0.3920 cme=2.1538 acc=0.9868 cells=158379
[val]   loss=5.0341 eval=2.6159 cls=0.4107 cme=2.2052 acc=0.9760 cells=118036
[ct_train] saved best checkpoint (val_eval_loss=2.6159 val_acc=0.9763)
[ct_train] rechunked train graphs (seed=191)

=== Epoch 191/1000 ===
[train] loss=4.9107 cls=0.3920 cme=2.1555 acc=0.9867 cells=158379
[ct_train] rechunked train graphs (seed=192)

=== Epoch 192/1000 ===
[train] loss=4.9048 cls=0.3922 cme=2.1526 acc=0.9864 cells=158379
[val]   loss=5.0393 eval=2.6191 cls=0.4118 cme=2.2073 acc=0.9756 cells=118036
[ct_train] early_stopping: no improve on val/eval_loss for 1/45 val checks
[ct_train] rechunked train graphs (seed=193)

=== Epoch 193/1000 ===
[train] loss=4.9023 cls=0.3917 cme=2.1517 acc=0.9867 cells=158379
[ct_train] rechunked train graphs (seed=194)

=== Epoch 194/1000 ===
[train] loss=4.9002 cls=0.3909 cme=2.1510 acc=0.9871 cells=158379
[val]   loss=5.0394 eval=2.6201 cls=0.4136 cme=2.2065 acc=0.9750 cells=118036
[ct_train] early_stopping: no improve on val/eval_loss for 2/45 val checks
[ct_train] rechunked train graphs (seed=195)

=== Epoch 195/1000 ===
[train] loss=4.8953 cls=0.3911 cme=2.1487 acc=0.9871 cells=158379
[ct_train] rechunked train graphs (seed=196)

=== Epoch 196/1000 ===
[train] loss=4.8957 cls=0.3909 cme=2.1489 acc=0.9868 cells=158379
[val]   loss=5.0395 eval=2.6185 cls=0.4106 cme=2.2080 acc=0.9760 cells=118036
[ct_train] early_stopping: no improve on val/eval_loss for 3/45 val checks
[ct_train] rechunked train graphs (seed=197)

=== Epoch 197/1000 ===
[train] loss=4.8901 cls=0.3909 cme=2.1463 acc=0.9866 cells=158379
[ct_train] rechunked train graphs (seed=198)

=== Epoch 198/1000 ===
[train] loss=4.8986 cls=0.3915 cme=2.1500 acc=0.9866 cells=158379
[val]   loss=5.0381 eval=2.6183 cls=0.4116 cme=2.2067 acc=0.9760 cells=118036
[ct_train] early_stopping: no improve on val/eval_loss for 4/45 val checks
[ct_train] rechunked train graphs (seed=199)

=== Epoch 199/1000 ===
[train] loss=4.8973 cls=0.3909 cme=2.1497 acc=0.9870 cells=158379
[ct_train] rechunked train graphs (seed=200)

=== Epoch 200/1000 ===
[train] loss=4.8985 cls=0.3902 cme=2.1506 acc=0.9874 cells=158379
[val]   loss=5.0426 eval=2.6207 cls=0.4121 cme=2.2086 acc=0.9759 cells=118036
[ct_train] early_stopping: no improve on val/eval_loss for 5/45 val checks
[ct_train] rechunked train graphs (seed=201)

=== Epoch 201/1000 ===
[train] loss=4.8880 cls=0.3895 cme=2.1460 acc=0.9875 cells=158379
[ct_train] rechunked train graphs (seed=202)

=== Epoch 202/1000 ===
[train] loss=4.8865 cls=0.3894 cme=2.1452 acc=0.9876 cells=158379
[val]   loss=5.0447 eval=2.6219 cls=0.4124 cme=2.2095 acc=0.9758 cells=118036
[ct_train] early_stopping: no improve on val/eval_loss for 6/45 val checks
[ct_train] rechunked train graphs (seed=203)

=== Epoch 203/1000 ===
[train] loss=4.8976 cls=0.3902 cme=2.1502 acc=0.9871 cells=158379
[ct_train] rechunked train graphs (seed=204)

=== Epoch 204/1000 ===
[train] loss=4.8878 cls=0.3905 cme=2.1454 acc=0.9870 cells=158379
[val]   loss=5.0421 eval=2.6211 cls=0.4130 cme=2.2081 acc=0.9755 cells=118036
[ct_train] early_stopping: no improve on val/eval_loss for 7/45 val checks
[ct_train] rechunked train graphs (seed=205)

=== Epoch 205/1000 ===
[train] loss=4.8856 cls=0.3887 cme=2.1452 acc=0.9879 cells=158379
[ct_train] rechunked train graphs (seed=206)

=== Epoch 206/1000 ===
[train] loss=4.9036 cls=0.3889 cme=2.1536 acc=0.9880 cells=158379
[val]   loss=5.0426 eval=2.6224 cls=0.4150 cme=2.2074 acc=0.9751 cells=118036
[ct_train] early_stopping: no improve on val/eval_loss for 8/45 val checks
[ct_train] rechunked train graphs (seed=207)

=== Epoch 207/1000 ===
[train] loss=4.8922 cls=0.3890 cme=2.1482 acc=0.9879 cells=158379
[ct_train] rechunked train graphs (seed=208)

=== Epoch 208/1000 ===
[train] loss=4.8905 cls=0.3886 cme=2.1476 acc=0.9878 cells=158379
[val]   loss=5.0423 eval=2.6205 cls=0.4118 cme=2.2086 acc=0.9760 cells=118036
[ct_train] early_stopping: no improve on val/eval_loss for 9/45 val checks
[ct_train] rechunked train graphs (seed=209)

=== Epoch 209/1000 ===
[train] loss=4.8833 cls=0.3888 cme=2.1440 acc=0.9879 cells=158379
[ct_train] rechunked train graphs (seed=210)

=== Epoch 210/1000 ===
[train] loss=4.8931 cls=0.3886 cme=2.1488 acc=0.9882 cells=158379
[val]   loss=5.0526 eval=2.6262 cls=0.4133 cme=2.2128 acc=0.9759 cells=118036
[ct_train] early_stopping: no improve on val/eval_loss for 10/45 val checks
[ct_train] rechunked train graphs (seed=211)

=== Epoch 211/1000 ===
[train] loss=4.8860 cls=0.3882 cme=2.1456 acc=0.9880 cells=158379
[ct_train] rechunked train graphs (seed=212)

=== Epoch 212/1000 ===
[train] loss=4.8862 cls=0.3884 cme=2.1456 acc=0.9880 cells=158379
[val]   loss=5.0435 eval=2.6221 cls=0.4138 cme=2.2082 acc=0.9757 cells=118036
[ct_train] early_stopping: no improve on val/eval_loss for 11/45 val checks
[ct_train] rechunked train graphs (seed=213)

=== Epoch 213/1000 ===
[train] loss=4.8750 cls=0.3873 cme=2.1409 acc=0.9882 cells=158379
[ct_train] rechunked train graphs (seed=214)

=== Epoch 214/1000 ===
[train] loss=4.8892 cls=0.3877 cme=2.1473 acc=0.9880 cells=158379
[val]   loss=5.0517 eval=2.6255 cls=0.4131 cme=2.2124 acc=0.9760 cells=118036
[ct_train] early_stopping: no improve on val/eval_loss for 12/45 val checks
[ct_train] rechunked train graphs (seed=215)

=== Epoch 215/1000 ===
[train] loss=4.8860 cls=0.3872 cme=2.1461 acc=0.9883 cells=158379
[ct_train] rechunked train graphs (seed=216)

=== Epoch 216/1000 ===
[train] loss=4.8806 cls=0.3870 cme=2.1436 acc=0.9885 cells=158379
[val]   loss=5.0589 eval=2.6300 cls=0.4147 cme=2.2153 acc=0.9758 cells=118036
[ct_train] early_stopping: no improve on val/eval_loss for 13/45 val checks
[ct_train] rechunked train graphs (seed=217)

=== Epoch 217/1000 ===
[train] loss=4.8889 cls=0.3873 cme=2.1474 acc=0.9882 cells=158379
[ct_train] rechunked train graphs (seed=218)

=== Epoch 218/1000 ===
[train] loss=4.8855 cls=0.3874 cme=2.1458 acc=0.9885 cells=158379
[val]   loss=5.0528 eval=2.6273 cls=0.4152 cme=2.2120 acc=0.9754 cells=118036
[ct_train] early_stopping: no improve on val/eval_loss for 14/45 val checks
[ct_train] rechunked train graphs (seed=219)

=== Epoch 219/1000 ===
[train] loss=4.8842 cls=0.3869 cme=2.1454 acc=0.9886 cells=158379
[ct_train] rechunked train graphs (seed=220)

=== Epoch 220/1000 ===
[train] loss=4.8946 cls=0.3866 cme=2.1505 acc=0.9884 cells=158379
[val]   loss=5.0433 eval=2.6221 cls=0.4140 cme=2.2082 acc=0.9756 cells=118036
[ct_train] early_stopping: no improve on val/eval_loss for 15/45 val checks
[ct_train] rechunked train graphs (seed=221)

=== Epoch 221/1000 ===
[train] loss=4.8768 cls=0.3858 cme=2.1424 acc=0.9889 cells=158379
[ct_train] rechunked train graphs (seed=222)

=== Epoch 222/1000 ===
[train] loss=4.8668 cls=0.3856 cme=2.1378 acc=0.9889 cells=158379
[val]   loss=5.0507 eval=2.6253 cls=0.4133 cme=2.2120 acc=0.9761 cells=118036
[ct_train] early_stopping: no improve on val/eval_loss for 16/45 val checks
[ct_train] rechunked train graphs (seed=223)

=== Epoch 223/1000 ===
[train] loss=4.8793 cls=0.3863 cme=2.1433 acc=0.9885 cells=158379
[ct_train] rechunked train graphs (seed=224)

=== Epoch 224/1000 ===
[train] loss=4.8858 cls=0.3856 cme=2.1468 acc=0.9888 cells=158379
[val]   loss=5.0513 eval=2.6267 cls=0.4152 cme=2.2115 acc=0.9752 cells=118036
[ct_train] early_stopping: no improve on val/eval_loss for 17/45 val checks
[ct_train] rechunked train graphs (seed=225)

=== Epoch 225/1000 ===
[train] loss=4.8771 cls=0.3856 cme=2.1427 acc=0.9890 cells=158379
[ct_train] rechunked train graphs (seed=226)

=== Epoch 226/1000 ===
[train] loss=4.8831 cls=0.3854 cme=2.1455 acc=0.9891 cells=158379
[val]   loss=5.0531 eval=2.6270 cls=0.4142 cme=2.2127 acc=0.9757 cells=118036
[ct_train] early_stopping: no improve on val/eval_loss for 18/45 val checks
[ct_train] rechunked train graphs (seed=227)

=== Epoch 227/1000 ===
[train] loss=4.8672 cls=0.3853 cme=2.1381 acc=0.9890 cells=158379
[ct_train] rechunked train graphs (seed=228)

=== Epoch 228/1000 ===
[train] loss=4.8722 cls=0.3851 cme=2.1406 acc=0.9889 cells=158379
[val]   loss=5.0485 eval=2.6251 cls=0.4149 cme=2.2103 acc=0.9758 cells=118036
[ct_train] early_stopping: no improve on val/eval_loss for 19/45 val checks
[ct_train] rechunked train graphs (seed=229)

=== Epoch 229/1000 ===
[train] loss=4.8822 cls=0.3855 cme=2.1451 acc=0.9891 cells=158379
[ct_train] rechunked train graphs (seed=230)

=== Epoch 230/1000 ===
[train] loss=4.8751 cls=0.3853 cme=2.1418 acc=0.9892 cells=158379
[val]   loss=5.0588 eval=2.6307 cls=0.4161 cme=2.2146 acc=0.9752 cells=118036
[ct_train] early_stopping: no improve on val/eval_loss for 20/45 val checks
[ct_train] rechunked train graphs (seed=231)

=== Epoch 231/1000 ===
[train] loss=4.8630 cls=0.3849 cme=2.1362 acc=0.9893 cells=158379
[ct_train] rechunked train graphs (seed=232)

=== Epoch 232/1000 ===
[train] loss=4.8825 cls=0.3845 cme=2.1458 acc=0.9894 cells=158379
[val]   loss=5.0506 eval=2.6256 cls=0.4140 cme=2.2116 acc=0.9760 cells=118036
[ct_train] early_stopping: no improve on val/eval_loss for 21/45 val checks
[ct_train] rechunked train graphs (seed=233)

=== Epoch 233/1000 ===
[train] loss=4.8726 cls=0.3845 cme=2.1410 acc=0.9892 cells=158379
[ct_train] rechunked train graphs (seed=234)

=== Epoch 234/1000 ===
[train] loss=4.8724 cls=0.3839 cme=2.1412 acc=0.9896 cells=158379
[val]   loss=5.0569 eval=2.6289 cls=0.4145 cme=2.2143 acc=0.9759 cells=118036
[ct_train] early_stopping: no improve on val/eval_loss for 22/45 val checks
[ct_train] rechunked train graphs (seed=235)

=== Epoch 235/1000 ===
[train] loss=4.8691 cls=0.3835 cme=2.1398 acc=0.9899 cells=158379
[ct_train] rechunked train graphs (seed=236)

=== Epoch 236/1000 ===
[train] loss=4.8720 cls=0.3842 cme=2.1409 acc=0.9893 cells=158379
[val]   loss=5.0567 eval=2.6298 cls=0.4163 cme=2.2134 acc=0.9756 cells=118036
[ct_train] early_stopping: no improve on val/eval_loss for 23/45 val checks
[ct_train] rechunked train graphs (seed=237)

=== Epoch 237/1000 ===
[train] loss=4.8802 cls=0.3858 cme=2.1440 acc=0.9889 cells=158379
[ct_train] rechunked train graphs (seed=238)

=== Epoch 238/1000 ===
[train] loss=4.8653 cls=0.3846 cme=2.1375 acc=0.9888 cells=158379
[val]   loss=5.0512 eval=2.6275 cls=0.4170 cme=2.2105 acc=0.9751 cells=118036
[ct_train] early_stopping: no improve on val/eval_loss for 24/45 val checks
[ct_train] rechunked train graphs (seed=239)

=== Epoch 239/1000 ===
[train] loss=4.8629 cls=0.3837 cme=2.1368 acc=0.9895 cells=158379
[ct_train] rechunked train graphs (seed=240)

=== Epoch 240/1000 ===
[train] loss=4.8587 cls=0.3828 cme=2.1353 acc=0.9902 cells=158379
[val]   loss=5.0574 eval=2.6301 cls=0.4163 cme=2.2137 acc=0.9756 cells=118036
[ct_train] early_stopping: no improve on val/eval_loss for 25/45 val checks
[ct_train] rechunked train graphs (seed=241)

=== Epoch 241/1000 ===
[train] loss=4.8687 cls=0.3833 cme=2.1398 acc=0.9900 cells=158379
[ct_train] rechunked train graphs (seed=242)

=== Epoch 242/1000 ===
[train] loss=4.8682 cls=0.3834 cme=2.1395 acc=0.9895 cells=158379
[val]   loss=5.0558 eval=2.6294 cls=0.4165 cme=2.2129 acc=0.9757 cells=118036
[ct_train] early_stopping: no improve on val/eval_loss for 26/45 val checks
[ct_train] rechunked train graphs (seed=243)

=== Epoch 243/1000 ===
[train] loss=4.8575 cls=0.3831 cme=2.1345 acc=0.9900 cells=158379
[ct_train] rechunked train graphs (seed=244)

=== Epoch 244/1000 ===
[train] loss=4.8774 cls=0.3835 cme=2.1439 acc=0.9897 cells=158379
[val]   loss=5.0539 eval=2.6287 cls=0.4171 cme=2.2116 acc=0.9750 cells=118036
[ct_train] early_stopping: no improve on val/eval_loss for 27/45 val checks
[ct_train] rechunked train graphs (seed=245)

=== Epoch 245/1000 ===
[train] loss=4.8602 cls=0.3822 cme=2.1362 acc=0.9902 cells=158379
[ct_train] rechunked train graphs (seed=246)

=== Epoch 246/1000 ===
[train] loss=4.8605 cls=0.3823 cme=2.1363 acc=0.9901 cells=158379
[val]   loss=5.0690 eval=2.6361 cls=0.4173 cme=2.2189 acc=0.9755 cells=118036
[ct_train] early_stopping: no improve on val/eval_loss for 28/45 val checks
[ct_train] rechunked train graphs (seed=247)

=== Epoch 247/1000 ===
[train] loss=4.8630 cls=0.3815 cme=2.1379 acc=0.9903 cells=158379
[ct_train] rechunked train graphs (seed=248)

=== Epoch 248/1000 ===
[train] loss=4.8611 cls=0.3818 cme=2.1368 acc=0.9903 cells=158379
[val]   loss=5.0645 eval=2.6340 cls=0.4174 cme=2.2166 acc=0.9753 cells=118036
[ct_train] early_stopping: no improve on val/eval_loss for 29/45 val checks
[ct_train] rechunked train graphs (seed=249)

=== Epoch 249/1000 ===
[train] loss=4.8645 cls=0.3816 cme=2.1385 acc=0.9905 cells=158379
[ct_train] rechunked train graphs (seed=250)

=== Epoch 250/1000 ===
[train] loss=4.8646 cls=0.3823 cme=2.1383 acc=0.9902 cells=158379
[val]   loss=5.0625 eval=2.6336 cls=0.4185 cme=2.2151 acc=0.9749 cells=118036
[ct_train] early_stopping: no improve on val/eval_loss for 30/45 val checks
[ct_train] rechunked train graphs (seed=251)

=== Epoch 251/1000 ===
[train] loss=4.8572 cls=0.3827 cme=2.1345 acc=0.9897 cells=158379
[ct_train] rechunked train graphs (seed=252)

=== Epoch 252/1000 ===
[train] loss=4.8489 cls=0.3822 cme=2.1309 acc=0.9901 cells=158379
[val]   loss=5.0592 eval=2.6312 cls=0.4167 cme=2.2145 acc=0.9753 cells=118036
[ct_train] early_stopping: no improve on val/eval_loss for 31/45 val checks
[ct_train] rechunked train graphs (seed=253)

=== Epoch 253/1000 ===
[train] loss=4.8565 cls=0.3817 cme=2.1347 acc=0.9904 cells=158379
[ct_train] rechunked train graphs (seed=254)

=== Epoch 254/1000 ===
[train] loss=4.8639 cls=0.3816 cme=2.1383 acc=0.9906 cells=158379
[val]   loss=5.0659 eval=2.6354 cls=0.4188 cme=2.2166 acc=0.9750 cells=118036
[ct_train] early_stopping: no improve on val/eval_loss for 32/45 val checks
[ct_train] rechunked train graphs (seed=255)

=== Epoch 255/1000 ===
[train] loss=4.8648 cls=0.3815 cme=2.1388 acc=0.9905 cells=158379
[ct_train] rechunked train graphs (seed=256)

=== Epoch 256/1000 ===
[train] loss=4.8606 cls=0.3813 cme=2.1369 acc=0.9906 cells=158379
[val]   loss=5.0656 eval=2.6354 cls=0.4191 cme=2.2163 acc=0.9750 cells=118036
[ct_train] early_stopping: no improve on val/eval_loss for 33/45 val checks
[ct_train] rechunked train graphs (seed=257)

=== Epoch 257/1000 ===
[train] loss=4.8598 cls=0.3807 cme=2.1368 acc=0.9906 cells=158379
[ct_train] rechunked train graphs (seed=258)

=== Epoch 258/1000 ===
[train] loss=4.8574 cls=0.3817 cme=2.1351 acc=0.9904 cells=158379
[val]   loss=5.0746 eval=2.6397 cls=0.4191 cme=2.2206 acc=0.9754 cells=118036
[ct_train] early_stopping: no improve on val/eval_loss for 34/45 val checks
[ct_train] rechunked train graphs (seed=259)

=== Epoch 259/1000 ===
[train] loss=4.8632 cls=0.3811 cme=2.1382 acc=0.9907 cells=158379
[ct_train] rechunked train graphs (seed=260)

=== Epoch 260/1000 ===
[train] loss=4.8459 cls=0.3806 cme=2.1302 acc=0.9907 cells=158379
[val]   loss=5.0722 eval=2.6389 cls=0.4196 cme=2.2192 acc=0.9754 cells=118036
[ct_train] early_stopping: no improve on val/eval_loss for 35/45 val checks
[ct_train] rechunked train graphs (seed=261)

=== Epoch 261/1000 ===
[train] loss=4.8512 cls=0.3804 cme=2.1328 acc=0.9910 cells=158379
[ct_train] rechunked train graphs (seed=262)

=== Epoch 262/1000 ===
[train] loss=4.8541 cls=0.3808 cme=2.1340 acc=0.9906 cells=158379
[val]   loss=5.0653 eval=2.6340 cls=0.4166 cme=2.2174 acc=0.9758 cells=118036
[ct_train] early_stopping: no improve on val/eval_loss for 36/45 val checks
[ct_train] rechunked train graphs (seed=263)

=== Epoch 263/1000 ===
[train] loss=4.8515 cls=0.3800 cme=2.1331 acc=0.9909 cells=158379
[ct_train] rechunked train graphs (seed=264)

=== Epoch 264/1000 ===
[train] loss=4.8497 cls=0.3794 cme=2.1326 acc=0.9913 cells=158379
[val]   loss=5.0710 eval=2.6380 cls=0.4187 cme=2.2193 acc=0.9754 cells=118036
[ct_train] early_stopping: no improve on val/eval_loss for 37/45 val checks
[ct_train] rechunked train graphs (seed=265)

=== Epoch 265/1000 ===
[train] loss=4.8434 cls=0.3795 cme=2.1296 acc=0.9908 cells=158379
[ct_train] rechunked train graphs (seed=266)

=== Epoch 266/1000 ===
[train] loss=4.8445 cls=0.3801 cme=2.1298 acc=0.9910 cells=158379
[val]   loss=5.0765 eval=2.6404 cls=0.4184 cme=2.2220 acc=0.9755 cells=118036
[ct_train] early_stopping: no improve on val/eval_loss for 38/45 val checks
[ct_train] rechunked train graphs (seed=267)

=== Epoch 267/1000 ===
[train] loss=4.8450 cls=0.3791 cme=2.1306 acc=0.9913 cells=158379
[ct_train] rechunked train graphs (seed=268)

=== Epoch 268/1000 ===
[train] loss=4.8403 cls=0.3793 cme=2.1281 acc=0.9913 cells=158379
[val]   loss=5.0620 eval=2.6333 cls=0.4183 cme=2.2150 acc=0.9756 cells=118036
[ct_train] early_stopping: no improve on val/eval_loss for 39/45 val checks
[ct_train] rechunked train graphs (seed=269)

=== Epoch 269/1000 ===
[train] loss=4.8468 cls=0.3790 cme=2.1314 acc=0.9914 cells=158379
[ct_train] rechunked train graphs (seed=270)

=== Epoch 270/1000 ===
[train] loss=4.8415 cls=0.3788 cme=2.1290 acc=0.9916 cells=158379
[val]   loss=5.0683 eval=2.6366 cls=0.4188 cme=2.2178 acc=0.9759 cells=118036
[ct_train] early_stopping: no improve on val/eval_loss for 40/45 val checks
[ct_train] rechunked train graphs (seed=271)

=== Epoch 271/1000 ===
[train] loss=4.8459 cls=0.3783 cme=2.1313 acc=0.9919 cells=158379
[ct_train] rechunked train graphs (seed=272)

=== Epoch 272/1000 ===
[train] loss=4.8467 cls=0.3789 cme=2.1314 acc=0.9912 cells=158379
[val]   loss=5.0692 eval=2.6374 cls=0.4198 cme=2.2176 acc=0.9753 cells=118036
[ct_train] early_stopping: no improve on val/eval_loss for 41/45 val checks
[ct_train] rechunked train graphs (seed=273)

=== Epoch 273/1000 ===
[train] loss=4.8470 cls=0.3787 cme=2.1316 acc=0.9912 cells=158379
[ct_train] rechunked train graphs (seed=274)

=== Epoch 274/1000 ===
[train] loss=4.8425 cls=0.3788 cme=2.1295 acc=0.9914 cells=158379
[val]   loss=5.0721 eval=2.6392 cls=0.4202 cme=2.2189 acc=0.9752 cells=118036
[ct_train] early_stopping: no improve on val/eval_loss for 42/45 val checks
[ct_train] rechunked train graphs (seed=275)

=== Epoch 275/1000 ===
[train] loss=4.8410 cls=0.3783 cme=2.1290 acc=0.9917 cells=158379
[ct_train] rechunked train graphs (seed=276)

=== Epoch 276/1000 ===
[train] loss=4.8494 cls=0.3784 cme=2.1329 acc=0.9917 cells=158379
[val]   loss=5.0671 eval=2.6365 cls=0.4199 cme=2.2166 acc=0.9753 cells=118036
[ct_train] early_stopping: no improve on val/eval_loss for 43/45 val checks
[ct_train] rechunked train graphs (seed=277)

=== Epoch 277/1000 ===
[train] loss=4.8470 cls=0.3778 cme=2.1321 acc=0.9918 cells=158379
[ct_train] rechunked train graphs (seed=278)

=== Epoch 278/1000 ===
[train] loss=4.8375 cls=0.3780 cme=2.1275 acc=0.9917 cells=158379
[val]   loss=5.0771 eval=2.6413 cls=0.4195 cme=2.2218 acc=0.9752 cells=118036
[ct_train] early_stopping: no improve on val/eval_loss for 44/45 val checks
[ct_train] rechunked train graphs (seed=279)

=== Epoch 279/1000 ===
[train] loss=4.8388 cls=0.3786 cme=2.1278 acc=0.9915 cells=158379
[ct_train] rechunked train graphs (seed=280)

=== Epoch 280/1000 ===
[train] loss=4.8536 cls=0.3784 cme=2.1349 acc=0.9917 cells=158379
[val]   loss=5.0739 eval=2.6402 cls=0.4204 cme=2.2198 acc=0.9755 cells=118036
[ct_train] early_stopping: no improve on val/eval_loss for 45/45 val checks
[ct_train] early stopping at epoch 280 (patience=45, monitor=val/eval_loss)

[ct_train] done. best_val_acc=0.9763  best_val_eval_loss=2.6159  checkpoints=/home/abel/code/Tissue-Reassembly-using-GenAI-and-new-metrics/exploration/cell_types/outputs/exp074_aux01  logs=/home/abel/code/Tissue-Reassembly-using-GenAI-and-new-metrics/exploration/cell_types/logs/exp074_aux01/20260808_001055
wandb: updating run metadata
wandb: uploading output.log; uploading wandb-summary.json; uploading config.yaml
wandb: 
wandb: Run summary:
wandb:                      best_epoch 190
wandb:                    best_val_acc 0.97627
wandb:              best_val_eval_loss 2.61589
wandb:                           epoch 280
wandb:                              lr 0.00018
wandb:           model/parameter_count 1305308
wandb: model/trainable_parameter_count 1305308
wandb:                       train/acc 0.99167
wandb:       train/acc_per_class/Astro 0.99531
wandb:        train/acc_per_class/Endo 0.99107
wandb:                             +54 ...
wandb: 
wandb:  View run exp074_aux01 at: https://wandb.ai/abel-salmona-polytechnique-montr-al/cell_types/runs/ecnmxk08
wandb:  View project at: https://wandb.ai/abel-salmona-polytechnique-montr-al/cell_types
wandb: Synced 5 W&B file(s), 1 media file(s), 2 artifact file(s) and 1 other file(s)
wandb: Find logs at: ./exploration/cell_types/logs/exp074_aux01/20260808_001055/wandb/run-20260808_001103-ecnmxk08/logs
