[ct_train] config=exploration/cell_types/experiments/configs/exp173_kd_harder2.json
[ct_train] device=cuda  checkpoints=/home/abel/code/Tissue-Reassembly-using-GenAI-and-new-metrics/exploration/cell_types/outputs/exp173_kd_harder2
[ct_train] logs=/home/abel/code/Tissue-Reassembly-using-GenAI-and-new-metrics/exploration/cell_types/logs/exp173_kd_harder2/20260808_102541
[ct_train] Loading data …
[DataModule] Reading '/home/abel/biodata/MERFISH_LUNA_small_cortex/MERFISH_mouse_cortex_train.csv' (split=train) with float32 dtype on 254 gene cols + coord cols …
[DataModule] Loaded 158,379 rows for split=train.
[DataModule] Reading '/home/abel/biodata/MERFISH_LUNA_small_cortex/MERFISH_mouse_cortex_test.csv' (split=test) with float32 dtype on 254 gene cols + coord cols …
[DataModule] Loaded 118,036 rows for split=test.
[DataModule] Reading '/home/abel/biodata/MERFISH_LUNA_small_cortex/MERFISH_mouse_cortex_test.csv' (split=validation) with float32 dtype on 254 gene cols + coord cols …
[DataModule] Loaded 118,036 rows for split=validation.
[ct_train] genes=254  classes=23
[ct_train] model predict_cme=True  params=1,305,308
[ct_train] initialized student from /home/abel/code/Tissue-Reassembly-using-GenAI-and-new-metrics/exploration/cell_types/outputs/exp170_kd_harder/best.pt
[ct_train] teacher loaded: /home/abel/code/Tissue-Reassembly-using-GenAI-and-new-metrics/exploration/cell_types/outputs/exp170_kd_harder/best.pt
[ct_train] teacher loaded: /home/abel/code/Tissue-Reassembly-using-GenAI-and-new-metrics/exploration/cell_types/outputs/exp168_kd_ens_strong/best.pt
[ct_train] teacher loaded: /home/abel/code/Tissue-Reassembly-using-GenAI-and-new-metrics/exploration/cell_types/outputs/exp169_kd_ens_clsw09/best.pt
[ct_train] distillation ON: n_teachers=3 hard_w=0.2 kd_cls=2.0 kd_cme=3.0 T=2.0
[ct_train] soft CME loaded split=train sigma=96.0 n=158379 C=23
[ct_train] soft CME loaded split=validation sigma=96.0 n=118036 C=23
[ct_train] soft CME loaded split=train sigma=50.0 n=158379 C=23
[ct_train] soft CME loaded split=train sigma=64.0 n=158379 C=23
[ct_train] soft CME loaded split=validation sigma=50.0 n=118036 C=23
[ct_train] soft CME loaded split=validation sigma=64.0 n=118036 C=23
wandb: [wandb.login()] Loaded credentials for https://api.wandb.ai from /home/abel/.netrc.
wandb: Currently logged in as: abel-salmona (abel-salmona-polytechnique-montr-al) to https://api.wandb.ai. Use `wandb login --relogin` to force relogin
wandb: WARNING Using a boolean value for 'reinit' is deprecated. Use 'return_previous' or 'finish_previous' instead.
wandb: Tracking run with wandb version 0.26.1
wandb: Run data is saved locally in /home/abel/code/Tissue-Reassembly-using-GenAI-and-new-metrics/exploration/cell_types/logs/exp173_kd_harder2/20260808_102541/wandb/run-20260808_102549-lh7m4dwh
wandb: Run `wandb offline` to turn off syncing.
wandb: Syncing run exp173_kd_harder2
wandb:  View project at https://wandb.ai/abel-salmona-polytechnique-montr-al/cell_types
wandb:  View run at https://wandb.ai/abel-salmona-polytechnique-montr-al/cell_types/runs/lh7m4dwh
wandb: WARNING Saving files without folders. If you want to preserve subdirectories pass base_path to wandb.save, i.e. wandb.save("/mnt/folder/file.h5", base_path="/mnt")
wandb: WARNING Symlinked 1 file into the W&B run directory; call wandb.save again to sync new files.
[ct_train] wandb: project=cell_types name=exp173_kd_harder2 mode=online url=https://wandb.ai/abel-salmona-polytechnique-montr-al/cell_types/runs/lh7m4dwh
[ct_train] parameters: total=1,305,308 trainable=1,305,308
  [params] mlp_in_node_features: 26,720
  [params] transformer_layers: 633,600
  [params] type_stage1: 28,320
  [params] env_stage1: 93,056
  [params] type_probe: 2,231
  [params] env_probe: 7,383
  [params] fusion_mlp: 383,008
  [params] type_stage2: 30,551
  [params] env_stage2: 100,439
[ct_train] EMA enabled decay=0.98
[ct_train] rechunked train graphs (seed=1)

=== Epoch 1/1000 ===
[train] loss=7.6321 cls=0.4470 cme=2.1484 acc=0.9861 cells=158379 kd=6.6130
[ct_train] rechunked train graphs (seed=2)

=== Epoch 2/1000 ===
[train] loss=7.6073 cls=0.4462 cme=2.1412 acc=0.9861 cells=158379 kd=6.5915
[val]   loss=5.2268 eval=2.6082 cls=0.4066 cme=2.2016 acc=0.9762 cells=118036
[ct_train] saved best checkpoint (val_eval_loss=2.6082 val_acc=0.9762)
[ct_train] rechunked train graphs (seed=3)

=== Epoch 3/1000 ===
[train] loss=7.6065 cls=0.4464 cme=2.1414 acc=0.9863 cells=158379 kd=6.5906
[ct_train] rechunked train graphs (seed=4)

=== Epoch 4/1000 ===
[train] loss=7.6129 cls=0.4464 cme=2.1432 acc=0.9862 cells=158379 kd=6.5962
[val]   loss=5.2267 eval=2.6081 cls=0.4066 cme=2.2015 acc=0.9762 cells=118036
[ct_train] saved best checkpoint (val_eval_loss=2.6081 val_acc=0.9762)
[ct_train] early_stopping: no improve on val/eval_loss for 1/30 val checks
[ct_train] rechunked train graphs (seed=5)

=== Epoch 5/1000 ===
[train] loss=7.6282 cls=0.4468 cme=2.1468 acc=0.9862 cells=158379 kd=6.6099
[ct_train] rechunked train graphs (seed=6)

=== Epoch 6/1000 ===
[train] loss=7.6216 cls=0.4465 cme=2.1462 acc=0.9861 cells=158379 kd=6.6036
[val]   loss=5.2269 eval=2.6083 cls=0.4066 cme=2.2016 acc=0.9762 cells=118036
[ct_train] early_stopping: no improve on val/eval_loss for 2/30 val checks
[ct_train] rechunked train graphs (seed=7)

=== Epoch 7/1000 ===
[train] loss=7.6026 cls=0.4462 cme=2.1412 acc=0.9863 cells=158379 kd=6.5868
[ct_train] rechunked train graphs (seed=8)

=== Epoch 8/1000 ===
[train] loss=7.6077 cls=0.4464 cme=2.1417 acc=0.9861 cells=158379 kd=6.5916
[val]   loss=5.2267 eval=2.6082 cls=0.4067 cme=2.2015 acc=0.9762 cells=118036
[ct_train] early_stopping: no improve on val/eval_loss for 3/30 val checks
[ct_train] rechunked train graphs (seed=9)

=== Epoch 9/1000 ===
[train] loss=7.6129 cls=0.4459 cme=2.1434 acc=0.9861 cells=158379 kd=6.5962
[ct_train] rechunked train graphs (seed=10)

=== Epoch 10/1000 ===
[train] loss=7.6282 cls=0.4465 cme=2.1476 acc=0.9861 cells=158379 kd=6.6096
[val]   loss=5.2267 eval=2.6082 cls=0.4067 cme=2.2015 acc=0.9762 cells=118036
[ct_train] early_stopping: no improve on val/eval_loss for 4/30 val checks
[ct_train] rechunked train graphs (seed=11)

=== Epoch 11/1000 ===
[train] loss=7.6080 cls=0.4461 cme=2.1428 acc=0.9861 cells=158379 kd=6.5915
[ct_train] rechunked train graphs (seed=12)

=== Epoch 12/1000 ===
[train] loss=7.6085 cls=0.4461 cme=2.1433 acc=0.9862 cells=158379 kd=6.5918
[val]   loss=5.2266 eval=2.6082 cls=0.4067 cme=2.2015 acc=0.9762 cells=118036
[ct_train] early_stopping: no improve on val/eval_loss for 5/30 val checks
[ct_train] rechunked train graphs (seed=13)

=== Epoch 13/1000 ===
[train] loss=7.6107 cls=0.4465 cme=2.1431 acc=0.9861 cells=158379 kd=6.5940
[ct_train] rechunked train graphs (seed=14)

=== Epoch 14/1000 ===
[train] loss=7.6251 cls=0.4461 cme=2.1475 acc=0.9862 cells=158379 kd=6.6066
[val]   loss=5.2265 eval=2.6081 cls=0.4067 cme=2.2015 acc=0.9763 cells=118036
[ct_train] saved best checkpoint (val_eval_loss=2.6081 val_acc=0.9763)
[ct_train] early_stopping: no improve on val/eval_loss for 6/30 val checks
[ct_train] rechunked train graphs (seed=15)

=== Epoch 15/1000 ===
[train] loss=7.6112 cls=0.4461 cme=2.1440 acc=0.9861 cells=158379 kd=6.5942
[ct_train] rechunked train graphs (seed=16)

=== Epoch 16/1000 ===
[train] loss=7.6111 cls=0.4467 cme=2.1440 acc=0.9864 cells=158379 kd=6.5941
[val]   loss=5.2267 eval=2.6082 cls=0.4067 cme=2.2015 acc=0.9763 cells=118036
[ct_train] early_stopping: no improve on val/eval_loss for 7/30 val checks
[ct_train] rechunked train graphs (seed=17)

=== Epoch 17/1000 ===
[train] loss=7.6107 cls=0.4462 cme=2.1438 acc=0.9861 cells=158379 kd=6.5938
[ct_train] rechunked train graphs (seed=18)

=== Epoch 18/1000 ===
[train] loss=7.6059 cls=0.4457 cme=2.1420 acc=0.9861 cells=158379 kd=6.5899
[val]   loss=5.2267 eval=2.6082 cls=0.4067 cme=2.2015 acc=0.9763 cells=118036
[ct_train] early_stopping: no improve on val/eval_loss for 8/30 val checks
[ct_train] rechunked train graphs (seed=19)

=== Epoch 19/1000 ===
[train] loss=7.6113 cls=0.4457 cme=2.1441 acc=0.9862 cells=158379 kd=6.5944
[ct_train] rechunked train graphs (seed=20)

=== Epoch 20/1000 ===
[train] loss=7.6081 cls=0.4461 cme=2.1433 acc=0.9863 cells=158379 kd=6.5914
[val]   loss=5.2266 eval=2.6082 cls=0.4067 cme=2.2015 acc=0.9762 cells=118036
[ct_train] early_stopping: no improve on val/eval_loss for 9/30 val checks
[ct_train] rechunked train graphs (seed=21)

=== Epoch 21/1000 ===
[train] loss=7.6071 cls=0.4458 cme=2.1435 acc=0.9863 cells=158379 kd=6.5903
[ct_train] rechunked train graphs (seed=22)

=== Epoch 22/1000 ===
[train] loss=7.6272 cls=0.4460 cme=2.1481 acc=0.9863 cells=158379 kd=6.6084
[val]   loss=5.2265 eval=2.6081 cls=0.4066 cme=2.2015 acc=0.9763 cells=118036
[ct_train] saved best checkpoint (val_eval_loss=2.6081 val_acc=0.9763)
[ct_train] early_stopping: no improve on val/eval_loss for 10/30 val checks
[ct_train] rechunked train graphs (seed=23)

=== Epoch 23/1000 ===
[train] loss=7.5999 cls=0.4454 cme=2.1403 acc=0.9859 cells=158379 kd=6.5847
[ct_train] rechunked train graphs (seed=24)

=== Epoch 24/1000 ===
[train] loss=7.6119 cls=0.4461 cme=2.1440 acc=0.9862 cells=158379 kd=6.5949
[val]   loss=5.2264 eval=2.6080 cls=0.4066 cme=2.2015 acc=0.9763 cells=118036
[ct_train] saved best checkpoint (val_eval_loss=2.6080 val_acc=0.9763)
[ct_train] early_stopping: no improve on val/eval_loss for 11/30 val checks
[ct_train] rechunked train graphs (seed=25)

=== Epoch 25/1000 ===
[train] loss=7.5903 cls=0.4455 cme=2.1388 acc=0.9862 cells=158379 kd=6.5757
[ct_train] rechunked train graphs (seed=26)

=== Epoch 26/1000 ===
[train] loss=7.6224 cls=0.4455 cme=2.1463 acc=0.9864 cells=158379 kd=6.6045
[val]   loss=5.2263 eval=2.6080 cls=0.4065 cme=2.2014 acc=0.9763 cells=118036
[ct_train] saved best checkpoint (val_eval_loss=2.6080 val_acc=0.9763)
[ct_train] early_stopping: no improve on val/eval_loss for 12/30 val checks
[ct_train] rechunked train graphs (seed=27)

=== Epoch 27/1000 ===
[train] loss=7.5888 cls=0.4459 cme=2.1375 acc=0.9862 cells=158379 kd=6.5747
[ct_train] rechunked train graphs (seed=28)

=== Epoch 28/1000 ===
[train] loss=7.6003 cls=0.4456 cme=2.1424 acc=0.9864 cells=158379 kd=6.5841
[val]   loss=5.2261 eval=2.6079 cls=0.4065 cme=2.2013 acc=0.9763 cells=118036
[ct_train] saved best checkpoint (val_eval_loss=2.6079 val_acc=0.9763)
[ct_train] early_stopping: no improve on val/eval_loss for 13/30 val checks
[ct_train] rechunked train graphs (seed=29)

=== Epoch 29/1000 ===
[train] loss=7.6048 cls=0.4461 cme=2.1421 acc=0.9861 cells=158379 kd=6.5887
[ct_train] rechunked train graphs (seed=30)

=== Epoch 30/1000 ===
[train] loss=7.6033 cls=0.4458 cme=2.1411 acc=0.9862 cells=158379 kd=6.5876
[val]   loss=5.2261 eval=2.6078 cls=0.4065 cme=2.2013 acc=0.9763 cells=118036
[ct_train] saved best checkpoint (val_eval_loss=2.6078 val_acc=0.9763)
[ct_train] early_stopping: no improve on val/eval_loss for 14/30 val checks
[ct_train] rechunked train graphs (seed=31)

=== Epoch 31/1000 ===
[train] loss=7.5998 cls=0.4456 cme=2.1404 acc=0.9863 cells=158379 kd=6.5845
[ct_train] rechunked train graphs (seed=32)

=== Epoch 32/1000 ===
[train] loss=7.6145 cls=0.4455 cme=2.1455 acc=0.9862 cells=158379 kd=6.5970
[val]   loss=5.2261 eval=2.6079 cls=0.4065 cme=2.2013 acc=0.9763 cells=118036
[ct_train] early_stopping: no improve on val/eval_loss for 15/30 val checks
[ct_train] rechunked train graphs (seed=33)

=== Epoch 33/1000 ===
[train] loss=7.6095 cls=0.4453 cme=2.1444 acc=0.9865 cells=158379 kd=6.5925
[ct_train] rechunked train graphs (seed=34)

=== Epoch 34/1000 ===
[train] loss=7.5985 cls=0.4460 cme=2.1406 acc=0.9862 cells=158379 kd=6.5830
[val]   loss=5.2261 eval=2.6079 cls=0.4066 cme=2.2013 acc=0.9762 cells=118036
[ct_train] early_stopping: no improve on val/eval_loss for 16/30 val checks
[ct_train] rechunked train graphs (seed=35)

=== Epoch 35/1000 ===
[train] loss=7.6037 cls=0.4451 cme=2.1416 acc=0.9862 cells=158379 kd=6.5879
[ct_train] rechunked train graphs (seed=36)

=== Epoch 36/1000 ===
[train] loss=7.6043 cls=0.4456 cme=2.1420 acc=0.9865 cells=158379 kd=6.5883
[val]   loss=5.2262 eval=2.6079 cls=0.4066 cme=2.2014 acc=0.9762 cells=118036
[ct_train] early_stopping: no improve on val/eval_loss for 17/30 val checks
[ct_train] rechunked train graphs (seed=37)

=== Epoch 37/1000 ===
[train] loss=7.5979 cls=0.4454 cme=2.1400 acc=0.9860 cells=158379 kd=6.5829
[ct_train] rechunked train graphs (seed=38)

=== Epoch 38/1000 ===
[train] loss=7.6098 cls=0.4458 cme=2.1445 acc=0.9862 cells=158379 kd=6.5926
[val]   loss=5.2260 eval=2.6079 cls=0.4066 cme=2.2012 acc=0.9763 cells=118036
[ct_train] early_stopping: no improve on val/eval_loss for 18/30 val checks
[ct_train] rechunked train graphs (seed=39)

=== Epoch 39/1000 ===
[train] loss=7.5992 cls=0.4447 cme=2.1415 acc=0.9864 cells=158379 kd=6.5836
[ct_train] rechunked train graphs (seed=40)

=== Epoch 40/1000 ===
[train] loss=7.6032 cls=0.4450 cme=2.1419 acc=0.9861 cells=158379 kd=6.5874
[val]   loss=5.2260 eval=2.6079 cls=0.4066 cme=2.2013 acc=0.9762 cells=118036
[ct_train] early_stopping: no improve on val/eval_loss for 19/30 val checks
[ct_train] rechunked train graphs (seed=41)

=== Epoch 41/1000 ===
[train] loss=7.5976 cls=0.4450 cme=2.1409 acc=0.9863 cells=158379 kd=6.5822
[ct_train] rechunked train graphs (seed=42)

=== Epoch 42/1000 ===
[train] loss=7.5972 cls=0.4451 cme=2.1395 acc=0.9861 cells=158379 kd=6.5824
[val]   loss=5.2259 eval=2.6078 cls=0.4066 cme=2.2012 acc=0.9763 cells=118036
[ct_train] saved best checkpoint (val_eval_loss=2.6078 val_acc=0.9763)
[ct_train] early_stopping: no improve on val/eval_loss for 20/30 val checks
[ct_train] rechunked train graphs (seed=43)

=== Epoch 43/1000 ===
[train] loss=7.6039 cls=0.4453 cme=2.1423 acc=0.9862 cells=158379 kd=6.5878
[ct_train] rechunked train graphs (seed=44)

=== Epoch 44/1000 ===
[train] loss=7.5906 cls=0.4446 cme=2.1391 acc=0.9862 cells=158379 kd=6.5761
[val]   loss=5.2259 eval=2.6078 cls=0.4065 cme=2.2013 acc=0.9763 cells=118036
[ct_train] early_stopping: no improve on val/eval_loss for 21/30 val checks
[ct_train] rechunked train graphs (seed=45)

=== Epoch 45/1000 ===
[train] loss=7.6050 cls=0.4455 cme=2.1421 acc=0.9861 cells=158379 kd=6.5890
[ct_train] rechunked train graphs (seed=46)

=== Epoch 46/1000 ===
[train] loss=7.6120 cls=0.4451 cme=2.1451 acc=0.9864 cells=158379 kd=6.5947
[val]   loss=5.2257 eval=2.6077 cls=0.4065 cme=2.2011 acc=0.9762 cells=118036
[ct_train] saved best checkpoint (val_eval_loss=2.6077 val_acc=0.9763)
[ct_train] early_stopping: no improve on val/eval_loss for 22/30 val checks
[ct_train] rechunked train graphs (seed=47)

=== Epoch 47/1000 ===
[train] loss=7.6146 cls=0.4457 cme=2.1455 acc=0.9864 cells=158379 kd=6.5970
[ct_train] rechunked train graphs (seed=48)

=== Epoch 48/1000 ===
[train] loss=7.6171 cls=0.4452 cme=2.1460 acc=0.9866 cells=158379 kd=6.5994
[val]   loss=5.2257 eval=2.6077 cls=0.4065 cme=2.2011 acc=0.9763 cells=118036
[ct_train] saved best checkpoint (val_eval_loss=2.6077 val_acc=0.9763)
[ct_train] early_stopping: no improve on val/eval_loss for 23/30 val checks
[ct_train] rechunked train graphs (seed=49)

=== Epoch 49/1000 ===
[train] loss=7.5904 cls=0.4449 cme=2.1399 acc=0.9861 cells=158379 kd=6.5754
[ct_train] rechunked train graphs (seed=50)

=== Epoch 50/1000 ===
[train] loss=7.5984 cls=0.4451 cme=2.1405 acc=0.9865 cells=158379 kd=6.5832
[val]   loss=5.2258 eval=2.6077 cls=0.4065 cme=2.2012 acc=0.9764 cells=118036
[ct_train] early_stopping: no improve on val/eval_loss for 24/30 val checks
[ct_train] rechunked train graphs (seed=51)

=== Epoch 51/1000 ===
[train] loss=7.5965 cls=0.4452 cme=2.1407 acc=0.9864 cells=158379 kd=6.5811
[ct_train] rechunked train graphs (seed=52)

=== Epoch 52/1000 ===
[train] loss=7.6139 cls=0.4450 cme=2.1454 acc=0.9864 cells=158379 kd=6.5966
[val]   loss=5.2259 eval=2.6077 cls=0.4065 cme=2.2012 acc=0.9764 cells=118036
[ct_train] early_stopping: no improve on val/eval_loss for 25/30 val checks
[ct_train] rechunked train graphs (seed=53)

=== Epoch 53/1000 ===
[train] loss=7.5930 cls=0.4446 cme=2.1397 acc=0.9865 cells=158379 kd=6.5781
[ct_train] rechunked train graphs (seed=54)

=== Epoch 54/1000 ===
[train] loss=7.6076 cls=0.4446 cme=2.1433 acc=0.9866 cells=158379 kd=6.5913
[val]   loss=5.2260 eval=2.6077 cls=0.4064 cme=2.2013 acc=0.9764 cells=118036
[ct_train] early_stopping: no improve on val/eval_loss for 26/30 val checks
[ct_train] rechunked train graphs (seed=55)

=== Epoch 55/1000 ===
[train] loss=7.5956 cls=0.4448 cme=2.1403 acc=0.9862 cells=158379 kd=6.5805
[ct_train] rechunked train graphs (seed=56)

=== Epoch 56/1000 ===
[train] loss=7.6095 cls=0.4450 cme=2.1439 acc=0.9862 cells=158379 kd=6.5928
[val]   loss=5.2258 eval=2.6077 cls=0.4064 cme=2.2012 acc=0.9763 cells=118036
[ct_train] saved best checkpoint (val_eval_loss=2.6077 val_acc=0.9764)
[ct_train] early_stopping: no improve on val/eval_loss for 27/30 val checks
[ct_train] rechunked train graphs (seed=57)

=== Epoch 57/1000 ===
[train] loss=7.6038 cls=0.4445 cme=2.1429 acc=0.9863 cells=158379 kd=6.5876
[ct_train] rechunked train graphs (seed=58)

=== Epoch 58/1000 ===
[train] loss=7.5928 cls=0.4447 cme=2.1400 acc=0.9864 cells=158379 kd=6.5778
[val]   loss=5.2257 eval=2.6076 cls=0.4064 cme=2.2012 acc=0.9763 cells=118036
[ct_train] saved best checkpoint (val_eval_loss=2.6076 val_acc=0.9764)
[ct_train] early_stopping: no improve on val/eval_loss for 28/30 val checks
[ct_train] rechunked train graphs (seed=59)

=== Epoch 59/1000 ===
[train] loss=7.6016 cls=0.4451 cme=2.1425 acc=0.9866 cells=158379 kd=6.5855
[ct_train] rechunked train graphs (seed=60)

=== Epoch 60/1000 ===
[train] loss=7.6093 cls=0.4451 cme=2.1439 acc=0.9861 cells=158379 kd=6.5926
[val]   loss=5.2258 eval=2.6077 cls=0.4064 cme=2.2012 acc=0.9764 cells=118036
[ct_train] early_stopping: no improve on val/eval_loss for 29/30 val checks
[ct_train] rechunked train graphs (seed=61)

=== Epoch 61/1000 ===
[train] loss=7.5897 cls=0.4449 cme=2.1378 acc=0.9863 cells=158379 kd=6.5757
[ct_train] rechunked train graphs (seed=62)

=== Epoch 62/1000 ===
[train] loss=7.6135 cls=0.4451 cme=2.1452 acc=0.9863 cells=158379 kd=6.5962
[val]   loss=5.2257 eval=2.6076 cls=0.4064 cme=2.2012 acc=0.9763 cells=118036
[ct_train] early_stopping: no improve on val/eval_loss for 30/30 val checks
[ct_train] early stopping at epoch 62 (patience=30, monitor=val/eval_loss)

[ct_train] done. best_val_acc=0.9764  best_val_eval_loss=2.6076  checkpoints=/home/abel/code/Tissue-Reassembly-using-GenAI-and-new-metrics/exploration/cell_types/outputs/exp173_kd_harder2  logs=/home/abel/code/Tissue-Reassembly-using-GenAI-and-new-metrics/exploration/cell_types/logs/exp173_kd_harder2/20260808_102541
wandb: updating run metadata
wandb: uploading output.log; uploading wandb-summary.json; uploading config.yaml
wandb: uploading output.log
wandb: 
wandb: Run summary:
wandb:                      best_epoch 58
wandb:                    best_val_acc 0.9764
wandb:              best_val_eval_loss 2.60762
wandb:                           epoch 62
wandb:                              lr 5e-05
wandb:           model/parameter_count 1305308
wandb: model/trainable_parameter_count 1305308
wandb:                       train/acc 0.98631
wandb:       train/acc_per_class/Astro 0.99205
wandb:        train/acc_per_class/Endo 0.9799
wandb:                             +54 ...
wandb: 
wandb:  View run exp173_kd_harder2 at: https://wandb.ai/abel-salmona-polytechnique-montr-al/cell_types/runs/lh7m4dwh
wandb:  View project at: https://wandb.ai/abel-salmona-polytechnique-montr-al/cell_types
wandb: Synced 5 W&B file(s), 1 media file(s), 2 artifact file(s) and 1 other file(s)
wandb: Find logs at: ./exploration/cell_types/logs/exp173_kd_harder2/20260808_102541/wandb/run-20260808_102549-lh7m4dwh/logs
