[ct_train] config=exploration/cell_types/experiments/configs/exp056_type96.json
[ct_train] device=cuda  checkpoints=/home/abel/code/Tissue-Reassembly-using-GenAI-and-new-metrics/exploration/cell_types/outputs/exp056_type96
[ct_train] logs=/home/abel/code/Tissue-Reassembly-using-GenAI-and-new-metrics/exploration/cell_types/logs/exp056_type96/20260807_220948
[ct_train] Loading data …
[DataModule] Reading '/home/abel/biodata/MERFISH_LUNA_small_cortex/MERFISH_mouse_cortex_train.csv' (split=train) with float32 dtype on 254 gene cols + coord cols …
[DataModule] Loaded 158,379 rows for split=train.
[DataModule] Reading '/home/abel/biodata/MERFISH_LUNA_small_cortex/MERFISH_mouse_cortex_test.csv' (split=test) with float32 dtype on 254 gene cols + coord cols …
[DataModule] Loaded 118,036 rows for split=test.
[DataModule] Reading '/home/abel/biodata/MERFISH_LUNA_small_cortex/MERFISH_mouse_cortex_test.csv' (split=validation) with float32 dtype on 254 gene cols + coord cols …
[DataModule] Loaded 118,036 rows for split=validation.
[ct_train] genes=254  classes=23
[ct_train] model predict_cme=True  params=1,305,308
[ct_train] soft CME loaded split=train sigma=96.0 n=158379 C=23
[ct_train] soft CME loaded split=validation sigma=96.0 n=118036 C=23
wandb: [wandb.login()] Loaded credentials for https://api.wandb.ai from /home/abel/.netrc.
wandb: Currently logged in as: abel-salmona (abel-salmona-polytechnique-montr-al) to https://api.wandb.ai. Use `wandb login --relogin` to force relogin
wandb: WARNING Using a boolean value for 'reinit' is deprecated. Use 'return_previous' or 'finish_previous' instead.
wandb: setting up run dtgx5mde
wandb: Tracking run with wandb version 0.26.1
wandb: Run data is saved locally in /home/abel/code/Tissue-Reassembly-using-GenAI-and-new-metrics/exploration/cell_types/logs/exp056_type96/20260807_220948/wandb/run-20260807_220959-dtgx5mde
wandb: Run `wandb offline` to turn off syncing.
wandb: Syncing run exp056_type96
wandb:  View project at https://wandb.ai/abel-salmona-polytechnique-montr-al/cell_types
wandb:  View run at https://wandb.ai/abel-salmona-polytechnique-montr-al/cell_types/runs/dtgx5mde
wandb: WARNING Saving files without folders. If you want to preserve subdirectories pass base_path to wandb.save, i.e. wandb.save("/mnt/folder/file.h5", base_path="/mnt")
wandb: WARNING Symlinked 1 file into the W&B run directory; call wandb.save again to sync new files.
[ct_train] wandb: project=cell_types name=exp056_type96 mode=online url=https://wandb.ai/abel-salmona-polytechnique-montr-al/cell_types/runs/dtgx5mde
[ct_train] parameters: total=1,305,308 trainable=1,305,308
  [params] mlp_in_node_features: 26,720
  [params] transformer_layers: 633,600
  [params] type_stage1: 28,320
  [params] env_stage1: 93,056
  [params] type_probe: 2,231
  [params] env_probe: 7,383
  [params] fusion_mlp: 383,008
  [params] type_stage2: 30,551
  [params] env_stage2: 100,439
[ct_train] rechunked train graphs (seed=1)

=== Epoch 1/1000 ===
[train] loss=8.3257 cls=2.7469 cme=2.7894 acc=0.2366 cells=158379
[ct_train] rechunked train graphs (seed=2)

=== Epoch 2/1000 ===
[train] loss=6.9013 cls=1.8454 cme=2.5279 acc=0.6595 cells=158379
[val]   loss=6.2136 eval=3.7597 cls=1.3058 cme=2.4539 acc=0.7593 cells=118036
[ct_train] saved best checkpoint (val_eval_loss=3.7597 val_acc=0.7593)
[ct_train] rechunked train graphs (seed=3)

=== Epoch 3/1000 ===
[train] loss=6.0374 cls=1.1851 cme=2.4261 acc=0.7933 cells=158379
[ct_train] rechunked train graphs (seed=4)

=== Epoch 4/1000 ===
[train] loss=5.6313 cls=0.8663 cme=2.3825 acc=0.8635 cells=158379
[val]   loss=5.3985 eval=3.0330 cls=0.6675 cme=2.3655 acc=0.9143 cells=118036
[ct_train] saved best checkpoint (val_eval_loss=3.0330 val_acc=0.9143)
[ct_train] rechunked train graphs (seed=5)

=== Epoch 5/1000 ===
[train] loss=5.4132 cls=0.7113 cme=2.3509 acc=0.9072 cells=158379
[ct_train] rechunked train graphs (seed=6)

=== Epoch 6/1000 ===
[train] loss=5.3157 cls=0.6358 cme=2.3400 acc=0.9239 cells=158379
[val]   loss=5.1937 eval=2.8663 cls=0.5389 cme=2.3274 acc=0.9416 cells=118036
[ct_train] saved best checkpoint (val_eval_loss=2.8663 val_acc=0.9416)
[ct_train] rechunked train graphs (seed=7)

=== Epoch 7/1000 ===
[train] loss=5.2231 cls=0.5890 cme=2.3170 acc=0.9355 cells=158379
[ct_train] rechunked train graphs (seed=8)

=== Epoch 8/1000 ===
[train] loss=5.1590 cls=0.5600 cme=2.2995 acc=0.9422 cells=158379
[val]   loss=5.0890 eval=2.7929 cls=0.4967 cme=2.2962 acc=0.9518 cells=118036
[ct_train] saved best checkpoint (val_eval_loss=2.7929 val_acc=0.9518)
[ct_train] rechunked train graphs (seed=9)

=== Epoch 9/1000 ===
[train] loss=5.1411 cls=0.5455 cme=2.2978 acc=0.9456 cells=158379
[ct_train] rechunked train graphs (seed=10)

=== Epoch 10/1000 ===
[train] loss=5.1124 cls=0.5326 cme=2.2899 acc=0.9486 cells=158379
[val]   loss=5.0437 eval=2.7615 cls=0.4794 cme=2.2821 acc=0.9552 cells=118036
[ct_train] saved best checkpoint (val_eval_loss=2.7615 val_acc=0.9552)
[ct_train] rechunked train graphs (seed=11)

=== Epoch 11/1000 ===
[train] loss=5.0752 cls=0.5229 cme=2.2761 acc=0.9505 cells=158379
[ct_train] rechunked train graphs (seed=12)

=== Epoch 12/1000 ===
[train] loss=5.0683 cls=0.5154 cme=2.2764 acc=0.9522 cells=158379
[val]   loss=5.0188 eval=2.7431 cls=0.4675 cme=2.2756 acc=0.9585 cells=118036
[ct_train] saved best checkpoint (val_eval_loss=2.7431 val_acc=0.9585)
[ct_train] rechunked train graphs (seed=13)

=== Epoch 13/1000 ===
[train] loss=5.0523 cls=0.5080 cme=2.2721 acc=0.9547 cells=158379
[ct_train] rechunked train graphs (seed=14)

=== Epoch 14/1000 ===
[train] loss=5.0369 cls=0.5026 cme=2.2672 acc=0.9562 cells=158379
[val]   loss=4.9942 eval=2.7268 cls=0.4595 cme=2.2674 acc=0.9609 cells=118036
[ct_train] saved best checkpoint (val_eval_loss=2.7268 val_acc=0.9609)
[ct_train] rechunked train graphs (seed=15)

=== Epoch 15/1000 ===
[train] loss=5.0157 cls=0.4958 cme=2.2599 acc=0.9573 cells=158379
[ct_train] rechunked train graphs (seed=16)

=== Epoch 16/1000 ===
[train] loss=5.0076 cls=0.4925 cme=2.2576 acc=0.9585 cells=158379
[val]   loss=4.9872 eval=2.7209 cls=0.4547 cme=2.2663 acc=0.9627 cells=118036
[ct_train] saved best checkpoint (val_eval_loss=2.7209 val_acc=0.9627)
[ct_train] rechunked train graphs (seed=17)

=== Epoch 17/1000 ===
[train] loss=4.9946 cls=0.4885 cme=2.2530 acc=0.9591 cells=158379
[ct_train] rechunked train graphs (seed=18)

=== Epoch 18/1000 ===
[train] loss=4.9845 cls=0.4844 cme=2.2501 acc=0.9602 cells=158379
[val]   loss=4.9668 eval=2.7103 cls=0.4538 cme=2.2565 acc=0.9622 cells=118036
[ct_train] saved best checkpoint (val_eval_loss=2.7103 val_acc=0.9627)
[ct_train] rechunked train graphs (seed=19)

=== Epoch 19/1000 ===
[train] loss=4.9814 cls=0.4811 cme=2.2502 acc=0.9609 cells=158379
[ct_train] rechunked train graphs (seed=20)

=== Epoch 20/1000 ===
[train] loss=4.9738 cls=0.4794 cme=2.2472 acc=0.9613 cells=158379
[val]   loss=4.9558 eval=2.7007 cls=0.4456 cme=2.2551 acc=0.9655 cells=118036
[ct_train] saved best checkpoint (val_eval_loss=2.7007 val_acc=0.9655)
[ct_train] rechunked train graphs (seed=21)

=== Epoch 21/1000 ===
[train] loss=4.9705 cls=0.4747 cme=2.2479 acc=0.9629 cells=158379
[ct_train] rechunked train graphs (seed=22)

=== Epoch 22/1000 ===
[train] loss=4.9581 cls=0.4733 cme=2.2424 acc=0.9633 cells=158379
[val]   loss=4.9375 eval=2.6910 cls=0.4445 cme=2.2465 acc=0.9651 cells=118036
[ct_train] saved best checkpoint (val_eval_loss=2.6910 val_acc=0.9655)
[ct_train] rechunked train graphs (seed=23)

=== Epoch 23/1000 ===
[train] loss=4.9471 cls=0.4712 cme=2.2380 acc=0.9639 cells=158379
[ct_train] rechunked train graphs (seed=24)

=== Epoch 24/1000 ===
[train] loss=4.9455 cls=0.4702 cme=2.2376 acc=0.9640 cells=158379
[val]   loss=4.9281 eval=2.6837 cls=0.4393 cme=2.2444 acc=0.9669 cells=118036
[ct_train] saved best checkpoint (val_eval_loss=2.6837 val_acc=0.9669)
[ct_train] rechunked train graphs (seed=25)

=== Epoch 25/1000 ===
[train] loss=4.9443 cls=0.4659 cme=2.2392 acc=0.9652 cells=158379
[ct_train] rechunked train graphs (seed=26)

=== Epoch 26/1000 ===
[train] loss=4.9290 cls=0.4645 cme=2.2322 acc=0.9657 cells=158379
[val]   loss=4.9212 eval=2.6787 cls=0.4361 cme=2.2426 acc=0.9680 cells=118036
[ct_train] saved best checkpoint (val_eval_loss=2.6787 val_acc=0.9680)
[ct_train] rechunked train graphs (seed=27)

=== Epoch 27/1000 ===
[train] loss=4.9214 cls=0.4616 cme=2.2299 acc=0.9663 cells=158379
[ct_train] rechunked train graphs (seed=28)

=== Epoch 28/1000 ===
[train] loss=4.9127 cls=0.4594 cme=2.2267 acc=0.9670 cells=158379
[val]   loss=4.9092 eval=2.6709 cls=0.4326 cme=2.2383 acc=0.9688 cells=118036
[ct_train] saved best checkpoint (val_eval_loss=2.6709 val_acc=0.9688)
[ct_train] rechunked train graphs (seed=29)

=== Epoch 29/1000 ===
[train] loss=4.9125 cls=0.4585 cme=2.2270 acc=0.9673 cells=158379
[ct_train] rechunked train graphs (seed=30)

=== Epoch 30/1000 ===
[train] loss=4.9119 cls=0.4568 cme=2.2276 acc=0.9676 cells=158379
[val]   loss=4.9066 eval=2.6694 cls=0.4321 cme=2.2372 acc=0.9686 cells=118036
[ct_train] saved best checkpoint (val_eval_loss=2.6694 val_acc=0.9688)
[ct_train] rechunked train graphs (seed=31)

=== Epoch 31/1000 ===
[train] loss=4.9059 cls=0.4548 cme=2.2256 acc=0.9682 cells=158379
[ct_train] rechunked train graphs (seed=32)

=== Epoch 32/1000 ===
[train] loss=4.9262 cls=0.4555 cme=2.2353 acc=0.9686 cells=158379
[val]   loss=4.9056 eval=2.6688 cls=0.4319 cme=2.2368 acc=0.9688 cells=118036
[ct_train] saved best checkpoint (val_eval_loss=2.6688 val_acc=0.9688)
[ct_train] rechunked train graphs (seed=33)

=== Epoch 33/1000 ===
[train] loss=4.9029 cls=0.4516 cme=2.2256 acc=0.9689 cells=158379
[ct_train] rechunked train graphs (seed=34)

=== Epoch 34/1000 ===
[train] loss=4.8905 cls=0.4513 cme=2.2196 acc=0.9693 cells=158379
[val]   loss=4.8892 eval=2.6585 cls=0.4277 cme=2.2307 acc=0.9702 cells=118036
[ct_train] saved best checkpoint (val_eval_loss=2.6585 val_acc=0.9702)
[ct_train] rechunked train graphs (seed=35)

=== Epoch 35/1000 ===
[train] loss=4.8982 cls=0.4505 cme=2.2239 acc=0.9695 cells=158379
[ct_train] rechunked train graphs (seed=36)

=== Epoch 36/1000 ===
[train] loss=4.8911 cls=0.4479 cme=2.2216 acc=0.9701 cells=158379
[val]   loss=4.8953 eval=2.6615 cls=0.4277 cme=2.2338 acc=0.9698 cells=118036
[ct_train] early_stopping: no improve on val/eval_loss for 1/40 val checks
[ct_train] rechunked train graphs (seed=37)

=== Epoch 37/1000 ===
[train] loss=4.8856 cls=0.4496 cme=2.2180 acc=0.9697 cells=158379
[ct_train] rechunked train graphs (seed=38)

=== Epoch 38/1000 ===
[train] loss=4.8729 cls=0.4464 cme=2.2132 acc=0.9701 cells=158379
[val]   loss=4.8885 eval=2.6575 cls=0.4266 cme=2.2310 acc=0.9703 cells=118036
[ct_train] saved best checkpoint (val_eval_loss=2.6575 val_acc=0.9703)
[ct_train] rechunked train graphs (seed=39)

=== Epoch 39/1000 ===
[train] loss=4.8801 cls=0.4455 cme=2.2173 acc=0.9709 cells=158379
[ct_train] rechunked train graphs (seed=40)

=== Epoch 40/1000 ===
[train] loss=4.8767 cls=0.4449 cme=2.2159 acc=0.9709 cells=158379
[val]   loss=4.8905 eval=2.6586 cls=0.4266 cme=2.2319 acc=0.9704 cells=118036
[ct_train] early_stopping: no improve on val/eval_loss for 1/40 val checks
[ct_train] rechunked train graphs (seed=41)

=== Epoch 41/1000 ===
[train] loss=4.8658 cls=0.4432 cme=2.2113 acc=0.9713 cells=158379
[ct_train] rechunked train graphs (seed=42)

=== Epoch 42/1000 ===
[train] loss=4.8697 cls=0.4434 cme=2.2132 acc=0.9712 cells=158379
[val]   loss=4.8784 eval=2.6520 cls=0.4257 cme=2.2264 acc=0.9706 cells=118036
[ct_train] saved best checkpoint (val_eval_loss=2.6520 val_acc=0.9706)
[ct_train] rechunked train graphs (seed=43)

=== Epoch 43/1000 ===
[train] loss=4.8760 cls=0.4432 cme=2.2164 acc=0.9717 cells=158379
[ct_train] rechunked train graphs (seed=44)

=== Epoch 44/1000 ===
[train] loss=4.8591 cls=0.4410 cme=2.2090 acc=0.9720 cells=158379
[val]   loss=4.8793 eval=2.6507 cls=0.4221 cme=2.2286 acc=0.9715 cells=118036
[ct_train] saved best checkpoint (val_eval_loss=2.6507 val_acc=0.9715)
[ct_train] rechunked train graphs (seed=45)

=== Epoch 45/1000 ===
[train] loss=4.8647 cls=0.4404 cme=2.2121 acc=0.9722 cells=158379
[ct_train] rechunked train graphs (seed=46)

=== Epoch 46/1000 ===
[train] loss=4.8489 cls=0.4385 cme=2.2052 acc=0.9723 cells=158379
[val]   loss=4.8741 eval=2.6481 cls=0.4220 cme=2.2260 acc=0.9718 cells=118036
[ct_train] saved best checkpoint (val_eval_loss=2.6481 val_acc=0.9718)
[ct_train] rechunked train graphs (seed=47)

=== Epoch 47/1000 ===
[train] loss=4.8594 cls=0.4374 cme=2.2110 acc=0.9730 cells=158379
[ct_train] rechunked train graphs (seed=48)

=== Epoch 48/1000 ===
[train] loss=4.8478 cls=0.4375 cme=2.2051 acc=0.9730 cells=158379
[val]   loss=4.8718 eval=2.6467 cls=0.4216 cme=2.2251 acc=0.9718 cells=118036
[ct_train] saved best checkpoint (val_eval_loss=2.6467 val_acc=0.9718)
[ct_train] rechunked train graphs (seed=49)

=== Epoch 49/1000 ===
[train] loss=4.8535 cls=0.4364 cme=2.2086 acc=0.9733 cells=158379
[ct_train] rechunked train graphs (seed=50)

=== Epoch 50/1000 ===
[train] loss=4.8429 cls=0.4356 cme=2.2036 acc=0.9735 cells=158379
[val]   loss=4.8654 eval=2.6427 cls=0.4201 cme=2.2227 acc=0.9723 cells=118036
[ct_train] saved best checkpoint (val_eval_loss=2.6427 val_acc=0.9723)
[ct_train] rechunked train graphs (seed=51)

=== Epoch 51/1000 ===
[train] loss=4.8385 cls=0.4347 cme=2.2019 acc=0.9739 cells=158379
[ct_train] rechunked train graphs (seed=52)

=== Epoch 52/1000 ===
[train] loss=4.8381 cls=0.4343 cme=2.2019 acc=0.9741 cells=158379
[val]   loss=4.8732 eval=2.6467 cls=0.4202 cme=2.2265 acc=0.9722 cells=118036
[ct_train] early_stopping: no improve on val/eval_loss for 1/40 val checks
[ct_train] rechunked train graphs (seed=53)

=== Epoch 53/1000 ===
[train] loss=4.8341 cls=0.4344 cme=2.1998 acc=0.9737 cells=158379
[ct_train] rechunked train graphs (seed=54)

=== Epoch 54/1000 ===
[train] loss=4.8509 cls=0.4354 cme=2.2077 acc=0.9735 cells=158379
[val]   loss=4.8668 eval=2.6424 cls=0.4179 cme=2.2245 acc=0.9729 cells=118036
[ct_train] saved best checkpoint (val_eval_loss=2.6424 val_acc=0.9729)
[ct_train] rechunked train graphs (seed=55)

=== Epoch 55/1000 ===
[train] loss=4.8322 cls=0.4313 cme=2.2005 acc=0.9746 cells=158379
[ct_train] rechunked train graphs (seed=56)

=== Epoch 56/1000 ===
[train] loss=4.8369 cls=0.4324 cme=2.2022 acc=0.9745 cells=158379
[val]   loss=4.8619 eval=2.6406 cls=0.4193 cme=2.2213 acc=0.9727 cells=118036
[ct_train] saved best checkpoint (val_eval_loss=2.6406 val_acc=0.9729)
[ct_train] rechunked train graphs (seed=57)

=== Epoch 57/1000 ===
[train] loss=4.8341 cls=0.4323 cme=2.2009 acc=0.9743 cells=158379
[ct_train] rechunked train graphs (seed=58)

=== Epoch 58/1000 ===
[train] loss=4.8365 cls=0.4316 cme=2.2024 acc=0.9747 cells=158379
[val]   loss=4.8543 eval=2.6360 cls=0.4177 cme=2.2183 acc=0.9728 cells=118036
[ct_train] saved best checkpoint (val_eval_loss=2.6360 val_acc=0.9729)
[ct_train] rechunked train graphs (seed=59)

=== Epoch 59/1000 ===
[train] loss=4.8241 cls=0.4290 cme=2.1976 acc=0.9751 cells=158379
[ct_train] rechunked train graphs (seed=60)

=== Epoch 60/1000 ===
[train] loss=4.8402 cls=0.4308 cme=2.2047 acc=0.9748 cells=158379
[val]   loss=4.8582 eval=2.6379 cls=0.4175 cme=2.2203 acc=0.9732 cells=118036
[ct_train] early_stopping: no improve on val/eval_loss for 1/40 val checks
[ct_train] rechunked train graphs (seed=61)

=== Epoch 61/1000 ===
[train] loss=4.8281 cls=0.4295 cme=2.1993 acc=0.9750 cells=158379
[ct_train] rechunked train graphs (seed=62)

=== Epoch 62/1000 ===
[train] loss=4.8305 cls=0.4289 cme=2.2008 acc=0.9750 cells=158379
[val]   loss=4.8532 eval=2.6347 cls=0.4162 cme=2.2185 acc=0.9735 cells=118036
[ct_train] saved best checkpoint (val_eval_loss=2.6347 val_acc=0.9735)
[ct_train] rechunked train graphs (seed=63)

=== Epoch 63/1000 ===
[train] loss=4.8171 cls=0.4278 cme=2.1947 acc=0.9756 cells=158379
[ct_train] rechunked train graphs (seed=64)

=== Epoch 64/1000 ===
[train] loss=4.8151 cls=0.4267 cme=2.1942 acc=0.9759 cells=158379
[val]   loss=4.8599 eval=2.6379 cls=0.4159 cme=2.2220 acc=0.9733 cells=118036
[ct_train] early_stopping: no improve on val/eval_loss for 1/40 val checks
[ct_train] rechunked train graphs (seed=65)

=== Epoch 65/1000 ===
[train] loss=4.8251 cls=0.4268 cme=2.1992 acc=0.9757 cells=158379
[ct_train] rechunked train graphs (seed=66)

=== Epoch 66/1000 ===
[train] loss=4.8258 cls=0.4263 cme=2.1998 acc=0.9756 cells=158379
[val]   loss=4.8647 eval=2.6424 cls=0.4201 cme=2.2223 acc=0.9722 cells=118036
[ct_train] early_stopping: no improve on val/eval_loss for 2/40 val checks
[ct_train] rechunked train graphs (seed=67)

=== Epoch 67/1000 ===
[train] loss=4.8201 cls=0.4269 cme=2.1966 acc=0.9757 cells=158379
[ct_train] rechunked train graphs (seed=68)

=== Epoch 68/1000 ===
[train] loss=4.8155 cls=0.4247 cme=2.1954 acc=0.9762 cells=158379
[val]   loss=4.8485 eval=2.6323 cls=0.4160 cme=2.2163 acc=0.9735 cells=118036
[ct_train] saved best checkpoint (val_eval_loss=2.6323 val_acc=0.9735)
[ct_train] rechunked train graphs (seed=69)

=== Epoch 69/1000 ===
[train] loss=4.8056 cls=0.4247 cme=2.1905 acc=0.9763 cells=158379
[ct_train] rechunked train graphs (seed=70)

=== Epoch 70/1000 ===
[train] loss=4.8079 cls=0.4256 cme=2.1912 acc=0.9763 cells=158379
[val]   loss=4.8634 eval=2.6392 cls=0.4150 cme=2.2242 acc=0.9735 cells=118036
[ct_train] early_stopping: no improve on val/eval_loss for 1/40 val checks
[ct_train] rechunked train graphs (seed=71)

=== Epoch 71/1000 ===
[train] loss=4.8188 cls=0.4254 cme=2.1967 acc=0.9767 cells=158379
[ct_train] rechunked train graphs (seed=72)

=== Epoch 72/1000 ===
[train] loss=4.8081 cls=0.4243 cme=2.1919 acc=0.9764 cells=158379
[val]   loss=4.8525 eval=2.6335 cls=0.4145 cme=2.2190 acc=0.9737 cells=118036
[ct_train] early_stopping: no improve on val/eval_loss for 2/40 val checks
[ct_train] rechunked train graphs (seed=73)

=== Epoch 73/1000 ===
[train] loss=4.8168 cls=0.4246 cme=2.1961 acc=0.9760 cells=158379
[ct_train] rechunked train graphs (seed=74)

=== Epoch 74/1000 ===
[train] loss=4.8160 cls=0.4235 cme=2.1963 acc=0.9768 cells=158379
[val]   loss=4.8464 eval=2.6304 cls=0.4145 cme=2.2160 acc=0.9739 cells=118036
[ct_train] saved best checkpoint (val_eval_loss=2.6304 val_acc=0.9739)
[ct_train] rechunked train graphs (seed=75)

=== Epoch 75/1000 ===
[train] loss=4.7985 cls=0.4217 cme=2.1884 acc=0.9773 cells=158379
[ct_train] rechunked train graphs (seed=76)

=== Epoch 76/1000 ===
[train] loss=4.7948 cls=0.4210 cme=2.1869 acc=0.9773 cells=158379
[val]   loss=4.8486 eval=2.6311 cls=0.4136 cme=2.2175 acc=0.9740 cells=118036
[ct_train] early_stopping: no improve on val/eval_loss for 1/40 val checks
[ct_train] rechunked train graphs (seed=77)

=== Epoch 77/1000 ===
[train] loss=4.7970 cls=0.4209 cme=2.1880 acc=0.9775 cells=158379
[ct_train] rechunked train graphs (seed=78)

=== Epoch 78/1000 ===
[train] loss=4.7987 cls=0.4209 cme=2.1889 acc=0.9773 cells=158379
[val]   loss=4.8433 eval=2.6285 cls=0.4136 cme=2.2149 acc=0.9743 cells=118036
[ct_train] saved best checkpoint (val_eval_loss=2.6285 val_acc=0.9743)
[ct_train] rechunked train graphs (seed=79)

=== Epoch 79/1000 ===
[train] loss=4.8044 cls=0.4205 cme=2.1920 acc=0.9781 cells=158379
[ct_train] rechunked train graphs (seed=80)

=== Epoch 80/1000 ===
[train] loss=4.7923 cls=0.4201 cme=2.1861 acc=0.9773 cells=158379
[val]   loss=4.8414 eval=2.6271 cls=0.4128 cme=2.2143 acc=0.9746 cells=118036
[ct_train] saved best checkpoint (val_eval_loss=2.6271 val_acc=0.9746)
[ct_train] rechunked train graphs (seed=81)

=== Epoch 81/1000 ===
[train] loss=4.7892 cls=0.4189 cme=2.1851 acc=0.9782 cells=158379
[ct_train] rechunked train graphs (seed=82)

=== Epoch 82/1000 ===
[train] loss=4.7924 cls=0.4194 cme=2.1865 acc=0.9776 cells=158379
[val]   loss=4.8396 eval=2.6262 cls=0.4128 cme=2.2134 acc=0.9744 cells=118036
[ct_train] saved best checkpoint (val_eval_loss=2.6262 val_acc=0.9746)
[ct_train] rechunked train graphs (seed=83)

=== Epoch 83/1000 ===
[train] loss=4.7927 cls=0.4185 cme=2.1871 acc=0.9778 cells=158379
[ct_train] rechunked train graphs (seed=84)

=== Epoch 84/1000 ===
[train] loss=4.7871 cls=0.4182 cme=2.1845 acc=0.9783 cells=158379
[val]   loss=4.8398 eval=2.6262 cls=0.4125 cme=2.2136 acc=0.9743 cells=118036
[ct_train] saved best checkpoint (val_eval_loss=2.6262 val_acc=0.9746)
[ct_train] early_stopping: no improve on val/eval_loss for 1/40 val checks
[ct_train] rechunked train graphs (seed=85)

=== Epoch 85/1000 ===
[train] loss=4.7863 cls=0.4180 cme=2.1842 acc=0.9782 cells=158379
[ct_train] rechunked train graphs (seed=86)

=== Epoch 86/1000 ===
[train] loss=4.7966 cls=0.4181 cme=2.1893 acc=0.9783 cells=158379
[val]   loss=4.8521 eval=2.6329 cls=0.4137 cme=2.2192 acc=0.9744 cells=118036
[ct_train] early_stopping: no improve on val/eval_loss for 2/40 val checks
[ct_train] rechunked train graphs (seed=87)

=== Epoch 87/1000 ===
[train] loss=4.7857 cls=0.4177 cme=2.1840 acc=0.9785 cells=158379
[ct_train] rechunked train graphs (seed=88)

=== Epoch 88/1000 ===
[train] loss=4.7896 cls=0.4175 cme=2.1861 acc=0.9791 cells=158379
[val]   loss=4.8360 eval=2.6248 cls=0.4137 cme=2.2112 acc=0.9745 cells=118036
[ct_train] saved best checkpoint (val_eval_loss=2.6248 val_acc=0.9746)
[ct_train] rechunked train graphs (seed=89)

=== Epoch 89/1000 ===
[train] loss=4.7835 cls=0.4176 cme=2.1830 acc=0.9783 cells=158379
[ct_train] rechunked train graphs (seed=90)

=== Epoch 90/1000 ===
[train] loss=4.7879 cls=0.4159 cme=2.1860 acc=0.9788 cells=158379
[val]   loss=4.8415 eval=2.6273 cls=0.4131 cme=2.2142 acc=0.9744 cells=118036
[ct_train] early_stopping: no improve on val/eval_loss for 1/40 val checks
[ct_train] rechunked train graphs (seed=91)

=== Epoch 91/1000 ===
[train] loss=4.7776 cls=0.4151 cme=2.1813 acc=0.9792 cells=158379
[ct_train] rechunked train graphs (seed=92)

=== Epoch 92/1000 ===
[train] loss=4.7785 cls=0.4154 cme=2.1815 acc=0.9789 cells=158379
[val]   loss=4.8388 eval=2.6261 cls=0.4134 cme=2.2127 acc=0.9748 cells=118036
[ct_train] early_stopping: no improve on val/eval_loss for 2/40 val checks
[ct_train] rechunked train graphs (seed=93)

=== Epoch 93/1000 ===
[train] loss=4.7866 cls=0.4158 cme=2.1854 acc=0.9792 cells=158379
[ct_train] rechunked train graphs (seed=94)

=== Epoch 94/1000 ===
[train] loss=4.7770 cls=0.4149 cme=2.1811 acc=0.9792 cells=158379
[val]   loss=4.8419 eval=2.6264 cls=0.4108 cme=2.2155 acc=0.9751 cells=118036
[ct_train] early_stopping: no improve on val/eval_loss for 3/40 val checks
[ct_train] rechunked train graphs (seed=95)

=== Epoch 95/1000 ===
[train] loss=4.7946 cls=0.4146 cme=2.1900 acc=0.9792 cells=158379
[ct_train] rechunked train graphs (seed=96)

=== Epoch 96/1000 ===
[train] loss=4.7831 cls=0.4144 cme=2.1843 acc=0.9795 cells=158379
[val]   loss=4.8452 eval=2.6285 cls=0.4118 cme=2.2167 acc=0.9749 cells=118036
[ct_train] early_stopping: no improve on val/eval_loss for 4/40 val checks
[ct_train] rechunked train graphs (seed=97)

=== Epoch 97/1000 ===
[train] loss=4.7808 cls=0.4135 cme=2.1837 acc=0.9797 cells=158379
[ct_train] rechunked train graphs (seed=98)

=== Epoch 98/1000 ===
[train] loss=4.7726 cls=0.4140 cme=2.1793 acc=0.9795 cells=158379
[val]   loss=4.8367 eval=2.6246 cls=0.4125 cme=2.2121 acc=0.9744 cells=118036
[ct_train] saved best checkpoint (val_eval_loss=2.6246 val_acc=0.9751)
[ct_train] early_stopping: no improve on val/eval_loss for 5/40 val checks
[ct_train] rechunked train graphs (seed=99)

=== Epoch 99/1000 ===
[train] loss=4.7598 cls=0.4134 cme=2.1732 acc=0.9795 cells=158379
[ct_train] rechunked train graphs (seed=100)

=== Epoch 100/1000 ===
[train] loss=4.7656 cls=0.4123 cme=2.1766 acc=0.9801 cells=158379
[val]   loss=4.8357 eval=2.6231 cls=0.4106 cme=2.2126 acc=0.9751 cells=118036
[ct_train] saved best checkpoint (val_eval_loss=2.6231 val_acc=0.9751)
[ct_train] rechunked train graphs (seed=101)

=== Epoch 101/1000 ===
[train] loss=4.7849 cls=0.4139 cme=2.1855 acc=0.9799 cells=158379
[ct_train] rechunked train graphs (seed=102)

=== Epoch 102/1000 ===
[train] loss=4.7690 cls=0.4114 cme=2.1788 acc=0.9803 cells=158379
[val]   loss=4.8356 eval=2.6237 cls=0.4119 cme=2.2119 acc=0.9747 cells=118036
[ct_train] early_stopping: no improve on val/eval_loss for 1/40 val checks
[ct_train] rechunked train graphs (seed=103)

=== Epoch 103/1000 ===
[train] loss=4.7762 cls=0.4112 cme=2.1825 acc=0.9805 cells=158379
[ct_train] rechunked train graphs (seed=104)

=== Epoch 104/1000 ===
[train] loss=4.7645 cls=0.4114 cme=2.1765 acc=0.9804 cells=158379
[val]   loss=4.8443 eval=2.6285 cls=0.4126 cme=2.2159 acc=0.9745 cells=118036
[ct_train] early_stopping: no improve on val/eval_loss for 2/40 val checks
[ct_train] rechunked train graphs (seed=105)

=== Epoch 105/1000 ===
[train] loss=4.7724 cls=0.4117 cme=2.1803 acc=0.9803 cells=158379
[ct_train] rechunked train graphs (seed=106)

=== Epoch 106/1000 ===
[train] loss=4.7639 cls=0.4098 cme=2.1770 acc=0.9807 cells=158379
[val]   loss=4.8355 eval=2.6237 cls=0.4118 cme=2.2119 acc=0.9752 cells=118036
[ct_train] early_stopping: no improve on val/eval_loss for 3/40 val checks
[ct_train] rechunked train graphs (seed=107)

=== Epoch 107/1000 ===
[train] loss=4.7603 cls=0.4099 cme=2.1752 acc=0.9806 cells=158379
[ct_train] rechunked train graphs (seed=108)

=== Epoch 108/1000 ===
[train] loss=4.7749 cls=0.4107 cme=2.1821 acc=0.9805 cells=158379
[val]   loss=4.8340 eval=2.6226 cls=0.4112 cme=2.2114 acc=0.9750 cells=118036
[ct_train] saved best checkpoint (val_eval_loss=2.6226 val_acc=0.9752)
[ct_train] rechunked train graphs (seed=109)

=== Epoch 109/1000 ===
[train] loss=4.7624 cls=0.4103 cme=2.1760 acc=0.9807 cells=158379
[ct_train] rechunked train graphs (seed=110)

=== Epoch 110/1000 ===
[train] loss=4.7626 cls=0.4095 cme=2.1766 acc=0.9807 cells=158379
[val]   loss=4.8285 eval=2.6199 cls=0.4112 cme=2.2087 acc=0.9748 cells=118036
[ct_train] saved best checkpoint (val_eval_loss=2.6199 val_acc=0.9752)
[ct_train] rechunked train graphs (seed=111)

=== Epoch 111/1000 ===
[train] loss=4.7561 cls=0.4083 cme=2.1739 acc=0.9807 cells=158379
[ct_train] rechunked train graphs (seed=112)

=== Epoch 112/1000 ===
[train] loss=4.7552 cls=0.4093 cme=2.1729 acc=0.9809 cells=158379
[val]   loss=4.8297 eval=2.6202 cls=0.4108 cme=2.2094 acc=0.9751 cells=118036
[ct_train] early_stopping: no improve on val/eval_loss for 1/40 val checks
[ct_train] rechunked train graphs (seed=113)

=== Epoch 113/1000 ===
[train] loss=4.7621 cls=0.4088 cme=2.1766 acc=0.9809 cells=158379
[ct_train] rechunked train graphs (seed=114)

=== Epoch 114/1000 ===
[train] loss=4.7634 cls=0.4089 cme=2.1773 acc=0.9809 cells=158379
[val]   loss=4.8306 eval=2.6201 cls=0.4096 cme=2.2105 acc=0.9752 cells=118036
[ct_train] early_stopping: no improve on val/eval_loss for 2/40 val checks
[ct_train] rechunked train graphs (seed=115)

=== Epoch 115/1000 ===
[train] loss=4.7484 cls=0.4092 cme=2.1696 acc=0.9805 cells=158379
[ct_train] rechunked train graphs (seed=116)

=== Epoch 116/1000 ===
[train] loss=4.7491 cls=0.4077 cme=2.1707 acc=0.9813 cells=158379
[val]   loss=4.8307 eval=2.6204 cls=0.4101 cme=2.2103 acc=0.9755 cells=118036
[ct_train] early_stopping: no improve on val/eval_loss for 3/40 val checks
[ct_train] rechunked train graphs (seed=117)

=== Epoch 117/1000 ===
[train] loss=4.7593 cls=0.4082 cme=2.1756 acc=0.9813 cells=158379
[ct_train] rechunked train graphs (seed=118)

=== Epoch 118/1000 ===
[train] loss=4.7528 cls=0.4064 cme=2.1732 acc=0.9820 cells=158379
[val]   loss=4.8292 eval=2.6206 cls=0.4120 cme=2.2086 acc=0.9751 cells=118036
[ct_train] early_stopping: no improve on val/eval_loss for 4/40 val checks
[ct_train] rechunked train graphs (seed=119)

=== Epoch 119/1000 ===
[train] loss=4.7400 cls=0.4063 cme=2.1669 acc=0.9816 cells=158379
[ct_train] rechunked train graphs (seed=120)

=== Epoch 120/1000 ===
[train] loss=4.7419 cls=0.4060 cme=2.1679 acc=0.9815 cells=158379
[val]   loss=4.8309 eval=2.6207 cls=0.4105 cme=2.2102 acc=0.9753 cells=118036
[ct_train] early_stopping: no improve on val/eval_loss for 5/40 val checks
[ct_train] rechunked train graphs (seed=121)

=== Epoch 121/1000 ===
[train] loss=4.7539 cls=0.4064 cme=2.1737 acc=0.9818 cells=158379
[ct_train] rechunked train graphs (seed=122)

=== Epoch 122/1000 ===
[train] loss=4.7382 cls=0.4063 cme=2.1659 acc=0.9818 cells=158379
[val]   loss=4.8279 eval=2.6197 cls=0.4116 cme=2.2082 acc=0.9748 cells=118036
[ct_train] saved best checkpoint (val_eval_loss=2.6197 val_acc=0.9755)
[ct_train] early_stopping: no improve on val/eval_loss for 6/40 val checks
[ct_train] rechunked train graphs (seed=123)

=== Epoch 123/1000 ===
[train] loss=4.7455 cls=0.4052 cme=2.1701 acc=0.9824 cells=158379
[ct_train] rechunked train graphs (seed=124)

=== Epoch 124/1000 ===
[train] loss=4.7537 cls=0.4053 cme=2.1742 acc=0.9821 cells=158379
[val]   loss=4.8259 eval=2.6180 cls=0.4101 cme=2.2079 acc=0.9757 cells=118036
[ct_train] saved best checkpoint (val_eval_loss=2.6180 val_acc=0.9757)
[ct_train] rechunked train graphs (seed=125)

=== Epoch 125/1000 ===
[train] loss=4.7478 cls=0.4051 cme=2.1714 acc=0.9825 cells=158379
[ct_train] rechunked train graphs (seed=126)

=== Epoch 126/1000 ===
[train] loss=4.7447 cls=0.4054 cme=2.1697 acc=0.9820 cells=158379
[val]   loss=4.8246 eval=2.6169 cls=0.4092 cme=2.2077 acc=0.9757 cells=118036
[ct_train] saved best checkpoint (val_eval_loss=2.6169 val_acc=0.9757)
[ct_train] rechunked train graphs (seed=127)

=== Epoch 127/1000 ===
[train] loss=4.7568 cls=0.4057 cme=2.1755 acc=0.9822 cells=158379
[ct_train] rechunked train graphs (seed=128)

=== Epoch 128/1000 ===
[train] loss=4.7452 cls=0.4048 cme=2.1702 acc=0.9825 cells=158379
[val]   loss=4.8299 eval=2.6210 cls=0.4122 cme=2.2088 acc=0.9750 cells=118036
[ct_train] early_stopping: no improve on val/eval_loss for 1/40 val checks
[ct_train] rechunked train graphs (seed=129)

=== Epoch 129/1000 ===
[train] loss=4.7457 cls=0.4034 cme=2.1712 acc=0.9829 cells=158379
[ct_train] rechunked train graphs (seed=130)

=== Epoch 130/1000 ===
[train] loss=4.7452 cls=0.4033 cme=2.1710 acc=0.9830 cells=158379
[val]   loss=4.8270 eval=2.6194 cls=0.4117 cme=2.2077 acc=0.9751 cells=118036
[ct_train] early_stopping: no improve on val/eval_loss for 2/40 val checks
[ct_train] rechunked train graphs (seed=131)

=== Epoch 131/1000 ===
[train] loss=4.7418 cls=0.4045 cme=2.1686 acc=0.9824 cells=158379
[ct_train] rechunked train graphs (seed=132)

=== Epoch 132/1000 ===
[train] loss=4.7386 cls=0.4036 cme=2.1675 acc=0.9825 cells=158379
[val]   loss=4.8329 eval=2.6206 cls=0.4082 cme=2.2124 acc=0.9760 cells=118036
[ct_train] early_stopping: no improve on val/eval_loss for 3/40 val checks
[ct_train] rechunked train graphs (seed=133)

=== Epoch 133/1000 ===
[train] loss=4.7385 cls=0.4031 cme=2.1677 acc=0.9825 cells=158379
[ct_train] rechunked train graphs (seed=134)

=== Epoch 134/1000 ===
[train] loss=4.7439 cls=0.4039 cme=2.1700 acc=0.9827 cells=158379
[val]   loss=4.8240 eval=2.6174 cls=0.4108 cme=2.2066 acc=0.9755 cells=118036
[ct_train] early_stopping: no improve on val/eval_loss for 4/40 val checks
[ct_train] rechunked train graphs (seed=135)

=== Epoch 135/1000 ===
[train] loss=4.7325 cls=0.4021 cme=2.1652 acc=0.9830 cells=158379
[ct_train] rechunked train graphs (seed=136)

=== Epoch 136/1000 ===
[train] loss=4.7234 cls=0.4013 cme=2.1610 acc=0.9835 cells=158379
[val]   loss=4.8325 eval=2.6210 cls=0.4094 cme=2.2116 acc=0.9759 cells=118036
[ct_train] early_stopping: no improve on val/eval_loss for 5/40 val checks
[ct_train] rechunked train graphs (seed=137)

=== Epoch 137/1000 ===
[train] loss=4.7424 cls=0.4029 cme=2.1697 acc=0.9829 cells=158379
[ct_train] rechunked train graphs (seed=138)

=== Epoch 138/1000 ===
[train] loss=4.7243 cls=0.4018 cme=2.1613 acc=0.9834 cells=158379
[val]   loss=4.8323 eval=2.6205 cls=0.4086 cme=2.2118 acc=0.9759 cells=118036
[ct_train] early_stopping: no improve on val/eval_loss for 6/40 val checks
[ct_train] rechunked train graphs (seed=139)

=== Epoch 139/1000 ===
[train] loss=4.7332 cls=0.4023 cme=2.1654 acc=0.9828 cells=158379
[ct_train] rechunked train graphs (seed=140)

=== Epoch 140/1000 ===
[train] loss=4.7282 cls=0.4010 cme=2.1636 acc=0.9835 cells=158379
[val]   loss=4.8328 eval=2.6212 cls=0.4096 cme=2.2116 acc=0.9760 cells=118036
[ct_train] early_stopping: no improve on val/eval_loss for 7/40 val checks
[ct_train] rechunked train graphs (seed=141)

=== Epoch 141/1000 ===
[train] loss=4.7343 cls=0.4008 cme=2.1667 acc=0.9834 cells=158379
[ct_train] rechunked train graphs (seed=142)

=== Epoch 142/1000 ===
[train] loss=4.7306 cls=0.4006 cme=2.1650 acc=0.9838 cells=158379
[val]   loss=4.8266 eval=2.6178 cls=0.4089 cme=2.2089 acc=0.9758 cells=118036
[ct_train] early_stopping: no improve on val/eval_loss for 8/40 val checks
[ct_train] rechunked train graphs (seed=143)

=== Epoch 143/1000 ===
[train] loss=4.7219 cls=0.3997 cme=2.1611 acc=0.9841 cells=158379
[ct_train] rechunked train graphs (seed=144)

=== Epoch 144/1000 ===
[train] loss=4.7261 cls=0.4005 cme=2.1628 acc=0.9838 cells=158379
[val]   loss=4.8241 eval=2.6171 cls=0.4101 cme=2.2070 acc=0.9756 cells=118036
[ct_train] early_stopping: no improve on val/eval_loss for 9/40 val checks
[ct_train] rechunked train graphs (seed=145)

=== Epoch 145/1000 ===
[train] loss=4.7333 cls=0.4000 cme=2.1667 acc=0.9841 cells=158379
[ct_train] rechunked train graphs (seed=146)

=== Epoch 146/1000 ===
[train] loss=4.7203 cls=0.3995 cme=2.1604 acc=0.9840 cells=158379
[val]   loss=4.8253 eval=2.6183 cls=0.4113 cme=2.2070 acc=0.9756 cells=118036
[ct_train] early_stopping: no improve on val/eval_loss for 10/40 val checks
[ct_train] rechunked train graphs (seed=147)

=== Epoch 147/1000 ===
[train] loss=4.7288 cls=0.3994 cme=2.1647 acc=0.9839 cells=158379
[ct_train] rechunked train graphs (seed=148)

=== Epoch 148/1000 ===
[train] loss=4.7300 cls=0.3991 cme=2.1655 acc=0.9842 cells=158379
[val]   loss=4.8269 eval=2.6185 cls=0.4102 cme=2.2083 acc=0.9755 cells=118036
[ct_train] early_stopping: no improve on val/eval_loss for 11/40 val checks
[ct_train] rechunked train graphs (seed=149)

=== Epoch 149/1000 ===
[train] loss=4.7200 cls=0.3992 cme=2.1604 acc=0.9844 cells=158379
[ct_train] rechunked train graphs (seed=150)

=== Epoch 150/1000 ===
[train] loss=4.7240 cls=0.3993 cme=2.1623 acc=0.9838 cells=158379
[val]   loss=4.8272 eval=2.6196 cls=0.4119 cme=2.2077 acc=0.9750 cells=118036
[ct_train] early_stopping: no improve on val/eval_loss for 12/40 val checks
[ct_train] rechunked train graphs (seed=151)

=== Epoch 151/1000 ===
[train] loss=4.7267 cls=0.3990 cme=2.1638 acc=0.9842 cells=158379
[ct_train] rechunked train graphs (seed=152)

=== Epoch 152/1000 ===
[train] loss=4.7302 cls=0.3986 cme=2.1658 acc=0.9846 cells=158379
[val]   loss=4.8348 eval=2.6232 cls=0.4115 cme=2.2117 acc=0.9760 cells=118036
[ct_train] early_stopping: no improve on val/eval_loss for 13/40 val checks
[ct_train] rechunked train graphs (seed=153)

=== Epoch 153/1000 ===
[train] loss=4.7223 cls=0.3984 cme=2.1619 acc=0.9845 cells=158379
[ct_train] rechunked train graphs (seed=154)

=== Epoch 154/1000 ===
[train] loss=4.7183 cls=0.3974 cme=2.1604 acc=0.9850 cells=158379
[val]   loss=4.8248 eval=2.6171 cls=0.4095 cme=2.2077 acc=0.9760 cells=118036
[ct_train] early_stopping: no improve on val/eval_loss for 14/40 val checks
[ct_train] rechunked train graphs (seed=155)

=== Epoch 155/1000 ===
[train] loss=4.7275 cls=0.3978 cme=2.1649 acc=0.9849 cells=158379
[ct_train] rechunked train graphs (seed=156)

=== Epoch 156/1000 ===
[train] loss=4.7180 cls=0.3972 cme=2.1604 acc=0.9846 cells=158379
[val]   loss=4.8218 eval=2.6159 cls=0.4101 cme=2.2059 acc=0.9759 cells=118036
[ct_train] saved best checkpoint (val_eval_loss=2.6159 val_acc=0.9760)
[ct_train] rechunked train graphs (seed=157)

=== Epoch 157/1000 ===
[train] loss=4.7182 cls=0.3964 cme=2.1609 acc=0.9850 cells=158379
[ct_train] rechunked train graphs (seed=158)

=== Epoch 158/1000 ===
[train] loss=4.7218 cls=0.3971 cme=2.1624 acc=0.9849 cells=158379
[val]   loss=4.8272 eval=2.6179 cls=0.4085 cme=2.2094 acc=0.9761 cells=118036
[ct_train] early_stopping: no improve on val/eval_loss for 1/40 val checks
[ct_train] rechunked train graphs (seed=159)

=== Epoch 159/1000 ===
[train] loss=4.7086 cls=0.3962 cme=2.1562 acc=0.9846 cells=158379
[ct_train] rechunked train graphs (seed=160)

=== Epoch 160/1000 ===
[train] loss=4.7202 cls=0.3964 cme=2.1619 acc=0.9852 cells=158379
[val]   loss=4.8289 eval=2.6190 cls=0.4092 cme=2.2099 acc=0.9762 cells=118036
[ct_train] early_stopping: no improve on val/eval_loss for 2/40 val checks
[ct_train] rechunked train graphs (seed=161)

=== Epoch 161/1000 ===
[train] loss=4.7171 cls=0.3958 cme=2.1606 acc=0.9851 cells=158379
[ct_train] rechunked train graphs (seed=162)

=== Epoch 162/1000 ===
[train] loss=4.7184 cls=0.3960 cme=2.1612 acc=0.9855 cells=158379
[val]   loss=4.8298 eval=2.6200 cls=0.4102 cme=2.2098 acc=0.9755 cells=118036
[ct_train] early_stopping: no improve on val/eval_loss for 3/40 val checks
[ct_train] rechunked train graphs (seed=163)

=== Epoch 163/1000 ===
[train] loss=4.7076 cls=0.3952 cme=2.1562 acc=0.9854 cells=158379
[ct_train] rechunked train graphs (seed=164)

=== Epoch 164/1000 ===
[train] loss=4.7063 cls=0.3946 cme=2.1558 acc=0.9859 cells=158379
[val]   loss=4.8208 eval=2.6153 cls=0.4098 cme=2.2055 acc=0.9761 cells=118036
[ct_train] saved best checkpoint (val_eval_loss=2.6153 val_acc=0.9762)
[ct_train] rechunked train graphs (seed=165)

=== Epoch 165/1000 ===
[train] loss=4.7066 cls=0.3948 cme=2.1559 acc=0.9856 cells=158379
[ct_train] rechunked train graphs (seed=166)

=== Epoch 166/1000 ===
[train] loss=4.7072 cls=0.3944 cme=2.1564 acc=0.9858 cells=158379
[val]   loss=4.8255 eval=2.6187 cls=0.4119 cme=2.2068 acc=0.9758 cells=118036
[ct_train] early_stopping: no improve on val/eval_loss for 1/40 val checks
[ct_train] rechunked train graphs (seed=167)

=== Epoch 167/1000 ===
[train] loss=4.7154 cls=0.3953 cme=2.1601 acc=0.9853 cells=158379
[ct_train] rechunked train graphs (seed=168)

=== Epoch 168/1000 ===
[train] loss=4.7054 cls=0.3931 cme=2.1561 acc=0.9860 cells=158379
[val]   loss=4.8267 eval=2.6191 cls=0.4114 cme=2.2077 acc=0.9755 cells=118036
[ct_train] early_stopping: no improve on val/eval_loss for 2/40 val checks
[ct_train] rechunked train graphs (seed=169)

=== Epoch 169/1000 ===
[train] loss=4.7027 cls=0.3936 cme=2.1546 acc=0.9858 cells=158379
[ct_train] rechunked train graphs (seed=170)

=== Epoch 170/1000 ===
[train] loss=4.7133 cls=0.3946 cme=2.1594 acc=0.9858 cells=158379
[val]   loss=4.8342 eval=2.6236 cls=0.4131 cme=2.2106 acc=0.9747 cells=118036
[ct_train] early_stopping: no improve on val/eval_loss for 3/40 val checks
[ct_train] rechunked train graphs (seed=171)

=== Epoch 171/1000 ===
[train] loss=4.7027 cls=0.3947 cme=2.1540 acc=0.9855 cells=158379
[ct_train] rechunked train graphs (seed=172)

=== Epoch 172/1000 ===
[train] loss=4.7059 cls=0.3943 cme=2.1558 acc=0.9863 cells=158379
[val]   loss=4.8275 eval=2.6186 cls=0.4097 cme=2.2089 acc=0.9762 cells=118036
[ct_train] early_stopping: no improve on val/eval_loss for 4/40 val checks
[ct_train] rechunked train graphs (seed=173)

=== Epoch 173/1000 ===
[train] loss=4.7163 cls=0.3940 cme=2.1611 acc=0.9859 cells=158379
[ct_train] rechunked train graphs (seed=174)

=== Epoch 174/1000 ===
[train] loss=4.7036 cls=0.3924 cme=2.1556 acc=0.9866 cells=158379
[val]   loss=4.8354 eval=2.6232 cls=0.4111 cme=2.2122 acc=0.9760 cells=118036
[ct_train] early_stopping: no improve on val/eval_loss for 5/40 val checks
[ct_train] rechunked train graphs (seed=175)

=== Epoch 175/1000 ===
[train] loss=4.7053 cls=0.3924 cme=2.1565 acc=0.9863 cells=158379
[ct_train] rechunked train graphs (seed=176)

=== Epoch 176/1000 ===
[train] loss=4.7105 cls=0.3933 cme=2.1586 acc=0.9861 cells=158379
[val]   loss=4.8315 eval=2.6221 cls=0.4126 cme=2.2095 acc=0.9754 cells=118036
[ct_train] early_stopping: no improve on val/eval_loss for 6/40 val checks
[ct_train] rechunked train graphs (seed=177)

=== Epoch 177/1000 ===
[train] loss=4.7007 cls=0.3928 cme=2.1539 acc=0.9861 cells=158379
[ct_train] rechunked train graphs (seed=178)

=== Epoch 178/1000 ===
[train] loss=4.7070 cls=0.3927 cme=2.1571 acc=0.9861 cells=158379
[val]   loss=4.8413 eval=2.6264 cls=0.4115 cme=2.2149 acc=0.9759 cells=118036
[ct_train] early_stopping: no improve on val/eval_loss for 7/40 val checks
[ct_train] rechunked train graphs (seed=179)

=== Epoch 179/1000 ===
[train] loss=4.7177 cls=0.3923 cme=2.1627 acc=0.9867 cells=158379
[ct_train] rechunked train graphs (seed=180)

=== Epoch 180/1000 ===
[train] loss=4.7034 cls=0.3911 cme=2.1561 acc=0.9865 cells=158379
[val]   loss=4.8207 eval=2.6161 cls=0.4114 cme=2.2046 acc=0.9757 cells=118036
[ct_train] early_stopping: no improve on val/eval_loss for 8/40 val checks
[ct_train] rechunked train graphs (seed=181)

=== Epoch 181/1000 ===
[train] loss=4.6898 cls=0.3917 cme=2.1491 acc=0.9864 cells=158379
[ct_train] rechunked train graphs (seed=182)

=== Epoch 182/1000 ===
[train] loss=4.6955 cls=0.3922 cme=2.1517 acc=0.9863 cells=158379
[val]   loss=4.8274 eval=2.6186 cls=0.4099 cme=2.2087 acc=0.9760 cells=118036
[ct_train] early_stopping: no improve on val/eval_loss for 9/40 val checks
[ct_train] rechunked train graphs (seed=183)

=== Epoch 183/1000 ===
[train] loss=4.6983 cls=0.3920 cme=2.1531 acc=0.9865 cells=158379
[ct_train] rechunked train graphs (seed=184)

=== Epoch 184/1000 ===
[train] loss=4.6964 cls=0.3919 cme=2.1523 acc=0.9866 cells=158379
[val]   loss=4.8301 eval=2.6208 cls=0.4115 cme=2.2093 acc=0.9757 cells=118036
[ct_train] early_stopping: no improve on val/eval_loss for 10/40 val checks
[ct_train] rechunked train graphs (seed=185)

=== Epoch 185/1000 ===
[train] loss=4.6946 cls=0.3912 cme=2.1517 acc=0.9867 cells=158379
[ct_train] rechunked train graphs (seed=186)

=== Epoch 186/1000 ===
[train] loss=4.7036 cls=0.3912 cme=2.1562 acc=0.9868 cells=158379
[val]   loss=4.8232 eval=2.6174 cls=0.4116 cme=2.2058 acc=0.9757 cells=118036
[ct_train] early_stopping: no improve on val/eval_loss for 11/40 val checks
[ct_train] rechunked train graphs (seed=187)

=== Epoch 187/1000 ===
[train] loss=4.6974 cls=0.3911 cme=2.1531 acc=0.9870 cells=158379
[ct_train] rechunked train graphs (seed=188)

=== Epoch 188/1000 ===
[train] loss=4.6950 cls=0.3912 cme=2.1519 acc=0.9866 cells=158379
[val]   loss=4.8299 eval=2.6214 cls=0.4129 cme=2.2085 acc=0.9754 cells=118036
[ct_train] early_stopping: no improve on val/eval_loss for 12/40 val checks
[ct_train] rechunked train graphs (seed=189)

=== Epoch 189/1000 ===
[train] loss=4.6947 cls=0.3905 cme=2.1521 acc=0.9872 cells=158379
[ct_train] rechunked train graphs (seed=190)

=== Epoch 190/1000 ===
[train] loss=4.6956 cls=0.3910 cme=2.1523 acc=0.9870 cells=158379
[val]   loss=4.8308 eval=2.6211 cls=0.4114 cme=2.2097 acc=0.9759 cells=118036
[ct_train] early_stopping: no improve on val/eval_loss for 13/40 val checks
[ct_train] rechunked train graphs (seed=191)

=== Epoch 191/1000 ===
[train] loss=4.7036 cls=0.3912 cme=2.1562 acc=0.9868 cells=158379
[ct_train] rechunked train graphs (seed=192)

=== Epoch 192/1000 ===
[train] loss=4.6990 cls=0.3909 cme=2.1541 acc=0.9868 cells=158379
[val]   loss=4.8293 eval=2.6208 cls=0.4123 cme=2.2085 acc=0.9753 cells=118036
[ct_train] early_stopping: no improve on val/eval_loss for 14/40 val checks
[ct_train] rechunked train graphs (seed=193)

=== Epoch 193/1000 ===
[train] loss=4.6951 cls=0.3899 cme=2.1526 acc=0.9872 cells=158379
[ct_train] rechunked train graphs (seed=194)

=== Epoch 194/1000 ===
[train] loss=4.6921 cls=0.3894 cme=2.1514 acc=0.9876 cells=158379
[val]   loss=4.8294 eval=2.6216 cls=0.4139 cme=2.2078 acc=0.9751 cells=118036
[ct_train] early_stopping: no improve on val/eval_loss for 15/40 val checks
[ct_train] rechunked train graphs (seed=195)

=== Epoch 195/1000 ===
[train] loss=4.6860 cls=0.3891 cme=2.1485 acc=0.9879 cells=158379
[ct_train] rechunked train graphs (seed=196)

=== Epoch 196/1000 ===
[train] loss=4.6879 cls=0.3892 cme=2.1493 acc=0.9872 cells=158379
[val]   loss=4.8302 eval=2.6210 cls=0.4118 cme=2.2092 acc=0.9755 cells=118036
[ct_train] early_stopping: no improve on val/eval_loss for 16/40 val checks
[ct_train] rechunked train graphs (seed=197)

=== Epoch 197/1000 ===
[train] loss=4.6838 cls=0.3898 cme=2.1470 acc=0.9870 cells=158379
[ct_train] rechunked train graphs (seed=198)

=== Epoch 198/1000 ===
[train] loss=4.6911 cls=0.3895 cme=2.1508 acc=0.9874 cells=158379
[val]   loss=4.8274 eval=2.6193 cls=0.4112 cme=2.2081 acc=0.9764 cells=118036
[ct_train] early_stopping: no improve on val/eval_loss for 17/40 val checks
[ct_train] rechunked train graphs (seed=199)

=== Epoch 199/1000 ===
[train] loss=4.6896 cls=0.3891 cme=2.1503 acc=0.9876 cells=158379
[ct_train] rechunked train graphs (seed=200)

=== Epoch 200/1000 ===
[train] loss=4.6897 cls=0.3886 cme=2.1506 acc=0.9879 cells=158379
[val]   loss=4.8292 eval=2.6207 cls=0.4121 cme=2.2085 acc=0.9758 cells=118036
[ct_train] early_stopping: no improve on val/eval_loss for 18/40 val checks
[ct_train] rechunked train graphs (seed=201)

=== Epoch 201/1000 ===
[train] loss=4.6788 cls=0.3876 cme=2.1456 acc=0.9881 cells=158379
[ct_train] rechunked train graphs (seed=202)

=== Epoch 202/1000 ===
[train] loss=4.6804 cls=0.3882 cme=2.1461 acc=0.9879 cells=158379
[val]   loss=4.8308 eval=2.6216 cls=0.4124 cme=2.2092 acc=0.9758 cells=118036
[ct_train] early_stopping: no improve on val/eval_loss for 19/40 val checks
[ct_train] rechunked train graphs (seed=203)

=== Epoch 203/1000 ===
[train] loss=4.6878 cls=0.3876 cme=2.1501 acc=0.9881 cells=158379
[ct_train] rechunked train graphs (seed=204)

=== Epoch 204/1000 ===
[train] loss=4.6779 cls=0.3882 cme=2.1448 acc=0.9878 cells=158379
[val]   loss=4.8300 eval=2.6219 cls=0.4139 cme=2.2081 acc=0.9757 cells=118036
[ct_train] early_stopping: no improve on val/eval_loss for 20/40 val checks
[ct_train] rechunked train graphs (seed=205)

=== Epoch 205/1000 ===
[train] loss=4.6765 cls=0.3866 cme=2.1449 acc=0.9887 cells=158379
[ct_train] rechunked train graphs (seed=206)

=== Epoch 206/1000 ===
[train] loss=4.6927 cls=0.3876 cme=2.1526 acc=0.9881 cells=158379
[val]   loss=4.8318 eval=2.6223 cls=0.4128 cme=2.2095 acc=0.9760 cells=118036
[ct_train] early_stopping: no improve on val/eval_loss for 21/40 val checks
[ct_train] rechunked train graphs (seed=207)

=== Epoch 207/1000 ===
[train] loss=4.6841 cls=0.3874 cme=2.1483 acc=0.9880 cells=158379
[ct_train] rechunked train graphs (seed=208)

=== Epoch 208/1000 ===
[train] loss=4.6799 cls=0.3871 cme=2.1464 acc=0.9884 cells=158379
[val]   loss=4.8332 eval=2.6237 cls=0.4141 cme=2.2096 acc=0.9759 cells=118036
[ct_train] early_stopping: no improve on val/eval_loss for 22/40 val checks
[ct_train] rechunked train graphs (seed=209)

=== Epoch 209/1000 ===
[train] loss=4.6773 cls=0.3874 cme=2.1450 acc=0.9881 cells=158379
[ct_train] rechunked train graphs (seed=210)

=== Epoch 210/1000 ===
[train] loss=4.6844 cls=0.3868 cme=2.1488 acc=0.9885 cells=158379
[val]   loss=4.8391 eval=2.6262 cls=0.4133 cme=2.2129 acc=0.9761 cells=118036
[ct_train] early_stopping: no improve on val/eval_loss for 23/40 val checks
[ct_train] rechunked train graphs (seed=211)

=== Epoch 211/1000 ===
[train] loss=4.6781 cls=0.3861 cme=2.1460 acc=0.9885 cells=158379
[ct_train] rechunked train graphs (seed=212)

=== Epoch 212/1000 ===
[train] loss=4.6778 cls=0.3862 cme=2.1458 acc=0.9886 cells=158379
[val]   loss=4.8347 eval=2.6242 cls=0.4136 cme=2.2105 acc=0.9757 cells=118036
[ct_train] early_stopping: no improve on val/eval_loss for 24/40 val checks
[ct_train] rechunked train graphs (seed=213)

=== Epoch 213/1000 ===
[train] loss=4.6680 cls=0.3856 cme=2.1412 acc=0.9887 cells=158379
[ct_train] rechunked train graphs (seed=214)

=== Epoch 214/1000 ===
[train] loss=4.6802 cls=0.3856 cme=2.1473 acc=0.9889 cells=158379
[val]   loss=4.8365 eval=2.6250 cls=0.4136 cme=2.2114 acc=0.9758 cells=118036
[ct_train] early_stopping: no improve on val/eval_loss for 25/40 val checks
[ct_train] rechunked train graphs (seed=215)

=== Epoch 215/1000 ===
[train] loss=4.6746 cls=0.3851 cme=2.1448 acc=0.9890 cells=158379
[ct_train] rechunked train graphs (seed=216)

=== Epoch 216/1000 ===
[train] loss=4.6706 cls=0.3847 cme=2.1430 acc=0.9892 cells=158379
[val]   loss=4.8384 eval=2.6261 cls=0.4137 cme=2.2123 acc=0.9763 cells=118036
[ct_train] early_stopping: no improve on val/eval_loss for 26/40 val checks
[ct_train] rechunked train graphs (seed=217)

=== Epoch 217/1000 ===
[train] loss=4.6807 cls=0.3850 cme=2.1478 acc=0.9893 cells=158379
[ct_train] rechunked train graphs (seed=218)

=== Epoch 218/1000 ===
[train] loss=4.6803 cls=0.3852 cme=2.1475 acc=0.9891 cells=158379
[val]   loss=4.8486 eval=2.6312 cls=0.4138 cme=2.2174 acc=0.9758 cells=118036
[ct_train] early_stopping: no improve on val/eval_loss for 27/40 val checks
[ct_train] rechunked train graphs (seed=219)

=== Epoch 219/1000 ===
[train] loss=4.6798 cls=0.3846 cme=2.1476 acc=0.9893 cells=158379
[ct_train] rechunked train graphs (seed=220)

=== Epoch 220/1000 ===
[train] loss=4.6831 cls=0.3849 cme=2.1491 acc=0.9891 cells=158379
[val]   loss=4.8313 eval=2.6235 cls=0.4156 cme=2.2078 acc=0.9755 cells=118036
[ct_train] early_stopping: no improve on val/eval_loss for 28/40 val checks
[ct_train] rechunked train graphs (seed=221)

=== Epoch 221/1000 ===
[train] loss=4.6696 cls=0.3838 cme=2.1429 acc=0.9893 cells=158379
[ct_train] rechunked train graphs (seed=222)

=== Epoch 222/1000 ===
[train] loss=4.6600 cls=0.3832 cme=2.1384 acc=0.9899 cells=158379
[val]   loss=4.8417 eval=2.6276 cls=0.4136 cme=2.2140 acc=0.9761 cells=118036
[ct_train] early_stopping: no improve on val/eval_loss for 29/40 val checks
[ct_train] rechunked train graphs (seed=223)

=== Epoch 223/1000 ===
[train] loss=4.6727 cls=0.3844 cme=2.1442 acc=0.9892 cells=158379
[ct_train] rechunked train graphs (seed=224)

=== Epoch 224/1000 ===
[train] loss=4.6776 cls=0.3836 cme=2.1470 acc=0.9895 cells=158379
[val]   loss=4.8414 eval=2.6291 cls=0.4167 cme=2.2123 acc=0.9755 cells=118036
[ct_train] early_stopping: no improve on val/eval_loss for 30/40 val checks
[ct_train] rechunked train graphs (seed=225)

=== Epoch 225/1000 ===
[train] loss=4.6670 cls=0.3835 cme=2.1417 acc=0.9897 cells=158379
[ct_train] rechunked train graphs (seed=226)

=== Epoch 226/1000 ===
[train] loss=4.6748 cls=0.3837 cme=2.1456 acc=0.9899 cells=158379
[val]   loss=4.8449 eval=2.6299 cls=0.4150 cme=2.2150 acc=0.9755 cells=118036
[ct_train] early_stopping: no improve on val/eval_loss for 31/40 val checks
[ct_train] rechunked train graphs (seed=227)

=== Epoch 227/1000 ===
[train] loss=4.6611 cls=0.3840 cme=2.1386 acc=0.9895 cells=158379
[ct_train] rechunked train graphs (seed=228)

=== Epoch 228/1000 ===
[train] loss=4.6667 cls=0.3837 cme=2.1415 acc=0.9898 cells=158379
[val]   loss=4.8351 eval=2.6251 cls=0.4151 cme=2.2100 acc=0.9759 cells=118036
[ct_train] early_stopping: no improve on val/eval_loss for 32/40 val checks
[ct_train] rechunked train graphs (seed=229)

=== Epoch 229/1000 ===
[train] loss=4.6716 cls=0.3834 cme=2.1441 acc=0.9898 cells=158379
[ct_train] rechunked train graphs (seed=230)

=== Epoch 230/1000 ===
[train] loss=4.6638 cls=0.3831 cme=2.1403 acc=0.9899 cells=158379
[val]   loss=4.8489 eval=2.6328 cls=0.4167 cme=2.2161 acc=0.9752 cells=118036
[ct_train] early_stopping: no improve on val/eval_loss for 33/40 val checks
[ct_train] rechunked train graphs (seed=231)

=== Epoch 231/1000 ===
[train] loss=4.6558 cls=0.3831 cme=2.1363 acc=0.9898 cells=158379
[ct_train] rechunked train graphs (seed=232)

=== Epoch 232/1000 ===
[train] loss=4.6710 cls=0.3829 cme=2.1441 acc=0.9899 cells=158379
[val]   loss=4.8483 eval=2.6327 cls=0.4170 cme=2.2157 acc=0.9749 cells=118036
[ct_train] early_stopping: no improve on val/eval_loss for 34/40 val checks
[ct_train] rechunked train graphs (seed=233)

=== Epoch 233/1000 ===
[train] loss=4.6660 cls=0.3831 cme=2.1414 acc=0.9898 cells=158379
[ct_train] rechunked train graphs (seed=234)

=== Epoch 234/1000 ===
[train] loss=4.6680 cls=0.3833 cme=2.1423 acc=0.9897 cells=158379
[val]   loss=4.8410 eval=2.6285 cls=0.4160 cme=2.2125 acc=0.9753 cells=118036
[ct_train] early_stopping: no improve on val/eval_loss for 35/40 val checks
[ct_train] rechunked train graphs (seed=235)

=== Epoch 235/1000 ===
[train] loss=4.6638 cls=0.3824 cme=2.1407 acc=0.9902 cells=158379
[ct_train] rechunked train graphs (seed=236)

=== Epoch 236/1000 ===
[train] loss=4.6605 cls=0.3823 cme=2.1391 acc=0.9903 cells=158379
[val]   loss=4.8379 eval=2.6273 cls=0.4167 cme=2.2106 acc=0.9758 cells=118036
[ct_train] early_stopping: no improve on val/eval_loss for 36/40 val checks
[ct_train] rechunked train graphs (seed=237)

=== Epoch 237/1000 ===
[train] loss=4.6696 cls=0.3830 cme=2.1433 acc=0.9899 cells=158379
[ct_train] rechunked train graphs (seed=238)

=== Epoch 238/1000 ===
[train] loss=4.6564 cls=0.3820 cme=2.1372 acc=0.9902 cells=158379
[val]   loss=4.8369 eval=2.6269 cls=0.4169 cme=2.2100 acc=0.9755 cells=118036
[ct_train] early_stopping: no improve on val/eval_loss for 37/40 val checks
[ct_train] rechunked train graphs (seed=239)

=== Epoch 239/1000 ===
[train] loss=4.6544 cls=0.3812 cme=2.1366 acc=0.9905 cells=158379
[ct_train] rechunked train graphs (seed=240)

=== Epoch 240/1000 ===
[train] loss=4.6533 cls=0.3809 cme=2.1362 acc=0.9907 cells=158379
[val]   loss=4.8455 eval=2.6306 cls=0.4157 cme=2.2149 acc=0.9757 cells=118036
[ct_train] early_stopping: no improve on val/eval_loss for 38/40 val checks
[ct_train] rechunked train graphs (seed=241)

=== Epoch 241/1000 ===
[train] loss=4.6698 cls=0.3815 cme=2.1441 acc=0.9906 cells=158379
[ct_train] rechunked train graphs (seed=242)

=== Epoch 242/1000 ===
[train] loss=4.6605 cls=0.3808 cme=2.1399 acc=0.9906 cells=158379
[val]   loss=4.8431 eval=2.6302 cls=0.4174 cme=2.2129 acc=0.9755 cells=118036
[ct_train] early_stopping: no improve on val/eval_loss for 39/40 val checks
[ct_train] rechunked train graphs (seed=243)

=== Epoch 243/1000 ===
[train] loss=4.6533 cls=0.3815 cme=2.1359 acc=0.9905 cells=158379
[ct_train] rechunked train graphs (seed=244)

=== Epoch 244/1000 ===
[train] loss=4.6607 cls=0.3813 cme=2.1397 acc=0.9903 cells=158379
[val]   loss=4.8418 eval=2.6283 cls=0.4147 cme=2.2135 acc=0.9760 cells=118036
[ct_train] early_stopping: no improve on val/eval_loss for 40/40 val checks
[ct_train] early stopping at epoch 244 (patience=40, monitor=val/eval_loss)

[ct_train] done. best_val_acc=0.9764  best_val_eval_loss=2.6153  checkpoints=/home/abel/code/Tissue-Reassembly-using-GenAI-and-new-metrics/exploration/cell_types/outputs/exp056_type96  logs=/home/abel/code/Tissue-Reassembly-using-GenAI-and-new-metrics/exploration/cell_types/logs/exp056_type96/20260807_220948
wandb: updating run metadata
wandb: uploading wandb-summary.json; uploading config.yaml; uploading output.log
wandb: 
wandb: Run summary:
wandb:                      best_epoch 164
wandb:                    best_val_acc 0.97643
wandb:              best_val_eval_loss 2.61534
wandb:                           epoch 244
wandb:                              lr 0.00018
wandb:           model/parameter_count 1305308
wandb: model/trainable_parameter_count 1305308
wandb:                       train/acc 0.99025
wandb:       train/acc_per_class/Astro 0.99467
wandb:        train/acc_per_class/Endo 0.98849
wandb:                             +54 ...
wandb: 
wandb:  View run exp056_type96 at: https://wandb.ai/abel-salmona-polytechnique-montr-al/cell_types/runs/dtgx5mde
wandb:  View project at: https://wandb.ai/abel-salmona-polytechnique-montr-al/cell_types
wandb: Synced 5 W&B file(s), 1 media file(s), 2 artifact file(s) and 1 other file(s)
wandb: Find logs at: ./exploration/cell_types/logs/exp056_type96/20260807_220948/wandb/run-20260807_220959-dtgx5mde/logs
