[ct_train] config=exploration/cell_types/experiments/configs/exp037_graph12288.json
[ct_train] device=cuda  checkpoints=/home/abel/code/Tissue-Reassembly-using-GenAI-and-new-metrics/exploration/cell_types/outputs/exp037_graph12288
[ct_train] logs=/home/abel/code/Tissue-Reassembly-using-GenAI-and-new-metrics/exploration/cell_types/logs/exp037_graph12288/20260807_212638
[ct_train] Loading data …
[DataModule] Reading '/home/abel/biodata/MERFISH_LUNA_small_cortex/MERFISH_mouse_cortex_train.csv' (split=train) with float32 dtype on 254 gene cols + coord cols …
[DataModule] Loaded 158,379 rows for split=train.
[DataModule] Reading '/home/abel/biodata/MERFISH_LUNA_small_cortex/MERFISH_mouse_cortex_test.csv' (split=test) with float32 dtype on 254 gene cols + coord cols …
[DataModule] Loaded 118,036 rows for split=test.
[DataModule] Reading '/home/abel/biodata/MERFISH_LUNA_small_cortex/MERFISH_mouse_cortex_test.csv' (split=validation) with float32 dtype on 254 gene cols + coord cols …
[DataModule] Loaded 118,036 rows for split=validation.
[ct_train] genes=254  classes=23
[ct_train] model predict_cme=True  params=1,149,980
[ct_train] soft CME loaded split=train sigma=96.0 n=158379 C=23
[ct_train] soft CME loaded split=validation sigma=96.0 n=118036 C=23
wandb: [wandb.login()] Loaded credentials for https://api.wandb.ai from /home/abel/.netrc.
wandb: Currently logged in as: abel-salmona (abel-salmona-polytechnique-montr-al) to https://api.wandb.ai. Use `wandb login --relogin` to force relogin
wandb: WARNING Using a boolean value for 'reinit' is deprecated. Use 'return_previous' or 'finish_previous' instead.
wandb: Tracking run with wandb version 0.26.1
wandb: Run data is saved locally in /home/abel/code/Tissue-Reassembly-using-GenAI-and-new-metrics/exploration/cell_types/logs/exp037_graph12288/20260807_212638/wandb/run-20260807_212645-kc65clc4
wandb: Run `wandb offline` to turn off syncing.
wandb: Syncing run exp037_graph12288
wandb:  View project at https://wandb.ai/abel-salmona-polytechnique-montr-al/cell_types
wandb:  View run at https://wandb.ai/abel-salmona-polytechnique-montr-al/cell_types/runs/kc65clc4
wandb: WARNING Saving files without folders. If you want to preserve subdirectories pass base_path to wandb.save, i.e. wandb.save("/mnt/folder/file.h5", base_path="/mnt")
wandb: WARNING Symlinked 1 file into the W&B run directory; call wandb.save again to sync new files.
[ct_train] wandb: project=cell_types name=exp037_graph12288 mode=online url=https://wandb.ai/abel-salmona-polytechnique-montr-al/cell_types/runs/kc65clc4
[ct_train] parameters: total=1,149,980 trainable=1,149,980
  [params] mlp_in_node_features: 26,720
  [params] transformer_layers: 633,600
  [params] type_stage1: 19,072
  [params] env_stage1: 93,056
  [params] type_probe: 1,495
  [params] env_probe: 7,383
  [params] fusion_mlp: 247,648
  [params] type_stage2: 20,567
  [params] env_stage2: 100,439
[ct_train] rechunked train graphs (seed=1)

=== Epoch 1/1000 ===
  [train] epoch=1 step=20/33 loss=7.4184 cls=2.2454 cme=2.5865 acc=0.4201
[train] loss=7.8146 cls=2.4277 cme=2.6935 acc=0.3575 cells=158379
[ct_train] rechunked train graphs (seed=2)

=== Epoch 2/1000 ===
  [train] epoch=2 step=20/33 loss=6.1353 cls=1.2586 cme=2.4383 acc=0.7623
[train] loss=6.2160 cls=1.3427 cme=2.4366 acc=0.7434 cells=158379
[val]   loss=5.6395 eval=3.2538 cls=0.8681 cme=2.3857 acc=0.8474 cells=118036
[ct_train] saved best checkpoint (val_eval_loss=3.2538 val_acc=0.8474)
[ct_train] rechunked train graphs (seed=3)

=== Epoch 3/1000 ===
  [train] epoch=3 step=20/33 loss=5.5977 cls=0.8970 cme=2.3504 acc=0.8504
[train] loss=5.6653 cls=0.9155 cme=2.3749 acc=0.8444 cells=158379
[ct_train] rechunked train graphs (seed=4)

=== Epoch 4/1000 ===
  [train] epoch=4 step=20/33 loss=5.2363 cls=0.6573 cme=2.2895 acc=0.9310
[train] loss=5.4259 cls=0.7366 cme=2.3446 acc=0.9024 cells=158379
[val]   loss=5.2165 eval=2.8861 cls=0.5558 cme=2.3303 acc=0.9412 cells=118036
[ct_train] saved best checkpoint (val_eval_loss=2.8861 val_acc=0.9412)
[ct_train] rechunked train graphs (seed=5)

=== Epoch 5/1000 ===
  [train] epoch=5 step=20/33 loss=5.5305 cls=0.6615 cme=2.4345 acc=0.9213
[train] loss=5.2963 cls=0.6499 cme=2.3232 acc=0.9273 cells=158379
[ct_train] rechunked train graphs (seed=6)

=== Epoch 6/1000 ===
  [train] epoch=6 step=20/33 loss=5.3078 cls=0.6246 cme=2.3416 acc=0.9323
[train] loss=5.2254 cls=0.6088 cme=2.3083 acc=0.9385 cells=158379
[val]   loss=5.1005 eval=2.8013 cls=0.5020 cme=2.2993 acc=0.9534 cells=118036
[ct_train] saved best checkpoint (val_eval_loss=2.8013 val_acc=0.9534)
[ct_train] rechunked train graphs (seed=7)

=== Epoch 7/1000 ===
  [train] epoch=7 step=20/33 loss=5.1019 cls=0.5851 cme=2.2584 acc=0.9418
[train] loss=5.1751 cls=0.5838 cme=2.2956 acc=0.9443 cells=158379
[ct_train] rechunked train graphs (seed=8)

=== Epoch 8/1000 ===
  [train] epoch=8 step=20/33 loss=5.0414 cls=0.5667 cme=2.2373 acc=0.9528
[train] loss=5.1331 cls=0.5670 cme=2.2830 acc=0.9484 cells=158379
[val]   loss=5.0305 eval=2.7572 cls=0.4839 cme=2.2733 acc=0.9589 cells=118036
[ct_train] saved best checkpoint (val_eval_loss=2.7572 val_acc=0.9589)
[ct_train] rechunked train graphs (seed=9)

=== Epoch 9/1000 ===
  [train] epoch=9 step=20/33 loss=5.1220 cls=0.5584 cme=2.2818 acc=0.9488
[train] loss=5.1043 cls=0.5519 cme=2.2762 acc=0.9517 cells=158379
[ct_train] rechunked train graphs (seed=10)

=== Epoch 10/1000 ===
  [train] epoch=10 step=20/33 loss=5.3576 cls=0.5429 cme=2.4074 acc=0.9527
[train] loss=5.0818 cls=0.5422 cme=2.2698 acc=0.9541 cells=158379
[val]   loss=5.0122 eval=2.7421 cls=0.4720 cme=2.2701 acc=0.9618 cells=118036
[ct_train] saved best checkpoint (val_eval_loss=2.7421 val_acc=0.9618)
[ct_train] rechunked train graphs (seed=11)

=== Epoch 11/1000 ===
  [train] epoch=11 step=20/33 loss=5.1751 cls=0.5300 cme=2.3225 acc=0.9597
[train] loss=5.0630 cls=0.5361 cme=2.2634 acc=0.9552 cells=158379
[ct_train] rechunked train graphs (seed=12)

=== Epoch 12/1000 ===
  [train] epoch=12 step=20/33 loss=5.3258 cls=0.5218 cme=2.4020 acc=0.9605
[train] loss=5.0450 cls=0.5289 cme=2.2580 acc=0.9570 cells=158379
[val]   loss=4.9936 eval=2.7295 cls=0.4655 cme=2.2640 acc=0.9631 cells=118036
[ct_train] saved best checkpoint (val_eval_loss=2.7295 val_acc=0.9631)
[ct_train] rechunked train graphs (seed=13)

=== Epoch 13/1000 ===
  [train] epoch=13 step=20/33 loss=5.0874 cls=0.5088 cme=2.2893 acc=0.9636
[train] loss=5.0284 cls=0.5213 cme=2.2536 acc=0.9588 cells=158379
[ct_train] rechunked train graphs (seed=14)

=== Epoch 14/1000 ===
  [train] epoch=14 step=20/33 loss=4.8068 cls=0.5087 cme=2.1490 acc=0.9598
[train] loss=5.0174 cls=0.5165 cme=2.2505 acc=0.9602 cells=158379
[val]   loss=4.9724 eval=2.7183 cls=0.4641 cme=2.2542 acc=0.9636 cells=118036
[ct_train] saved best checkpoint (val_eval_loss=2.7183 val_acc=0.9636)
[ct_train] rechunked train graphs (seed=15)

=== Epoch 15/1000 ===
  [train] epoch=15 step=20/33 loss=5.1677 cls=0.5053 cme=2.3312 acc=0.9639
[train] loss=5.0045 cls=0.5123 cme=2.2461 acc=0.9612 cells=158379
[ct_train] rechunked train graphs (seed=16)

=== Epoch 16/1000 ===
  [train] epoch=16 step=20/33 loss=5.1361 cls=0.5467 cme=2.2947 acc=0.9511
[train] loss=4.9931 cls=0.5068 cme=2.2432 acc=0.9624 cells=158379
[val]   loss=4.9419 eval=2.6984 cls=0.4548 cme=2.2435 acc=0.9659 cells=118036
[ct_train] saved best checkpoint (val_eval_loss=2.6984 val_acc=0.9659)
[ct_train] rechunked train graphs (seed=17)

=== Epoch 17/1000 ===
  [train] epoch=17 step=20/33 loss=4.9206 cls=0.4999 cme=2.2104 acc=0.9639
[train] loss=4.9859 cls=0.5036 cme=2.2411 acc=0.9632 cells=158379
[ct_train] rechunked train graphs (seed=18)

=== Epoch 18/1000 ===
  [train] epoch=18 step=20/33 loss=4.9779 cls=0.5163 cme=2.2308 acc=0.9587
[train] loss=4.9734 cls=0.4998 cme=2.2368 acc=0.9639 cells=158379
[val]   loss=4.9294 eval=2.6907 cls=0.4519 cme=2.2387 acc=0.9667 cells=118036
[ct_train] saved best checkpoint (val_eval_loss=2.6907 val_acc=0.9667)
[ct_train] rechunked train graphs (seed=19)

=== Epoch 19/1000 ===
  [train] epoch=19 step=20/33 loss=5.0723 cls=0.4904 cme=2.2909 acc=0.9686
[train] loss=4.9664 cls=0.4969 cme=2.2348 acc=0.9647 cells=158379
[ct_train] rechunked train graphs (seed=20)

=== Epoch 20/1000 ===
  [train] epoch=20 step=20/33 loss=4.8029 cls=0.4705 cme=2.1662 acc=0.9736
[train] loss=4.9600 cls=0.4946 cme=2.2327 acc=0.9650 cells=158379
[val]   loss=4.9336 eval=2.6922 cls=0.4509 cme=2.2414 acc=0.9676 cells=118036
[ct_train] early_stopping: no improve on val/eval_loss for 1/32 val checks
[ct_train] rechunked train graphs (seed=21)

=== Epoch 21/1000 ===
  [train] epoch=21 step=20/33 loss=5.0618 cls=0.5303 cme=2.2658 acc=0.9520
[train] loss=4.9526 cls=0.4908 cme=2.2309 acc=0.9662 cells=158379
[ct_train] rechunked train graphs (seed=22)

=== Epoch 22/1000 ===
  [train] epoch=22 step=20/33 loss=5.1989 cls=0.4891 cme=2.3549 acc=0.9681
[train] loss=4.9413 cls=0.4864 cme=2.2274 acc=0.9671 cells=158379
[val]   loss=4.9195 eval=2.6815 cls=0.4435 cme=2.2380 acc=0.9691 cells=118036
[ct_train] saved best checkpoint (val_eval_loss=2.6815 val_acc=0.9691)
[ct_train] rechunked train graphs (seed=23)

=== Epoch 23/1000 ===
  [train] epoch=23 step=20/33 loss=4.8712 cls=0.4828 cme=2.1942 acc=0.9670
[train] loss=4.9403 cls=0.4855 cme=2.2274 acc=0.9672 cells=158379
[ct_train] rechunked train graphs (seed=24)

=== Epoch 24/1000 ===
  [train] epoch=24 step=20/33 loss=4.7925 cls=0.4721 cme=2.1602 acc=0.9741
[train] loss=4.9294 cls=0.4821 cme=2.2236 acc=0.9682 cells=158379
[val]   loss=4.9031 eval=2.6722 cls=0.4414 cme=2.2308 acc=0.9694 cells=118036
[ct_train] saved best checkpoint (val_eval_loss=2.6722 val_acc=0.9694)
[ct_train] rechunked train graphs (seed=25)

=== Epoch 25/1000 ===
  [train] epoch=25 step=20/33 loss=5.0403 cls=0.5181 cme=2.2611 acc=0.9588
[train] loss=4.9254 cls=0.4808 cme=2.2223 acc=0.9685 cells=158379
[ct_train] rechunked train graphs (seed=26)

=== Epoch 26/1000 ===
  [train] epoch=26 step=20/33 loss=4.6470 cls=0.4769 cme=2.0850 acc=0.9698
[train] loss=4.9225 cls=0.4786 cme=2.2220 acc=0.9689 cells=158379
[val]   loss=4.8963 eval=2.6669 cls=0.4375 cme=2.2294 acc=0.9704 cells=118036
[ct_train] saved best checkpoint (val_eval_loss=2.6669 val_acc=0.9704)
[ct_train] rechunked train graphs (seed=27)

=== Epoch 27/1000 ===
  [train] epoch=27 step=20/33 loss=5.1590 cls=0.4820 cme=2.3385 acc=0.9651
[train] loss=4.9162 cls=0.4761 cme=2.2200 acc=0.9697 cells=158379
[ct_train] rechunked train graphs (seed=28)

=== Epoch 28/1000 ===
  [train] epoch=28 step=20/33 loss=5.1113 cls=0.4914 cme=2.3100 acc=0.9632
[train] loss=4.9077 cls=0.4744 cme=2.2166 acc=0.9700 cells=158379
[val]   loss=4.8929 eval=2.6657 cls=0.4385 cme=2.2272 acc=0.9703 cells=118036
[ct_train] saved best checkpoint (val_eval_loss=2.6657 val_acc=0.9704)
[ct_train] rechunked train graphs (seed=29)

=== Epoch 29/1000 ===
  [train] epoch=29 step=20/33 loss=4.9788 cls=0.4821 cme=2.2483 acc=0.9674
[train] loss=4.9045 cls=0.4721 cme=2.2162 acc=0.9708 cells=158379
[ct_train] rechunked train graphs (seed=30)

=== Epoch 30/1000 ===
  [train] epoch=30 step=20/33 loss=5.0476 cls=0.4732 cme=2.2872 acc=0.9736
[train] loss=4.9014 cls=0.4712 cme=2.2151 acc=0.9710 cells=158379
[val]   loss=4.8870 eval=2.6613 cls=0.4355 cme=2.2258 acc=0.9712 cells=118036
[ct_train] saved best checkpoint (val_eval_loss=2.6613 val_acc=0.9712)
[ct_train] rechunked train graphs (seed=31)

=== Epoch 31/1000 ===
  [train] epoch=31 step=20/33 loss=4.7244 cls=0.4435 cme=2.1404 acc=0.9822
[train] loss=4.8971 cls=0.4692 cme=2.2139 acc=0.9714 cells=158379
[ct_train] rechunked train graphs (seed=32)

=== Epoch 32/1000 ===
  [train] epoch=32 step=20/33 loss=4.9595 cls=0.4584 cme=2.2506 acc=0.9765
[train] loss=4.8956 cls=0.4684 cme=2.2136 acc=0.9717 cells=158379
[val]   loss=4.8887 eval=2.6607 cls=0.4328 cme=2.2279 acc=0.9715 cells=118036
[ct_train] saved best checkpoint (val_eval_loss=2.6607 val_acc=0.9715)
[ct_train] rechunked train graphs (seed=33)

=== Epoch 33/1000 ===
  [train] epoch=33 step=20/33 loss=4.9579 cls=0.4820 cme=2.2380 acc=0.9684
[train] loss=4.8892 cls=0.4672 cme=2.2110 acc=0.9719 cells=158379
[ct_train] rechunked train graphs (seed=34)

=== Epoch 34/1000 ===
  [train] epoch=34 step=20/33 loss=4.7016 cls=0.4599 cme=2.1209 acc=0.9763
[train] loss=4.8859 cls=0.4659 cme=2.2100 acc=0.9725 cells=158379
[val]   loss=4.8772 eval=2.6550 cls=0.4328 cme=2.2222 acc=0.9716 cells=118036
[ct_train] saved best checkpoint (val_eval_loss=2.6550 val_acc=0.9716)
[ct_train] rechunked train graphs (seed=35)

=== Epoch 35/1000 ===
  [train] epoch=35 step=20/33 loss=4.9545 cls=0.4503 cme=2.2521 acc=0.9795
[train] loss=4.8818 cls=0.4635 cme=2.2091 acc=0.9727 cells=158379
[ct_train] rechunked train graphs (seed=36)

=== Epoch 36/1000 ===
  [train] epoch=36 step=20/33 loss=4.9799 cls=0.4999 cme=2.2400 acc=0.9598
[train] loss=4.8799 cls=0.4635 cme=2.2082 acc=0.9729 cells=158379
[val]   loss=4.8766 eval=2.6540 cls=0.4313 cme=2.2227 acc=0.9717 cells=118036
[ct_train] saved best checkpoint (val_eval_loss=2.6540 val_acc=0.9717)
[ct_train] rechunked train graphs (seed=37)

=== Epoch 37/1000 ===
  [train] epoch=37 step=20/33 loss=4.9076 cls=0.4706 cme=2.2185 acc=0.9696
[train] loss=4.8762 cls=0.4620 cme=2.2071 acc=0.9732 cells=158379
[ct_train] rechunked train graphs (seed=38)

=== Epoch 38/1000 ===
  [train] epoch=38 step=20/33 loss=4.6008 cls=0.4591 cme=2.0708 acc=0.9751
[train] loss=4.8740 cls=0.4616 cme=2.2062 acc=0.9728 cells=158379
[val]   loss=4.8823 eval=2.6564 cls=0.4306 cme=2.2259 acc=0.9723 cells=118036
[ct_train] early_stopping: no improve on val/eval_loss for 1/32 val checks
[ct_train] rechunked train graphs (seed=39)

=== Epoch 39/1000 ===
  [train] epoch=39 step=20/33 loss=5.1109 cls=0.4591 cme=2.3259 acc=0.9723
[train] loss=4.8729 cls=0.4603 cme=2.2063 acc=0.9727 cells=158379
[ct_train] rechunked train graphs (seed=40)

=== Epoch 40/1000 ===
  [train] epoch=40 step=20/33 loss=4.9073 cls=0.4592 cme=2.2240 acc=0.9759
[train] loss=4.8653 cls=0.4581 cme=2.2036 acc=0.9742 cells=158379
[val]   loss=4.8675 eval=2.6481 cls=0.4286 cme=2.2194 acc=0.9727 cells=118036
[ct_train] saved best checkpoint (val_eval_loss=2.6481 val_acc=0.9727)
[ct_train] rechunked train graphs (seed=41)

=== Epoch 41/1000 ===
  [train] epoch=41 step=20/33 loss=5.0654 cls=0.4712 cme=2.2971 acc=0.9680
[train] loss=4.8601 cls=0.4560 cme=2.2020 acc=0.9746 cells=158379
[ct_train] rechunked train graphs (seed=42)

=== Epoch 42/1000 ===
  [train] epoch=42 step=20/33 loss=5.0549 cls=0.4676 cme=2.2936 acc=0.9697
[train] loss=4.8591 cls=0.4552 cme=2.2019 acc=0.9745 cells=158379
[val]   loss=4.8736 eval=2.6517 cls=0.4298 cme=2.2219 acc=0.9724 cells=118036
[ct_train] early_stopping: no improve on val/eval_loss for 1/32 val checks
[ct_train] rechunked train graphs (seed=43)

=== Epoch 43/1000 ===
  [train] epoch=43 step=20/33 loss=4.9381 cls=0.4560 cme=2.2410 acc=0.9763
[train] loss=4.8570 cls=0.4558 cme=2.2006 acc=0.9747 cells=158379
[ct_train] rechunked train graphs (seed=44)

=== Epoch 44/1000 ===
  [train] epoch=44 step=20/33 loss=4.8594 cls=0.4517 cme=2.2039 acc=0.9740
[train] loss=4.8544 cls=0.4541 cme=2.2002 acc=0.9752 cells=158379
[val]   loss=4.8600 eval=2.6434 cls=0.4267 cme=2.2167 acc=0.9735 cells=118036
[ct_train] saved best checkpoint (val_eval_loss=2.6434 val_acc=0.9735)
[ct_train] rechunked train graphs (seed=45)

=== Epoch 45/1000 ===
  [train] epoch=45 step=20/33 loss=4.9269 cls=0.4659 cme=2.2305 acc=0.9702
[train] loss=4.8514 cls=0.4532 cme=2.1991 acc=0.9751 cells=158379
[ct_train] rechunked train graphs (seed=46)

=== Epoch 46/1000 ===
  [train] epoch=46 step=20/33 loss=5.0319 cls=0.4900 cme=2.2710 acc=0.9631
[train] loss=4.8555 cls=0.4530 cme=2.2013 acc=0.9753 cells=158379
[val]   loss=4.8695 eval=2.6495 cls=0.4295 cme=2.2200 acc=0.9729 cells=118036
[ct_train] early_stopping: no improve on val/eval_loss for 1/32 val checks
[ct_train] rechunked train graphs (seed=47)

=== Epoch 47/1000 ===
  [train] epoch=47 step=20/33 loss=5.0530 cls=0.4737 cme=2.2897 acc=0.9680
[train] loss=4.8487 cls=0.4520 cme=2.1984 acc=0.9752 cells=158379
[ct_train] rechunked train graphs (seed=48)

=== Epoch 48/1000 ===
  [train] epoch=48 step=20/33 loss=4.8417 cls=0.4447 cme=2.1985 acc=0.9789
[train] loss=4.8468 cls=0.4503 cme=2.1982 acc=0.9758 cells=158379
[val]   loss=4.8735 eval=2.6499 cls=0.4262 cme=2.2237 acc=0.9733 cells=118036
[ct_train] early_stopping: no improve on val/eval_loss for 2/32 val checks
[ct_train] rechunked train graphs (seed=49)

=== Epoch 49/1000 ===
  [train] epoch=49 step=20/33 loss=4.7669 cls=0.4387 cme=2.1641 acc=0.9805
[train] loss=4.8417 cls=0.4500 cme=2.1958 acc=0.9760 cells=158379
[ct_train] rechunked train graphs (seed=50)

=== Epoch 50/1000 ===
  [train] epoch=50 step=20/33 loss=4.7157 cls=0.4398 cme=2.1380 acc=0.9790
[train] loss=4.8428 cls=0.4495 cme=2.1966 acc=0.9763 cells=158379
[val]   loss=4.8616 eval=2.6440 cls=0.4265 cme=2.2176 acc=0.9732 cells=118036
[ct_train] early_stopping: no improve on val/eval_loss for 3/32 val checks
[ct_train] rechunked train graphs (seed=51)

=== Epoch 51/1000 ===
  [train] epoch=51 step=20/33 loss=4.9043 cls=0.4405 cme=2.2319 acc=0.9793
[train] loss=4.8395 cls=0.4477 cme=2.1959 acc=0.9763 cells=158379
[ct_train] rechunked train graphs (seed=52)

=== Epoch 52/1000 ===
  [train] epoch=52 step=20/33 loss=4.7056 cls=0.4340 cme=2.1358 acc=0.9789
[train] loss=4.8377 cls=0.4475 cme=2.1951 acc=0.9764 cells=158379
[val]   loss=4.8639 eval=2.6448 cls=0.4258 cme=2.2190 acc=0.9735 cells=118036
[ct_train] early_stopping: no improve on val/eval_loss for 4/32 val checks
[ct_train] rechunked train graphs (seed=53)

=== Epoch 53/1000 ===
  [train] epoch=53 step=20/33 loss=4.8403 cls=0.4429 cme=2.1987 acc=0.9784
[train] loss=4.8367 cls=0.4467 cme=2.1950 acc=0.9770 cells=158379
[ct_train] rechunked train graphs (seed=54)

=== Epoch 54/1000 ===
  [train] epoch=54 step=20/33 loss=4.8606 cls=0.4558 cme=2.2024 acc=0.9726
[train] loss=4.8322 cls=0.4457 cme=2.1932 acc=0.9769 cells=158379
[val]   loss=4.8583 eval=2.6411 cls=0.4239 cme=2.2172 acc=0.9739 cells=118036
[ct_train] saved best checkpoint (val_eval_loss=2.6411 val_acc=0.9739)
[ct_train] rechunked train graphs (seed=55)

=== Epoch 55/1000 ===
  [train] epoch=55 step=20/33 loss=4.7110 cls=0.4354 cme=2.1378 acc=0.9808
[train] loss=4.8291 cls=0.4446 cme=2.1923 acc=0.9771 cells=158379
[ct_train] rechunked train graphs (seed=56)

=== Epoch 56/1000 ===
  [train] epoch=56 step=20/33 loss=4.8570 cls=0.4455 cme=2.2057 acc=0.9798
[train] loss=4.8280 cls=0.4453 cme=2.1914 acc=0.9772 cells=158379
[val]   loss=4.8707 eval=2.6475 cls=0.4242 cme=2.2232 acc=0.9741 cells=118036
[ct_train] early_stopping: no improve on val/eval_loss for 1/32 val checks
[ct_train] rechunked train graphs (seed=57)

=== Epoch 57/1000 ===
  [train] epoch=57 step=20/33 loss=4.6680 cls=0.4234 cme=2.1223 acc=0.9827
[train] loss=4.8276 cls=0.4438 cme=2.1919 acc=0.9772 cells=158379
[ct_train] rechunked train graphs (seed=58)

=== Epoch 58/1000 ===
  [train] epoch=58 step=20/33 loss=4.7540 cls=0.4309 cme=2.1616 acc=0.9836
[train] loss=4.8283 cls=0.4426 cme=2.1928 acc=0.9781 cells=158379
[val]   loss=4.8504 eval=2.6366 cls=0.4228 cme=2.2138 acc=0.9743 cells=118036
[ct_train] saved best checkpoint (val_eval_loss=2.6366 val_acc=0.9743)
[ct_train] rechunked train graphs (seed=59)

=== Epoch 59/1000 ===
  [train] epoch=59 step=20/33 loss=4.8203 cls=0.4416 cme=2.1894 acc=0.9773
[train] loss=4.8226 cls=0.4416 cme=2.1905 acc=0.9782 cells=158379
[ct_train] rechunked train graphs (seed=60)

=== Epoch 60/1000 ===
  [train] epoch=60 step=20/33 loss=4.6289 cls=0.4322 cme=2.0984 acc=0.9828
[train] loss=4.8282 cls=0.4426 cme=2.1928 acc=0.9779 cells=158379
[val]   loss=4.8639 eval=2.6436 cls=0.4234 cme=2.2202 acc=0.9748 cells=118036
[ct_train] early_stopping: no improve on val/eval_loss for 1/32 val checks
[ct_train] rechunked train graphs (seed=61)

=== Epoch 61/1000 ===
  [train] epoch=61 step=20/33 loss=4.6607 cls=0.4171 cme=2.1218 acc=0.9859
[train] loss=4.8250 cls=0.4412 cme=2.1919 acc=0.9778 cells=158379
[ct_train] rechunked train graphs (seed=62)

=== Epoch 62/1000 ===
  [train] epoch=62 step=20/33 loss=5.0596 cls=0.4523 cme=2.3036 acc=0.9760
[train] loss=4.8185 cls=0.4413 cme=2.1886 acc=0.9779 cells=158379
[val]   loss=4.8503 eval=2.6364 cls=0.4225 cme=2.2139 acc=0.9744 cells=118036
[ct_train] saved best checkpoint (val_eval_loss=2.6364 val_acc=0.9748)
[ct_train] early_stopping: no improve on val/eval_loss for 2/32 val checks
[ct_train] rechunked train graphs (seed=63)

=== Epoch 63/1000 ===
  [train] epoch=63 step=20/33 loss=4.8120 cls=0.4388 cme=2.1866 acc=0.9759
[train] loss=4.8156 cls=0.4395 cme=2.1881 acc=0.9785 cells=158379
[ct_train] rechunked train graphs (seed=64)

=== Epoch 64/1000 ===
  [train] epoch=64 step=20/33 loss=5.0415 cls=0.4440 cme=2.2987 acc=0.9768
[train] loss=4.8130 cls=0.4391 cme=2.1870 acc=0.9790 cells=158379
[val]   loss=4.8483 eval=2.6353 cls=0.4223 cme=2.2130 acc=0.9743 cells=118036
[ct_train] saved best checkpoint (val_eval_loss=2.6353 val_acc=0.9748)
[ct_train] rechunked train graphs (seed=65)

=== Epoch 65/1000 ===
  [train] epoch=65 step=20/33 loss=4.7018 cls=0.4210 cme=2.1404 acc=0.9851
[train] loss=4.8117 cls=0.4401 cme=2.1858 acc=0.9780 cells=158379
[ct_train] rechunked train graphs (seed=66)

=== Epoch 66/1000 ===
  [train] epoch=66 step=20/33 loss=4.5363 cls=0.4320 cme=2.0521 acc=0.9804
[train] loss=4.8104 cls=0.4384 cme=2.1860 acc=0.9785 cells=158379
[val]   loss=4.8518 eval=2.6370 cls=0.4222 cme=2.2148 acc=0.9745 cells=118036
[ct_train] early_stopping: no improve on val/eval_loss for 1/32 val checks
[ct_train] rechunked train graphs (seed=67)

=== Epoch 67/1000 ===
  [train] epoch=67 step=20/33 loss=4.6958 cls=0.4280 cme=2.1339 acc=0.9821
[train] loss=4.8051 cls=0.4372 cme=2.1840 acc=0.9793 cells=158379
[ct_train] rechunked train graphs (seed=68)

=== Epoch 68/1000 ===
  [train] epoch=68 step=20/33 loss=4.9185 cls=0.4357 cme=2.2414 acc=0.9792
[train] loss=4.8052 cls=0.4374 cme=2.1839 acc=0.9790 cells=158379
[val]   loss=4.8489 eval=2.6348 cls=0.4206 cme=2.2141 acc=0.9750 cells=118036
[ct_train] saved best checkpoint (val_eval_loss=2.6348 val_acc=0.9750)
[ct_train] rechunked train graphs (seed=69)

=== Epoch 69/1000 ===
  [train] epoch=69 step=20/33 loss=4.9271 cls=0.4326 cme=2.2472 acc=0.9816
[train] loss=4.8022 cls=0.4355 cme=2.1834 acc=0.9797 cells=158379
[ct_train] rechunked train graphs (seed=70)

=== Epoch 70/1000 ===
  [train] epoch=70 step=20/33 loss=4.6136 cls=0.4317 cme=2.0910 acc=0.9796
[train] loss=4.8083 cls=0.4364 cme=2.1859 acc=0.9793 cells=158379
[val]   loss=4.8841 eval=2.6535 cls=0.4230 cme=2.2305 acc=0.9741 cells=118036
[ct_train] early_stopping: no improve on val/eval_loss for 1/32 val checks
[ct_train] rechunked train graphs (seed=71)

=== Epoch 71/1000 ===
  [train] epoch=71 step=20/33 loss=4.6014 cls=0.4272 cme=2.0871 acc=0.9823
[train] loss=4.8022 cls=0.4354 cme=2.1834 acc=0.9794 cells=158379
[ct_train] rechunked train graphs (seed=72)

=== Epoch 72/1000 ===
  [train] epoch=72 step=20/33 loss=4.7038 cls=0.4390 cme=2.1324 acc=0.9792
[train] loss=4.7992 cls=0.4354 cme=2.1819 acc=0.9791 cells=158379
[val]   loss=4.8532 eval=2.6372 cls=0.4211 cme=2.2160 acc=0.9745 cells=118036
[ct_train] early_stopping: no improve on val/eval_loss for 2/32 val checks
[ct_train] rechunked train graphs (seed=73)

=== Epoch 73/1000 ===
  [train] epoch=73 step=20/33 loss=5.0337 cls=0.4394 cme=2.2972 acc=0.9779
[train] loss=4.7999 cls=0.4345 cme=2.1827 acc=0.9796 cells=158379
[ct_train] rechunked train graphs (seed=74)

=== Epoch 74/1000 ===
  [train] epoch=74 step=20/33 loss=4.8416 cls=0.4419 cme=2.1999 acc=0.9780
[train] loss=4.7956 cls=0.4336 cme=2.1810 acc=0.9799 cells=158379
[val]   loss=4.8461 eval=2.6331 cls=0.4200 cme=2.2131 acc=0.9751 cells=118036
[ct_train] saved best checkpoint (val_eval_loss=2.6331 val_acc=0.9751)
[ct_train] rechunked train graphs (seed=75)

=== Epoch 75/1000 ===
  [train] epoch=75 step=20/33 loss=4.8993 cls=0.4296 cme=2.2349 acc=0.9822
[train] loss=4.7960 cls=0.4335 cme=2.1813 acc=0.9802 cells=158379
[ct_train] rechunked train graphs (seed=76)

=== Epoch 76/1000 ===
  [train] epoch=76 step=20/33 loss=4.8310 cls=0.4381 cme=2.1964 acc=0.9783
[train] loss=4.7954 cls=0.4331 cme=2.1812 acc=0.9799 cells=158379
[val]   loss=4.8425 eval=2.6318 cls=0.4212 cme=2.2107 acc=0.9746 cells=118036
[ct_train] saved best checkpoint (val_eval_loss=2.6318 val_acc=0.9751)
[ct_train] rechunked train graphs (seed=77)

=== Epoch 77/1000 ===
  [train] epoch=77 step=20/33 loss=4.6747 cls=0.4186 cme=2.1280 acc=0.9864
[train] loss=4.7937 cls=0.4321 cme=2.1808 acc=0.9804 cells=158379
[ct_train] rechunked train graphs (seed=78)

=== Epoch 78/1000 ===
  [train] epoch=78 step=20/33 loss=4.7520 cls=0.4382 cme=2.1569 acc=0.9785
[train] loss=4.7905 cls=0.4311 cme=2.1797 acc=0.9805 cells=158379
[val]   loss=4.8465 eval=2.6332 cls=0.4199 cme=2.2133 acc=0.9749 cells=118036
[ct_train] early_stopping: no improve on val/eval_loss for 1/32 val checks
[ct_train] rechunked train graphs (seed=79)

=== Epoch 79/1000 ===
  [train] epoch=79 step=20/33 loss=4.6799 cls=0.4222 cme=2.1289 acc=0.9822
[train] loss=4.7911 cls=0.4305 cme=2.1803 acc=0.9808 cells=158379
[ct_train] rechunked train graphs (seed=80)

=== Epoch 80/1000 ===
  [train] epoch=80 step=20/33 loss=4.7250 cls=0.4198 cme=2.1526 acc=0.9857
[train] loss=4.7847 cls=0.4291 cme=2.1778 acc=0.9814 cells=158379
[val]   loss=4.8485 eval=2.6345 cls=0.4206 cme=2.2140 acc=0.9747 cells=118036
[ct_train] early_stopping: no improve on val/eval_loss for 2/32 val checks
[ct_train] rechunked train graphs (seed=81)

=== Epoch 81/1000 ===
  [train] epoch=81 step=20/33 loss=4.5754 cls=0.4245 cme=2.0755 acc=0.9825
[train] loss=4.7853 cls=0.4301 cme=2.1776 acc=0.9809 cells=158379
[ct_train] rechunked train graphs (seed=82)

=== Epoch 82/1000 ===
  [train] epoch=82 step=20/33 loss=4.8072 cls=0.4234 cme=2.1919 acc=0.9823
[train] loss=4.7908 cls=0.4295 cme=2.1806 acc=0.9808 cells=158379
[val]   loss=4.8507 eval=2.6363 cls=0.4220 cme=2.2143 acc=0.9746 cells=118036
[ct_train] early_stopping: no improve on val/eval_loss for 3/32 val checks
[ct_train] rechunked train graphs (seed=83)

=== Epoch 83/1000 ===
  [train] epoch=83 step=20/33 loss=4.7821 cls=0.4265 cme=2.1778 acc=0.9838
[train] loss=4.7810 cls=0.4293 cme=2.1758 acc=0.9810 cells=158379
[ct_train] rechunked train graphs (seed=84)

=== Epoch 84/1000 ===
  [train] epoch=84 step=20/33 loss=4.9829 cls=0.4354 cme=2.2737 acc=0.9786
[train] loss=4.7848 cls=0.4293 cme=2.1777 acc=0.9809 cells=158379
[val]   loss=4.8411 eval=2.6293 cls=0.4175 cme=2.2118 acc=0.9759 cells=118036
[ct_train] saved best checkpoint (val_eval_loss=2.6293 val_acc=0.9759)
[ct_train] rechunked train graphs (seed=85)

=== Epoch 85/1000 ===
  [train] epoch=85 step=20/33 loss=4.9356 cls=0.4502 cme=2.2427 acc=0.9748
[train] loss=4.7779 cls=0.4281 cme=2.1749 acc=0.9815 cells=158379
[ct_train] rechunked train graphs (seed=86)

=== Epoch 86/1000 ===
  [train] epoch=86 step=20/33 loss=4.5724 cls=0.4238 cme=2.0743 acc=0.9843
[train] loss=4.7797 cls=0.4281 cme=2.1758 acc=0.9810 cells=158379
[val]   loss=4.8414 eval=2.6308 cls=0.4203 cme=2.2106 acc=0.9752 cells=118036
[ct_train] early_stopping: no improve on val/eval_loss for 1/32 val checks
[ct_train] rechunked train graphs (seed=87)

=== Epoch 87/1000 ===
  [train] epoch=87 step=20/33 loss=4.7877 cls=0.4187 cme=2.1845 acc=0.9848
[train] loss=4.7759 cls=0.4263 cme=2.1748 acc=0.9817 cells=158379
[ct_train] rechunked train graphs (seed=88)

=== Epoch 88/1000 ===
  [train] epoch=88 step=20/33 loss=4.7029 cls=0.4121 cme=2.1454 acc=0.9857
[train] loss=4.7740 cls=0.4264 cme=2.1738 acc=0.9820 cells=158379
[val]   loss=4.8429 eval=2.6306 cls=0.4184 cme=2.2122 acc=0.9752 cells=118036
[ct_train] early_stopping: no improve on val/eval_loss for 2/32 val checks
[ct_train] rechunked train graphs (seed=89)

=== Epoch 89/1000 ===
  [train] epoch=89 step=20/33 loss=4.8504 cls=0.4393 cme=2.2055 acc=0.9765
[train] loss=4.7846 cls=0.4274 cme=2.1786 acc=0.9812 cells=158379
[ct_train] rechunked train graphs (seed=90)

=== Epoch 90/1000 ===
  [train] epoch=90 step=20/33 loss=4.6439 cls=0.4110 cme=2.1165 acc=0.9886
[train] loss=4.7786 cls=0.4281 cme=2.1753 acc=0.9812 cells=158379
[val]   loss=4.8395 eval=2.6302 cls=0.4210 cme=2.2093 acc=0.9746 cells=118036
[ct_train] early_stopping: no improve on val/eval_loss for 3/32 val checks
[ct_train] rechunked train graphs (seed=91)

=== Epoch 91/1000 ===
  [train] epoch=91 step=20/33 loss=4.8360 cls=0.4405 cme=2.1977 acc=0.9778
[train] loss=4.7742 cls=0.4254 cme=2.1744 acc=0.9821 cells=158379
[ct_train] rechunked train graphs (seed=92)

=== Epoch 92/1000 ===
  [train] epoch=92 step=20/33 loss=4.7875 cls=0.4376 cme=2.1750 acc=0.9770
[train] loss=4.7741 cls=0.4260 cme=2.1741 acc=0.9820 cells=158379
[val]   loss=4.8552 eval=2.6370 cls=0.4188 cme=2.2182 acc=0.9752 cells=118036
[ct_train] early_stopping: no improve on val/eval_loss for 4/32 val checks
[ct_train] rechunked train graphs (seed=93)

=== Epoch 93/1000 ===
  [train] epoch=93 step=20/33 loss=4.9044 cls=0.4221 cme=2.2411 acc=0.9829
[train] loss=4.7722 cls=0.4247 cme=2.1738 acc=0.9820 cells=158379
[ct_train] rechunked train graphs (seed=94)

=== Epoch 94/1000 ===
  [train] epoch=94 step=20/33 loss=4.7709 cls=0.4221 cme=2.1744 acc=0.9852
[train] loss=4.7673 cls=0.4232 cme=2.1720 acc=0.9823 cells=158379
[val]   loss=4.8442 eval=2.6322 cls=0.4203 cme=2.2120 acc=0.9750 cells=118036
[ct_train] early_stopping: no improve on val/eval_loss for 5/32 val checks
[ct_train] rechunked train graphs (seed=95)

=== Epoch 95/1000 ===
  [train] epoch=95 step=20/33 loss=5.0130 cls=0.4286 cme=2.2922 acc=0.9803
[train] loss=4.7653 cls=0.4224 cme=2.1714 acc=0.9828 cells=158379
[ct_train] rechunked train graphs (seed=96)

=== Epoch 96/1000 ===
  [train] epoch=96 step=20/33 loss=4.6597 cls=0.4185 cme=2.1206 acc=0.9832
[train] loss=4.7700 cls=0.4226 cme=2.1737 acc=0.9826 cells=158379
[val]   loss=4.8393 eval=2.6293 cls=0.4194 cme=2.2100 acc=0.9754 cells=118036
[ct_train] early_stopping: no improve on val/eval_loss for 6/32 val checks
[ct_train] rechunked train graphs (seed=97)

=== Epoch 97/1000 ===
  [train] epoch=97 step=20/33 loss=4.7598 cls=0.4231 cme=2.1683 acc=0.9825
[train] loss=4.7665 cls=0.4222 cme=2.1722 acc=0.9829 cells=158379
[ct_train] rechunked train graphs (seed=98)

=== Epoch 98/1000 ===
  [train] epoch=98 step=20/33 loss=4.6126 cls=0.4175 cme=2.0976 acc=0.9866
[train] loss=4.7708 cls=0.4232 cme=2.1738 acc=0.9823 cells=158379
[val]   loss=4.8385 eval=2.6289 cls=0.4193 cme=2.2096 acc=0.9749 cells=118036
[ct_train] saved best checkpoint (val_eval_loss=2.6289 val_acc=0.9759)
[ct_train] rechunked train graphs (seed=99)

=== Epoch 99/1000 ===
  [train] epoch=99 step=20/33 loss=4.6483 cls=0.4168 cme=2.1158 acc=0.9838
[train] loss=4.7630 cls=0.4209 cme=2.1711 acc=0.9836 cells=158379
[ct_train] rechunked train graphs (seed=100)

=== Epoch 100/1000 ===
  [train] epoch=100 step=20/33 loss=4.6508 cls=0.4115 cme=2.1196 acc=0.9854
[train] loss=4.7621 cls=0.4202 cme=2.1710 acc=0.9836 cells=158379
[val]   loss=4.8347 eval=2.6278 cls=0.4210 cme=2.2069 acc=0.9751 cells=118036
[ct_train] saved best checkpoint (val_eval_loss=2.6278 val_acc=0.9759)
[ct_train] rechunked train graphs (seed=101)

=== Epoch 101/1000 ===
  [train] epoch=101 step=20/33 loss=4.7781 cls=0.4136 cme=2.1823 acc=0.9861
[train] loss=4.7603 cls=0.4216 cme=2.1694 acc=0.9829 cells=158379
[ct_train] rechunked train graphs (seed=102)

=== Epoch 102/1000 ===
  [train] epoch=102 step=20/33 loss=4.7493 cls=0.4125 cme=2.1684 acc=0.9874
[train] loss=4.7618 cls=0.4206 cme=2.1706 acc=0.9836 cells=158379
[val]   loss=4.8344 eval=2.6273 cls=0.4201 cme=2.2071 acc=0.9754 cells=118036
[ct_train] saved best checkpoint (val_eval_loss=2.6273 val_acc=0.9759)
[ct_train] rechunked train graphs (seed=103)

=== Epoch 103/1000 ===
  [train] epoch=103 step=20/33 loss=4.8482 cls=0.4333 cme=2.2075 acc=0.9775
[train] loss=4.7562 cls=0.4197 cme=2.1683 acc=0.9836 cells=158379
[ct_train] rechunked train graphs (seed=104)

=== Epoch 104/1000 ===
  [train] epoch=104 step=20/33 loss=4.7572 cls=0.4115 cme=2.1728 acc=0.9877
[train] loss=4.7543 cls=0.4196 cme=2.1673 acc=0.9835 cells=158379
[val]   loss=4.8404 eval=2.6302 cls=0.4200 cme=2.2102 acc=0.9754 cells=118036
[ct_train] early_stopping: no improve on val/eval_loss for 1/32 val checks
[ct_train] rechunked train graphs (seed=105)

=== Epoch 105/1000 ===
  [train] epoch=105 step=20/33 loss=4.9757 cls=0.4302 cme=2.2727 acc=0.9810
[train] loss=4.7617 cls=0.4197 cme=2.1710 acc=0.9837 cells=158379
[ct_train] rechunked train graphs (seed=106)

=== Epoch 106/1000 ===
  [train] epoch=106 step=20/33 loss=4.7098 cls=0.4183 cme=2.1457 acc=0.9843
[train] loss=4.7553 cls=0.4180 cme=2.1686 acc=0.9844 cells=158379
[val]   loss=4.8356 eval=2.6281 cls=0.4205 cme=2.2076 acc=0.9755 cells=118036
[ct_train] early_stopping: no improve on val/eval_loss for 2/32 val checks
[ct_train] rechunked train graphs (seed=107)

=== Epoch 107/1000 ===
  [train] epoch=107 step=20/33 loss=4.8858 cls=0.4269 cme=2.2295 acc=0.9822
[train] loss=4.7531 cls=0.4189 cme=2.1671 acc=0.9837 cells=158379
[ct_train] rechunked train graphs (seed=108)

=== Epoch 108/1000 ===
  [train] epoch=108 step=20/33 loss=4.6054 cls=0.4043 cme=2.1006 acc=0.9873
[train] loss=4.7508 cls=0.4188 cme=2.1660 acc=0.9835 cells=158379
[val]   loss=4.8391 eval=2.6294 cls=0.4196 cme=2.2098 acc=0.9750 cells=118036
[ct_train] early_stopping: no improve on val/eval_loss for 3/32 val checks
[ct_train] rechunked train graphs (seed=109)

=== Epoch 109/1000 ===
  [train] epoch=109 step=20/33 loss=4.4950 cls=0.4158 cme=2.0396 acc=0.9834
[train] loss=4.7506 cls=0.4188 cme=2.1659 acc=0.9837 cells=158379
[ct_train] rechunked train graphs (seed=110)

=== Epoch 110/1000 ===
  [train] epoch=110 step=20/33 loss=4.7563 cls=0.4116 cme=2.1724 acc=0.9853
[train] loss=4.7539 cls=0.4182 cme=2.1679 acc=0.9837 cells=158379
[val]   loss=4.8445 eval=2.6320 cls=0.4196 cme=2.2125 acc=0.9752 cells=118036
[ct_train] early_stopping: no improve on val/eval_loss for 4/32 val checks
[ct_train] rechunked train graphs (seed=111)

=== Epoch 111/1000 ===
  [train] epoch=111 step=20/33 loss=4.8736 cls=0.4249 cme=2.2244 acc=0.9822
[train] loss=4.7469 cls=0.4170 cme=2.1649 acc=0.9843 cells=158379
[ct_train] rechunked train graphs (seed=112)

=== Epoch 112/1000 ===
  [train] epoch=112 step=20/33 loss=4.8107 cls=0.4256 cme=2.1926 acc=0.9816
[train] loss=4.7473 cls=0.4173 cme=2.1650 acc=0.9840 cells=158379
[val]   loss=4.8388 eval=2.6293 cls=0.4198 cme=2.2095 acc=0.9757 cells=118036
[ct_train] early_stopping: no improve on val/eval_loss for 5/32 val checks
[ct_train] rechunked train graphs (seed=113)

=== Epoch 113/1000 ===
  [train] epoch=113 step=20/33 loss=4.7561 cls=0.4074 cme=2.1743 acc=0.9887
[train] loss=4.7455 cls=0.4169 cme=2.1643 acc=0.9840 cells=158379
[ct_train] rechunked train graphs (seed=114)

=== Epoch 114/1000 ===
  [train] epoch=114 step=20/33 loss=4.4701 cls=0.4100 cme=2.0300 acc=0.9862
[train] loss=4.7411 cls=0.4158 cme=2.1626 acc=0.9845 cells=158379
[val]   loss=4.8367 eval=2.6283 cls=0.4198 cme=2.2084 acc=0.9756 cells=118036
[ct_train] early_stopping: no improve on val/eval_loss for 6/32 val checks
[ct_train] rechunked train graphs (seed=115)

=== Epoch 115/1000 ===
  [train] epoch=115 step=20/33 loss=4.8828 cls=0.4301 cme=2.2263 acc=0.9816
[train] loss=4.7408 cls=0.4156 cme=2.1626 acc=0.9846 cells=158379
[ct_train] rechunked train graphs (seed=116)

=== Epoch 116/1000 ===
  [train] epoch=116 step=20/33 loss=4.6398 cls=0.4073 cme=2.1163 acc=0.9867
[train] loss=4.7395 cls=0.4149 cme=2.1623 acc=0.9847 cells=158379
[val]   loss=4.8367 eval=2.6280 cls=0.4194 cme=2.2086 acc=0.9751 cells=118036
[ct_train] early_stopping: no improve on val/eval_loss for 7/32 val checks
[ct_train] rechunked train graphs (seed=117)

=== Epoch 117/1000 ===
  [train] epoch=117 step=20/33 loss=4.6795 cls=0.4028 cme=2.1383 acc=0.9901
[train] loss=4.7388 cls=0.4148 cme=2.1620 acc=0.9846 cells=158379
[ct_train] rechunked train graphs (seed=118)

=== Epoch 118/1000 ===
  [train] epoch=118 step=20/33 loss=4.9860 cls=0.4165 cme=2.2848 acc=0.9852
[train] loss=4.7390 cls=0.4132 cme=2.1629 acc=0.9853 cells=158379
[val]   loss=4.8339 eval=2.6255 cls=0.4171 cme=2.2084 acc=0.9761 cells=118036
[ct_train] saved best checkpoint (val_eval_loss=2.6255 val_acc=0.9761)
[ct_train] rechunked train graphs (seed=119)

=== Epoch 119/1000 ===
  [train] epoch=119 step=20/33 loss=4.5281 cls=0.4028 cme=2.0627 acc=0.9909
[train] loss=4.7364 cls=0.4137 cme=2.1613 acc=0.9851 cells=158379
[ct_train] rechunked train graphs (seed=120)

=== Epoch 120/1000 ===
  [train] epoch=120 step=20/33 loss=4.4719 cls=0.4061 cme=2.0329 acc=0.9880
[train] loss=4.7464 cls=0.4145 cme=2.1660 acc=0.9848 cells=158379
[val]   loss=4.8387 eval=2.6289 cls=0.4191 cme=2.2098 acc=0.9764 cells=118036
[ct_train] early_stopping: no improve on val/eval_loss for 1/32 val checks
[ct_train] rechunked train graphs (seed=121)

=== Epoch 121/1000 ===
  [train] epoch=121 step=20/33 loss=4.8719 cls=0.4218 cme=2.2251 acc=0.9829
[train] loss=4.7346 cls=0.4132 cme=2.1607 acc=0.9851 cells=158379
[ct_train] rechunked train graphs (seed=122)

=== Epoch 122/1000 ===
  [train] epoch=122 step=20/33 loss=4.5258 cls=0.4043 cme=2.0607 acc=0.9909
[train] loss=4.7376 cls=0.4145 cme=2.1615 acc=0.9846 cells=158379
[val]   loss=4.8355 eval=2.6286 cls=0.4217 cme=2.2069 acc=0.9746 cells=118036
[ct_train] early_stopping: no improve on val/eval_loss for 2/32 val checks
[ct_train] rechunked train graphs (seed=123)

=== Epoch 123/1000 ===
  [train] epoch=123 step=20/33 loss=4.7361 cls=0.4061 cme=2.1650 acc=0.9876
[train] loss=4.7374 cls=0.4131 cme=2.1621 acc=0.9852 cells=158379
[ct_train] rechunked train graphs (seed=124)

=== Epoch 124/1000 ===
  [train] epoch=124 step=20/33 loss=4.7485 cls=0.4049 cme=2.1718 acc=0.9872
[train] loss=4.7342 cls=0.4118 cme=2.1612 acc=0.9855 cells=158379
[val]   loss=4.8430 eval=2.6337 cls=0.4244 cme=2.2093 acc=0.9742 cells=118036
[ct_train] early_stopping: no improve on val/eval_loss for 3/32 val checks
[ct_train] rechunked train graphs (seed=125)

=== Epoch 125/1000 ===
  [train] epoch=125 step=20/33 loss=4.7925 cls=0.4211 cme=2.1857 acc=0.9834
[train] loss=4.7321 cls=0.4119 cme=2.1601 acc=0.9858 cells=158379
[ct_train] rechunked train graphs (seed=126)

=== Epoch 126/1000 ===
  [train] epoch=126 step=20/33 loss=4.6315 cls=0.4120 cme=2.1097 acc=0.9841
[train] loss=4.7288 cls=0.4119 cme=2.1584 acc=0.9857 cells=158379
[val]   loss=4.8383 eval=2.6289 cls=0.4196 cme=2.2094 acc=0.9756 cells=118036
[ct_train] early_stopping: no improve on val/eval_loss for 4/32 val checks
[ct_train] rechunked train graphs (seed=127)

=== Epoch 127/1000 ===
  [train] epoch=127 step=20/33 loss=4.7685 cls=0.4294 cme=2.1695 acc=0.9793
[train] loss=4.7297 cls=0.4119 cme=2.1589 acc=0.9855 cells=158379
[ct_train] rechunked train graphs (seed=128)

=== Epoch 128/1000 ===
  [train] epoch=128 step=20/33 loss=4.6167 cls=0.4030 cme=2.1068 acc=0.9885
[train] loss=4.7303 cls=0.4105 cme=2.1599 acc=0.9862 cells=158379
[val]   loss=4.8472 eval=2.6344 cls=0.4215 cme=2.2128 acc=0.9753 cells=118036
[ct_train] early_stopping: no improve on val/eval_loss for 5/32 val checks
[ct_train] rechunked train graphs (seed=129)

=== Epoch 129/1000 ===
  [train] epoch=129 step=20/33 loss=4.9617 cls=0.4124 cme=2.2747 acc=0.9839
[train] loss=4.7257 cls=0.4102 cme=2.1578 acc=0.9860 cells=158379
[ct_train] rechunked train graphs (seed=130)

=== Epoch 130/1000 ===
  [train] epoch=130 step=20/33 loss=4.9859 cls=0.4141 cme=2.2859 acc=0.9878
[train] loss=4.7298 cls=0.4109 cme=2.1595 acc=0.9859 cells=158379
[val]   loss=4.8460 eval=2.6348 cls=0.4235 cme=2.2112 acc=0.9751 cells=118036
[ct_train] early_stopping: no improve on val/eval_loss for 6/32 val checks
[ct_train] rechunked train graphs (seed=131)

=== Epoch 131/1000 ===
  [train] epoch=131 step=20/33 loss=4.5393 cls=0.4070 cme=2.0662 acc=0.9890
[train] loss=4.7266 cls=0.4097 cme=2.1584 acc=0.9864 cells=158379
[ct_train] rechunked train graphs (seed=132)

=== Epoch 132/1000 ===
  [train] epoch=132 step=20/33 loss=4.9085 cls=0.4146 cme=2.2469 acc=0.9875
[train] loss=4.7223 cls=0.4086 cme=2.1568 acc=0.9866 cells=158379
[val]   loss=4.8443 eval=2.6336 cls=0.4229 cme=2.2107 acc=0.9752 cells=118036
[ct_train] early_stopping: no improve on val/eval_loss for 7/32 val checks
[ct_train] rechunked train graphs (seed=133)

=== Epoch 133/1000 ===
  [train] epoch=133 step=20/33 loss=4.7261 cls=0.4011 cme=2.1625 acc=0.9903
[train] loss=4.7220 cls=0.4083 cme=2.1568 acc=0.9869 cells=158379
[ct_train] rechunked train graphs (seed=134)

=== Epoch 134/1000 ===
  [train] epoch=134 step=20/33 loss=4.5127 cls=0.4045 cme=2.0541 acc=0.9881
[train] loss=4.7200 cls=0.4084 cme=2.1558 acc=0.9869 cells=158379
[val]   loss=4.8360 eval=2.6279 cls=0.4198 cme=2.2081 acc=0.9760 cells=118036
[ct_train] early_stopping: no improve on val/eval_loss for 8/32 val checks
[ct_train] rechunked train graphs (seed=135)

=== Epoch 135/1000 ===
  [train] epoch=135 step=20/33 loss=4.6787 cls=0.3986 cme=2.1400 acc=0.9906
[train] loss=4.7202 cls=0.4080 cme=2.1561 acc=0.9868 cells=158379
[ct_train] rechunked train graphs (seed=136)

=== Epoch 136/1000 ===
  [train] epoch=136 step=20/33 loss=4.7867 cls=0.4085 cme=2.1891 acc=0.9867
[train] loss=4.7223 cls=0.4076 cme=2.1574 acc=0.9870 cells=158379
[val]   loss=4.8463 eval=2.6343 cls=0.4222 cme=2.2120 acc=0.9756 cells=118036
[ct_train] early_stopping: no improve on val/eval_loss for 9/32 val checks
[ct_train] rechunked train graphs (seed=137)

=== Epoch 137/1000 ===
  [train] epoch=137 step=20/33 loss=4.5612 cls=0.3881 cme=2.0866 acc=0.9954
[train] loss=4.7205 cls=0.4074 cme=2.1566 acc=0.9871 cells=158379
[ct_train] rechunked train graphs (seed=138)

=== Epoch 138/1000 ===
  [train] epoch=138 step=20/33 loss=4.7589 cls=0.4173 cme=2.1708 acc=0.9843
[train] loss=4.7162 cls=0.4076 cme=2.1543 acc=0.9870 cells=158379
[val]   loss=4.8459 eval=2.6326 cls=0.4193 cme=2.2133 acc=0.9757 cells=118036
[ct_train] early_stopping: no improve on val/eval_loss for 10/32 val checks
[ct_train] rechunked train graphs (seed=139)

=== Epoch 139/1000 ===
  [train] epoch=139 step=20/33 loss=4.8084 cls=0.4177 cme=2.1953 acc=0.9827
[train] loss=4.7176 cls=0.4077 cme=2.1550 acc=0.9866 cells=158379
[ct_train] rechunked train graphs (seed=140)

=== Epoch 140/1000 ===
  [train] epoch=140 step=20/33 loss=4.7116 cls=0.4010 cme=2.1553 acc=0.9912
[train] loss=4.7133 cls=0.4060 cme=2.1537 acc=0.9873 cells=158379
[val]   loss=4.8402 eval=2.6311 cls=0.4221 cme=2.2091 acc=0.9755 cells=118036
[ct_train] early_stopping: no improve on val/eval_loss for 11/32 val checks
[ct_train] rechunked train graphs (seed=141)

=== Epoch 141/1000 ===
  [train] epoch=141 step=20/33 loss=4.7863 cls=0.4087 cme=2.1888 acc=0.9882
[train] loss=4.7119 cls=0.4064 cme=2.1528 acc=0.9871 cells=158379
[ct_train] rechunked train graphs (seed=142)

=== Epoch 142/1000 ===
  [train] epoch=142 step=20/33 loss=4.7194 cls=0.3986 cme=2.1604 acc=0.9887
[train] loss=4.7132 cls=0.4063 cme=2.1535 acc=0.9868 cells=158379
[val]   loss=4.8387 eval=2.6303 cls=0.4220 cme=2.2083 acc=0.9754 cells=118036
[ct_train] early_stopping: no improve on val/eval_loss for 12/32 val checks
[ct_train] rechunked train graphs (seed=143)

=== Epoch 143/1000 ===
  [train] epoch=143 step=20/33 loss=4.7478 cls=0.4189 cme=2.1644 acc=0.9831
[train] loss=4.7107 cls=0.4056 cme=2.1526 acc=0.9877 cells=158379
[ct_train] rechunked train graphs (seed=144)

=== Epoch 144/1000 ===
  [train] epoch=144 step=20/33 loss=4.9638 cls=0.4144 cme=2.2747 acc=0.9838
[train] loss=4.7107 cls=0.4054 cme=2.1526 acc=0.9872 cells=158379
[val]   loss=4.8444 eval=2.6336 cls=0.4228 cme=2.2108 acc=0.9753 cells=118036
[ct_train] early_stopping: no improve on val/eval_loss for 13/32 val checks
[ct_train] rechunked train graphs (seed=145)

=== Epoch 145/1000 ===
  [train] epoch=145 step=20/33 loss=4.8488 cls=0.4113 cme=2.2188 acc=0.9880
[train] loss=4.7110 cls=0.4054 cme=2.1528 acc=0.9874 cells=158379
[ct_train] rechunked train graphs (seed=146)

=== Epoch 146/1000 ===
  [train] epoch=146 step=20/33 loss=4.5424 cls=0.3845 cme=2.0790 acc=0.9968
[train] loss=4.7077 cls=0.4045 cme=2.1516 acc=0.9876 cells=158379
[val]   loss=4.8424 eval=2.6324 cls=0.4223 cme=2.2101 acc=0.9755 cells=118036
[ct_train] early_stopping: no improve on val/eval_loss for 14/32 val checks
[ct_train] rechunked train graphs (seed=147)

=== Epoch 147/1000 ===
  [train] epoch=147 step=20/33 loss=4.7721 cls=0.4127 cme=2.1797 acc=0.9829
[train] loss=4.7069 cls=0.4044 cme=2.1512 acc=0.9879 cells=158379
[ct_train] rechunked train graphs (seed=148)

=== Epoch 148/1000 ===
  [train] epoch=148 step=20/33 loss=4.8402 cls=0.4094 cme=2.2154 acc=0.9878
[train] loss=4.7047 cls=0.4042 cme=2.1503 acc=0.9879 cells=158379
[val]   loss=4.8455 eval=2.6343 cls=0.4232 cme=2.2112 acc=0.9758 cells=118036
[ct_train] early_stopping: no improve on val/eval_loss for 15/32 val checks
[ct_train] rechunked train graphs (seed=149)

=== Epoch 149/1000 ===
  [train] epoch=149 step=20/33 loss=4.8082 cls=0.4194 cme=2.1944 acc=0.9831
[train] loss=4.7035 cls=0.4035 cme=2.1500 acc=0.9879 cells=158379
[ct_train] rechunked train graphs (seed=150)

=== Epoch 150/1000 ===
  [train] epoch=150 step=20/33 loss=4.7090 cls=0.3961 cme=2.1565 acc=0.9911
[train] loss=4.7068 cls=0.4037 cme=2.1516 acc=0.9876 cells=158379
[val]   loss=4.8476 eval=2.6347 cls=0.4217 cme=2.2130 acc=0.9757 cells=118036
[ct_train] early_stopping: no improve on val/eval_loss for 16/32 val checks
[ct_train] rechunked train graphs (seed=151)

=== Epoch 151/1000 ===
  [train] epoch=151 step=20/33 loss=4.8569 cls=0.4193 cme=2.2188 acc=0.9844
[train] loss=4.7101 cls=0.4042 cme=2.1530 acc=0.9875 cells=158379
[ct_train] rechunked train graphs (seed=152)

=== Epoch 152/1000 ===
  [train] epoch=152 step=20/33 loss=4.7064 cls=0.3998 cme=2.1533 acc=0.9894
[train] loss=4.7044 cls=0.4029 cme=2.1507 acc=0.9879 cells=158379
[val]   loss=4.8372 eval=2.6299 cls=0.4225 cme=2.2073 acc=0.9754 cells=118036
[ct_train] early_stopping: no improve on val/eval_loss for 17/32 val checks
[ct_train] rechunked train graphs (seed=153)

=== Epoch 153/1000 ===
  [train] epoch=153 step=20/33 loss=4.5469 cls=0.3836 cme=2.0816 acc=0.9977
[train] loss=4.7014 cls=0.4022 cme=2.1496 acc=0.9884 cells=158379
[ct_train] rechunked train graphs (seed=154)

=== Epoch 154/1000 ===
  [train] epoch=154 step=20/33 loss=4.4976 cls=0.3910 cme=2.0533 acc=0.9941
[train] loss=4.7015 cls=0.4015 cme=2.1500 acc=0.9885 cells=158379
[val]   loss=4.8436 eval=2.6331 cls=0.4226 cme=2.2105 acc=0.9757 cells=118036
[ct_train] early_stopping: no improve on val/eval_loss for 18/32 val checks
[ct_train] rechunked train graphs (seed=155)

=== Epoch 155/1000 ===
  [train] epoch=155 step=20/33 loss=4.6011 cls=0.4009 cme=2.1001 acc=0.9875
[train] loss=4.6967 cls=0.4014 cme=2.1477 acc=0.9887 cells=158379
[ct_train] rechunked train graphs (seed=156)

=== Epoch 156/1000 ===
  [train] epoch=156 step=20/33 loss=4.5970 cls=0.3993 cme=2.0989 acc=0.9892
[train] loss=4.6946 cls=0.4007 cme=2.1469 acc=0.9890 cells=158379
[val]   loss=4.8454 eval=2.6347 cls=0.4241 cme=2.2107 acc=0.9751 cells=118036
[ct_train] early_stopping: no improve on val/eval_loss for 19/32 val checks
[ct_train] rechunked train graphs (seed=157)

=== Epoch 157/1000 ===
  [train] epoch=157 step=20/33 loss=4.5918 cls=0.4059 cme=2.0929 acc=0.9855
[train] loss=4.6957 cls=0.4012 cme=2.1473 acc=0.9885 cells=158379
[ct_train] rechunked train graphs (seed=158)

=== Epoch 158/1000 ===
  [train] epoch=158 step=20/33 loss=4.9596 cls=0.4054 cme=2.2771 acc=0.9890
[train] loss=4.6972 cls=0.4019 cme=2.1476 acc=0.9883 cells=158379
[val]   loss=4.8437 eval=2.6326 cls=0.4215 cme=2.2111 acc=0.9757 cells=118036
[ct_train] early_stopping: no improve on val/eval_loss for 20/32 val checks
[ct_train] rechunked train graphs (seed=159)

=== Epoch 159/1000 ===
  [train] epoch=159 step=20/33 loss=4.7370 cls=0.4156 cme=2.1607 acc=0.9835
[train] loss=4.6976 cls=0.3999 cme=2.1489 acc=0.9893 cells=158379
[ct_train] rechunked train graphs (seed=160)

=== Epoch 160/1000 ===
  [train] epoch=160 step=20/33 loss=4.9667 cls=0.4024 cme=2.2822 acc=0.9886
[train] loss=4.6949 cls=0.4003 cme=2.1473 acc=0.9889 cells=158379
[val]   loss=4.8450 eval=2.6339 cls=0.4229 cme=2.2110 acc=0.9757 cells=118036
[ct_train] early_stopping: no improve on val/eval_loss for 21/32 val checks
[ct_train] rechunked train graphs (seed=161)

=== Epoch 161/1000 ===
  [train] epoch=161 step=20/33 loss=4.7752 cls=0.4038 cme=2.1857 acc=0.9876
[train] loss=4.6957 cls=0.4015 cme=2.1471 acc=0.9885 cells=158379
[ct_train] rechunked train graphs (seed=162)

=== Epoch 162/1000 ===
  [train] epoch=162 step=20/33 loss=4.6441 cls=0.3909 cme=2.1266 acc=0.9941
[train] loss=4.6953 cls=0.3994 cme=2.1479 acc=0.9891 cells=158379
[val]   loss=4.8546 eval=2.6391 cls=0.4236 cme=2.2155 acc=0.9759 cells=118036
[ct_train] early_stopping: no improve on val/eval_loss for 22/32 val checks
[ct_train] rechunked train graphs (seed=163)

=== Epoch 163/1000 ===
  [train] epoch=163 step=20/33 loss=4.7519 cls=0.4115 cme=2.1702 acc=0.9850
[train] loss=4.7021 cls=0.4009 cme=2.1506 acc=0.9886 cells=158379
[ct_train] rechunked train graphs (seed=164)

=== Epoch 164/1000 ===
  [train] epoch=164 step=20/33 loss=4.5935 cls=0.3961 cme=2.0987 acc=0.9917
[train] loss=4.6947 cls=0.4007 cme=2.1470 acc=0.9885 cells=158379
[val]   loss=4.8501 eval=2.6364 cls=0.4227 cme=2.2137 acc=0.9754 cells=118036
[ct_train] early_stopping: no improve on val/eval_loss for 23/32 val checks
[ct_train] rechunked train graphs (seed=165)

=== Epoch 165/1000 ===
  [train] epoch=165 step=20/33 loss=4.9264 cls=0.4006 cme=2.2629 acc=0.9894
[train] loss=4.6889 cls=0.3983 cme=2.1453 acc=0.9894 cells=158379
[ct_train] rechunked train graphs (seed=166)

=== Epoch 166/1000 ===
  [train] epoch=166 step=20/33 loss=4.5851 cls=0.3950 cme=2.0951 acc=0.9907
[train] loss=4.6884 cls=0.3982 cme=2.1451 acc=0.9895 cells=158379
[val]   loss=4.8580 eval=2.6423 cls=0.4266 cme=2.2157 acc=0.9745 cells=118036
[ct_train] early_stopping: no improve on val/eval_loss for 24/32 val checks
[ct_train] rechunked train graphs (seed=167)

=== Epoch 167/1000 ===
  [train] epoch=167 step=20/33 loss=4.5110 cls=0.3925 cme=2.0592 acc=0.9925
[train] loss=4.6887 cls=0.3980 cme=2.1453 acc=0.9898 cells=158379
[ct_train] rechunked train graphs (seed=168)

=== Epoch 168/1000 ===
  [train] epoch=168 step=20/33 loss=4.8737 cls=0.4046 cme=2.2345 acc=0.9887
[train] loss=4.6870 cls=0.3988 cme=2.1441 acc=0.9889 cells=158379
[val]   loss=4.8530 eval=2.6387 cls=0.4243 cme=2.2144 acc=0.9757 cells=118036
[ct_train] early_stopping: no improve on val/eval_loss for 25/32 val checks
[ct_train] rechunked train graphs (seed=169)

=== Epoch 169/1000 ===
  [train] epoch=169 step=20/33 loss=4.5775 cls=0.3930 cme=2.0922 acc=0.9919
[train] loss=4.6858 cls=0.3979 cme=2.1439 acc=0.9897 cells=158379
[ct_train] rechunked train graphs (seed=170)

=== Epoch 170/1000 ===
  [train] epoch=170 step=20/33 loss=4.5713 cls=0.3949 cme=2.0882 acc=0.9901
[train] loss=4.6878 cls=0.3973 cme=2.1453 acc=0.9896 cells=158379
[val]   loss=4.8664 eval=2.6469 cls=0.4274 cme=2.2195 acc=0.9748 cells=118036
[ct_train] early_stopping: no improve on val/eval_loss for 26/32 val checks
[ct_train] rechunked train graphs (seed=171)

=== Epoch 171/1000 ===
  [train] epoch=171 step=20/33 loss=4.6133 cls=0.3888 cme=2.1122 acc=0.9945
[train] loss=4.6849 cls=0.3974 cme=2.1437 acc=0.9896 cells=158379
[ct_train] rechunked train graphs (seed=172)

=== Epoch 172/1000 ===
  [train] epoch=172 step=20/33 loss=4.8334 cls=0.4114 cme=2.2110 acc=0.9872
[train] loss=4.6855 cls=0.3964 cme=2.1445 acc=0.9898 cells=158379
[val]   loss=4.8596 eval=2.6424 cls=0.4251 cme=2.2173 acc=0.9754 cells=118036
[ct_train] early_stopping: no improve on val/eval_loss for 27/32 val checks
[ct_train] rechunked train graphs (seed=173)

=== Epoch 173/1000 ===
  [train] epoch=173 step=20/33 loss=4.8281 cls=0.4004 cme=2.2139 acc=0.9896
[train] loss=4.6888 cls=0.3971 cme=2.1458 acc=0.9899 cells=158379
[ct_train] rechunked train graphs (seed=174)

=== Epoch 174/1000 ===
  [train] epoch=174 step=20/33 loss=4.6729 cls=0.3970 cme=2.1380 acc=0.9909
[train] loss=4.6843 cls=0.3972 cme=2.1436 acc=0.9896 cells=158379
[val]   loss=4.8720 eval=2.6492 cls=0.4263 cme=2.2229 acc=0.9755 cells=118036
[ct_train] early_stopping: no improve on val/eval_loss for 28/32 val checks
[ct_train] rechunked train graphs (seed=175)

=== Epoch 175/1000 ===
  [train] epoch=175 step=20/33 loss=4.7896 cls=0.4115 cme=2.1891 acc=0.9842
[train] loss=4.6842 cls=0.3972 cme=2.1435 acc=0.9896 cells=158379
[ct_train] rechunked train graphs (seed=176)

=== Epoch 176/1000 ===
  [train] epoch=176 step=20/33 loss=4.7803 cls=0.4086 cme=2.1858 acc=0.9846
[train] loss=4.6843 cls=0.3958 cme=2.1442 acc=0.9901 cells=158379
[val]   loss=4.8653 eval=2.6464 cls=0.4275 cme=2.2189 acc=0.9752 cells=118036
[ct_train] early_stopping: no improve on val/eval_loss for 29/32 val checks
[ct_train] rechunked train graphs (seed=177)

=== Epoch 177/1000 ===
  [train] epoch=177 step=20/33 loss=4.6755 cls=0.3856 cme=2.1449 acc=0.9962
[train] loss=4.6766 cls=0.3953 cme=2.1407 acc=0.9902 cells=158379
[ct_train] rechunked train graphs (seed=178)

=== Epoch 178/1000 ===
  [train] epoch=178 step=20/33 loss=4.6838 cls=0.3858 cme=2.1490 acc=0.9956
[train] loss=4.6779 cls=0.3956 cme=2.1412 acc=0.9902 cells=158379
[val]   loss=4.8614 eval=2.6437 cls=0.4259 cme=2.2178 acc=0.9759 cells=118036
[ct_train] early_stopping: no improve on val/eval_loss for 30/32 val checks
[ct_train] rechunked train graphs (seed=179)

=== Epoch 179/1000 ===
  [train] epoch=179 step=20/33 loss=4.7496 cls=0.3953 cme=2.1771 acc=0.9908
[train] loss=4.6779 cls=0.3961 cme=2.1409 acc=0.9897 cells=158379
[ct_train] rechunked train graphs (seed=180)

=== Epoch 180/1000 ===
  [train] epoch=180 step=20/33 loss=4.5745 cls=0.4022 cme=2.0862 acc=0.9861
[train] loss=4.6789 cls=0.3962 cme=2.1413 acc=0.9902 cells=158379
[val]   loss=4.8543 eval=2.6404 cls=0.4265 cme=2.2139 acc=0.9754 cells=118036
[ct_train] early_stopping: no improve on val/eval_loss for 31/32 val checks
[ct_train] rechunked train graphs (seed=181)

=== Epoch 181/1000 ===
  [train] epoch=181 step=20/33 loss=4.6561 cls=0.3957 cme=2.1302 acc=0.9912
[train] loss=4.6772 cls=0.3936 cme=2.1418 acc=0.9909 cells=158379
[ct_train] rechunked train graphs (seed=182)

=== Epoch 182/1000 ===
  [train] epoch=182 step=20/33 loss=4.7764 cls=0.4068 cme=2.1848 acc=0.9867
[train] loss=4.6721 cls=0.3936 cme=2.1392 acc=0.9909 cells=158379
[val]   loss=4.8541 eval=2.6403 cls=0.4264 cme=2.2138 acc=0.9755 cells=118036
[ct_train] early_stopping: no improve on val/eval_loss for 32/32 val checks
[ct_train] early stopping at epoch 182 (patience=32, monitor=val/eval_loss)

[ct_train] done. best_val_acc=0.9764  best_val_eval_loss=2.6255  checkpoints=/home/abel/code/Tissue-Reassembly-using-GenAI-and-new-metrics/exploration/cell_types/outputs/exp037_graph12288  logs=/home/abel/code/Tissue-Reassembly-using-GenAI-and-new-metrics/exploration/cell_types/logs/exp037_graph12288/20260807_212638
wandb: updating run metadata
wandb: uploading wandb-summary.json; uploading config.yaml; uploading output.log
wandb: 
wandb: Run summary:
wandb:                      best_epoch 118
wandb:                    best_val_acc 0.97637
wandb:              best_val_eval_loss 2.62549
wandb:                           epoch 182
wandb:                              lr 0.0002
wandb:           model/parameter_count 1149980
wandb: model/trainable_parameter_count 1149980
wandb:                       train/acc 0.99093
wandb:       train/acc_per_class/Astro 0.99499
wandb:        train/acc_per_class/Endo 0.98909
wandb:                             +58 ...
wandb: 
wandb:  View run exp037_graph12288 at: https://wandb.ai/abel-salmona-polytechnique-montr-al/cell_types/runs/kc65clc4
wandb:  View project at: https://wandb.ai/abel-salmona-polytechnique-montr-al/cell_types
wandb: Synced 5 W&B file(s), 1 media file(s), 2 artifact file(s) and 1 other file(s)
wandb: Find logs at: ./exploration/cell_types/logs/exp037_graph12288/20260807_212638/wandb/run-20260807_212645-kc65clc4/logs
