[ct_train] config=exploration/cell_types/experiments/configs/exp070_clip0p5.json
[ct_train] device=cuda  checkpoints=/home/abel/code/Tissue-Reassembly-using-GenAI-and-new-metrics/exploration/cell_types/outputs/exp070_clip0p5
[ct_train] logs=/home/abel/code/Tissue-Reassembly-using-GenAI-and-new-metrics/exploration/cell_types/logs/exp070_clip0p5/20260807_233445
[ct_train] Loading data …
[DataModule] Reading '/home/abel/biodata/MERFISH_LUNA_small_cortex/MERFISH_mouse_cortex_train.csv' (split=train) with float32 dtype on 254 gene cols + coord cols …
[DataModule] Loaded 158,379 rows for split=train.
[DataModule] Reading '/home/abel/biodata/MERFISH_LUNA_small_cortex/MERFISH_mouse_cortex_test.csv' (split=test) with float32 dtype on 254 gene cols + coord cols …
[DataModule] Loaded 118,036 rows for split=test.
[DataModule] Reading '/home/abel/biodata/MERFISH_LUNA_small_cortex/MERFISH_mouse_cortex_test.csv' (split=validation) with float32 dtype on 254 gene cols + coord cols …
[DataModule] Loaded 118,036 rows for split=validation.
[ct_train] genes=254  classes=23
[ct_train] model predict_cme=True  params=1,305,308
[ct_train] soft CME loaded split=train sigma=96.0 n=158379 C=23
[ct_train] soft CME loaded split=validation sigma=96.0 n=118036 C=23
[ct_train] soft CME loaded split=train sigma=50.0 n=158379 C=23
[ct_train] soft CME loaded split=train sigma=64.0 n=158379 C=23
[ct_train] soft CME loaded split=validation sigma=50.0 n=118036 C=23
[ct_train] soft CME loaded split=validation sigma=64.0 n=118036 C=23
wandb: [wandb.login()] Loaded credentials for https://api.wandb.ai from /home/abel/.netrc.
wandb: Currently logged in as: abel-salmona (abel-salmona-polytechnique-montr-al) to https://api.wandb.ai. Use `wandb login --relogin` to force relogin
wandb: WARNING Using a boolean value for 'reinit' is deprecated. Use 'return_previous' or 'finish_previous' instead.
wandb: setting up run gfr0dvj3
wandb: Tracking run with wandb version 0.26.1
wandb: Run data is saved locally in /home/abel/code/Tissue-Reassembly-using-GenAI-and-new-metrics/exploration/cell_types/logs/exp070_clip0p5/20260807_233445/wandb/run-20260807_233454-gfr0dvj3
wandb: Run `wandb offline` to turn off syncing.
wandb: Syncing run exp070_clip0p5
wandb:  View project at https://wandb.ai/abel-salmona-polytechnique-montr-al/cell_types
wandb:  View run at https://wandb.ai/abel-salmona-polytechnique-montr-al/cell_types/runs/gfr0dvj3
wandb: WARNING Saving files without folders. If you want to preserve subdirectories pass base_path to wandb.save, i.e. wandb.save("/mnt/folder/file.h5", base_path="/mnt")
wandb: WARNING Symlinked 1 file into the W&B run directory; call wandb.save again to sync new files.
[ct_train] wandb: project=cell_types name=exp070_clip0p5 mode=online url=https://wandb.ai/abel-salmona-polytechnique-montr-al/cell_types/runs/gfr0dvj3
[ct_train] parameters: total=1,305,308 trainable=1,305,308
  [params] mlp_in_node_features: 26,720
  [params] transformer_layers: 633,600
  [params] type_stage1: 28,320
  [params] env_stage1: 93,056
  [params] type_probe: 2,231
  [params] env_probe: 7,383
  [params] fusion_mlp: 383,008
  [params] type_stage2: 30,551
  [params] env_stage2: 100,439
[ct_train] rechunked train graphs (seed=1)

=== Epoch 1/1000 ===
[train] loss=8.7511 cls=2.7612 cme=2.7861 acc=0.2306 cells=158379
[ct_train] rechunked train graphs (seed=2)

=== Epoch 2/1000 ===
[train] loss=7.2942 cls=1.8743 cme=2.5232 acc=0.6521 cells=158379
[val]   loss=6.5951 eval=3.7840 cls=1.3334 cme=2.4506 acc=0.7514 cells=118036
[ct_train] saved best checkpoint (val_eval_loss=3.7840 val_acc=0.7514)
[ct_train] rechunked train graphs (seed=3)

=== Epoch 3/1000 ===
[train] loss=6.4098 cls=1.2074 cme=2.4232 acc=0.7859 cells=158379
[ct_train] rechunked train graphs (seed=4)

=== Epoch 4/1000 ===
[train] loss=5.9901 cls=0.8812 cme=2.3802 acc=0.8592 cells=158379
[val]   loss=5.7508 eval=3.0417 cls=0.6781 cme=2.3636 acc=0.9115 cells=118036
[ct_train] saved best checkpoint (val_eval_loss=3.0417 val_acc=0.9115)
[ct_train] rechunked train graphs (seed=5)

=== Epoch 5/1000 ===
[train] loss=5.7631 cls=0.7218 cme=2.3490 acc=0.9042 cells=158379
[ct_train] rechunked train graphs (seed=6)

=== Epoch 6/1000 ===
[train] loss=5.6620 cls=0.6440 cme=2.3382 acc=0.9218 cells=158379
[val]   loss=5.5354 eval=2.8702 cls=0.5443 cme=2.3259 acc=0.9404 cells=118036
[ct_train] saved best checkpoint (val_eval_loss=2.8702 val_acc=0.9404)
[ct_train] rechunked train graphs (seed=7)

=== Epoch 7/1000 ===
[train] loss=5.5642 cls=0.5956 cme=2.3154 acc=0.9339 cells=158379
[ct_train] rechunked train graphs (seed=8)

=== Epoch 8/1000 ===
[train] loss=5.4963 cls=0.5652 cme=2.2980 acc=0.9409 cells=158379
[val]   loss=5.4246 eval=2.7953 cls=0.5005 cme=2.2948 acc=0.9510 cells=118036
[ct_train] saved best checkpoint (val_eval_loss=2.7953 val_acc=0.9510)
[ct_train] rechunked train graphs (seed=9)

=== Epoch 9/1000 ===
[train] loss=5.4776 cls=0.5502 cme=2.2964 acc=0.9445 cells=158379
[ct_train] rechunked train graphs (seed=10)

=== Epoch 10/1000 ===
[train] loss=5.4450 cls=0.5364 cme=2.2877 acc=0.9475 cells=158379
[val]   loss=5.3734 eval=2.7612 cls=0.4813 cme=2.2799 acc=0.9547 cells=118036
[ct_train] saved best checkpoint (val_eval_loss=2.7612 val_acc=0.9547)
[ct_train] rechunked train graphs (seed=11)

=== Epoch 11/1000 ===
[train] loss=5.4064 cls=0.5262 cme=2.2746 acc=0.9496 cells=158379
[ct_train] rechunked train graphs (seed=12)

=== Epoch 12/1000 ===
[train] loss=5.3997 cls=0.5188 cme=2.2750 acc=0.9514 cells=158379
[val]   loss=5.3497 eval=2.7445 cls=0.4703 cme=2.2742 acc=0.9576 cells=118036
[ct_train] saved best checkpoint (val_eval_loss=2.7445 val_acc=0.9576)
[ct_train] rechunked train graphs (seed=13)

=== Epoch 13/1000 ===
[train] loss=5.3838 cls=0.5114 cme=2.2710 acc=0.9538 cells=158379
[ct_train] rechunked train graphs (seed=14)

=== Epoch 14/1000 ===
[train] loss=5.3669 cls=0.5059 cme=2.2657 acc=0.9554 cells=158379
[val]   loss=5.3226 eval=2.7275 cls=0.4621 cme=2.2655 acc=0.9601 cells=118036
[ct_train] saved best checkpoint (val_eval_loss=2.7275 val_acc=0.9601)
[ct_train] rechunked train graphs (seed=15)

=== Epoch 15/1000 ===
[train] loss=5.3450 cls=0.4990 cme=2.2588 acc=0.9564 cells=158379
[ct_train] rechunked train graphs (seed=16)

=== Epoch 16/1000 ===
[train] loss=5.3367 cls=0.4957 cme=2.2565 acc=0.9578 cells=158379
[val]   loss=5.3168 eval=2.7219 cls=0.4570 cme=2.2650 acc=0.9620 cells=118036
[ct_train] saved best checkpoint (val_eval_loss=2.7219 val_acc=0.9620)
[ct_train] rechunked train graphs (seed=17)

=== Epoch 17/1000 ===
[train] loss=5.3224 cls=0.4915 cme=2.2519 acc=0.9584 cells=158379
[ct_train] rechunked train graphs (seed=18)

=== Epoch 18/1000 ===
[train] loss=5.3125 cls=0.4875 cme=2.2492 acc=0.9593 cells=158379
[val]   loss=5.2957 eval=2.7117 cls=0.4554 cme=2.2562 acc=0.9618 cells=118036
[ct_train] saved best checkpoint (val_eval_loss=2.7117 val_acc=0.9620)
[ct_train] rechunked train graphs (seed=19)

=== Epoch 19/1000 ===
[train] loss=5.3092 cls=0.4841 cme=2.2491 acc=0.9602 cells=158379
[ct_train] rechunked train graphs (seed=20)

=== Epoch 20/1000 ===
[train] loss=5.3012 cls=0.4823 cme=2.2462 acc=0.9605 cells=158379
[val]   loss=5.2850 eval=2.7025 cls=0.4479 cme=2.2546 acc=0.9646 cells=118036
[ct_train] saved best checkpoint (val_eval_loss=2.7025 val_acc=0.9646)
[ct_train] rechunked train graphs (seed=21)

=== Epoch 21/1000 ===
[train] loss=5.2982 cls=0.4777 cme=2.2471 acc=0.9621 cells=158379
[ct_train] rechunked train graphs (seed=22)

=== Epoch 22/1000 ===
[train] loss=5.2846 cls=0.4763 cme=2.2414 acc=0.9625 cells=158379
[val]   loss=5.2634 eval=2.6915 cls=0.4462 cme=2.2454 acc=0.9647 cells=118036
[ct_train] saved best checkpoint (val_eval_loss=2.6915 val_acc=0.9647)
[ct_train] rechunked train graphs (seed=23)

=== Epoch 23/1000 ===
[train] loss=5.2731 cls=0.4741 cme=2.2372 acc=0.9631 cells=158379
[ct_train] rechunked train graphs (seed=24)

=== Epoch 24/1000 ===
[train] loss=5.2714 cls=0.4731 cme=2.2367 acc=0.9632 cells=158379
[val]   loss=5.2545 eval=2.6850 cls=0.4414 cme=2.2436 acc=0.9664 cells=118036
[ct_train] saved best checkpoint (val_eval_loss=2.6850 val_acc=0.9664)
[ct_train] rechunked train graphs (seed=25)

=== Epoch 25/1000 ===
[train] loss=5.2702 cls=0.4687 cme=2.2383 acc=0.9644 cells=158379
[ct_train] rechunked train graphs (seed=26)

=== Epoch 26/1000 ===
[train] loss=5.2541 cls=0.4673 cme=2.2315 acc=0.9651 cells=158379
[val]   loss=5.2488 eval=2.6805 cls=0.4384 cme=2.2421 acc=0.9671 cells=118036
[ct_train] saved best checkpoint (val_eval_loss=2.6805 val_acc=0.9671)
[ct_train] rechunked train graphs (seed=27)

=== Epoch 27/1000 ===
[train] loss=5.2464 cls=0.4643 cme=2.2293 acc=0.9656 cells=158379
[ct_train] rechunked train graphs (seed=28)

=== Epoch 28/1000 ===
[train] loss=5.2371 cls=0.4623 cme=2.2259 acc=0.9663 cells=158379
[val]   loss=5.2346 eval=2.6717 cls=0.4341 cme=2.2375 acc=0.9680 cells=118036
[ct_train] saved best checkpoint (val_eval_loss=2.6717 val_acc=0.9680)
[ct_train] rechunked train graphs (seed=29)

=== Epoch 29/1000 ===
[train] loss=5.2360 cls=0.4614 cme=2.2258 acc=0.9664 cells=158379
[ct_train] rechunked train graphs (seed=30)

=== Epoch 30/1000 ===
[train] loss=5.2353 cls=0.4596 cme=2.2264 acc=0.9670 cells=158379
[val]   loss=5.2366 eval=2.6724 cls=0.4336 cme=2.2388 acc=0.9681 cells=118036
[ct_train] early_stopping: no improve on val/eval_loss for 1/40 val checks
[ct_train] rechunked train graphs (seed=31)

=== Epoch 31/1000 ===
[train] loss=5.2299 cls=0.4571 cme=2.2249 acc=0.9677 cells=158379
[ct_train] rechunked train graphs (seed=32)

=== Epoch 32/1000 ===
[train] loss=5.2484 cls=0.4578 cme=2.2332 acc=0.9680 cells=158379
[val]   loss=5.2262 eval=2.6675 cls=0.4335 cme=2.2340 acc=0.9686 cells=118036
[ct_train] saved best checkpoint (val_eval_loss=2.6675 val_acc=0.9686)
[ct_train] rechunked train graphs (seed=33)

=== Epoch 33/1000 ===
[train] loss=5.2275 cls=0.4543 cme=2.2252 acc=0.9681 cells=158379
[ct_train] rechunked train graphs (seed=34)

=== Epoch 34/1000 ===
[train] loss=5.2127 cls=0.4540 cme=2.2186 acc=0.9688 cells=158379
[val]   loss=5.2147 eval=2.6601 cls=0.4295 cme=2.2306 acc=0.9697 cells=118036
[ct_train] saved best checkpoint (val_eval_loss=2.6601 val_acc=0.9697)
[ct_train] rechunked train graphs (seed=35)

=== Epoch 35/1000 ===
[train] loss=5.2218 cls=0.4532 cme=2.2230 acc=0.9688 cells=158379
[ct_train] rechunked train graphs (seed=36)

=== Epoch 36/1000 ===
[train] loss=5.2110 cls=0.4505 cme=2.2193 acc=0.9693 cells=158379
[val]   loss=5.2206 eval=2.6630 cls=0.4297 cme=2.2333 acc=0.9692 cells=118036
[ct_train] early_stopping: no improve on val/eval_loss for 1/40 val checks
[ct_train] rechunked train graphs (seed=37)

=== Epoch 37/1000 ===
[train] loss=5.2070 cls=0.4522 cme=2.2167 acc=0.9692 cells=158379
[ct_train] rechunked train graphs (seed=38)

=== Epoch 38/1000 ===
[train] loss=5.1977 cls=0.4489 cme=2.2140 acc=0.9694 cells=158379
[val]   loss=5.2109 eval=2.6568 cls=0.4268 cme=2.2300 acc=0.9700 cells=118036
[ct_train] saved best checkpoint (val_eval_loss=2.6568 val_acc=0.9700)
[ct_train] rechunked train graphs (seed=39)

=== Epoch 39/1000 ===
[train] loss=5.2022 cls=0.4479 cme=2.2165 acc=0.9703 cells=158379
[ct_train] rechunked train graphs (seed=40)

=== Epoch 40/1000 ===
[train] loss=5.1994 cls=0.4473 cme=2.2155 acc=0.9702 cells=158379
[val]   loss=5.2107 eval=2.6572 cls=0.4273 cme=2.2299 acc=0.9702 cells=118036
[ct_train] early_stopping: no improve on val/eval_loss for 1/40 val checks
[ct_train] rechunked train graphs (seed=41)

=== Epoch 41/1000 ===
[train] loss=5.1861 cls=0.4457 cme=2.2101 acc=0.9706 cells=158379
[ct_train] rechunked train graphs (seed=42)

=== Epoch 42/1000 ===
[train] loss=5.1923 cls=0.4461 cme=2.2127 acc=0.9705 cells=158379
[val]   loss=5.2032 eval=2.6538 cls=0.4272 cme=2.2266 acc=0.9703 cells=118036
[ct_train] saved best checkpoint (val_eval_loss=2.6538 val_acc=0.9703)
[ct_train] rechunked train graphs (seed=43)

=== Epoch 43/1000 ===
[train] loss=5.2011 cls=0.4462 cme=2.2168 acc=0.9708 cells=158379
[ct_train] rechunked train graphs (seed=44)

=== Epoch 44/1000 ===
[train] loss=5.1809 cls=0.4436 cme=2.2087 acc=0.9711 cells=158379
[val]   loss=5.2010 eval=2.6501 cls=0.4230 cme=2.2272 acc=0.9712 cells=118036
[ct_train] saved best checkpoint (val_eval_loss=2.6501 val_acc=0.9712)
[ct_train] rechunked train graphs (seed=45)

=== Epoch 45/1000 ===
[train] loss=5.1875 cls=0.4433 cme=2.2118 acc=0.9714 cells=158379
[ct_train] rechunked train graphs (seed=46)

=== Epoch 46/1000 ===
[train] loss=5.1716 cls=0.4414 cme=2.2054 acc=0.9716 cells=158379
[val]   loss=5.1936 eval=2.6472 cls=0.4232 cme=2.2240 acc=0.9714 cells=118036
[ct_train] saved best checkpoint (val_eval_loss=2.6472 val_acc=0.9714)
[ct_train] rechunked train graphs (seed=47)

=== Epoch 47/1000 ===
[train] loss=5.1800 cls=0.4399 cme=2.2099 acc=0.9724 cells=158379
[ct_train] rechunked train graphs (seed=48)

=== Epoch 48/1000 ===
[train] loss=5.1680 cls=0.4399 cme=2.2044 acc=0.9723 cells=158379
[val]   loss=5.1926 eval=2.6462 cls=0.4226 cme=2.2236 acc=0.9716 cells=118036
[ct_train] saved best checkpoint (val_eval_loss=2.6462 val_acc=0.9716)
[ct_train] rechunked train graphs (seed=49)

=== Epoch 49/1000 ===
[train] loss=5.1752 cls=0.4392 cme=2.2080 acc=0.9727 cells=158379
[ct_train] rechunked train graphs (seed=50)

=== Epoch 50/1000 ===
[train] loss=5.1640 cls=0.4381 cme=2.2033 acc=0.9729 cells=158379
[val]   loss=5.1888 eval=2.6442 cls=0.4219 cme=2.2223 acc=0.9717 cells=118036
[ct_train] saved best checkpoint (val_eval_loss=2.6442 val_acc=0.9717)
[ct_train] rechunked train graphs (seed=51)

=== Epoch 51/1000 ===
[train] loss=5.1592 cls=0.4378 cme=2.2013 acc=0.9731 cells=158379
[ct_train] rechunked train graphs (seed=52)

=== Epoch 52/1000 ===
[train] loss=5.1584 cls=0.4370 cme=2.2013 acc=0.9734 cells=158379
[val]   loss=5.1938 eval=2.6460 cls=0.4214 cme=2.2246 acc=0.9719 cells=118036
[ct_train] early_stopping: no improve on val/eval_loss for 1/40 val checks
[ct_train] rechunked train graphs (seed=53)

=== Epoch 53/1000 ===
[train] loss=5.1535 cls=0.4367 cme=2.1991 acc=0.9732 cells=158379
[ct_train] rechunked train graphs (seed=54)

=== Epoch 54/1000 ===
[train] loss=5.1664 cls=0.4369 cme=2.2050 acc=0.9734 cells=158379
[val]   loss=5.1850 eval=2.6411 cls=0.4196 cme=2.2215 acc=0.9723 cells=118036
[ct_train] saved best checkpoint (val_eval_loss=2.6411 val_acc=0.9723)
[ct_train] rechunked train graphs (seed=55)

=== Epoch 55/1000 ===
[train] loss=5.1507 cls=0.4334 cme=2.1994 acc=0.9738 cells=158379
[ct_train] rechunked train graphs (seed=56)

=== Epoch 56/1000 ===
[train] loss=5.1558 cls=0.4346 cme=2.2011 acc=0.9738 cells=158379
[val]   loss=5.1844 eval=2.6413 cls=0.4203 cme=2.2210 acc=0.9722 cells=118036
[ct_train] early_stopping: no improve on val/eval_loss for 1/40 val checks
[ct_train] rechunked train graphs (seed=57)

=== Epoch 57/1000 ===
[train] loss=5.1499 cls=0.4343 cme=2.1986 acc=0.9736 cells=158379
[ct_train] rechunked train graphs (seed=58)

=== Epoch 58/1000 ===
[train] loss=5.1492 cls=0.4340 cme=2.1984 acc=0.9741 cells=158379
[val]   loss=5.1866 eval=2.6417 cls=0.4196 cme=2.2221 acc=0.9725 cells=118036
[ct_train] early_stopping: no improve on val/eval_loss for 2/40 val checks
[ct_train] rechunked train graphs (seed=59)

=== Epoch 59/1000 ===
[train] loss=5.1435 cls=0.4309 cme=2.1973 acc=0.9748 cells=158379
[ct_train] rechunked train graphs (seed=60)

=== Epoch 60/1000 ===
[train] loss=5.1519 cls=0.4325 cme=2.2003 acc=0.9745 cells=158379
[val]   loss=5.1793 eval=2.6375 cls=0.4177 cme=2.2198 acc=0.9727 cells=118036
[ct_train] saved best checkpoint (val_eval_loss=2.6375 val_acc=0.9727)
[ct_train] rechunked train graphs (seed=61)

=== Epoch 61/1000 ===
[train] loss=5.1389 cls=0.4310 cme=2.1950 acc=0.9748 cells=158379
[ct_train] rechunked train graphs (seed=62)

=== Epoch 62/1000 ===
[train] loss=5.1501 cls=0.4312 cme=2.2001 acc=0.9743 cells=158379
[val]   loss=5.1798 eval=2.6376 cls=0.4176 cme=2.2200 acc=0.9729 cells=118036
[ct_train] early_stopping: no improve on val/eval_loss for 1/40 val checks
[ct_train] rechunked train graphs (seed=63)

=== Epoch 63/1000 ===
[train] loss=5.1383 cls=0.4298 cme=2.1953 acc=0.9750 cells=158379
[ct_train] rechunked train graphs (seed=64)

=== Epoch 64/1000 ===
[train] loss=5.1285 cls=0.4286 cme=2.1913 acc=0.9755 cells=158379
[val]   loss=5.1761 eval=2.6360 cls=0.4176 cme=2.2184 acc=0.9729 cells=118036
[ct_train] saved best checkpoint (val_eval_loss=2.6360 val_acc=0.9729)
[ct_train] rechunked train graphs (seed=65)

=== Epoch 65/1000 ===
[train] loss=5.1357 cls=0.4288 cme=2.1946 acc=0.9755 cells=158379
[ct_train] rechunked train graphs (seed=66)

=== Epoch 66/1000 ===
[train] loss=5.1422 cls=0.4285 cme=2.1978 acc=0.9750 cells=158379
[val]   loss=5.1782 eval=2.6386 cls=0.4205 cme=2.2181 acc=0.9723 cells=118036
[ct_train] early_stopping: no improve on val/eval_loss for 1/40 val checks
[ct_train] rechunked train graphs (seed=67)

=== Epoch 67/1000 ===
[train] loss=5.1347 cls=0.4297 cme=2.1937 acc=0.9750 cells=158379
[ct_train] rechunked train graphs (seed=68)

=== Epoch 68/1000 ===
[train] loss=5.1334 cls=0.4286 cme=2.1936 acc=0.9748 cells=158379
[val]   loss=5.1706 eval=2.6334 cls=0.4177 cme=2.2157 acc=0.9728 cells=118036
[ct_train] saved best checkpoint (val_eval_loss=2.6334 val_acc=0.9729)
[ct_train] rechunked train graphs (seed=69)

=== Epoch 69/1000 ===
[train] loss=5.1241 cls=0.4270 cme=2.1900 acc=0.9757 cells=158379
[ct_train] rechunked train graphs (seed=70)

=== Epoch 70/1000 ===
[train] loss=5.1291 cls=0.4277 cme=2.1921 acc=0.9758 cells=158379
[val]   loss=5.2046 eval=2.6493 cls=0.4178 cme=2.2316 acc=0.9727 cells=118036
[ct_train] early_stopping: no improve on val/eval_loss for 1/40 val checks
[ct_train] rechunked train graphs (seed=71)

=== Epoch 71/1000 ===
[train] loss=5.1434 cls=0.4281 cme=2.1985 acc=0.9758 cells=158379
[ct_train] rechunked train graphs (seed=72)

=== Epoch 72/1000 ===
[train] loss=5.1214 cls=0.4253 cme=2.1896 acc=0.9761 cells=158379
[val]   loss=5.1719 eval=2.6329 cls=0.4155 cme=2.2174 acc=0.9733 cells=118036
[ct_train] saved best checkpoint (val_eval_loss=2.6329 val_acc=0.9733)
[ct_train] rechunked train graphs (seed=73)

=== Epoch 73/1000 ===
[train] loss=5.1311 cls=0.4260 cme=2.1938 acc=0.9760 cells=158379
[ct_train] rechunked train graphs (seed=74)

=== Epoch 74/1000 ===
[train] loss=5.1313 cls=0.4252 cme=2.1942 acc=0.9762 cells=158379
[val]   loss=5.1678 eval=2.6311 cls=0.4156 cme=2.2155 acc=0.9733 cells=118036
[ct_train] saved best checkpoint (val_eval_loss=2.6311 val_acc=0.9733)
[ct_train] rechunked train graphs (seed=75)

=== Epoch 75/1000 ===
[train] loss=5.1173 cls=0.4243 cme=2.1882 acc=0.9766 cells=158379
[ct_train] rechunked train graphs (seed=76)

=== Epoch 76/1000 ===
[train] loss=5.1115 cls=0.4226 cme=2.1861 acc=0.9768 cells=158379
[val]   loss=5.1713 eval=2.6323 cls=0.4145 cme=2.2178 acc=0.9740 cells=118036
[ct_train] early_stopping: no improve on val/eval_loss for 1/40 val checks
[ct_train] rechunked train graphs (seed=77)

=== Epoch 77/1000 ===
[train] loss=5.1126 cls=0.4232 cme=2.1866 acc=0.9766 cells=158379
[ct_train] rechunked train graphs (seed=78)

=== Epoch 78/1000 ===
[train] loss=5.1164 cls=0.4234 cme=2.1881 acc=0.9766 cells=158379
[val]   loss=5.1661 eval=2.6296 cls=0.4145 cme=2.2151 acc=0.9743 cells=118036
[ct_train] saved best checkpoint (val_eval_loss=2.6296 val_acc=0.9743)
[ct_train] rechunked train graphs (seed=79)

=== Epoch 79/1000 ===
[train] loss=5.1220 cls=0.4223 cme=2.1912 acc=0.9774 cells=158379
[ct_train] rechunked train graphs (seed=80)

=== Epoch 80/1000 ===
[train] loss=5.1104 cls=0.4222 cme=2.1860 acc=0.9768 cells=158379
[val]   loss=5.1626 eval=2.6276 cls=0.4135 cme=2.2141 acc=0.9744 cells=118036
[ct_train] saved best checkpoint (val_eval_loss=2.6276 val_acc=0.9744)
[ct_train] rechunked train graphs (seed=81)

=== Epoch 81/1000 ===
[train] loss=5.1034 cls=0.4207 cme=2.1834 acc=0.9778 cells=158379
[ct_train] rechunked train graphs (seed=82)

=== Epoch 82/1000 ===
[train] loss=5.1076 cls=0.4211 cme=2.1852 acc=0.9774 cells=158379
[val]   loss=5.1637 eval=2.6284 cls=0.4140 cme=2.2145 acc=0.9739 cells=118036
[ct_train] early_stopping: no improve on val/eval_loss for 1/40 val checks
[ct_train] rechunked train graphs (seed=83)

=== Epoch 83/1000 ===
[train] loss=5.1102 cls=0.4204 cme=2.1867 acc=0.9773 cells=158379
[ct_train] rechunked train graphs (seed=84)

=== Epoch 84/1000 ===
[train] loss=5.1056 cls=0.4201 cme=2.1847 acc=0.9777 cells=158379
[val]   loss=5.1623 eval=2.6276 cls=0.4136 cme=2.2141 acc=0.9742 cells=118036
[ct_train] saved best checkpoint (val_eval_loss=2.6276 val_acc=0.9744)
[ct_train] early_stopping: no improve on val/eval_loss for 2/40 val checks
[ct_train] rechunked train graphs (seed=85)

=== Epoch 85/1000 ===
[train] loss=5.0974 cls=0.4197 cme=2.1810 acc=0.9777 cells=158379
[ct_train] rechunked train graphs (seed=86)

=== Epoch 86/1000 ===
[train] loss=5.1126 cls=0.4201 cme=2.1880 acc=0.9777 cells=158379
[val]   loss=5.1732 eval=2.6329 cls=0.4140 cme=2.2189 acc=0.9743 cells=118036
[ct_train] early_stopping: no improve on val/eval_loss for 3/40 val checks
[ct_train] rechunked train graphs (seed=87)

=== Epoch 87/1000 ===
[train] loss=5.1061 cls=0.4198 cme=2.1851 acc=0.9780 cells=158379
[ct_train] rechunked train graphs (seed=88)

=== Epoch 88/1000 ===
[train] loss=5.0991 cls=0.4193 cme=2.1820 acc=0.9786 cells=158379
[val]   loss=5.1693 eval=2.6308 cls=0.4137 cme=2.2171 acc=0.9742 cells=118036
[ct_train] early_stopping: no improve on val/eval_loss for 4/40 val checks
[ct_train] rechunked train graphs (seed=89)

=== Epoch 89/1000 ===
[train] loss=5.0979 cls=0.4194 cme=2.1814 acc=0.9779 cells=158379
[ct_train] rechunked train graphs (seed=90)

=== Epoch 90/1000 ===
[train] loss=5.1070 cls=0.4179 cme=2.1863 acc=0.9784 cells=158379
[val]   loss=5.1614 eval=2.6270 cls=0.4132 cme=2.2138 acc=0.9744 cells=118036
[ct_train] saved best checkpoint (val_eval_loss=2.6270 val_acc=0.9744)
[ct_train] rechunked train graphs (seed=91)

=== Epoch 91/1000 ===
[train] loss=5.0940 cls=0.4174 cme=2.1806 acc=0.9784 cells=158379
[ct_train] rechunked train graphs (seed=92)

=== Epoch 92/1000 ===
[train] loss=5.0966 cls=0.4182 cme=2.1814 acc=0.9782 cells=158379
[val]   loss=5.1596 eval=2.6266 cls=0.4145 cme=2.2121 acc=0.9741 cells=118036
[ct_train] saved best checkpoint (val_eval_loss=2.6266 val_acc=0.9744)
[ct_train] rechunked train graphs (seed=93)

=== Epoch 93/1000 ===
[train] loss=5.1031 cls=0.4189 cme=2.1842 acc=0.9780 cells=158379
[ct_train] rechunked train graphs (seed=94)

=== Epoch 94/1000 ===
[train] loss=5.0903 cls=0.4170 cme=2.1790 acc=0.9783 cells=158379
[val]   loss=5.1753 eval=2.6333 cls=0.4127 cme=2.2206 acc=0.9745 cells=118036
[ct_train] early_stopping: no improve on val/eval_loss for 1/40 val checks
[ct_train] rechunked train graphs (seed=95)

=== Epoch 95/1000 ===
[train] loss=5.1083 cls=0.4169 cme=2.1875 acc=0.9785 cells=158379
[ct_train] rechunked train graphs (seed=96)

=== Epoch 96/1000 ===
[train] loss=5.0995 cls=0.4167 cme=2.1834 acc=0.9787 cells=158379
[val]   loss=5.1601 eval=2.6261 cls=0.4129 cme=2.2132 acc=0.9746 cells=118036
[ct_train] saved best checkpoint (val_eval_loss=2.6261 val_acc=0.9746)
[ct_train] rechunked train graphs (seed=97)

=== Epoch 97/1000 ===
[train] loss=5.0946 cls=0.4158 cme=2.1815 acc=0.9790 cells=158379
[ct_train] rechunked train graphs (seed=98)

=== Epoch 98/1000 ===
[train] loss=5.0899 cls=0.4168 cme=2.1790 acc=0.9787 cells=158379
[val]   loss=5.1662 eval=2.6300 cls=0.4146 cme=2.2154 acc=0.9736 cells=118036
[ct_train] early_stopping: no improve on val/eval_loss for 1/40 val checks
[ct_train] rechunked train graphs (seed=99)

=== Epoch 99/1000 ===
[train] loss=5.0756 cls=0.4157 cme=2.1728 acc=0.9789 cells=158379
[ct_train] rechunked train graphs (seed=100)

=== Epoch 100/1000 ===
[train] loss=5.0815 cls=0.4150 cme=2.1759 acc=0.9791 cells=158379
[val]   loss=5.1539 eval=2.6234 cls=0.4128 cme=2.2106 acc=0.9746 cells=118036
[ct_train] saved best checkpoint (val_eval_loss=2.6234 val_acc=0.9746)
[ct_train] rechunked train graphs (seed=101)

=== Epoch 101/1000 ===
[train] loss=5.0991 cls=0.4163 cme=2.1835 acc=0.9789 cells=158379
[ct_train] rechunked train graphs (seed=102)

=== Epoch 102/1000 ===
[train] loss=5.0876 cls=0.4144 cme=2.1790 acc=0.9793 cells=158379
[val]   loss=5.1539 eval=2.6234 cls=0.4133 cme=2.2100 acc=0.9738 cells=118036
[ct_train] saved best checkpoint (val_eval_loss=2.6234 val_acc=0.9746)
[ct_train] early_stopping: no improve on val/eval_loss for 1/40 val checks
[ct_train] rechunked train graphs (seed=103)

=== Epoch 103/1000 ===
[train] loss=5.0942 cls=0.4134 cme=2.1825 acc=0.9798 cells=158379
[ct_train] rechunked train graphs (seed=104)

=== Epoch 104/1000 ===
[train] loss=5.0824 cls=0.4136 cme=2.1770 acc=0.9798 cells=158379
[val]   loss=5.1672 eval=2.6299 cls=0.4133 cme=2.2166 acc=0.9745 cells=118036
[ct_train] early_stopping: no improve on val/eval_loss for 2/40 val checks
[ct_train] rechunked train graphs (seed=105)

=== Epoch 105/1000 ===
[train] loss=5.0874 cls=0.4139 cme=2.1792 acc=0.9799 cells=158379
[ct_train] rechunked train graphs (seed=106)

=== Epoch 106/1000 ===
[train] loss=5.0782 cls=0.4120 cme=2.1758 acc=0.9801 cells=158379
[val]   loss=5.1590 eval=2.6257 cls=0.4127 cme=2.2129 acc=0.9745 cells=118036
[ct_train] early_stopping: no improve on val/eval_loss for 3/40 val checks
[ct_train] rechunked train graphs (seed=107)

=== Epoch 107/1000 ===
[train] loss=5.0768 cls=0.4124 cme=2.1749 acc=0.9799 cells=158379
[ct_train] rechunked train graphs (seed=108)

=== Epoch 108/1000 ===
[train] loss=5.0931 cls=0.4132 cme=2.1822 acc=0.9795 cells=158379
[val]   loss=5.1570 eval=2.6243 cls=0.4120 cme=2.2123 acc=0.9748 cells=118036
[ct_train] early_stopping: no improve on val/eval_loss for 4/40 val checks
[ct_train] rechunked train graphs (seed=109)

=== Epoch 109/1000 ===
[train] loss=5.0759 cls=0.4120 cme=2.1747 acc=0.9801 cells=158379
[ct_train] rechunked train graphs (seed=110)

=== Epoch 110/1000 ===
[train] loss=5.0779 cls=0.4118 cme=2.1758 acc=0.9799 cells=158379
[val]   loss=5.1496 eval=2.6203 cls=0.4111 cme=2.2092 acc=0.9751 cells=118036
[ct_train] saved best checkpoint (val_eval_loss=2.6203 val_acc=0.9751)
[ct_train] rechunked train graphs (seed=111)

=== Epoch 111/1000 ===
[train] loss=5.0719 cls=0.4107 cme=2.1736 acc=0.9803 cells=158379
[ct_train] rechunked train graphs (seed=112)

=== Epoch 112/1000 ===
[train] loss=5.0709 cls=0.4119 cme=2.1724 acc=0.9800 cells=158379
[val]   loss=5.1546 eval=2.6231 cls=0.4116 cme=2.2115 acc=0.9749 cells=118036
[ct_train] early_stopping: no improve on val/eval_loss for 1/40 val checks
[ct_train] rechunked train graphs (seed=113)

=== Epoch 113/1000 ===
[train] loss=5.0779 cls=0.4111 cme=2.1761 acc=0.9801 cells=158379
[ct_train] rechunked train graphs (seed=114)

=== Epoch 114/1000 ===
[train] loss=5.0782 cls=0.4112 cme=2.1761 acc=0.9803 cells=158379
[val]   loss=5.1599 eval=2.6250 cls=0.4105 cme=2.2145 acc=0.9750 cells=118036
[ct_train] early_stopping: no improve on val/eval_loss for 2/40 val checks
[ct_train] rechunked train graphs (seed=115)

=== Epoch 115/1000 ===
[train] loss=5.0674 cls=0.4109 cme=2.1713 acc=0.9803 cells=158379
[ct_train] rechunked train graphs (seed=116)

=== Epoch 116/1000 ===
[train] loss=5.0638 cls=0.4100 cme=2.1701 acc=0.9808 cells=158379
[val]   loss=5.1598 eval=2.6253 cls=0.4114 cme=2.2139 acc=0.9751 cells=118036
[ct_train] early_stopping: no improve on val/eval_loss for 3/40 val checks
[ct_train] rechunked train graphs (seed=117)

=== Epoch 117/1000 ===
[train] loss=5.0707 cls=0.4104 cme=2.1731 acc=0.9805 cells=158379
[ct_train] rechunked train graphs (seed=118)

=== Epoch 118/1000 ===
[train] loss=5.0677 cls=0.4092 cme=2.1722 acc=0.9810 cells=158379
[val]   loss=5.1529 eval=2.6229 cls=0.4131 cme=2.2098 acc=0.9747 cells=118036
[ct_train] early_stopping: no improve on val/eval_loss for 4/40 val checks
[ct_train] rechunked train graphs (seed=119)

=== Epoch 119/1000 ===
[train] loss=5.0588 cls=0.4085 cme=2.1685 acc=0.9809 cells=158379
[ct_train] rechunked train graphs (seed=120)

=== Epoch 120/1000 ===
[train] loss=5.0544 cls=0.4080 cme=2.1666 acc=0.9809 cells=158379
[val]   loss=5.1486 eval=2.6195 cls=0.4104 cme=2.2091 acc=0.9755 cells=118036
[ct_train] saved best checkpoint (val_eval_loss=2.6195 val_acc=0.9755)
[ct_train] rechunked train graphs (seed=121)

=== Epoch 121/1000 ===
[train] loss=5.0694 cls=0.4083 cme=2.1734 acc=0.9812 cells=158379
[ct_train] rechunked train graphs (seed=122)

=== Epoch 122/1000 ===
[train] loss=5.0547 cls=0.4086 cme=2.1665 acc=0.9810 cells=158379
[val]   loss=5.1489 eval=2.6195 cls=0.4101 cme=2.2094 acc=0.9755 cells=118036
[ct_train] early_stopping: no improve on val/eval_loss for 1/40 val checks
[ct_train] rechunked train graphs (seed=123)

=== Epoch 123/1000 ===
[train] loss=5.0631 cls=0.4078 cme=2.1707 acc=0.9817 cells=158379
[ct_train] rechunked train graphs (seed=124)

=== Epoch 124/1000 ===
[train] loss=5.0697 cls=0.4078 cme=2.1738 acc=0.9813 cells=158379
[val]   loss=5.1493 eval=2.6202 cls=0.4110 cme=2.2093 acc=0.9753 cells=118036
[ct_train] early_stopping: no improve on val/eval_loss for 2/40 val checks
[ct_train] rechunked train graphs (seed=125)

=== Epoch 125/1000 ===
[train] loss=5.0643 cls=0.4080 cme=2.1712 acc=0.9817 cells=158379
[ct_train] rechunked train graphs (seed=126)

=== Epoch 126/1000 ===
[train] loss=5.0612 cls=0.4080 cme=2.1698 acc=0.9811 cells=158379
[val]   loss=5.1451 eval=2.6177 cls=0.4099 cme=2.2078 acc=0.9756 cells=118036
[ct_train] saved best checkpoint (val_eval_loss=2.6177 val_acc=0.9756)
[ct_train] rechunked train graphs (seed=127)

=== Epoch 127/1000 ===
[train] loss=5.0794 cls=0.4087 cme=2.1779 acc=0.9812 cells=158379
[ct_train] rechunked train graphs (seed=128)

=== Epoch 128/1000 ===
[train] loss=5.0626 cls=0.4066 cme=2.1711 acc=0.9819 cells=158379
[val]   loss=5.1554 eval=2.6231 cls=0.4111 cme=2.2121 acc=0.9749 cells=118036
[ct_train] early_stopping: no improve on val/eval_loss for 1/40 val checks
[ct_train] rechunked train graphs (seed=129)

=== Epoch 129/1000 ===
[train] loss=5.0628 cls=0.4054 cme=2.1718 acc=0.9825 cells=158379
[ct_train] rechunked train graphs (seed=130)

=== Epoch 130/1000 ===
[train] loss=5.0590 cls=0.4056 cme=2.1698 acc=0.9824 cells=158379
[val]   loss=5.1435 eval=2.6174 cls=0.4107 cme=2.2068 acc=0.9754 cells=118036
[ct_train] saved best checkpoint (val_eval_loss=2.6174 val_acc=0.9756)
[ct_train] early_stopping: no improve on val/eval_loss for 2/40 val checks
[ct_train] rechunked train graphs (seed=131)

=== Epoch 131/1000 ===
[train] loss=5.0666 cls=0.4068 cme=2.1729 acc=0.9819 cells=158379
[ct_train] rechunked train graphs (seed=132)

=== Epoch 132/1000 ===
[train] loss=5.0533 cls=0.4066 cme=2.1667 acc=0.9814 cells=158379
[val]   loss=5.1486 eval=2.6195 cls=0.4105 cme=2.2090 acc=0.9751 cells=118036
[ct_train] early_stopping: no improve on val/eval_loss for 3/40 val checks
[ct_train] rechunked train graphs (seed=133)

=== Epoch 133/1000 ===
[train] loss=5.0560 cls=0.4055 cme=2.1686 acc=0.9821 cells=158379
[ct_train] rechunked train graphs (seed=134)

=== Epoch 134/1000 ===
[train] loss=5.0590 cls=0.4067 cme=2.1694 acc=0.9820 cells=158379
[val]   loss=5.1511 eval=2.6222 cls=0.4132 cme=2.2090 acc=0.9745 cells=118036
[ct_train] early_stopping: no improve on val/eval_loss for 4/40 val checks
[ct_train] rechunked train graphs (seed=135)

=== Epoch 135/1000 ===
[train] loss=5.0521 cls=0.4051 cme=2.1670 acc=0.9821 cells=158379
[ct_train] rechunked train graphs (seed=136)

=== Epoch 136/1000 ===
[train] loss=5.0488 cls=0.4045 cme=2.1656 acc=0.9824 cells=158379
[val]   loss=5.1487 eval=2.6201 cls=0.4113 cme=2.2089 acc=0.9749 cells=118036
[ct_train] early_stopping: no improve on val/eval_loss for 5/40 val checks
[ct_train] rechunked train graphs (seed=137)

=== Epoch 137/1000 ===
[train] loss=5.0594 cls=0.4059 cme=2.1700 acc=0.9821 cells=158379
[ct_train] rechunked train graphs (seed=138)

=== Epoch 138/1000 ===
[train] loss=5.0423 cls=0.4046 cme=2.1626 acc=0.9823 cells=158379
[val]   loss=5.1509 eval=2.6207 cls=0.4102 cme=2.2104 acc=0.9756 cells=118036
[ct_train] early_stopping: no improve on val/eval_loss for 6/40 val checks
[ct_train] rechunked train graphs (seed=139)

=== Epoch 139/1000 ===
[train] loss=5.0483 cls=0.4048 cme=2.1653 acc=0.9821 cells=158379
[ct_train] rechunked train graphs (seed=140)

=== Epoch 140/1000 ===
[train] loss=5.0426 cls=0.4043 cme=2.1628 acc=0.9825 cells=158379
[val]   loss=5.1499 eval=2.6205 cls=0.4109 cme=2.2096 acc=0.9755 cells=118036
[ct_train] early_stopping: no improve on val/eval_loss for 7/40 val checks
[ct_train] rechunked train graphs (seed=141)

=== Epoch 141/1000 ===
[train] loss=5.0472 cls=0.4034 cme=2.1655 acc=0.9826 cells=158379
[ct_train] rechunked train graphs (seed=142)

=== Epoch 142/1000 ===
[train] loss=5.0434 cls=0.4034 cme=2.1637 acc=0.9828 cells=158379
[val]   loss=5.1427 eval=2.6162 cls=0.4091 cme=2.2072 acc=0.9758 cells=118036
[ct_train] saved best checkpoint (val_eval_loss=2.6162 val_acc=0.9758)
[ct_train] rechunked train graphs (seed=143)

=== Epoch 143/1000 ===
[train] loss=5.0381 cls=0.4028 cme=2.1615 acc=0.9830 cells=158379
[ct_train] rechunked train graphs (seed=144)

=== Epoch 144/1000 ===
[train] loss=5.0420 cls=0.4036 cme=2.1630 acc=0.9825 cells=158379
[val]   loss=5.1390 eval=2.6148 cls=0.4098 cme=2.2050 acc=0.9757 cells=118036
[ct_train] saved best checkpoint (val_eval_loss=2.6148 val_acc=0.9758)
[ct_train] rechunked train graphs (seed=145)

=== Epoch 145/1000 ===
[train] loss=5.0482 cls=0.4031 cme=2.1660 acc=0.9829 cells=158379
[ct_train] rechunked train graphs (seed=146)

=== Epoch 146/1000 ===
[train] loss=5.0375 cls=0.4030 cme=2.1611 acc=0.9825 cells=158379
[val]   loss=5.1456 eval=2.6183 cls=0.4108 cme=2.2075 acc=0.9756 cells=118036
[ct_train] early_stopping: no improve on val/eval_loss for 1/40 val checks
[ct_train] rechunked train graphs (seed=147)

=== Epoch 147/1000 ===
[train] loss=5.0461 cls=0.4021 cme=2.1655 acc=0.9832 cells=158379
[ct_train] rechunked train graphs (seed=148)

=== Epoch 148/1000 ===
[train] loss=5.0458 cls=0.4017 cme=2.1656 acc=0.9834 cells=158379
[val]   loss=5.1543 eval=2.6230 cls=0.4117 cme=2.2112 acc=0.9754 cells=118036
[ct_train] early_stopping: no improve on val/eval_loss for 2/40 val checks
[ct_train] rechunked train graphs (seed=149)

=== Epoch 149/1000 ===
[train] loss=5.0397 cls=0.4019 cme=2.1627 acc=0.9834 cells=158379
[ct_train] rechunked train graphs (seed=150)

=== Epoch 150/1000 ===
[train] loss=5.0364 cls=0.4010 cme=2.1615 acc=0.9832 cells=158379
[val]   loss=5.1441 eval=2.6178 cls=0.4106 cme=2.2071 acc=0.9752 cells=118036
[ct_train] early_stopping: no improve on val/eval_loss for 3/40 val checks
[ct_train] rechunked train graphs (seed=151)

=== Epoch 151/1000 ===
[train] loss=5.0415 cls=0.4014 cme=2.1637 acc=0.9837 cells=158379
[ct_train] rechunked train graphs (seed=152)

=== Epoch 152/1000 ===
[train] loss=5.0494 cls=0.4006 cme=2.1678 acc=0.9837 cells=158379
[val]   loss=5.1548 eval=2.6219 cls=0.4096 cme=2.2123 acc=0.9759 cells=118036
[ct_train] early_stopping: no improve on val/eval_loss for 4/40 val checks
[ct_train] rechunked train graphs (seed=153)

=== Epoch 153/1000 ===
[train] loss=5.0324 cls=0.3999 cme=2.1602 acc=0.9842 cells=158379
[ct_train] rechunked train graphs (seed=154)

=== Epoch 154/1000 ===
[train] loss=5.0333 cls=0.4005 cme=2.1603 acc=0.9838 cells=158379
[val]   loss=5.1486 eval=2.6199 cls=0.4111 cme=2.2088 acc=0.9756 cells=118036
[ct_train] early_stopping: no improve on val/eval_loss for 5/40 val checks
[ct_train] rechunked train graphs (seed=155)

=== Epoch 155/1000 ===
[train] loss=5.0442 cls=0.4008 cme=2.1652 acc=0.9839 cells=158379
[ct_train] rechunked train graphs (seed=156)

=== Epoch 156/1000 ===
[train] loss=5.0332 cls=0.4003 cme=2.1604 acc=0.9835 cells=158379
[val]   loss=5.1436 eval=2.6171 cls=0.4102 cme=2.2069 acc=0.9759 cells=118036
[ct_train] early_stopping: no improve on val/eval_loss for 6/40 val checks
[ct_train] rechunked train graphs (seed=157)

=== Epoch 157/1000 ===
[train] loss=5.0329 cls=0.3995 cme=2.1607 acc=0.9840 cells=158379
[ct_train] rechunked train graphs (seed=158)

=== Epoch 158/1000 ===
[train] loss=5.0346 cls=0.3999 cme=2.1612 acc=0.9839 cells=158379
[val]   loss=5.1513 eval=2.6207 cls=0.4099 cme=2.2108 acc=0.9756 cells=118036
[ct_train] early_stopping: no improve on val/eval_loss for 7/40 val checks
[ct_train] rechunked train graphs (seed=159)

=== Epoch 159/1000 ===
[train] loss=5.0233 cls=0.3989 cme=2.1565 acc=0.9840 cells=158379
[ct_train] rechunked train graphs (seed=160)

=== Epoch 160/1000 ===
[train] loss=5.0370 cls=0.3993 cme=2.1626 acc=0.9842 cells=158379
[val]   loss=5.1465 eval=2.6179 cls=0.4091 cme=2.2088 acc=0.9758 cells=118036
[ct_train] early_stopping: no improve on val/eval_loss for 8/40 val checks
[ct_train] rechunked train graphs (seed=161)

=== Epoch 161/1000 ===
[train] loss=5.0337 cls=0.3986 cme=2.1614 acc=0.9843 cells=158379
[ct_train] rechunked train graphs (seed=162)

=== Epoch 162/1000 ===
[train] loss=5.0353 cls=0.3991 cme=2.1620 acc=0.9846 cells=158379
[val]   loss=5.1449 eval=2.6187 cls=0.4116 cme=2.2071 acc=0.9753 cells=118036
[ct_train] early_stopping: no improve on val/eval_loss for 9/40 val checks
[ct_train] rechunked train graphs (seed=163)

=== Epoch 163/1000 ===
[train] loss=5.0215 cls=0.3983 cme=2.1559 acc=0.9844 cells=158379
[ct_train] rechunked train graphs (seed=164)

=== Epoch 164/1000 ===
[train] loss=5.0244 cls=0.3982 cme=2.1573 acc=0.9848 cells=158379
[val]   loss=5.1468 eval=2.6186 cls=0.4101 cme=2.2085 acc=0.9759 cells=118036
[ct_train] early_stopping: no improve on val/eval_loss for 10/40 val checks
[ct_train] rechunked train graphs (seed=165)

=== Epoch 165/1000 ===
[train] loss=5.0251 cls=0.3983 cme=2.1575 acc=0.9844 cells=158379
[ct_train] rechunked train graphs (seed=166)

=== Epoch 166/1000 ===
[train] loss=5.0257 cls=0.3975 cme=2.1583 acc=0.9848 cells=158379
[val]   loss=5.1515 eval=2.6213 cls=0.4108 cme=2.2105 acc=0.9755 cells=118036
[ct_train] early_stopping: no improve on val/eval_loss for 11/40 val checks
[ct_train] rechunked train graphs (seed=167)

=== Epoch 167/1000 ===
[train] loss=5.0331 cls=0.3980 cme=2.1614 acc=0.9844 cells=158379
[ct_train] rechunked train graphs (seed=168)

=== Epoch 168/1000 ===
[train] loss=5.0215 cls=0.3960 cme=2.1570 acc=0.9850 cells=158379
[val]   loss=5.1468 eval=2.6193 cls=0.4112 cme=2.2080 acc=0.9753 cells=118036
[ct_train] early_stopping: no improve on val/eval_loss for 12/40 val checks
[ct_train] rechunked train graphs (seed=169)

=== Epoch 169/1000 ===
[train] loss=5.0191 cls=0.3968 cme=2.1555 acc=0.9847 cells=158379
[ct_train] rechunked train graphs (seed=170)

=== Epoch 170/1000 ===
[train] loss=5.0318 cls=0.3978 cme=2.1609 acc=0.9846 cells=158379
[val]   loss=5.1509 eval=2.6218 cls=0.4124 cme=2.2094 acc=0.9746 cells=118036
[ct_train] early_stopping: no improve on val/eval_loss for 13/40 val checks
[ct_train] rechunked train graphs (seed=171)

=== Epoch 171/1000 ===
[train] loss=5.0160 cls=0.3966 cme=2.1542 acc=0.9849 cells=158379
[ct_train] rechunked train graphs (seed=172)

=== Epoch 172/1000 ===
[train] loss=5.0211 cls=0.3975 cme=2.1562 acc=0.9851 cells=158379
[val]   loss=5.1507 eval=2.6201 cls=0.4098 cme=2.2103 acc=0.9761 cells=118036
[ct_train] early_stopping: no improve on val/eval_loss for 14/40 val checks
[ct_train] rechunked train graphs (seed=173)

=== Epoch 173/1000 ===
[train] loss=5.0371 cls=0.3974 cme=2.1634 acc=0.9846 cells=158379
[ct_train] rechunked train graphs (seed=174)

=== Epoch 174/1000 ===
[train] loss=5.0180 cls=0.3953 cme=2.1557 acc=0.9857 cells=158379
[val]   loss=5.1549 eval=2.6241 cls=0.4126 cme=2.2114 acc=0.9753 cells=118036
[ct_train] early_stopping: no improve on val/eval_loss for 15/40 val checks
[ct_train] rechunked train graphs (seed=175)

=== Epoch 175/1000 ===
[train] loss=5.0236 cls=0.3965 cme=2.1577 acc=0.9847 cells=158379
[ct_train] rechunked train graphs (seed=176)

=== Epoch 176/1000 ===
[train] loss=5.0254 cls=0.3975 cme=2.1581 acc=0.9844 cells=158379
[val]   loss=5.1518 eval=2.6212 cls=0.4102 cme=2.2110 acc=0.9754 cells=118036
[ct_train] early_stopping: no improve on val/eval_loss for 16/40 val checks
[ct_train] rechunked train graphs (seed=177)

=== Epoch 177/1000 ===
[train] loss=5.0135 cls=0.3959 cme=2.1533 acc=0.9853 cells=158379
[ct_train] rechunked train graphs (seed=178)

=== Epoch 178/1000 ===
[train] loss=5.0136 cls=0.3953 cme=2.1537 acc=0.9854 cells=158379
[val]   loss=5.1579 eval=2.6261 cls=0.4141 cme=2.2119 acc=0.9746 cells=118036
[ct_train] early_stopping: no improve on val/eval_loss for 17/40 val checks
[ct_train] rechunked train graphs (seed=179)

=== Epoch 179/1000 ===
[train] loss=5.0284 cls=0.3964 cme=2.1600 acc=0.9853 cells=158379
[ct_train] rechunked train graphs (seed=180)

=== Epoch 180/1000 ===
[train] loss=5.0145 cls=0.3943 cme=2.1545 acc=0.9858 cells=158379
[val]   loss=5.1500 eval=2.6205 cls=0.4105 cme=2.2100 acc=0.9757 cells=118036
[ct_train] early_stopping: no improve on val/eval_loss for 18/40 val checks
[ct_train] rechunked train graphs (seed=181)

=== Epoch 181/1000 ===
[train] loss=5.0007 cls=0.3946 cme=2.1481 acc=0.9854 cells=158379
[ct_train] rechunked train graphs (seed=182)

=== Epoch 182/1000 ===
[train] loss=5.0059 cls=0.3950 cme=2.1502 acc=0.9853 cells=158379
[val]   loss=5.1456 eval=2.6182 cls=0.4098 cme=2.2083 acc=0.9758 cells=118036
[ct_train] early_stopping: no improve on val/eval_loss for 19/40 val checks
[ct_train] rechunked train graphs (seed=183)

=== Epoch 183/1000 ===
[train] loss=5.0075 cls=0.3945 cme=2.1512 acc=0.9856 cells=158379
[ct_train] rechunked train graphs (seed=184)

=== Epoch 184/1000 ===
[train] loss=5.0075 cls=0.3948 cme=2.1511 acc=0.9857 cells=158379
[val]   loss=5.1462 eval=2.6183 cls=0.4098 cme=2.2085 acc=0.9760 cells=118036
[ct_train] early_stopping: no improve on val/eval_loss for 20/40 val checks
[ct_train] rechunked train graphs (seed=185)

=== Epoch 185/1000 ===
[train] loss=5.0075 cls=0.3936 cme=2.1516 acc=0.9861 cells=158379
[ct_train] rechunked train graphs (seed=186)

=== Epoch 186/1000 ===
[train] loss=5.0173 cls=0.3937 cme=2.1561 acc=0.9859 cells=158379
[val]   loss=5.1418 eval=2.6175 cls=0.4123 cme=2.2052 acc=0.9756 cells=118036
[ct_train] early_stopping: no improve on val/eval_loss for 21/40 val checks
[ct_train] rechunked train graphs (seed=187)

=== Epoch 187/1000 ===
[train] loss=5.0081 cls=0.3933 cme=2.1520 acc=0.9864 cells=158379
[ct_train] rechunked train graphs (seed=188)

=== Epoch 188/1000 ===
[train] loss=5.0045 cls=0.3940 cme=2.1501 acc=0.9858 cells=158379
[val]   loss=5.1522 eval=2.6222 cls=0.4117 cme=2.2105 acc=0.9757 cells=118036
[ct_train] early_stopping: no improve on val/eval_loss for 22/40 val checks
[ct_train] rechunked train graphs (seed=189)

=== Epoch 189/1000 ===
[train] loss=5.0065 cls=0.3937 cme=2.1511 acc=0.9862 cells=158379
[ct_train] rechunked train graphs (seed=190)

=== Epoch 190/1000 ===
[train] loss=5.0101 cls=0.3928 cme=2.1532 acc=0.9867 cells=158379
[val]   loss=5.1441 eval=2.6176 cls=0.4108 cme=2.2067 acc=0.9759 cells=118036
[ct_train] early_stopping: no improve on val/eval_loss for 23/40 val checks
[ct_train] rechunked train graphs (seed=191)

=== Epoch 191/1000 ===
[train] loss=5.0161 cls=0.3929 cme=2.1558 acc=0.9866 cells=158379
[ct_train] rechunked train graphs (seed=192)

=== Epoch 192/1000 ===
[train] loss=5.0071 cls=0.3929 cme=2.1517 acc=0.9862 cells=158379
[val]   loss=5.1460 eval=2.6191 cls=0.4116 cme=2.2075 acc=0.9756 cells=118036
[ct_train] early_stopping: no improve on val/eval_loss for 24/40 val checks
[ct_train] rechunked train graphs (seed=193)

=== Epoch 193/1000 ===
[train] loss=5.0050 cls=0.3925 cme=2.1510 acc=0.9864 cells=158379
[ct_train] rechunked train graphs (seed=194)

=== Epoch 194/1000 ===
[train] loss=5.0040 cls=0.3917 cme=2.1509 acc=0.9868 cells=158379
[val]   loss=5.1482 eval=2.6212 cls=0.4134 cme=2.2079 acc=0.9750 cells=118036
[ct_train] early_stopping: no improve on val/eval_loss for 25/40 val checks
[ct_train] rechunked train graphs (seed=195)

=== Epoch 195/1000 ===
[train] loss=4.9977 cls=0.3918 cme=2.1479 acc=0.9868 cells=158379
[ct_train] rechunked train graphs (seed=196)

=== Epoch 196/1000 ===
[train] loss=4.9996 cls=0.3916 cme=2.1489 acc=0.9866 cells=158379
[val]   loss=5.1508 eval=2.6215 cls=0.4118 cme=2.2096 acc=0.9756 cells=118036
[ct_train] early_stopping: no improve on val/eval_loss for 26/40 val checks
[ct_train] rechunked train graphs (seed=197)

=== Epoch 197/1000 ===
[train] loss=4.9939 cls=0.3912 cme=2.1465 acc=0.9867 cells=158379
[ct_train] rechunked train graphs (seed=198)

=== Epoch 198/1000 ===
[train] loss=5.0007 cls=0.3917 cme=2.1494 acc=0.9867 cells=158379
[val]   loss=5.1453 eval=2.6186 cls=0.4113 cme=2.2073 acc=0.9762 cells=118036
[ct_train] early_stopping: no improve on val/eval_loss for 27/40 val checks
[ct_train] rechunked train graphs (seed=199)

=== Epoch 199/1000 ===
[train] loss=4.9979 cls=0.3912 cme=2.1482 acc=0.9869 cells=158379
[ct_train] rechunked train graphs (seed=200)

=== Epoch 200/1000 ===
[train] loss=5.0012 cls=0.3913 cme=2.1498 acc=0.9870 cells=158379
[val]   loss=5.1491 eval=2.6207 cls=0.4118 cme=2.2089 acc=0.9756 cells=118036
[ct_train] early_stopping: no improve on val/eval_loss for 28/40 val checks
[ct_train] rechunked train graphs (seed=201)

=== Epoch 201/1000 ===
[train] loss=4.9907 cls=0.3905 cme=2.1453 acc=0.9871 cells=158379
[ct_train] rechunked train graphs (seed=202)

=== Epoch 202/1000 ===
[train] loss=4.9882 cls=0.3901 cme=2.1443 acc=0.9873 cells=158379
[val]   loss=5.1488 eval=2.6206 cls=0.4120 cme=2.2086 acc=0.9758 cells=118036
[ct_train] early_stopping: no improve on val/eval_loss for 29/40 val checks
[ct_train] rechunked train graphs (seed=203)

=== Epoch 203/1000 ===
[train] loss=4.9997 cls=0.3910 cme=2.1491 acc=0.9868 cells=158379
[ct_train] rechunked train graphs (seed=204)

=== Epoch 204/1000 ===
[train] loss=4.9876 cls=0.3906 cme=2.1438 acc=0.9869 cells=158379
[val]   loss=5.1462 eval=2.6203 cls=0.4137 cme=2.2066 acc=0.9754 cells=118036
[ct_train] early_stopping: no improve on val/eval_loss for 30/40 val checks
[ct_train] rechunked train graphs (seed=205)

=== Epoch 205/1000 ===
[train] loss=4.9876 cls=0.3895 cme=2.1444 acc=0.9876 cells=158379
[ct_train] rechunked train graphs (seed=206)

=== Epoch 206/1000 ===
[train] loss=5.0055 cls=0.3902 cme=2.1522 acc=0.9871 cells=158379
[val]   loss=5.1537 eval=2.6230 cls=0.4122 cme=2.2109 acc=0.9759 cells=118036
[ct_train] early_stopping: no improve on val/eval_loss for 31/40 val checks
[ct_train] rechunked train graphs (seed=207)

=== Epoch 207/1000 ===
[train] loss=4.9959 cls=0.3896 cme=2.1480 acc=0.9875 cells=158379
[ct_train] rechunked train graphs (seed=208)

=== Epoch 208/1000 ===
[train] loss=4.9887 cls=0.3893 cme=2.1449 acc=0.9877 cells=158379
[val]   loss=5.1457 eval=2.6197 cls=0.4132 cme=2.2064 acc=0.9756 cells=118036
[ct_train] early_stopping: no improve on val/eval_loss for 32/40 val checks
[ct_train] rechunked train graphs (seed=209)

=== Epoch 209/1000 ===
[train] loss=4.9893 cls=0.3895 cme=2.1451 acc=0.9877 cells=158379
[ct_train] rechunked train graphs (seed=210)

=== Epoch 210/1000 ===
[train] loss=4.9954 cls=0.3890 cme=2.1481 acc=0.9880 cells=158379
[val]   loss=5.1522 eval=2.6220 cls=0.4117 cme=2.2104 acc=0.9763 cells=118036
[ct_train] early_stopping: no improve on val/eval_loss for 33/40 val checks
[ct_train] rechunked train graphs (seed=211)

=== Epoch 211/1000 ===
[train] loss=4.9893 cls=0.3886 cme=2.1455 acc=0.9878 cells=158379
[ct_train] rechunked train graphs (seed=212)

=== Epoch 212/1000 ===
[train] loss=4.9899 cls=0.3885 cme=2.1459 acc=0.9880 cells=158379
[val]   loss=5.1509 eval=2.6222 cls=0.4130 cme=2.2091 acc=0.9757 cells=118036
[ct_train] early_stopping: no improve on val/eval_loss for 34/40 val checks
[ct_train] rechunked train graphs (seed=213)

=== Epoch 213/1000 ===
[train] loss=4.9769 cls=0.3879 cme=2.1401 acc=0.9878 cells=158379
[ct_train] rechunked train graphs (seed=214)

=== Epoch 214/1000 ===
[train] loss=4.9908 cls=0.3881 cme=2.1465 acc=0.9882 cells=158379
[val]   loss=5.1565 eval=2.6254 cls=0.4143 cme=2.2111 acc=0.9751 cells=118036
[ct_train] early_stopping: no improve on val/eval_loss for 35/40 val checks
[ct_train] rechunked train graphs (seed=215)

=== Epoch 215/1000 ===
[train] loss=4.9884 cls=0.3885 cme=2.1452 acc=0.9878 cells=158379
[ct_train] rechunked train graphs (seed=216)

=== Epoch 216/1000 ===
[train] loss=4.9842 cls=0.3883 cme=2.1434 acc=0.9878 cells=158379
[val]   loss=5.1562 eval=2.6248 cls=0.4132 cme=2.2116 acc=0.9762 cells=118036
[ct_train] early_stopping: no improve on val/eval_loss for 36/40 val checks
[ct_train] rechunked train graphs (seed=217)

=== Epoch 217/1000 ===
[train] loss=4.9907 cls=0.3873 cme=2.1467 acc=0.9885 cells=158379
[ct_train] rechunked train graphs (seed=218)

=== Epoch 218/1000 ===
[train] loss=4.9842 cls=0.3872 cme=2.1438 acc=0.9885 cells=158379
[val]   loss=5.1554 eval=2.6251 cls=0.4145 cme=2.2105 acc=0.9754 cells=118036
[ct_train] early_stopping: no improve on val/eval_loss for 37/40 val checks
[ct_train] rechunked train graphs (seed=219)

=== Epoch 219/1000 ===
[train] loss=4.9844 cls=0.3870 cme=2.1440 acc=0.9887 cells=158379
[ct_train] rechunked train graphs (seed=220)

=== Epoch 220/1000 ===
[train] loss=4.9905 cls=0.3865 cme=2.1470 acc=0.9889 cells=158379
[val]   loss=5.1533 eval=2.6239 cls=0.4143 cme=2.2096 acc=0.9758 cells=118036
[ct_train] early_stopping: no improve on val/eval_loss for 38/40 val checks
[ct_train] rechunked train graphs (seed=221)

=== Epoch 221/1000 ===
[train] loss=4.9741 cls=0.3862 cme=2.1396 acc=0.9889 cells=158379
[ct_train] rechunked train graphs (seed=222)

=== Epoch 222/1000 ===
[train] loss=4.9688 cls=0.3863 cme=2.1371 acc=0.9887 cells=158379
[val]   loss=5.1566 eval=2.6249 cls=0.4131 cme=2.2118 acc=0.9757 cells=118036
[ct_train] early_stopping: no improve on val/eval_loss for 39/40 val checks
[ct_train] rechunked train graphs (seed=223)

=== Epoch 223/1000 ===
[train] loss=4.9811 cls=0.3867 cme=2.1426 acc=0.9884 cells=158379
[ct_train] rechunked train graphs (seed=224)

=== Epoch 224/1000 ===
[train] loss=4.9902 cls=0.3861 cme=2.1471 acc=0.9886 cells=158379
[val]   loss=5.1569 eval=2.6256 cls=0.4141 cme=2.2115 acc=0.9758 cells=118036
[ct_train] early_stopping: no improve on val/eval_loss for 40/40 val checks
[ct_train] early stopping at epoch 224 (patience=40, monitor=val/eval_loss)

[ct_train] done. best_val_acc=0.9763  best_val_eval_loss=2.6148  checkpoints=/home/abel/code/Tissue-Reassembly-using-GenAI-and-new-metrics/exploration/cell_types/outputs/exp070_clip0p5  logs=/home/abel/code/Tissue-Reassembly-using-GenAI-and-new-metrics/exploration/cell_types/logs/exp070_clip0p5/20260807_233445
wandb: updating run metadata
wandb: uploading output.log; uploading wandb-summary.json; uploading config.yaml
wandb: 
wandb: Run summary:
wandb:                      best_epoch 144
wandb:                    best_val_acc 0.9763
wandb:              best_val_eval_loss 2.61478
wandb:                           epoch 224
wandb:                              lr 0.00018
wandb:           model/parameter_count 1305308
wandb: model/trainable_parameter_count 1305308
wandb:                       train/acc 0.98863
wandb:       train/acc_per_class/Astro 0.99372
wandb:        train/acc_per_class/Endo 0.98592
wandb:                             +54 ...
wandb: 
wandb:  View run exp070_clip0p5 at: https://wandb.ai/abel-salmona-polytechnique-montr-al/cell_types/runs/gfr0dvj3
wandb:  View project at: https://wandb.ai/abel-salmona-polytechnique-montr-al/cell_types
wandb: Synced 5 W&B file(s), 1 media file(s), 2 artifact file(s) and 1 other file(s)
wandb: Find logs at: ./exploration/cell_types/logs/exp070_clip0p5/20260807_233445/wandb/run-20260807_233454-gfr0dvj3/logs
