[ct_train] config=exploration/cell_types/experiments/configs/exp045_best_cme2p25.json
[ct_train] device=cuda  checkpoints=/home/abel/code/Tissue-Reassembly-using-GenAI-and-new-metrics/exploration/cell_types/outputs/exp045_best_cme2p25
[ct_train] logs=/home/abel/code/Tissue-Reassembly-using-GenAI-and-new-metrics/exploration/cell_types/logs/exp045_best_cme2p25/20260807_214412
[ct_train] Loading data …
[DataModule] Reading '/home/abel/biodata/MERFISH_LUNA_small_cortex/MERFISH_mouse_cortex_train.csv' (split=train) with float32 dtype on 254 gene cols + coord cols …
[DataModule] Loaded 158,379 rows for split=train.
[DataModule] Reading '/home/abel/biodata/MERFISH_LUNA_small_cortex/MERFISH_mouse_cortex_test.csv' (split=test) with float32 dtype on 254 gene cols + coord cols …
[DataModule] Loaded 118,036 rows for split=test.
[DataModule] Reading '/home/abel/biodata/MERFISH_LUNA_small_cortex/MERFISH_mouse_cortex_test.csv' (split=validation) with float32 dtype on 254 gene cols + coord cols …
[DataModule] Loaded 118,036 rows for split=validation.
[ct_train] genes=254  classes=23
[ct_train] model predict_cme=True  params=1,272,988
[ct_train] soft CME loaded split=train sigma=96.0 n=158379 C=23
[ct_train] soft CME loaded split=validation sigma=96.0 n=118036 C=23
wandb: [wandb.login()] Loaded credentials for https://api.wandb.ai from /home/abel/.netrc.
wandb: Currently logged in as: abel-salmona (abel-salmona-polytechnique-montr-al) to https://api.wandb.ai. Use `wandb login --relogin` to force relogin
wandb: WARNING Using a boolean value for 'reinit' is deprecated. Use 'return_previous' or 'finish_previous' instead.
wandb: Tracking run with wandb version 0.26.1
wandb: Run data is saved locally in /home/abel/code/Tissue-Reassembly-using-GenAI-and-new-metrics/exploration/cell_types/logs/exp045_best_cme2p25/20260807_214412/wandb/run-20260807_214420-a3ewvvdp
wandb: Run `wandb offline` to turn off syncing.
wandb: Syncing run exp045_best_cme2p25
wandb:  View project at https://wandb.ai/abel-salmona-polytechnique-montr-al/cell_types
wandb:  View run at https://wandb.ai/abel-salmona-polytechnique-montr-al/cell_types/runs/a3ewvvdp
wandb: WARNING Saving files without folders. If you want to preserve subdirectories pass base_path to wandb.save, i.e. wandb.save("/mnt/folder/file.h5", base_path="/mnt")
wandb: WARNING Symlinked 1 file into the W&B run directory; call wandb.save again to sync new files.
[ct_train] wandb: project=cell_types name=exp045_best_cme2p25 mode=online url=https://wandb.ai/abel-salmona-polytechnique-montr-al/cell_types/runs/a3ewvvdp
[ct_train] parameters: total=1,272,988 trainable=1,272,988
  [params] mlp_in_node_features: 26,720
  [params] transformer_layers: 633,600
  [params] type_stage1: 19,072
  [params] env_stage1: 93,056
  [params] type_probe: 1,495
  [params] env_probe: 7,383
  [params] fusion_mlp: 370,656
  [params] type_stage2: 20,567
  [params] env_stage2: 100,439
[ct_train] rechunked train graphs (seed=1)

=== Epoch 1/1000 ===
[train] loss=8.9149 cls=2.7285 cme=2.7495 acc=0.2134 cells=158379
[ct_train] rechunked train graphs (seed=2)

=== Epoch 2/1000 ===
[train] loss=7.6075 cls=1.9221 cme=2.5268 acc=0.5878 cells=158379
[val]   loss=6.8916 eval=3.8286 cls=1.3782 cme=2.4504 acc=0.7437 cells=118036
[ct_train] saved best checkpoint (val_eval_loss=3.8286 val_acc=0.7437)
[ct_train] rechunked train graphs (seed=3)

=== Epoch 3/1000 ===
[train] loss=6.7215 cls=1.2853 cme=2.4161 acc=0.7577 cells=158379
[ct_train] rechunked train graphs (seed=4)

=== Epoch 4/1000 ===
[train] loss=6.2767 cls=0.9439 cme=2.3701 acc=0.8520 cells=158379
[val]   loss=6.0130 eval=3.0640 cls=0.7048 cme=2.3592 acc=0.9075 cells=118036
[ct_train] saved best checkpoint (val_eval_loss=3.0640 val_acc=0.9075)
[ct_train] rechunked train graphs (seed=5)

=== Epoch 5/1000 ===
[train] loss=6.0571 cls=0.7775 cme=2.3465 acc=0.8928 cells=158379
[ct_train] rechunked train graphs (seed=6)

=== Epoch 6/1000 ===
[train] loss=5.9100 cls=0.6826 cme=2.3233 acc=0.9154 cells=158379
[val]   loss=5.7803 eval=2.8790 cls=0.5580 cme=2.3211 acc=0.9399 cells=118036
[ct_train] saved best checkpoint (val_eval_loss=2.8790 val_acc=0.9399)
[ct_train] rechunked train graphs (seed=7)

=== Epoch 7/1000 ===
[train] loss=5.8315 cls=0.6294 cme=2.3120 acc=0.9307 cells=158379
[ct_train] rechunked train graphs (seed=8)

=== Epoch 8/1000 ===
[train] loss=5.7699 cls=0.5978 cme=2.2987 acc=0.9386 cells=158379
[val]   loss=5.6771 eval=2.8065 cls=0.5101 cme=2.2965 acc=0.9504 cells=118036
[ct_train] saved best checkpoint (val_eval_loss=2.8065 val_acc=0.9504)
[ct_train] rechunked train graphs (seed=9)

=== Epoch 9/1000 ===
[train] loss=5.7310 cls=0.5768 cme=2.2907 acc=0.9432 cells=158379
[ct_train] rechunked train graphs (seed=10)

=== Epoch 10/1000 ===
[train] loss=5.6846 cls=0.5593 cme=2.2779 acc=0.9476 cells=158379
[val]   loss=5.6152 eval=2.7655 cls=0.4858 cme=2.2797 acc=0.9569 cells=118036
[ct_train] saved best checkpoint (val_eval_loss=2.7655 val_acc=0.9569)
[ct_train] rechunked train graphs (seed=11)

=== Epoch 11/1000 ===
[train] loss=5.6726 cls=0.5490 cme=2.2771 acc=0.9493 cells=158379
[ct_train] rechunked train graphs (seed=12)

=== Epoch 12/1000 ===
[train] loss=5.6444 cls=0.5390 cme=2.2691 acc=0.9510 cells=158379
[val]   loss=5.5972 eval=2.7524 cls=0.4766 cme=2.2758 acc=0.9587 cells=118036
[ct_train] saved best checkpoint (val_eval_loss=2.7524 val_acc=0.9587)
[ct_train] rechunked train graphs (seed=13)

=== Epoch 13/1000 ===
[train] loss=5.6302 cls=0.5325 cme=2.2656 acc=0.9534 cells=158379
[ct_train] rechunked train graphs (seed=14)

=== Epoch 14/1000 ===
[train] loss=5.6235 cls=0.5256 cme=2.2657 acc=0.9548 cells=158379
[val]   loss=5.5635 eval=2.7337 cls=0.4699 cme=2.2638 acc=0.9610 cells=118036
[ct_train] saved best checkpoint (val_eval_loss=2.7337 val_acc=0.9610)
[ct_train] rechunked train graphs (seed=15)

=== Epoch 15/1000 ===
[train] loss=5.5918 cls=0.5207 cme=2.2538 acc=0.9556 cells=158379
[ct_train] rechunked train graphs (seed=16)

=== Epoch 16/1000 ===
[train] loss=5.5966 cls=0.5165 cme=2.2578 acc=0.9565 cells=158379
[val]   loss=5.5516 eval=2.7262 cls=0.4660 cme=2.2603 acc=0.9617 cells=118036
[ct_train] saved best checkpoint (val_eval_loss=2.7262 val_acc=0.9617)
[ct_train] rechunked train graphs (seed=17)

=== Epoch 17/1000 ===
[train] loss=5.5828 cls=0.5114 cme=2.2539 acc=0.9578 cells=158379
[ct_train] rechunked train graphs (seed=18)

=== Epoch 18/1000 ===
[train] loss=5.5850 cls=0.5095 cme=2.2558 acc=0.9583 cells=158379
[val]   loss=5.5262 eval=2.7119 cls=0.4605 cme=2.2514 acc=0.9635 cells=118036
[ct_train] saved best checkpoint (val_eval_loss=2.7119 val_acc=0.9635)
[ct_train] rechunked train graphs (seed=19)

=== Epoch 19/1000 ===
[train] loss=5.5503 cls=0.5043 cme=2.2427 acc=0.9590 cells=158379
[ct_train] rechunked train graphs (seed=20)

=== Epoch 20/1000 ===
[train] loss=5.5474 cls=0.5015 cme=2.2426 acc=0.9598 cells=158379
[val]   loss=5.5172 eval=2.7055 cls=0.4562 cme=2.2493 acc=0.9640 cells=118036
[ct_train] saved best checkpoint (val_eval_loss=2.7055 val_acc=0.9640)
[ct_train] rechunked train graphs (seed=21)

=== Epoch 21/1000 ===
[train] loss=5.5500 cls=0.4999 cme=2.2445 acc=0.9610 cells=158379
[ct_train] rechunked train graphs (seed=22)

=== Epoch 22/1000 ===
[train] loss=5.5305 cls=0.4949 cme=2.2380 acc=0.9614 cells=158379
[val]   loss=5.5136 eval=2.7024 cls=0.4535 cme=2.2490 acc=0.9651 cells=118036
[ct_train] saved best checkpoint (val_eval_loss=2.7024 val_acc=0.9651)
[ct_train] rechunked train graphs (seed=23)

=== Epoch 23/1000 ===
[train] loss=5.5185 cls=0.4921 cme=2.2339 acc=0.9621 cells=158379
[ct_train] rechunked train graphs (seed=24)

=== Epoch 24/1000 ===
[train] loss=5.5230 cls=0.4897 cme=2.2370 acc=0.9630 cells=158379
[val]   loss=5.4952 eval=2.6911 cls=0.4478 cme=2.2433 acc=0.9663 cells=118036
[ct_train] saved best checkpoint (val_eval_loss=2.6911 val_acc=0.9663)
[ct_train] rechunked train graphs (seed=25)

=== Epoch 25/1000 ===
[train] loss=5.5002 cls=0.4878 cme=2.2277 acc=0.9628 cells=158379
[ct_train] rechunked train graphs (seed=26)

=== Epoch 26/1000 ===
[train] loss=5.5052 cls=0.4831 cme=2.2320 acc=0.9646 cells=158379
[val]   loss=5.4963 eval=2.6896 cls=0.4443 cme=2.2453 acc=0.9669 cells=118036
[ct_train] saved best checkpoint (val_eval_loss=2.6896 val_acc=0.9669)
[ct_train] rechunked train graphs (seed=27)

=== Epoch 27/1000 ===
[train] loss=5.5074 cls=0.4823 cme=2.2334 acc=0.9648 cells=158379
[ct_train] rechunked train graphs (seed=28)

=== Epoch 28/1000 ===
[train] loss=5.4999 cls=0.4805 cme=2.2309 acc=0.9656 cells=158379
[val]   loss=5.4757 eval=2.6806 cls=0.4445 cme=2.2361 acc=0.9673 cells=118036
[ct_train] saved best checkpoint (val_eval_loss=2.6806 val_acc=0.9673)
[ct_train] rechunked train graphs (seed=29)

=== Epoch 29/1000 ===
[train] loss=5.4949 cls=0.4792 cme=2.2292 acc=0.9656 cells=158379
[ct_train] rechunked train graphs (seed=30)

=== Epoch 30/1000 ===
[train] loss=5.4961 cls=0.4768 cme=2.2308 acc=0.9662 cells=158379
[val]   loss=5.4742 eval=2.6774 cls=0.4400 cme=2.2374 acc=0.9683 cells=118036
[ct_train] saved best checkpoint (val_eval_loss=2.6774 val_acc=0.9683)
[ct_train] rechunked train graphs (seed=31)

=== Epoch 31/1000 ===
[train] loss=5.4696 cls=0.4743 cme=2.2201 acc=0.9665 cells=158379
[ct_train] rechunked train graphs (seed=32)

=== Epoch 32/1000 ===
[train] loss=5.4773 cls=0.4728 cme=2.2242 acc=0.9667 cells=158379
[val]   loss=5.4642 eval=2.6718 cls=0.4379 cme=2.2339 acc=0.9688 cells=118036
[ct_train] saved best checkpoint (val_eval_loss=2.6718 val_acc=0.9688)
[ct_train] rechunked train graphs (seed=33)

=== Epoch 33/1000 ===
[train] loss=5.4729 cls=0.4725 cme=2.2224 acc=0.9673 cells=158379
[ct_train] rechunked train graphs (seed=34)

=== Epoch 34/1000 ===
[train] loss=5.4650 cls=0.4702 cme=2.2199 acc=0.9677 cells=158379
[val]   loss=5.4675 eval=2.6745 cls=0.4401 cme=2.2344 acc=0.9686 cells=118036
[ct_train] early_stopping: no improve on val/eval_loss for 1/36 val checks
[ct_train] rechunked train graphs (seed=35)

=== Epoch 35/1000 ===
[train] loss=5.4620 cls=0.4677 cme=2.2197 acc=0.9678 cells=158379
[ct_train] rechunked train graphs (seed=36)

=== Epoch 36/1000 ===
[train] loss=5.4743 cls=0.4673 cme=2.2253 acc=0.9681 cells=158379
[val]   loss=5.4593 eval=2.6682 cls=0.4353 cme=2.2329 acc=0.9693 cells=118036
[ct_train] saved best checkpoint (val_eval_loss=2.6682 val_acc=0.9693)
[ct_train] rechunked train graphs (seed=37)

=== Epoch 37/1000 ===
[train] loss=5.4575 cls=0.4646 cme=2.2191 acc=0.9691 cells=158379
[ct_train] rechunked train graphs (seed=38)

=== Epoch 38/1000 ===
[train] loss=5.4614 cls=0.4664 cme=2.2200 acc=0.9692 cells=158379
[val]   loss=5.4486 eval=2.6627 cls=0.4340 cme=2.2287 acc=0.9697 cells=118036
[ct_train] saved best checkpoint (val_eval_loss=2.6627 val_acc=0.9697)
[ct_train] rechunked train graphs (seed=39)

=== Epoch 39/1000 ===
[train] loss=5.4496 cls=0.4626 cme=2.2164 acc=0.9690 cells=158379
[ct_train] rechunked train graphs (seed=40)

=== Epoch 40/1000 ===
[train] loss=5.4427 cls=0.4621 cme=2.2136 acc=0.9696 cells=158379
[val]   loss=5.4450 eval=2.6601 cls=0.4323 cme=2.2279 acc=0.9701 cells=118036
[ct_train] saved best checkpoint (val_eval_loss=2.6601 val_acc=0.9701)
[ct_train] rechunked train graphs (seed=41)

=== Epoch 41/1000 ===
[train] loss=5.4402 cls=0.4618 cme=2.2126 acc=0.9697 cells=158379
[ct_train] rechunked train graphs (seed=42)

=== Epoch 42/1000 ===
[train] loss=5.4442 cls=0.4606 cme=2.2149 acc=0.9698 cells=158379
[val]   loss=5.4362 eval=2.6556 cls=0.4310 cme=2.2245 acc=0.9701 cells=118036
[ct_train] saved best checkpoint (val_eval_loss=2.6556 val_acc=0.9701)
[ct_train] rechunked train graphs (seed=43)

=== Epoch 43/1000 ===
[train] loss=5.4249 cls=0.4592 cme=2.2070 acc=0.9706 cells=158379
[ct_train] rechunked train graphs (seed=44)

=== Epoch 44/1000 ===
[train] loss=5.4231 cls=0.4579 cme=2.2068 acc=0.9706 cells=158379
[val]   loss=5.4367 eval=2.6553 cls=0.4302 cme=2.2251 acc=0.9706 cells=118036
[ct_train] saved best checkpoint (val_eval_loss=2.6553 val_acc=0.9706)
[ct_train] early_stopping: no improve on val/eval_loss for 1/36 val checks
[ct_train] rechunked train graphs (seed=45)

=== Epoch 45/1000 ===
[train] loss=5.4205 cls=0.4562 cme=2.2063 acc=0.9709 cells=158379
[ct_train] rechunked train graphs (seed=46)

=== Epoch 46/1000 ===
[train] loss=5.4152 cls=0.4562 cme=2.2040 acc=0.9708 cells=158379
[val]   loss=5.4390 eval=2.6564 cls=0.4302 cme=2.2261 acc=0.9704 cells=118036
[ct_train] early_stopping: no improve on val/eval_loss for 2/36 val checks
[ct_train] rechunked train graphs (seed=47)

=== Epoch 47/1000 ===
[train] loss=5.4194 cls=0.4550 cme=2.2064 acc=0.9714 cells=158379
[ct_train] rechunked train graphs (seed=48)

=== Epoch 48/1000 ===
[train] loss=5.4104 cls=0.4532 cme=2.2032 acc=0.9717 cells=158379
[val]   loss=5.4318 eval=2.6518 cls=0.4277 cme=2.2240 acc=0.9711 cells=118036
[ct_train] saved best checkpoint (val_eval_loss=2.6518 val_acc=0.9711)
[ct_train] rechunked train graphs (seed=49)

=== Epoch 49/1000 ===
[train] loss=5.4145 cls=0.4528 cme=2.2052 acc=0.9715 cells=158379
[ct_train] rechunked train graphs (seed=50)

=== Epoch 50/1000 ===
[train] loss=5.4113 cls=0.4517 cme=2.2043 acc=0.9724 cells=158379
[val]   loss=5.4259 eval=2.6492 cls=0.4278 cme=2.2214 acc=0.9713 cells=118036
[ct_train] saved best checkpoint (val_eval_loss=2.6492 val_acc=0.9713)
[ct_train] rechunked train graphs (seed=51)

=== Epoch 51/1000 ===
[train] loss=5.4057 cls=0.4499 cme=2.2026 acc=0.9724 cells=158379
[ct_train] rechunked train graphs (seed=52)

=== Epoch 52/1000 ===
[train] loss=5.4094 cls=0.4508 cme=2.2038 acc=0.9722 cells=158379
[val]   loss=5.4285 eval=2.6501 cls=0.4274 cme=2.2227 acc=0.9709 cells=118036
[ct_train] early_stopping: no improve on val/eval_loss for 1/36 val checks
[ct_train] rechunked train graphs (seed=53)

=== Epoch 53/1000 ===
[train] loss=5.3994 cls=0.4501 cme=2.1997 acc=0.9722 cells=158379
[ct_train] rechunked train graphs (seed=54)

=== Epoch 54/1000 ===
[train] loss=5.4032 cls=0.4487 cme=2.2020 acc=0.9728 cells=158379
[val]   loss=5.4238 eval=2.6478 cls=0.4270 cme=2.2208 acc=0.9717 cells=118036
[ct_train] saved best checkpoint (val_eval_loss=2.6478 val_acc=0.9717)
[ct_train] rechunked train graphs (seed=55)

=== Epoch 55/1000 ===
[train] loss=5.4033 cls=0.4485 cme=2.2021 acc=0.9726 cells=158379
[ct_train] rechunked train graphs (seed=56)

=== Epoch 56/1000 ===
[train] loss=5.4102 cls=0.4484 cme=2.2052 acc=0.9726 cells=158379
[val]   loss=5.4240 eval=2.6471 cls=0.4255 cme=2.2216 acc=0.9717 cells=118036
[ct_train] saved best checkpoint (val_eval_loss=2.6471 val_acc=0.9717)
[ct_train] rechunked train graphs (seed=57)

=== Epoch 57/1000 ===
[train] loss=5.3979 cls=0.4478 cme=2.2001 acc=0.9732 cells=158379
[ct_train] rechunked train graphs (seed=58)

=== Epoch 58/1000 ===
[train] loss=5.4046 cls=0.4472 cme=2.2033 acc=0.9734 cells=158379
[val]   loss=5.4477 eval=2.6567 cls=0.4240 cme=2.2328 acc=0.9720 cells=118036
[ct_train] early_stopping: no improve on val/eval_loss for 1/36 val checks
[ct_train] rechunked train graphs (seed=59)

=== Epoch 59/1000 ===
[train] loss=5.3970 cls=0.4446 cme=2.2010 acc=0.9735 cells=158379
[ct_train] rechunked train graphs (seed=60)

=== Epoch 60/1000 ===
[train] loss=5.3926 cls=0.4436 cme=2.1996 acc=0.9741 cells=158379
[val]   loss=5.4155 eval=2.6417 cls=0.4227 cme=2.2190 acc=0.9721 cells=118036
[ct_train] saved best checkpoint (val_eval_loss=2.6417 val_acc=0.9721)
[ct_train] rechunked train graphs (seed=61)

=== Epoch 61/1000 ===
[train] loss=5.3975 cls=0.4465 cme=2.2004 acc=0.9732 cells=158379
[ct_train] rechunked train graphs (seed=62)

=== Epoch 62/1000 ===
[train] loss=5.3846 cls=0.4438 cme=2.1959 acc=0.9739 cells=158379
[val]   loss=5.4195 eval=2.6447 cls=0.4248 cme=2.2199 acc=0.9722 cells=118036
[ct_train] early_stopping: no improve on val/eval_loss for 1/36 val checks
[ct_train] rechunked train graphs (seed=63)

=== Epoch 63/1000 ===
[train] loss=5.3893 cls=0.4434 cme=2.1982 acc=0.9743 cells=158379
[ct_train] rechunked train graphs (seed=64)

=== Epoch 64/1000 ===
[train] loss=5.3807 cls=0.4432 cme=2.1944 acc=0.9742 cells=158379
[val]   loss=5.4232 eval=2.6451 cls=0.4226 cme=2.2225 acc=0.9727 cells=118036
[ct_train] early_stopping: no improve on val/eval_loss for 2/36 val checks
[ct_train] rechunked train graphs (seed=65)

=== Epoch 65/1000 ===
[train] loss=5.3927 cls=0.4420 cme=2.2003 acc=0.9747 cells=158379
[ct_train] rechunked train graphs (seed=66)

=== Epoch 66/1000 ===
[train] loss=5.3872 cls=0.4423 cme=2.1977 acc=0.9743 cells=158379
[val]   loss=5.4175 eval=2.6415 cls=0.4208 cme=2.2207 acc=0.9729 cells=118036
[ct_train] saved best checkpoint (val_eval_loss=2.6415 val_acc=0.9729)
[ct_train] early_stopping: no improve on val/eval_loss for 3/36 val checks
[ct_train] rechunked train graphs (seed=67)

=== Epoch 67/1000 ===
[train] loss=5.3738 cls=0.4408 cme=2.1924 acc=0.9749 cells=158379
[ct_train] rechunked train graphs (seed=68)

=== Epoch 68/1000 ===
[train] loss=5.3673 cls=0.4395 cme=2.1902 acc=0.9750 cells=158379
[val]   loss=5.4119 eval=2.6404 cls=0.4232 cme=2.2172 acc=0.9725 cells=118036
[ct_train] saved best checkpoint (val_eval_loss=2.6404 val_acc=0.9729)
[ct_train] rechunked train graphs (seed=69)

=== Epoch 69/1000 ===
[train] loss=5.3745 cls=0.4412 cme=2.1926 acc=0.9749 cells=158379
[ct_train] rechunked train graphs (seed=70)

=== Epoch 70/1000 ===
[train] loss=5.3800 cls=0.4394 cme=2.1958 acc=0.9754 cells=158379
[val]   loss=5.4263 eval=2.6454 cls=0.4207 cme=2.2247 acc=0.9731 cells=118036
[ct_train] early_stopping: no improve on val/eval_loss for 1/36 val checks
[ct_train] rechunked train graphs (seed=71)

=== Epoch 71/1000 ===
[train] loss=5.3610 cls=0.4377 cme=2.1881 acc=0.9758 cells=158379
[ct_train] rechunked train graphs (seed=72)

=== Epoch 72/1000 ===
[train] loss=5.3654 cls=0.4376 cme=2.1901 acc=0.9756 cells=158379
[val]   loss=5.4114 eval=2.6396 cls=0.4221 cme=2.2174 acc=0.9731 cells=118036
[ct_train] saved best checkpoint (val_eval_loss=2.6396 val_acc=0.9731)
[ct_train] rechunked train graphs (seed=73)

=== Epoch 73/1000 ===
[train] loss=5.3505 cls=0.4369 cme=2.1838 acc=0.9753 cells=158379
[ct_train] rechunked train graphs (seed=74)

=== Epoch 74/1000 ===
[train] loss=5.3580 cls=0.4365 cme=2.1873 acc=0.9758 cells=158379
[val]   loss=5.4094 eval=2.6377 cls=0.4204 cme=2.2174 acc=0.9731 cells=118036
[ct_train] saved best checkpoint (val_eval_loss=2.6377 val_acc=0.9731)
[ct_train] rechunked train graphs (seed=75)

=== Epoch 75/1000 ===
[train] loss=5.3642 cls=0.4373 cme=2.1897 acc=0.9764 cells=158379
[ct_train] rechunked train graphs (seed=76)

=== Epoch 76/1000 ===
[train] loss=5.3508 cls=0.4363 cme=2.1843 acc=0.9754 cells=158379
[val]   loss=5.4026 eval=2.6354 cls=0.4218 cme=2.2137 acc=0.9725 cells=118036
[ct_train] saved best checkpoint (val_eval_loss=2.6354 val_acc=0.9731)
[ct_train] rechunked train graphs (seed=77)

=== Epoch 77/1000 ===
[train] loss=5.3551 cls=0.4351 cme=2.1867 acc=0.9761 cells=158379
[ct_train] rechunked train graphs (seed=78)

=== Epoch 78/1000 ===
[train] loss=5.3604 cls=0.4351 cme=2.1890 acc=0.9762 cells=158379
[val]   loss=5.4026 eval=2.6346 cls=0.4202 cme=2.2144 acc=0.9732 cells=118036
[ct_train] saved best checkpoint (val_eval_loss=2.6346 val_acc=0.9732)
[ct_train] rechunked train graphs (seed=79)

=== Epoch 79/1000 ===
[train] loss=5.3511 cls=0.4336 cme=2.1856 acc=0.9766 cells=158379
[ct_train] rechunked train graphs (seed=80)

=== Epoch 80/1000 ===
[train] loss=5.3570 cls=0.4340 cme=2.1880 acc=0.9767 cells=158379
[val]   loss=5.4029 eval=2.6347 cls=0.4202 cme=2.2145 acc=0.9729 cells=118036
[ct_train] early_stopping: no improve on val/eval_loss for 1/36 val checks
[ct_train] rechunked train graphs (seed=81)

=== Epoch 81/1000 ===
[train] loss=5.3639 cls=0.4343 cme=2.1909 acc=0.9770 cells=158379
[ct_train] rechunked train graphs (seed=82)

=== Epoch 82/1000 ===
[train] loss=5.3521 cls=0.4324 cme=2.1865 acc=0.9768 cells=158379
[val]   loss=5.4030 eval=2.6339 cls=0.4186 cme=2.2153 acc=0.9737 cells=118036
[ct_train] saved best checkpoint (val_eval_loss=2.6339 val_acc=0.9737)
[ct_train] rechunked train graphs (seed=83)

=== Epoch 83/1000 ===
[train] loss=5.3459 cls=0.4315 cme=2.1842 acc=0.9774 cells=158379
[ct_train] rechunked train graphs (seed=84)

=== Epoch 84/1000 ===
[train] loss=5.3406 cls=0.4308 cme=2.1822 acc=0.9775 cells=158379
[val]   loss=5.3957 eval=2.6311 cls=0.4194 cme=2.2117 acc=0.9734 cells=118036
[ct_train] saved best checkpoint (val_eval_loss=2.6311 val_acc=0.9737)
[ct_train] rechunked train graphs (seed=85)

=== Epoch 85/1000 ===
[train] loss=5.3459 cls=0.4315 cme=2.1842 acc=0.9775 cells=158379
[ct_train] rechunked train graphs (seed=86)

=== Epoch 86/1000 ===
[train] loss=5.3380 cls=0.4296 cme=2.1815 acc=0.9776 cells=158379
[val]   loss=5.4018 eval=2.6340 cls=0.4197 cme=2.2143 acc=0.9733 cells=118036
[ct_train] early_stopping: no improve on val/eval_loss for 1/36 val checks
[ct_train] rechunked train graphs (seed=87)

=== Epoch 87/1000 ===
[train] loss=5.3491 cls=0.4295 cme=2.1865 acc=0.9779 cells=158379
[ct_train] rechunked train graphs (seed=88)

=== Epoch 88/1000 ===
[train] loss=5.3411 cls=0.4295 cme=2.1829 acc=0.9780 cells=158379
[val]   loss=5.3977 eval=2.6312 cls=0.4181 cme=2.2132 acc=0.9738 cells=118036
[ct_train] early_stopping: no improve on val/eval_loss for 2/36 val checks
[ct_train] rechunked train graphs (seed=89)

=== Epoch 89/1000 ===
[train] loss=5.3363 cls=0.4285 cme=2.1812 acc=0.9781 cells=158379
[ct_train] rechunked train graphs (seed=90)

=== Epoch 90/1000 ===
[train] loss=5.3428 cls=0.4276 cme=2.1845 acc=0.9782 cells=158379
[val]   loss=5.3941 eval=2.6305 cls=0.4195 cme=2.2109 acc=0.9733 cells=118036
[ct_train] saved best checkpoint (val_eval_loss=2.6305 val_acc=0.9738)
[ct_train] rechunked train graphs (seed=91)

=== Epoch 91/1000 ===
[train] loss=5.3350 cls=0.4282 cme=2.1808 acc=0.9779 cells=158379
[ct_train] rechunked train graphs (seed=92)

=== Epoch 92/1000 ===
[train] loss=5.3318 cls=0.4288 cme=2.1791 acc=0.9780 cells=158379
[val]   loss=5.3910 eval=2.6279 cls=0.4174 cme=2.2105 acc=0.9742 cells=118036
[ct_train] saved best checkpoint (val_eval_loss=2.6279 val_acc=0.9742)
[ct_train] rechunked train graphs (seed=93)

=== Epoch 93/1000 ===
[train] loss=5.3410 cls=0.4288 cme=2.1832 acc=0.9783 cells=158379
[ct_train] rechunked train graphs (seed=94)

=== Epoch 94/1000 ===
[train] loss=5.3349 cls=0.4272 cme=2.1812 acc=0.9786 cells=158379
[val]   loss=5.3968 eval=2.6308 cls=0.4180 cme=2.2128 acc=0.9740 cells=118036
[ct_train] early_stopping: no improve on val/eval_loss for 1/36 val checks
[ct_train] rechunked train graphs (seed=95)

=== Epoch 95/1000 ===
[train] loss=5.3403 cls=0.4266 cme=2.1839 acc=0.9786 cells=158379
[ct_train] rechunked train graphs (seed=96)

=== Epoch 96/1000 ===
[train] loss=5.3369 cls=0.4257 cme=2.1827 acc=0.9788 cells=158379
[val]   loss=5.3937 eval=2.6295 cls=0.4181 cme=2.2114 acc=0.9736 cells=118036
[ct_train] early_stopping: no improve on val/eval_loss for 2/36 val checks
[ct_train] rechunked train graphs (seed=97)

=== Epoch 97/1000 ===
[train] loss=5.3245 cls=0.4260 cme=2.1771 acc=0.9786 cells=158379
[ct_train] rechunked train graphs (seed=98)

=== Epoch 98/1000 ===
[train] loss=5.3369 cls=0.4261 cme=2.1826 acc=0.9789 cells=158379
[val]   loss=5.3981 eval=2.6308 cls=0.4169 cme=2.2139 acc=0.9741 cells=118036
[ct_train] early_stopping: no improve on val/eval_loss for 3/36 val checks
[ct_train] rechunked train graphs (seed=99)

=== Epoch 99/1000 ===
[train] loss=5.3237 cls=0.4249 cme=2.1773 acc=0.9792 cells=158379
[ct_train] rechunked train graphs (seed=100)

=== Epoch 100/1000 ===
[train] loss=5.3209 cls=0.4244 cme=2.1763 acc=0.9791 cells=158379
[val]   loss=5.4006 eval=2.6326 cls=0.4181 cme=2.2144 acc=0.9734 cells=118036
[ct_train] early_stopping: no improve on val/eval_loss for 4/36 val checks
[ct_train] rechunked train graphs (seed=101)

=== Epoch 101/1000 ===
[train] loss=5.3289 cls=0.4247 cme=2.1797 acc=0.9792 cells=158379
[ct_train] rechunked train graphs (seed=102)

=== Epoch 102/1000 ===
[train] loss=5.3186 cls=0.4250 cme=2.1749 acc=0.9792 cells=158379
[val]   loss=5.3949 eval=2.6309 cls=0.4198 cme=2.2112 acc=0.9733 cells=118036
[ct_train] early_stopping: no improve on val/eval_loss for 5/36 val checks
[ct_train] rechunked train graphs (seed=103)

=== Epoch 103/1000 ===
[train] loss=5.3235 cls=0.4251 cme=2.1771 acc=0.9785 cells=158379
[ct_train] rechunked train graphs (seed=104)

=== Epoch 104/1000 ===
[train] loss=5.3318 cls=0.4245 cme=2.1811 acc=0.9793 cells=158379
[val]   loss=5.3950 eval=2.6289 cls=0.4160 cme=2.2129 acc=0.9745 cells=118036
[ct_train] early_stopping: no improve on val/eval_loss for 6/36 val checks
[ct_train] rechunked train graphs (seed=105)

=== Epoch 105/1000 ===
[train] loss=5.3129 cls=0.4228 cme=2.1734 acc=0.9794 cells=158379
[ct_train] rechunked train graphs (seed=106)

=== Epoch 106/1000 ===
[train] loss=5.3031 cls=0.4229 cme=2.1690 acc=0.9794 cells=158379
[val]   loss=5.3876 eval=2.6254 cls=0.4157 cme=2.2097 acc=0.9743 cells=118036
[ct_train] saved best checkpoint (val_eval_loss=2.6254 val_acc=0.9745)
[ct_train] rechunked train graphs (seed=107)

=== Epoch 107/1000 ===
[train] loss=5.3056 cls=0.4225 cme=2.1703 acc=0.9795 cells=158379
[ct_train] rechunked train graphs (seed=108)

=== Epoch 108/1000 ===
[train] loss=5.2951 cls=0.4209 cme=2.1663 acc=0.9802 cells=158379
[val]   loss=5.3858 eval=2.6247 cls=0.4158 cme=2.2089 acc=0.9747 cells=118036
[ct_train] saved best checkpoint (val_eval_loss=2.6247 val_acc=0.9747)
[ct_train] rechunked train graphs (seed=109)

=== Epoch 109/1000 ===
[train] loss=5.3138 cls=0.4219 cme=2.1741 acc=0.9799 cells=158379
[ct_train] rechunked train graphs (seed=110)

=== Epoch 110/1000 ===
[train] loss=5.3122 cls=0.4210 cme=2.1739 acc=0.9804 cells=158379
[val]   loss=5.3877 eval=2.6253 cls=0.4154 cme=2.2099 acc=0.9749 cells=118036
[ct_train] early_stopping: no improve on val/eval_loss for 1/36 val checks
[ct_train] rechunked train graphs (seed=111)

=== Epoch 111/1000 ===
[train] loss=5.3165 cls=0.4212 cme=2.1757 acc=0.9802 cells=158379
[ct_train] rechunked train graphs (seed=112)

=== Epoch 112/1000 ===
[train] loss=5.3079 cls=0.4208 cme=2.1721 acc=0.9803 cells=158379
[val]   loss=5.3848 eval=2.6248 cls=0.4169 cme=2.2080 acc=0.9739 cells=118036
[ct_train] early_stopping: no improve on val/eval_loss for 2/36 val checks
[ct_train] rechunked train graphs (seed=113)

=== Epoch 113/1000 ===
[train] loss=5.3108 cls=0.4205 cme=2.1735 acc=0.9800 cells=158379
[ct_train] rechunked train graphs (seed=114)

=== Epoch 114/1000 ===
[train] loss=5.3051 cls=0.4198 cme=2.1712 acc=0.9805 cells=158379
[val]   loss=5.3917 eval=2.6282 cls=0.4175 cme=2.2107 acc=0.9741 cells=118036
[ct_train] early_stopping: no improve on val/eval_loss for 3/36 val checks
[ct_train] rechunked train graphs (seed=115)

=== Epoch 115/1000 ===
[train] loss=5.3139 cls=0.4203 cme=2.1749 acc=0.9806 cells=158379
[ct_train] rechunked train graphs (seed=116)

=== Epoch 116/1000 ===
[train] loss=5.2904 cls=0.4195 cme=2.1648 acc=0.9803 cells=158379
[val]   loss=5.3968 eval=2.6303 cls=0.4171 cme=2.2132 acc=0.9744 cells=118036
[ct_train] early_stopping: no improve on val/eval_loss for 4/36 val checks
[ct_train] rechunked train graphs (seed=117)

=== Epoch 117/1000 ===
[train] loss=5.3072 cls=0.4203 cme=2.1720 acc=0.9804 cells=158379
[ct_train] rechunked train graphs (seed=118)

=== Epoch 118/1000 ===
[train] loss=5.3093 cls=0.4195 cme=2.1733 acc=0.9808 cells=158379
[val]   loss=5.3904 eval=2.6271 cls=0.4164 cme=2.2107 acc=0.9744 cells=118036
[ct_train] early_stopping: no improve on val/eval_loss for 5/36 val checks
[ct_train] rechunked train graphs (seed=119)

=== Epoch 119/1000 ===
[train] loss=5.3053 cls=0.4186 cme=2.1719 acc=0.9808 cells=158379
[ct_train] rechunked train graphs (seed=120)

=== Epoch 120/1000 ===
[train] loss=5.3028 cls=0.4189 cme=2.1706 acc=0.9809 cells=158379
[val]   loss=5.3890 eval=2.6272 cls=0.4177 cme=2.2095 acc=0.9739 cells=118036
[ct_train] early_stopping: no improve on val/eval_loss for 6/36 val checks
[ct_train] rechunked train graphs (seed=121)

=== Epoch 121/1000 ===
[train] loss=5.2986 cls=0.4182 cme=2.1691 acc=0.9809 cells=158379
[ct_train] rechunked train graphs (seed=122)

=== Epoch 122/1000 ===
[train] loss=5.2988 cls=0.4174 cme=2.1695 acc=0.9810 cells=158379
[val]   loss=5.3809 eval=2.6222 cls=0.4153 cme=2.2069 acc=0.9747 cells=118036
[ct_train] saved best checkpoint (val_eval_loss=2.6222 val_acc=0.9749)
[ct_train] rechunked train graphs (seed=123)

=== Epoch 123/1000 ===
[train] loss=5.2990 cls=0.4171 cme=2.1697 acc=0.9816 cells=158379
[ct_train] rechunked train graphs (seed=124)

=== Epoch 124/1000 ===
[train] loss=5.2892 cls=0.4166 cme=2.1656 acc=0.9818 cells=158379
[val]   loss=5.3873 eval=2.6254 cls=0.4158 cme=2.2096 acc=0.9748 cells=118036
[ct_train] early_stopping: no improve on val/eval_loss for 1/36 val checks
[ct_train] rechunked train graphs (seed=125)

=== Epoch 125/1000 ===
[train] loss=5.2929 cls=0.4172 cme=2.1670 acc=0.9815 cells=158379
[ct_train] rechunked train graphs (seed=126)

=== Epoch 126/1000 ===
[train] loss=5.2926 cls=0.4166 cme=2.1671 acc=0.9814 cells=158379
[val]   loss=5.3804 eval=2.6224 cls=0.4159 cme=2.2065 acc=0.9746 cells=118036
[ct_train] early_stopping: no improve on val/eval_loss for 2/36 val checks
[ct_train] rechunked train graphs (seed=127)

=== Epoch 127/1000 ===
[train] loss=5.2997 cls=0.4165 cme=2.1703 acc=0.9815 cells=158379
[ct_train] rechunked train graphs (seed=128)

=== Epoch 128/1000 ===
[train] loss=5.3071 cls=0.4171 cme=2.1733 acc=0.9810 cells=158379
[val]   loss=5.3853 eval=2.6248 cls=0.4164 cme=2.2084 acc=0.9740 cells=118036
[ct_train] early_stopping: no improve on val/eval_loss for 3/36 val checks
[ct_train] rechunked train graphs (seed=129)

=== Epoch 129/1000 ===
[train] loss=5.2915 cls=0.4156 cme=2.1671 acc=0.9817 cells=158379
[ct_train] rechunked train graphs (seed=130)

=== Epoch 130/1000 ===
[train] loss=5.2970 cls=0.4157 cme=2.1695 acc=0.9816 cells=158379
[val]   loss=5.3826 eval=2.6229 cls=0.4152 cme=2.2077 acc=0.9749 cells=118036
[ct_train] early_stopping: no improve on val/eval_loss for 4/36 val checks
[ct_train] rechunked train graphs (seed=131)

=== Epoch 131/1000 ===
[train] loss=5.2854 cls=0.4144 cme=2.1649 acc=0.9822 cells=158379
[ct_train] rechunked train graphs (seed=132)

=== Epoch 132/1000 ===
[train] loss=5.2838 cls=0.4148 cme=2.1640 acc=0.9819 cells=158379
[val]   loss=5.3853 eval=2.6239 cls=0.4148 cme=2.2091 acc=0.9754 cells=118036
[ct_train] early_stopping: no improve on val/eval_loss for 5/36 val checks
[ct_train] rechunked train graphs (seed=133)

=== Epoch 133/1000 ===
[train] loss=5.2822 cls=0.4137 cme=2.1638 acc=0.9823 cells=158379
[ct_train] rechunked train graphs (seed=134)

=== Epoch 134/1000 ===
[train] loss=5.2758 cls=0.4126 cme=2.1614 acc=0.9827 cells=158379
[val]   loss=5.3847 eval=2.6241 cls=0.4157 cme=2.2085 acc=0.9746 cells=118036
[ct_train] early_stopping: no improve on val/eval_loss for 6/36 val checks
[ct_train] rechunked train graphs (seed=135)

=== Epoch 135/1000 ===
[train] loss=5.2811 cls=0.4127 cme=2.1637 acc=0.9824 cells=158379
[ct_train] rechunked train graphs (seed=136)

=== Epoch 136/1000 ===
[train] loss=5.2751 cls=0.4127 cme=2.1611 acc=0.9826 cells=158379
[val]   loss=5.3796 eval=2.6212 cls=0.4144 cme=2.2067 acc=0.9754 cells=118036
[ct_train] saved best checkpoint (val_eval_loss=2.6212 val_acc=0.9754)
[ct_train] rechunked train graphs (seed=137)

=== Epoch 137/1000 ===
[train] loss=5.2775 cls=0.4127 cme=2.1621 acc=0.9825 cells=158379
[ct_train] rechunked train graphs (seed=138)

=== Epoch 138/1000 ===
[train] loss=5.2796 cls=0.4124 cme=2.1632 acc=0.9828 cells=158379
[val]   loss=5.3861 eval=2.6244 cls=0.4150 cme=2.2094 acc=0.9745 cells=118036
[ct_train] early_stopping: no improve on val/eval_loss for 1/36 val checks
[ct_train] rechunked train graphs (seed=139)

=== Epoch 139/1000 ===
[train] loss=5.2834 cls=0.4121 cme=2.1650 acc=0.9830 cells=158379
[ct_train] rechunked train graphs (seed=140)

=== Epoch 140/1000 ===
[train] loss=5.2722 cls=0.4124 cme=2.1599 acc=0.9825 cells=158379
[val]   loss=5.3936 eval=2.6290 cls=0.4172 cme=2.2117 acc=0.9744 cells=118036
[ct_train] early_stopping: no improve on val/eval_loss for 2/36 val checks
[ct_train] rechunked train graphs (seed=141)

=== Epoch 141/1000 ===
[train] loss=5.2846 cls=0.4127 cme=2.1652 acc=0.9826 cells=158379
[ct_train] rechunked train graphs (seed=142)

=== Epoch 142/1000 ===
[train] loss=5.2729 cls=0.4123 cme=2.1603 acc=0.9826 cells=158379
[val]   loss=5.3833 eval=2.6233 cls=0.4153 cme=2.2080 acc=0.9749 cells=118036
[ct_train] early_stopping: no improve on val/eval_loss for 3/36 val checks
[ct_train] rechunked train graphs (seed=143)

=== Epoch 143/1000 ===
[train] loss=5.2757 cls=0.4104 cme=2.1624 acc=0.9835 cells=158379
[ct_train] rechunked train graphs (seed=144)

=== Epoch 144/1000 ===
[train] loss=5.2990 cls=0.4115 cme=2.1722 acc=0.9829 cells=158379
[val]   loss=5.4036 eval=2.6319 cls=0.4146 cme=2.2173 acc=0.9744 cells=118036
[ct_train] early_stopping: no improve on val/eval_loss for 4/36 val checks
[ct_train] rechunked train graphs (seed=145)

=== Epoch 145/1000 ===
[train] loss=5.2888 cls=0.4115 cme=2.1677 acc=0.9831 cells=158379
[ct_train] rechunked train graphs (seed=146)

=== Epoch 146/1000 ===
[train] loss=5.2862 cls=0.4109 cme=2.1668 acc=0.9831 cells=158379
[val]   loss=5.3877 eval=2.6273 cls=0.4190 cme=2.2083 acc=0.9740 cells=118036
[ct_train] early_stopping: no improve on val/eval_loss for 5/36 val checks
[ct_train] rechunked train graphs (seed=147)

=== Epoch 147/1000 ===
[train] loss=5.2840 cls=0.4106 cme=2.1660 acc=0.9832 cells=158379
[ct_train] rechunked train graphs (seed=148)

=== Epoch 148/1000 ===
[train] loss=5.2576 cls=0.4092 cme=2.1549 acc=0.9836 cells=158379
[val]   loss=5.4008 eval=2.6309 cls=0.4151 cme=2.2159 acc=0.9748 cells=118036
[ct_train] early_stopping: no improve on val/eval_loss for 6/36 val checks
[ct_train] rechunked train graphs (seed=149)

=== Epoch 149/1000 ===
[train] loss=5.2742 cls=0.4096 cme=2.1621 acc=0.9833 cells=158379
[ct_train] rechunked train graphs (seed=150)

=== Epoch 150/1000 ===
[train] loss=5.2848 cls=0.4102 cme=2.1665 acc=0.9832 cells=158379
[val]   loss=5.3780 eval=2.6206 cls=0.4147 cme=2.2059 acc=0.9747 cells=118036
[ct_train] saved best checkpoint (val_eval_loss=2.6206 val_acc=0.9754)
[ct_train] rechunked train graphs (seed=151)

=== Epoch 151/1000 ===
[train] loss=5.2700 cls=0.4092 cme=2.1604 acc=0.9836 cells=158379
[ct_train] rechunked train graphs (seed=152)

=== Epoch 152/1000 ===
[train] loss=5.2755 cls=0.4082 cme=2.1633 acc=0.9842 cells=158379
[val]   loss=5.3796 eval=2.6218 cls=0.4155 cme=2.2063 acc=0.9750 cells=118036
[ct_train] early_stopping: no improve on val/eval_loss for 1/36 val checks
[ct_train] rechunked train graphs (seed=153)

=== Epoch 153/1000 ===
[train] loss=5.2656 cls=0.4076 cme=2.1591 acc=0.9839 cells=158379
[ct_train] rechunked train graphs (seed=154)

=== Epoch 154/1000 ===
[train] loss=5.2536 cls=0.4084 cme=2.1534 acc=0.9841 cells=158379
[val]   loss=5.3806 eval=2.6222 cls=0.4154 cme=2.2068 acc=0.9749 cells=118036
[ct_train] early_stopping: no improve on val/eval_loss for 2/36 val checks
[ct_train] rechunked train graphs (seed=155)

=== Epoch 155/1000 ===
[train] loss=5.2557 cls=0.4073 cme=2.1549 acc=0.9840 cells=158379
[ct_train] rechunked train graphs (seed=156)

=== Epoch 156/1000 ===
[train] loss=5.2594 cls=0.4074 cme=2.1565 acc=0.9842 cells=158379
[val]   loss=5.3716 eval=2.6185 cls=0.4160 cme=2.2025 acc=0.9747 cells=118036
[ct_train] saved best checkpoint (val_eval_loss=2.6185 val_acc=0.9754)
[ct_train] rechunked train graphs (seed=157)

=== Epoch 157/1000 ===
[train] loss=5.2592 cls=0.4076 cme=2.1563 acc=0.9840 cells=158379
[ct_train] rechunked train graphs (seed=158)

=== Epoch 158/1000 ===
[train] loss=5.2677 cls=0.4078 cme=2.1600 acc=0.9841 cells=158379
[val]   loss=5.3851 eval=2.6238 cls=0.4148 cme=2.2090 acc=0.9756 cells=118036
[ct_train] early_stopping: no improve on val/eval_loss for 1/36 val checks
[ct_train] rechunked train graphs (seed=159)

=== Epoch 159/1000 ===
[train] loss=5.2620 cls=0.4081 cme=2.1573 acc=0.9839 cells=158379
[ct_train] rechunked train graphs (seed=160)

=== Epoch 160/1000 ===
[train] loss=5.2576 cls=0.4072 cme=2.1557 acc=0.9842 cells=158379
[val]   loss=5.3770 eval=2.6208 cls=0.4159 cme=2.2050 acc=0.9747 cells=118036
[ct_train] early_stopping: no improve on val/eval_loss for 2/36 val checks
[ct_train] rechunked train graphs (seed=161)

=== Epoch 161/1000 ===
[train] loss=5.2549 cls=0.4067 cme=2.1548 acc=0.9843 cells=158379
[ct_train] rechunked train graphs (seed=162)

=== Epoch 162/1000 ===
[train] loss=5.2542 cls=0.4062 cme=2.1547 acc=0.9846 cells=158379
[val]   loss=5.3804 eval=2.6215 cls=0.4143 cme=2.2071 acc=0.9751 cells=118036
[ct_train] early_stopping: no improve on val/eval_loss for 3/36 val checks
[ct_train] rechunked train graphs (seed=163)

=== Epoch 163/1000 ===
[train] loss=5.2557 cls=0.4069 cme=2.1550 acc=0.9846 cells=158379
[ct_train] rechunked train graphs (seed=164)

=== Epoch 164/1000 ===
[train] loss=5.2558 cls=0.4054 cme=2.1558 acc=0.9849 cells=158379
[val]   loss=5.3880 eval=2.6254 cls=0.4153 cme=2.2101 acc=0.9749 cells=118036
[ct_train] early_stopping: no improve on val/eval_loss for 4/36 val checks
[ct_train] rechunked train graphs (seed=165)

=== Epoch 165/1000 ===
[train] loss=5.2516 cls=0.4051 cme=2.1540 acc=0.9850 cells=158379
[ct_train] rechunked train graphs (seed=166)

=== Epoch 166/1000 ===
[train] loss=5.2424 cls=0.4047 cme=2.1501 acc=0.9849 cells=158379
[val]   loss=5.3867 eval=2.6245 cls=0.4148 cme=2.2097 acc=0.9753 cells=118036
[ct_train] early_stopping: no improve on val/eval_loss for 5/36 val checks
[ct_train] rechunked train graphs (seed=167)

=== Epoch 167/1000 ===
[train] loss=5.2575 cls=0.4052 cme=2.1566 acc=0.9848 cells=158379
[ct_train] rechunked train graphs (seed=168)

=== Epoch 168/1000 ===
[train] loss=5.2517 cls=0.4046 cme=2.1543 acc=0.9853 cells=158379
[val]   loss=5.3781 eval=2.6217 cls=0.4167 cme=2.2051 acc=0.9746 cells=118036
[ct_train] early_stopping: no improve on val/eval_loss for 6/36 val checks
[ct_train] rechunked train graphs (seed=169)

=== Epoch 169/1000 ===
[train] loss=5.2520 cls=0.4041 cme=2.1546 acc=0.9855 cells=158379
[ct_train] rechunked train graphs (seed=170)

=== Epoch 170/1000 ===
[train] loss=5.2529 cls=0.4038 cme=2.1552 acc=0.9856 cells=158379
[val]   loss=5.3879 eval=2.6248 cls=0.4144 cme=2.2104 acc=0.9758 cells=118036
[ct_train] early_stopping: no improve on val/eval_loss for 7/36 val checks
[ct_train] rechunked train graphs (seed=171)

=== Epoch 171/1000 ===
[train] loss=5.2475 cls=0.4044 cme=2.1525 acc=0.9850 cells=158379
[ct_train] rechunked train graphs (seed=172)

=== Epoch 172/1000 ===
[train] loss=5.2422 cls=0.4049 cme=2.1499 acc=0.9853 cells=158379
[val]   loss=5.3857 eval=2.6245 cls=0.4156 cme=2.2090 acc=0.9749 cells=118036
[ct_train] early_stopping: no improve on val/eval_loss for 8/36 val checks
[ct_train] rechunked train graphs (seed=173)

=== Epoch 173/1000 ===
[train] loss=5.2460 cls=0.4038 cme=2.1521 acc=0.9854 cells=158379
[ct_train] rechunked train graphs (seed=174)

=== Epoch 174/1000 ===
[train] loss=5.2476 cls=0.4035 cme=2.1530 acc=0.9854 cells=158379
[val]   loss=5.3840 eval=2.6238 cls=0.4157 cme=2.2081 acc=0.9754 cells=118036
[ct_train] early_stopping: no improve on val/eval_loss for 9/36 val checks
[ct_train] rechunked train graphs (seed=175)

=== Epoch 175/1000 ===
[train] loss=5.2373 cls=0.4032 cme=2.1485 acc=0.9855 cells=158379
[ct_train] rechunked train graphs (seed=176)

=== Epoch 176/1000 ===
[train] loss=5.2413 cls=0.4032 cme=2.1503 acc=0.9861 cells=158379
[val]   loss=5.3891 eval=2.6257 cls=0.4150 cme=2.2107 acc=0.9755 cells=118036
[ct_train] early_stopping: no improve on val/eval_loss for 10/36 val checks
[ct_train] rechunked train graphs (seed=177)

=== Epoch 177/1000 ===
[train] loss=5.2494 cls=0.4044 cme=2.1533 acc=0.9855 cells=158379
[ct_train] rechunked train graphs (seed=178)

=== Epoch 178/1000 ===
[train] loss=5.2445 cls=0.4032 cme=2.1517 acc=0.9855 cells=158379
[val]   loss=5.3775 eval=2.6213 cls=0.4163 cme=2.2049 acc=0.9746 cells=118036
[ct_train] early_stopping: no improve on val/eval_loss for 11/36 val checks
[ct_train] rechunked train graphs (seed=179)

=== Epoch 179/1000 ===
[train] loss=5.2404 cls=0.4025 cme=2.1502 acc=0.9860 cells=158379
[ct_train] rechunked train graphs (seed=180)

=== Epoch 180/1000 ===
[train] loss=5.2516 cls=0.4027 cme=2.1551 acc=0.9861 cells=158379
[val]   loss=5.3909 eval=2.6273 cls=0.4164 cme=2.2109 acc=0.9754 cells=118036
[ct_train] early_stopping: no improve on val/eval_loss for 12/36 val checks
[ct_train] rechunked train graphs (seed=181)

=== Epoch 181/1000 ===
[train] loss=5.2415 cls=0.4014 cme=2.1512 acc=0.9863 cells=158379
[ct_train] rechunked train graphs (seed=182)

=== Epoch 182/1000 ===
[train] loss=5.2496 cls=0.4017 cme=2.1546 acc=0.9864 cells=158379
[val]   loss=5.3776 eval=2.6209 cls=0.4155 cme=2.2054 acc=0.9754 cells=118036
[ct_train] early_stopping: no improve on val/eval_loss for 13/36 val checks
[ct_train] rechunked train graphs (seed=183)

=== Epoch 183/1000 ===
[train] loss=5.2308 cls=0.4007 cme=2.1467 acc=0.9863 cells=158379
[ct_train] rechunked train graphs (seed=184)

=== Epoch 184/1000 ===
[train] loss=5.2318 cls=0.4012 cme=2.1469 acc=0.9865 cells=158379
[val]   loss=5.3831 eval=2.6235 cls=0.4157 cme=2.2077 acc=0.9751 cells=118036
[ct_train] early_stopping: no improve on val/eval_loss for 14/36 val checks
[ct_train] rechunked train graphs (seed=185)

=== Epoch 185/1000 ===
[train] loss=5.2342 cls=0.4011 cme=2.1481 acc=0.9863 cells=158379
[ct_train] rechunked train graphs (seed=186)

=== Epoch 186/1000 ===
[train] loss=5.2492 cls=0.4012 cme=2.1547 acc=0.9867 cells=158379
[val]   loss=5.3843 eval=2.6246 cls=0.4169 cme=2.2078 acc=0.9751 cells=118036
[ct_train] early_stopping: no improve on val/eval_loss for 15/36 val checks
[ct_train] rechunked train graphs (seed=187)

=== Epoch 187/1000 ===
[train] loss=5.2420 cls=0.4005 cme=2.1518 acc=0.9868 cells=158379
[ct_train] rechunked train graphs (seed=188)

=== Epoch 188/1000 ===
[train] loss=5.2419 cls=0.3998 cme=2.1520 acc=0.9868 cells=158379
[val]   loss=5.3898 eval=2.6265 cls=0.4158 cme=2.2107 acc=0.9751 cells=118036
[ct_train] early_stopping: no improve on val/eval_loss for 16/36 val checks
[ct_train] rechunked train graphs (seed=189)

=== Epoch 189/1000 ===
[train] loss=5.2311 cls=0.3995 cme=2.1474 acc=0.9869 cells=158379
[ct_train] rechunked train graphs (seed=190)

=== Epoch 190/1000 ===
[train] loss=5.2222 cls=0.3990 cme=2.1436 acc=0.9869 cells=158379
[val]   loss=5.3851 eval=2.6253 cls=0.4175 cme=2.2078 acc=0.9752 cells=118036
[ct_train] early_stopping: no improve on val/eval_loss for 17/36 val checks
[ct_train] rechunked train graphs (seed=191)

=== Epoch 191/1000 ===
[train] loss=5.2247 cls=0.3994 cme=2.1446 acc=0.9871 cells=158379
[ct_train] rechunked train graphs (seed=192)

=== Epoch 192/1000 ===
[train] loss=5.2297 cls=0.3996 cme=2.1467 acc=0.9865 cells=158379
[val]   loss=5.3887 eval=2.6259 cls=0.4157 cme=2.2102 acc=0.9750 cells=118036
[ct_train] early_stopping: no improve on val/eval_loss for 18/36 val checks
[ct_train] rechunked train graphs (seed=193)

=== Epoch 193/1000 ===
[train] loss=5.2302 cls=0.3994 cme=2.1470 acc=0.9868 cells=158379
[ct_train] rechunked train graphs (seed=194)

=== Epoch 194/1000 ===
[train] loss=5.2322 cls=0.3986 cme=2.1483 acc=0.9873 cells=158379
[val]   loss=5.3858 eval=2.6254 cls=0.4172 cme=2.2083 acc=0.9751 cells=118036
[ct_train] early_stopping: no improve on val/eval_loss for 19/36 val checks
[ct_train] rechunked train graphs (seed=195)

=== Epoch 195/1000 ===
[train] loss=5.2254 cls=0.3989 cme=2.1451 acc=0.9872 cells=158379
[ct_train] rechunked train graphs (seed=196)

=== Epoch 196/1000 ===
[train] loss=5.2321 cls=0.3995 cme=2.1478 acc=0.9868 cells=158379
[val]   loss=5.3806 eval=2.6219 cls=0.4149 cme=2.2070 acc=0.9754 cells=118036
[ct_train] early_stopping: no improve on val/eval_loss for 20/36 val checks
[ct_train] rechunked train graphs (seed=197)

=== Epoch 197/1000 ===
[train] loss=5.2271 cls=0.3988 cme=2.1459 acc=0.9872 cells=158379
[ct_train] rechunked train graphs (seed=198)

=== Epoch 198/1000 ===
[train] loss=5.2223 cls=0.3984 cme=2.1439 acc=0.9871 cells=158379
[val]   loss=5.3928 eval=2.6293 cls=0.4185 cme=2.2108 acc=0.9748 cells=118036
[ct_train] early_stopping: no improve on val/eval_loss for 21/36 val checks
[ct_train] rechunked train graphs (seed=199)

=== Epoch 199/1000 ===
[train] loss=5.2284 cls=0.3982 cme=2.1467 acc=0.9872 cells=158379
[ct_train] rechunked train graphs (seed=200)

=== Epoch 200/1000 ===
[train] loss=5.2269 cls=0.3982 cme=2.1461 acc=0.9873 cells=158379
[val]   loss=5.3915 eval=2.6279 cls=0.4170 cme=2.2109 acc=0.9752 cells=118036
[ct_train] early_stopping: no improve on val/eval_loss for 22/36 val checks
[ct_train] rechunked train graphs (seed=201)

=== Epoch 201/1000 ===
[train] loss=5.2114 cls=0.3971 cme=2.1397 acc=0.9876 cells=158379
[ct_train] rechunked train graphs (seed=202)

=== Epoch 202/1000 ===
[train] loss=5.2229 cls=0.3974 cme=2.1447 acc=0.9878 cells=158379
[val]   loss=5.3888 eval=2.6276 cls=0.4186 cme=2.2090 acc=0.9748 cells=118036
[ct_train] early_stopping: no improve on val/eval_loss for 23/36 val checks
[ct_train] rechunked train graphs (seed=203)

=== Epoch 203/1000 ===
[train] loss=5.2195 cls=0.3967 cme=2.1435 acc=0.9878 cells=158379
[ct_train] rechunked train graphs (seed=204)

=== Epoch 204/1000 ===
[train] loss=5.2236 cls=0.3973 cme=2.1450 acc=0.9876 cells=158379
[val]   loss=5.3844 eval=2.6249 cls=0.4173 cme=2.2076 acc=0.9751 cells=118036
[ct_train] early_stopping: no improve on val/eval_loss for 24/36 val checks
[ct_train] rechunked train graphs (seed=205)

=== Epoch 205/1000 ===
[train] loss=5.2247 cls=0.3966 cme=2.1458 acc=0.9878 cells=158379
[ct_train] rechunked train graphs (seed=206)

=== Epoch 206/1000 ===
[train] loss=5.2108 cls=0.3967 cme=2.1396 acc=0.9877 cells=158379
[val]   loss=5.3901 eval=2.6283 cls=0.4189 cme=2.2094 acc=0.9749 cells=118036
[ct_train] early_stopping: no improve on val/eval_loss for 25/36 val checks
[ct_train] rechunked train graphs (seed=207)

=== Epoch 207/1000 ===
[train] loss=5.2218 cls=0.3961 cme=2.1448 acc=0.9880 cells=158379
[ct_train] rechunked train graphs (seed=208)

=== Epoch 208/1000 ===
[train] loss=5.2300 cls=0.3976 cme=2.1477 acc=0.9871 cells=158379
[val]   loss=5.4051 eval=2.6353 cls=0.4195 cme=2.2158 acc=0.9740 cells=118036
[ct_train] early_stopping: no improve on val/eval_loss for 26/36 val checks
[ct_train] rechunked train graphs (seed=209)

=== Epoch 209/1000 ===
[train] loss=5.2233 cls=0.3969 cme=2.1451 acc=0.9873 cells=158379
[ct_train] rechunked train graphs (seed=210)

=== Epoch 210/1000 ===
[train] loss=5.2234 cls=0.3952 cme=2.1459 acc=0.9884 cells=158379
[val]   loss=5.3899 eval=2.6287 cls=0.4197 cme=2.2090 acc=0.9747 cells=118036
[ct_train] early_stopping: no improve on val/eval_loss for 27/36 val checks
[ct_train] rechunked train graphs (seed=211)

=== Epoch 211/1000 ===
[train] loss=5.2208 cls=0.3957 cme=2.1445 acc=0.9879 cells=158379
[ct_train] rechunked train graphs (seed=212)

=== Epoch 212/1000 ===
[train] loss=5.2224 cls=0.3961 cme=2.1450 acc=0.9880 cells=158379
[val]   loss=5.3863 eval=2.6267 cls=0.4191 cme=2.2077 acc=0.9749 cells=118036
[ct_train] early_stopping: no improve on val/eval_loss for 28/36 val checks
[ct_train] rechunked train graphs (seed=213)

=== Epoch 213/1000 ===
[train] loss=5.2133 cls=0.3958 cme=2.1411 acc=0.9880 cells=158379
[ct_train] rechunked train graphs (seed=214)

=== Epoch 214/1000 ===
[train] loss=5.2167 cls=0.3955 cme=2.1428 acc=0.9883 cells=158379
[val]   loss=5.3948 eval=2.6306 cls=0.4193 cme=2.2113 acc=0.9748 cells=118036
[ct_train] early_stopping: no improve on val/eval_loss for 29/36 val checks
[ct_train] rechunked train graphs (seed=215)

=== Epoch 215/1000 ===
[train] loss=5.2117 cls=0.3954 cme=2.1406 acc=0.9883 cells=158379
[ct_train] rechunked train graphs (seed=216)

=== Epoch 216/1000 ===
[train] loss=5.2122 cls=0.3956 cme=2.1407 acc=0.9881 cells=158379
[val]   loss=5.3908 eval=2.6284 cls=0.4186 cme=2.2099 acc=0.9752 cells=118036
[ct_train] early_stopping: no improve on val/eval_loss for 30/36 val checks
[ct_train] rechunked train graphs (seed=217)

=== Epoch 217/1000 ===
[train] loss=5.2161 cls=0.3960 cme=2.1422 acc=0.9882 cells=158379
[ct_train] rechunked train graphs (seed=218)

=== Epoch 218/1000 ===
[train] loss=5.2146 cls=0.3942 cme=2.1424 acc=0.9884 cells=158379
[val]   loss=5.4061 eval=2.6356 cls=0.4191 cme=2.2164 acc=0.9751 cells=118036
[ct_train] early_stopping: no improve on val/eval_loss for 31/36 val checks
[ct_train] rechunked train graphs (seed=219)

=== Epoch 219/1000 ===
[train] loss=5.2095 cls=0.3943 cme=2.1401 acc=0.9887 cells=158379
[ct_train] rechunked train graphs (seed=220)

=== Epoch 220/1000 ===
[train] loss=5.2039 cls=0.3942 cme=2.1377 acc=0.9887 cells=158379
[val]   loss=5.3937 eval=2.6299 cls=0.4190 cme=2.2110 acc=0.9747 cells=118036
[ct_train] early_stopping: no improve on val/eval_loss for 32/36 val checks
[ct_train] rechunked train graphs (seed=221)

=== Epoch 221/1000 ===
[train] loss=5.2127 cls=0.3934 cme=2.1419 acc=0.9890 cells=158379
[ct_train] rechunked train graphs (seed=222)

=== Epoch 222/1000 ===
[train] loss=5.1950 cls=0.3928 cme=2.1344 acc=0.9891 cells=158379
[val]   loss=5.3898 eval=2.6282 cls=0.4188 cme=2.2093 acc=0.9748 cells=118036
[ct_train] early_stopping: no improve on val/eval_loss for 33/36 val checks
[ct_train] rechunked train graphs (seed=223)

=== Epoch 223/1000 ===
[train] loss=5.2056 cls=0.3926 cme=2.1391 acc=0.9890 cells=158379
[ct_train] rechunked train graphs (seed=224)

=== Epoch 224/1000 ===
[train] loss=5.2100 cls=0.3934 cme=2.1407 acc=0.9886 cells=158379
[val]   loss=5.3932 eval=2.6293 cls=0.4182 cme=2.2111 acc=0.9753 cells=118036
[ct_train] early_stopping: no improve on val/eval_loss for 34/36 val checks
[ct_train] rechunked train graphs (seed=225)

=== Epoch 225/1000 ===
[train] loss=5.2029 cls=0.3927 cme=2.1379 acc=0.9893 cells=158379
[ct_train] rechunked train graphs (seed=226)

=== Epoch 226/1000 ===
[train] loss=5.2036 cls=0.3919 cme=2.1385 acc=0.9896 cells=158379
[val]   loss=5.3989 eval=2.6326 cls=0.4196 cme=2.2130 acc=0.9749 cells=118036
[ct_train] early_stopping: no improve on val/eval_loss for 35/36 val checks
[ct_train] rechunked train graphs (seed=227)

=== Epoch 227/1000 ===
[train] loss=5.2090 cls=0.3923 cme=2.1408 acc=0.9893 cells=158379
[ct_train] rechunked train graphs (seed=228)

=== Epoch 228/1000 ===
[train] loss=5.2138 cls=0.3919 cme=2.1431 acc=0.9894 cells=158379
[val]   loss=5.3993 eval=2.6320 cls=0.4181 cme=2.2138 acc=0.9752 cells=118036
[ct_train] early_stopping: no improve on val/eval_loss for 36/36 val checks
[ct_train] early stopping at epoch 228 (patience=36, monitor=val/eval_loss)

[ct_train] done. best_val_acc=0.9758  best_val_eval_loss=2.6185  checkpoints=/home/abel/code/Tissue-Reassembly-using-GenAI-and-new-metrics/exploration/cell_types/outputs/exp045_best_cme2p25  logs=/home/abel/code/Tissue-Reassembly-using-GenAI-and-new-metrics/exploration/cell_types/logs/exp045_best_cme2p25/20260807_214412
wandb: updating run metadata
wandb: uploading output.log; uploading wandb-summary.json; uploading config.yaml
wandb: 
wandb: Run summary:
wandb:                      best_epoch 156
wandb:                    best_val_acc 0.97579
wandb:              best_val_eval_loss 2.61853
wandb:                           epoch 228
wandb:                              lr 0.0002
wandb:           model/parameter_count 1272988
wandb: model/trainable_parameter_count 1272988
wandb:                       train/acc 0.98936
wandb:       train/acc_per_class/Astro 0.99444
wandb:        train/acc_per_class/Endo 0.9872
wandb:                             +54 ...
wandb: 
wandb:  View run exp045_best_cme2p25 at: https://wandb.ai/abel-salmona-polytechnique-montr-al/cell_types/runs/a3ewvvdp
wandb:  View project at: https://wandb.ai/abel-salmona-polytechnique-montr-al/cell_types
wandb: Synced 5 W&B file(s), 1 media file(s), 2 artifact file(s) and 1 other file(s)
wandb: Find logs at: ./exploration/cell_types/logs/exp045_best_cme2p25/20260807_214412/wandb/run-20260807_214420-a3ewvvdp/logs
