[ct_train] config=exploration/cell_types/experiments/configs/exp228_kd_196_180_157.json
[ct_train] device=cuda  checkpoints=/home/abel/code/Tissue-Reassembly-using-GenAI-and-new-metrics/exploration/cell_types/outputs/exp228_kd_196_180_157
[ct_train] logs=/home/abel/code/Tissue-Reassembly-using-GenAI-and-new-metrics/exploration/cell_types/logs/exp228_kd_196_180_157/20260808_143518
[ct_train] Loading data …
[DataModule] Reading '/home/abel/biodata/MERFISH_LUNA_small_cortex/MERFISH_mouse_cortex_train.csv' (split=train) with float32 dtype on 254 gene cols + coord cols …
[DataModule] Loaded 158,379 rows for split=train.
[DataModule] Reading '/home/abel/biodata/MERFISH_LUNA_small_cortex/MERFISH_mouse_cortex_test.csv' (split=test) with float32 dtype on 254 gene cols + coord cols …
[DataModule] Loaded 118,036 rows for split=test.
[DataModule] Reading '/home/abel/biodata/MERFISH_LUNA_small_cortex/MERFISH_mouse_cortex_test.csv' (split=validation) with float32 dtype on 254 gene cols + coord cols …
[DataModule] Loaded 118,036 rows for split=validation.
[ct_train] genes=254  classes=23
[ct_train] model predict_cme=True  params=1,305,308
[ct_train] initialized student from /home/abel/code/Tissue-Reassembly-using-GenAI-and-new-metrics/exploration/cell_types/outputs/exp196_kd_191_157_159/best.pt
[ct_train] teacher loaded: /home/abel/code/Tissue-Reassembly-using-GenAI-and-new-metrics/exploration/cell_types/outputs/exp196_kd_191_157_159/best.pt
[ct_train] teacher loaded: /home/abel/code/Tissue-Reassembly-using-GenAI-and-new-metrics/exploration/cell_types/outputs/exp180_kd_gen5/best.pt
[ct_train] teacher loaded: /home/abel/code/Tissue-Reassembly-using-GenAI-and-new-metrics/exploration/cell_types/outputs/exp157_cls_w09/best.pt
[ct_train] distillation ON: n_teachers=3 hard_w=0.2 kd_cls=2.0 kd_cme=3.0 T=1.5
[ct_train] soft CME loaded split=train sigma=96.0 n=158379 C=23
[ct_train] soft CME loaded split=validation sigma=96.0 n=118036 C=23
[ct_train] soft CME loaded split=train sigma=50.0 n=158379 C=23
[ct_train] soft CME loaded split=train sigma=64.0 n=158379 C=23
[ct_train] soft CME loaded split=validation sigma=50.0 n=118036 C=23
[ct_train] soft CME loaded split=validation sigma=64.0 n=118036 C=23
wandb: [wandb.login()] Loaded credentials for https://api.wandb.ai from /home/abel/.netrc.
wandb: Currently logged in as: abel-salmona (abel-salmona-polytechnique-montr-al) to https://api.wandb.ai. Use `wandb login --relogin` to force relogin
wandb: WARNING Using a boolean value for 'reinit' is deprecated. Use 'return_previous' or 'finish_previous' instead.
wandb: Tracking run with wandb version 0.26.1
wandb: Run data is saved locally in /home/abel/code/Tissue-Reassembly-using-GenAI-and-new-metrics/exploration/cell_types/logs/exp228_kd_196_180_157/20260808_143518/wandb/run-20260808_143526-wfkhix14
wandb: Run `wandb offline` to turn off syncing.
wandb: Syncing run exp228_kd_196_180_157
wandb:  View project at https://wandb.ai/abel-salmona-polytechnique-montr-al/cell_types
wandb:  View run at https://wandb.ai/abel-salmona-polytechnique-montr-al/cell_types/runs/wfkhix14
wandb: WARNING Saving files without folders. If you want to preserve subdirectories pass base_path to wandb.save, i.e. wandb.save("/mnt/folder/file.h5", base_path="/mnt")
wandb: WARNING Symlinked 1 file into the W&B run directory; call wandb.save again to sync new files.
[ct_train] wandb: project=cell_types name=exp228_kd_196_180_157 mode=online url=https://wandb.ai/abel-salmona-polytechnique-montr-al/cell_types/runs/wfkhix14
[ct_train] parameters: total=1,305,308 trainable=1,305,308
  [params] mlp_in_node_features: 26,720
  [params] transformer_layers: 633,600
  [params] type_stage1: 28,320
  [params] env_stage1: 93,056
  [params] type_probe: 2,231
  [params] env_probe: 7,383
  [params] fusion_mlp: 383,008
  [params] type_stage2: 30,551
  [params] env_stage2: 100,439
[ct_train] EMA enabled decay=0.98
[ct_train] rechunked train graphs (seed=1)

=== Epoch 1/1000 ===
[train] loss=7.5542 cls=0.4412 cme=2.1432 acc=0.9876 cells=158379 kd=6.5385
[ct_train] rechunked train graphs (seed=2)

=== Epoch 2/1000 ===
[train] loss=7.5322 cls=0.4409 cme=2.1361 acc=0.9875 cells=158379 kd=6.5197
[val]   loss=5.2226 eval=2.6049 cls=0.4048 cme=2.2001 acc=0.9764 cells=118036
[ct_train] saved best checkpoint (val_eval_loss=2.6049 val_acc=0.9764)
[ct_train] rechunked train graphs (seed=3)

=== Epoch 3/1000 ===
[train] loss=7.5321 cls=0.4412 cme=2.1361 acc=0.9875 cells=158379 kd=6.5195
[ct_train] rechunked train graphs (seed=4)

=== Epoch 4/1000 ===
[train] loss=7.5394 cls=0.4410 cme=2.1379 acc=0.9875 cells=158379 kd=6.5261
[val]   loss=5.2230 eval=2.6053 cls=0.4050 cme=2.2003 acc=0.9764 cells=118036
[ct_train] early_stopping: no improve on val/eval_loss for 1/40 val checks
[ct_train] rechunked train graphs (seed=5)

=== Epoch 5/1000 ===
[train] loss=7.5532 cls=0.4412 cme=2.1414 acc=0.9876 cells=158379 kd=6.5383
[ct_train] rechunked train graphs (seed=6)

=== Epoch 6/1000 ===
[train] loss=7.5469 cls=0.4411 cme=2.1405 acc=0.9876 cells=158379 kd=6.5325
[val]   loss=5.2235 eval=2.6056 cls=0.4051 cme=2.2005 acc=0.9764 cells=118036
[ct_train] early_stopping: no improve on val/eval_loss for 2/40 val checks
[ct_train] rechunked train graphs (seed=7)

=== Epoch 7/1000 ===
[train] loss=7.5294 cls=0.4409 cme=2.1357 acc=0.9875 cells=158379 kd=6.5171
[ct_train] rechunked train graphs (seed=8)

=== Epoch 8/1000 ===
[train] loss=7.5348 cls=0.4411 cme=2.1364 acc=0.9876 cells=158379 kd=6.5222
[val]   loss=5.2236 eval=2.6057 cls=0.4052 cme=2.2005 acc=0.9764 cells=118036
[ct_train] early_stopping: no improve on val/eval_loss for 3/40 val checks
[ct_train] rechunked train graphs (seed=9)

=== Epoch 9/1000 ===
[train] loss=7.5390 cls=0.4407 cme=2.1379 acc=0.9874 cells=158379 kd=6.5258
[ct_train] rechunked train graphs (seed=10)

=== Epoch 10/1000 ===
[train] loss=7.5549 cls=0.4413 cme=2.1422 acc=0.9874 cells=158379 kd=6.5396
[val]   loss=5.2237 eval=2.6058 cls=0.4052 cme=2.2006 acc=0.9765 cells=118036
[ct_train] early_stopping: no improve on val/eval_loss for 4/40 val checks
[ct_train] rechunked train graphs (seed=11)

=== Epoch 11/1000 ===
[train] loss=7.5353 cls=0.4409 cme=2.1373 acc=0.9873 cells=158379 kd=6.5222
[ct_train] rechunked train graphs (seed=12)

=== Epoch 12/1000 ===
[train] loss=7.5364 cls=0.4410 cme=2.1378 acc=0.9875 cells=158379 kd=6.5232
[val]   loss=5.2237 eval=2.6058 cls=0.4053 cme=2.2005 acc=0.9765 cells=118036
[ct_train] early_stopping: no improve on val/eval_loss for 5/40 val checks
[ct_train] rechunked train graphs (seed=13)

=== Epoch 13/1000 ===
[train] loss=7.5384 cls=0.4413 cme=2.1375 acc=0.9874 cells=158379 kd=6.5252
[ct_train] rechunked train graphs (seed=14)

=== Epoch 14/1000 ===
[train] loss=7.5530 cls=0.4410 cme=2.1420 acc=0.9877 cells=158379 kd=6.5379
[val]   loss=5.2238 eval=2.6058 cls=0.4053 cme=2.2005 acc=0.9765 cells=118036
[ct_train] early_stopping: no improve on val/eval_loss for 6/40 val checks
[ct_train] rechunked train graphs (seed=15)

=== Epoch 15/1000 ===
[train] loss=7.5392 cls=0.4410 cme=2.1384 acc=0.9876 cells=158379 kd=6.5257
[ct_train] rechunked train graphs (seed=16)

=== Epoch 16/1000 ===
[train] loss=7.5397 cls=0.4415 cme=2.1385 acc=0.9875 cells=158379 kd=6.5261
[val]   loss=5.2239 eval=2.6060 cls=0.4054 cme=2.2006 acc=0.9764 cells=118036
[ct_train] early_stopping: no improve on val/eval_loss for 7/40 val checks
[ct_train] rechunked train graphs (seed=17)

=== Epoch 17/1000 ===
[train] loss=7.5373 cls=0.4410 cme=2.1379 acc=0.9875 cells=158379 kd=6.5240
[ct_train] rechunked train graphs (seed=18)

=== Epoch 18/1000 ===
[train] loss=7.5331 cls=0.4407 cme=2.1360 acc=0.9875 cells=158379 kd=6.5207
[val]   loss=5.2239 eval=2.6059 cls=0.4054 cme=2.2006 acc=0.9765 cells=118036
[ct_train] early_stopping: no improve on val/eval_loss for 8/40 val checks
[ct_train] rechunked train graphs (seed=19)

=== Epoch 19/1000 ===
[train] loss=7.5391 cls=0.4407 cme=2.1384 acc=0.9875 cells=158379 kd=6.5257
[ct_train] rechunked train graphs (seed=20)

=== Epoch 20/1000 ===
[train] loss=7.5375 cls=0.4410 cme=2.1378 acc=0.9876 cells=158379 kd=6.5242
[val]   loss=5.2240 eval=2.6060 cls=0.4054 cme=2.2006 acc=0.9765 cells=118036
[ct_train] early_stopping: no improve on val/eval_loss for 9/40 val checks
[ct_train] rechunked train graphs (seed=21)

=== Epoch 21/1000 ===
[train] loss=7.5360 cls=0.4408 cme=2.1380 acc=0.9877 cells=158379 kd=6.5227
[ct_train] rechunked train graphs (seed=22)

=== Epoch 22/1000 ===
[train] loss=7.5561 cls=0.4409 cme=2.1427 acc=0.9877 cells=158379 kd=6.5407
[val]   loss=5.2240 eval=2.6060 cls=0.4054 cme=2.2006 acc=0.9764 cells=118036
[ct_train] early_stopping: no improve on val/eval_loss for 10/40 val checks
[ct_train] rechunked train graphs (seed=23)

=== Epoch 23/1000 ===
[train] loss=7.5290 cls=0.4404 cme=2.1347 acc=0.9876 cells=158379 kd=6.5172
[ct_train] rechunked train graphs (seed=24)

=== Epoch 24/1000 ===
[train] loss=7.5413 cls=0.4411 cme=2.1385 acc=0.9875 cells=158379 kd=6.5277
[val]   loss=5.2239 eval=2.6059 cls=0.4053 cme=2.2006 acc=0.9765 cells=118036
[ct_train] early_stopping: no improve on val/eval_loss for 11/40 val checks
[ct_train] rechunked train graphs (seed=25)

=== Epoch 25/1000 ===
[train] loss=7.5206 cls=0.4405 cme=2.1332 acc=0.9875 cells=158379 kd=6.5095
[ct_train] rechunked train graphs (seed=26)

=== Epoch 26/1000 ===
[train] loss=7.5512 cls=0.4407 cme=2.1406 acc=0.9876 cells=158379 kd=6.5368
[val]   loss=5.2239 eval=2.6059 cls=0.4053 cme=2.2006 acc=0.9764 cells=118036
[ct_train] early_stopping: no improve on val/eval_loss for 12/40 val checks
[ct_train] rechunked train graphs (seed=27)

=== Epoch 27/1000 ===
[train] loss=7.5186 cls=0.4409 cme=2.1319 acc=0.9875 cells=158379 kd=6.5079
[ct_train] rechunked train graphs (seed=28)

=== Epoch 28/1000 ===
[train] loss=7.5305 cls=0.4407 cme=2.1368 acc=0.9875 cells=158379 kd=6.5177
[val]   loss=5.2238 eval=2.6059 cls=0.4053 cme=2.2005 acc=0.9765 cells=118036
[ct_train] early_stopping: no improve on val/eval_loss for 13/40 val checks
[ct_train] rechunked train graphs (seed=29)

=== Epoch 29/1000 ===
[train] loss=7.5352 cls=0.4411 cme=2.1366 acc=0.9875 cells=158379 kd=6.5224
[ct_train] rechunked train graphs (seed=30)

=== Epoch 30/1000 ===
[train] loss=7.5340 cls=0.4409 cme=2.1356 acc=0.9875 cells=158379 kd=6.5217
[val]   loss=5.2238 eval=2.6058 cls=0.4053 cme=2.2005 acc=0.9765 cells=118036
[ct_train] early_stopping: no improve on val/eval_loss for 14/40 val checks
[ct_train] rechunked train graphs (seed=31)

=== Epoch 31/1000 ===
[train] loss=7.5306 cls=0.4406 cme=2.1349 acc=0.9878 cells=158379 kd=6.5186
[ct_train] rechunked train graphs (seed=32)

=== Epoch 32/1000 ===
[train] loss=7.5444 cls=0.4407 cme=2.1397 acc=0.9875 cells=158379 kd=6.5304
[val]   loss=5.2238 eval=2.6059 cls=0.4054 cme=2.2005 acc=0.9765 cells=118036
[ct_train] early_stopping: no improve on val/eval_loss for 15/40 val checks
[ct_train] rechunked train graphs (seed=33)

=== Epoch 33/1000 ===
[train] loss=7.5402 cls=0.4406 cme=2.1386 acc=0.9875 cells=158379 kd=6.5267
[ct_train] rechunked train graphs (seed=34)

=== Epoch 34/1000 ===
[train] loss=7.5282 cls=0.4411 cme=2.1346 acc=0.9876 cells=158379 kd=6.5164
[val]   loss=5.2238 eval=2.6059 cls=0.4054 cme=2.2005 acc=0.9765 cells=118036
[ct_train] early_stopping: no improve on val/eval_loss for 16/40 val checks
[ct_train] rechunked train graphs (seed=35)

=== Epoch 35/1000 ===
[train] loss=7.5342 cls=0.4403 cme=2.1358 acc=0.9875 cells=158379 kd=6.5220
[ct_train] rechunked train graphs (seed=36)

=== Epoch 36/1000 ===
[train] loss=7.5352 cls=0.4409 cme=2.1365 acc=0.9876 cells=158379 kd=6.5225
[val]   loss=5.2238 eval=2.6059 cls=0.4054 cme=2.2005 acc=0.9765 cells=118036
[ct_train] early_stopping: no improve on val/eval_loss for 17/40 val checks
[ct_train] rechunked train graphs (seed=37)

=== Epoch 37/1000 ===
[train] loss=7.5298 cls=0.4407 cme=2.1345 acc=0.9875 cells=158379 kd=6.5180
[ct_train] rechunked train graphs (seed=38)

=== Epoch 38/1000 ===
[train] loss=7.5414 cls=0.4412 cme=2.1389 acc=0.9875 cells=158379 kd=6.5276
[val]   loss=5.2237 eval=2.6059 cls=0.4054 cme=2.2005 acc=0.9765 cells=118036
[ct_train] early_stopping: no improve on val/eval_loss for 18/40 val checks
[ct_train] rechunked train graphs (seed=39)

=== Epoch 39/1000 ===
[train] loss=7.5314 cls=0.4401 cme=2.1361 acc=0.9876 cells=158379 kd=6.5191
[ct_train] rechunked train graphs (seed=40)

=== Epoch 40/1000 ===
[train] loss=7.5342 cls=0.4404 cme=2.1362 acc=0.9876 cells=158379 kd=6.5218
[val]   loss=5.2237 eval=2.6059 cls=0.4054 cme=2.2005 acc=0.9764 cells=118036
[ct_train] early_stopping: no improve on val/eval_loss for 19/40 val checks
[ct_train] rechunked train graphs (seed=41)

=== Epoch 41/1000 ===
[train] loss=7.5288 cls=0.4405 cme=2.1353 acc=0.9876 cells=158379 kd=6.5167
[ct_train] rechunked train graphs (seed=42)

=== Epoch 42/1000 ===
[train] loss=7.5286 cls=0.4405 cme=2.1336 acc=0.9876 cells=158379 kd=6.5172
[val]   loss=5.2237 eval=2.6058 cls=0.4054 cme=2.2005 acc=0.9764 cells=118036
[ct_train] early_stopping: no improve on val/eval_loss for 20/40 val checks
[ct_train] rechunked train graphs (seed=43)

=== Epoch 43/1000 ===
[train] loss=7.5348 cls=0.4407 cme=2.1365 acc=0.9875 cells=158379 kd=6.5222
[ct_train] rechunked train graphs (seed=44)

=== Epoch 44/1000 ===
[train] loss=7.5229 cls=0.4401 cme=2.1335 acc=0.9876 cells=158379 kd=6.5117
[val]   loss=5.2237 eval=2.6058 cls=0.4054 cme=2.2005 acc=0.9765 cells=118036
[ct_train] early_stopping: no improve on val/eval_loss for 21/40 val checks
[ct_train] rechunked train graphs (seed=45)

=== Epoch 45/1000 ===
[train] loss=7.5374 cls=0.4410 cme=2.1365 acc=0.9876 cells=158379 kd=6.5248
[ct_train] rechunked train graphs (seed=46)

=== Epoch 46/1000 ===
[train] loss=7.5444 cls=0.4407 cme=2.1395 acc=0.9876 cells=158379 kd=6.5305
[val]   loss=5.2236 eval=2.6058 cls=0.4054 cme=2.2004 acc=0.9764 cells=118036
[ct_train] early_stopping: no improve on val/eval_loss for 22/40 val checks
[ct_train] rechunked train graphs (seed=47)

=== Epoch 47/1000 ===
[train] loss=7.5474 cls=0.4412 cme=2.1401 acc=0.9875 cells=158379 kd=6.5331
[ct_train] rechunked train graphs (seed=48)

=== Epoch 48/1000 ===
[train] loss=7.5499 cls=0.4409 cme=2.1406 acc=0.9876 cells=158379 kd=6.5354
[val]   loss=5.2235 eval=2.6057 cls=0.4054 cme=2.2004 acc=0.9765 cells=118036
[ct_train] early_stopping: no improve on val/eval_loss for 23/40 val checks
[ct_train] rechunked train graphs (seed=49)

=== Epoch 49/1000 ===
[train] loss=7.5235 cls=0.4406 cme=2.1343 acc=0.9874 cells=158379 kd=6.5119
[ct_train] rechunked train graphs (seed=50)

=== Epoch 50/1000 ===
[train] loss=7.5318 cls=0.4406 cme=2.1352 acc=0.9876 cells=158379 kd=6.5197
[val]   loss=5.2235 eval=2.6058 cls=0.4054 cme=2.2004 acc=0.9765 cells=118036
[ct_train] early_stopping: no improve on val/eval_loss for 24/40 val checks
[ct_train] rechunked train graphs (seed=51)

=== Epoch 51/1000 ===
[train] loss=7.5303 cls=0.4409 cme=2.1355 acc=0.9877 cells=158379 kd=6.5181
[ct_train] rechunked train graphs (seed=52)

=== Epoch 52/1000 ===
[train] loss=7.5473 cls=0.4408 cme=2.1399 acc=0.9876 cells=158379 kd=6.5332
[val]   loss=5.2235 eval=2.6058 cls=0.4054 cme=2.2004 acc=0.9765 cells=118036
[ct_train] early_stopping: no improve on val/eval_loss for 25/40 val checks
[ct_train] rechunked train graphs (seed=53)

=== Epoch 53/1000 ===
[train] loss=7.5273 cls=0.4403 cme=2.1346 acc=0.9877 cells=158379 kd=6.5156
[ct_train] rechunked train graphs (seed=54)

=== Epoch 54/1000 ===
[train] loss=7.5418 cls=0.4404 cme=2.1380 acc=0.9879 cells=158379 kd=6.5286
[val]   loss=5.2236 eval=2.6058 cls=0.4054 cme=2.2004 acc=0.9765 cells=118036
[ct_train] early_stopping: no improve on val/eval_loss for 26/40 val checks
[ct_train] rechunked train graphs (seed=55)

=== Epoch 55/1000 ===
[train] loss=7.5296 cls=0.4405 cme=2.1349 acc=0.9876 cells=158379 kd=6.5177
[ct_train] rechunked train graphs (seed=56)

=== Epoch 56/1000 ===
[train] loss=7.5439 cls=0.4408 cme=2.1386 acc=0.9875 cells=158379 kd=6.5304
[val]   loss=5.2236 eval=2.6058 cls=0.4054 cme=2.2004 acc=0.9764 cells=118036
[ct_train] early_stopping: no improve on val/eval_loss for 27/40 val checks
[ct_train] rechunked train graphs (seed=57)

=== Epoch 57/1000 ===
[train] loss=7.5372 cls=0.4404 cme=2.1373 acc=0.9876 cells=158379 kd=6.5243
[ct_train] rechunked train graphs (seed=58)

=== Epoch 58/1000 ===
[train] loss=7.5274 cls=0.4406 cme=2.1346 acc=0.9874 cells=158379 kd=6.5157
[val]   loss=5.2235 eval=2.6057 cls=0.4053 cme=2.2004 acc=0.9765 cells=118036
[ct_train] early_stopping: no improve on val/eval_loss for 28/40 val checks
[ct_train] rechunked train graphs (seed=59)

=== Epoch 59/1000 ===
[train] loss=7.5366 cls=0.4409 cme=2.1371 acc=0.9877 cells=158379 kd=6.5237
[ct_train] rechunked train graphs (seed=60)

=== Epoch 60/1000 ===
[train] loss=7.5442 cls=0.4408 cme=2.1386 acc=0.9874 cells=158379 kd=6.5306
[val]   loss=5.2236 eval=2.6058 cls=0.4054 cme=2.2004 acc=0.9765 cells=118036
[ct_train] early_stopping: no improve on val/eval_loss for 29/40 val checks
[ct_train] rechunked train graphs (seed=61)

=== Epoch 61/1000 ===
[train] loss=7.5252 cls=0.4406 cme=2.1326 acc=0.9874 cells=158379 kd=6.5143
[ct_train] rechunked train graphs (seed=62)

=== Epoch 62/1000 ===
[train] loss=7.5491 cls=0.4409 cme=2.1399 acc=0.9876 cells=158379 kd=6.5349
[val]   loss=5.2236 eval=2.6058 cls=0.4053 cme=2.2005 acc=0.9765 cells=118036
[ct_train] early_stopping: no improve on val/eval_loss for 30/40 val checks
[ct_train] rechunked train graphs (seed=63)

=== Epoch 63/1000 ===
[train] loss=7.5356 cls=0.4406 cme=2.1366 acc=0.9876 cells=158379 kd=6.5229
[ct_train] rechunked train graphs (seed=64)

=== Epoch 64/1000 ===
[train] loss=7.5362 cls=0.4412 cme=2.1372 acc=0.9877 cells=158379 kd=6.5232
[val]   loss=5.2236 eval=2.6058 cls=0.4053 cme=2.2004 acc=0.9765 cells=118036
[ct_train] early_stopping: no improve on val/eval_loss for 31/40 val checks
[ct_train] rechunked train graphs (seed=65)

=== Epoch 65/1000 ===
[train] loss=7.5351 cls=0.4411 cme=2.1370 acc=0.9876 cells=158379 kd=6.5222
[ct_train] rechunked train graphs (seed=66)

=== Epoch 66/1000 ===
[train] loss=7.5258 cls=0.4408 cme=2.1339 acc=0.9874 cells=158379 kd=6.5143
[val]   loss=5.2236 eval=2.6058 cls=0.4053 cme=2.2004 acc=0.9765 cells=118036
[ct_train] early_stopping: no improve on val/eval_loss for 32/40 val checks
[ct_train] rechunked train graphs (seed=67)

=== Epoch 67/1000 ===
[train] loss=7.5324 cls=0.4406 cme=2.1363 acc=0.9874 cells=158379 kd=6.5199
[ct_train] rechunked train graphs (seed=68)

=== Epoch 68/1000 ===
[train] loss=7.5383 cls=0.4408 cme=2.1375 acc=0.9875 cells=158379 kd=6.5252
[val]   loss=5.2235 eval=2.6057 cls=0.4053 cme=2.2004 acc=0.9765 cells=118036
[ct_train] early_stopping: no improve on val/eval_loss for 33/40 val checks
[ct_train] rechunked train graphs (seed=69)

=== Epoch 69/1000 ===
[train] loss=7.5536 cls=0.4411 cme=2.1412 acc=0.9876 cells=158379 kd=6.5389
[ct_train] rechunked train graphs (seed=70)

=== Epoch 70/1000 ===
[train] loss=7.5367 cls=0.4406 cme=2.1374 acc=0.9875 cells=158379 kd=6.5237
[val]   loss=5.2234 eval=2.6057 cls=0.4053 cme=2.2004 acc=0.9765 cells=118036
[ct_train] early_stopping: no improve on val/eval_loss for 34/40 val checks
[ct_train] rechunked train graphs (seed=71)

=== Epoch 71/1000 ===
[train] loss=7.5276 cls=0.4405 cme=2.1341 acc=0.9877 cells=158379 kd=6.5160
[ct_train] rechunked train graphs (seed=72)

=== Epoch 72/1000 ===
[train] loss=7.5476 cls=0.4408 cme=2.1414 acc=0.9877 cells=158379 kd=6.5328
[val]   loss=5.2234 eval=2.6057 cls=0.4053 cme=2.2004 acc=0.9765 cells=118036
[ct_train] early_stopping: no improve on val/eval_loss for 35/40 val checks
[ct_train] rechunked train graphs (seed=73)

=== Epoch 73/1000 ===
[train] loss=7.5299 cls=0.4407 cme=2.1358 acc=0.9874 cells=158379 kd=6.5176
[ct_train] rechunked train graphs (seed=74)

=== Epoch 74/1000 ===
[train] loss=7.5254 cls=0.4405 cme=2.1340 acc=0.9878 cells=158379 kd=6.5139
[val]   loss=5.2233 eval=2.6056 cls=0.4053 cme=2.2004 acc=0.9765 cells=118036
[ct_train] early_stopping: no improve on val/eval_loss for 36/40 val checks
[ct_train] rechunked train graphs (seed=75)

=== Epoch 75/1000 ===
[train] loss=7.5301 cls=0.4405 cme=2.1349 acc=0.9876 cells=158379 kd=6.5182
[ct_train] rechunked train graphs (seed=76)

=== Epoch 76/1000 ===
[train] loss=7.5339 cls=0.4401 cme=2.1366 acc=0.9875 cells=158379 kd=6.5214
[val]   loss=5.2234 eval=2.6057 cls=0.4053 cme=2.2004 acc=0.9765 cells=118036
[ct_train] early_stopping: no improve on val/eval_loss for 37/40 val checks
[ct_train] rechunked train graphs (seed=77)

=== Epoch 77/1000 ===
[train] loss=7.5448 cls=0.4408 cme=2.1382 acc=0.9875 cells=158379 kd=6.5314
[ct_train] rechunked train graphs (seed=78)

=== Epoch 78/1000 ===
[train] loss=7.5393 cls=0.4413 cme=2.1379 acc=0.9874 cells=158379 kd=6.5260
[val]   loss=5.2233 eval=2.6056 cls=0.4053 cme=2.2003 acc=0.9764 cells=118036
[ct_train] early_stopping: no improve on val/eval_loss for 38/40 val checks
[ct_train] rechunked train graphs (seed=79)

=== Epoch 79/1000 ===
[train] loss=7.5507 cls=0.4406 cme=2.1405 acc=0.9876 cells=158379 kd=6.5363
[ct_train] rechunked train graphs (seed=80)

=== Epoch 80/1000 ===
[train] loss=7.5206 cls=0.4404 cme=2.1326 acc=0.9876 cells=158379 kd=6.5097
[val]   loss=5.2233 eval=2.6056 cls=0.4053 cme=2.2003 acc=0.9764 cells=118036
[ct_train] early_stopping: no improve on val/eval_loss for 39/40 val checks
[ct_train] rechunked train graphs (seed=81)

=== Epoch 81/1000 ===
[train] loss=7.5456 cls=0.4406 cme=2.1398 acc=0.9876 cells=158379 kd=6.5315
[ct_train] rechunked train graphs (seed=82)

=== Epoch 82/1000 ===
[train] loss=7.5292 cls=0.4407 cme=2.1343 acc=0.9875 cells=158379 kd=6.5176
[val]   loss=5.2233 eval=2.6056 cls=0.4053 cme=2.2003 acc=0.9765 cells=118036
[ct_train] early_stopping: no improve on val/eval_loss for 40/40 val checks
[ct_train] early stopping at epoch 82 (patience=40, monitor=val/eval_loss)

[ct_train] done. best_val_acc=0.9765  best_val_eval_loss=2.6049  checkpoints=/home/abel/code/Tissue-Reassembly-using-GenAI-and-new-metrics/exploration/cell_types/outputs/exp228_kd_196_180_157  logs=/home/abel/code/Tissue-Reassembly-using-GenAI-and-new-metrics/exploration/cell_types/logs/exp228_kd_196_180_157/20260808_143518
wandb: updating run metadata
wandb: uploading output.log; uploading wandb-summary.json; uploading config.yaml
wandb: 
wandb: Run summary:
wandb:                      best_epoch 2
wandb:                    best_val_acc 0.97654
wandb:              best_val_eval_loss 2.60492
wandb:                           epoch 82
wandb:                              lr 2e-05
wandb:           model/parameter_count 1305308
wandb: model/trainable_parameter_count 1305308
wandb:                       train/acc 0.98754
wandb:       train/acc_per_class/Astro 0.99205
wandb:        train/acc_per_class/Endo 0.98188
wandb:                             +54 ...
wandb: 
wandb:  View run exp228_kd_196_180_157 at: https://wandb.ai/abel-salmona-polytechnique-montr-al/cell_types/runs/wfkhix14
wandb:  View project at: https://wandb.ai/abel-salmona-polytechnique-montr-al/cell_types
wandb: Synced 5 W&B file(s), 1 media file(s), 2 artifact file(s) and 1 other file(s)
wandb: Find logs at: ./exploration/cell_types/logs/exp228_kd_196_180_157/20260808_143518/wandb/run-20260808_143526-wfkhix14/logs
