[ct_train] config=exploration/cell_types/experiments/configs/exp123_ls003.json
[ct_train] device=cuda  checkpoints=/home/abel/code/Tissue-Reassembly-using-GenAI-and-new-metrics/exploration/cell_types/outputs/exp123_ls003
[ct_train] logs=/home/abel/code/Tissue-Reassembly-using-GenAI-and-new-metrics/exploration/cell_types/logs/exp123_ls003/20260808_052008
[ct_train] Loading data …
[DataModule] Reading '/home/abel/biodata/MERFISH_LUNA_small_cortex/MERFISH_mouse_cortex_train.csv' (split=train) with float32 dtype on 254 gene cols + coord cols …
[DataModule] Loaded 158,379 rows for split=train.
[DataModule] Reading '/home/abel/biodata/MERFISH_LUNA_small_cortex/MERFISH_mouse_cortex_test.csv' (split=test) with float32 dtype on 254 gene cols + coord cols …
[DataModule] Loaded 118,036 rows for split=test.
[DataModule] Reading '/home/abel/biodata/MERFISH_LUNA_small_cortex/MERFISH_mouse_cortex_test.csv' (split=validation) with float32 dtype on 254 gene cols + coord cols …
[DataModule] Loaded 118,036 rows for split=validation.
[ct_train] genes=254  classes=23
[ct_train] model predict_cme=True  params=1,305,308
[ct_train] soft CME loaded split=train sigma=96.0 n=158379 C=23
[ct_train] soft CME loaded split=validation sigma=96.0 n=118036 C=23
[ct_train] soft CME loaded split=train sigma=50.0 n=158379 C=23
[ct_train] soft CME loaded split=train sigma=64.0 n=158379 C=23
[ct_train] soft CME loaded split=validation sigma=50.0 n=118036 C=23
[ct_train] soft CME loaded split=validation sigma=64.0 n=118036 C=23
wandb: [wandb.login()] Loaded credentials for https://api.wandb.ai from /home/abel/.netrc.
wandb: Currently logged in as: abel-salmona (abel-salmona-polytechnique-montr-al) to https://api.wandb.ai. Use `wandb login --relogin` to force relogin
wandb: WARNING Using a boolean value for 'reinit' is deprecated. Use 'return_previous' or 'finish_previous' instead.
wandb: Tracking run with wandb version 0.26.1
wandb: Run data is saved locally in /home/abel/code/Tissue-Reassembly-using-GenAI-and-new-metrics/exploration/cell_types/logs/exp123_ls003/20260808_052008/wandb/run-20260808_052017-eb9cpx01
wandb: Run `wandb offline` to turn off syncing.
wandb: Syncing run exp123_ls003
wandb:  View project at https://wandb.ai/abel-salmona-polytechnique-montr-al/cell_types
wandb:  View run at https://wandb.ai/abel-salmona-polytechnique-montr-al/cell_types/runs/eb9cpx01
wandb: WARNING Saving files without folders. If you want to preserve subdirectories pass base_path to wandb.save, i.e. wandb.save("/mnt/folder/file.h5", base_path="/mnt")
wandb: WARNING Symlinked 1 file into the W&B run directory; call wandb.save again to sync new files.
[ct_train] wandb: project=cell_types name=exp123_ls003 mode=online url=https://wandb.ai/abel-salmona-polytechnique-montr-al/cell_types/runs/eb9cpx01
[ct_train] parameters: total=1,305,308 trainable=1,305,308
  [params] mlp_in_node_features: 26,720
  [params] transformer_layers: 633,600
  [params] type_stage1: 28,320
  [params] env_stage1: 93,056
  [params] type_probe: 2,231
  [params] env_probe: 7,383
  [params] fusion_mlp: 383,008
  [params] type_stage2: 30,551
  [params] env_stage2: 100,439
[ct_train] EMA enabled decay=0.98
[ct_train] rechunked train graphs (seed=1)

=== Epoch 1/1000 ===
[train] loss=8.7166 cls=2.7360 cme=2.7818 acc=0.2372 cells=158379
[ct_train] rechunked train graphs (seed=2)

=== Epoch 2/1000 ===
[train] loss=7.2126 cls=1.8014 cme=2.5192 acc=0.6601 cells=158379
[val]   loss=8.3240 eval=5.2284 cls=2.5228 cme=2.7056 acc=0.4515 cells=118036
[ct_train] saved best checkpoint (val_eval_loss=5.2284 val_acc=0.4515)
[ct_train] rechunked train graphs (seed=3)

=== Epoch 3/1000 ===
[train] loss=6.3018 cls=1.1077 cme=2.4193 acc=0.7926 cells=158379
[ct_train] rechunked train graphs (seed=4)

=== Epoch 4/1000 ===
[train] loss=5.8737 cls=0.7729 cme=2.3764 acc=0.8637 cells=158379
[val]   loss=6.5596 eval=3.7788 cls=1.3120 cme=2.4668 acc=0.8142 cells=118036
[ct_train] saved best checkpoint (val_eval_loss=3.7788 val_acc=0.8142)
[ct_train] rechunked train graphs (seed=5)

=== Epoch 5/1000 ===
[train] loss=5.6387 cls=0.6068 cme=2.3446 acc=0.9067 cells=158379
[ct_train] rechunked train graphs (seed=6)

=== Epoch 6/1000 ===
[train] loss=5.5318 cls=0.5231 cme=2.3339 acc=0.9245 cells=158379
[val]   loss=5.7563 eval=3.1172 cls=0.7438 cme=2.3734 acc=0.9074 cells=118036
[ct_train] saved best checkpoint (val_eval_loss=3.1172 val_acc=0.9074)
[ct_train] rechunked train graphs (seed=7)

=== Epoch 7/1000 ===
[train] loss=5.4321 cls=0.4733 cme=2.3109 acc=0.9349 cells=158379
[ct_train] rechunked train graphs (seed=8)

=== Epoch 8/1000 ===
[train] loss=5.3642 cls=0.4414 cme=2.2942 acc=0.9407 cells=158379
[val]   loss=5.4634 eval=2.8970 cls=0.5677 cme=2.3293 acc=0.9373 cells=118036
[ct_train] saved best checkpoint (val_eval_loss=2.8970 val_acc=0.9373)
[ct_train] rechunked train graphs (seed=9)

=== Epoch 9/1000 ===
[train] loss=5.3464 cls=0.4273 cme=2.2925 acc=0.9444 cells=158379
[ct_train] rechunked train graphs (seed=10)

=== Epoch 10/1000 ===
[train] loss=5.3122 cls=0.4119 cme=2.2839 acc=0.9476 cells=158379
[val]   loss=5.3396 eval=2.8161 cls=0.5126 cme=2.3036 acc=0.9483 cells=118036
[ct_train] saved best checkpoint (val_eval_loss=2.8161 val_acc=0.9483)
[ct_train] rechunked train graphs (seed=11)

=== Epoch 11/1000 ===
[train] loss=5.2735 cls=0.4021 cme=2.2705 acc=0.9497 cells=158379
[ct_train] rechunked train graphs (seed=12)

=== Epoch 12/1000 ===
[train] loss=5.2652 cls=0.3939 cme=2.2705 acc=0.9518 cells=158379
[val]   loss=5.2745 eval=2.7780 cls=0.4914 cme=2.2866 acc=0.9545 cells=118036
[ct_train] saved best checkpoint (val_eval_loss=2.7780 val_acc=0.9545)
[ct_train] rechunked train graphs (seed=13)

=== Epoch 13/1000 ===
[train] loss=5.2513 cls=0.3877 cme=2.2670 acc=0.9535 cells=158379
[ct_train] rechunked train graphs (seed=14)

=== Epoch 14/1000 ===
[train] loss=5.2343 cls=0.3805 cme=2.2623 acc=0.9557 cells=158379
[val]   loss=5.2336 eval=2.7552 cls=0.4806 cme=2.2746 acc=0.9575 cells=118036
[ct_train] saved best checkpoint (val_eval_loss=2.7552 val_acc=0.9575)
[ct_train] rechunked train graphs (seed=15)

=== Epoch 15/1000 ===
[train] loss=5.2142 cls=0.3752 cme=2.2556 acc=0.9565 cells=158379
[ct_train] rechunked train graphs (seed=16)

=== Epoch 16/1000 ===
[train] loss=5.2070 cls=0.3725 cme=2.2535 acc=0.9569 cells=158379
[val]   loss=5.2036 eval=2.7384 cls=0.4732 cme=2.2652 acc=0.9597 cells=118036
[ct_train] saved best checkpoint (val_eval_loss=2.7384 val_acc=0.9597)
[ct_train] rechunked train graphs (seed=17)

=== Epoch 17/1000 ===
[train] loss=5.1900 cls=0.3665 cme=2.2485 acc=0.9584 cells=158379
[ct_train] rechunked train graphs (seed=18)

=== Epoch 18/1000 ===
[train] loss=5.1813 cls=0.3631 cme=2.2460 acc=0.9598 cells=158379
[val]   loss=5.1828 eval=2.7266 cls=0.4679 cme=2.2587 acc=0.9618 cells=118036
[ct_train] saved best checkpoint (val_eval_loss=2.7266 val_acc=0.9618)
[ct_train] rechunked train graphs (seed=19)

=== Epoch 19/1000 ===
[train] loss=5.1780 cls=0.3589 cme=2.2464 acc=0.9608 cells=158379
[ct_train] rechunked train graphs (seed=20)

=== Epoch 20/1000 ===
[train] loss=5.1679 cls=0.3574 cme=2.2423 acc=0.9609 cells=158379
[val]   loss=5.1678 eval=2.7176 cls=0.4635 cme=2.2541 acc=0.9635 cells=118036
[ct_train] saved best checkpoint (val_eval_loss=2.7176 val_acc=0.9635)
[ct_train] rechunked train graphs (seed=21)

=== Epoch 21/1000 ===
[train] loss=5.1660 cls=0.3542 cme=2.2430 acc=0.9617 cells=158379
[ct_train] rechunked train graphs (seed=22)

=== Epoch 22/1000 ===
[train] loss=5.1525 cls=0.3516 cme=2.2380 acc=0.9629 cells=158379
[val]   loss=5.1531 eval=2.7090 cls=0.4596 cme=2.2493 acc=0.9648 cells=118036
[ct_train] saved best checkpoint (val_eval_loss=2.7090 val_acc=0.9648)
[ct_train] rechunked train graphs (seed=23)

=== Epoch 23/1000 ===
[train] loss=5.1400 cls=0.3490 cme=2.2335 acc=0.9637 cells=158379
[ct_train] rechunked train graphs (seed=24)

=== Epoch 24/1000 ===
[train] loss=5.1371 cls=0.3471 cme=2.2329 acc=0.9642 cells=158379
[val]   loss=5.1400 eval=2.7013 cls=0.4563 cme=2.2450 acc=0.9659 cells=118036
[ct_train] saved best checkpoint (val_eval_loss=2.7013 val_acc=0.9659)
[ct_train] rechunked train graphs (seed=25)

=== Epoch 25/1000 ===
[train] loss=5.1373 cls=0.3446 cme=2.2342 acc=0.9647 cells=158379
[ct_train] rechunked train graphs (seed=26)

=== Epoch 26/1000 ===
[train] loss=5.1177 cls=0.3411 cme=2.2267 acc=0.9660 cells=158379
[val]   loss=5.1288 eval=2.6946 cls=0.4532 cme=2.2414 acc=0.9669 cells=118036
[ct_train] saved best checkpoint (val_eval_loss=2.6946 val_acc=0.9669)
[ct_train] rechunked train graphs (seed=27)

=== Epoch 27/1000 ===
[train] loss=5.1121 cls=0.3394 cme=2.2250 acc=0.9658 cells=158379
[ct_train] rechunked train graphs (seed=28)

=== Epoch 28/1000 ===
[train] loss=5.1047 cls=0.3373 cme=2.2225 acc=0.9666 cells=158379
[val]   loss=5.1189 eval=2.6885 cls=0.4504 cme=2.2381 acc=0.9676 cells=118036
[ct_train] saved best checkpoint (val_eval_loss=2.6885 val_acc=0.9676)
[ct_train] rechunked train graphs (seed=29)

=== Epoch 29/1000 ===
[train] loss=5.1036 cls=0.3353 cme=2.2229 acc=0.9672 cells=158379
[ct_train] rechunked train graphs (seed=30)

=== Epoch 30/1000 ===
[train] loss=5.1031 cls=0.3349 cme=2.2229 acc=0.9669 cells=158379
[val]   loss=5.1108 eval=2.6836 cls=0.4482 cme=2.2354 acc=0.9681 cells=118036
[ct_train] saved best checkpoint (val_eval_loss=2.6836 val_acc=0.9681)
[ct_train] rechunked train graphs (seed=31)

=== Epoch 31/1000 ===
[train] loss=5.0979 cls=0.3335 cme=2.2210 acc=0.9673 cells=158379
[ct_train] rechunked train graphs (seed=32)

=== Epoch 32/1000 ===
[train] loss=5.1170 cls=0.3334 cme=2.2300 acc=0.9680 cells=158379
[val]   loss=5.1039 eval=2.6794 cls=0.4462 cme=2.2332 acc=0.9686 cells=118036
[ct_train] saved best checkpoint (val_eval_loss=2.6794 val_acc=0.9686)
[ct_train] rechunked train graphs (seed=33)

=== Epoch 33/1000 ===
[train] loss=5.0926 cls=0.3288 cme=2.2209 acc=0.9685 cells=158379
[ct_train] rechunked train graphs (seed=34)

=== Epoch 34/1000 ===
[train] loss=5.0817 cls=0.3291 cme=2.2157 acc=0.9689 cells=158379
[val]   loss=5.0977 eval=2.6753 cls=0.4441 cme=2.2312 acc=0.9690 cells=118036
[ct_train] saved best checkpoint (val_eval_loss=2.6753 val_acc=0.9690)
[ct_train] rechunked train graphs (seed=35)

=== Epoch 35/1000 ===
[train] loss=5.0878 cls=0.3280 cme=2.2189 acc=0.9691 cells=158379
[ct_train] rechunked train graphs (seed=36)

=== Epoch 36/1000 ===
[train] loss=5.0793 cls=0.3254 cme=2.2163 acc=0.9696 cells=158379
[val]   loss=5.0922 eval=2.6722 cls=0.4429 cme=2.2293 acc=0.9693 cells=118036
[ct_train] saved best checkpoint (val_eval_loss=2.6722 val_acc=0.9693)
[ct_train] rechunked train graphs (seed=37)

=== Epoch 37/1000 ===
[train] loss=5.0749 cls=0.3279 cme=2.2131 acc=0.9691 cells=158379
[ct_train] rechunked train graphs (seed=38)

=== Epoch 38/1000 ===
[train] loss=5.0603 cls=0.3239 cme=2.2082 acc=0.9700 cells=158379
[val]   loss=5.0864 eval=2.6685 cls=0.4411 cme=2.2274 acc=0.9698 cells=118036
[ct_train] saved best checkpoint (val_eval_loss=2.6685 val_acc=0.9698)
[ct_train] rechunked train graphs (seed=39)

=== Epoch 39/1000 ===
[train] loss=5.0692 cls=0.3232 cme=2.2126 acc=0.9703 cells=158379
[ct_train] rechunked train graphs (seed=40)

=== Epoch 40/1000 ===
[train] loss=5.0644 cls=0.3219 cme=2.2110 acc=0.9706 cells=158379
[val]   loss=5.0814 eval=2.6655 cls=0.4397 cme=2.2257 acc=0.9703 cells=118036
[ct_train] saved best checkpoint (val_eval_loss=2.6655 val_acc=0.9703)
[ct_train] rechunked train graphs (seed=41)

=== Epoch 41/1000 ===
[train] loss=5.0530 cls=0.3210 cme=2.2062 acc=0.9706 cells=158379
[ct_train] rechunked train graphs (seed=42)

=== Epoch 42/1000 ===
[train] loss=5.0553 cls=0.3197 cme=2.2078 acc=0.9716 cells=158379
[val]   loss=5.0770 eval=2.6629 cls=0.4386 cme=2.2243 acc=0.9705 cells=118036
[ct_train] saved best checkpoint (val_eval_loss=2.6629 val_acc=0.9705)
[ct_train] rechunked train graphs (seed=43)

=== Epoch 43/1000 ===
[train] loss=5.0636 cls=0.3198 cme=2.2116 acc=0.9714 cells=158379
[ct_train] rechunked train graphs (seed=44)

=== Epoch 44/1000 ===
[train] loss=5.0466 cls=0.3185 cme=2.2044 acc=0.9719 cells=158379
[val]   loss=5.0732 eval=2.6605 cls=0.4374 cme=2.2231 acc=0.9709 cells=118036
[ct_train] saved best checkpoint (val_eval_loss=2.6605 val_acc=0.9709)
[ct_train] rechunked train graphs (seed=45)

=== Epoch 45/1000 ===
[train] loss=5.0525 cls=0.3181 cme=2.2072 acc=0.9718 cells=158379
[ct_train] rechunked train graphs (seed=46)

=== Epoch 46/1000 ===
[train] loss=5.0383 cls=0.3158 cme=2.2019 acc=0.9724 cells=158379
[val]   loss=5.0692 eval=2.6579 cls=0.4362 cme=2.2217 acc=0.9713 cells=118036
[ct_train] saved best checkpoint (val_eval_loss=2.6579 val_acc=0.9713)
[ct_train] rechunked train graphs (seed=47)

=== Epoch 47/1000 ===
[train] loss=5.0481 cls=0.3153 cme=2.2065 acc=0.9723 cells=158379
[ct_train] rechunked train graphs (seed=48)

=== Epoch 48/1000 ===
[train] loss=5.0324 cls=0.3141 cme=2.1999 acc=0.9730 cells=158379
[val]   loss=5.0658 eval=2.6559 cls=0.4353 cme=2.2207 acc=0.9716 cells=118036
[ct_train] saved best checkpoint (val_eval_loss=2.6559 val_acc=0.9716)
[ct_train] rechunked train graphs (seed=49)

=== Epoch 49/1000 ===
[train] loss=5.0401 cls=0.3140 cme=2.2035 acc=0.9731 cells=158379
[ct_train] rechunked train graphs (seed=50)

=== Epoch 50/1000 ===
[train] loss=5.0306 cls=0.3126 cme=2.1997 acc=0.9734 cells=158379
[val]   loss=5.0632 eval=2.6542 cls=0.4343 cme=2.2199 acc=0.9719 cells=118036
[ct_train] saved best checkpoint (val_eval_loss=2.6542 val_acc=0.9719)
[ct_train] rechunked train graphs (seed=51)

=== Epoch 51/1000 ===
[train] loss=5.0235 cls=0.3125 cme=2.1964 acc=0.9733 cells=158379
[ct_train] rechunked train graphs (seed=52)

=== Epoch 52/1000 ===
[train] loss=5.0248 cls=0.3117 cme=2.1975 acc=0.9740 cells=158379
[val]   loss=5.0607 eval=2.6526 cls=0.4335 cme=2.2191 acc=0.9723 cells=118036
[ct_train] saved best checkpoint (val_eval_loss=2.6526 val_acc=0.9723)
[ct_train] rechunked train graphs (seed=53)

=== Epoch 53/1000 ===
[train] loss=5.0168 cls=0.3101 cme=2.1945 acc=0.9740 cells=158379
[ct_train] rechunked train graphs (seed=54)

=== Epoch 54/1000 ===
[train] loss=5.0316 cls=0.3104 cme=2.2012 acc=0.9746 cells=158379
[val]   loss=5.0585 eval=2.6512 cls=0.4329 cme=2.2184 acc=0.9724 cells=118036
[ct_train] saved best checkpoint (val_eval_loss=2.6512 val_acc=0.9724)
[ct_train] rechunked train graphs (seed=55)

=== Epoch 55/1000 ===
[train] loss=5.0152 cls=0.3088 cme=2.1944 acc=0.9741 cells=158379
[ct_train] rechunked train graphs (seed=56)

=== Epoch 56/1000 ===
[train] loss=5.0201 cls=0.3084 cme=2.1968 acc=0.9748 cells=158379
[val]   loss=5.0555 eval=2.6495 cls=0.4322 cme=2.2173 acc=0.9726 cells=118036
[ct_train] saved best checkpoint (val_eval_loss=2.6495 val_acc=0.9726)
[ct_train] rechunked train graphs (seed=57)

=== Epoch 57/1000 ===
[train] loss=5.0139 cls=0.3082 cme=2.1940 acc=0.9746 cells=158379
[ct_train] rechunked train graphs (seed=58)

=== Epoch 58/1000 ===
[train] loss=5.0187 cls=0.3078 cme=2.1964 acc=0.9749 cells=158379
[val]   loss=5.0536 eval=2.6482 cls=0.4315 cme=2.2168 acc=0.9728 cells=118036
[ct_train] saved best checkpoint (val_eval_loss=2.6482 val_acc=0.9728)
[ct_train] rechunked train graphs (seed=59)

=== Epoch 59/1000 ===
[train] loss=5.0094 cls=0.3053 cme=2.1933 acc=0.9753 cells=158379
[ct_train] rechunked train graphs (seed=60)

=== Epoch 60/1000 ===
[train] loss=5.0174 cls=0.3068 cme=2.1963 acc=0.9751 cells=158379
[val]   loss=5.0520 eval=2.6471 cls=0.4308 cme=2.2163 acc=0.9730 cells=118036
[ct_train] saved best checkpoint (val_eval_loss=2.6471 val_acc=0.9730)
[ct_train] rechunked train graphs (seed=61)

=== Epoch 61/1000 ===
[train] loss=5.0047 cls=0.3058 cme=2.1908 acc=0.9753 cells=158379
[ct_train] rechunked train graphs (seed=62)

=== Epoch 62/1000 ===
[train] loss=5.0154 cls=0.3062 cme=2.1956 acc=0.9752 cells=158379
[val]   loss=5.0498 eval=2.6461 cls=0.4307 cme=2.2154 acc=0.9732 cells=118036
[ct_train] saved best checkpoint (val_eval_loss=2.6461 val_acc=0.9732)
[ct_train] rechunked train graphs (seed=63)

=== Epoch 63/1000 ===
[train] loss=5.0032 cls=0.3052 cme=2.1905 acc=0.9752 cells=158379
[ct_train] rechunked train graphs (seed=64)

=== Epoch 64/1000 ===
[train] loss=4.9956 cls=0.3034 cme=2.1878 acc=0.9759 cells=158379
[val]   loss=5.0486 eval=2.6452 cls=0.4301 cme=2.2151 acc=0.9733 cells=118036
[ct_train] saved best checkpoint (val_eval_loss=2.6452 val_acc=0.9733)
[ct_train] rechunked train graphs (seed=65)

=== Epoch 65/1000 ===
[train] loss=5.0021 cls=0.3033 cme=2.1909 acc=0.9759 cells=158379
[ct_train] rechunked train graphs (seed=66)

=== Epoch 66/1000 ===
[train] loss=5.0084 cls=0.3037 cme=2.1936 acc=0.9759 cells=158379
[val]   loss=5.0460 eval=2.6437 cls=0.4296 cme=2.2141 acc=0.9735 cells=118036
[ct_train] saved best checkpoint (val_eval_loss=2.6437 val_acc=0.9735)
[ct_train] rechunked train graphs (seed=67)

=== Epoch 67/1000 ===
[train] loss=4.9979 cls=0.3031 cme=2.1890 acc=0.9761 cells=158379
[ct_train] rechunked train graphs (seed=68)

=== Epoch 68/1000 ===
[train] loss=4.9973 cls=0.3019 cme=2.1893 acc=0.9762 cells=158379
[val]   loss=5.0451 eval=2.6430 cls=0.4291 cme=2.2139 acc=0.9736 cells=118036
[ct_train] saved best checkpoint (val_eval_loss=2.6430 val_acc=0.9736)
[ct_train] rechunked train graphs (seed=69)

=== Epoch 69/1000 ===
[train] loss=4.9897 cls=0.3013 cme=2.1861 acc=0.9764 cells=158379
[ct_train] rechunked train graphs (seed=70)

=== Epoch 70/1000 ===
[train] loss=4.9881 cls=0.3021 cme=2.1849 acc=0.9765 cells=158379
[val]   loss=5.0432 eval=2.6419 cls=0.4286 cme=2.2133 acc=0.9738 cells=118036
[ct_train] saved best checkpoint (val_eval_loss=2.6419 val_acc=0.9738)
[ct_train] rechunked train graphs (seed=71)

=== Epoch 71/1000 ===
[train] loss=5.0010 cls=0.3015 cme=2.1911 acc=0.9768 cells=158379
[ct_train] rechunked train graphs (seed=72)

=== Epoch 72/1000 ===
[train] loss=4.9892 cls=0.3003 cme=2.1862 acc=0.9767 cells=158379
[val]   loss=5.0414 eval=2.6409 cls=0.4283 cme=2.2126 acc=0.9738 cells=118036
[ct_train] saved best checkpoint (val_eval_loss=2.6409 val_acc=0.9738)
[ct_train] rechunked train graphs (seed=73)

=== Epoch 73/1000 ===
[train] loss=5.0015 cls=0.3007 cme=2.1918 acc=0.9764 cells=158379
[ct_train] rechunked train graphs (seed=74)

=== Epoch 74/1000 ===
[train] loss=4.9954 cls=0.2994 cme=2.1895 acc=0.9769 cells=158379
[val]   loss=5.0402 eval=2.6403 cls=0.4281 cme=2.2122 acc=0.9740 cells=118036
[ct_train] saved best checkpoint (val_eval_loss=2.6403 val_acc=0.9740)
[ct_train] rechunked train graphs (seed=75)

=== Epoch 75/1000 ===
[train] loss=4.9772 cls=0.2982 cme=2.1818 acc=0.9772 cells=158379
[ct_train] rechunked train graphs (seed=76)

=== Epoch 76/1000 ===
[train] loss=4.9764 cls=0.2977 cme=2.1815 acc=0.9769 cells=158379
[val]   loss=5.0400 eval=2.6402 cls=0.4279 cme=2.2123 acc=0.9740 cells=118036
[ct_train] saved best checkpoint (val_eval_loss=2.6402 val_acc=0.9740)
[ct_train] early_stopping: no improve on val/eval_loss for 1/45 val checks
[ct_train] rechunked train graphs (seed=77)

=== Epoch 77/1000 ===
[train] loss=4.9789 cls=0.2974 cme=2.1828 acc=0.9777 cells=158379
[ct_train] rechunked train graphs (seed=78)

=== Epoch 78/1000 ===
[train] loss=4.9802 cls=0.2972 cme=2.1836 acc=0.9774 cells=158379
[val]   loss=5.0378 eval=2.6387 cls=0.4273 cme=2.2115 acc=0.9741 cells=118036
[ct_train] saved best checkpoint (val_eval_loss=2.6387 val_acc=0.9741)
[ct_train] rechunked train graphs (seed=79)

=== Epoch 79/1000 ===
[train] loss=4.9840 cls=0.2967 cme=2.1855 acc=0.9776 cells=158379
[ct_train] rechunked train graphs (seed=80)

=== Epoch 80/1000 ===
[train] loss=4.9744 cls=0.2971 cme=2.1810 acc=0.9775 cells=158379
[val]   loss=5.0364 eval=2.6379 cls=0.4269 cme=2.2110 acc=0.9742 cells=118036
[ct_train] saved best checkpoint (val_eval_loss=2.6379 val_acc=0.9742)
[ct_train] rechunked train graphs (seed=81)

=== Epoch 81/1000 ===
[train] loss=4.9703 cls=0.2962 cme=2.1794 acc=0.9775 cells=158379
[ct_train] rechunked train graphs (seed=82)

=== Epoch 82/1000 ===
[train] loss=4.9713 cls=0.2955 cme=2.1802 acc=0.9781 cells=158379
[val]   loss=5.0351 eval=2.6371 cls=0.4266 cme=2.2105 acc=0.9743 cells=118036
[ct_train] saved best checkpoint (val_eval_loss=2.6371 val_acc=0.9743)
[ct_train] rechunked train graphs (seed=83)

=== Epoch 83/1000 ===
[train] loss=4.9754 cls=0.2953 cme=2.1821 acc=0.9781 cells=158379
[ct_train] rechunked train graphs (seed=84)

=== Epoch 84/1000 ===
[train] loss=4.9692 cls=0.2946 cme=2.1797 acc=0.9786 cells=158379
[val]   loss=5.0352 eval=2.6373 cls=0.4267 cme=2.2106 acc=0.9744 cells=118036
[ct_train] early_stopping: no improve on val/eval_loss for 1/45 val checks
[ct_train] rechunked train graphs (seed=85)

=== Epoch 85/1000 ===
[train] loss=4.9663 cls=0.2936 cme=2.1788 acc=0.9788 cells=158379
[ct_train] rechunked train graphs (seed=86)

=== Epoch 86/1000 ===
[train] loss=4.9758 cls=0.2943 cme=2.1829 acc=0.9783 cells=158379
[val]   loss=5.0343 eval=2.6367 cls=0.4264 cme=2.2103 acc=0.9746 cells=118036
[ct_train] saved best checkpoint (val_eval_loss=2.6367 val_acc=0.9746)
[ct_train] rechunked train graphs (seed=87)

=== Epoch 87/1000 ===
[train] loss=4.9683 cls=0.2942 cme=2.1794 acc=0.9786 cells=158379
[ct_train] rechunked train graphs (seed=88)

=== Epoch 88/1000 ===
[train] loss=4.9797 cls=0.2940 cme=2.1848 acc=0.9788 cells=158379
[val]   loss=5.0328 eval=2.6356 cls=0.4258 cme=2.2098 acc=0.9748 cells=118036
[ct_train] saved best checkpoint (val_eval_loss=2.6356 val_acc=0.9748)
[ct_train] rechunked train graphs (seed=89)

=== Epoch 89/1000 ===
[train] loss=4.9682 cls=0.2932 cme=2.1798 acc=0.9787 cells=158379
[ct_train] rechunked train graphs (seed=90)

=== Epoch 90/1000 ===
[train] loss=4.9687 cls=0.2924 cme=2.1805 acc=0.9793 cells=158379
[val]   loss=5.0323 eval=2.6354 cls=0.4257 cme=2.2097 acc=0.9747 cells=118036
[ct_train] saved best checkpoint (val_eval_loss=2.6354 val_acc=0.9748)
[ct_train] early_stopping: no improve on val/eval_loss for 1/45 val checks
[ct_train] rechunked train graphs (seed=91)

=== Epoch 91/1000 ===
[train] loss=4.9605 cls=0.2915 cme=2.1771 acc=0.9790 cells=158379
[ct_train] rechunked train graphs (seed=92)

=== Epoch 92/1000 ===
[train] loss=4.9604 cls=0.2914 cme=2.1771 acc=0.9791 cells=158379
[val]   loss=5.0313 eval=2.6349 cls=0.4255 cme=2.2094 acc=0.9749 cells=118036
[ct_train] saved best checkpoint (val_eval_loss=2.6349 val_acc=0.9749)
[ct_train] rechunked train graphs (seed=93)

=== Epoch 93/1000 ===
[train] loss=4.9654 cls=0.2918 cme=2.1792 acc=0.9794 cells=158379
[ct_train] rechunked train graphs (seed=94)

=== Epoch 94/1000 ===
[train] loss=4.9577 cls=0.2909 cme=2.1761 acc=0.9794 cells=158379
[val]   loss=5.0313 eval=2.6348 cls=0.4255 cme=2.2094 acc=0.9749 cells=118036
[ct_train] saved best checkpoint (val_eval_loss=2.6348 val_acc=0.9749)
[ct_train] early_stopping: no improve on val/eval_loss for 1/45 val checks
[ct_train] rechunked train graphs (seed=95)

=== Epoch 95/1000 ===
[train] loss=4.9851 cls=0.2928 cme=2.1878 acc=0.9790 cells=158379
[ct_train] rechunked train graphs (seed=96)

=== Epoch 96/1000 ===
[train] loss=4.9641 cls=0.2912 cme=2.1789 acc=0.9795 cells=158379
[val]   loss=5.0297 eval=2.6339 cls=0.4252 cme=2.2087 acc=0.9748 cells=118036
[ct_train] saved best checkpoint (val_eval_loss=2.6339 val_acc=0.9749)
[ct_train] rechunked train graphs (seed=97)

=== Epoch 97/1000 ===
[train] loss=4.9687 cls=0.2907 cme=2.1812 acc=0.9795 cells=158379
[ct_train] rechunked train graphs (seed=98)

=== Epoch 98/1000 ===
[train] loss=4.9556 cls=0.2915 cme=2.1748 acc=0.9797 cells=158379
[val]   loss=5.0298 eval=2.6338 cls=0.4249 cme=2.2089 acc=0.9749 cells=118036
[ct_train] saved best checkpoint (val_eval_loss=2.6338 val_acc=0.9749)
[ct_train] early_stopping: no improve on val/eval_loss for 1/45 val checks
[ct_train] rechunked train graphs (seed=99)

=== Epoch 99/1000 ===
[train] loss=4.9437 cls=0.2912 cme=2.1695 acc=0.9793 cells=158379
[ct_train] rechunked train graphs (seed=100)

=== Epoch 100/1000 ===
[train] loss=4.9466 cls=0.2898 cme=2.1714 acc=0.9797 cells=158379
[val]   loss=5.0294 eval=2.6335 cls=0.4248 cme=2.2088 acc=0.9749 cells=118036
[ct_train] saved best checkpoint (val_eval_loss=2.6335 val_acc=0.9749)
[ct_train] early_stopping: no improve on val/eval_loss for 2/45 val checks
[ct_train] rechunked train graphs (seed=101)

=== Epoch 101/1000 ===
[train] loss=4.9642 cls=0.2897 cme=2.1797 acc=0.9803 cells=158379
[ct_train] rechunked train graphs (seed=102)

=== Epoch 102/1000 ===
[train] loss=4.9480 cls=0.2881 cme=2.1729 acc=0.9804 cells=158379
[val]   loss=5.0284 eval=2.6331 cls=0.4246 cme=2.2084 acc=0.9751 cells=118036
[ct_train] saved best checkpoint (val_eval_loss=2.6331 val_acc=0.9751)
[ct_train] rechunked train graphs (seed=103)

=== Epoch 103/1000 ===
[train] loss=4.9563 cls=0.2882 cme=2.1766 acc=0.9799 cells=158379
[ct_train] rechunked train graphs (seed=104)

=== Epoch 104/1000 ===
[train] loss=4.9502 cls=0.2885 cme=2.1737 acc=0.9802 cells=158379
[val]   loss=5.0275 eval=2.6324 cls=0.4242 cme=2.2082 acc=0.9752 cells=118036
[ct_train] saved best checkpoint (val_eval_loss=2.6324 val_acc=0.9752)
[ct_train] rechunked train graphs (seed=105)

=== Epoch 105/1000 ===
[train] loss=4.9487 cls=0.2889 cme=2.1728 acc=0.9803 cells=158379
[ct_train] rechunked train graphs (seed=106)

=== Epoch 106/1000 ===
[train] loss=4.9464 cls=0.2878 cme=2.1723 acc=0.9801 cells=158379
[val]   loss=5.0278 eval=2.6329 cls=0.4247 cme=2.2083 acc=0.9754 cells=118036
[ct_train] early_stopping: no improve on val/eval_loss for 1/45 val checks
[ct_train] rechunked train graphs (seed=107)

=== Epoch 107/1000 ===
[train] loss=4.9421 cls=0.2869 cme=2.1707 acc=0.9807 cells=158379
[ct_train] rechunked train graphs (seed=108)

=== Epoch 108/1000 ===
[train] loss=4.9581 cls=0.2880 cme=2.1776 acc=0.9804 cells=158379
[val]   loss=5.0281 eval=2.6330 cls=0.4246 cme=2.2084 acc=0.9754 cells=118036
[ct_train] early_stopping: no improve on val/eval_loss for 2/45 val checks
[ct_train] rechunked train graphs (seed=109)

=== Epoch 109/1000 ===
[train] loss=4.9401 cls=0.2868 cme=2.1698 acc=0.9807 cells=158379
[ct_train] rechunked train graphs (seed=110)

=== Epoch 110/1000 ===
[train] loss=4.9422 cls=0.2865 cme=2.1710 acc=0.9805 cells=158379
[val]   loss=5.0272 eval=2.6322 cls=0.4241 cme=2.2081 acc=0.9754 cells=118036
[ct_train] saved best checkpoint (val_eval_loss=2.6322 val_acc=0.9754)
[ct_train] early_stopping: no improve on val/eval_loss for 3/45 val checks
[ct_train] rechunked train graphs (seed=111)

=== Epoch 111/1000 ===
[train] loss=4.9374 cls=0.2858 cme=2.1691 acc=0.9810 cells=158379
[ct_train] rechunked train graphs (seed=112)

=== Epoch 112/1000 ===
[train] loss=4.9329 cls=0.2855 cme=2.1670 acc=0.9810 cells=158379
[val]   loss=5.0256 eval=2.6313 cls=0.4239 cme=2.2074 acc=0.9754 cells=118036
[ct_train] saved best checkpoint (val_eval_loss=2.6313 val_acc=0.9754)
[ct_train] rechunked train graphs (seed=113)

=== Epoch 113/1000 ===
[train] loss=4.9432 cls=0.2856 cme=2.1719 acc=0.9808 cells=158379
[ct_train] rechunked train graphs (seed=114)

=== Epoch 114/1000 ===
[train] loss=4.9460 cls=0.2853 cme=2.1732 acc=0.9810 cells=158379
[val]   loss=5.0247 eval=2.6310 cls=0.4239 cme=2.2071 acc=0.9754 cells=118036
[ct_train] saved best checkpoint (val_eval_loss=2.6310 val_acc=0.9754)
[ct_train] rechunked train graphs (seed=115)

=== Epoch 115/1000 ===
[train] loss=4.9341 cls=0.2854 cme=2.1678 acc=0.9809 cells=158379
[ct_train] rechunked train graphs (seed=116)

=== Epoch 116/1000 ===
[train] loss=4.9296 cls=0.2847 cme=2.1659 acc=0.9812 cells=158379
[val]   loss=5.0240 eval=2.6304 cls=0.4236 cme=2.2068 acc=0.9754 cells=118036
[ct_train] saved best checkpoint (val_eval_loss=2.6304 val_acc=0.9754)
[ct_train] rechunked train graphs (seed=117)

=== Epoch 117/1000 ===
[train] loss=4.9363 cls=0.2843 cme=2.1693 acc=0.9816 cells=158379
[ct_train] rechunked train graphs (seed=118)

=== Epoch 118/1000 ===
[train] loss=4.9327 cls=0.2838 cme=2.1678 acc=0.9818 cells=158379
[val]   loss=5.0238 eval=2.6302 cls=0.4233 cme=2.2068 acc=0.9756 cells=118036
[ct_train] saved best checkpoint (val_eval_loss=2.6302 val_acc=0.9756)
[ct_train] early_stopping: no improve on val/eval_loss for 1/45 val checks
[ct_train] rechunked train graphs (seed=119)

=== Epoch 119/1000 ===
[train] loss=4.9200 cls=0.2822 cme=2.1627 acc=0.9817 cells=158379
[ct_train] rechunked train graphs (seed=120)

=== Epoch 120/1000 ===
[train] loss=4.9211 cls=0.2829 cme=2.1628 acc=0.9817 cells=158379
[val]   loss=5.0234 eval=2.6297 cls=0.4230 cme=2.2067 acc=0.9757 cells=118036
[ct_train] saved best checkpoint (val_eval_loss=2.6297 val_acc=0.9757)
[ct_train] rechunked train graphs (seed=121)

=== Epoch 121/1000 ===
[train] loss=4.9360 cls=0.2843 cme=2.1691 acc=0.9812 cells=158379
[ct_train] rechunked train graphs (seed=122)

=== Epoch 122/1000 ===
[train] loss=4.9165 cls=0.2826 cme=2.1609 acc=0.9822 cells=158379
[val]   loss=5.0228 eval=2.6292 cls=0.4227 cme=2.2065 acc=0.9758 cells=118036
[ct_train] saved best checkpoint (val_eval_loss=2.6292 val_acc=0.9758)
[ct_train] rechunked train graphs (seed=123)

=== Epoch 123/1000 ===
[train] loss=4.9296 cls=0.2828 cme=2.1668 acc=0.9822 cells=158379
[ct_train] rechunked train graphs (seed=124)

=== Epoch 124/1000 ===
[train] loss=4.9323 cls=0.2821 cme=2.1685 acc=0.9822 cells=158379
[val]   loss=5.0234 eval=2.6296 cls=0.4229 cme=2.2067 acc=0.9756 cells=118036
[ct_train] early_stopping: no improve on val/eval_loss for 1/45 val checks
[ct_train] rechunked train graphs (seed=125)

=== Epoch 125/1000 ===
[train] loss=4.9286 cls=0.2828 cme=2.1664 acc=0.9820 cells=158379
[ct_train] rechunked train graphs (seed=126)

=== Epoch 126/1000 ===
[train] loss=4.9269 cls=0.2824 cme=2.1657 acc=0.9820 cells=158379
[val]   loss=5.0229 eval=2.6293 cls=0.4227 cme=2.2066 acc=0.9757 cells=118036
[ct_train] early_stopping: no improve on val/eval_loss for 2/45 val checks
[ct_train] rechunked train graphs (seed=127)

=== Epoch 127/1000 ===
[train] loss=4.9438 cls=0.2825 cme=2.1736 acc=0.9820 cells=158379
[ct_train] rechunked train graphs (seed=128)

=== Epoch 128/1000 ===
[train] loss=4.9245 cls=0.2813 cme=2.1651 acc=0.9826 cells=158379
[val]   loss=5.0212 eval=2.6285 cls=0.4227 cme=2.2058 acc=0.9756 cells=118036
[ct_train] saved best checkpoint (val_eval_loss=2.6285 val_acc=0.9758)
[ct_train] rechunked train graphs (seed=129)

=== Epoch 129/1000 ===
[train] loss=4.9236 cls=0.2812 cme=2.1649 acc=0.9822 cells=158379
[ct_train] rechunked train graphs (seed=130)

=== Epoch 130/1000 ===
[train] loss=4.9271 cls=0.2817 cme=2.1661 acc=0.9820 cells=158379
[val]   loss=5.0209 eval=2.6284 cls=0.4228 cme=2.2056 acc=0.9756 cells=118036
[ct_train] saved best checkpoint (val_eval_loss=2.6284 val_acc=0.9758)
[ct_train] early_stopping: no improve on val/eval_loss for 1/45 val checks
[ct_train] rechunked train graphs (seed=131)

=== Epoch 131/1000 ===
[train] loss=4.9244 cls=0.2814 cme=2.1651 acc=0.9821 cells=158379
[ct_train] rechunked train graphs (seed=132)

=== Epoch 132/1000 ===
[train] loss=4.9235 cls=0.2805 cme=2.1651 acc=0.9825 cells=158379
[val]   loss=5.0193 eval=2.6274 cls=0.4225 cme=2.2050 acc=0.9757 cells=118036
[ct_train] saved best checkpoint (val_eval_loss=2.6274 val_acc=0.9758)
[ct_train] rechunked train graphs (seed=133)

=== Epoch 133/1000 ===
[train] loss=4.9192 cls=0.2795 cme=2.1636 acc=0.9830 cells=158379
[ct_train] rechunked train graphs (seed=134)

=== Epoch 134/1000 ===
[train] loss=4.9231 cls=0.2810 cme=2.1646 acc=0.9826 cells=158379
[val]   loss=5.0201 eval=2.6276 cls=0.4224 cme=2.2053 acc=0.9757 cells=118036
[ct_train] early_stopping: no improve on val/eval_loss for 1/45 val checks
[ct_train] rechunked train graphs (seed=135)

=== Epoch 135/1000 ===
[train] loss=4.9142 cls=0.2793 cme=2.1614 acc=0.9831 cells=158379
[ct_train] rechunked train graphs (seed=136)

=== Epoch 136/1000 ===
[train] loss=4.9044 cls=0.2784 cme=2.1571 acc=0.9833 cells=158379
[val]   loss=5.0202 eval=2.6278 cls=0.4225 cme=2.2054 acc=0.9758 cells=118036
[ct_train] early_stopping: no improve on val/eval_loss for 2/45 val checks
[ct_train] rechunked train graphs (seed=137)

=== Epoch 137/1000 ===
[train] loss=4.9236 cls=0.2794 cme=2.1657 acc=0.9830 cells=158379
[ct_train] rechunked train graphs (seed=138)

=== Epoch 138/1000 ===
[train] loss=4.9028 cls=0.2791 cme=2.1561 acc=0.9831 cells=158379
[val]   loss=5.0192 eval=2.6272 cls=0.4223 cme=2.2049 acc=0.9758 cells=118036
[ct_train] saved best checkpoint (val_eval_loss=2.6272 val_acc=0.9758)
[ct_train] early_stopping: no improve on val/eval_loss for 3/45 val checks
[ct_train] rechunked train graphs (seed=139)

=== Epoch 139/1000 ===
[train] loss=4.9194 cls=0.2791 cme=2.1639 acc=0.9830 cells=158379
[ct_train] rechunked train graphs (seed=140)

=== Epoch 140/1000 ===
[train] loss=4.9182 cls=0.2787 cme=2.1634 acc=0.9833 cells=158379
[val]   loss=5.0187 eval=2.6271 cls=0.4224 cme=2.2047 acc=0.9758 cells=118036
[ct_train] saved best checkpoint (val_eval_loss=2.6271 val_acc=0.9758)
[ct_train] early_stopping: no improve on val/eval_loss for 4/45 val checks
[ct_train] rechunked train graphs (seed=141)

=== Epoch 141/1000 ===
[train] loss=4.9110 cls=0.2785 cme=2.1604 acc=0.9832 cells=158379
[ct_train] rechunked train graphs (seed=142)

=== Epoch 142/1000 ===
[train] loss=4.9088 cls=0.2777 cme=2.1596 acc=0.9838 cells=158379
[val]   loss=5.0187 eval=2.6267 cls=0.4220 cme=2.2048 acc=0.9758 cells=118036
[ct_train] saved best checkpoint (val_eval_loss=2.6267 val_acc=0.9758)
[ct_train] rechunked train graphs (seed=143)

=== Epoch 143/1000 ===
[train] loss=4.9066 cls=0.2773 cme=2.1587 acc=0.9836 cells=158379
[ct_train] rechunked train graphs (seed=144)

=== Epoch 144/1000 ===
[train] loss=4.9047 cls=0.2776 cme=2.1578 acc=0.9834 cells=158379
[val]   loss=5.0185 eval=2.6266 cls=0.4219 cme=2.2047 acc=0.9759 cells=118036
[ct_train] saved best checkpoint (val_eval_loss=2.6266 val_acc=0.9759)
[ct_train] early_stopping: no improve on val/eval_loss for 1/45 val checks
[ct_train] rechunked train graphs (seed=145)

=== Epoch 145/1000 ===
[train] loss=4.9154 cls=0.2780 cme=2.1624 acc=0.9835 cells=158379
[ct_train] rechunked train graphs (seed=146)

=== Epoch 146/1000 ===
[train] loss=4.9090 cls=0.2772 cme=2.1600 acc=0.9839 cells=158379
[val]   loss=5.0201 eval=2.6274 cls=0.4220 cme=2.2054 acc=0.9759 cells=118036
[ct_train] early_stopping: no improve on val/eval_loss for 2/45 val checks
[ct_train] rechunked train graphs (seed=147)

=== Epoch 147/1000 ===
[train] loss=4.9113 cls=0.2766 cme=2.1612 acc=0.9836 cells=158379
[ct_train] rechunked train graphs (seed=148)

=== Epoch 148/1000 ===
[train] loss=4.9149 cls=0.2764 cme=2.1630 acc=0.9839 cells=158379
[val]   loss=5.0190 eval=2.6268 cls=0.4220 cme=2.2048 acc=0.9758 cells=118036
[ct_train] early_stopping: no improve on val/eval_loss for 3/45 val checks
[ct_train] rechunked train graphs (seed=149)

=== Epoch 149/1000 ===
[train] loss=4.9060 cls=0.2766 cme=2.1588 acc=0.9838 cells=158379
[ct_train] rechunked train graphs (seed=150)

=== Epoch 150/1000 ===
[train] loss=4.8971 cls=0.2752 cme=2.1554 acc=0.9844 cells=158379
[val]   loss=5.0185 eval=2.6264 cls=0.4219 cme=2.2046 acc=0.9757 cells=118036
[ct_train] saved best checkpoint (val_eval_loss=2.6264 val_acc=0.9759)
[ct_train] early_stopping: no improve on val/eval_loss for 4/45 val checks
[ct_train] rechunked train graphs (seed=151)

=== Epoch 151/1000 ===
[train] loss=4.9099 cls=0.2757 cme=2.1609 acc=0.9842 cells=158379
[ct_train] rechunked train graphs (seed=152)

=== Epoch 152/1000 ===
[train] loss=4.9147 cls=0.2759 cme=2.1631 acc=0.9841 cells=158379
[val]   loss=5.0187 eval=2.6265 cls=0.4218 cme=2.2047 acc=0.9758 cells=118036
[ct_train] early_stopping: no improve on val/eval_loss for 5/45 val checks
[ct_train] rechunked train graphs (seed=153)

=== Epoch 153/1000 ===
[train] loss=4.9093 cls=0.2786 cme=2.1593 acc=0.9831 cells=158379
[ct_train] rechunked train graphs (seed=154)

=== Epoch 154/1000 ===
[train] loss=4.9006 cls=0.2762 cme=2.1564 acc=0.9837 cells=158379
[val]   loss=5.0177 eval=2.6257 cls=0.4213 cme=2.2044 acc=0.9759 cells=118036
[ct_train] saved best checkpoint (val_eval_loss=2.6257 val_acc=0.9759)
[ct_train] rechunked train graphs (seed=155)

=== Epoch 155/1000 ===
[train] loss=4.9091 cls=0.2755 cme=2.1607 acc=0.9845 cells=158379
[ct_train] rechunked train graphs (seed=156)

=== Epoch 156/1000 ===
[train] loss=4.8971 cls=0.2741 cme=2.1557 acc=0.9850 cells=158379
[val]   loss=5.0184 eval=2.6263 cls=0.4218 cme=2.2045 acc=0.9757 cells=118036
[ct_train] early_stopping: no improve on val/eval_loss for 1/45 val checks
[ct_train] rechunked train graphs (seed=157)

=== Epoch 157/1000 ===
[train] loss=4.9002 cls=0.2746 cme=2.1571 acc=0.9845 cells=158379
[ct_train] rechunked train graphs (seed=158)

=== Epoch 158/1000 ===
[train] loss=4.9022 cls=0.2745 cme=2.1580 acc=0.9846 cells=158379
[val]   loss=5.0188 eval=2.6265 cls=0.4219 cme=2.2046 acc=0.9757 cells=118036
[ct_train] early_stopping: no improve on val/eval_loss for 2/45 val checks
[ct_train] rechunked train graphs (seed=159)

=== Epoch 159/1000 ===
[train] loss=4.8906 cls=0.2736 cme=2.1530 acc=0.9845 cells=158379
[ct_train] rechunked train graphs (seed=160)

=== Epoch 160/1000 ===
[train] loss=4.9048 cls=0.2737 cme=2.1596 acc=0.9850 cells=158379
[val]   loss=5.0182 eval=2.6261 cls=0.4218 cme=2.2043 acc=0.9758 cells=118036
[ct_train] early_stopping: no improve on val/eval_loss for 3/45 val checks
[ct_train] rechunked train graphs (seed=161)

=== Epoch 161/1000 ===
[train] loss=4.8960 cls=0.2733 cme=2.1557 acc=0.9850 cells=158379
[ct_train] rechunked train graphs (seed=162)

=== Epoch 162/1000 ===
[train] loss=4.9050 cls=0.2736 cme=2.1598 acc=0.9850 cells=158379
[val]   loss=5.0174 eval=2.6258 cls=0.4218 cme=2.2040 acc=0.9758 cells=118036
[ct_train] early_stopping: no improve on val/eval_loss for 4/45 val checks
[ct_train] rechunked train graphs (seed=163)

=== Epoch 163/1000 ===
[train] loss=4.8864 cls=0.2727 cme=2.1515 acc=0.9852 cells=158379
[ct_train] rechunked train graphs (seed=164)

=== Epoch 164/1000 ===
[train] loss=4.8935 cls=0.2733 cme=2.1546 acc=0.9852 cells=158379
[val]   loss=5.0179 eval=2.6261 cls=0.4218 cme=2.2043 acc=0.9758 cells=118036
[ct_train] early_stopping: no improve on val/eval_loss for 5/45 val checks
[ct_train] rechunked train graphs (seed=165)

=== Epoch 165/1000 ===
[train] loss=4.8932 cls=0.2734 cme=2.1543 acc=0.9850 cells=158379
[ct_train] rechunked train graphs (seed=166)

=== Epoch 166/1000 ===
[train] loss=4.8934 cls=0.2721 cme=2.1550 acc=0.9854 cells=158379
[val]   loss=5.0166 eval=2.6255 cls=0.4219 cme=2.2036 acc=0.9758 cells=118036
[ct_train] saved best checkpoint (val_eval_loss=2.6255 val_acc=0.9759)
[ct_train] early_stopping: no improve on val/eval_loss for 6/45 val checks
[ct_train] rechunked train graphs (seed=167)

=== Epoch 167/1000 ===
[train] loss=4.8970 cls=0.2720 cme=2.1567 acc=0.9859 cells=158379
[ct_train] rechunked train graphs (seed=168)

=== Epoch 168/1000 ===
[train] loss=4.8869 cls=0.2713 cme=2.1524 acc=0.9854 cells=158379
[val]   loss=5.0169 eval=2.6255 cls=0.4216 cme=2.2038 acc=0.9759 cells=118036
[ct_train] saved best checkpoint (val_eval_loss=2.6255 val_acc=0.9759)
[ct_train] early_stopping: no improve on val/eval_loss for 7/45 val checks
[ct_train] rechunked train graphs (seed=169)

=== Epoch 169/1000 ===
[train] loss=4.8814 cls=0.2711 cme=2.1500 acc=0.9857 cells=158379
[ct_train] rechunked train graphs (seed=170)

=== Epoch 170/1000 ===
[train] loss=4.8931 cls=0.2725 cme=2.1547 acc=0.9851 cells=158379
[val]   loss=5.0173 eval=2.6257 cls=0.4218 cme=2.2039 acc=0.9759 cells=118036
[ct_train] early_stopping: no improve on val/eval_loss for 8/45 val checks
[ct_train] rechunked train graphs (seed=171)

=== Epoch 171/1000 ===
[train] loss=4.8808 cls=0.2709 cme=2.1498 acc=0.9857 cells=158379
[ct_train] rechunked train graphs (seed=172)

=== Epoch 172/1000 ===
[train] loss=4.8865 cls=0.2725 cme=2.1517 acc=0.9854 cells=158379
[val]   loss=5.0178 eval=2.6258 cls=0.4217 cme=2.2041 acc=0.9759 cells=118036
[ct_train] early_stopping: no improve on val/eval_loss for 9/45 val checks
[ct_train] rechunked train graphs (seed=173)

=== Epoch 173/1000 ===
[train] loss=4.8965 cls=0.2710 cme=2.1569 acc=0.9859 cells=158379
[ct_train] rechunked train graphs (seed=174)

=== Epoch 174/1000 ===
[train] loss=4.8862 cls=0.2705 cme=2.1525 acc=0.9859 cells=158379
[val]   loss=5.0181 eval=2.6261 cls=0.4219 cme=2.2042 acc=0.9759 cells=118036
[ct_train] early_stopping: no improve on val/eval_loss for 10/45 val checks
[ct_train] rechunked train graphs (seed=175)

=== Epoch 175/1000 ===
[train] loss=4.8843 cls=0.2703 cme=2.1517 acc=0.9860 cells=158379
[ct_train] rechunked train graphs (seed=176)

=== Epoch 176/1000 ===
[train] loss=4.8912 cls=0.2708 cme=2.1546 acc=0.9860 cells=158379
[val]   loss=5.0189 eval=2.6264 cls=0.4219 cme=2.2045 acc=0.9759 cells=118036
[ct_train] early_stopping: no improve on val/eval_loss for 11/45 val checks
[ct_train] rechunked train graphs (seed=177)

=== Epoch 177/1000 ===
[train] loss=4.8763 cls=0.2701 cme=2.1481 acc=0.9863 cells=158379
[ct_train] rechunked train graphs (seed=178)

=== Epoch 178/1000 ===
[train] loss=4.8791 cls=0.2699 cme=2.1495 acc=0.9863 cells=158379
[val]   loss=5.0184 eval=2.6262 cls=0.4219 cme=2.2042 acc=0.9760 cells=118036
[ct_train] early_stopping: no improve on val/eval_loss for 12/45 val checks
[ct_train] rechunked train graphs (seed=179)

=== Epoch 179/1000 ===
[train] loss=4.8901 cls=0.2701 cme=2.1545 acc=0.9861 cells=158379
[ct_train] rechunked train graphs (seed=180)

=== Epoch 180/1000 ===
[train] loss=4.8789 cls=0.2687 cme=2.1499 acc=0.9867 cells=158379
[val]   loss=5.0185 eval=2.6263 cls=0.4221 cme=2.2042 acc=0.9759 cells=118036
[ct_train] early_stopping: no improve on val/eval_loss for 13/45 val checks
[ct_train] rechunked train graphs (seed=181)

=== Epoch 181/1000 ===
[train] loss=4.8645 cls=0.2691 cme=2.1431 acc=0.9863 cells=158379
[ct_train] rechunked train graphs (seed=182)

=== Epoch 182/1000 ===
[train] loss=4.8722 cls=0.2704 cme=2.1461 acc=0.9861 cells=158379
[val]   loss=5.0194 eval=2.6266 cls=0.4220 cme=2.2046 acc=0.9758 cells=118036
[ct_train] early_stopping: no improve on val/eval_loss for 14/45 val checks
[ct_train] rechunked train graphs (seed=183)

=== Epoch 183/1000 ===
[train] loss=4.8761 cls=0.2697 cme=2.1482 acc=0.9860 cells=158379
[ct_train] rechunked train graphs (seed=184)

=== Epoch 184/1000 ===
[train] loss=4.8685 cls=0.2687 cme=2.1451 acc=0.9867 cells=158379
[val]   loss=5.0203 eval=2.6269 cls=0.4218 cme=2.2051 acc=0.9760 cells=118036
[ct_train] early_stopping: no improve on val/eval_loss for 15/45 val checks
[ct_train] rechunked train graphs (seed=185)

=== Epoch 185/1000 ===
[train] loss=4.8710 cls=0.2684 cme=2.1464 acc=0.9869 cells=158379
[ct_train] rechunked train graphs (seed=186)

=== Epoch 186/1000 ===
[train] loss=4.8811 cls=0.2686 cme=2.1510 acc=0.9870 cells=158379
[val]   loss=5.0217 eval=2.6280 cls=0.4223 cme=2.2056 acc=0.9761 cells=118036
[ct_train] early_stopping: no improve on val/eval_loss for 16/45 val checks
[ct_train] rechunked train graphs (seed=187)

=== Epoch 187/1000 ===
[train] loss=4.8731 cls=0.2683 cme=2.1474 acc=0.9870 cells=158379
[ct_train] rechunked train graphs (seed=188)

=== Epoch 188/1000 ===
[train] loss=4.8714 cls=0.2690 cme=2.1463 acc=0.9865 cells=158379
[val]   loss=5.0215 eval=2.6278 cls=0.4225 cme=2.2054 acc=0.9761 cells=118036
[ct_train] early_stopping: no improve on val/eval_loss for 17/45 val checks
[ct_train] rechunked train graphs (seed=189)

=== Epoch 189/1000 ===
[train] loss=4.8710 cls=0.2682 cme=2.1465 acc=0.9866 cells=158379
[ct_train] rechunked train graphs (seed=190)

=== Epoch 190/1000 ===
[train] loss=4.8755 cls=0.2677 cme=2.1489 acc=0.9870 cells=158379
[val]   loss=5.0213 eval=2.6275 cls=0.4220 cme=2.2055 acc=0.9761 cells=118036
[ct_train] early_stopping: no improve on val/eval_loss for 18/45 val checks
[ct_train] rechunked train graphs (seed=191)

=== Epoch 191/1000 ===
[train] loss=4.8786 cls=0.2671 cme=2.1505 acc=0.9871 cells=158379
[ct_train] rechunked train graphs (seed=192)

=== Epoch 192/1000 ===
[train] loss=4.8775 cls=0.2675 cme=2.1499 acc=0.9869 cells=158379
[val]   loss=5.0226 eval=2.6280 cls=0.4220 cme=2.2060 acc=0.9762 cells=118036
[ct_train] early_stopping: no improve on val/eval_loss for 19/45 val checks
[ct_train] rechunked train graphs (seed=193)

=== Epoch 193/1000 ===
[train] loss=4.8768 cls=0.2674 cme=2.1495 acc=0.9871 cells=158379
[ct_train] rechunked train graphs (seed=194)

=== Epoch 194/1000 ===
[train] loss=4.8741 cls=0.2661 cme=2.1489 acc=0.9877 cells=158379
[val]   loss=5.0230 eval=2.6282 cls=0.4219 cme=2.2062 acc=0.9761 cells=118036
[ct_train] early_stopping: no improve on val/eval_loss for 20/45 val checks
[ct_train] rechunked train graphs (seed=195)

=== Epoch 195/1000 ===
[train] loss=4.8688 cls=0.2665 cme=2.1463 acc=0.9876 cells=158379
[ct_train] rechunked train graphs (seed=196)

=== Epoch 196/1000 ===
[train] loss=4.8631 cls=0.2658 cme=2.1440 acc=0.9874 cells=158379
[val]   loss=5.0230 eval=2.6283 cls=0.4223 cme=2.2060 acc=0.9760 cells=118036
[ct_train] early_stopping: no improve on val/eval_loss for 21/45 val checks
[ct_train] rechunked train graphs (seed=197)

=== Epoch 197/1000 ===
[train] loss=4.8580 cls=0.2658 cme=2.1417 acc=0.9876 cells=158379
[ct_train] rechunked train graphs (seed=198)

=== Epoch 198/1000 ===
[train] loss=4.8623 cls=0.2665 cme=2.1432 acc=0.9874 cells=158379
[val]   loss=5.0236 eval=2.6288 cls=0.4225 cme=2.2063 acc=0.9759 cells=118036
[ct_train] early_stopping: no improve on val/eval_loss for 22/45 val checks
[ct_train] rechunked train graphs (seed=199)

=== Epoch 199/1000 ===
[train] loss=4.8646 cls=0.2662 cme=2.1444 acc=0.9876 cells=158379
[ct_train] rechunked train graphs (seed=200)

=== Epoch 200/1000 ===
[train] loss=4.8679 cls=0.2670 cme=2.1457 acc=0.9872 cells=158379
[val]   loss=5.0249 eval=2.6294 cls=0.4226 cme=2.2068 acc=0.9760 cells=118036
[ct_train] early_stopping: no improve on val/eval_loss for 23/45 val checks
[ct_train] rechunked train graphs (seed=201)

=== Epoch 201/1000 ===
[train] loss=4.8567 cls=0.2659 cme=2.1410 acc=0.9875 cells=158379
[ct_train] rechunked train graphs (seed=202)

=== Epoch 202/1000 ===
[train] loss=4.8540 cls=0.2647 cme=2.1403 acc=0.9882 cells=158379
[val]   loss=5.0249 eval=2.6293 cls=0.4224 cme=2.2069 acc=0.9761 cells=118036
[ct_train] early_stopping: no improve on val/eval_loss for 24/45 val checks
[ct_train] rechunked train graphs (seed=203)

=== Epoch 203/1000 ===
[train] loss=4.8639 cls=0.2648 cme=2.1447 acc=0.9880 cells=158379
[ct_train] rechunked train graphs (seed=204)

=== Epoch 204/1000 ===
[train] loss=4.8552 cls=0.2650 cme=2.1407 acc=0.9877 cells=158379
[val]   loss=5.0258 eval=2.6301 cls=0.4230 cme=2.2071 acc=0.9761 cells=118036
[ct_train] early_stopping: no improve on val/eval_loss for 25/45 val checks
[ct_train] rechunked train graphs (seed=205)

=== Epoch 205/1000 ===
[train] loss=4.8553 cls=0.2651 cme=2.1407 acc=0.9880 cells=158379
[ct_train] rechunked train graphs (seed=206)

=== Epoch 206/1000 ===
[train] loss=4.8730 cls=0.2655 cme=2.1487 acc=0.9882 cells=158379
[val]   loss=5.0268 eval=2.6306 cls=0.4232 cme=2.2075 acc=0.9760 cells=118036
[ct_train] early_stopping: no improve on val/eval_loss for 26/45 val checks
[ct_train] rechunked train graphs (seed=207)

=== Epoch 207/1000 ===
[train] loss=4.8596 cls=0.2645 cme=2.1429 acc=0.9883 cells=158379
[ct_train] rechunked train graphs (seed=208)

=== Epoch 208/1000 ===
[train] loss=4.8597 cls=0.2640 cme=2.1433 acc=0.9885 cells=158379
[val]   loss=5.0265 eval=2.6305 cls=0.4231 cme=2.2073 acc=0.9760 cells=118036
[ct_train] early_stopping: no improve on val/eval_loss for 27/45 val checks
[ct_train] rechunked train graphs (seed=209)

=== Epoch 209/1000 ===
[train] loss=4.8618 cls=0.2653 cme=2.1436 acc=0.9877 cells=158379
[ct_train] rechunked train graphs (seed=210)

=== Epoch 210/1000 ===
[train] loss=4.8639 cls=0.2645 cme=2.1450 acc=0.9882 cells=158379
[val]   loss=5.0258 eval=2.6302 cls=0.4233 cme=2.2069 acc=0.9759 cells=118036
[ct_train] early_stopping: no improve on val/eval_loss for 28/45 val checks
[ct_train] rechunked train graphs (seed=211)

=== Epoch 211/1000 ===
[train] loss=4.8562 cls=0.2640 cme=2.1416 acc=0.9884 cells=158379
[ct_train] rechunked train graphs (seed=212)

=== Epoch 212/1000 ===
[train] loss=4.8564 cls=0.2640 cme=2.1417 acc=0.9885 cells=158379
[val]   loss=5.0259 eval=2.6304 cls=0.4236 cme=2.2069 acc=0.9761 cells=118036
[ct_train] early_stopping: no improve on val/eval_loss for 29/45 val checks
[ct_train] rechunked train graphs (seed=213)

=== Epoch 213/1000 ===
[train] loss=4.8442 cls=0.2631 cme=2.1365 acc=0.9886 cells=158379
[ct_train] rechunked train graphs (seed=214)

=== Epoch 214/1000 ===
[train] loss=4.8601 cls=0.2630 cme=2.1439 acc=0.9889 cells=158379
[val]   loss=5.0267 eval=2.6308 cls=0.4237 cme=2.2071 acc=0.9760 cells=118036
[ct_train] early_stopping: no improve on val/eval_loss for 30/45 val checks
[ct_train] rechunked train graphs (seed=215)

=== Epoch 215/1000 ===
[train] loss=4.8525 cls=0.2630 cme=2.1404 acc=0.9885 cells=158379
[ct_train] rechunked train graphs (seed=216)

=== Epoch 216/1000 ===
[train] loss=4.8476 cls=0.2632 cme=2.1380 acc=0.9888 cells=158379
[val]   loss=5.0279 eval=2.6314 cls=0.4238 cme=2.2076 acc=0.9761 cells=118036
[ct_train] early_stopping: no improve on val/eval_loss for 31/45 val checks
[ct_train] rechunked train graphs (seed=217)

=== Epoch 217/1000 ===
[train] loss=4.8536 cls=0.2629 cme=2.1409 acc=0.9888 cells=158379
[ct_train] rechunked train graphs (seed=218)

=== Epoch 218/1000 ===
[train] loss=4.8529 cls=0.2625 cme=2.1409 acc=0.9889 cells=158379
[val]   loss=5.0287 eval=2.6320 cls=0.4242 cme=2.2078 acc=0.9761 cells=118036
[ct_train] early_stopping: no improve on val/eval_loss for 32/45 val checks
[ct_train] rechunked train graphs (seed=219)

=== Epoch 219/1000 ===
[train] loss=4.8480 cls=0.2619 cme=2.1387 acc=0.9895 cells=158379
[ct_train] rechunked train graphs (seed=220)

=== Epoch 220/1000 ===
[train] loss=4.8661 cls=0.2636 cme=2.1464 acc=0.9882 cells=158379
[val]   loss=5.0298 eval=2.6326 cls=0.4244 cme=2.2082 acc=0.9759 cells=118036
[ct_train] early_stopping: no improve on val/eval_loss for 33/45 val checks
[ct_train] rechunked train graphs (seed=221)

=== Epoch 221/1000 ===
[train] loss=4.8435 cls=0.2618 cme=2.1368 acc=0.9891 cells=158379
[ct_train] rechunked train graphs (seed=222)

=== Epoch 222/1000 ===
[train] loss=4.8363 cls=0.2623 cme=2.1332 acc=0.9891 cells=158379
[val]   loss=5.0299 eval=2.6325 cls=0.4241 cme=2.2084 acc=0.9760 cells=118036
[ct_train] early_stopping: no improve on val/eval_loss for 34/45 val checks
[ct_train] rechunked train graphs (seed=223)

=== Epoch 223/1000 ===
[train] loss=4.8443 cls=0.2613 cme=2.1374 acc=0.9896 cells=158379
[ct_train] rechunked train graphs (seed=224)

=== Epoch 224/1000 ===
[train] loss=4.8536 cls=0.2616 cme=2.1415 acc=0.9892 cells=158379
[val]   loss=5.0304 eval=2.6325 cls=0.4240 cme=2.2086 acc=0.9761 cells=118036
[ct_train] early_stopping: no improve on val/eval_loss for 35/45 val checks
[ct_train] rechunked train graphs (seed=225)

=== Epoch 225/1000 ===
[train] loss=4.8417 cls=0.2612 cme=2.1362 acc=0.9892 cells=158379
[ct_train] rechunked train graphs (seed=226)

=== Epoch 226/1000 ===
[train] loss=4.8519 cls=0.2611 cme=2.1409 acc=0.9895 cells=158379
[val]   loss=5.0319 eval=2.6335 cls=0.4244 cme=2.2091 acc=0.9760 cells=118036
[ct_train] early_stopping: no improve on val/eval_loss for 36/45 val checks
[ct_train] rechunked train graphs (seed=227)

=== Epoch 227/1000 ===
[train] loss=4.8360 cls=0.2610 cme=2.1337 acc=0.9896 cells=158379
[ct_train] rechunked train graphs (seed=228)

=== Epoch 228/1000 ===
[train] loss=4.8496 cls=0.2607 cme=2.1400 acc=0.9894 cells=158379
[val]   loss=5.0326 eval=2.6345 cls=0.4254 cme=2.2091 acc=0.9759 cells=118036
[ct_train] early_stopping: no improve on val/eval_loss for 37/45 val checks
[ct_train] rechunked train graphs (seed=229)

=== Epoch 229/1000 ===
[train] loss=4.8486 cls=0.2610 cme=2.1395 acc=0.9895 cells=158379
[ct_train] rechunked train graphs (seed=230)

=== Epoch 230/1000 ===
[train] loss=4.8383 cls=0.2609 cme=2.1348 acc=0.9894 cells=158379
[val]   loss=5.0323 eval=2.6340 cls=0.4251 cme=2.2089 acc=0.9759 cells=118036
[ct_train] early_stopping: no improve on val/eval_loss for 38/45 val checks
[ct_train] rechunked train graphs (seed=231)

=== Epoch 231/1000 ===
[train] loss=4.8410 cls=0.2616 cme=2.1357 acc=0.9893 cells=158379
[ct_train] rechunked train graphs (seed=232)

=== Epoch 232/1000 ===
[train] loss=4.8504 cls=0.2607 cme=2.1404 acc=0.9896 cells=158379
[val]   loss=5.0326 eval=2.6342 cls=0.4251 cme=2.2092 acc=0.9758 cells=118036
[ct_train] early_stopping: no improve on val/eval_loss for 39/45 val checks
[ct_train] rechunked train graphs (seed=233)

=== Epoch 233/1000 ===
[train] loss=4.8482 cls=0.2610 cme=2.1393 acc=0.9896 cells=158379
[ct_train] rechunked train graphs (seed=234)

=== Epoch 234/1000 ===
[train] loss=4.8462 cls=0.2601 cme=2.1388 acc=0.9899 cells=158379
[val]   loss=5.0332 eval=2.6341 cls=0.4247 cme=2.2095 acc=0.9759 cells=118036
[ct_train] early_stopping: no improve on val/eval_loss for 40/45 val checks
[ct_train] rechunked train graphs (seed=235)

=== Epoch 235/1000 ===
[train] loss=4.8462 cls=0.2600 cme=2.1389 acc=0.9898 cells=158379
[ct_train] rechunked train graphs (seed=236)

=== Epoch 236/1000 ===
[train] loss=4.8355 cls=0.2594 cme=2.1342 acc=0.9903 cells=158379
[val]   loss=5.0338 eval=2.6347 cls=0.4251 cme=2.2096 acc=0.9759 cells=118036
[ct_train] early_stopping: no improve on val/eval_loss for 41/45 val checks
[ct_train] rechunked train graphs (seed=237)

=== Epoch 237/1000 ===
[train] loss=4.8459 cls=0.2598 cme=2.1388 acc=0.9904 cells=158379
[ct_train] rechunked train graphs (seed=238)

=== Epoch 238/1000 ===
[train] loss=4.8292 cls=0.2592 cme=2.1314 acc=0.9902 cells=158379
[val]   loss=5.0347 eval=2.6353 cls=0.4254 cme=2.2099 acc=0.9759 cells=118036
[ct_train] early_stopping: no improve on val/eval_loss for 42/45 val checks
[ct_train] rechunked train graphs (seed=239)

=== Epoch 239/1000 ===
[train] loss=4.8305 cls=0.2588 cme=2.1321 acc=0.9903 cells=158379
[ct_train] rechunked train graphs (seed=240)

=== Epoch 240/1000 ===
[train] loss=4.8289 cls=0.2594 cme=2.1311 acc=0.9901 cells=158379
[val]   loss=5.0364 eval=2.6364 cls=0.4259 cme=2.2105 acc=0.9758 cells=118036
[ct_train] early_stopping: no improve on val/eval_loss for 43/45 val checks
[ct_train] rechunked train graphs (seed=241)

=== Epoch 241/1000 ===
[train] loss=4.8427 cls=0.2601 cme=2.1372 acc=0.9900 cells=158379
[ct_train] rechunked train graphs (seed=242)

=== Epoch 242/1000 ===
[train] loss=4.8392 cls=0.2592 cme=2.1360 acc=0.9900 cells=158379
[val]   loss=5.0355 eval=2.6360 cls=0.4260 cme=2.2100 acc=0.9757 cells=118036
[ct_train] early_stopping: no improve on val/eval_loss for 44/45 val checks
[ct_train] rechunked train graphs (seed=243)

=== Epoch 243/1000 ===
[train] loss=4.8295 cls=0.2587 cme=2.1317 acc=0.9904 cells=158379
[ct_train] rechunked train graphs (seed=244)

=== Epoch 244/1000 ===
[train] loss=4.8338 cls=0.2584 cme=2.1339 acc=0.9904 cells=158379
[val]   loss=5.0376 eval=2.6369 cls=0.4260 cme=2.2109 acc=0.9756 cells=118036
[ct_train] early_stopping: no improve on val/eval_loss for 45/45 val checks
[ct_train] early stopping at epoch 244 (patience=45, monitor=val/eval_loss)

[ct_train] done. best_val_acc=0.9762  best_val_eval_loss=2.6255  checkpoints=/home/abel/code/Tissue-Reassembly-using-GenAI-and-new-metrics/exploration/cell_types/outputs/exp123_ls003  logs=/home/abel/code/Tissue-Reassembly-using-GenAI-and-new-metrics/exploration/cell_types/logs/exp123_ls003/20260808_052008
wandb: updating run metadata
wandb: uploading output.log; uploading wandb-summary.json; uploading config.yaml
wandb: uploading output.log
wandb: 
wandb: Run summary:
wandb:                      best_epoch 168
wandb:                    best_val_acc 0.97621
wandb:              best_val_eval_loss 2.62548
wandb:                           epoch 244
wandb:                              lr 0.00018
wandb:           model/parameter_count 1305308
wandb: model/trainable_parameter_count 1305308
wandb:                       train/acc 0.99044
wandb:       train/acc_per_class/Astro 0.99436
wandb:        train/acc_per_class/Endo 0.98849
wandb:                             +54 ...
wandb: 
wandb:  View run exp123_ls003 at: https://wandb.ai/abel-salmona-polytechnique-montr-al/cell_types/runs/eb9cpx01
wandb:  View project at: https://wandb.ai/abel-salmona-polytechnique-montr-al/cell_types
wandb: Synced 5 W&B file(s), 1 media file(s), 2 artifact file(s) and 1 other file(s)
wandb: Find logs at: ./exploration/cell_types/logs/exp123_ls003/20260808_052008/wandb/run-20260808_052017-eb9cpx01/logs
