[ct_train] config=exploration/cell_types/experiments/configs/exp219_ft_from216.json
[ct_train] device=cuda  checkpoints=/home/abel/code/Tissue-Reassembly-using-GenAI-and-new-metrics/exploration/cell_types/outputs/exp219_ft_from216
[ct_train] logs=/home/abel/code/Tissue-Reassembly-using-GenAI-and-new-metrics/exploration/cell_types/logs/exp219_ft_from216/20260808_135656
[ct_train] Loading data …
[DataModule] Reading '/home/abel/biodata/MERFISH_LUNA_small_cortex/MERFISH_mouse_cortex_train.csv' (split=train) with float32 dtype on 254 gene cols + coord cols …
[DataModule] Loaded 158,379 rows for split=train.
[DataModule] Reading '/home/abel/biodata/MERFISH_LUNA_small_cortex/MERFISH_mouse_cortex_test.csv' (split=test) with float32 dtype on 254 gene cols + coord cols …
[DataModule] Loaded 118,036 rows for split=test.
[DataModule] Reading '/home/abel/biodata/MERFISH_LUNA_small_cortex/MERFISH_mouse_cortex_test.csv' (split=validation) with float32 dtype on 254 gene cols + coord cols …
[DataModule] Loaded 118,036 rows for split=validation.
[ct_train] genes=254  classes=23
[ct_train] model predict_cme=True  params=1,305,308
[ct_train] initialized student from /home/abel/code/Tissue-Reassembly-using-GenAI-and-new-metrics/exploration/cell_types/outputs/exp216_recalib_214/best.pt
[ct_train] soft CME loaded split=train sigma=96.0 n=158379 C=23
[ct_train] soft CME loaded split=validation sigma=96.0 n=118036 C=23
[ct_train] soft CME loaded split=train sigma=50.0 n=158379 C=23
[ct_train] soft CME loaded split=train sigma=64.0 n=158379 C=23
[ct_train] soft CME loaded split=validation sigma=50.0 n=118036 C=23
[ct_train] soft CME loaded split=validation sigma=64.0 n=118036 C=23
wandb: [wandb.login()] Loaded credentials for https://api.wandb.ai from /home/abel/.netrc.
wandb: Currently logged in as: abel-salmona (abel-salmona-polytechnique-montr-al) to https://api.wandb.ai. Use `wandb login --relogin` to force relogin
wandb: WARNING Using a boolean value for 'reinit' is deprecated. Use 'return_previous' or 'finish_previous' instead.
wandb: Tracking run with wandb version 0.26.1
wandb: Run data is saved locally in /home/abel/code/Tissue-Reassembly-using-GenAI-and-new-metrics/exploration/cell_types/logs/exp219_ft_from216/20260808_135656/wandb/run-20260808_135704-ogfkxu2t
wandb: Run `wandb offline` to turn off syncing.
wandb: Syncing run exp219_ft_from216
wandb:  View project at https://wandb.ai/abel-salmona-polytechnique-montr-al/cell_types
wandb:  View run at https://wandb.ai/abel-salmona-polytechnique-montr-al/cell_types/runs/ogfkxu2t
wandb: WARNING Saving files without folders. If you want to preserve subdirectories pass base_path to wandb.save, i.e. wandb.save("/mnt/folder/file.h5", base_path="/mnt")
wandb: WARNING Symlinked 1 file into the W&B run directory; call wandb.save again to sync new files.
[ct_train] wandb: project=cell_types name=exp219_ft_from216 mode=online url=https://wandb.ai/abel-salmona-polytechnique-montr-al/cell_types/runs/ogfkxu2t
[ct_train] parameters: total=1,305,308 trainable=1,305,308
  [params] mlp_in_node_features: 26,720
  [params] transformer_layers: 633,600
  [params] type_stage1: 28,320
  [params] env_stage1: 93,056
  [params] type_probe: 2,231
  [params] env_probe: 7,383
  [params] fusion_mlp: 383,008
  [params] type_stage2: 30,551
  [params] env_stage2: 100,439
[ct_train] EMA enabled decay=0.98
[ct_train] rechunked train graphs (seed=1)

=== Epoch 1/1000 ===
[train] loss=5.0758 cls=0.4410 cme=2.1419 acc=0.9876 cells=158379
[ct_train] rechunked train graphs (seed=2)

=== Epoch 2/1000 ===
[train] loss=5.0648 cls=0.4413 cme=2.1369 acc=0.9874 cells=158379
[val]   loss=5.2172 eval=2.6021 cls=0.4047 cme=2.1973 acc=0.9764 cells=118036
[ct_train] saved best checkpoint (val_eval_loss=2.6021 val_acc=0.9764)
[ct_train] rechunked train graphs (seed=3)

=== Epoch 3/1000 ===
[train] loss=5.0758 cls=0.4410 cme=2.1421 acc=0.9876 cells=158379
[ct_train] rechunked train graphs (seed=4)

=== Epoch 4/1000 ===
[train] loss=5.0728 cls=0.4411 cme=2.1407 acc=0.9877 cells=158379
[val]   loss=5.2193 eval=2.6033 cls=0.4049 cme=2.1984 acc=0.9764 cells=118036
[ct_train] early_stopping: no improve on val/eval_loss for 1/40 val checks
[ct_train] rechunked train graphs (seed=5)

=== Epoch 5/1000 ===
[train] loss=5.0583 cls=0.4410 cme=2.1341 acc=0.9876 cells=158379
[ct_train] rechunked train graphs (seed=6)

=== Epoch 6/1000 ===
[train] loss=5.0806 cls=0.4410 cme=2.1443 acc=0.9878 cells=158379
[val]   loss=5.2217 eval=2.6047 cls=0.4051 cme=2.1996 acc=0.9764 cells=118036
[ct_train] early_stopping: no improve on val/eval_loss for 2/40 val checks
[ct_train] rechunked train graphs (seed=7)

=== Epoch 7/1000 ===
[train] loss=5.0659 cls=0.4409 cme=2.1376 acc=0.9877 cells=158379
[ct_train] rechunked train graphs (seed=8)

=== Epoch 8/1000 ===
[train] loss=5.0580 cls=0.4409 cme=2.1340 acc=0.9877 cells=158379
[val]   loss=5.2236 eval=2.6057 cls=0.4054 cme=2.2004 acc=0.9763 cells=118036
[ct_train] early_stopping: no improve on val/eval_loss for 3/40 val checks
[ct_train] rechunked train graphs (seed=9)

=== Epoch 9/1000 ===
[train] loss=5.0749 cls=0.4412 cme=2.1417 acc=0.9877 cells=158379
[ct_train] rechunked train graphs (seed=10)

=== Epoch 10/1000 ===
[train] loss=5.0730 cls=0.4408 cme=2.1410 acc=0.9878 cells=158379
[val]   loss=5.2251 eval=2.6066 cls=0.4056 cme=2.2010 acc=0.9763 cells=118036
[ct_train] early_stopping: no improve on val/eval_loss for 4/40 val checks
[ct_train] rechunked train graphs (seed=11)

=== Epoch 11/1000 ===
[train] loss=5.0578 cls=0.4406 cme=2.1342 acc=0.9879 cells=158379
[ct_train] rechunked train graphs (seed=12)

=== Epoch 12/1000 ===
[train] loss=5.0692 cls=0.4409 cme=2.1392 acc=0.9877 cells=158379
[val]   loss=5.2263 eval=2.6072 cls=0.4058 cme=2.2015 acc=0.9763 cells=118036
[ct_train] early_stopping: no improve on val/eval_loss for 5/40 val checks
[ct_train] rechunked train graphs (seed=13)

=== Epoch 13/1000 ===
[train] loss=5.0699 cls=0.4405 cme=2.1397 acc=0.9879 cells=158379
[ct_train] rechunked train graphs (seed=14)

=== Epoch 14/1000 ===
[train] loss=5.0701 cls=0.4409 cme=2.1396 acc=0.9879 cells=158379
[val]   loss=5.2270 eval=2.6077 cls=0.4059 cme=2.2018 acc=0.9763 cells=118036
[ct_train] early_stopping: no improve on val/eval_loss for 6/40 val checks
[ct_train] rechunked train graphs (seed=15)

=== Epoch 15/1000 ===
[train] loss=5.0661 cls=0.4403 cme=2.1380 acc=0.9881 cells=158379
[ct_train] rechunked train graphs (seed=16)

=== Epoch 16/1000 ===
[train] loss=5.0642 cls=0.4405 cme=2.1371 acc=0.9879 cells=158379
[val]   loss=5.2279 eval=2.6082 cls=0.4061 cme=2.2021 acc=0.9763 cells=118036
[ct_train] early_stopping: no improve on val/eval_loss for 7/40 val checks
[ct_train] rechunked train graphs (seed=17)

=== Epoch 17/1000 ===
[train] loss=5.0582 cls=0.4401 cme=2.1346 acc=0.9877 cells=158379
[ct_train] rechunked train graphs (seed=18)

=== Epoch 18/1000 ===
[train] loss=5.0589 cls=0.4405 cme=2.1347 acc=0.9881 cells=158379
[val]   loss=5.2285 eval=2.6086 cls=0.4063 cme=2.2023 acc=0.9763 cells=118036
[ct_train] early_stopping: no improve on val/eval_loss for 8/40 val checks
[ct_train] rechunked train graphs (seed=19)

=== Epoch 19/1000 ===
[train] loss=5.0648 cls=0.4404 cme=2.1375 acc=0.9882 cells=158379
[ct_train] rechunked train graphs (seed=20)

=== Epoch 20/1000 ===
[train] loss=5.0654 cls=0.4404 cme=2.1377 acc=0.9882 cells=158379
[val]   loss=5.2292 eval=2.6090 cls=0.4064 cme=2.2026 acc=0.9763 cells=118036
[ct_train] early_stopping: no improve on val/eval_loss for 9/40 val checks
[ct_train] rechunked train graphs (seed=21)

=== Epoch 21/1000 ===
[train] loss=5.0728 cls=0.4404 cme=2.1411 acc=0.9880 cells=158379
[ct_train] rechunked train graphs (seed=22)

=== Epoch 22/1000 ===
[train] loss=5.0658 cls=0.4400 cme=2.1381 acc=0.9883 cells=158379
[val]   loss=5.2296 eval=2.6093 cls=0.4065 cme=2.2027 acc=0.9763 cells=118036
[ct_train] early_stopping: no improve on val/eval_loss for 10/40 val checks
[ct_train] rechunked train graphs (seed=23)

=== Epoch 23/1000 ===
[train] loss=5.0642 cls=0.4403 cme=2.1372 acc=0.9881 cells=158379
[ct_train] rechunked train graphs (seed=24)

=== Epoch 24/1000 ===
[train] loss=5.0653 cls=0.4407 cme=2.1376 acc=0.9881 cells=158379
[val]   loss=5.2300 eval=2.6095 cls=0.4067 cme=2.2028 acc=0.9763 cells=118036
[ct_train] early_stopping: no improve on val/eval_loss for 11/40 val checks
[ct_train] rechunked train graphs (seed=25)

=== Epoch 25/1000 ===
[train] loss=5.0714 cls=0.4405 cme=2.1404 acc=0.9880 cells=158379
[ct_train] rechunked train graphs (seed=26)

=== Epoch 26/1000 ===
[train] loss=5.0593 cls=0.4404 cme=2.1349 acc=0.9880 cells=158379
[val]   loss=5.2306 eval=2.6098 cls=0.4068 cme=2.2031 acc=0.9763 cells=118036
[ct_train] early_stopping: no improve on val/eval_loss for 12/40 val checks
[ct_train] rechunked train graphs (seed=27)

=== Epoch 27/1000 ===
[train] loss=5.0609 cls=0.4401 cme=2.1358 acc=0.9882 cells=158379
[ct_train] rechunked train graphs (seed=28)

=== Epoch 28/1000 ===
[train] loss=5.0574 cls=0.4401 cme=2.1342 acc=0.9882 cells=158379
[val]   loss=5.2308 eval=2.6100 cls=0.4069 cme=2.2031 acc=0.9763 cells=118036
[ct_train] early_stopping: no improve on val/eval_loss for 13/40 val checks
[ct_train] rechunked train graphs (seed=29)

=== Epoch 29/1000 ===
[train] loss=5.0617 cls=0.4401 cme=2.1362 acc=0.9882 cells=158379
[ct_train] rechunked train graphs (seed=30)

=== Epoch 30/1000 ===
[train] loss=5.0629 cls=0.4400 cme=2.1368 acc=0.9883 cells=158379
[val]   loss=5.2312 eval=2.6102 cls=0.4069 cme=2.2033 acc=0.9763 cells=118036
[ct_train] early_stopping: no improve on val/eval_loss for 14/40 val checks
[ct_train] rechunked train graphs (seed=31)

=== Epoch 31/1000 ===
[train] loss=5.0661 cls=0.4402 cme=2.1381 acc=0.9882 cells=158379
[ct_train] rechunked train graphs (seed=32)

=== Epoch 32/1000 ===
[train] loss=5.0792 cls=0.4404 cme=2.1440 acc=0.9884 cells=158379
[val]   loss=5.2317 eval=2.6105 cls=0.4070 cme=2.2035 acc=0.9763 cells=118036
[ct_train] early_stopping: no improve on val/eval_loss for 15/40 val checks
[ct_train] rechunked train graphs (seed=33)

=== Epoch 33/1000 ===
[train] loss=5.0648 cls=0.4399 cme=2.1377 acc=0.9884 cells=158379
[ct_train] rechunked train graphs (seed=34)

=== Epoch 34/1000 ===
[train] loss=5.0606 cls=0.4403 cme=2.1356 acc=0.9881 cells=158379
[val]   loss=5.2319 eval=2.6107 cls=0.4071 cme=2.2036 acc=0.9762 cells=118036
[ct_train] early_stopping: no improve on val/eval_loss for 16/40 val checks
[ct_train] rechunked train graphs (seed=35)

=== Epoch 35/1000 ===
[train] loss=5.0701 cls=0.4401 cme=2.1400 acc=0.9881 cells=158379
[ct_train] rechunked train graphs (seed=36)

=== Epoch 36/1000 ===
[train] loss=5.0607 cls=0.4396 cme=2.1359 acc=0.9882 cells=158379
[val]   loss=5.2323 eval=2.6109 cls=0.4072 cme=2.2037 acc=0.9762 cells=118036
[ct_train] early_stopping: no improve on val/eval_loss for 17/40 val checks
[ct_train] rechunked train graphs (seed=37)

=== Epoch 37/1000 ===
[train] loss=5.0621 cls=0.4401 cme=2.1364 acc=0.9884 cells=158379
[ct_train] rechunked train graphs (seed=38)

=== Epoch 38/1000 ===
[train] loss=5.0541 cls=0.4395 cme=2.1330 acc=0.9884 cells=158379
[val]   loss=5.2328 eval=2.6112 cls=0.4073 cme=2.2039 acc=0.9762 cells=118036
[ct_train] early_stopping: no improve on val/eval_loss for 18/40 val checks
[ct_train] rechunked train graphs (seed=39)

=== Epoch 39/1000 ===
[train] loss=5.0650 cls=0.4397 cme=2.1379 acc=0.9886 cells=158379
[ct_train] rechunked train graphs (seed=40)

=== Epoch 40/1000 ===
[train] loss=5.0620 cls=0.4399 cme=2.1364 acc=0.9883 cells=158379
[val]   loss=5.2331 eval=2.6114 cls=0.4074 cme=2.2040 acc=0.9762 cells=118036
[ct_train] early_stopping: no improve on val/eval_loss for 19/40 val checks
[ct_train] rechunked train graphs (seed=41)

=== Epoch 41/1000 ===
[train] loss=5.0548 cls=0.4396 cme=2.1333 acc=0.9885 cells=158379
[ct_train] rechunked train graphs (seed=42)

=== Epoch 42/1000 ===
[train] loss=5.0603 cls=0.4399 cme=2.1357 acc=0.9881 cells=158379
[val]   loss=5.2333 eval=2.6115 cls=0.4074 cme=2.2041 acc=0.9762 cells=118036
[ct_train] early_stopping: no improve on val/eval_loss for 20/40 val checks
[ct_train] rechunked train graphs (seed=43)

=== Epoch 43/1000 ===
[train] loss=5.0716 cls=0.4402 cme=2.1407 acc=0.9883 cells=158379
[ct_train] rechunked train graphs (seed=44)

=== Epoch 44/1000 ===
[train] loss=5.0575 cls=0.4398 cme=2.1345 acc=0.9882 cells=158379
[val]   loss=5.2335 eval=2.6116 cls=0.4075 cme=2.2041 acc=0.9762 cells=118036
[ct_train] early_stopping: no improve on val/eval_loss for 21/40 val checks
[ct_train] rechunked train graphs (seed=45)

=== Epoch 45/1000 ===
[train] loss=5.0644 cls=0.4403 cme=2.1373 acc=0.9883 cells=158379
[ct_train] rechunked train graphs (seed=46)

=== Epoch 46/1000 ===
[train] loss=5.0524 cls=0.4397 cme=2.1321 acc=0.9882 cells=158379
[val]   loss=5.2337 eval=2.6118 cls=0.4075 cme=2.2042 acc=0.9762 cells=118036
[ct_train] early_stopping: no improve on val/eval_loss for 22/40 val checks
[ct_train] rechunked train graphs (seed=47)

=== Epoch 47/1000 ===
[train] loss=5.0663 cls=0.4397 cme=2.1385 acc=0.9883 cells=158379
[ct_train] rechunked train graphs (seed=48)

=== Epoch 48/1000 ===
[train] loss=5.0561 cls=0.4397 cme=2.1338 acc=0.9885 cells=158379
[val]   loss=5.2341 eval=2.6120 cls=0.4076 cme=2.2044 acc=0.9761 cells=118036
[ct_train] early_stopping: no improve on val/eval_loss for 23/40 val checks
[ct_train] rechunked train graphs (seed=49)

=== Epoch 49/1000 ===
[train] loss=5.0651 cls=0.4400 cme=2.1378 acc=0.9881 cells=158379
[ct_train] rechunked train graphs (seed=50)

=== Epoch 50/1000 ===
[train] loss=5.0600 cls=0.4395 cme=2.1357 acc=0.9885 cells=158379
[val]   loss=5.2344 eval=2.6121 cls=0.4077 cme=2.2045 acc=0.9762 cells=118036
[ct_train] early_stopping: no improve on val/eval_loss for 24/40 val checks
[ct_train] rechunked train graphs (seed=51)

=== Epoch 51/1000 ===
[train] loss=5.0539 cls=0.4399 cme=2.1327 acc=0.9882 cells=158379
[ct_train] rechunked train graphs (seed=52)

=== Epoch 52/1000 ===
[train] loss=5.0549 cls=0.4394 cme=2.1334 acc=0.9885 cells=158379
[val]   loss=5.2345 eval=2.6122 cls=0.4077 cme=2.2045 acc=0.9762 cells=118036
[ct_train] early_stopping: no improve on val/eval_loss for 25/40 val checks
[ct_train] rechunked train graphs (seed=53)

=== Epoch 53/1000 ===
[train] loss=5.0497 cls=0.4394 cme=2.1310 acc=0.9886 cells=158379
[ct_train] rechunked train graphs (seed=54)

=== Epoch 54/1000 ===
[train] loss=5.0666 cls=0.4400 cme=2.1385 acc=0.9883 cells=158379
[val]   loss=5.2349 eval=2.6124 cls=0.4078 cme=2.2046 acc=0.9762 cells=118036
[ct_train] early_stopping: no improve on val/eval_loss for 26/40 val checks
[ct_train] rechunked train graphs (seed=55)

=== Epoch 55/1000 ===
[train] loss=5.0555 cls=0.4393 cme=2.1337 acc=0.9885 cells=158379
[ct_train] rechunked train graphs (seed=56)

=== Epoch 56/1000 ===
[train] loss=5.0616 cls=0.4397 cme=2.1364 acc=0.9886 cells=158379
[val]   loss=5.2351 eval=2.6126 cls=0.4079 cme=2.2047 acc=0.9761 cells=118036
[ct_train] early_stopping: no improve on val/eval_loss for 27/40 val checks
[ct_train] rechunked train graphs (seed=57)

=== Epoch 57/1000 ===
[train] loss=5.0579 cls=0.4395 cme=2.1347 acc=0.9886 cells=158379
[ct_train] rechunked train graphs (seed=58)

=== Epoch 58/1000 ===
[train] loss=5.0571 cls=0.4398 cme=2.1342 acc=0.9886 cells=158379
[val]   loss=5.2354 eval=2.6127 cls=0.4079 cme=2.2048 acc=0.9761 cells=118036
[ct_train] early_stopping: no improve on val/eval_loss for 28/40 val checks
[ct_train] rechunked train graphs (seed=59)

=== Epoch 59/1000 ===
[train] loss=5.0557 cls=0.4389 cme=2.1341 acc=0.9885 cells=158379
[ct_train] rechunked train graphs (seed=60)

=== Epoch 60/1000 ===
[train] loss=5.0643 cls=0.4399 cme=2.1375 acc=0.9884 cells=158379
[val]   loss=5.2355 eval=2.6128 cls=0.4079 cme=2.2049 acc=0.9761 cells=118036
[ct_train] early_stopping: no improve on val/eval_loss for 29/40 val checks
[ct_train] rechunked train graphs (seed=61)

=== Epoch 61/1000 ===
[train] loss=5.0560 cls=0.4395 cme=2.1338 acc=0.9888 cells=158379
[ct_train] rechunked train graphs (seed=62)

=== Epoch 62/1000 ===
[train] loss=5.0644 cls=0.4397 cme=2.1376 acc=0.9884 cells=158379
[val]   loss=5.2357 eval=2.6130 cls=0.4080 cme=2.2050 acc=0.9761 cells=118036
[ct_train] early_stopping: no improve on val/eval_loss for 30/40 val checks
[ct_train] rechunked train graphs (seed=63)

=== Epoch 63/1000 ===
[train] loss=5.0554 cls=0.4397 cme=2.1335 acc=0.9886 cells=158379
[ct_train] rechunked train graphs (seed=64)

=== Epoch 64/1000 ===
[train] loss=5.0501 cls=0.4392 cme=2.1313 acc=0.9885 cells=158379
[val]   loss=5.2360 eval=2.6131 cls=0.4080 cme=2.2051 acc=0.9761 cells=118036
[ct_train] early_stopping: no improve on val/eval_loss for 31/40 val checks
[ct_train] rechunked train graphs (seed=65)

=== Epoch 65/1000 ===
[train] loss=5.0603 cls=0.4393 cme=2.1359 acc=0.9887 cells=158379
[ct_train] rechunked train graphs (seed=66)

=== Epoch 66/1000 ===
[train] loss=5.0630 cls=0.4394 cme=2.1372 acc=0.9884 cells=158379
[val]   loss=5.2360 eval=2.6132 cls=0.4081 cme=2.2051 acc=0.9761 cells=118036
[ct_train] early_stopping: no improve on val/eval_loss for 32/40 val checks
[ct_train] rechunked train graphs (seed=67)

=== Epoch 67/1000 ===
[train] loss=5.0564 cls=0.4392 cme=2.1342 acc=0.9885 cells=158379
[ct_train] rechunked train graphs (seed=68)

=== Epoch 68/1000 ===
[train] loss=5.0586 cls=0.4392 cme=2.1352 acc=0.9886 cells=158379
[val]   loss=5.2364 eval=2.6133 cls=0.4081 cme=2.2052 acc=0.9761 cells=118036
[ct_train] early_stopping: no improve on val/eval_loss for 33/40 val checks
[ct_train] rechunked train graphs (seed=69)

=== Epoch 69/1000 ===
[train] loss=5.0517 cls=0.4391 cme=2.1321 acc=0.9886 cells=158379
[ct_train] rechunked train graphs (seed=70)

=== Epoch 70/1000 ===
[train] loss=5.0536 cls=0.4399 cme=2.1326 acc=0.9887 cells=158379
[val]   loss=5.2366 eval=2.6135 cls=0.4082 cme=2.2053 acc=0.9761 cells=118036
[ct_train] early_stopping: no improve on val/eval_loss for 34/40 val checks
[ct_train] rechunked train graphs (seed=71)

=== Epoch 71/1000 ===
[train] loss=5.0636 cls=0.4397 cme=2.1372 acc=0.9887 cells=158379
[ct_train] rechunked train graphs (seed=72)

=== Epoch 72/1000 ===
[train] loss=5.0540 cls=0.4392 cme=2.1331 acc=0.9887 cells=158379
[val]   loss=5.2368 eval=2.6136 cls=0.4082 cme=2.2054 acc=0.9761 cells=118036
[ct_train] early_stopping: no improve on val/eval_loss for 35/40 val checks
[ct_train] rechunked train graphs (seed=73)

=== Epoch 73/1000 ===
[train] loss=5.0645 cls=0.4393 cme=2.1378 acc=0.9886 cells=158379
[ct_train] rechunked train graphs (seed=74)

=== Epoch 74/1000 ===
[train] loss=5.0667 cls=0.4395 cme=2.1388 acc=0.9886 cells=158379
[val]   loss=5.2369 eval=2.6137 cls=0.4083 cme=2.2054 acc=0.9761 cells=118036
[ct_train] early_stopping: no improve on val/eval_loss for 36/40 val checks
[ct_train] rechunked train graphs (seed=75)

=== Epoch 75/1000 ===
[train] loss=5.0516 cls=0.4385 cme=2.1323 acc=0.9888 cells=158379
[ct_train] rechunked train graphs (seed=76)

=== Epoch 76/1000 ===
[train] loss=5.0519 cls=0.4389 cme=2.1322 acc=0.9886 cells=158379
[val]   loss=5.2370 eval=2.6137 cls=0.4083 cme=2.2054 acc=0.9761 cells=118036
[ct_train] early_stopping: no improve on val/eval_loss for 37/40 val checks
[ct_train] rechunked train graphs (seed=77)

=== Epoch 77/1000 ===
[train] loss=5.0552 cls=0.4392 cme=2.1336 acc=0.9886 cells=158379
[ct_train] rechunked train graphs (seed=78)

=== Epoch 78/1000 ===
[train] loss=5.0588 cls=0.4390 cme=2.1354 acc=0.9886 cells=158379
[val]   loss=5.2371 eval=2.6138 cls=0.4083 cme=2.2055 acc=0.9761 cells=118036
[ct_train] early_stopping: no improve on val/eval_loss for 38/40 val checks
[ct_train] rechunked train graphs (seed=79)

=== Epoch 79/1000 ===
[train] loss=5.0666 cls=0.4392 cme=2.1388 acc=0.9889 cells=158379
[ct_train] rechunked train graphs (seed=80)

=== Epoch 80/1000 ===
[train] loss=5.0490 cls=0.4389 cme=2.1310 acc=0.9888 cells=158379
[val]   loss=5.2372 eval=2.6138 cls=0.4083 cme=2.2055 acc=0.9761 cells=118036
[ct_train] early_stopping: no improve on val/eval_loss for 39/40 val checks
[ct_train] rechunked train graphs (seed=81)

=== Epoch 81/1000 ===
[train] loss=5.0483 cls=0.4392 cme=2.1304 acc=0.9885 cells=158379
[ct_train] rechunked train graphs (seed=82)

=== Epoch 82/1000 ===
[train] loss=5.0540 cls=0.4392 cme=2.1331 acc=0.9887 cells=158379
[val]   loss=5.2374 eval=2.6140 cls=0.4084 cme=2.2056 acc=0.9761 cells=118036
[ct_train] early_stopping: no improve on val/eval_loss for 40/40 val checks
[ct_train] early stopping at epoch 82 (patience=40, monitor=val/eval_loss)

[ct_train] done. best_val_acc=0.9764  best_val_eval_loss=2.6021  checkpoints=/home/abel/code/Tissue-Reassembly-using-GenAI-and-new-metrics/exploration/cell_types/outputs/exp219_ft_from216  logs=/home/abel/code/Tissue-Reassembly-using-GenAI-and-new-metrics/exploration/cell_types/logs/exp219_ft_from216/20260808_135656
wandb: updating run metadata
wandb: uploading output.log; uploading wandb-summary.json; uploading config.yaml
wandb: 
wandb: Run summary:
wandb:                      best_epoch 2
wandb:                    best_val_acc 0.97639
wandb:              best_val_eval_loss 2.60206
wandb:                           epoch 82
wandb:                              lr 0.0
wandb:           model/parameter_count 1305308
wandb: model/trainable_parameter_count 1305308
wandb:                       train/acc 0.98872
wandb:       train/acc_per_class/Astro 0.993
wandb:        train/acc_per_class/Endo 0.98574
wandb:                             +54 ...
wandb: 
wandb:  View run exp219_ft_from216 at: https://wandb.ai/abel-salmona-polytechnique-montr-al/cell_types/runs/ogfkxu2t
wandb:  View project at: https://wandb.ai/abel-salmona-polytechnique-montr-al/cell_types
wandb: Synced 5 W&B file(s), 1 media file(s), 2 artifact file(s) and 1 other file(s)
wandb: Find logs at: ./exploration/cell_types/logs/exp219_ft_from216/20260808_135656/wandb/run-20260808_135704-ogfkxu2t/logs
