[ct_train] config=exploration/cell_types/experiments/configs/exp127_ls008.json
[ct_train] device=cuda  checkpoints=/home/abel/code/Tissue-Reassembly-using-GenAI-and-new-metrics/exploration/cell_types/outputs/exp127_ls008
[ct_train] logs=/home/abel/code/Tissue-Reassembly-using-GenAI-and-new-metrics/exploration/cell_types/logs/exp127_ls008/20260808_053730
[ct_train] Loading data …
[DataModule] Reading '/home/abel/biodata/MERFISH_LUNA_small_cortex/MERFISH_mouse_cortex_train.csv' (split=train) with float32 dtype on 254 gene cols + coord cols …
[DataModule] Loaded 158,379 rows for split=train.
[DataModule] Reading '/home/abel/biodata/MERFISH_LUNA_small_cortex/MERFISH_mouse_cortex_test.csv' (split=test) with float32 dtype on 254 gene cols + coord cols …
[DataModule] Loaded 118,036 rows for split=test.
[DataModule] Reading '/home/abel/biodata/MERFISH_LUNA_small_cortex/MERFISH_mouse_cortex_test.csv' (split=validation) with float32 dtype on 254 gene cols + coord cols …
[DataModule] Loaded 118,036 rows for split=validation.
[ct_train] genes=254  classes=23
[ct_train] model predict_cme=True  params=1,305,308
[ct_train] soft CME loaded split=train sigma=96.0 n=158379 C=23
[ct_train] soft CME loaded split=validation sigma=96.0 n=118036 C=23
[ct_train] soft CME loaded split=train sigma=50.0 n=158379 C=23
[ct_train] soft CME loaded split=train sigma=64.0 n=158379 C=23
[ct_train] soft CME loaded split=validation sigma=50.0 n=118036 C=23
[ct_train] soft CME loaded split=validation sigma=64.0 n=118036 C=23
wandb: [wandb.login()] Loaded credentials for https://api.wandb.ai from /home/abel/.netrc.
wandb: Currently logged in as: abel-salmona (abel-salmona-polytechnique-montr-al) to https://api.wandb.ai. Use `wandb login --relogin` to force relogin
wandb: WARNING Using a boolean value for 'reinit' is deprecated. Use 'return_previous' or 'finish_previous' instead.
wandb: setting up run j66y22oh
wandb: Tracking run with wandb version 0.26.1
wandb: Run data is saved locally in /home/abel/code/Tissue-Reassembly-using-GenAI-and-new-metrics/exploration/cell_types/logs/exp127_ls008/20260808_053730/wandb/run-20260808_053738-j66y22oh
wandb: Run `wandb offline` to turn off syncing.
wandb: Syncing run exp127_ls008
wandb:  View project at https://wandb.ai/abel-salmona-polytechnique-montr-al/cell_types
wandb:  View run at https://wandb.ai/abel-salmona-polytechnique-montr-al/cell_types/runs/j66y22oh
wandb: WARNING Saving files without folders. If you want to preserve subdirectories pass base_path to wandb.save, i.e. wandb.save("/mnt/folder/file.h5", base_path="/mnt")
wandb: WARNING Symlinked 1 file into the W&B run directory; call wandb.save again to sync new files.
[ct_train] wandb: project=cell_types name=exp127_ls008 mode=online url=https://wandb.ai/abel-salmona-polytechnique-montr-al/cell_types/runs/j66y22oh
[ct_train] parameters: total=1,305,308 trainable=1,305,308
  [params] mlp_in_node_features: 26,720
  [params] transformer_layers: 633,600
  [params] type_stage1: 28,320
  [params] env_stage1: 93,056
  [params] type_probe: 2,231
  [params] env_probe: 7,383
  [params] fusion_mlp: 383,008
  [params] type_stage2: 30,551
  [params] env_stage2: 100,439
[ct_train] EMA enabled decay=0.98
[ct_train] rechunked train graphs (seed=1)

=== Epoch 1/1000 ===
[train] loss=8.7485 cls=2.7734 cme=2.7793 acc=0.2344 cells=158379
[ct_train] rechunked train graphs (seed=2)

=== Epoch 2/1000 ===
[train] loss=7.3183 cls=1.9154 cme=2.5154 acc=0.6574 cells=158379
[val]   loss=8.3696 eval=5.2416 cls=2.5397 cme=2.7018 acc=0.4484 cells=118036
[ct_train] saved best checkpoint (val_eval_loss=5.2416 val_acc=0.4484)
[ct_train] rechunked train graphs (seed=3)

=== Epoch 3/1000 ===
[train] loss=6.4755 cls=1.2883 cme=2.4161 acc=0.7902 cells=158379
[ct_train] rechunked train graphs (seed=4)

=== Epoch 4/1000 ===
[train] loss=6.0950 cls=1.0006 cme=2.3735 acc=0.8628 cells=158379
[val]   loss=6.7108 eval=3.8102 cls=1.3482 cme=2.4619 acc=0.8145 cells=118036
[ct_train] saved best checkpoint (val_eval_loss=3.8102 val_acc=0.8145)
[ct_train] rechunked train graphs (seed=5)

=== Epoch 5/1000 ===
[train] loss=5.8890 cls=0.8636 cme=2.3416 acc=0.9061 cells=158379
[ct_train] rechunked train graphs (seed=6)

=== Epoch 6/1000 ===
[train] loss=5.7989 cls=0.7963 cme=2.3311 acc=0.9233 cells=158379
[val]   loss=5.9832 eval=3.1501 cls=0.7808 cme=2.3693 acc=0.9069 cells=118036
[ct_train] saved best checkpoint (val_eval_loss=3.1501 val_acc=0.9069)
[ct_train] rechunked train graphs (seed=7)

=== Epoch 7/1000 ===
[train] loss=5.7082 cls=0.7552 cme=2.3082 acc=0.9340 cells=158379
[ct_train] rechunked train graphs (seed=8)

=== Epoch 8/1000 ===
[train] loss=5.6448 cls=0.7272 cme=2.2918 acc=0.9398 cells=158379
[val]   loss=5.7241 eval=2.9183 cls=0.5922 cme=2.3261 acc=0.9362 cells=118036
[ct_train] saved best checkpoint (val_eval_loss=2.9183 val_acc=0.9362)
[ct_train] rechunked train graphs (seed=9)

=== Epoch 9/1000 ===
[train] loss=5.6284 cls=0.7145 cme=2.2902 acc=0.9437 cells=158379
[ct_train] rechunked train graphs (seed=10)

=== Epoch 10/1000 ===
[train] loss=5.6008 cls=0.7010 cme=2.2837 acc=0.9467 cells=158379
[val]   loss=5.6126 eval=2.8238 cls=0.5227 cme=2.3012 acc=0.9471 cells=118036
[ct_train] saved best checkpoint (val_eval_loss=2.8238 val_acc=0.9471)
[ct_train] rechunked train graphs (seed=11)

=== Epoch 11/1000 ===
[train] loss=5.5605 cls=0.6918 cme=2.2693 acc=0.9489 cells=158379
[ct_train] rechunked train graphs (seed=12)

=== Epoch 12/1000 ===
[train] loss=5.5533 cls=0.6842 cme=2.2695 acc=0.9512 cells=158379
[val]   loss=5.5536 eval=2.7774 cls=0.4922 cme=2.2852 acc=0.9533 cells=118036
[ct_train] saved best checkpoint (val_eval_loss=2.7774 val_acc=0.9533)
[ct_train] rechunked train graphs (seed=13)

=== Epoch 13/1000 ===
[train] loss=5.5373 cls=0.6770 cme=2.2654 acc=0.9531 cells=158379
[ct_train] rechunked train graphs (seed=14)

=== Epoch 14/1000 ===
[train] loss=5.5221 cls=0.6705 cme=2.2613 acc=0.9548 cells=158379
[val]   loss=5.5140 eval=2.7483 cls=0.4749 cme=2.2735 acc=0.9566 cells=118036
[ct_train] saved best checkpoint (val_eval_loss=2.7483 val_acc=0.9566)
[ct_train] rechunked train graphs (seed=15)

=== Epoch 15/1000 ===
[train] loss=5.5019 cls=0.6653 cme=2.2544 acc=0.9560 cells=158379
[ct_train] rechunked train graphs (seed=16)

=== Epoch 16/1000 ===
[train] loss=5.4949 cls=0.6626 cme=2.2525 acc=0.9565 cells=158379
[val]   loss=5.4845 eval=2.7280 cls=0.4637 cme=2.2643 acc=0.9590 cells=118036
[ct_train] saved best checkpoint (val_eval_loss=2.7280 val_acc=0.9590)
[ct_train] rechunked train graphs (seed=17)

=== Epoch 17/1000 ===
[train] loss=5.4782 cls=0.6569 cme=2.2475 acc=0.9576 cells=158379
[ct_train] rechunked train graphs (seed=18)

=== Epoch 18/1000 ===
[train] loss=5.4696 cls=0.6534 cme=2.2451 acc=0.9591 cells=158379
[val]   loss=5.4641 eval=2.7142 cls=0.4562 cme=2.2580 acc=0.9609 cells=118036
[ct_train] saved best checkpoint (val_eval_loss=2.7142 val_acc=0.9609)
[ct_train] rechunked train graphs (seed=19)

=== Epoch 19/1000 ===
[train] loss=5.4683 cls=0.6499 cme=2.2461 acc=0.9602 cells=158379
[ct_train] rechunked train graphs (seed=20)

=== Epoch 20/1000 ===
[train] loss=5.4576 cls=0.6479 cme=2.2420 acc=0.9602 cells=158379
[val]   loss=5.4494 eval=2.7044 cls=0.4508 cme=2.2536 acc=0.9625 cells=118036
[ct_train] saved best checkpoint (val_eval_loss=2.7044 val_acc=0.9625)
[ct_train] rechunked train graphs (seed=21)

=== Epoch 21/1000 ===
[train] loss=5.4576 cls=0.6448 cme=2.2435 acc=0.9610 cells=158379
[ct_train] rechunked train graphs (seed=22)

=== Epoch 22/1000 ===
[train] loss=5.4404 cls=0.6427 cme=2.2365 acc=0.9622 cells=158379
[val]   loss=5.4350 eval=2.6951 cls=0.4461 cme=2.2489 acc=0.9639 cells=118036
[ct_train] saved best checkpoint (val_eval_loss=2.6951 val_acc=0.9639)
[ct_train] rechunked train graphs (seed=23)

=== Epoch 23/1000 ===
[train] loss=5.4293 cls=0.6399 cme=2.2327 acc=0.9630 cells=158379
[ct_train] rechunked train graphs (seed=24)

=== Epoch 24/1000 ===
[train] loss=5.4264 cls=0.6379 cme=2.2322 acc=0.9639 cells=158379
[val]   loss=5.4219 eval=2.6866 cls=0.4420 cme=2.2446 acc=0.9653 cells=118036
[ct_train] saved best checkpoint (val_eval_loss=2.6866 val_acc=0.9653)
[ct_train] rechunked train graphs (seed=25)

=== Epoch 25/1000 ===
[train] loss=5.4252 cls=0.6352 cme=2.2329 acc=0.9641 cells=158379
[ct_train] rechunked train graphs (seed=26)

=== Epoch 26/1000 ===
[train] loss=5.4079 cls=0.6322 cme=2.2263 acc=0.9652 cells=158379
[val]   loss=5.4106 eval=2.6796 cls=0.4386 cme=2.2410 acc=0.9662 cells=118036
[ct_train] saved best checkpoint (val_eval_loss=2.6796 val_acc=0.9662)
[ct_train] rechunked train graphs (seed=27)

=== Epoch 27/1000 ===
[train] loss=5.4012 cls=0.6305 cme=2.2240 acc=0.9652 cells=158379
[ct_train] rechunked train graphs (seed=28)

=== Epoch 28/1000 ===
[train] loss=5.3937 cls=0.6283 cme=2.2215 acc=0.9661 cells=158379
[val]   loss=5.4007 eval=2.6737 cls=0.4359 cme=2.2378 acc=0.9668 cells=118036
[ct_train] saved best checkpoint (val_eval_loss=2.6737 val_acc=0.9668)
[ct_train] rechunked train graphs (seed=29)

=== Epoch 29/1000 ===
[train] loss=5.3924 cls=0.6267 cme=2.2217 acc=0.9664 cells=158379
[ct_train] rechunked train graphs (seed=30)

=== Epoch 30/1000 ===
[train] loss=5.3930 cls=0.6260 cme=2.2224 acc=0.9667 cells=158379
[val]   loss=5.3925 eval=2.6686 cls=0.4335 cme=2.2350 acc=0.9676 cells=118036
[ct_train] saved best checkpoint (val_eval_loss=2.6686 val_acc=0.9676)
[ct_train] rechunked train graphs (seed=31)

=== Epoch 31/1000 ===
[train] loss=5.3877 cls=0.6244 cme=2.2205 acc=0.9668 cells=158379
[ct_train] rechunked train graphs (seed=32)

=== Epoch 32/1000 ===
[train] loss=5.4066 cls=0.6246 cme=2.2293 acc=0.9671 cells=158379
[val]   loss=5.3857 eval=2.6643 cls=0.4315 cme=2.2328 acc=0.9679 cells=118036
[ct_train] saved best checkpoint (val_eval_loss=2.6643 val_acc=0.9679)
[ct_train] rechunked train graphs (seed=33)

=== Epoch 33/1000 ===
[train] loss=5.3828 cls=0.6201 cme=2.2204 acc=0.9681 cells=158379
[ct_train] rechunked train graphs (seed=34)

=== Epoch 34/1000 ===
[train] loss=5.3711 cls=0.6205 cme=2.2148 acc=0.9683 cells=158379
[val]   loss=5.3796 eval=2.6608 cls=0.4299 cme=2.2309 acc=0.9683 cells=118036
[ct_train] saved best checkpoint (val_eval_loss=2.6608 val_acc=0.9683)
[ct_train] rechunked train graphs (seed=35)

=== Epoch 35/1000 ===
[train] loss=5.3774 cls=0.6194 cme=2.2181 acc=0.9686 cells=158379
[ct_train] rechunked train graphs (seed=36)

=== Epoch 36/1000 ===
[train] loss=5.3671 cls=0.6170 cme=2.2145 acc=0.9690 cells=158379
[val]   loss=5.3741 eval=2.6575 cls=0.4285 cme=2.2290 acc=0.9688 cells=118036
[ct_train] saved best checkpoint (val_eval_loss=2.6575 val_acc=0.9688)
[ct_train] rechunked train graphs (seed=37)

=== Epoch 37/1000 ===
[train] loss=5.3639 cls=0.6189 cme=2.2121 acc=0.9685 cells=158379
[ct_train] rechunked train graphs (seed=38)

=== Epoch 38/1000 ===
[train] loss=5.3538 cls=0.6152 cme=2.2093 acc=0.9695 cells=158379
[val]   loss=5.3683 eval=2.6540 cls=0.4270 cme=2.2270 acc=0.9692 cells=118036
[ct_train] saved best checkpoint (val_eval_loss=2.6540 val_acc=0.9692)
[ct_train] rechunked train graphs (seed=39)

=== Epoch 39/1000 ===
[train] loss=5.3598 cls=0.6147 cme=2.2123 acc=0.9697 cells=158379
[ct_train] rechunked train graphs (seed=40)

=== Epoch 40/1000 ===
[train] loss=5.3572 cls=0.6133 cme=2.2117 acc=0.9696 cells=158379
[val]   loss=5.3631 eval=2.6508 cls=0.4256 cme=2.2252 acc=0.9696 cells=118036
[ct_train] saved best checkpoint (val_eval_loss=2.6508 val_acc=0.9696)
[ct_train] rechunked train graphs (seed=41)

=== Epoch 41/1000 ===
[train] loss=5.3424 cls=0.6127 cme=2.2051 acc=0.9700 cells=158379
[ct_train] rechunked train graphs (seed=42)

=== Epoch 42/1000 ===
[train] loss=5.3465 cls=0.6119 cme=2.2073 acc=0.9709 cells=158379
[val]   loss=5.3587 eval=2.6482 cls=0.4245 cme=2.2238 acc=0.9700 cells=118036
[ct_train] saved best checkpoint (val_eval_loss=2.6482 val_acc=0.9700)
[ct_train] rechunked train graphs (seed=43)

=== Epoch 43/1000 ===
[train] loss=5.3544 cls=0.6115 cme=2.2112 acc=0.9704 cells=158379
[ct_train] rechunked train graphs (seed=44)

=== Epoch 44/1000 ===
[train] loss=5.3377 cls=0.6104 cme=2.2040 acc=0.9710 cells=158379
[val]   loss=5.3552 eval=2.6461 cls=0.4234 cme=2.2226 acc=0.9702 cells=118036
[ct_train] saved best checkpoint (val_eval_loss=2.6461 val_acc=0.9702)
[ct_train] rechunked train graphs (seed=45)

=== Epoch 45/1000 ===
[train] loss=5.3436 cls=0.6099 cme=2.2069 acc=0.9711 cells=158379
[ct_train] rechunked train graphs (seed=46)

=== Epoch 46/1000 ===
[train] loss=5.3276 cls=0.6076 cme=2.2006 acc=0.9716 cells=158379
[val]   loss=5.3516 eval=2.6439 cls=0.4224 cme=2.2215 acc=0.9705 cells=118036
[ct_train] saved best checkpoint (val_eval_loss=2.6439 val_acc=0.9705)
[ct_train] rechunked train graphs (seed=47)

=== Epoch 47/1000 ===
[train] loss=5.3398 cls=0.6073 cme=2.2064 acc=0.9717 cells=158379
[ct_train] rechunked train graphs (seed=48)

=== Epoch 48/1000 ===
[train] loss=5.3243 cls=0.6063 cme=2.1997 acc=0.9721 cells=158379
[val]   loss=5.3486 eval=2.6418 cls=0.4212 cme=2.2206 acc=0.9708 cells=118036
[ct_train] saved best checkpoint (val_eval_loss=2.6418 val_acc=0.9708)
[ct_train] rechunked train graphs (seed=49)

=== Epoch 49/1000 ===
[train] loss=5.3322 cls=0.6062 cme=2.2034 acc=0.9722 cells=158379
[ct_train] rechunked train graphs (seed=50)

=== Epoch 50/1000 ===
[train] loss=5.3203 cls=0.6046 cme=2.1986 acc=0.9725 cells=158379
[val]   loss=5.3462 eval=2.6403 cls=0.4205 cme=2.2199 acc=0.9711 cells=118036
[ct_train] saved best checkpoint (val_eval_loss=2.6403 val_acc=0.9711)
[ct_train] rechunked train graphs (seed=51)

=== Epoch 51/1000 ===
[train] loss=5.3141 cls=0.6043 cme=2.1959 acc=0.9724 cells=158379
[ct_train] rechunked train graphs (seed=52)

=== Epoch 52/1000 ===
[train] loss=5.3158 cls=0.6040 cme=2.1969 acc=0.9729 cells=158379
[val]   loss=5.3436 eval=2.6388 cls=0.4198 cme=2.2190 acc=0.9713 cells=118036
[ct_train] saved best checkpoint (val_eval_loss=2.6388 val_acc=0.9713)
[ct_train] rechunked train graphs (seed=53)

=== Epoch 53/1000 ===
[train] loss=5.3129 cls=0.6031 cme=2.1959 acc=0.9728 cells=158379
[ct_train] rechunked train graphs (seed=54)

=== Epoch 54/1000 ===
[train] loss=5.3282 cls=0.6035 cme=2.2029 acc=0.9731 cells=158379
[val]   loss=5.3414 eval=2.6373 cls=0.4190 cme=2.2183 acc=0.9715 cells=118036
[ct_train] saved best checkpoint (val_eval_loss=2.6373 val_acc=0.9715)
[ct_train] rechunked train graphs (seed=55)

=== Epoch 55/1000 ===
[train] loss=5.3138 cls=0.6020 cme=2.1969 acc=0.9733 cells=158379
[ct_train] rechunked train graphs (seed=56)

=== Epoch 56/1000 ===
[train] loss=5.3136 cls=0.6015 cme=2.1969 acc=0.9737 cells=158379
[val]   loss=5.3388 eval=2.6358 cls=0.4185 cme=2.2173 acc=0.9718 cells=118036
[ct_train] saved best checkpoint (val_eval_loss=2.6358 val_acc=0.9718)
[ct_train] rechunked train graphs (seed=57)

=== Epoch 57/1000 ===
[train] loss=5.3098 cls=0.6010 cme=2.1954 acc=0.9733 cells=158379
[ct_train] rechunked train graphs (seed=58)

=== Epoch 58/1000 ===
[train] loss=5.3123 cls=0.6003 cme=2.1969 acc=0.9742 cells=158379
[val]   loss=5.3370 eval=2.6347 cls=0.4178 cme=2.2169 acc=0.9719 cells=118036
[ct_train] saved best checkpoint (val_eval_loss=2.6347 val_acc=0.9719)
[ct_train] rechunked train graphs (seed=59)

=== Epoch 59/1000 ===
[train] loss=5.2983 cls=0.5980 cme=2.1916 acc=0.9745 cells=158379
[ct_train] rechunked train graphs (seed=60)

=== Epoch 60/1000 ===
[train] loss=5.3107 cls=0.5999 cme=2.1963 acc=0.9740 cells=158379
[val]   loss=5.3352 eval=2.6337 cls=0.4175 cme=2.2163 acc=0.9722 cells=118036
[ct_train] saved best checkpoint (val_eval_loss=2.6337 val_acc=0.9722)
[ct_train] rechunked train graphs (seed=61)

=== Epoch 61/1000 ===
[train] loss=5.3016 cls=0.5989 cme=2.1926 acc=0.9745 cells=158379
[ct_train] rechunked train graphs (seed=62)

=== Epoch 62/1000 ===
[train] loss=5.3083 cls=0.5981 cme=2.1961 acc=0.9745 cells=158379
[val]   loss=5.3330 eval=2.6324 cls=0.4169 cme=2.2154 acc=0.9725 cells=118036
[ct_train] saved best checkpoint (val_eval_loss=2.6324 val_acc=0.9725)
[ct_train] rechunked train graphs (seed=63)

=== Epoch 63/1000 ===
[train] loss=5.2972 cls=0.5977 cme=2.1912 acc=0.9742 cells=158379
[ct_train] rechunked train graphs (seed=64)

=== Epoch 64/1000 ===
[train] loss=5.2913 cls=0.5964 cme=2.1890 acc=0.9749 cells=158379
[val]   loss=5.3314 eval=2.6314 cls=0.4164 cme=2.2150 acc=0.9728 cells=118036
[ct_train] saved best checkpoint (val_eval_loss=2.6314 val_acc=0.9728)
[ct_train] rechunked train graphs (seed=65)

=== Epoch 65/1000 ===
[train] loss=5.2975 cls=0.5962 cme=2.1920 acc=0.9750 cells=158379
[ct_train] rechunked train graphs (seed=66)

=== Epoch 66/1000 ===
[train] loss=5.3021 cls=0.5960 cme=2.1943 acc=0.9750 cells=158379
[val]   loss=5.3293 eval=2.6301 cls=0.4159 cme=2.2142 acc=0.9730 cells=118036
[ct_train] saved best checkpoint (val_eval_loss=2.6301 val_acc=0.9730)
[ct_train] rechunked train graphs (seed=67)

=== Epoch 67/1000 ===
[train] loss=5.2934 cls=0.5959 cme=2.1903 acc=0.9750 cells=158379
[ct_train] rechunked train graphs (seed=68)

=== Epoch 68/1000 ===
[train] loss=5.2913 cls=0.5945 cme=2.1899 acc=0.9753 cells=158379
[val]   loss=5.3278 eval=2.6292 cls=0.4154 cme=2.2138 acc=0.9730 cells=118036
[ct_train] saved best checkpoint (val_eval_loss=2.6292 val_acc=0.9730)
[ct_train] rechunked train graphs (seed=69)

=== Epoch 69/1000 ===
[train] loss=5.2815 cls=0.5940 cme=2.1856 acc=0.9755 cells=158379
[ct_train] rechunked train graphs (seed=70)

=== Epoch 70/1000 ===
[train] loss=5.2833 cls=0.5951 cme=2.1860 acc=0.9755 cells=158379
[val]   loss=5.3261 eval=2.6282 cls=0.4149 cme=2.2132 acc=0.9731 cells=118036
[ct_train] saved best checkpoint (val_eval_loss=2.6282 val_acc=0.9731)
[ct_train] rechunked train graphs (seed=71)

=== Epoch 71/1000 ===
[train] loss=5.2937 cls=0.5940 cme=2.1912 acc=0.9757 cells=158379
[ct_train] rechunked train graphs (seed=72)

=== Epoch 72/1000 ===
[train] loss=5.2821 cls=0.5927 cme=2.1865 acc=0.9758 cells=158379
[val]   loss=5.3246 eval=2.6273 cls=0.4146 cme=2.2127 acc=0.9732 cells=118036
[ct_train] saved best checkpoint (val_eval_loss=2.6273 val_acc=0.9732)
[ct_train] rechunked train graphs (seed=73)

=== Epoch 73/1000 ===
[train] loss=5.2914 cls=0.5931 cme=2.1906 acc=0.9755 cells=158379
[ct_train] rechunked train graphs (seed=74)

=== Epoch 74/1000 ===
[train] loss=5.2943 cls=0.5922 cme=2.1923 acc=0.9758 cells=158379
[val]   loss=5.3238 eval=2.6267 cls=0.4142 cme=2.2125 acc=0.9732 cells=118036
[ct_train] saved best checkpoint (val_eval_loss=2.6267 val_acc=0.9732)
[ct_train] rechunked train graphs (seed=75)

=== Epoch 75/1000 ===
[train] loss=5.2793 cls=0.5912 cme=2.1860 acc=0.9757 cells=158379
[ct_train] rechunked train graphs (seed=76)

=== Epoch 76/1000 ===
[train] loss=5.2697 cls=0.5904 cme=2.1817 acc=0.9764 cells=158379
[val]   loss=5.3233 eval=2.6263 cls=0.4140 cme=2.2124 acc=0.9733 cells=118036
[ct_train] saved best checkpoint (val_eval_loss=2.6263 val_acc=0.9733)
[ct_train] rechunked train graphs (seed=77)

=== Epoch 77/1000 ===
[train] loss=5.2719 cls=0.5903 cme=2.1830 acc=0.9767 cells=158379
[ct_train] rechunked train graphs (seed=78)

=== Epoch 78/1000 ===
[train] loss=5.2734 cls=0.5903 cme=2.1836 acc=0.9762 cells=158379
[val]   loss=5.3215 eval=2.6254 cls=0.4137 cme=2.2117 acc=0.9734 cells=118036
[ct_train] saved best checkpoint (val_eval_loss=2.6254 val_acc=0.9734)
[ct_train] rechunked train graphs (seed=79)

=== Epoch 79/1000 ===
[train] loss=5.2821 cls=0.5902 cme=2.1876 acc=0.9764 cells=158379
[ct_train] rechunked train graphs (seed=80)

=== Epoch 80/1000 ===
[train] loss=5.2706 cls=0.5902 cme=2.1824 acc=0.9765 cells=158379
[val]   loss=5.3199 eval=2.6245 cls=0.4134 cme=2.2112 acc=0.9736 cells=118036
[ct_train] saved best checkpoint (val_eval_loss=2.6245 val_acc=0.9736)
[ct_train] rechunked train graphs (seed=81)

=== Epoch 81/1000 ===
[train] loss=5.2631 cls=0.5892 cme=2.1793 acc=0.9765 cells=158379
[ct_train] rechunked train graphs (seed=82)

=== Epoch 82/1000 ===
[train] loss=5.2656 cls=0.5886 cme=2.1808 acc=0.9770 cells=158379
[val]   loss=5.3191 eval=2.6241 cls=0.4131 cme=2.2110 acc=0.9737 cells=118036
[ct_train] saved best checkpoint (val_eval_loss=2.6241 val_acc=0.9737)
[ct_train] rechunked train graphs (seed=83)

=== Epoch 83/1000 ===
[train] loss=5.2692 cls=0.5885 cme=2.1824 acc=0.9769 cells=158379
[ct_train] rechunked train graphs (seed=84)

=== Epoch 84/1000 ===
[train] loss=5.2665 cls=0.5882 cme=2.1814 acc=0.9774 cells=158379
[val]   loss=5.3192 eval=2.6239 cls=0.4128 cme=2.2111 acc=0.9738 cells=118036
[ct_train] saved best checkpoint (val_eval_loss=2.6239 val_acc=0.9738)
[ct_train] early_stopping: no improve on val/eval_loss for 1/45 val checks
[ct_train] rechunked train graphs (seed=85)

=== Epoch 85/1000 ===
[train] loss=5.2579 cls=0.5870 cme=2.1779 acc=0.9777 cells=158379
[ct_train] rechunked train graphs (seed=86)

=== Epoch 86/1000 ===
[train] loss=5.2730 cls=0.5873 cme=2.1848 acc=0.9773 cells=158379
[val]   loss=5.3174 eval=2.6230 cls=0.4126 cme=2.2104 acc=0.9738 cells=118036
[ct_train] saved best checkpoint (val_eval_loss=2.6230 val_acc=0.9738)
[ct_train] rechunked train graphs (seed=87)

=== Epoch 87/1000 ===
[train] loss=5.2636 cls=0.5876 cme=2.1802 acc=0.9772 cells=158379
[ct_train] rechunked train graphs (seed=88)

=== Epoch 88/1000 ===
[train] loss=5.2731 cls=0.5878 cme=2.1846 acc=0.9776 cells=158379
[val]   loss=5.3157 eval=2.6222 cls=0.4124 cme=2.2098 acc=0.9741 cells=118036
[ct_train] saved best checkpoint (val_eval_loss=2.6222 val_acc=0.9741)
[ct_train] rechunked train graphs (seed=89)

=== Epoch 89/1000 ===
[train] loss=5.2631 cls=0.5866 cme=2.1805 acc=0.9778 cells=158379
[ct_train] rechunked train graphs (seed=90)

=== Epoch 90/1000 ===
[train] loss=5.2631 cls=0.5857 cme=2.1810 acc=0.9783 cells=158379
[val]   loss=5.3157 eval=2.6221 cls=0.4122 cme=2.2100 acc=0.9740 cells=118036
[ct_train] saved best checkpoint (val_eval_loss=2.6221 val_acc=0.9741)
[ct_train] early_stopping: no improve on val/eval_loss for 1/45 val checks
[ct_train] rechunked train graphs (seed=91)

=== Epoch 91/1000 ===
[train] loss=5.2553 cls=0.5850 cme=2.1777 acc=0.9778 cells=158379
[ct_train] rechunked train graphs (seed=92)

=== Epoch 92/1000 ===
[train] loss=5.2544 cls=0.5848 cme=2.1774 acc=0.9784 cells=158379
[val]   loss=5.3143 eval=2.6213 cls=0.4118 cme=2.2094 acc=0.9742 cells=118036
[ct_train] saved best checkpoint (val_eval_loss=2.6213 val_acc=0.9742)
[ct_train] rechunked train graphs (seed=93)

=== Epoch 93/1000 ===
[train] loss=5.2636 cls=0.5851 cme=2.1815 acc=0.9784 cells=158379
[ct_train] rechunked train graphs (seed=94)

=== Epoch 94/1000 ===
[train] loss=5.2528 cls=0.5843 cme=2.1768 acc=0.9782 cells=158379
[val]   loss=5.3143 eval=2.6212 cls=0.4117 cme=2.2095 acc=0.9742 cells=118036
[ct_train] saved best checkpoint (val_eval_loss=2.6212 val_acc=0.9742)
[ct_train] early_stopping: no improve on val/eval_loss for 1/45 val checks
[ct_train] rechunked train graphs (seed=95)

=== Epoch 95/1000 ===
[train] loss=5.2715 cls=0.5847 cme=2.1853 acc=0.9785 cells=158379
[ct_train] rechunked train graphs (seed=96)

=== Epoch 96/1000 ===
[train] loss=5.2601 cls=0.5843 cme=2.1802 acc=0.9783 cells=158379
[val]   loss=5.3136 eval=2.6208 cls=0.4114 cme=2.2094 acc=0.9744 cells=118036
[ct_train] saved best checkpoint (val_eval_loss=2.6208 val_acc=0.9744)
[ct_train] rechunked train graphs (seed=97)

=== Epoch 97/1000 ===
[train] loss=5.2586 cls=0.5835 cme=2.1799 acc=0.9786 cells=158379
[ct_train] rechunked train graphs (seed=98)

=== Epoch 98/1000 ===
[train] loss=5.2482 cls=0.5847 cme=2.1746 acc=0.9784 cells=158379
[val]   loss=5.3128 eval=2.6203 cls=0.4112 cme=2.2091 acc=0.9744 cells=118036
[ct_train] saved best checkpoint (val_eval_loss=2.6203 val_acc=0.9744)
[ct_train] rechunked train graphs (seed=99)

=== Epoch 99/1000 ===
[train] loss=5.2425 cls=0.5844 cme=2.1721 acc=0.9783 cells=158379
[ct_train] rechunked train graphs (seed=100)

=== Epoch 100/1000 ===
[train] loss=5.2476 cls=0.5828 cme=2.1751 acc=0.9786 cells=158379
[val]   loss=5.3134 eval=2.6206 cls=0.4111 cme=2.2095 acc=0.9746 cells=118036
[ct_train] early_stopping: no improve on val/eval_loss for 1/45 val checks
[ct_train] rechunked train graphs (seed=101)

=== Epoch 101/1000 ===
[train] loss=5.2632 cls=0.5834 cme=2.1821 acc=0.9789 cells=158379
[ct_train] rechunked train graphs (seed=102)

=== Epoch 102/1000 ===
[train] loss=5.2506 cls=0.5819 cme=2.1770 acc=0.9790 cells=158379
[val]   loss=5.3112 eval=2.6195 cls=0.4109 cme=2.2086 acc=0.9746 cells=118036
[ct_train] saved best checkpoint (val_eval_loss=2.6195 val_acc=0.9746)
[ct_train] rechunked train graphs (seed=103)

=== Epoch 103/1000 ===
[train] loss=5.2607 cls=0.5819 cme=2.1816 acc=0.9789 cells=158379
[ct_train] rechunked train graphs (seed=104)

=== Epoch 104/1000 ===
[train] loss=5.2450 cls=0.5815 cme=2.1745 acc=0.9793 cells=158379
[val]   loss=5.3113 eval=2.6195 cls=0.4108 cme=2.2087 acc=0.9747 cells=118036
[ct_train] early_stopping: no improve on val/eval_loss for 1/45 val checks
[ct_train] rechunked train graphs (seed=105)

=== Epoch 105/1000 ===
[train] loss=5.2437 cls=0.5820 cme=2.1737 acc=0.9793 cells=158379
[ct_train] rechunked train graphs (seed=106)

=== Epoch 106/1000 ===
[train] loss=5.2446 cls=0.5810 cme=2.1746 acc=0.9791 cells=158379
[val]   loss=5.3113 eval=2.6193 cls=0.4106 cme=2.2087 acc=0.9748 cells=118036
[ct_train] saved best checkpoint (val_eval_loss=2.6193 val_acc=0.9748)
[ct_train] early_stopping: no improve on val/eval_loss for 2/45 val checks
[ct_train] rechunked train graphs (seed=107)

=== Epoch 107/1000 ===
[train] loss=5.2403 cls=0.5810 cme=2.1727 acc=0.9791 cells=158379
[ct_train] rechunked train graphs (seed=108)

=== Epoch 108/1000 ===
[train] loss=5.2522 cls=0.5813 cme=2.1780 acc=0.9793 cells=158379
[val]   loss=5.3105 eval=2.6191 cls=0.4107 cme=2.2084 acc=0.9748 cells=118036
[ct_train] saved best checkpoint (val_eval_loss=2.6191 val_acc=0.9748)
[ct_train] early_stopping: no improve on val/eval_loss for 3/45 val checks
[ct_train] rechunked train graphs (seed=109)

=== Epoch 109/1000 ===
[train] loss=5.2359 cls=0.5797 cme=2.1711 acc=0.9796 cells=158379
[ct_train] rechunked train graphs (seed=110)

=== Epoch 110/1000 ===
[train] loss=5.2382 cls=0.5799 cme=2.1721 acc=0.9796 cells=158379
[val]   loss=5.3098 eval=2.6188 cls=0.4106 cme=2.2082 acc=0.9748 cells=118036
[ct_train] saved best checkpoint (val_eval_loss=2.6188 val_acc=0.9748)
[ct_train] rechunked train graphs (seed=111)

=== Epoch 111/1000 ===
[train] loss=5.2306 cls=0.5788 cme=2.1692 acc=0.9799 cells=158379
[ct_train] rechunked train graphs (seed=112)

=== Epoch 112/1000 ===
[train] loss=5.2292 cls=0.5789 cme=2.1684 acc=0.9801 cells=158379
[val]   loss=5.3083 eval=2.6180 cls=0.4105 cme=2.2076 acc=0.9749 cells=118036
[ct_train] saved best checkpoint (val_eval_loss=2.6180 val_acc=0.9749)
[ct_train] rechunked train graphs (seed=113)

=== Epoch 113/1000 ===
[train] loss=5.2364 cls=0.5792 cme=2.1717 acc=0.9798 cells=158379
[ct_train] rechunked train graphs (seed=114)

=== Epoch 114/1000 ===
[train] loss=5.2378 cls=0.5795 cme=2.1721 acc=0.9796 cells=158379
[val]   loss=5.3074 eval=2.6174 cls=0.4102 cme=2.2073 acc=0.9749 cells=118036
[ct_train] saved best checkpoint (val_eval_loss=2.6174 val_acc=0.9749)
[ct_train] rechunked train graphs (seed=115)

=== Epoch 115/1000 ===
[train] loss=5.2249 cls=0.5790 cme=2.1664 acc=0.9797 cells=158379
[ct_train] rechunked train graphs (seed=116)

=== Epoch 116/1000 ===
[train] loss=5.2239 cls=0.5788 cme=2.1660 acc=0.9800 cells=158379
[val]   loss=5.3069 eval=2.6174 cls=0.4103 cme=2.2072 acc=0.9749 cells=118036
[ct_train] saved best checkpoint (val_eval_loss=2.6174 val_acc=0.9749)
[ct_train] early_stopping: no improve on val/eval_loss for 1/45 val checks
[ct_train] rechunked train graphs (seed=117)

=== Epoch 117/1000 ===
[train] loss=5.2307 cls=0.5782 cme=2.1695 acc=0.9803 cells=158379
[ct_train] rechunked train graphs (seed=118)

=== Epoch 118/1000 ===
[train] loss=5.2268 cls=0.5772 cme=2.1681 acc=0.9804 cells=158379
[val]   loss=5.3057 eval=2.6167 cls=0.4100 cme=2.2067 acc=0.9750 cells=118036
[ct_train] saved best checkpoint (val_eval_loss=2.6167 val_acc=0.9750)
[ct_train] rechunked train graphs (seed=119)

=== Epoch 119/1000 ===
[train] loss=5.2131 cls=0.5756 cme=2.1625 acc=0.9807 cells=158379
[ct_train] rechunked train graphs (seed=120)

=== Epoch 120/1000 ===
[train] loss=5.2144 cls=0.5763 cme=2.1628 acc=0.9806 cells=158379
[val]   loss=5.3050 eval=2.6164 cls=0.4100 cme=2.2065 acc=0.9751 cells=118036
[ct_train] saved best checkpoint (val_eval_loss=2.6164 val_acc=0.9751)
[ct_train] early_stopping: no improve on val/eval_loss for 1/45 val checks
[ct_train] rechunked train graphs (seed=121)

=== Epoch 121/1000 ===
[train] loss=5.2268 cls=0.5768 cme=2.1684 acc=0.9806 cells=158379
[ct_train] rechunked train graphs (seed=122)

=== Epoch 122/1000 ===
[train] loss=5.2091 cls=0.5761 cme=2.1604 acc=0.9808 cells=158379
[val]   loss=5.3045 eval=2.6163 cls=0.4099 cme=2.2064 acc=0.9752 cells=118036
[ct_train] saved best checkpoint (val_eval_loss=2.6163 val_acc=0.9752)
[ct_train] early_stopping: no improve on val/eval_loss for 2/45 val checks
[ct_train] rechunked train graphs (seed=123)

=== Epoch 123/1000 ===
[train] loss=5.2189 cls=0.5757 cme=2.1651 acc=0.9812 cells=158379
[ct_train] rechunked train graphs (seed=124)

=== Epoch 124/1000 ===
[train] loss=5.2241 cls=0.5754 cme=2.1677 acc=0.9811 cells=158379
[val]   loss=5.3048 eval=2.6165 cls=0.4100 cme=2.2065 acc=0.9753 cells=118036
[ct_train] early_stopping: no improve on val/eval_loss for 3/45 val checks
[ct_train] rechunked train graphs (seed=125)

=== Epoch 125/1000 ===
[train] loss=5.2221 cls=0.5762 cme=2.1664 acc=0.9809 cells=158379
[ct_train] rechunked train graphs (seed=126)

=== Epoch 126/1000 ===
[train] loss=5.2158 cls=0.5753 cme=2.1639 acc=0.9812 cells=158379
[val]   loss=5.3040 eval=2.6161 cls=0.4099 cme=2.2062 acc=0.9754 cells=118036
[ct_train] saved best checkpoint (val_eval_loss=2.6161 val_acc=0.9754)
[ct_train] early_stopping: no improve on val/eval_loss for 4/45 val checks
[ct_train] rechunked train graphs (seed=127)

=== Epoch 127/1000 ===
[train] loss=5.2310 cls=0.5755 cme=2.1708 acc=0.9810 cells=158379
[ct_train] rechunked train graphs (seed=128)

=== Epoch 128/1000 ===
[train] loss=5.2180 cls=0.5748 cme=2.1652 acc=0.9813 cells=158379
[val]   loss=5.3032 eval=2.6159 cls=0.4100 cme=2.2059 acc=0.9753 cells=118036
[ct_train] saved best checkpoint (val_eval_loss=2.6159 val_acc=0.9754)
[ct_train] early_stopping: no improve on val/eval_loss for 5/45 val checks
[ct_train] rechunked train graphs (seed=129)

=== Epoch 129/1000 ===
[train] loss=5.2146 cls=0.5743 cme=2.1639 acc=0.9814 cells=158379
[ct_train] rechunked train graphs (seed=130)

=== Epoch 130/1000 ===
[train] loss=5.2146 cls=0.5740 cme=2.1639 acc=0.9813 cells=158379
[val]   loss=5.3029 eval=2.6157 cls=0.4099 cme=2.2058 acc=0.9754 cells=118036
[ct_train] saved best checkpoint (val_eval_loss=2.6157 val_acc=0.9754)
[ct_train] early_stopping: no improve on val/eval_loss for 6/45 val checks
[ct_train] rechunked train graphs (seed=131)

=== Epoch 131/1000 ===
[train] loss=5.2157 cls=0.5743 cme=2.1644 acc=0.9812 cells=158379
[ct_train] rechunked train graphs (seed=132)

=== Epoch 132/1000 ===
[train] loss=5.2153 cls=0.5734 cme=2.1646 acc=0.9816 cells=158379
[val]   loss=5.3017 eval=2.6151 cls=0.4098 cme=2.2053 acc=0.9755 cells=118036
[ct_train] saved best checkpoint (val_eval_loss=2.6151 val_acc=0.9755)
[ct_train] rechunked train graphs (seed=133)

=== Epoch 133/1000 ===
[train] loss=5.2161 cls=0.5728 cme=2.1652 acc=0.9816 cells=158379
[ct_train] rechunked train graphs (seed=134)

=== Epoch 134/1000 ===
[train] loss=5.2169 cls=0.5745 cme=2.1648 acc=0.9815 cells=158379
[val]   loss=5.3026 eval=2.6158 cls=0.4100 cme=2.2057 acc=0.9754 cells=118036
[ct_train] early_stopping: no improve on val/eval_loss for 1/45 val checks
[ct_train] rechunked train graphs (seed=135)

=== Epoch 135/1000 ===
[train] loss=5.2070 cls=0.5723 cme=2.1613 acc=0.9820 cells=158379
[ct_train] rechunked train graphs (seed=136)

=== Epoch 136/1000 ===
[train] loss=5.1982 cls=0.5719 cme=2.1573 acc=0.9822 cells=158379
[val]   loss=5.3026 eval=2.6155 cls=0.4098 cme=2.2057 acc=0.9754 cells=118036
[ct_train] early_stopping: no improve on val/eval_loss for 2/45 val checks
[ct_train] rechunked train graphs (seed=137)

=== Epoch 137/1000 ===
[train] loss=5.2277 cls=0.5729 cme=2.1706 acc=0.9818 cells=158379
[ct_train] rechunked train graphs (seed=138)

=== Epoch 138/1000 ===
[train] loss=5.1974 cls=0.5726 cme=2.1567 acc=0.9820 cells=158379
[val]   loss=5.3011 eval=2.6148 cls=0.4097 cme=2.2051 acc=0.9754 cells=118036
[ct_train] saved best checkpoint (val_eval_loss=2.6148 val_acc=0.9755)
[ct_train] rechunked train graphs (seed=139)

=== Epoch 139/1000 ===
[train] loss=5.2061 cls=0.5724 cme=2.1608 acc=0.9823 cells=158379
[ct_train] rechunked train graphs (seed=140)

=== Epoch 140/1000 ===
[train] loss=5.2020 cls=0.5714 cme=2.1593 acc=0.9826 cells=158379
[val]   loss=5.3004 eval=2.6145 cls=0.4097 cme=2.2048 acc=0.9756 cells=118036
[ct_train] saved best checkpoint (val_eval_loss=2.6145 val_acc=0.9756)
[ct_train] rechunked train graphs (seed=141)

=== Epoch 141/1000 ===
[train] loss=5.2062 cls=0.5720 cme=2.1611 acc=0.9820 cells=158379
[ct_train] rechunked train graphs (seed=142)

=== Epoch 142/1000 ===
[train] loss=5.2042 cls=0.5708 cme=2.1606 acc=0.9827 cells=158379
[val]   loss=5.3003 eval=2.6146 cls=0.4099 cme=2.2047 acc=0.9756 cells=118036
[ct_train] early_stopping: no improve on val/eval_loss for 1/45 val checks
[ct_train] rechunked train graphs (seed=143)

=== Epoch 143/1000 ===
[train] loss=5.1996 cls=0.5711 cme=2.1583 acc=0.9823 cells=158379
[ct_train] rechunked train graphs (seed=144)

=== Epoch 144/1000 ===
[train] loss=5.2058 cls=0.5714 cme=2.1611 acc=0.9824 cells=158379
[val]   loss=5.2998 eval=2.6143 cls=0.4098 cme=2.2046 acc=0.9756 cells=118036
[ct_train] saved best checkpoint (val_eval_loss=2.6143 val_acc=0.9756)
[ct_train] early_stopping: no improve on val/eval_loss for 2/45 val checks
[ct_train] rechunked train graphs (seed=145)

=== Epoch 145/1000 ===
[train] loss=5.2090 cls=0.5711 cme=2.1627 acc=0.9824 cells=158379
[ct_train] rechunked train graphs (seed=146)

=== Epoch 146/1000 ===
[train] loss=5.1993 cls=0.5704 cme=2.1586 acc=0.9826 cells=158379
[val]   loss=5.2996 eval=2.6142 cls=0.4098 cme=2.2044 acc=0.9757 cells=118036
[ct_train] saved best checkpoint (val_eval_loss=2.6142 val_acc=0.9757)
[ct_train] early_stopping: no improve on val/eval_loss for 3/45 val checks
[ct_train] rechunked train graphs (seed=147)

=== Epoch 147/1000 ===
[train] loss=5.2008 cls=0.5700 cme=2.1594 acc=0.9829 cells=158379
[ct_train] rechunked train graphs (seed=148)

=== Epoch 148/1000 ===
[train] loss=5.2003 cls=0.5693 cme=2.1595 acc=0.9831 cells=158379
[val]   loss=5.2996 eval=2.6143 cls=0.4098 cme=2.2045 acc=0.9756 cells=118036
[ct_train] early_stopping: no improve on val/eval_loss for 4/45 val checks
[ct_train] rechunked train graphs (seed=149)

=== Epoch 149/1000 ===
[train] loss=5.1967 cls=0.5703 cme=2.1574 acc=0.9828 cells=158379
[ct_train] rechunked train graphs (seed=150)

=== Epoch 150/1000 ===
[train] loss=5.1983 cls=0.5700 cme=2.1583 acc=0.9828 cells=158379
[val]   loss=5.2990 eval=2.6140 cls=0.4099 cme=2.2041 acc=0.9756 cells=118036
[ct_train] saved best checkpoint (val_eval_loss=2.6140 val_acc=0.9757)
[ct_train] early_stopping: no improve on val/eval_loss for 5/45 val checks
[ct_train] rechunked train graphs (seed=151)

=== Epoch 151/1000 ===
[train] loss=5.1995 cls=0.5694 cme=2.1591 acc=0.9832 cells=158379
[ct_train] rechunked train graphs (seed=152)

=== Epoch 152/1000 ===
[train] loss=5.2037 cls=0.5696 cme=2.1610 acc=0.9829 cells=158379
[val]   loss=5.2981 eval=2.6135 cls=0.4098 cme=2.2038 acc=0.9757 cells=118036
[ct_train] saved best checkpoint (val_eval_loss=2.6135 val_acc=0.9757)
[ct_train] rechunked train graphs (seed=153)

=== Epoch 153/1000 ===
[train] loss=5.1935 cls=0.5699 cme=2.1561 acc=0.9830 cells=158379
[ct_train] rechunked train graphs (seed=154)

=== Epoch 154/1000 ===
[train] loss=5.1934 cls=0.5687 cme=2.1566 acc=0.9828 cells=158379
[val]   loss=5.2982 eval=2.6138 cls=0.4099 cme=2.2039 acc=0.9757 cells=118036
[ct_train] early_stopping: no improve on val/eval_loss for 1/45 val checks
[ct_train] rechunked train graphs (seed=155)

=== Epoch 155/1000 ===
[train] loss=5.2009 cls=0.5688 cme=2.1600 acc=0.9835 cells=158379
[ct_train] rechunked train graphs (seed=156)

=== Epoch 156/1000 ===
[train] loss=5.1904 cls=0.5680 cme=2.1556 acc=0.9841 cells=158379
[val]   loss=5.2993 eval=2.6145 cls=0.4102 cme=2.2043 acc=0.9756 cells=118036
[ct_train] early_stopping: no improve on val/eval_loss for 2/45 val checks
[ct_train] rechunked train graphs (seed=157)

=== Epoch 157/1000 ===
[train] loss=5.1937 cls=0.5678 cme=2.1572 acc=0.9835 cells=158379
[ct_train] rechunked train graphs (seed=158)

=== Epoch 158/1000 ===
[train] loss=5.1963 cls=0.5681 cme=2.1582 acc=0.9836 cells=158379
[val]   loss=5.2986 eval=2.6144 cls=0.4104 cme=2.2040 acc=0.9756 cells=118036
[ct_train] early_stopping: no improve on val/eval_loss for 3/45 val checks
[ct_train] rechunked train graphs (seed=159)

=== Epoch 159/1000 ===
[train] loss=5.1822 cls=0.5668 cme=2.1523 acc=0.9838 cells=158379
[ct_train] rechunked train graphs (seed=160)

=== Epoch 160/1000 ===
[train] loss=5.1945 cls=0.5673 cme=2.1578 acc=0.9839 cells=158379
[val]   loss=5.2990 eval=2.6147 cls=0.4105 cme=2.2042 acc=0.9757 cells=118036
[ct_train] early_stopping: no improve on val/eval_loss for 4/45 val checks
[ct_train] rechunked train graphs (seed=161)

=== Epoch 161/1000 ===
[train] loss=5.1864 cls=0.5664 cme=2.1545 acc=0.9842 cells=158379
[ct_train] rechunked train graphs (seed=162)

=== Epoch 162/1000 ===
[train] loss=5.1941 cls=0.5671 cme=2.1576 acc=0.9839 cells=158379
[val]   loss=5.2984 eval=2.6144 cls=0.4105 cme=2.2039 acc=0.9756 cells=118036
[ct_train] early_stopping: no improve on val/eval_loss for 5/45 val checks
[ct_train] rechunked train graphs (seed=163)

=== Epoch 163/1000 ===
[train] loss=5.1789 cls=0.5664 cme=2.1509 acc=0.9843 cells=158379
[ct_train] rechunked train graphs (seed=164)

=== Epoch 164/1000 ===
[train] loss=5.1785 cls=0.5657 cme=2.1511 acc=0.9844 cells=158379
[val]   loss=5.2987 eval=2.6145 cls=0.4105 cme=2.2040 acc=0.9755 cells=118036
[ct_train] early_stopping: no improve on val/eval_loss for 6/45 val checks
[ct_train] rechunked train graphs (seed=165)

=== Epoch 165/1000 ===
[train] loss=5.1799 cls=0.5659 cme=2.1516 acc=0.9842 cells=158379
[ct_train] rechunked train graphs (seed=166)

=== Epoch 166/1000 ===
[train] loss=5.1795 cls=0.5649 cme=2.1520 acc=0.9847 cells=158379
[val]   loss=5.2984 eval=2.6144 cls=0.4105 cme=2.2039 acc=0.9756 cells=118036
[ct_train] early_stopping: no improve on val/eval_loss for 7/45 val checks
[ct_train] rechunked train graphs (seed=167)

=== Epoch 167/1000 ===
[train] loss=5.1878 cls=0.5662 cme=2.1552 acc=0.9844 cells=158379
[ct_train] rechunked train graphs (seed=168)

=== Epoch 168/1000 ===
[train] loss=5.1802 cls=0.5651 cme=2.1522 acc=0.9843 cells=158379
[val]   loss=5.2989 eval=2.6145 cls=0.4104 cme=2.2041 acc=0.9758 cells=118036
[ct_train] early_stopping: no improve on val/eval_loss for 8/45 val checks
[ct_train] rechunked train graphs (seed=169)

=== Epoch 169/1000 ===
[train] loss=5.1792 cls=0.5657 cme=2.1515 acc=0.9841 cells=158379
[ct_train] rechunked train graphs (seed=170)

=== Epoch 170/1000 ===
[train] loss=5.1856 cls=0.5659 cme=2.1543 acc=0.9843 cells=158379
[val]   loss=5.2989 eval=2.6146 cls=0.4105 cme=2.2041 acc=0.9756 cells=118036
[ct_train] early_stopping: no improve on val/eval_loss for 9/45 val checks
[ct_train] rechunked train graphs (seed=171)

=== Epoch 171/1000 ===
[train] loss=5.1733 cls=0.5648 cme=2.1491 acc=0.9843 cells=158379
[ct_train] rechunked train graphs (seed=172)

=== Epoch 172/1000 ===
[train] loss=5.1796 cls=0.5656 cme=2.1517 acc=0.9844 cells=158379
[val]   loss=5.2987 eval=2.6148 cls=0.4107 cme=2.2040 acc=0.9756 cells=118036
[ct_train] early_stopping: no improve on val/eval_loss for 10/45 val checks
[ct_train] rechunked train graphs (seed=173)

=== Epoch 173/1000 ===
[train] loss=5.1920 cls=0.5651 cme=2.1576 acc=0.9846 cells=158379
[ct_train] rechunked train graphs (seed=174)

=== Epoch 174/1000 ===
[train] loss=5.1767 cls=0.5646 cme=2.1508 acc=0.9848 cells=158379
[val]   loss=5.2992 eval=2.6150 cls=0.4107 cme=2.2042 acc=0.9756 cells=118036
[ct_train] early_stopping: no improve on val/eval_loss for 11/45 val checks
[ct_train] rechunked train graphs (seed=175)

=== Epoch 175/1000 ===
[train] loss=5.1808 cls=0.5643 cme=2.1528 acc=0.9848 cells=158379
[ct_train] rechunked train graphs (seed=176)

=== Epoch 176/1000 ===
[train] loss=5.1774 cls=0.5642 cme=2.1513 acc=0.9850 cells=158379
[val]   loss=5.3005 eval=2.6157 cls=0.4109 cme=2.2048 acc=0.9757 cells=118036
[ct_train] early_stopping: no improve on val/eval_loss for 12/45 val checks
[ct_train] rechunked train graphs (seed=177)

=== Epoch 177/1000 ===
[train] loss=5.1674 cls=0.5634 cme=2.1470 acc=0.9855 cells=158379
[ct_train] rechunked train graphs (seed=178)

=== Epoch 178/1000 ===
[train] loss=5.1709 cls=0.5636 cme=2.1485 acc=0.9851 cells=158379
[val]   loss=5.3006 eval=2.6157 cls=0.4108 cme=2.2049 acc=0.9758 cells=118036
[ct_train] early_stopping: no improve on val/eval_loss for 13/45 val checks
[ct_train] rechunked train graphs (seed=179)

=== Epoch 179/1000 ===
[train] loss=5.1857 cls=0.5639 cme=2.1553 acc=0.9850 cells=158379
[ct_train] rechunked train graphs (seed=180)

=== Epoch 180/1000 ===
[train] loss=5.1730 cls=0.5623 cme=2.1502 acc=0.9855 cells=158379
[val]   loss=5.3005 eval=2.6156 cls=0.4108 cme=2.2048 acc=0.9756 cells=118036
[ct_train] early_stopping: no improve on val/eval_loss for 14/45 val checks
[ct_train] rechunked train graphs (seed=181)

=== Epoch 181/1000 ===
[train] loss=5.1607 cls=0.5626 cme=2.1444 acc=0.9856 cells=158379
[ct_train] rechunked train graphs (seed=182)

=== Epoch 182/1000 ===
[train] loss=5.1685 cls=0.5630 cme=2.1478 acc=0.9855 cells=158379
[val]   loss=5.3015 eval=2.6163 cls=0.4110 cme=2.2052 acc=0.9756 cells=118036
[ct_train] early_stopping: no improve on val/eval_loss for 15/45 val checks
[ct_train] rechunked train graphs (seed=183)

=== Epoch 183/1000 ===
[train] loss=5.1684 cls=0.5624 cme=2.1480 acc=0.9857 cells=158379
[ct_train] rechunked train graphs (seed=184)

=== Epoch 184/1000 ===
[train] loss=5.1626 cls=0.5624 cme=2.1453 acc=0.9857 cells=158379
[val]   loss=5.3018 eval=2.6166 cls=0.4112 cme=2.2054 acc=0.9757 cells=118036
[ct_train] early_stopping: no improve on val/eval_loss for 16/45 val checks
[ct_train] rechunked train graphs (seed=185)

=== Epoch 185/1000 ===
[train] loss=5.1672 cls=0.5624 cme=2.1474 acc=0.9855 cells=158379
[ct_train] rechunked train graphs (seed=186)

=== Epoch 186/1000 ===
[train] loss=5.1741 cls=0.5628 cme=2.1505 acc=0.9857 cells=158379
[val]   loss=5.3015 eval=2.6163 cls=0.4111 cme=2.2052 acc=0.9758 cells=118036
[ct_train] early_stopping: no improve on val/eval_loss for 17/45 val checks
[ct_train] rechunked train graphs (seed=187)

=== Epoch 187/1000 ===
[train] loss=5.1692 cls=0.5628 cme=2.1481 acc=0.9852 cells=158379
[ct_train] rechunked train graphs (seed=188)

=== Epoch 188/1000 ===
[train] loss=5.1653 cls=0.5632 cme=2.1462 acc=0.9850 cells=158379
[val]   loss=5.3021 eval=2.6168 cls=0.4114 cme=2.2054 acc=0.9758 cells=118036
[ct_train] early_stopping: no improve on val/eval_loss for 18/45 val checks
[ct_train] rechunked train graphs (seed=189)

=== Epoch 189/1000 ===
[train] loss=5.1674 cls=0.5627 cme=2.1474 acc=0.9854 cells=158379
[ct_train] rechunked train graphs (seed=190)

=== Epoch 190/1000 ===
[train] loss=5.1660 cls=0.5622 cme=2.1470 acc=0.9856 cells=158379
[val]   loss=5.3024 eval=2.6167 cls=0.4109 cme=2.2058 acc=0.9759 cells=118036
[ct_train] early_stopping: no improve on val/eval_loss for 19/45 val checks
[ct_train] rechunked train graphs (seed=191)

=== Epoch 191/1000 ===
[train] loss=5.1712 cls=0.5621 cme=2.1494 acc=0.9858 cells=158379
[ct_train] rechunked train graphs (seed=192)

=== Epoch 192/1000 ===
[train] loss=5.1675 cls=0.5611 cme=2.1482 acc=0.9860 cells=158379
[val]   loss=5.3012 eval=2.6161 cls=0.4108 cme=2.2053 acc=0.9759 cells=118036
[ct_train] early_stopping: no improve on val/eval_loss for 20/45 val checks
[ct_train] rechunked train graphs (seed=193)

=== Epoch 193/1000 ===
[train] loss=5.1668 cls=0.5610 cme=2.1479 acc=0.9859 cells=158379
[ct_train] rechunked train graphs (seed=194)

=== Epoch 194/1000 ===
[train] loss=5.1637 cls=0.5601 cme=2.1468 acc=0.9864 cells=158379
[val]   loss=5.3024 eval=2.6166 cls=0.4109 cme=2.2057 acc=0.9760 cells=118036
[ct_train] early_stopping: no improve on val/eval_loss for 21/45 val checks
[ct_train] rechunked train graphs (seed=195)

=== Epoch 195/1000 ===
[train] loss=5.1566 cls=0.5606 cme=2.1434 acc=0.9864 cells=158379
[ct_train] rechunked train graphs (seed=196)

=== Epoch 196/1000 ===
[train] loss=5.1599 cls=0.5608 cme=2.1448 acc=0.9861 cells=158379
[val]   loss=5.3018 eval=2.6164 cls=0.4110 cme=2.2053 acc=0.9759 cells=118036
[ct_train] early_stopping: no improve on val/eval_loss for 22/45 val checks
[ct_train] rechunked train graphs (seed=197)

=== Epoch 197/1000 ===
[train] loss=5.1524 cls=0.5599 cme=2.1418 acc=0.9862 cells=158379
[ct_train] rechunked train graphs (seed=198)

=== Epoch 198/1000 ===
[train] loss=5.1587 cls=0.5608 cme=2.1442 acc=0.9861 cells=158379
[val]   loss=5.3031 eval=2.6170 cls=0.4110 cme=2.2059 acc=0.9759 cells=118036
[ct_train] early_stopping: no improve on val/eval_loss for 23/45 val checks
[ct_train] rechunked train graphs (seed=199)

=== Epoch 199/1000 ===
[train] loss=5.1587 cls=0.5604 cme=2.1444 acc=0.9862 cells=158379
[ct_train] rechunked train graphs (seed=200)

=== Epoch 200/1000 ===
[train] loss=5.1633 cls=0.5601 cme=2.1467 acc=0.9864 cells=158379
[val]   loss=5.3047 eval=2.6180 cls=0.4114 cme=2.2066 acc=0.9758 cells=118036
[ct_train] early_stopping: no improve on val/eval_loss for 24/45 val checks
[ct_train] rechunked train graphs (seed=201)

=== Epoch 201/1000 ===
[train] loss=5.1482 cls=0.5594 cme=2.1401 acc=0.9867 cells=158379
[ct_train] rechunked train graphs (seed=202)

=== Epoch 202/1000 ===
[train] loss=5.1495 cls=0.5592 cme=2.1407 acc=0.9868 cells=158379
[val]   loss=5.3053 eval=2.6184 cls=0.4116 cme=2.2068 acc=0.9759 cells=118036
[ct_train] early_stopping: no improve on val/eval_loss for 25/45 val checks
[ct_train] rechunked train graphs (seed=203)

=== Epoch 203/1000 ===
[train] loss=5.1582 cls=0.5594 cme=2.1446 acc=0.9865 cells=158379
[ct_train] rechunked train graphs (seed=204)

=== Epoch 204/1000 ===
[train] loss=5.1462 cls=0.5589 cme=2.1393 acc=0.9869 cells=158379
[val]   loss=5.3054 eval=2.6185 cls=0.4118 cme=2.2067 acc=0.9758 cells=118036
[ct_train] early_stopping: no improve on val/eval_loss for 26/45 val checks
[ct_train] rechunked train graphs (seed=205)

=== Epoch 205/1000 ===
[train] loss=5.1463 cls=0.5593 cme=2.1392 acc=0.9865 cells=158379
[ct_train] rechunked train graphs (seed=206)

=== Epoch 206/1000 ===
[train] loss=5.1681 cls=0.5600 cme=2.1490 acc=0.9866 cells=158379
[val]   loss=5.3062 eval=2.6190 cls=0.4120 cme=2.2071 acc=0.9757 cells=118036
[ct_train] early_stopping: no improve on val/eval_loss for 27/45 val checks
[ct_train] rechunked train graphs (seed=207)

=== Epoch 207/1000 ===
[train] loss=5.1601 cls=0.5588 cme=2.1457 acc=0.9870 cells=158379
[ct_train] rechunked train graphs (seed=208)

=== Epoch 208/1000 ===
[train] loss=5.1486 cls=0.5583 cme=2.1407 acc=0.9871 cells=158379
[val]   loss=5.3057 eval=2.6189 cls=0.4120 cme=2.2069 acc=0.9757 cells=118036
[ct_train] early_stopping: no improve on val/eval_loss for 28/45 val checks
[ct_train] rechunked train graphs (seed=209)

=== Epoch 209/1000 ===
[train] loss=5.1507 cls=0.5586 cme=2.1415 acc=0.9870 cells=158379
[ct_train] rechunked train graphs (seed=210)

=== Epoch 210/1000 ===
[train] loss=5.1591 cls=0.5592 cme=2.1452 acc=0.9868 cells=158379
[val]   loss=5.3052 eval=2.6187 cls=0.4121 cme=2.2066 acc=0.9759 cells=118036
[ct_train] early_stopping: no improve on val/eval_loss for 29/45 val checks
[ct_train] rechunked train graphs (seed=211)

=== Epoch 211/1000 ===
[train] loss=5.1496 cls=0.5573 cme=2.1416 acc=0.9876 cells=158379
[ct_train] rechunked train graphs (seed=212)

=== Epoch 212/1000 ===
[train] loss=5.1490 cls=0.5581 cme=2.1410 acc=0.9875 cells=158379
[val]   loss=5.3048 eval=2.6185 cls=0.4122 cme=2.2063 acc=0.9759 cells=118036
[ct_train] early_stopping: no improve on val/eval_loss for 30/45 val checks
[ct_train] rechunked train graphs (seed=213)

=== Epoch 213/1000 ===
[train] loss=5.1366 cls=0.5574 cme=2.1356 acc=0.9870 cells=158379
[ct_train] rechunked train graphs (seed=214)

=== Epoch 214/1000 ===
[train] loss=5.1514 cls=0.5575 cme=2.1424 acc=0.9876 cells=158379
[val]   loss=5.3063 eval=2.6194 cls=0.4125 cme=2.2069 acc=0.9759 cells=118036
[ct_train] early_stopping: no improve on val/eval_loss for 31/45 val checks
[ct_train] rechunked train graphs (seed=215)

=== Epoch 215/1000 ===
[train] loss=5.1458 cls=0.5576 cme=2.1398 acc=0.9872 cells=158379
[ct_train] rechunked train graphs (seed=216)

=== Epoch 216/1000 ===
[train] loss=5.1383 cls=0.5567 cme=2.1367 acc=0.9877 cells=158379
[val]   loss=5.3073 eval=2.6199 cls=0.4125 cme=2.2074 acc=0.9759 cells=118036
[ct_train] early_stopping: no improve on val/eval_loss for 32/45 val checks
[ct_train] rechunked train graphs (seed=217)

=== Epoch 217/1000 ===
[train] loss=5.1450 cls=0.5567 cme=2.1398 acc=0.9879 cells=158379
[ct_train] rechunked train graphs (seed=218)

=== Epoch 218/1000 ===
[train] loss=5.1453 cls=0.5565 cme=2.1400 acc=0.9877 cells=158379
[val]   loss=5.3083 eval=2.6206 cls=0.4129 cme=2.2077 acc=0.9757 cells=118036
[ct_train] early_stopping: no improve on val/eval_loss for 33/45 val checks
[ct_train] rechunked train graphs (seed=219)

=== Epoch 219/1000 ===
[train] loss=5.1459 cls=0.5562 cme=2.1404 acc=0.9881 cells=158379
[ct_train] rechunked train graphs (seed=220)

=== Epoch 220/1000 ===
[train] loss=5.1490 cls=0.5562 cme=2.1419 acc=0.9878 cells=158379
[val]   loss=5.3080 eval=2.6207 cls=0.4132 cme=2.2075 acc=0.9758 cells=118036
[ct_train] early_stopping: no improve on val/eval_loss for 34/45 val checks
[ct_train] rechunked train graphs (seed=221)

=== Epoch 221/1000 ===
[train] loss=5.1374 cls=0.5562 cme=2.1365 acc=0.9878 cells=158379
[ct_train] rechunked train graphs (seed=222)

=== Epoch 222/1000 ===
[train] loss=5.1289 cls=0.5567 cme=2.1323 acc=0.9876 cells=158379
[val]   loss=5.3079 eval=2.6207 cls=0.4133 cme=2.2074 acc=0.9758 cells=118036
[ct_train] early_stopping: no improve on val/eval_loss for 35/45 val checks
[ct_train] rechunked train graphs (seed=223)

=== Epoch 223/1000 ===
[train] loss=5.1409 cls=0.5567 cme=2.1379 acc=0.9874 cells=158379
[ct_train] rechunked train graphs (seed=224)

=== Epoch 224/1000 ===
[train] loss=5.1507 cls=0.5562 cme=2.1426 acc=0.9881 cells=158379
[val]   loss=5.3098 eval=2.6214 cls=0.4131 cme=2.2083 acc=0.9757 cells=118036
[ct_train] early_stopping: no improve on val/eval_loss for 36/45 val checks
[ct_train] rechunked train graphs (seed=225)

=== Epoch 225/1000 ===
[train] loss=5.1389 cls=0.5557 cme=2.1375 acc=0.9880 cells=158379
[ct_train] rechunked train graphs (seed=226)

=== Epoch 226/1000 ===
[train] loss=5.1486 cls=0.5562 cme=2.1416 acc=0.9879 cells=158379
[val]   loss=5.3102 eval=2.6216 cls=0.4132 cme=2.2084 acc=0.9755 cells=118036
[ct_train] early_stopping: no improve on val/eval_loss for 37/45 val checks
[ct_train] rechunked train graphs (seed=227)

=== Epoch 227/1000 ===
[train] loss=5.1317 cls=0.5560 cme=2.1340 acc=0.9878 cells=158379
[ct_train] rechunked train graphs (seed=228)

=== Epoch 228/1000 ===
[train] loss=5.1361 cls=0.5554 cme=2.1363 acc=0.9879 cells=158379
[val]   loss=5.3098 eval=2.6215 cls=0.4135 cme=2.2081 acc=0.9756 cells=118036
[ct_train] early_stopping: no improve on val/eval_loss for 38/45 val checks
[ct_train] rechunked train graphs (seed=229)

=== Epoch 229/1000 ===
[train] loss=5.1410 cls=0.5554 cme=2.1386 acc=0.9884 cells=158379
[ct_train] rechunked train graphs (seed=230)

=== Epoch 230/1000 ===
[train] loss=5.1335 cls=0.5549 cme=2.1353 acc=0.9884 cells=158379
[val]   loss=5.3114 eval=2.6225 cls=0.4137 cme=2.2088 acc=0.9757 cells=118036
[ct_train] early_stopping: no improve on val/eval_loss for 39/45 val checks
[ct_train] rechunked train graphs (seed=231)

=== Epoch 231/1000 ===
[train] loss=5.1415 cls=0.5558 cme=2.1385 acc=0.9880 cells=158379
[ct_train] rechunked train graphs (seed=232)

=== Epoch 232/1000 ===
[train] loss=5.1493 cls=0.5561 cme=2.1421 acc=0.9877 cells=158379
[val]   loss=5.3123 eval=2.6227 cls=0.4135 cme=2.2093 acc=0.9757 cells=118036
[ct_train] early_stopping: no improve on val/eval_loss for 40/45 val checks
[ct_train] rechunked train graphs (seed=233)

=== Epoch 233/1000 ===
[train] loss=5.1382 cls=0.5548 cme=2.1375 acc=0.9887 cells=158379
[ct_train] rechunked train graphs (seed=234)

=== Epoch 234/1000 ===
[train] loss=5.1379 cls=0.5548 cme=2.1374 acc=0.9884 cells=158379
[val]   loss=5.3112 eval=2.6223 cls=0.4135 cme=2.2088 acc=0.9757 cells=118036
[ct_train] early_stopping: no improve on val/eval_loss for 41/45 val checks
[ct_train] rechunked train graphs (seed=235)

=== Epoch 235/1000 ===
[train] loss=5.1275 cls=0.5535 cme=2.1332 acc=0.9891 cells=158379
[ct_train] rechunked train graphs (seed=236)

=== Epoch 236/1000 ===
[train] loss=5.1437 cls=0.5545 cme=2.1403 acc=0.9888 cells=158379
[val]   loss=5.3123 eval=2.6230 cls=0.4137 cme=2.2093 acc=0.9758 cells=118036
[ct_train] early_stopping: no improve on val/eval_loss for 42/45 val checks
[ct_train] rechunked train graphs (seed=237)

=== Epoch 237/1000 ===
[train] loss=5.1521 cls=0.5550 cme=2.1439 acc=0.9884 cells=158379
[ct_train] rechunked train graphs (seed=238)

=== Epoch 238/1000 ===
[train] loss=5.1320 cls=0.5545 cme=2.1348 acc=0.9885 cells=158379
[val]   loss=5.3119 eval=2.6229 cls=0.4138 cme=2.2091 acc=0.9758 cells=118036
[ct_train] early_stopping: no improve on val/eval_loss for 43/45 val checks
[ct_train] rechunked train graphs (seed=239)

=== Epoch 239/1000 ===
[train] loss=5.1282 cls=0.5536 cme=2.1334 acc=0.9888 cells=158379
[ct_train] rechunked train graphs (seed=240)

=== Epoch 240/1000 ===
[train] loss=5.1245 cls=0.5535 cme=2.1318 acc=0.9889 cells=158379
[val]   loss=5.3137 eval=2.6238 cls=0.4140 cme=2.2098 acc=0.9758 cells=118036
[ct_train] early_stopping: no improve on val/eval_loss for 44/45 val checks
[ct_train] rechunked train graphs (seed=241)

=== Epoch 241/1000 ===
[train] loss=5.1445 cls=0.5543 cme=2.1407 acc=0.9888 cells=158379
[ct_train] rechunked train graphs (seed=242)

=== Epoch 242/1000 ===
[train] loss=5.1348 cls=0.5532 cme=2.1367 acc=0.9889 cells=158379
[val]   loss=5.3125 eval=2.6232 cls=0.4140 cme=2.2092 acc=0.9757 cells=118036
[ct_train] early_stopping: no improve on val/eval_loss for 45/45 val checks
[ct_train] early stopping at epoch 242 (patience=45, monitor=val/eval_loss)

[ct_train] done. best_val_acc=0.9760  best_val_eval_loss=2.6135  checkpoints=/home/abel/code/Tissue-Reassembly-using-GenAI-and-new-metrics/exploration/cell_types/outputs/exp127_ls008  logs=/home/abel/code/Tissue-Reassembly-using-GenAI-and-new-metrics/exploration/cell_types/logs/exp127_ls008/20260808_053730
wandb: updating run metadata
wandb: uploading output.log; uploading wandb-summary.json; uploading config.yaml
wandb: uploading history steps 224-242, summary, console lines 1151-1240
wandb: 
wandb: Run summary:
wandb:                      best_epoch 152
wandb:                    best_val_acc 0.97599
wandb:              best_val_eval_loss 2.61354
wandb:                           epoch 242
wandb:                              lr 0.00018
wandb:           model/parameter_count 1305308
wandb: model/trainable_parameter_count 1305308
wandb:                       train/acc 0.98894
wandb:       train/acc_per_class/Astro 0.99221
wandb:        train/acc_per_class/Endo 0.98763
wandb:                             +54 ...
wandb: 
wandb:  View run exp127_ls008 at: https://wandb.ai/abel-salmona-polytechnique-montr-al/cell_types/runs/j66y22oh
wandb:  View project at: https://wandb.ai/abel-salmona-polytechnique-montr-al/cell_types
wandb: Synced 5 W&B file(s), 1 media file(s), 2 artifact file(s) and 1 other file(s)
wandb: Find logs at: ./exploration/cell_types/logs/exp127_ls008/20260808_053730/wandb/run-20260808_053738-j66y22oh/logs
