[ct_train] config=exploration/cell_types/experiments/configs/exp155_pre_norm.json
[ct_train] device=cuda  checkpoints=/home/abel/code/Tissue-Reassembly-using-GenAI-and-new-metrics/exploration/cell_types/outputs/exp155_pre_norm
[ct_train] logs=/home/abel/code/Tissue-Reassembly-using-GenAI-and-new-metrics/exploration/cell_types/logs/exp155_pre_norm/20260808_082455
[ct_train] Loading data …
[DataModule] Reading '/home/abel/biodata/MERFISH_LUNA_small_cortex/MERFISH_mouse_cortex_train.csv' (split=train) with float32 dtype on 254 gene cols + coord cols …
[DataModule] Loaded 158,379 rows for split=train.
[DataModule] Reading '/home/abel/biodata/MERFISH_LUNA_small_cortex/MERFISH_mouse_cortex_test.csv' (split=test) with float32 dtype on 254 gene cols + coord cols …
[DataModule] Loaded 118,036 rows for split=test.
[DataModule] Reading '/home/abel/biodata/MERFISH_LUNA_small_cortex/MERFISH_mouse_cortex_test.csv' (split=validation) with float32 dtype on 254 gene cols + coord cols …
[DataModule] Loaded 118,036 rows for split=validation.
[ct_train] genes=254  classes=23
[ct_train] model predict_cme=True  params=1,305,308
[ct_train] soft CME loaded split=train sigma=96.0 n=158379 C=23
[ct_train] soft CME loaded split=validation sigma=96.0 n=118036 C=23
[ct_train] soft CME loaded split=train sigma=50.0 n=158379 C=23
[ct_train] soft CME loaded split=train sigma=64.0 n=158379 C=23
[ct_train] soft CME loaded split=validation sigma=50.0 n=118036 C=23
[ct_train] soft CME loaded split=validation sigma=64.0 n=118036 C=23
wandb: [wandb.login()] Loaded credentials for https://api.wandb.ai from /home/abel/.netrc.
wandb: Currently logged in as: abel-salmona (abel-salmona-polytechnique-montr-al) to https://api.wandb.ai. Use `wandb login --relogin` to force relogin
wandb: WARNING Using a boolean value for 'reinit' is deprecated. Use 'return_previous' or 'finish_previous' instead.
wandb: setting up run 2wo9dsag
wandb: Tracking run with wandb version 0.26.1
wandb: Run data is saved locally in /home/abel/code/Tissue-Reassembly-using-GenAI-and-new-metrics/exploration/cell_types/logs/exp155_pre_norm/20260808_082455/wandb/run-20260808_082503-2wo9dsag
wandb: Run `wandb offline` to turn off syncing.
wandb: Syncing run exp155_pre_norm
wandb:  View project at https://wandb.ai/abel-salmona-polytechnique-montr-al/cell_types
wandb:  View run at https://wandb.ai/abel-salmona-polytechnique-montr-al/cell_types/runs/2wo9dsag
wandb: WARNING Saving files without folders. If you want to preserve subdirectories pass base_path to wandb.save, i.e. wandb.save("/mnt/folder/file.h5", base_path="/mnt")
wandb: WARNING Symlinked 1 file into the W&B run directory; call wandb.save again to sync new files.
[ct_train] wandb: project=cell_types name=exp155_pre_norm mode=online url=https://wandb.ai/abel-salmona-polytechnique-montr-al/cell_types/runs/2wo9dsag
[ct_train] parameters: total=1,305,308 trainable=1,305,308
  [params] mlp_in_node_features: 26,720
  [params] transformer_layers: 633,600
  [params] type_stage1: 28,320
  [params] env_stage1: 93,056
  [params] type_probe: 2,231
  [params] env_probe: 7,383
  [params] fusion_mlp: 383,008
  [params] type_stage2: 30,551
  [params] env_stage2: 100,439
[ct_train] EMA enabled decay=0.98
[ct_train] rechunked train graphs (seed=1)

=== Epoch 1/1000 ===
[train] loss=8.6537 cls=2.6700 cme=2.7581 acc=0.3436 cells=158379
[ct_train] rechunked train graphs (seed=2)

=== Epoch 2/1000 ===
[train] loss=7.1307 cls=1.7321 cme=2.4909 acc=0.6781 cells=158379
[val]   loss=8.1610 eval=5.0106 cls=2.3241 cme=2.6865 acc=0.6461 cells=118036
[ct_train] saved best checkpoint (val_eval_loss=5.0106 val_acc=0.6461)
[ct_train] rechunked train graphs (seed=3)

=== Epoch 3/1000 ===
[train] loss=6.3610 cls=1.1398 cme=2.4101 acc=0.8080 cells=158379
[ct_train] rechunked train graphs (seed=4)

=== Epoch 4/1000 ===
[train] loss=5.9924 cls=0.8652 cme=2.3673 acc=0.8770 cells=158379
[val]   loss=6.5315 eval=3.6391 cls=1.1852 cme=2.4539 acc=0.8452 cells=118036
[ct_train] saved best checkpoint (val_eval_loss=3.6391 val_acc=0.8452)
[ct_train] rechunked train graphs (seed=5)

=== Epoch 5/1000 ===
[train] loss=5.7937 cls=0.7343 cme=2.3363 acc=0.9133 cells=158379
[ct_train] rechunked train graphs (seed=6)

=== Epoch 6/1000 ===
[train] loss=5.7104 cls=0.6719 cme=2.3267 acc=0.9289 cells=158379
[val]   loss=5.8793 eval=3.0789 cls=0.7132 cme=2.3657 acc=0.9179 cells=118036
[ct_train] saved best checkpoint (val_eval_loss=3.0789 val_acc=0.9179)
[ct_train] rechunked train graphs (seed=7)

=== Epoch 7/1000 ===
[train] loss=5.6290 cls=0.6365 cme=2.3057 acc=0.9374 cells=158379
[ct_train] rechunked train graphs (seed=8)

=== Epoch 8/1000 ===
[train] loss=5.5721 cls=0.6123 cme=2.2908 acc=0.9428 cells=158379
[val]   loss=5.6415 eval=2.8829 cls=0.5589 cme=2.3240 acc=0.9414 cells=118036
[ct_train] saved best checkpoint (val_eval_loss=2.8829 val_acc=0.9414)
[ct_train] rechunked train graphs (seed=9)

=== Epoch 9/1000 ===
[train] loss=5.5613 cls=0.6015 cme=2.2908 acc=0.9457 cells=158379
[ct_train] rechunked train graphs (seed=10)

=== Epoch 10/1000 ===
[train] loss=5.5314 cls=0.5886 cme=2.2831 acc=0.9476 cells=158379
[val]   loss=5.5398 eval=2.8053 cls=0.5049 cme=2.3003 acc=0.9505 cells=118036
[ct_train] saved best checkpoint (val_eval_loss=2.8053 val_acc=0.9505)
[ct_train] rechunked train graphs (seed=11)

=== Epoch 11/1000 ===
[train] loss=5.4950 cls=0.5794 cme=2.2706 acc=0.9501 cells=158379
[ct_train] rechunked train graphs (seed=12)

=== Epoch 12/1000 ===
[train] loss=5.4882 cls=0.5724 cme=2.2707 acc=0.9526 cells=158379
[val]   loss=5.4853 eval=2.7666 cls=0.4815 cme=2.2852 acc=0.9550 cells=118036
[ct_train] saved best checkpoint (val_eval_loss=2.7666 val_acc=0.9550)
[ct_train] rechunked train graphs (seed=13)

=== Epoch 13/1000 ===
[train] loss=5.4742 cls=0.5663 cme=2.2671 acc=0.9538 cells=158379
[ct_train] rechunked train graphs (seed=14)

=== Epoch 14/1000 ===
[train] loss=5.4642 cls=0.5617 cme=2.2645 acc=0.9553 cells=158379
[val]   loss=5.4495 eval=2.7425 cls=0.4681 cme=2.2744 acc=0.9579 cells=118036
[ct_train] saved best checkpoint (val_eval_loss=2.7425 val_acc=0.9579)
[ct_train] rechunked train graphs (seed=15)

=== Epoch 15/1000 ===
[train] loss=5.4445 cls=0.5559 cme=2.2582 acc=0.9560 cells=158379
[ct_train] rechunked train graphs (seed=16)

=== Epoch 16/1000 ===
[train] loss=5.4317 cls=0.5528 cme=2.2538 acc=0.9572 cells=158379
[val]   loss=5.4234 eval=2.7257 cls=0.4598 cme=2.2660 acc=0.9599 cells=118036
[ct_train] saved best checkpoint (val_eval_loss=2.7257 val_acc=0.9599)
[ct_train] rechunked train graphs (seed=17)

=== Epoch 17/1000 ===
[train] loss=5.4214 cls=0.5485 cme=2.2511 acc=0.9581 cells=158379
[ct_train] rechunked train graphs (seed=18)

=== Epoch 18/1000 ===
[train] loss=5.4084 cls=0.5442 cme=2.2472 acc=0.9595 cells=158379
[val]   loss=5.4033 eval=2.7130 cls=0.4535 cme=2.2595 acc=0.9621 cells=118036
[ct_train] saved best checkpoint (val_eval_loss=2.7130 val_acc=0.9621)
[ct_train] rechunked train graphs (seed=19)

=== Epoch 19/1000 ===
[train] loss=5.4050 cls=0.5406 cme=2.2471 acc=0.9601 cells=158379
[ct_train] rechunked train graphs (seed=20)

=== Epoch 20/1000 ===
[train] loss=5.3972 cls=0.5394 cme=2.2442 acc=0.9608 cells=158379
[val]   loss=5.3885 eval=2.7036 cls=0.4489 cme=2.2547 acc=0.9632 cells=118036
[ct_train] saved best checkpoint (val_eval_loss=2.7036 val_acc=0.9632)
[ct_train] rechunked train graphs (seed=21)

=== Epoch 21/1000 ===
[train] loss=5.3951 cls=0.5361 cme=2.2447 acc=0.9616 cells=158379
[ct_train] rechunked train graphs (seed=22)

=== Epoch 22/1000 ===
[train] loss=5.3823 cls=0.5349 cme=2.2394 acc=0.9616 cells=158379
[val]   loss=5.3746 eval=2.6949 cls=0.4446 cme=2.2503 acc=0.9644 cells=118036
[ct_train] saved best checkpoint (val_eval_loss=2.6949 val_acc=0.9644)
[ct_train] rechunked train graphs (seed=23)

=== Epoch 23/1000 ===
[train] loss=5.3713 cls=0.5313 cme=2.2362 acc=0.9629 cells=158379
[ct_train] rechunked train graphs (seed=24)

=== Epoch 24/1000 ===
[train] loss=5.3686 cls=0.5291 cme=2.2358 acc=0.9639 cells=158379
[val]   loss=5.3625 eval=2.6873 cls=0.4410 cme=2.2463 acc=0.9654 cells=118036
[ct_train] saved best checkpoint (val_eval_loss=2.6873 val_acc=0.9654)
[ct_train] rechunked train graphs (seed=25)

=== Epoch 25/1000 ===
[train] loss=5.3685 cls=0.5264 cme=2.2370 acc=0.9637 cells=158379
[ct_train] rechunked train graphs (seed=26)

=== Epoch 26/1000 ===
[train] loss=5.3489 cls=0.5242 cme=2.2291 acc=0.9647 cells=158379
[val]   loss=5.3522 eval=2.6808 cls=0.4377 cme=2.2431 acc=0.9665 cells=118036
[ct_train] saved best checkpoint (val_eval_loss=2.6808 val_acc=0.9665)
[ct_train] rechunked train graphs (seed=27)

=== Epoch 27/1000 ===
[train] loss=5.3444 cls=0.5226 cme=2.2278 acc=0.9649 cells=158379
[ct_train] rechunked train graphs (seed=28)

=== Epoch 28/1000 ===
[train] loss=5.3374 cls=0.5205 cme=2.2255 acc=0.9656 cells=158379
[val]   loss=5.3427 eval=2.6750 cls=0.4350 cme=2.2400 acc=0.9672 cells=118036
[ct_train] saved best checkpoint (val_eval_loss=2.6750 val_acc=0.9672)
[ct_train] rechunked train graphs (seed=29)

=== Epoch 29/1000 ===
[train] loss=5.3342 cls=0.5191 cme=2.2247 acc=0.9662 cells=158379
[ct_train] rechunked train graphs (seed=30)

=== Epoch 30/1000 ===
[train] loss=5.3345 cls=0.5178 cme=2.2255 acc=0.9665 cells=158379
[val]   loss=5.3335 eval=2.6694 cls=0.4325 cme=2.2370 acc=0.9678 cells=118036
[ct_train] saved best checkpoint (val_eval_loss=2.6694 val_acc=0.9678)
[ct_train] rechunked train graphs (seed=31)

=== Epoch 31/1000 ===
[train] loss=5.3289 cls=0.5160 cme=2.2236 acc=0.9668 cells=158379
[ct_train] rechunked train graphs (seed=32)

=== Epoch 32/1000 ===
[train] loss=5.3454 cls=0.5159 cme=2.2313 acc=0.9672 cells=158379
[val]   loss=5.3265 eval=2.6651 cls=0.4303 cme=2.2347 acc=0.9682 cells=118036
[ct_train] saved best checkpoint (val_eval_loss=2.6651 val_acc=0.9682)
[ct_train] rechunked train graphs (seed=33)

=== Epoch 33/1000 ===
[train] loss=5.3225 cls=0.5110 cme=2.2231 acc=0.9679 cells=158379
[ct_train] rechunked train graphs (seed=34)

=== Epoch 34/1000 ===
[train] loss=5.3124 cls=0.5121 cme=2.2180 acc=0.9680 cells=158379
[val]   loss=5.3196 eval=2.6609 cls=0.4284 cme=2.2326 acc=0.9688 cells=118036
[ct_train] saved best checkpoint (val_eval_loss=2.6609 val_acc=0.9688)
[ct_train] rechunked train graphs (seed=35)

=== Epoch 35/1000 ===
[train] loss=5.3194 cls=0.5108 cme=2.2217 acc=0.9685 cells=158379
[ct_train] rechunked train graphs (seed=36)

=== Epoch 36/1000 ===
[train] loss=5.3063 cls=0.5082 cme=2.2169 acc=0.9684 cells=158379
[val]   loss=5.3132 eval=2.6571 cls=0.4268 cme=2.2303 acc=0.9694 cells=118036
[ct_train] saved best checkpoint (val_eval_loss=2.6571 val_acc=0.9694)
[ct_train] rechunked train graphs (seed=37)

=== Epoch 37/1000 ===
[train] loss=5.3047 cls=0.5091 cme=2.2158 acc=0.9693 cells=158379
[ct_train] rechunked train graphs (seed=38)

=== Epoch 38/1000 ===
[train] loss=5.2919 cls=0.5064 cme=2.2111 acc=0.9695 cells=158379
[val]   loss=5.3074 eval=2.6536 cls=0.4251 cme=2.2284 acc=0.9698 cells=118036
[ct_train] saved best checkpoint (val_eval_loss=2.6536 val_acc=0.9698)
[ct_train] rechunked train graphs (seed=39)

=== Epoch 39/1000 ===
[train] loss=5.2973 cls=0.5056 cme=2.2140 acc=0.9696 cells=158379
[ct_train] rechunked train graphs (seed=40)

=== Epoch 40/1000 ===
[train] loss=5.2947 cls=0.5042 cme=2.2134 acc=0.9702 cells=158379
[val]   loss=5.3021 eval=2.6505 cls=0.4239 cme=2.2266 acc=0.9702 cells=118036
[ct_train] saved best checkpoint (val_eval_loss=2.6505 val_acc=0.9702)
[ct_train] rechunked train graphs (seed=41)

=== Epoch 41/1000 ===
[train] loss=5.2840 cls=0.5041 cme=2.2086 acc=0.9699 cells=158379
[ct_train] rechunked train graphs (seed=42)

=== Epoch 42/1000 ===
[train] loss=5.2865 cls=0.5026 cme=2.2104 acc=0.9705 cells=158379
[val]   loss=5.2978 eval=2.6480 cls=0.4228 cme=2.2251 acc=0.9704 cells=118036
[ct_train] saved best checkpoint (val_eval_loss=2.6480 val_acc=0.9704)
[ct_train] rechunked train graphs (seed=43)

=== Epoch 43/1000 ===
[train] loss=5.2953 cls=0.5034 cme=2.2140 acc=0.9705 cells=158379
[ct_train] rechunked train graphs (seed=44)

=== Epoch 44/1000 ===
[train] loss=5.2778 cls=0.5019 cme=2.2068 acc=0.9709 cells=158379
[val]   loss=5.2939 eval=2.6456 cls=0.4217 cme=2.2239 acc=0.9707 cells=118036
[ct_train] saved best checkpoint (val_eval_loss=2.6456 val_acc=0.9707)
[ct_train] rechunked train graphs (seed=45)

=== Epoch 45/1000 ===
[train] loss=5.2835 cls=0.5015 cme=2.2095 acc=0.9707 cells=158379
[ct_train] rechunked train graphs (seed=46)

=== Epoch 46/1000 ===
[train] loss=5.2677 cls=0.4993 cme=2.2034 acc=0.9710 cells=158379
[val]   loss=5.2905 eval=2.6435 cls=0.4207 cme=2.2228 acc=0.9709 cells=118036
[ct_train] saved best checkpoint (val_eval_loss=2.6435 val_acc=0.9709)
[ct_train] rechunked train graphs (seed=47)

=== Epoch 47/1000 ===
[train] loss=5.2785 cls=0.4983 cme=2.2087 acc=0.9717 cells=158379
[ct_train] rechunked train graphs (seed=48)

=== Epoch 48/1000 ===
[train] loss=5.2645 cls=0.4979 cme=2.2025 acc=0.9718 cells=158379
[val]   loss=5.2867 eval=2.6413 cls=0.4197 cme=2.2215 acc=0.9713 cells=118036
[ct_train] saved best checkpoint (val_eval_loss=2.6413 val_acc=0.9713)
[ct_train] rechunked train graphs (seed=49)

=== Epoch 49/1000 ===
[train] loss=5.2708 cls=0.4971 cme=2.2058 acc=0.9723 cells=158379
[ct_train] rechunked train graphs (seed=50)

=== Epoch 50/1000 ===
[train] loss=5.2638 cls=0.4959 cme=2.2031 acc=0.9723 cells=158379
[val]   loss=5.2836 eval=2.6394 cls=0.4187 cme=2.2206 acc=0.9717 cells=118036
[ct_train] saved best checkpoint (val_eval_loss=2.6394 val_acc=0.9717)
[ct_train] rechunked train graphs (seed=51)

=== Epoch 51/1000 ===
[train] loss=5.2556 cls=0.4964 cme=2.1991 acc=0.9722 cells=158379
[ct_train] rechunked train graphs (seed=52)

=== Epoch 52/1000 ===
[train] loss=5.2532 cls=0.4952 cme=2.1986 acc=0.9731 cells=158379
[val]   loss=5.2811 eval=2.6379 cls=0.4181 cme=2.2198 acc=0.9717 cells=118036
[ct_train] saved best checkpoint (val_eval_loss=2.6379 val_acc=0.9717)
[ct_train] rechunked train graphs (seed=53)

=== Epoch 53/1000 ===
[train] loss=5.2488 cls=0.4939 cme=2.1971 acc=0.9729 cells=158379
[ct_train] rechunked train graphs (seed=54)

=== Epoch 54/1000 ===
[train] loss=5.2609 cls=0.4934 cme=2.2029 acc=0.9736 cells=158379
[val]   loss=5.2792 eval=2.6366 cls=0.4175 cme=2.2192 acc=0.9719 cells=118036
[ct_train] saved best checkpoint (val_eval_loss=2.6366 val_acc=0.9719)
[ct_train] rechunked train graphs (seed=55)

=== Epoch 55/1000 ===
[train] loss=5.2478 cls=0.4921 cme=2.1976 acc=0.9730 cells=158379
[ct_train] rechunked train graphs (seed=56)

=== Epoch 56/1000 ===
[train] loss=5.2529 cls=0.4925 cme=2.1997 acc=0.9733 cells=158379
[val]   loss=5.2761 eval=2.6349 cls=0.4169 cme=2.2180 acc=0.9721 cells=118036
[ct_train] saved best checkpoint (val_eval_loss=2.6349 val_acc=0.9721)
[ct_train] rechunked train graphs (seed=57)

=== Epoch 57/1000 ===
[train] loss=5.2487 cls=0.4922 cme=2.1979 acc=0.9736 cells=158379
[ct_train] rechunked train graphs (seed=58)

=== Epoch 58/1000 ===
[train] loss=5.2492 cls=0.4918 cme=2.1983 acc=0.9741 cells=158379
[val]   loss=5.2743 eval=2.6338 cls=0.4163 cme=2.2175 acc=0.9723 cells=118036
[ct_train] saved best checkpoint (val_eval_loss=2.6338 val_acc=0.9723)
[ct_train] rechunked train graphs (seed=59)

=== Epoch 59/1000 ===
[train] loss=5.2418 cls=0.4900 cme=2.1959 acc=0.9736 cells=158379
[ct_train] rechunked train graphs (seed=60)

=== Epoch 60/1000 ===
[train] loss=5.2614 cls=0.4911 cme=2.2042 acc=0.9738 cells=158379
[val]   loss=5.2720 eval=2.6324 cls=0.4156 cme=2.2168 acc=0.9725 cells=118036
[ct_train] saved best checkpoint (val_eval_loss=2.6324 val_acc=0.9725)
[ct_train] rechunked train graphs (seed=61)

=== Epoch 61/1000 ===
[train] loss=5.2458 cls=0.4901 cme=2.1975 acc=0.9739 cells=158379
[ct_train] rechunked train graphs (seed=62)

=== Epoch 62/1000 ===
[train] loss=5.2461 cls=0.4893 cme=2.1980 acc=0.9747 cells=158379
[val]   loss=5.2707 eval=2.6316 cls=0.4152 cme=2.2164 acc=0.9727 cells=118036
[ct_train] saved best checkpoint (val_eval_loss=2.6316 val_acc=0.9727)
[ct_train] rechunked train graphs (seed=63)

=== Epoch 63/1000 ===
[train] loss=5.2357 cls=0.4891 cme=2.1933 acc=0.9743 cells=158379
[ct_train] rechunked train graphs (seed=64)

=== Epoch 64/1000 ===
[train] loss=5.2329 cls=0.4877 cme=2.1927 acc=0.9746 cells=158379
[val]   loss=5.2696 eval=2.6309 cls=0.4149 cme=2.2161 acc=0.9729 cells=118036
[ct_train] saved best checkpoint (val_eval_loss=2.6309 val_acc=0.9729)
[ct_train] rechunked train graphs (seed=65)

=== Epoch 65/1000 ===
[train] loss=5.2380 cls=0.4885 cme=2.1948 acc=0.9740 cells=158379
[ct_train] rechunked train graphs (seed=66)

=== Epoch 66/1000 ===
[train] loss=5.2436 cls=0.4881 cme=2.1974 acc=0.9744 cells=158379
[val]   loss=5.2676 eval=2.6298 cls=0.4145 cme=2.2153 acc=0.9731 cells=118036
[ct_train] saved best checkpoint (val_eval_loss=2.6298 val_acc=0.9731)
[ct_train] rechunked train graphs (seed=67)

=== Epoch 67/1000 ===
[train] loss=5.2364 cls=0.4884 cme=2.1940 acc=0.9743 cells=158379
[ct_train] rechunked train graphs (seed=68)

=== Epoch 68/1000 ===
[train] loss=5.2334 cls=0.4876 cme=2.1930 acc=0.9747 cells=158379
[val]   loss=5.2659 eval=2.6289 cls=0.4141 cme=2.2148 acc=0.9730 cells=118036
[ct_train] saved best checkpoint (val_eval_loss=2.6289 val_acc=0.9731)
[ct_train] rechunked train graphs (seed=69)

=== Epoch 69/1000 ===
[train] loss=5.2232 cls=0.4853 cme=2.1894 acc=0.9753 cells=158379
[ct_train] rechunked train graphs (seed=70)

=== Epoch 70/1000 ===
[train] loss=5.2255 cls=0.4863 cme=2.1900 acc=0.9754 cells=158379
[val]   loss=5.2646 eval=2.6280 cls=0.4137 cme=2.2143 acc=0.9731 cells=118036
[ct_train] saved best checkpoint (val_eval_loss=2.6280 val_acc=0.9731)
[ct_train] rechunked train graphs (seed=71)

=== Epoch 71/1000 ===
[train] loss=5.2390 cls=0.4865 cme=2.1960 acc=0.9755 cells=158379
[ct_train] rechunked train graphs (seed=72)

=== Epoch 72/1000 ===
[train] loss=5.2213 cls=0.4847 cme=2.1888 acc=0.9755 cells=158379
[val]   loss=5.2628 eval=2.6270 cls=0.4133 cme=2.2137 acc=0.9732 cells=118036
[ct_train] saved best checkpoint (val_eval_loss=2.6270 val_acc=0.9732)
[ct_train] rechunked train graphs (seed=73)

=== Epoch 73/1000 ===
[train] loss=5.2314 cls=0.4856 cme=2.1930 acc=0.9752 cells=158379
[ct_train] rechunked train graphs (seed=74)

=== Epoch 74/1000 ===
[train] loss=5.2354 cls=0.4839 cme=2.1957 acc=0.9756 cells=158379
[val]   loss=5.2620 eval=2.6265 cls=0.4129 cme=2.2136 acc=0.9734 cells=118036
[ct_train] saved best checkpoint (val_eval_loss=2.6265 val_acc=0.9734)
[ct_train] rechunked train graphs (seed=75)

=== Epoch 75/1000 ===
[train] loss=5.2163 cls=0.4832 cme=2.1872 acc=0.9754 cells=158379
[ct_train] rechunked train graphs (seed=76)

=== Epoch 76/1000 ===
[train] loss=5.2154 cls=0.4831 cme=2.1867 acc=0.9756 cells=158379
[val]   loss=5.2615 eval=2.6261 cls=0.4127 cme=2.2134 acc=0.9736 cells=118036
[ct_train] saved best checkpoint (val_eval_loss=2.6261 val_acc=0.9736)
[ct_train] rechunked train graphs (seed=77)

=== Epoch 77/1000 ===
[train] loss=5.2151 cls=0.4826 cme=2.1871 acc=0.9760 cells=158379
[ct_train] rechunked train graphs (seed=78)

=== Epoch 78/1000 ===
[train] loss=5.2140 cls=0.4819 cme=2.1867 acc=0.9761 cells=158379
[val]   loss=5.2601 eval=2.6253 cls=0.4124 cme=2.2129 acc=0.9737 cells=118036
[ct_train] saved best checkpoint (val_eval_loss=2.6253 val_acc=0.9737)
[ct_train] rechunked train graphs (seed=79)

=== Epoch 79/1000 ===
[train] loss=5.2262 cls=0.4825 cme=2.1919 acc=0.9763 cells=158379
[ct_train] rechunked train graphs (seed=80)

=== Epoch 80/1000 ===
[train] loss=5.2099 cls=0.4818 cme=2.1850 acc=0.9758 cells=158379
[val]   loss=5.2585 eval=2.6244 cls=0.4121 cme=2.2123 acc=0.9738 cells=118036
[ct_train] saved best checkpoint (val_eval_loss=2.6244 val_acc=0.9738)
[ct_train] rechunked train graphs (seed=81)

=== Epoch 81/1000 ===
[train] loss=5.2047 cls=0.4813 cme=2.1827 acc=0.9765 cells=158379
[ct_train] rechunked train graphs (seed=82)

=== Epoch 82/1000 ===
[train] loss=5.2074 cls=0.4813 cme=2.1841 acc=0.9763 cells=158379
[val]   loss=5.2573 eval=2.6238 cls=0.4119 cme=2.2119 acc=0.9737 cells=118036
[ct_train] saved best checkpoint (val_eval_loss=2.6238 val_acc=0.9738)
[ct_train] rechunked train graphs (seed=83)

=== Epoch 83/1000 ===
[train] loss=5.2091 cls=0.4800 cme=2.1853 acc=0.9767 cells=158379
[ct_train] rechunked train graphs (seed=84)

=== Epoch 84/1000 ===
[train] loss=5.2080 cls=0.4805 cme=2.1847 acc=0.9769 cells=158379
[val]   loss=5.2576 eval=2.6239 cls=0.4117 cme=2.2122 acc=0.9738 cells=118036
[ct_train] early_stopping: no improve on val/eval_loss for 1/45 val checks
[ct_train] rechunked train graphs (seed=85)

=== Epoch 85/1000 ===
[train] loss=5.2001 cls=0.4795 cme=2.1815 acc=0.9768 cells=158379
[ct_train] rechunked train graphs (seed=86)

=== Epoch 86/1000 ===
[train] loss=5.2123 cls=0.4794 cme=2.1871 acc=0.9768 cells=158379
[val]   loss=5.2557 eval=2.6228 cls=0.4113 cme=2.2115 acc=0.9739 cells=118036
[ct_train] saved best checkpoint (val_eval_loss=2.6228 val_acc=0.9739)
[ct_train] rechunked train graphs (seed=87)

=== Epoch 87/1000 ===
[train] loss=5.2061 cls=0.4788 cme=2.1845 acc=0.9771 cells=158379
[ct_train] rechunked train graphs (seed=88)

=== Epoch 88/1000 ===
[train] loss=5.2155 cls=0.4799 cme=2.1883 acc=0.9771 cells=158379
[val]   loss=5.2549 eval=2.6223 cls=0.4110 cme=2.2113 acc=0.9739 cells=118036
[ct_train] saved best checkpoint (val_eval_loss=2.6223 val_acc=0.9739)
[ct_train] rechunked train graphs (seed=89)

=== Epoch 89/1000 ===
[train] loss=5.2007 cls=0.4794 cme=2.1819 acc=0.9767 cells=158379
[ct_train] rechunked train graphs (seed=90)

=== Epoch 90/1000 ===
[train] loss=5.2041 cls=0.4779 cme=2.1841 acc=0.9775 cells=158379
[val]   loss=5.2543 eval=2.6220 cls=0.4108 cme=2.2112 acc=0.9740 cells=118036
[ct_train] saved best checkpoint (val_eval_loss=2.6220 val_acc=0.9740)
[ct_train] early_stopping: no improve on val/eval_loss for 1/45 val checks
[ct_train] rechunked train graphs (seed=91)

=== Epoch 91/1000 ===
[train] loss=5.1962 cls=0.4768 cme=2.1809 acc=0.9776 cells=158379
[ct_train] rechunked train graphs (seed=92)

=== Epoch 92/1000 ===
[train] loss=5.2049 cls=0.4778 cme=2.1846 acc=0.9770 cells=158379
[val]   loss=5.2539 eval=2.6216 cls=0.4106 cme=2.2111 acc=0.9741 cells=118036
[ct_train] saved best checkpoint (val_eval_loss=2.6216 val_acc=0.9741)
[ct_train] rechunked train graphs (seed=93)

=== Epoch 93/1000 ===
[train] loss=5.2072 cls=0.4774 cme=2.1857 acc=0.9779 cells=158379
[ct_train] rechunked train graphs (seed=94)

=== Epoch 94/1000 ===
[train] loss=5.1911 cls=0.4763 cme=2.1788 acc=0.9776 cells=158379
[val]   loss=5.2527 eval=2.6209 cls=0.4102 cme=2.2107 acc=0.9743 cells=118036
[ct_train] saved best checkpoint (val_eval_loss=2.6209 val_acc=0.9743)
[ct_train] rechunked train graphs (seed=95)

=== Epoch 95/1000 ===
[train] loss=5.2214 cls=0.4786 cme=2.1917 acc=0.9770 cells=158379
[ct_train] rechunked train graphs (seed=96)

=== Epoch 96/1000 ===
[train] loss=5.2007 cls=0.4766 cme=2.1831 acc=0.9776 cells=158379
[val]   loss=5.2510 eval=2.6199 cls=0.4099 cme=2.2100 acc=0.9741 cells=118036
[ct_train] saved best checkpoint (val_eval_loss=2.6199 val_acc=0.9743)
[ct_train] rechunked train graphs (seed=97)

=== Epoch 97/1000 ===
[train] loss=5.1968 cls=0.4756 cme=2.1817 acc=0.9779 cells=158379
[ct_train] rechunked train graphs (seed=98)

=== Epoch 98/1000 ===
[train] loss=5.1904 cls=0.4765 cme=2.1786 acc=0.9782 cells=158379
[val]   loss=5.2507 eval=2.6198 cls=0.4098 cme=2.2100 acc=0.9742 cells=118036
[ct_train] saved best checkpoint (val_eval_loss=2.6198 val_acc=0.9743)
[ct_train] early_stopping: no improve on val/eval_loss for 1/45 val checks
[ct_train] rechunked train graphs (seed=99)

=== Epoch 99/1000 ===
[train] loss=5.1759 cls=0.4763 cme=2.1719 acc=0.9777 cells=158379
[ct_train] rechunked train graphs (seed=100)

=== Epoch 100/1000 ===
[train] loss=5.1830 cls=0.4751 cme=2.1757 acc=0.9783 cells=158379
[val]   loss=5.2499 eval=2.6194 cls=0.4096 cme=2.2097 acc=0.9743 cells=118036
[ct_train] saved best checkpoint (val_eval_loss=2.6194 val_acc=0.9743)
[ct_train] rechunked train graphs (seed=101)

=== Epoch 101/1000 ===
[train] loss=5.2037 cls=0.4751 cme=2.1852 acc=0.9785 cells=158379
[ct_train] rechunked train graphs (seed=102)

=== Epoch 102/1000 ===
[train] loss=5.1885 cls=0.4736 cme=2.1789 acc=0.9784 cells=158379
[val]   loss=5.2483 eval=2.6185 cls=0.4095 cme=2.2090 acc=0.9743 cells=118036
[ct_train] saved best checkpoint (val_eval_loss=2.6185 val_acc=0.9743)
[ct_train] rechunked train graphs (seed=103)

=== Epoch 103/1000 ===
[train] loss=5.1921 cls=0.4737 cme=2.1804 acc=0.9784 cells=158379
[ct_train] rechunked train graphs (seed=104)

=== Epoch 104/1000 ===
[train] loss=5.1804 cls=0.4738 cme=2.1751 acc=0.9788 cells=158379
[val]   loss=5.2482 eval=2.6184 cls=0.4093 cme=2.2091 acc=0.9744 cells=118036
[ct_train] saved best checkpoint (val_eval_loss=2.6184 val_acc=0.9744)
[ct_train] early_stopping: no improve on val/eval_loss for 1/45 val checks
[ct_train] rechunked train graphs (seed=105)

=== Epoch 105/1000 ===
[train] loss=5.1911 cls=0.4746 cme=2.1796 acc=0.9785 cells=158379
[ct_train] rechunked train graphs (seed=106)

=== Epoch 106/1000 ===
[train] loss=5.1829 cls=0.4727 cme=2.1768 acc=0.9786 cells=158379
[val]   loss=5.2488 eval=2.6188 cls=0.4093 cme=2.2094 acc=0.9743 cells=118036
[ct_train] early_stopping: no improve on val/eval_loss for 2/45 val checks
[ct_train] rechunked train graphs (seed=107)

=== Epoch 107/1000 ===
[train] loss=5.1790 cls=0.4725 cme=2.1750 acc=0.9786 cells=158379
[ct_train] rechunked train graphs (seed=108)

=== Epoch 108/1000 ===
[train] loss=5.1988 cls=0.4726 cme=2.1842 acc=0.9789 cells=158379
[val]   loss=5.2471 eval=2.6179 cls=0.4091 cme=2.2088 acc=0.9744 cells=118036
[ct_train] saved best checkpoint (val_eval_loss=2.6179 val_acc=0.9744)
[ct_train] rechunked train graphs (seed=109)

=== Epoch 109/1000 ===
[train] loss=5.1784 cls=0.4715 cme=2.1753 acc=0.9791 cells=158379
[ct_train] rechunked train graphs (seed=110)

=== Epoch 110/1000 ===
[train] loss=5.1778 cls=0.4719 cme=2.1748 acc=0.9791 cells=158379
[val]   loss=5.2468 eval=2.6176 cls=0.4089 cme=2.2087 acc=0.9746 cells=118036
[ct_train] saved best checkpoint (val_eval_loss=2.6176 val_acc=0.9746)
[ct_train] rechunked train graphs (seed=111)

=== Epoch 111/1000 ===
[train] loss=5.1729 cls=0.4712 cme=2.1730 acc=0.9791 cells=158379
[ct_train] rechunked train graphs (seed=112)

=== Epoch 112/1000 ===
[train] loss=5.1713 cls=0.4712 cme=2.1720 acc=0.9792 cells=158379
[val]   loss=5.2464 eval=2.6174 cls=0.4088 cme=2.2086 acc=0.9747 cells=118036
[ct_train] saved best checkpoint (val_eval_loss=2.6174 val_acc=0.9747)
[ct_train] early_stopping: no improve on val/eval_loss for 1/45 val checks
[ct_train] rechunked train graphs (seed=113)

=== Epoch 113/1000 ===
[train] loss=5.1768 cls=0.4712 cme=2.1747 acc=0.9794 cells=158379
[ct_train] rechunked train graphs (seed=114)

=== Epoch 114/1000 ===
[train] loss=5.1793 cls=0.4713 cme=2.1757 acc=0.9792 cells=158379
[val]   loss=5.2466 eval=2.6175 cls=0.4087 cme=2.2088 acc=0.9747 cells=118036
[ct_train] early_stopping: no improve on val/eval_loss for 2/45 val checks
[ct_train] rechunked train graphs (seed=115)

=== Epoch 115/1000 ===
[train] loss=5.1650 cls=0.4713 cme=2.1693 acc=0.9793 cells=158379
[ct_train] rechunked train graphs (seed=116)

=== Epoch 116/1000 ===
[train] loss=5.1655 cls=0.4705 cme=2.1697 acc=0.9795 cells=158379
[val]   loss=5.2463 eval=2.6173 cls=0.4086 cme=2.2087 acc=0.9749 cells=118036
[ct_train] saved best checkpoint (val_eval_loss=2.6173 val_acc=0.9749)
[ct_train] early_stopping: no improve on val/eval_loss for 3/45 val checks
[ct_train] rechunked train graphs (seed=117)

=== Epoch 117/1000 ===
[train] loss=5.1713 cls=0.4704 cme=2.1726 acc=0.9796 cells=158379
[ct_train] rechunked train graphs (seed=118)

=== Epoch 118/1000 ===
[train] loss=5.1678 cls=0.4695 cme=2.1714 acc=0.9795 cells=158379
[val]   loss=5.2458 eval=2.6169 cls=0.4082 cme=2.2087 acc=0.9750 cells=118036
[ct_train] saved best checkpoint (val_eval_loss=2.6169 val_acc=0.9750)
[ct_train] rechunked train graphs (seed=119)

=== Epoch 119/1000 ===
[train] loss=5.1552 cls=0.4683 cme=2.1661 acc=0.9797 cells=158379
[ct_train] rechunked train graphs (seed=120)

=== Epoch 120/1000 ===
[train] loss=5.1582 cls=0.4689 cme=2.1672 acc=0.9798 cells=158379
[val]   loss=5.2455 eval=2.6167 cls=0.4081 cme=2.2086 acc=0.9749 cells=118036
[ct_train] saved best checkpoint (val_eval_loss=2.6167 val_acc=0.9750)
[ct_train] early_stopping: no improve on val/eval_loss for 1/45 val checks
[ct_train] rechunked train graphs (seed=121)

=== Epoch 121/1000 ===
[train] loss=5.1710 cls=0.4691 cme=2.1729 acc=0.9801 cells=158379
[ct_train] rechunked train graphs (seed=122)

=== Epoch 122/1000 ===
[train] loss=5.1559 cls=0.4683 cme=2.1664 acc=0.9802 cells=158379
[val]   loss=5.2443 eval=2.6161 cls=0.4080 cme=2.2081 acc=0.9749 cells=118036
[ct_train] saved best checkpoint (val_eval_loss=2.6161 val_acc=0.9750)
[ct_train] rechunked train graphs (seed=123)

=== Epoch 123/1000 ===
[train] loss=5.1642 cls=0.4677 cme=2.1705 acc=0.9804 cells=158379
[ct_train] rechunked train graphs (seed=124)

=== Epoch 124/1000 ===
[train] loss=5.1700 cls=0.4678 cme=2.1731 acc=0.9803 cells=158379
[val]   loss=5.2443 eval=2.6160 cls=0.4078 cme=2.2082 acc=0.9751 cells=118036
[ct_train] saved best checkpoint (val_eval_loss=2.6160 val_acc=0.9751)
[ct_train] early_stopping: no improve on val/eval_loss for 1/45 val checks
[ct_train] rechunked train graphs (seed=125)

=== Epoch 125/1000 ===
[train] loss=5.1677 cls=0.4690 cme=2.1715 acc=0.9800 cells=158379
[ct_train] rechunked train graphs (seed=126)

=== Epoch 126/1000 ===
[train] loss=5.1641 cls=0.4678 cme=2.1704 acc=0.9804 cells=158379
[val]   loss=5.2437 eval=2.6158 cls=0.4077 cme=2.2080 acc=0.9754 cells=118036
[ct_train] saved best checkpoint (val_eval_loss=2.6158 val_acc=0.9754)
[ct_train] early_stopping: no improve on val/eval_loss for 2/45 val checks
[ct_train] rechunked train graphs (seed=127)

=== Epoch 127/1000 ===
[train] loss=5.1747 cls=0.4685 cme=2.1749 acc=0.9803 cells=158379
[ct_train] rechunked train graphs (seed=128)

=== Epoch 128/1000 ===
[train] loss=5.1628 cls=0.4681 cme=2.1697 acc=0.9800 cells=158379
[val]   loss=5.2432 eval=2.6155 cls=0.4077 cme=2.2078 acc=0.9752 cells=118036
[ct_train] saved best checkpoint (val_eval_loss=2.6155 val_acc=0.9754)
[ct_train] early_stopping: no improve on val/eval_loss for 3/45 val checks
[ct_train] rechunked train graphs (seed=129)

=== Epoch 129/1000 ===
[train] loss=5.1624 cls=0.4674 cme=2.1699 acc=0.9804 cells=158379
[ct_train] rechunked train graphs (seed=130)

=== Epoch 130/1000 ===
[train] loss=5.1586 cls=0.4659 cme=2.1687 acc=0.9809 cells=158379
[val]   loss=5.2434 eval=2.6156 cls=0.4077 cme=2.2080 acc=0.9753 cells=118036
[ct_train] early_stopping: no improve on val/eval_loss for 4/45 val checks
[ct_train] rechunked train graphs (seed=131)

=== Epoch 131/1000 ===
[train] loss=5.1545 cls=0.4659 cme=2.1669 acc=0.9810 cells=158379
[ct_train] rechunked train graphs (seed=132)

=== Epoch 132/1000 ===
[train] loss=5.1535 cls=0.4661 cme=2.1663 acc=0.9809 cells=158379
[val]   loss=5.2431 eval=2.6155 cls=0.4077 cme=2.2078 acc=0.9754 cells=118036
[ct_train] saved best checkpoint (val_eval_loss=2.6155 val_acc=0.9754)
[ct_train] early_stopping: no improve on val/eval_loss for 5/45 val checks
[ct_train] rechunked train graphs (seed=133)

=== Epoch 133/1000 ===
[train] loss=5.1542 cls=0.4658 cme=2.1668 acc=0.9809 cells=158379
[ct_train] rechunked train graphs (seed=134)

=== Epoch 134/1000 ===
[train] loss=5.1564 cls=0.4668 cme=2.1673 acc=0.9811 cells=158379
[val]   loss=5.2437 eval=2.6159 cls=0.4078 cme=2.2080 acc=0.9753 cells=118036
[ct_train] early_stopping: no improve on val/eval_loss for 6/45 val checks
[ct_train] rechunked train graphs (seed=135)

=== Epoch 135/1000 ===
[train] loss=5.1497 cls=0.4648 cme=2.1652 acc=0.9814 cells=158379
[ct_train] rechunked train graphs (seed=136)

=== Epoch 136/1000 ===
[train] loss=5.1403 cls=0.4650 cme=2.1607 acc=0.9812 cells=158379
[val]   loss=5.2437 eval=2.6159 cls=0.4078 cme=2.2081 acc=0.9753 cells=118036
[ct_train] early_stopping: no improve on val/eval_loss for 7/45 val checks
[ct_train] rechunked train graphs (seed=137)

=== Epoch 137/1000 ===
[train] loss=5.1561 cls=0.4650 cme=2.1680 acc=0.9814 cells=158379
[ct_train] rechunked train graphs (seed=138)

=== Epoch 138/1000 ===
[train] loss=5.1394 cls=0.4650 cme=2.1604 acc=0.9814 cells=158379
[val]   loss=5.2431 eval=2.6156 cls=0.4078 cme=2.2078 acc=0.9754 cells=118036
[ct_train] early_stopping: no improve on val/eval_loss for 8/45 val checks
[ct_train] rechunked train graphs (seed=139)

=== Epoch 139/1000 ===
[train] loss=5.1460 cls=0.4644 cme=2.1637 acc=0.9815 cells=158379
[ct_train] rechunked train graphs (seed=140)

=== Epoch 140/1000 ===
[train] loss=5.1416 cls=0.4635 cme=2.1620 acc=0.9814 cells=158379
[val]   loss=5.2433 eval=2.6157 cls=0.4077 cme=2.2080 acc=0.9754 cells=118036
[ct_train] early_stopping: no improve on val/eval_loss for 9/45 val checks
[ct_train] rechunked train graphs (seed=141)

=== Epoch 141/1000 ===
[train] loss=5.1430 cls=0.4635 cme=2.1628 acc=0.9817 cells=158379
[ct_train] rechunked train graphs (seed=142)

=== Epoch 142/1000 ===
[train] loss=5.1438 cls=0.4634 cme=2.1631 acc=0.9815 cells=158379
[val]   loss=5.2420 eval=2.6151 cls=0.4076 cme=2.2075 acc=0.9754 cells=118036
[ct_train] saved best checkpoint (val_eval_loss=2.6151 val_acc=0.9754)
[ct_train] rechunked train graphs (seed=143)

=== Epoch 143/1000 ===
[train] loss=5.1368 cls=0.4629 cme=2.1601 acc=0.9817 cells=158379
[ct_train] rechunked train graphs (seed=144)

=== Epoch 144/1000 ===
[train] loss=5.1403 cls=0.4633 cme=2.1616 acc=0.9819 cells=158379
[val]   loss=5.2420 eval=2.6150 cls=0.4075 cme=2.2075 acc=0.9754 cells=118036
[ct_train] saved best checkpoint (val_eval_loss=2.6150 val_acc=0.9754)
[ct_train] early_stopping: no improve on val/eval_loss for 1/45 val checks
[ct_train] rechunked train graphs (seed=145)

=== Epoch 145/1000 ===
[train] loss=5.1474 cls=0.4630 cme=2.1649 acc=0.9818 cells=158379
[ct_train] rechunked train graphs (seed=146)

=== Epoch 146/1000 ===
[train] loss=5.1352 cls=0.4625 cme=2.1597 acc=0.9821 cells=158379
[val]   loss=5.2416 eval=2.6149 cls=0.4076 cme=2.2073 acc=0.9754 cells=118036
[ct_train] saved best checkpoint (val_eval_loss=2.6149 val_acc=0.9754)
[ct_train] early_stopping: no improve on val/eval_loss for 2/45 val checks
[ct_train] rechunked train graphs (seed=147)

=== Epoch 147/1000 ===
[train] loss=5.1458 cls=0.4621 cme=2.1645 acc=0.9823 cells=158379
[ct_train] rechunked train graphs (seed=148)

=== Epoch 148/1000 ===
[train] loss=5.1476 cls=0.4622 cme=2.1654 acc=0.9822 cells=158379
[val]   loss=5.2418 eval=2.6150 cls=0.4077 cme=2.2073 acc=0.9755 cells=118036
[ct_train] early_stopping: no improve on val/eval_loss for 3/45 val checks
[ct_train] rechunked train graphs (seed=149)

=== Epoch 149/1000 ===
[train] loss=5.1379 cls=0.4617 cme=2.1612 acc=0.9823 cells=158379
[ct_train] rechunked train graphs (seed=150)

=== Epoch 150/1000 ===
[train] loss=5.1327 cls=0.4620 cme=2.1586 acc=0.9817 cells=158379
[val]   loss=5.2414 eval=2.6148 cls=0.4077 cme=2.2071 acc=0.9755 cells=118036
[ct_train] saved best checkpoint (val_eval_loss=2.6148 val_acc=0.9755)
[ct_train] early_stopping: no improve on val/eval_loss for 4/45 val checks
[ct_train] rechunked train graphs (seed=151)

=== Epoch 151/1000 ===
[train] loss=5.1468 cls=0.4621 cme=2.1651 acc=0.9821 cells=158379
[ct_train] rechunked train graphs (seed=152)

=== Epoch 152/1000 ===
[train] loss=5.1595 cls=0.4621 cme=2.1709 acc=0.9822 cells=158379
[val]   loss=5.2390 eval=2.6135 cls=0.4073 cme=2.2062 acc=0.9756 cells=118036
[ct_train] saved best checkpoint (val_eval_loss=2.6135 val_acc=0.9756)
[ct_train] rechunked train graphs (seed=153)

=== Epoch 153/1000 ===
[train] loss=5.1329 cls=0.4609 cme=2.1592 acc=0.9823 cells=158379
[ct_train] rechunked train graphs (seed=154)

=== Epoch 154/1000 ===
[train] loss=5.1361 cls=0.4614 cme=2.1605 acc=0.9823 cells=158379
[val]   loss=5.2388 eval=2.6134 cls=0.4073 cme=2.2061 acc=0.9756 cells=118036
[ct_train] saved best checkpoint (val_eval_loss=2.6134 val_acc=0.9756)
[ct_train] early_stopping: no improve on val/eval_loss for 1/45 val checks
[ct_train] rechunked train graphs (seed=155)

=== Epoch 155/1000 ===
[train] loss=5.1435 cls=0.4618 cme=2.1637 acc=0.9821 cells=158379
[ct_train] rechunked train graphs (seed=156)

=== Epoch 156/1000 ===
[train] loss=5.1334 cls=0.4606 cme=2.1596 acc=0.9828 cells=158379
[val]   loss=5.2398 eval=2.6140 cls=0.4075 cme=2.2066 acc=0.9757 cells=118036
[ct_train] early_stopping: no improve on val/eval_loss for 2/45 val checks
[ct_train] rechunked train graphs (seed=157)

=== Epoch 157/1000 ===
[train] loss=5.1352 cls=0.4609 cme=2.1604 acc=0.9825 cells=158379
[ct_train] rechunked train graphs (seed=158)

=== Epoch 158/1000 ===
[train] loss=5.1337 cls=0.4602 cme=2.1599 acc=0.9828 cells=158379
[val]   loss=5.2402 eval=2.6143 cls=0.4075 cme=2.2068 acc=0.9756 cells=118036
[ct_train] early_stopping: no improve on val/eval_loss for 3/45 val checks
[ct_train] rechunked train graphs (seed=159)

=== Epoch 159/1000 ===
[train] loss=5.1238 cls=0.4591 cme=2.1559 acc=0.9832 cells=158379
[ct_train] rechunked train graphs (seed=160)

=== Epoch 160/1000 ===
[train] loss=5.1385 cls=0.4607 cme=2.1619 acc=0.9828 cells=158379
[val]   loss=5.2407 eval=2.6146 cls=0.4075 cme=2.2070 acc=0.9756 cells=118036
[ct_train] early_stopping: no improve on val/eval_loss for 4/45 val checks
[ct_train] rechunked train graphs (seed=161)

=== Epoch 161/1000 ===
[train] loss=5.1343 cls=0.4592 cme=2.1607 acc=0.9829 cells=158379
[ct_train] rechunked train graphs (seed=162)

=== Epoch 162/1000 ===
[train] loss=5.1346 cls=0.4594 cme=2.1608 acc=0.9834 cells=158379
[val]   loss=5.2403 eval=2.6144 cls=0.4075 cme=2.2069 acc=0.9758 cells=118036
[ct_train] early_stopping: no improve on val/eval_loss for 5/45 val checks
[ct_train] rechunked train graphs (seed=163)

=== Epoch 163/1000 ===
[train] loss=5.1233 cls=0.4586 cme=2.1559 acc=0.9831 cells=158379
[ct_train] rechunked train graphs (seed=164)

=== Epoch 164/1000 ===
[train] loss=5.1260 cls=0.4587 cme=2.1571 acc=0.9834 cells=158379
[val]   loss=5.2397 eval=2.6141 cls=0.4075 cme=2.2066 acc=0.9756 cells=118036
[ct_train] early_stopping: no improve on val/eval_loss for 6/45 val checks
[ct_train] rechunked train graphs (seed=165)

=== Epoch 165/1000 ===
[train] loss=5.1255 cls=0.4590 cme=2.1567 acc=0.9831 cells=158379
[ct_train] rechunked train graphs (seed=166)

=== Epoch 166/1000 ===
[train] loss=5.1257 cls=0.4585 cme=2.1571 acc=0.9832 cells=158379
[val]   loss=5.2403 eval=2.6144 cls=0.4075 cme=2.2069 acc=0.9757 cells=118036
[ct_train] early_stopping: no improve on val/eval_loss for 7/45 val checks
[ct_train] rechunked train graphs (seed=167)

=== Epoch 167/1000 ===
[train] loss=5.1357 cls=0.4591 cme=2.1613 acc=0.9831 cells=158379
[ct_train] rechunked train graphs (seed=168)

=== Epoch 168/1000 ===
[train] loss=5.1218 cls=0.4567 cme=2.1561 acc=0.9837 cells=158379
[val]   loss=5.2395 eval=2.6140 cls=0.4076 cme=2.2064 acc=0.9757 cells=118036
[ct_train] early_stopping: no improve on val/eval_loss for 8/45 val checks
[ct_train] rechunked train graphs (seed=169)

=== Epoch 169/1000 ===
[train] loss=5.1156 cls=0.4570 cme=2.1531 acc=0.9837 cells=158379
[ct_train] rechunked train graphs (seed=170)

=== Epoch 170/1000 ===
[train] loss=5.1300 cls=0.4582 cme=2.1591 acc=0.9831 cells=158379
[val]   loss=5.2403 eval=2.6145 cls=0.4078 cme=2.2068 acc=0.9757 cells=118036
[ct_train] early_stopping: no improve on val/eval_loss for 9/45 val checks
[ct_train] rechunked train graphs (seed=171)

=== Epoch 171/1000 ===
[train] loss=5.1246 cls=0.4579 cme=2.1570 acc=0.9834 cells=158379
[ct_train] rechunked train graphs (seed=172)

=== Epoch 172/1000 ===
[train] loss=5.1277 cls=0.4581 cme=2.1582 acc=0.9835 cells=158379
[val]   loss=5.2397 eval=2.6141 cls=0.4075 cme=2.2066 acc=0.9758 cells=118036
[ct_train] early_stopping: no improve on val/eval_loss for 10/45 val checks
[ct_train] rechunked train graphs (seed=173)

=== Epoch 173/1000 ===
[train] loss=5.1365 cls=0.4570 cme=2.1626 acc=0.9841 cells=158379
[ct_train] rechunked train graphs (seed=174)

=== Epoch 174/1000 ===
[train] loss=5.1208 cls=0.4558 cme=2.1561 acc=0.9842 cells=158379
[val]   loss=5.2402 eval=2.6145 cls=0.4077 cme=2.2068 acc=0.9758 cells=118036
[ct_train] early_stopping: no improve on val/eval_loss for 11/45 val checks
[ct_train] rechunked train graphs (seed=175)

=== Epoch 175/1000 ===
[train] loss=5.1208 cls=0.4563 cme=2.1559 acc=0.9838 cells=158379
[ct_train] rechunked train graphs (seed=176)

=== Epoch 176/1000 ===
[train] loss=5.1235 cls=0.4561 cme=2.1572 acc=0.9836 cells=158379
[val]   loss=5.2404 eval=2.6148 cls=0.4080 cme=2.2068 acc=0.9757 cells=118036
[ct_train] early_stopping: no improve on val/eval_loss for 12/45 val checks
[ct_train] rechunked train graphs (seed=177)

=== Epoch 177/1000 ===
[train] loss=5.1147 cls=0.4570 cme=2.1527 acc=0.9836 cells=158379
[ct_train] rechunked train graphs (seed=178)

=== Epoch 178/1000 ===
[train] loss=5.1209 cls=0.4565 cme=2.1558 acc=0.9839 cells=158379
[val]   loss=5.2397 eval=2.6144 cls=0.4079 cme=2.2066 acc=0.9759 cells=118036
[ct_train] early_stopping: no improve on val/eval_loss for 13/45 val checks
[ct_train] rechunked train graphs (seed=179)

=== Epoch 179/1000 ===
[train] loss=5.1385 cls=0.4566 cme=2.1639 acc=0.9839 cells=158379
[ct_train] rechunked train graphs (seed=180)

=== Epoch 180/1000 ===
[train] loss=5.1192 cls=0.4553 cme=2.1556 acc=0.9844 cells=158379
[val]   loss=5.2400 eval=2.6145 cls=0.4079 cme=2.2066 acc=0.9759 cells=118036
[ct_train] early_stopping: no improve on val/eval_loss for 14/45 val checks
[ct_train] rechunked train graphs (seed=181)

=== Epoch 181/1000 ===
[train] loss=5.1043 cls=0.4546 cme=2.1491 acc=0.9845 cells=158379
[ct_train] rechunked train graphs (seed=182)

=== Epoch 182/1000 ===
[train] loss=5.1101 cls=0.4558 cme=2.1511 acc=0.9843 cells=158379
[val]   loss=5.2404 eval=2.6149 cls=0.4082 cme=2.2068 acc=0.9759 cells=118036
[ct_train] early_stopping: no improve on val/eval_loss for 15/45 val checks
[ct_train] rechunked train graphs (seed=183)

=== Epoch 183/1000 ===
[train] loss=5.1105 cls=0.4556 cme=2.1514 acc=0.9844 cells=158379
[ct_train] rechunked train graphs (seed=184)

=== Epoch 184/1000 ===
[train] loss=5.1119 cls=0.4551 cme=2.1524 acc=0.9847 cells=158379
[val]   loss=5.2422 eval=2.6158 cls=0.4082 cme=2.2076 acc=0.9759 cells=118036
[ct_train] early_stopping: no improve on val/eval_loss for 16/45 val checks
[ct_train] rechunked train graphs (seed=185)

=== Epoch 185/1000 ===
[train] loss=5.1102 cls=0.4549 cme=2.1516 acc=0.9847 cells=158379
[ct_train] rechunked train graphs (seed=186)

=== Epoch 186/1000 ===
[train] loss=5.1211 cls=0.4548 cme=2.1567 acc=0.9847 cells=158379
[val]   loss=5.2408 eval=2.6151 cls=0.4082 cme=2.2069 acc=0.9760 cells=118036
[ct_train] early_stopping: no improve on val/eval_loss for 17/45 val checks
[ct_train] rechunked train graphs (seed=187)

=== Epoch 187/1000 ===
[train] loss=5.1142 cls=0.4550 cme=2.1534 acc=0.9849 cells=158379
[ct_train] rechunked train graphs (seed=188)

=== Epoch 188/1000 ===
[train] loss=5.1154 cls=0.4548 cme=2.1540 acc=0.9842 cells=158379
[val]   loss=5.2400 eval=2.6147 cls=0.4082 cme=2.2065 acc=0.9759 cells=118036
[ct_train] early_stopping: no improve on val/eval_loss for 18/45 val checks
[ct_train] rechunked train graphs (seed=189)

=== Epoch 189/1000 ===
[train] loss=5.1109 cls=0.4548 cme=2.1520 acc=0.9847 cells=158379
[ct_train] rechunked train graphs (seed=190)

=== Epoch 190/1000 ===
[train] loss=5.1122 cls=0.4542 cme=2.1529 acc=0.9844 cells=158379
[val]   loss=5.2401 eval=2.6148 cls=0.4082 cme=2.2066 acc=0.9760 cells=118036
[ct_train] early_stopping: no improve on val/eval_loss for 19/45 val checks
[ct_train] rechunked train graphs (seed=191)

=== Epoch 191/1000 ===
[train] loss=5.1175 cls=0.4537 cme=2.1555 acc=0.9849 cells=158379
[ct_train] rechunked train graphs (seed=192)

=== Epoch 192/1000 ===
[train] loss=5.1147 cls=0.4537 cme=2.1542 acc=0.9849 cells=158379
[val]   loss=5.2390 eval=2.6143 cls=0.4081 cme=2.2061 acc=0.9760 cells=118036
[ct_train] early_stopping: no improve on val/eval_loss for 20/45 val checks
[ct_train] rechunked train graphs (seed=193)

=== Epoch 193/1000 ===
[train] loss=5.1088 cls=0.4533 cme=2.1517 acc=0.9849 cells=158379
[ct_train] rechunked train graphs (seed=194)

=== Epoch 194/1000 ===
[train] loss=5.1103 cls=0.4534 cme=2.1523 acc=0.9850 cells=158379
[val]   loss=5.2405 eval=2.6151 cls=0.4084 cme=2.2067 acc=0.9759 cells=118036
[ct_train] early_stopping: no improve on val/eval_loss for 21/45 val checks
[ct_train] rechunked train graphs (seed=195)

=== Epoch 195/1000 ===
[train] loss=5.1049 cls=0.4529 cme=2.1501 acc=0.9854 cells=158379
[ct_train] rechunked train graphs (seed=196)

=== Epoch 196/1000 ===
[train] loss=5.1077 cls=0.4536 cme=2.1511 acc=0.9848 cells=158379
[val]   loss=5.2406 eval=2.6152 cls=0.4086 cme=2.2067 acc=0.9760 cells=118036
[ct_train] early_stopping: no improve on val/eval_loss for 22/45 val checks
[ct_train] rechunked train graphs (seed=197)

=== Epoch 197/1000 ===
[train] loss=5.0988 cls=0.4527 cme=2.1475 acc=0.9851 cells=158379
[ct_train] rechunked train graphs (seed=198)

=== Epoch 198/1000 ===
[train] loss=5.1120 cls=0.4543 cme=2.1527 acc=0.9848 cells=158379
[val]   loss=5.2414 eval=2.6156 cls=0.4087 cme=2.2070 acc=0.9759 cells=118036
[ct_train] early_stopping: no improve on val/eval_loss for 23/45 val checks
[ct_train] rechunked train graphs (seed=199)

=== Epoch 199/1000 ===
[train] loss=5.1076 cls=0.4526 cme=2.1515 acc=0.9852 cells=158379
[ct_train] rechunked train graphs (seed=200)

=== Epoch 200/1000 ===
[train] loss=5.1081 cls=0.4530 cme=2.1516 acc=0.9854 cells=158379
[val]   loss=5.2409 eval=2.6156 cls=0.4088 cme=2.2068 acc=0.9760 cells=118036
[ct_train] early_stopping: no improve on val/eval_loss for 24/45 val checks
[ct_train] rechunked train graphs (seed=201)

=== Epoch 201/1000 ===
[train] loss=5.1031 cls=0.4529 cme=2.1493 acc=0.9850 cells=158379
[ct_train] rechunked train graphs (seed=202)

=== Epoch 202/1000 ===
[train] loss=5.0968 cls=0.4521 cme=2.1468 acc=0.9855 cells=158379
[val]   loss=5.2406 eval=2.6154 cls=0.4088 cme=2.2066 acc=0.9759 cells=118036
[ct_train] early_stopping: no improve on val/eval_loss for 25/45 val checks
[ct_train] rechunked train graphs (seed=203)

=== Epoch 203/1000 ===
[train] loss=5.1049 cls=0.4523 cme=2.1503 acc=0.9854 cells=158379
[ct_train] rechunked train graphs (seed=204)

=== Epoch 204/1000 ===
[train] loss=5.0935 cls=0.4523 cme=2.1452 acc=0.9855 cells=158379
[val]   loss=5.2411 eval=2.6156 cls=0.4088 cme=2.2069 acc=0.9760 cells=118036
[ct_train] early_stopping: no improve on val/eval_loss for 26/45 val checks
[ct_train] rechunked train graphs (seed=205)

=== Epoch 205/1000 ===
[train] loss=5.0925 cls=0.4517 cme=2.1450 acc=0.9854 cells=158379
[ct_train] rechunked train graphs (seed=206)

=== Epoch 206/1000 ===
[train] loss=5.1122 cls=0.4518 cme=2.1540 acc=0.9859 cells=158379
[val]   loss=5.2417 eval=2.6161 cls=0.4090 cme=2.2071 acc=0.9760 cells=118036
[ct_train] early_stopping: no improve on val/eval_loss for 27/45 val checks
[ct_train] rechunked train graphs (seed=207)

=== Epoch 207/1000 ===
[train] loss=5.1073 cls=0.4522 cme=2.1515 acc=0.9854 cells=158379
[ct_train] rechunked train graphs (seed=208)

=== Epoch 208/1000 ===
[train] loss=5.1031 cls=0.4516 cme=2.1499 acc=0.9855 cells=158379
[val]   loss=5.2421 eval=2.6163 cls=0.4092 cme=2.2072 acc=0.9759 cells=118036
[ct_train] early_stopping: no improve on val/eval_loss for 28/45 val checks
[ct_train] rechunked train graphs (seed=209)

=== Epoch 209/1000 ===
[train] loss=5.0950 cls=0.4507 cme=2.1466 acc=0.9858 cells=158379
[ct_train] rechunked train graphs (seed=210)

=== Epoch 210/1000 ===
[train] loss=5.1039 cls=0.4510 cme=2.1506 acc=0.9860 cells=158379
[val]   loss=5.2425 eval=2.6167 cls=0.4093 cme=2.2073 acc=0.9760 cells=118036
[ct_train] early_stopping: no improve on val/eval_loss for 29/45 val checks
[ct_train] rechunked train graphs (seed=211)

=== Epoch 211/1000 ===
[train] loss=5.0961 cls=0.4499 cme=2.1474 acc=0.9863 cells=158379
[ct_train] rechunked train graphs (seed=212)

=== Epoch 212/1000 ===
[train] loss=5.0991 cls=0.4515 cme=2.1482 acc=0.9857 cells=158379
[val]   loss=5.2428 eval=2.6169 cls=0.4094 cme=2.2075 acc=0.9760 cells=118036
[ct_train] early_stopping: no improve on val/eval_loss for 30/45 val checks
[ct_train] rechunked train graphs (seed=213)

=== Epoch 213/1000 ===
[train] loss=5.0818 cls=0.4494 cme=2.1412 acc=0.9863 cells=158379
[ct_train] rechunked train graphs (seed=214)

=== Epoch 214/1000 ===
[train] loss=5.0960 cls=0.4498 cme=2.1475 acc=0.9865 cells=158379
[val]   loss=5.2433 eval=2.6171 cls=0.4095 cme=2.2076 acc=0.9759 cells=118036
[ct_train] early_stopping: no improve on val/eval_loss for 31/45 val checks
[ct_train] rechunked train graphs (seed=215)

=== Epoch 215/1000 ===
[train] loss=5.0931 cls=0.4496 cme=2.1463 acc=0.9861 cells=158379
[ct_train] rechunked train graphs (seed=216)

=== Epoch 216/1000 ===
[train] loss=5.0896 cls=0.4500 cme=2.1444 acc=0.9863 cells=158379
[val]   loss=5.2427 eval=2.6168 cls=0.4093 cme=2.2074 acc=0.9761 cells=118036
[ct_train] early_stopping: no improve on val/eval_loss for 32/45 val checks
[ct_train] rechunked train graphs (seed=217)

=== Epoch 217/1000 ===
[train] loss=5.0960 cls=0.4498 cme=2.1474 acc=0.9864 cells=158379
[ct_train] rechunked train graphs (seed=218)

=== Epoch 218/1000 ===
[train] loss=5.0904 cls=0.4496 cme=2.1451 acc=0.9863 cells=158379
[val]   loss=5.2431 eval=2.6170 cls=0.4095 cme=2.2075 acc=0.9762 cells=118036
[ct_train] early_stopping: no improve on val/eval_loss for 33/45 val checks
[ct_train] rechunked train graphs (seed=219)

=== Epoch 219/1000 ===
[train] loss=5.0932 cls=0.4488 cme=2.1465 acc=0.9869 cells=158379
[ct_train] rechunked train graphs (seed=220)

=== Epoch 220/1000 ===
[train] loss=5.0955 cls=0.4483 cme=2.1479 acc=0.9869 cells=158379
[val]   loss=5.2438 eval=2.6175 cls=0.4097 cme=2.2078 acc=0.9760 cells=118036
[ct_train] early_stopping: no improve on val/eval_loss for 34/45 val checks
[ct_train] rechunked train graphs (seed=221)

=== Epoch 221/1000 ===
[train] loss=5.0875 cls=0.4491 cme=2.1439 acc=0.9865 cells=158379
[ct_train] rechunked train graphs (seed=222)

=== Epoch 222/1000 ===
[train] loss=5.0776 cls=0.4494 cme=2.1393 acc=0.9866 cells=158379
[val]   loss=5.2429 eval=2.6172 cls=0.4097 cme=2.2074 acc=0.9760 cells=118036
[ct_train] early_stopping: no improve on val/eval_loss for 35/45 val checks
[ct_train] rechunked train graphs (seed=223)

=== Epoch 223/1000 ===
[train] loss=5.0877 cls=0.4489 cme=2.1441 acc=0.9864 cells=158379
[ct_train] rechunked train graphs (seed=224)

=== Epoch 224/1000 ===
[train] loss=5.0953 cls=0.4482 cme=2.1479 acc=0.9868 cells=158379
[val]   loss=5.2436 eval=2.6175 cls=0.4097 cme=2.2077 acc=0.9761 cells=118036
[ct_train] early_stopping: no improve on val/eval_loss for 36/45 val checks
[ct_train] rechunked train graphs (seed=225)

=== Epoch 225/1000 ===
[train] loss=5.0834 cls=0.4481 cme=2.1426 acc=0.9868 cells=158379
[ct_train] rechunked train graphs (seed=226)

=== Epoch 226/1000 ===
[train] loss=5.0974 cls=0.4489 cme=2.1485 acc=0.9870 cells=158379
[val]   loss=5.2454 eval=2.6185 cls=0.4101 cme=2.2084 acc=0.9760 cells=118036
[ct_train] early_stopping: no improve on val/eval_loss for 37/45 val checks
[ct_train] rechunked train graphs (seed=227)

=== Epoch 227/1000 ===
[train] loss=5.0802 cls=0.4487 cme=2.1408 acc=0.9867 cells=158379
[ct_train] rechunked train graphs (seed=228)

=== Epoch 228/1000 ===
[train] loss=5.0844 cls=0.4481 cme=2.1429 acc=0.9867 cells=158379
[val]   loss=5.2461 eval=2.6189 cls=0.4104 cme=2.2085 acc=0.9759 cells=118036
[ct_train] early_stopping: no improve on val/eval_loss for 38/45 val checks
[ct_train] rechunked train graphs (seed=229)

=== Epoch 229/1000 ===
[train] loss=5.0880 cls=0.4479 cme=2.1447 acc=0.9872 cells=158379
[ct_train] rechunked train graphs (seed=230)

=== Epoch 230/1000 ===
[train] loss=5.0801 cls=0.4473 cme=2.1413 acc=0.9872 cells=158379
[val]   loss=5.2464 eval=2.6191 cls=0.4105 cme=2.2087 acc=0.9760 cells=118036
[ct_train] early_stopping: no improve on val/eval_loss for 39/45 val checks
[ct_train] rechunked train graphs (seed=231)

=== Epoch 231/1000 ===
[train] loss=5.0696 cls=0.4468 cme=2.1368 acc=0.9875 cells=158379
[ct_train] rechunked train graphs (seed=232)

=== Epoch 232/1000 ===
[train] loss=5.0880 cls=0.4477 cme=2.1448 acc=0.9873 cells=158379
[val]   loss=5.2469 eval=2.6195 cls=0.4106 cme=2.2089 acc=0.9759 cells=118036
[ct_train] early_stopping: no improve on val/eval_loss for 40/45 val checks
[ct_train] rechunked train graphs (seed=233)

=== Epoch 233/1000 ===
[train] loss=5.0838 cls=0.4479 cme=2.1427 acc=0.9869 cells=158379
[ct_train] rechunked train graphs (seed=234)

=== Epoch 234/1000 ===
[train] loss=5.0910 cls=0.4483 cme=2.1459 acc=0.9869 cells=158379
[val]   loss=5.2469 eval=2.6196 cls=0.4107 cme=2.2089 acc=0.9759 cells=118036
[ct_train] early_stopping: no improve on val/eval_loss for 41/45 val checks
[ct_train] rechunked train graphs (seed=235)

=== Epoch 235/1000 ===
[train] loss=5.0856 cls=0.4474 cme=2.1439 acc=0.9871 cells=158379
[ct_train] rechunked train graphs (seed=236)

=== Epoch 236/1000 ===
[train] loss=5.0783 cls=0.4464 cme=2.1410 acc=0.9876 cells=158379
[val]   loss=5.2470 eval=2.6195 cls=0.4105 cme=2.2090 acc=0.9760 cells=118036
[ct_train] early_stopping: no improve on val/eval_loss for 42/45 val checks
[ct_train] rechunked train graphs (seed=237)

=== Epoch 237/1000 ===
[train] loss=5.0878 cls=0.4476 cme=2.1447 acc=0.9874 cells=158379
[ct_train] rechunked train graphs (seed=238)

=== Epoch 238/1000 ===
[train] loss=5.0725 cls=0.4460 cme=2.1385 acc=0.9875 cells=158379
[val]   loss=5.2468 eval=2.6194 cls=0.4106 cme=2.2089 acc=0.9760 cells=118036
[ct_train] early_stopping: no improve on val/eval_loss for 43/45 val checks
[ct_train] rechunked train graphs (seed=239)

=== Epoch 239/1000 ===
[train] loss=5.0725 cls=0.4455 cme=2.1386 acc=0.9880 cells=158379
[ct_train] rechunked train graphs (seed=240)

=== Epoch 240/1000 ===
[train] loss=5.0682 cls=0.4462 cme=2.1364 acc=0.9877 cells=158379
[val]   loss=5.2480 eval=2.6202 cls=0.4109 cme=2.2093 acc=0.9760 cells=118036
[ct_train] early_stopping: no improve on val/eval_loss for 44/45 val checks
[ct_train] rechunked train graphs (seed=241)

=== Epoch 241/1000 ===
[train] loss=5.0871 cls=0.4459 cme=2.1452 acc=0.9880 cells=158379
[ct_train] rechunked train graphs (seed=242)

=== Epoch 242/1000 ===
[train] loss=5.0820 cls=0.4459 cme=2.1428 acc=0.9877 cells=158379
[val]   loss=5.2490 eval=2.6208 cls=0.4111 cme=2.2097 acc=0.9760 cells=118036
[ct_train] early_stopping: no improve on val/eval_loss for 45/45 val checks
[ct_train] early stopping at epoch 242 (patience=45, monitor=val/eval_loss)

[ct_train] done. best_val_acc=0.9762  best_val_eval_loss=2.6134  checkpoints=/home/abel/code/Tissue-Reassembly-using-GenAI-and-new-metrics/exploration/cell_types/outputs/exp155_pre_norm  logs=/home/abel/code/Tissue-Reassembly-using-GenAI-and-new-metrics/exploration/cell_types/logs/exp155_pre_norm/20260808_082455
wandb: updating run metadata
wandb: uploading config.yaml; uploading output.log; uploading wandb-summary.json
wandb: uploading output.log
wandb: 
wandb: Run summary:
wandb:                      best_epoch 154
wandb:                    best_val_acc 0.97616
wandb:              best_val_eval_loss 2.61344
wandb:                           epoch 242
wandb:                              lr 0.00018
wandb:           model/parameter_count 1305308
wandb: model/trainable_parameter_count 1305308
wandb:                       train/acc 0.98768
wandb:       train/acc_per_class/Astro 0.99308
wandb:        train/acc_per_class/Endo 0.98385
wandb:                             +54 ...
wandb: 
wandb:  View run exp155_pre_norm at: https://wandb.ai/abel-salmona-polytechnique-montr-al/cell_types/runs/2wo9dsag
wandb:  View project at: https://wandb.ai/abel-salmona-polytechnique-montr-al/cell_types
wandb: Synced 5 W&B file(s), 1 media file(s), 2 artifact file(s) and 1 other file(s)
wandb: Find logs at: ./exploration/cell_types/logs/exp155_pre_norm/20260808_082455/wandb/run-20260808_082503-2wo9dsag/logs
