[ct_train] config=exploration/cell_types/experiments/configs/exp153_gene_knn128.json
[ct_train] device=cuda  checkpoints=/home/abel/code/Tissue-Reassembly-using-GenAI-and-new-metrics/exploration/cell_types/outputs/exp153_gene_knn128
[ct_train] logs=/home/abel/code/Tissue-Reassembly-using-GenAI-and-new-metrics/exploration/cell_types/logs/exp153_gene_knn128/20260808_081159
[ct_train] Loading data …
[DataModule] Reading '/home/abel/biodata/MERFISH_LUNA_small_cortex/MERFISH_mouse_cortex_train.csv' (split=train) with float32 dtype on 254 gene cols + coord cols …
[DataModule] Loaded 158,379 rows for split=train.
[DataModule] Reading '/home/abel/biodata/MERFISH_LUNA_small_cortex/MERFISH_mouse_cortex_test.csv' (split=test) with float32 dtype on 254 gene cols + coord cols …
[DataModule] Loaded 118,036 rows for split=test.
[DataModule] Reading '/home/abel/biodata/MERFISH_LUNA_small_cortex/MERFISH_mouse_cortex_test.csv' (split=validation) with float32 dtype on 254 gene cols + coord cols …
[DataModule] Loaded 118,036 rows for split=validation.
[ct_train] genes=254  classes=23
[ct_train] model predict_cme=True  params=1,459,964
[ct_train] soft CME loaded split=train sigma=96.0 n=158379 C=23
[ct_train] soft CME loaded split=validation sigma=96.0 n=118036 C=23
[ct_train] soft CME loaded split=train sigma=50.0 n=158379 C=23
[ct_train] soft CME loaded split=train sigma=64.0 n=158379 C=23
[ct_train] soft CME loaded split=validation sigma=50.0 n=118036 C=23
[ct_train] soft CME loaded split=validation sigma=64.0 n=118036 C=23
wandb: [wandb.login()] Loaded credentials for https://api.wandb.ai from /home/abel/.netrc.
wandb: Currently logged in as: abel-salmona (abel-salmona-polytechnique-montr-al) to https://api.wandb.ai. Use `wandb login --relogin` to force relogin
wandb: WARNING Using a boolean value for 'reinit' is deprecated. Use 'return_previous' or 'finish_previous' instead.
wandb: Tracking run with wandb version 0.26.1
wandb: Run data is saved locally in /home/abel/code/Tissue-Reassembly-using-GenAI-and-new-metrics/exploration/cell_types/logs/exp153_gene_knn128/20260808_081159/wandb/run-20260808_081207-h753dy4i
wandb: Run `wandb offline` to turn off syncing.
wandb: Syncing run exp153_gene_knn128
wandb:  View project at https://wandb.ai/abel-salmona-polytechnique-montr-al/cell_types
wandb:  View run at https://wandb.ai/abel-salmona-polytechnique-montr-al/cell_types/runs/h753dy4i
wandb: WARNING Saving files without folders. If you want to preserve subdirectories pass base_path to wandb.save, i.e. wandb.save("/mnt/folder/file.h5", base_path="/mnt")
wandb: WARNING Symlinked 1 file into the W&B run directory; call wandb.save again to sync new files.
[ct_train] wandb: project=cell_types name=exp153_gene_knn128 mode=online url=https://wandb.ai/abel-salmona-polytechnique-montr-al/cell_types/runs/h753dy4i
[ct_train] parameters: total=1,459,964 trainable=1,459,964
  [params] mlp_in_node_features: 26,720
  [params] transformer_layers: 633,600
  [params] type_stage1: 37,728
  [params] env_stage1: 123,968
  [params] type_probe: 2,231
  [params] env_probe: 7,383
  [params] fusion_mlp: 457,024
  [params] type_stage2: 39,959
  [params] env_stage2: 131,351
[ct_train] EMA enabled decay=0.98
[ct_train] rechunked train graphs (seed=1)

=== Epoch 1/1000 ===
[train] loss=8.4936 cls=2.5779 cme=2.7268 acc=0.3545 cells=158379
[ct_train] rechunked train graphs (seed=2)

=== Epoch 2/1000 ===
[train] loss=6.8798 cls=1.5370 cme=2.4654 acc=0.7136 cells=158379
[val]   loss=8.0910 eval=4.9674 cls=2.3051 cme=2.6623 acc=0.5755 cells=118036
[ct_train] saved best checkpoint (val_eval_loss=4.9674 val_acc=0.5755)
[ct_train] rechunked train graphs (seed=3)

=== Epoch 3/1000 ===
[train] loss=6.1983 cls=1.0183 cme=2.3914 acc=0.8293 cells=158379
[ct_train] rechunked train graphs (seed=4)

=== Epoch 4/1000 ===
[train] loss=5.9397 cls=0.8266 cme=2.3608 acc=0.8787 cells=158379
[val]   loss=6.4518 eval=3.5731 cls=1.1333 cme=2.4398 acc=0.8235 cells=118036
[ct_train] saved best checkpoint (val_eval_loss=3.5731 val_acc=0.8235)
[ct_train] rechunked train graphs (seed=5)

=== Epoch 5/1000 ===
[train] loss=5.8079 cls=0.7404 cme=2.3402 acc=0.9049 cells=158379
[ct_train] rechunked train graphs (seed=6)

=== Epoch 6/1000 ===
[train] loss=5.7415 cls=0.6915 cme=2.3320 acc=0.9196 cells=158379
[val]   loss=5.8781 eval=3.0817 cls=0.7213 cme=2.3604 acc=0.8951 cells=118036
[ct_train] saved best checkpoint (val_eval_loss=3.0817 val_acc=0.8951)
[ct_train] rechunked train graphs (seed=7)

=== Epoch 7/1000 ===
[train] loss=5.6612 cls=0.6583 cme=2.3105 acc=0.9289 cells=158379
[ct_train] rechunked train graphs (seed=8)

=== Epoch 8/1000 ===
[train] loss=5.6228 cls=0.6378 cme=2.3023 acc=0.9347 cells=158379
[val]   loss=5.6829 eval=2.9197 cls=0.5926 cme=2.3272 acc=0.9257 cells=118036
[ct_train] saved best checkpoint (val_eval_loss=2.9197 val_acc=0.9257)
[ct_train] rechunked train graphs (seed=9)

=== Epoch 9/1000 ===
[train] loss=5.5891 cls=0.6223 cme=2.2940 acc=0.9392 cells=158379
[ct_train] rechunked train graphs (seed=10)

=== Epoch 10/1000 ===
[train] loss=5.5528 cls=0.6083 cme=2.2838 acc=0.9415 cells=158379
[val]   loss=5.5822 eval=2.8416 cls=0.5364 cme=2.3052 acc=0.9397 cells=118036
[ct_train] saved best checkpoint (val_eval_loss=2.8416 val_acc=0.9397)
[ct_train] rechunked train graphs (seed=11)

=== Epoch 11/1000 ===
[train] loss=5.5245 cls=0.5983 cme=2.2755 acc=0.9443 cells=158379
[ct_train] rechunked train graphs (seed=12)

=== Epoch 12/1000 ===
[train] loss=5.5073 cls=0.5930 cme=2.2700 acc=0.9457 cells=158379
[val]   loss=5.5217 eval=2.7980 cls=0.5086 cme=2.2894 acc=0.9468 cells=118036
[ct_train] saved best checkpoint (val_eval_loss=2.7980 val_acc=0.9468)
[ct_train] rechunked train graphs (seed=13)

=== Epoch 13/1000 ===
[train] loss=5.4844 cls=0.5856 cme=2.2630 acc=0.9477 cells=158379
[ct_train] rechunked train graphs (seed=14)

=== Epoch 14/1000 ===
[train] loss=5.4672 cls=0.5776 cme=2.2587 acc=0.9495 cells=158379
[val]   loss=5.4789 eval=2.7687 cls=0.4915 cme=2.2772 acc=0.9510 cells=118036
[ct_train] saved best checkpoint (val_eval_loss=2.7687 val_acc=0.9510)
[ct_train] rechunked train graphs (seed=15)

=== Epoch 15/1000 ===
[train] loss=5.4523 cls=0.5745 cme=2.2533 acc=0.9509 cells=158379
[ct_train] rechunked train graphs (seed=16)

=== Epoch 16/1000 ===
[train] loss=5.4476 cls=0.5675 cme=2.2544 acc=0.9528 cells=158379
[val]   loss=5.4464 eval=2.7475 cls=0.4801 cme=2.2673 acc=0.9544 cells=118036
[ct_train] saved best checkpoint (val_eval_loss=2.7475 val_acc=0.9544)
[ct_train] rechunked train graphs (seed=17)

=== Epoch 17/1000 ===
[train] loss=5.4324 cls=0.5612 cme=2.2503 acc=0.9540 cells=158379
[ct_train] rechunked train graphs (seed=18)

=== Epoch 18/1000 ===
[train] loss=5.4101 cls=0.5572 cme=2.2420 acc=0.9553 cells=158379
[val]   loss=5.4217 eval=2.7313 cls=0.4715 cme=2.2598 acc=0.9569 cells=118036
[ct_train] saved best checkpoint (val_eval_loss=2.7313 val_acc=0.9569)
[ct_train] rechunked train graphs (seed=19)

=== Epoch 19/1000 ===
[train] loss=5.4059 cls=0.5544 cme=2.2412 acc=0.9555 cells=158379
[ct_train] rechunked train graphs (seed=20)

=== Epoch 20/1000 ===
[train] loss=5.4078 cls=0.5520 cme=2.2433 acc=0.9566 cells=158379
[val]   loss=5.4016 eval=2.7183 cls=0.4645 cme=2.2537 acc=0.9583 cells=118036
[ct_train] saved best checkpoint (val_eval_loss=2.7183 val_acc=0.9583)
[ct_train] rechunked train graphs (seed=21)

=== Epoch 21/1000 ===
[train] loss=5.3739 cls=0.5479 cme=2.2296 acc=0.9575 cells=158379
[ct_train] rechunked train graphs (seed=22)

=== Epoch 22/1000 ===
[train] loss=5.3782 cls=0.5445 cme=2.2332 acc=0.9587 cells=158379
[val]   loss=5.3843 eval=2.7073 cls=0.4591 cme=2.2482 acc=0.9597 cells=118036
[ct_train] saved best checkpoint (val_eval_loss=2.7073 val_acc=0.9597)
[ct_train] rechunked train graphs (seed=23)

=== Epoch 23/1000 ===
[train] loss=5.3780 cls=0.5419 cme=2.2342 acc=0.9589 cells=158379
[ct_train] rechunked train graphs (seed=24)

=== Epoch 24/1000 ===
[train] loss=5.3576 cls=0.5386 cme=2.2264 acc=0.9598 cells=158379
[val]   loss=5.3706 eval=2.6984 cls=0.4544 cme=2.2440 acc=0.9612 cells=118036
[ct_train] saved best checkpoint (val_eval_loss=2.6984 val_acc=0.9612)
[ct_train] rechunked train graphs (seed=25)

=== Epoch 25/1000 ===
[train] loss=5.3584 cls=0.5372 cme=2.2276 acc=0.9608 cells=158379
[ct_train] rechunked train graphs (seed=26)

=== Epoch 26/1000 ===
[train] loss=5.3481 cls=0.5349 cme=2.2237 acc=0.9611 cells=158379
[val]   loss=5.3586 eval=2.6907 cls=0.4503 cme=2.2404 acc=0.9625 cells=118036
[ct_train] saved best checkpoint (val_eval_loss=2.6907 val_acc=0.9625)
[ct_train] rechunked train graphs (seed=27)

=== Epoch 27/1000 ===
[train] loss=5.3529 cls=0.5334 cme=2.2266 acc=0.9620 cells=158379
[ct_train] rechunked train graphs (seed=28)

=== Epoch 28/1000 ===
[train] loss=5.3319 cls=0.5292 cme=2.2190 acc=0.9623 cells=158379
[val]   loss=5.3488 eval=2.6843 cls=0.4468 cme=2.2375 acc=0.9634 cells=118036
[ct_train] saved best checkpoint (val_eval_loss=2.6843 val_acc=0.9634)
[ct_train] rechunked train graphs (seed=29)

=== Epoch 29/1000 ===
[train] loss=5.3195 cls=0.5278 cme=2.2139 acc=0.9634 cells=158379
[ct_train] rechunked train graphs (seed=30)

=== Epoch 30/1000 ===
[train] loss=5.3288 cls=0.5272 cme=2.2186 acc=0.9637 cells=158379
[val]   loss=5.3389 eval=2.6782 cls=0.4438 cme=2.2343 acc=0.9644 cells=118036
[ct_train] saved best checkpoint (val_eval_loss=2.6782 val_acc=0.9644)
[ct_train] rechunked train graphs (seed=31)

=== Epoch 31/1000 ===
[train] loss=5.3229 cls=0.5249 cme=2.2168 acc=0.9640 cells=158379
[ct_train] rechunked train graphs (seed=32)

=== Epoch 32/1000 ===
[train] loss=5.3251 cls=0.5235 cme=2.2185 acc=0.9641 cells=158379
[val]   loss=5.3312 eval=2.6732 cls=0.4412 cme=2.2319 acc=0.9651 cells=118036
[ct_train] saved best checkpoint (val_eval_loss=2.6732 val_acc=0.9651)
[ct_train] rechunked train graphs (seed=33)

=== Epoch 33/1000 ===
[train] loss=5.3040 cls=0.5208 cme=2.2101 acc=0.9651 cells=158379
[ct_train] rechunked train graphs (seed=34)

=== Epoch 34/1000 ===
[train] loss=5.3024 cls=0.5197 cme=2.2098 acc=0.9651 cells=158379
[val]   loss=5.3240 eval=2.6686 cls=0.4388 cme=2.2298 acc=0.9659 cells=118036
[ct_train] saved best checkpoint (val_eval_loss=2.6686 val_acc=0.9659)
[ct_train] rechunked train graphs (seed=35)

=== Epoch 35/1000 ===
[train] loss=5.3072 cls=0.5181 cme=2.2129 acc=0.9656 cells=158379
[ct_train] rechunked train graphs (seed=36)

=== Epoch 36/1000 ===
[train] loss=5.2921 cls=0.5172 cme=2.2063 acc=0.9658 cells=158379
[val]   loss=5.3172 eval=2.6644 cls=0.4367 cme=2.2276 acc=0.9665 cells=118036
[ct_train] saved best checkpoint (val_eval_loss=2.6644 val_acc=0.9665)
[ct_train] rechunked train graphs (seed=37)

=== Epoch 37/1000 ===
[train] loss=5.3034 cls=0.5156 cme=2.2123 acc=0.9664 cells=158379
[ct_train] rechunked train graphs (seed=38)

=== Epoch 38/1000 ===
[train] loss=5.2893 cls=0.5138 cme=2.2066 acc=0.9673 cells=158379
[val]   loss=5.3112 eval=2.6606 cls=0.4349 cme=2.2257 acc=0.9670 cells=118036
[ct_train] saved best checkpoint (val_eval_loss=2.6606 val_acc=0.9670)
[ct_train] rechunked train graphs (seed=39)

=== Epoch 39/1000 ===
[train] loss=5.2936 cls=0.5130 cme=2.2089 acc=0.9669 cells=158379
[ct_train] rechunked train graphs (seed=40)

=== Epoch 40/1000 ===
[train] loss=5.2807 cls=0.5108 cme=2.2040 acc=0.9674 cells=158379
[val]   loss=5.3058 eval=2.6574 cls=0.4334 cme=2.2240 acc=0.9676 cells=118036
[ct_train] saved best checkpoint (val_eval_loss=2.6574 val_acc=0.9676)
[ct_train] rechunked train graphs (seed=41)

=== Epoch 41/1000 ===
[train] loss=5.2853 cls=0.5106 cme=2.2061 acc=0.9676 cells=158379
[ct_train] rechunked train graphs (seed=42)

=== Epoch 42/1000 ===
[train] loss=5.2832 cls=0.5110 cme=2.2051 acc=0.9679 cells=158379
[val]   loss=5.3008 eval=2.6542 cls=0.4319 cme=2.2224 acc=0.9681 cells=118036
[ct_train] saved best checkpoint (val_eval_loss=2.6542 val_acc=0.9681)
[ct_train] rechunked train graphs (seed=43)

=== Epoch 43/1000 ===
[train] loss=5.2709 cls=0.5069 cme=2.2014 acc=0.9685 cells=158379
[ct_train] rechunked train graphs (seed=44)

=== Epoch 44/1000 ===
[train] loss=5.2645 cls=0.5064 cme=2.1986 acc=0.9693 cells=158379
[val]   loss=5.2968 eval=2.6517 cls=0.4305 cme=2.2212 acc=0.9684 cells=118036
[ct_train] saved best checkpoint (val_eval_loss=2.6517 val_acc=0.9684)
[ct_train] rechunked train graphs (seed=45)

=== Epoch 45/1000 ===
[train] loss=5.2618 cls=0.5050 cme=2.1981 acc=0.9688 cells=158379
[ct_train] rechunked train graphs (seed=46)

=== Epoch 46/1000 ===
[train] loss=5.2683 cls=0.5060 cme=2.2005 acc=0.9691 cells=158379
[val]   loss=5.2926 eval=2.6491 cls=0.4293 cme=2.2199 acc=0.9687 cells=118036
[ct_train] saved best checkpoint (val_eval_loss=2.6491 val_acc=0.9687)
[ct_train] rechunked train graphs (seed=47)

=== Epoch 47/1000 ===
[train] loss=5.2720 cls=0.5054 cme=2.2025 acc=0.9693 cells=158379
[ct_train] rechunked train graphs (seed=48)

=== Epoch 48/1000 ===
[train] loss=5.2583 cls=0.5030 cme=2.1973 acc=0.9698 cells=158379
[val]   loss=5.2895 eval=2.6471 cls=0.4282 cme=2.2189 acc=0.9691 cells=118036
[ct_train] saved best checkpoint (val_eval_loss=2.6471 val_acc=0.9691)
[ct_train] rechunked train graphs (seed=49)

=== Epoch 49/1000 ===
[train] loss=5.2590 cls=0.5033 cme=2.1975 acc=0.9697 cells=158379
[ct_train] rechunked train graphs (seed=50)

=== Epoch 50/1000 ===
[train] loss=5.2437 cls=0.5015 cme=2.1914 acc=0.9703 cells=158379
[val]   loss=5.2867 eval=2.6454 cls=0.4274 cme=2.2181 acc=0.9692 cells=118036
[ct_train] saved best checkpoint (val_eval_loss=2.6454 val_acc=0.9692)
[ct_train] rechunked train graphs (seed=51)

=== Epoch 51/1000 ===
[train] loss=5.2529 cls=0.5007 cme=2.1959 acc=0.9706 cells=158379
[ct_train] rechunked train graphs (seed=52)

=== Epoch 52/1000 ===
[train] loss=5.2460 cls=0.4996 cme=2.1932 acc=0.9708 cells=158379
[val]   loss=5.2835 eval=2.6433 cls=0.4263 cme=2.2170 acc=0.9697 cells=118036
[ct_train] saved best checkpoint (val_eval_loss=2.6433 val_acc=0.9697)
[ct_train] rechunked train graphs (seed=53)

=== Epoch 53/1000 ===
[train] loss=5.2474 cls=0.4990 cme=2.1943 acc=0.9708 cells=158379
[ct_train] rechunked train graphs (seed=54)

=== Epoch 54/1000 ===
[train] loss=5.2356 cls=0.4998 cme=2.1884 acc=0.9707 cells=158379
[val]   loss=5.2799 eval=2.6413 cls=0.4256 cme=2.2158 acc=0.9698 cells=118036
[ct_train] saved best checkpoint (val_eval_loss=2.6413 val_acc=0.9698)
[ct_train] rechunked train graphs (seed=55)

=== Epoch 55/1000 ===
[train] loss=5.2320 cls=0.4981 cme=2.1875 acc=0.9710 cells=158379
[ct_train] rechunked train graphs (seed=56)

=== Epoch 56/1000 ===
[train] loss=5.2346 cls=0.4970 cme=2.1892 acc=0.9715 cells=158379
[val]   loss=5.2765 eval=2.6392 cls=0.4247 cme=2.2146 acc=0.9702 cells=118036
[ct_train] saved best checkpoint (val_eval_loss=2.6392 val_acc=0.9702)
[ct_train] rechunked train graphs (seed=57)

=== Epoch 57/1000 ===
[train] loss=5.2454 cls=0.4954 cme=2.1950 acc=0.9717 cells=158379
[ct_train] rechunked train graphs (seed=58)

=== Epoch 58/1000 ===
[train] loss=5.2236 cls=0.4956 cme=2.1848 acc=0.9720 cells=158379
[val]   loss=5.2740 eval=2.6378 cls=0.4240 cme=2.2138 acc=0.9704 cells=118036
[ct_train] saved best checkpoint (val_eval_loss=2.6378 val_acc=0.9704)
[ct_train] rechunked train graphs (seed=59)

=== Epoch 59/1000 ===
[train] loss=5.2341 cls=0.4955 cme=2.1897 acc=0.9724 cells=158379
[ct_train] rechunked train graphs (seed=60)

=== Epoch 60/1000 ===
[train] loss=5.2257 cls=0.4938 cme=2.1867 acc=0.9725 cells=158379
[val]   loss=5.2714 eval=2.6362 cls=0.4232 cme=2.2130 acc=0.9705 cells=118036
[ct_train] saved best checkpoint (val_eval_loss=2.6362 val_acc=0.9705)
[ct_train] rechunked train graphs (seed=61)

=== Epoch 61/1000 ===
[train] loss=5.2221 cls=0.4931 cme=2.1854 acc=0.9728 cells=158379
[ct_train] rechunked train graphs (seed=62)

=== Epoch 62/1000 ===
[train] loss=5.2290 cls=0.4922 cme=2.1888 acc=0.9728 cells=158379
[val]   loss=5.2690 eval=2.6348 cls=0.4226 cme=2.2122 acc=0.9706 cells=118036
[ct_train] saved best checkpoint (val_eval_loss=2.6348 val_acc=0.9706)
[ct_train] rechunked train graphs (seed=63)

=== Epoch 63/1000 ===
[train] loss=5.2389 cls=0.4926 cme=2.1933 acc=0.9726 cells=158379
[ct_train] rechunked train graphs (seed=64)

=== Epoch 64/1000 ===
[train] loss=5.2351 cls=0.4917 cme=2.1919 acc=0.9732 cells=158379
[val]   loss=5.2672 eval=2.6337 cls=0.4220 cme=2.2117 acc=0.9707 cells=118036
[ct_train] saved best checkpoint (val_eval_loss=2.6337 val_acc=0.9707)
[ct_train] rechunked train graphs (seed=65)

=== Epoch 65/1000 ===
[train] loss=5.2114 cls=0.4899 cme=2.1819 acc=0.9732 cells=158379
[ct_train] rechunked train graphs (seed=66)

=== Epoch 66/1000 ===
[train] loss=5.2268 cls=0.4901 cme=2.1888 acc=0.9737 cells=158379
[val]   loss=5.2652 eval=2.6325 cls=0.4214 cme=2.2111 acc=0.9709 cells=118036
[ct_train] saved best checkpoint (val_eval_loss=2.6325 val_acc=0.9709)
[ct_train] rechunked train graphs (seed=67)

=== Epoch 67/1000 ===
[train] loss=5.2078 cls=0.4888 cme=2.1807 acc=0.9740 cells=158379
[ct_train] rechunked train graphs (seed=68)

=== Epoch 68/1000 ===
[train] loss=5.2202 cls=0.4894 cme=2.1862 acc=0.9738 cells=158379
[val]   loss=5.2639 eval=2.6316 cls=0.4210 cme=2.2106 acc=0.9710 cells=118036
[ct_train] saved best checkpoint (val_eval_loss=2.6316 val_acc=0.9710)
[ct_train] rechunked train graphs (seed=69)

=== Epoch 69/1000 ===
[train] loss=5.2081 cls=0.4881 cme=2.1813 acc=0.9740 cells=158379
[ct_train] rechunked train graphs (seed=70)

=== Epoch 70/1000 ===
[train] loss=5.2090 cls=0.4879 cme=2.1817 acc=0.9739 cells=158379
[val]   loss=5.2627 eval=2.6308 cls=0.4205 cme=2.2103 acc=0.9712 cells=118036
[ct_train] saved best checkpoint (val_eval_loss=2.6308 val_acc=0.9712)
[ct_train] rechunked train graphs (seed=71)

=== Epoch 71/1000 ===
[train] loss=5.2060 cls=0.4879 cme=2.1804 acc=0.9742 cells=158379
[ct_train] rechunked train graphs (seed=72)

=== Epoch 72/1000 ===
[train] loss=5.2097 cls=0.4865 cme=2.1826 acc=0.9744 cells=158379
[val]   loss=5.2612 eval=2.6298 cls=0.4199 cme=2.2099 acc=0.9713 cells=118036
[ct_train] saved best checkpoint (val_eval_loss=2.6298 val_acc=0.9713)
[ct_train] rechunked train graphs (seed=73)

=== Epoch 73/1000 ===
[train] loss=5.2073 cls=0.4881 cme=2.1809 acc=0.9746 cells=158379
[ct_train] rechunked train graphs (seed=74)

=== Epoch 74/1000 ===
[train] loss=5.2029 cls=0.4856 cme=2.1800 acc=0.9749 cells=158379
[val]   loss=5.2596 eval=2.6288 cls=0.4195 cme=2.2093 acc=0.9713 cells=118036
[ct_train] saved best checkpoint (val_eval_loss=2.6288 val_acc=0.9713)
[ct_train] rechunked train graphs (seed=75)

=== Epoch 75/1000 ===
[train] loss=5.1960 cls=0.4839 cme=2.1776 acc=0.9748 cells=158379
[ct_train] rechunked train graphs (seed=76)

=== Epoch 76/1000 ===
[train] loss=5.1916 cls=0.4837 cme=2.1757 acc=0.9752 cells=158379
[val]   loss=5.2578 eval=2.6278 cls=0.4191 cme=2.2087 acc=0.9716 cells=118036
[ct_train] saved best checkpoint (val_eval_loss=2.6278 val_acc=0.9716)
[ct_train] rechunked train graphs (seed=77)

=== Epoch 77/1000 ===
[train] loss=5.1931 cls=0.4838 cme=2.1764 acc=0.9751 cells=158379
[ct_train] rechunked train graphs (seed=78)

=== Epoch 78/1000 ===
[train] loss=5.2052 cls=0.4841 cme=2.1817 acc=0.9751 cells=158379
[val]   loss=5.2568 eval=2.6271 cls=0.4185 cme=2.2086 acc=0.9719 cells=118036
[ct_train] saved best checkpoint (val_eval_loss=2.6271 val_acc=0.9719)
[ct_train] rechunked train graphs (seed=79)

=== Epoch 79/1000 ===
[train] loss=5.1876 cls=0.4836 cme=2.1739 acc=0.9755 cells=158379
[ct_train] rechunked train graphs (seed=80)

=== Epoch 80/1000 ===
[train] loss=5.1810 cls=0.4819 cme=2.1716 acc=0.9759 cells=158379
[val]   loss=5.2557 eval=2.6264 cls=0.4182 cme=2.2082 acc=0.9718 cells=118036
[ct_train] saved best checkpoint (val_eval_loss=2.6264 val_acc=0.9719)
[ct_train] rechunked train graphs (seed=81)

=== Epoch 81/1000 ===
[train] loss=5.1848 cls=0.4811 cme=2.1738 acc=0.9759 cells=158379
[ct_train] rechunked train graphs (seed=82)

=== Epoch 82/1000 ===
[train] loss=5.1896 cls=0.4823 cme=2.1754 acc=0.9757 cells=158379
[val]   loss=5.2537 eval=2.6253 cls=0.4178 cme=2.2075 acc=0.9721 cells=118036
[ct_train] saved best checkpoint (val_eval_loss=2.6253 val_acc=0.9721)
[ct_train] rechunked train graphs (seed=83)

=== Epoch 83/1000 ===
[train] loss=5.1874 cls=0.4821 cme=2.1745 acc=0.9754 cells=158379
[ct_train] rechunked train graphs (seed=84)

=== Epoch 84/1000 ===
[train] loss=5.1910 cls=0.4813 cme=2.1765 acc=0.9764 cells=158379
[val]   loss=5.2526 eval=2.6247 cls=0.4175 cme=2.2072 acc=0.9721 cells=118036
[ct_train] saved best checkpoint (val_eval_loss=2.6247 val_acc=0.9721)
[ct_train] rechunked train graphs (seed=85)

=== Epoch 85/1000 ===
[train] loss=5.1842 cls=0.4804 cme=2.1738 acc=0.9764 cells=158379
[ct_train] rechunked train graphs (seed=86)

=== Epoch 86/1000 ===
[train] loss=5.1923 cls=0.4801 cme=2.1777 acc=0.9763 cells=158379
[val]   loss=5.2521 eval=2.6243 cls=0.4171 cme=2.2071 acc=0.9723 cells=118036
[ct_train] saved best checkpoint (val_eval_loss=2.6243 val_acc=0.9723)
[ct_train] rechunked train graphs (seed=87)

=== Epoch 87/1000 ===
[train] loss=5.1860 cls=0.4807 cme=2.1744 acc=0.9768 cells=158379
[ct_train] rechunked train graphs (seed=88)

=== Epoch 88/1000 ===
[train] loss=5.1792 cls=0.4788 cme=2.1723 acc=0.9768 cells=158379
[val]   loss=5.2511 eval=2.6236 cls=0.4168 cme=2.2068 acc=0.9724 cells=118036
[ct_train] saved best checkpoint (val_eval_loss=2.6236 val_acc=0.9724)
[ct_train] rechunked train graphs (seed=89)

=== Epoch 89/1000 ===
[train] loss=5.1787 cls=0.4782 cme=2.1723 acc=0.9766 cells=158379
[ct_train] rechunked train graphs (seed=90)

=== Epoch 90/1000 ===
[train] loss=5.1752 cls=0.4783 cme=2.1707 acc=0.9768 cells=158379
[val]   loss=5.2502 eval=2.6231 cls=0.4165 cme=2.2066 acc=0.9725 cells=118036
[ct_train] saved best checkpoint (val_eval_loss=2.6231 val_acc=0.9725)
[ct_train] rechunked train graphs (seed=91)

=== Epoch 91/1000 ===
[train] loss=5.1706 cls=0.4772 cme=2.1690 acc=0.9769 cells=158379
[ct_train] rechunked train graphs (seed=92)

=== Epoch 92/1000 ===
[train] loss=5.1789 cls=0.4769 cme=2.1730 acc=0.9773 cells=158379
[val]   loss=5.2493 eval=2.6225 cls=0.4162 cme=2.2063 acc=0.9726 cells=118036
[ct_train] saved best checkpoint (val_eval_loss=2.6225 val_acc=0.9726)
[ct_train] rechunked train graphs (seed=93)

=== Epoch 93/1000 ===
[train] loss=5.1695 cls=0.4764 cme=2.1689 acc=0.9778 cells=158379
[ct_train] rechunked train graphs (seed=94)

=== Epoch 94/1000 ===
[train] loss=5.1662 cls=0.4761 cme=2.1674 acc=0.9773 cells=158379
[val]   loss=5.2487 eval=2.6221 cls=0.4160 cme=2.2061 acc=0.9727 cells=118036
[ct_train] saved best checkpoint (val_eval_loss=2.6221 val_acc=0.9727)
[ct_train] rechunked train graphs (seed=95)

=== Epoch 95/1000 ===
[train] loss=5.1672 cls=0.4773 cme=2.1675 acc=0.9778 cells=158379
[ct_train] rechunked train graphs (seed=96)

=== Epoch 96/1000 ===
[train] loss=5.1779 cls=0.4758 cme=2.1730 acc=0.9780 cells=158379
[val]   loss=5.2477 eval=2.6214 cls=0.4156 cme=2.2059 acc=0.9729 cells=118036
[ct_train] saved best checkpoint (val_eval_loss=2.6214 val_acc=0.9729)
[ct_train] rechunked train graphs (seed=97)

=== Epoch 97/1000 ===
[train] loss=5.1727 cls=0.4751 cme=2.1709 acc=0.9779 cells=158379
[ct_train] rechunked train graphs (seed=98)

=== Epoch 98/1000 ===
[train] loss=5.1577 cls=0.4747 cme=2.1643 acc=0.9781 cells=158379
[val]   loss=5.2468 eval=2.6210 cls=0.4154 cme=2.2056 acc=0.9730 cells=118036
[ct_train] saved best checkpoint (val_eval_loss=2.6210 val_acc=0.9730)
[ct_train] rechunked train graphs (seed=99)

=== Epoch 99/1000 ===
[train] loss=5.1721 cls=0.4747 cme=2.1708 acc=0.9785 cells=158379
[ct_train] rechunked train graphs (seed=100)

=== Epoch 100/1000 ===
[train] loss=5.1487 cls=0.4727 cme=2.1612 acc=0.9788 cells=158379
[val]   loss=5.2471 eval=2.6210 cls=0.4152 cme=2.2058 acc=0.9731 cells=118036
[ct_train] early_stopping: no improve on val/eval_loss for 1/45 val checks
[ct_train] rechunked train graphs (seed=101)

=== Epoch 101/1000 ===
[train] loss=5.1503 cls=0.4724 cme=2.1619 acc=0.9788 cells=158379
[ct_train] rechunked train graphs (seed=102)

=== Epoch 102/1000 ===
[train] loss=5.1681 cls=0.4724 cme=2.1701 acc=0.9791 cells=158379
[val]   loss=5.2465 eval=2.6205 cls=0.4149 cme=2.2056 acc=0.9731 cells=118036
[ct_train] saved best checkpoint (val_eval_loss=2.6205 val_acc=0.9731)
[ct_train] rechunked train graphs (seed=103)

=== Epoch 103/1000 ===
[train] loss=5.1552 cls=0.4719 cme=2.1645 acc=0.9787 cells=158379
[ct_train] rechunked train graphs (seed=104)

=== Epoch 104/1000 ===
[train] loss=5.1559 cls=0.4722 cme=2.1646 acc=0.9786 cells=158379
[val]   loss=5.2465 eval=2.6204 cls=0.4147 cme=2.2057 acc=0.9733 cells=118036
[ct_train] saved best checkpoint (val_eval_loss=2.6204 val_acc=0.9733)
[ct_train] early_stopping: no improve on val/eval_loss for 1/45 val checks
[ct_train] rechunked train graphs (seed=105)

=== Epoch 105/1000 ===
[train] loss=5.1657 cls=0.4729 cme=2.1688 acc=0.9785 cells=158379
[ct_train] rechunked train graphs (seed=106)

=== Epoch 106/1000 ===
[train] loss=5.1646 cls=0.4725 cme=2.1685 acc=0.9788 cells=158379
[val]   loss=5.2446 eval=2.6194 cls=0.4144 cme=2.2050 acc=0.9733 cells=118036
[ct_train] saved best checkpoint (val_eval_loss=2.6194 val_acc=0.9733)
[ct_train] rechunked train graphs (seed=107)

=== Epoch 107/1000 ===
[train] loss=5.1623 cls=0.4713 cme=2.1679 acc=0.9792 cells=158379
[ct_train] rechunked train graphs (seed=108)

=== Epoch 108/1000 ===
[train] loss=5.1459 cls=0.4708 cme=2.1607 acc=0.9796 cells=158379
[val]   loss=5.2437 eval=2.6190 cls=0.4143 cme=2.2047 acc=0.9732 cells=118036
[ct_train] saved best checkpoint (val_eval_loss=2.6190 val_acc=0.9733)
[ct_train] rechunked train graphs (seed=109)

=== Epoch 109/1000 ===
[train] loss=5.1454 cls=0.4710 cme=2.1604 acc=0.9793 cells=158379
[ct_train] rechunked train graphs (seed=110)

=== Epoch 110/1000 ===
[train] loss=5.1497 cls=0.4707 cme=2.1625 acc=0.9792 cells=158379
[val]   loss=5.2434 eval=2.6188 cls=0.4142 cme=2.2046 acc=0.9733 cells=118036
[ct_train] saved best checkpoint (val_eval_loss=2.6188 val_acc=0.9733)
[ct_train] early_stopping: no improve on val/eval_loss for 1/45 val checks
[ct_train] rechunked train graphs (seed=111)

=== Epoch 111/1000 ===
[train] loss=5.1541 cls=0.4705 cme=2.1646 acc=0.9791 cells=158379
[ct_train] rechunked train graphs (seed=112)

=== Epoch 112/1000 ===
[train] loss=5.1466 cls=0.4704 cme=2.1613 acc=0.9794 cells=158379
[val]   loss=5.2432 eval=2.6186 cls=0.4140 cme=2.2046 acc=0.9735 cells=118036
[ct_train] saved best checkpoint (val_eval_loss=2.6186 val_acc=0.9735)
[ct_train] early_stopping: no improve on val/eval_loss for 2/45 val checks
[ct_train] rechunked train graphs (seed=113)

=== Epoch 113/1000 ===
[train] loss=5.1407 cls=0.4691 cme=2.1591 acc=0.9802 cells=158379
[ct_train] rechunked train graphs (seed=114)

=== Epoch 114/1000 ===
[train] loss=5.1457 cls=0.4689 cme=2.1614 acc=0.9799 cells=158379
[val]   loss=5.2434 eval=2.6187 cls=0.4140 cme=2.2047 acc=0.9734 cells=118036
[ct_train] early_stopping: no improve on val/eval_loss for 3/45 val checks
[ct_train] rechunked train graphs (seed=115)

=== Epoch 115/1000 ===
[train] loss=5.1540 cls=0.4684 cme=2.1655 acc=0.9801 cells=158379
[ct_train] rechunked train graphs (seed=116)

=== Epoch 116/1000 ===
[train] loss=5.1376 cls=0.4680 cme=2.1581 acc=0.9803 cells=158379
[val]   loss=5.2425 eval=2.6182 cls=0.4138 cme=2.2044 acc=0.9735 cells=118036
[ct_train] saved best checkpoint (val_eval_loss=2.6182 val_acc=0.9735)
[ct_train] rechunked train graphs (seed=117)

=== Epoch 117/1000 ===
[train] loss=5.1407 cls=0.4683 cme=2.1595 acc=0.9801 cells=158379
[ct_train] rechunked train graphs (seed=118)

=== Epoch 118/1000 ===
[train] loss=5.1449 cls=0.4678 cme=2.1616 acc=0.9799 cells=158379
[val]   loss=5.2426 eval=2.6181 cls=0.4136 cme=2.2045 acc=0.9737 cells=118036
[ct_train] saved best checkpoint (val_eval_loss=2.6181 val_acc=0.9737)
[ct_train] early_stopping: no improve on val/eval_loss for 1/45 val checks
[ct_train] rechunked train graphs (seed=119)

=== Epoch 119/1000 ===
[train] loss=5.1322 cls=0.4662 cme=2.1565 acc=0.9808 cells=158379
[ct_train] rechunked train graphs (seed=120)

=== Epoch 120/1000 ===
[train] loss=5.1323 cls=0.4667 cme=2.1563 acc=0.9809 cells=158379
[val]   loss=5.2432 eval=2.6185 cls=0.4136 cme=2.2049 acc=0.9737 cells=118036
[ct_train] early_stopping: no improve on val/eval_loss for 2/45 val checks
[ct_train] rechunked train graphs (seed=121)

=== Epoch 121/1000 ===
[train] loss=5.1317 cls=0.4667 cme=2.1561 acc=0.9804 cells=158379
[ct_train] rechunked train graphs (seed=122)

=== Epoch 122/1000 ===
[train] loss=5.1327 cls=0.4665 cme=2.1566 acc=0.9807 cells=158379
[val]   loss=5.2414 eval=2.6176 cls=0.4134 cme=2.2042 acc=0.9737 cells=118036
[ct_train] saved best checkpoint (val_eval_loss=2.6176 val_acc=0.9737)
[ct_train] rechunked train graphs (seed=123)

=== Epoch 123/1000 ===
[train] loss=5.1445 cls=0.4662 cme=2.1621 acc=0.9809 cells=158379
[ct_train] rechunked train graphs (seed=124)

=== Epoch 124/1000 ===
[train] loss=5.1229 cls=0.4651 cme=2.1529 acc=0.9813 cells=158379
[val]   loss=5.2407 eval=2.6173 cls=0.4133 cme=2.2040 acc=0.9739 cells=118036
[ct_train] saved best checkpoint (val_eval_loss=2.6173 val_acc=0.9739)
[ct_train] rechunked train graphs (seed=125)

=== Epoch 125/1000 ===
[train] loss=5.1290 cls=0.4654 cme=2.1555 acc=0.9811 cells=158379
[ct_train] rechunked train graphs (seed=126)

=== Epoch 126/1000 ===
[train] loss=5.1298 cls=0.4654 cme=2.1558 acc=0.9811 cells=158379
[val]   loss=5.2410 eval=2.6174 cls=0.4132 cme=2.2042 acc=0.9739 cells=118036
[ct_train] early_stopping: no improve on val/eval_loss for 1/45 val checks
[ct_train] rechunked train graphs (seed=127)

=== Epoch 127/1000 ===
[train] loss=5.1198 cls=0.4642 cme=2.1518 acc=0.9813 cells=158379
[ct_train] rechunked train graphs (seed=128)

=== Epoch 128/1000 ===
[train] loss=5.1245 cls=0.4650 cme=2.1536 acc=0.9815 cells=158379
[val]   loss=5.2425 eval=2.6182 cls=0.4134 cme=2.2048 acc=0.9738 cells=118036
[ct_train] early_stopping: no improve on val/eval_loss for 2/45 val checks
[ct_train] rechunked train graphs (seed=129)

=== Epoch 129/1000 ===
[train] loss=5.1332 cls=0.4635 cme=2.1582 acc=0.9819 cells=158379
[ct_train] rechunked train graphs (seed=130)

=== Epoch 130/1000 ===
[train] loss=5.1297 cls=0.4635 cme=2.1566 acc=0.9816 cells=158379
[val]   loss=5.2411 eval=2.6175 cls=0.4133 cme=2.2042 acc=0.9739 cells=118036
[ct_train] early_stopping: no improve on val/eval_loss for 3/45 val checks
[ct_train] rechunked train graphs (seed=131)

=== Epoch 131/1000 ===
[train] loss=5.1267 cls=0.4635 cme=2.1552 acc=0.9818 cells=158379
[ct_train] rechunked train graphs (seed=132)

=== Epoch 132/1000 ===
[train] loss=5.1182 cls=0.4619 cme=2.1521 acc=0.9821 cells=158379
[val]   loss=5.2418 eval=2.6179 cls=0.4134 cme=2.2045 acc=0.9739 cells=118036
[ct_train] early_stopping: no improve on val/eval_loss for 4/45 val checks
[ct_train] rechunked train graphs (seed=133)

=== Epoch 133/1000 ===
[train] loss=5.1268 cls=0.4637 cme=2.1552 acc=0.9817 cells=158379
[ct_train] rechunked train graphs (seed=134)

=== Epoch 134/1000 ===
[train] loss=5.1225 cls=0.4633 cme=2.1534 acc=0.9817 cells=158379
[val]   loss=5.2423 eval=2.6179 cls=0.4132 cme=2.2047 acc=0.9739 cells=118036
[ct_train] early_stopping: no improve on val/eval_loss for 5/45 val checks
[ct_train] rechunked train graphs (seed=135)

=== Epoch 135/1000 ===
[train] loss=5.1148 cls=0.4624 cme=2.1504 acc=0.9822 cells=158379
[ct_train] rechunked train graphs (seed=136)

=== Epoch 136/1000 ===
[train] loss=5.1277 cls=0.4631 cme=2.1559 acc=0.9821 cells=158379
[val]   loss=5.2428 eval=2.6182 cls=0.4130 cme=2.2051 acc=0.9740 cells=118036
[ct_train] early_stopping: no improve on val/eval_loss for 6/45 val checks
[ct_train] rechunked train graphs (seed=137)

=== Epoch 137/1000 ===
[train] loss=5.1353 cls=0.4634 cme=2.1592 acc=0.9821 cells=158379
[ct_train] rechunked train graphs (seed=138)

=== Epoch 138/1000 ===
[train] loss=5.1238 cls=0.4619 cme=2.1547 acc=0.9824 cells=158379
[val]   loss=5.2421 eval=2.6178 cls=0.4129 cme=2.2049 acc=0.9742 cells=118036
[ct_train] early_stopping: no improve on val/eval_loss for 7/45 val checks
[ct_train] rechunked train graphs (seed=139)

=== Epoch 139/1000 ===
[train] loss=5.1191 cls=0.4608 cme=2.1530 acc=0.9826 cells=158379
[ct_train] rechunked train graphs (seed=140)

=== Epoch 140/1000 ===
[train] loss=5.1263 cls=0.4620 cme=2.1558 acc=0.9824 cells=158379
[val]   loss=5.2418 eval=2.6176 cls=0.4127 cme=2.2049 acc=0.9741 cells=118036
[ct_train] early_stopping: no improve on val/eval_loss for 8/45 val checks
[ct_train] rechunked train graphs (seed=141)

=== Epoch 141/1000 ===
[train] loss=5.1203 cls=0.4619 cme=2.1530 acc=0.9823 cells=158379
[ct_train] rechunked train graphs (seed=142)

=== Epoch 142/1000 ===
[train] loss=5.1210 cls=0.4609 cme=2.1539 acc=0.9827 cells=158379
[val]   loss=5.2419 eval=2.6177 cls=0.4129 cme=2.2048 acc=0.9740 cells=118036
[ct_train] early_stopping: no improve on val/eval_loss for 9/45 val checks
[ct_train] rechunked train graphs (seed=143)

=== Epoch 143/1000 ===
[train] loss=5.1079 cls=0.4597 cme=2.1484 acc=0.9831 cells=158379
[ct_train] rechunked train graphs (seed=144)

=== Epoch 144/1000 ===
[train] loss=5.1102 cls=0.4606 cme=2.1490 acc=0.9829 cells=158379
[val]   loss=5.2419 eval=2.6178 cls=0.4130 cme=2.2048 acc=0.9740 cells=118036
[ct_train] early_stopping: no improve on val/eval_loss for 10/45 val checks
[ct_train] rechunked train graphs (seed=145)

=== Epoch 145/1000 ===
[train] loss=5.1144 cls=0.4606 cme=2.1509 acc=0.9831 cells=158379
[ct_train] rechunked train graphs (seed=146)

=== Epoch 146/1000 ===
[train] loss=5.1095 cls=0.4600 cme=2.1489 acc=0.9830 cells=158379
[val]   loss=5.2419 eval=2.6178 cls=0.4130 cme=2.2048 acc=0.9741 cells=118036
[ct_train] early_stopping: no improve on val/eval_loss for 11/45 val checks
[ct_train] rechunked train graphs (seed=147)

=== Epoch 147/1000 ===
[train] loss=5.1108 cls=0.4598 cme=2.1497 acc=0.9832 cells=158379
[ct_train] rechunked train graphs (seed=148)

=== Epoch 148/1000 ===
[train] loss=5.1095 cls=0.4600 cme=2.1490 acc=0.9829 cells=158379
[val]   loss=5.2429 eval=2.6183 cls=0.4131 cme=2.2052 acc=0.9741 cells=118036
[ct_train] early_stopping: no improve on val/eval_loss for 12/45 val checks
[ct_train] rechunked train graphs (seed=149)

=== Epoch 149/1000 ===
[train] loss=5.1098 cls=0.4587 cme=2.1497 acc=0.9835 cells=158379
[ct_train] rechunked train graphs (seed=150)

=== Epoch 150/1000 ===
[train] loss=5.1029 cls=0.4595 cme=2.1461 acc=0.9833 cells=158379
[val]   loss=5.2432 eval=2.6185 cls=0.4131 cme=2.2054 acc=0.9740 cells=118036
[ct_train] early_stopping: no improve on val/eval_loss for 13/45 val checks
[ct_train] rechunked train graphs (seed=151)

=== Epoch 151/1000 ===
[train] loss=5.0992 cls=0.4580 cme=2.1453 acc=0.9837 cells=158379
[ct_train] rechunked train graphs (seed=152)

=== Epoch 152/1000 ===
[train] loss=5.1130 cls=0.4580 cme=2.1515 acc=0.9840 cells=158379
[val]   loss=5.2426 eval=2.6182 cls=0.4131 cme=2.2051 acc=0.9740 cells=118036
[ct_train] early_stopping: no improve on val/eval_loss for 14/45 val checks
[ct_train] rechunked train graphs (seed=153)

=== Epoch 153/1000 ===
[train] loss=5.1114 cls=0.4577 cme=2.1509 acc=0.9841 cells=158379
[ct_train] rechunked train graphs (seed=154)

=== Epoch 154/1000 ===
[train] loss=5.1040 cls=0.4581 cme=2.1474 acc=0.9839 cells=158379
[val]   loss=5.2438 eval=2.6188 cls=0.4131 cme=2.2056 acc=0.9741 cells=118036
[ct_train] early_stopping: no improve on val/eval_loss for 15/45 val checks
[ct_train] rechunked train graphs (seed=155)

=== Epoch 155/1000 ===
[train] loss=5.0962 cls=0.4572 cme=2.1442 acc=0.9840 cells=158379
[ct_train] rechunked train graphs (seed=156)

=== Epoch 156/1000 ===
[train] loss=5.0976 cls=0.4570 cme=2.1449 acc=0.9840 cells=158379
[val]   loss=5.2445 eval=2.6192 cls=0.4133 cme=2.2059 acc=0.9741 cells=118036
[ct_train] early_stopping: no improve on val/eval_loss for 16/45 val checks
[ct_train] rechunked train graphs (seed=157)

=== Epoch 157/1000 ===
[train] loss=5.1042 cls=0.4570 cme=2.1480 acc=0.9843 cells=158379
[ct_train] rechunked train graphs (seed=158)

=== Epoch 158/1000 ===
[train] loss=5.1049 cls=0.4566 cme=2.1484 acc=0.9841 cells=158379
[val]   loss=5.2439 eval=2.6189 cls=0.4133 cme=2.2056 acc=0.9742 cells=118036
[ct_train] early_stopping: no improve on val/eval_loss for 17/45 val checks
[ct_train] rechunked train graphs (seed=159)

=== Epoch 159/1000 ===
[train] loss=5.1023 cls=0.4560 cme=2.1475 acc=0.9847 cells=158379
[ct_train] rechunked train graphs (seed=160)

=== Epoch 160/1000 ===
[train] loss=5.1065 cls=0.4565 cme=2.1493 acc=0.9843 cells=158379
[val]   loss=5.2444 eval=2.6192 cls=0.4134 cme=2.2059 acc=0.9743 cells=118036
[ct_train] early_stopping: no improve on val/eval_loss for 18/45 val checks
[ct_train] rechunked train graphs (seed=161)

=== Epoch 161/1000 ===
[train] loss=5.0962 cls=0.4560 cme=2.1447 acc=0.9848 cells=158379
[ct_train] rechunked train graphs (seed=162)

=== Epoch 162/1000 ===
[train] loss=5.0947 cls=0.4553 cme=2.1444 acc=0.9846 cells=158379
[val]   loss=5.2444 eval=2.6193 cls=0.4136 cme=2.2057 acc=0.9741 cells=118036
[ct_train] early_stopping: no improve on val/eval_loss for 19/45 val checks
[ct_train] rechunked train graphs (seed=163)

=== Epoch 163/1000 ===
[train] loss=5.0901 cls=0.4549 cme=2.1424 acc=0.9849 cells=158379
[ct_train] rechunked train graphs (seed=164)

=== Epoch 164/1000 ===
[train] loss=5.0899 cls=0.4549 cme=2.1424 acc=0.9849 cells=158379
[val]   loss=5.2457 eval=2.6199 cls=0.4136 cme=2.2064 acc=0.9742 cells=118036
[ct_train] early_stopping: no improve on val/eval_loss for 20/45 val checks
[ct_train] rechunked train graphs (seed=165)

=== Epoch 165/1000 ===
[train] loss=5.1060 cls=0.4554 cme=2.1494 acc=0.9850 cells=158379
[ct_train] rechunked train graphs (seed=166)

=== Epoch 166/1000 ===
[train] loss=5.0866 cls=0.4549 cme=2.1409 acc=0.9852 cells=158379
[val]   loss=5.2465 eval=2.6203 cls=0.4137 cme=2.2066 acc=0.9743 cells=118036
[ct_train] early_stopping: no improve on val/eval_loss for 21/45 val checks
[ct_train] rechunked train graphs (seed=167)

=== Epoch 167/1000 ===
[train] loss=5.0848 cls=0.4540 cme=2.1404 acc=0.9855 cells=158379
[ct_train] rechunked train graphs (seed=168)

=== Epoch 168/1000 ===
[train] loss=5.0897 cls=0.4538 cme=2.1427 acc=0.9856 cells=158379
[val]   loss=5.2470 eval=2.6207 cls=0.4139 cme=2.2068 acc=0.9743 cells=118036
[ct_train] early_stopping: no improve on val/eval_loss for 22/45 val checks
[ct_train] rechunked train graphs (seed=169)

=== Epoch 169/1000 ===
[train] loss=5.0872 cls=0.4543 cme=2.1415 acc=0.9849 cells=158379
[ct_train] rechunked train graphs (seed=170)

=== Epoch 170/1000 ===
[train] loss=5.0844 cls=0.4538 cme=2.1403 acc=0.9854 cells=158379
[val]   loss=5.2469 eval=2.6207 cls=0.4139 cme=2.2068 acc=0.9743 cells=118036
[ct_train] early_stopping: no improve on val/eval_loss for 23/45 val checks
[ct_train] rechunked train graphs (seed=171)

=== Epoch 171/1000 ===
[train] loss=5.0775 cls=0.4538 cme=2.1372 acc=0.9855 cells=158379
[ct_train] rechunked train graphs (seed=172)

=== Epoch 172/1000 ===
[train] loss=5.0759 cls=0.4530 cme=2.1368 acc=0.9857 cells=158379
[val]   loss=5.2479 eval=2.6212 cls=0.4140 cme=2.2073 acc=0.9743 cells=118036
[ct_train] early_stopping: no improve on val/eval_loss for 24/45 val checks
[ct_train] rechunked train graphs (seed=173)

=== Epoch 173/1000 ===
[train] loss=5.0854 cls=0.4534 cme=2.1410 acc=0.9857 cells=158379
[ct_train] rechunked train graphs (seed=174)

=== Epoch 174/1000 ===
[train] loss=5.0726 cls=0.4527 cme=2.1354 acc=0.9859 cells=158379
[val]   loss=5.2483 eval=2.6215 cls=0.4141 cme=2.2074 acc=0.9743 cells=118036
[ct_train] early_stopping: no improve on val/eval_loss for 25/45 val checks
[ct_train] rechunked train graphs (seed=175)

=== Epoch 175/1000 ===
[train] loss=5.0756 cls=0.4527 cme=2.1369 acc=0.9860 cells=158379
[ct_train] rechunked train graphs (seed=176)

=== Epoch 176/1000 ===
[train] loss=5.0824 cls=0.4521 cme=2.1402 acc=0.9860 cells=158379
[val]   loss=5.2500 eval=2.6224 cls=0.4141 cme=2.2082 acc=0.9744 cells=118036
[ct_train] early_stopping: no improve on val/eval_loss for 26/45 val checks
[ct_train] rechunked train graphs (seed=177)

=== Epoch 177/1000 ===
[train] loss=5.0849 cls=0.4527 cme=2.1411 acc=0.9859 cells=158379
[ct_train] rechunked train graphs (seed=178)

=== Epoch 178/1000 ===
[train] loss=5.0794 cls=0.4524 cme=2.1387 acc=0.9861 cells=158379
[val]   loss=5.2501 eval=2.6225 cls=0.4143 cme=2.2082 acc=0.9743 cells=118036
[ct_train] early_stopping: no improve on val/eval_loss for 27/45 val checks
[ct_train] rechunked train graphs (seed=179)

=== Epoch 179/1000 ===
[train] loss=5.0770 cls=0.4518 cme=2.1379 acc=0.9858 cells=158379
[ct_train] rechunked train graphs (seed=180)

=== Epoch 180/1000 ===
[train] loss=5.0755 cls=0.4511 cme=2.1375 acc=0.9865 cells=158379
[val]   loss=5.2502 eval=2.6226 cls=0.4144 cme=2.2082 acc=0.9743 cells=118036
[ct_train] early_stopping: no improve on val/eval_loss for 28/45 val checks
[ct_train] rechunked train graphs (seed=181)

=== Epoch 181/1000 ===
[train] loss=5.0762 cls=0.4513 cme=2.1377 acc=0.9866 cells=158379
[ct_train] rechunked train graphs (seed=182)

=== Epoch 182/1000 ===
[train] loss=5.0760 cls=0.4508 cme=2.1379 acc=0.9869 cells=158379
[val]   loss=5.2517 eval=2.6233 cls=0.4144 cme=2.2089 acc=0.9744 cells=118036
[ct_train] early_stopping: no improve on val/eval_loss for 29/45 val checks
[ct_train] rechunked train graphs (seed=183)

=== Epoch 183/1000 ===
[train] loss=5.0690 cls=0.4508 cme=2.1347 acc=0.9868 cells=158379
[ct_train] rechunked train graphs (seed=184)

=== Epoch 184/1000 ===
[train] loss=5.0734 cls=0.4506 cme=2.1368 acc=0.9869 cells=158379
[val]   loss=5.2539 eval=2.6243 cls=0.4145 cme=2.2098 acc=0.9744 cells=118036
[ct_train] early_stopping: no improve on val/eval_loss for 30/45 val checks
[ct_train] rechunked train graphs (seed=185)

=== Epoch 185/1000 ===
[train] loss=5.0729 cls=0.4513 cme=2.1362 acc=0.9865 cells=158379
[ct_train] rechunked train graphs (seed=186)

=== Epoch 186/1000 ===
[train] loss=5.0736 cls=0.4506 cme=2.1370 acc=0.9869 cells=158379
[val]   loss=5.2553 eval=2.6251 cls=0.4148 cme=2.2103 acc=0.9743 cells=118036
[ct_train] early_stopping: no improve on val/eval_loss for 31/45 val checks
[ct_train] rechunked train graphs (seed=187)

=== Epoch 187/1000 ===
[train] loss=5.0698 cls=0.4500 cme=2.1354 acc=0.9870 cells=158379
[ct_train] rechunked train graphs (seed=188)

=== Epoch 188/1000 ===
[train] loss=5.0642 cls=0.4497 cme=2.1330 acc=0.9869 cells=158379
[val]   loss=5.2561 eval=2.6257 cls=0.4152 cme=2.2105 acc=0.9743 cells=118036
[ct_train] early_stopping: no improve on val/eval_loss for 32/45 val checks
[ct_train] rechunked train graphs (seed=189)

=== Epoch 189/1000 ===
[train] loss=5.0781 cls=0.4510 cme=2.1388 acc=0.9863 cells=158379
[ct_train] rechunked train graphs (seed=190)

=== Epoch 190/1000 ===
[train] loss=5.0741 cls=0.4502 cme=2.1373 acc=0.9869 cells=158379
[val]   loss=5.2555 eval=2.6254 cls=0.4150 cme=2.2103 acc=0.9744 cells=118036
[ct_train] early_stopping: no improve on val/eval_loss for 33/45 val checks
[ct_train] rechunked train graphs (seed=191)

=== Epoch 191/1000 ===
[train] loss=5.0823 cls=0.4495 cme=2.1413 acc=0.9872 cells=158379
[ct_train] rechunked train graphs (seed=192)

=== Epoch 192/1000 ===
[train] loss=5.0687 cls=0.4484 cme=2.1357 acc=0.9873 cells=158379
[val]   loss=5.2552 eval=2.6253 cls=0.4151 cme=2.2102 acc=0.9744 cells=118036
[ct_train] early_stopping: no improve on val/eval_loss for 34/45 val checks
[ct_train] rechunked train graphs (seed=193)

=== Epoch 193/1000 ===
[train] loss=5.0581 cls=0.4485 cme=2.1307 acc=0.9874 cells=158379
[ct_train] rechunked train graphs (seed=194)

=== Epoch 194/1000 ===
[train] loss=5.0631 cls=0.4485 cme=2.1331 acc=0.9873 cells=158379
[val]   loss=5.2566 eval=2.6260 cls=0.4152 cme=2.2108 acc=0.9743 cells=118036
[ct_train] early_stopping: no improve on val/eval_loss for 35/45 val checks
[ct_train] rechunked train graphs (seed=195)

=== Epoch 195/1000 ===
[train] loss=5.0477 cls=0.4482 cme=2.1262 acc=0.9875 cells=158379
[ct_train] rechunked train graphs (seed=196)

=== Epoch 196/1000 ===
[train] loss=5.0683 cls=0.4481 cme=2.1356 acc=0.9879 cells=158379
[val]   loss=5.2579 eval=2.6266 cls=0.4153 cme=2.2114 acc=0.9744 cells=118036
[ct_train] early_stopping: no improve on val/eval_loss for 36/45 val checks
[ct_train] rechunked train graphs (seed=197)

=== Epoch 197/1000 ===
[train] loss=5.0667 cls=0.4489 cme=2.1345 acc=0.9875 cells=158379
[ct_train] rechunked train graphs (seed=198)

=== Epoch 198/1000 ===
[train] loss=5.0588 cls=0.4480 cme=2.1313 acc=0.9877 cells=158379
[val]   loss=5.2591 eval=2.6272 cls=0.4154 cme=2.2118 acc=0.9743 cells=118036
[ct_train] early_stopping: no improve on val/eval_loss for 37/45 val checks
[ct_train] rechunked train graphs (seed=199)

=== Epoch 199/1000 ===
[train] loss=5.0716 cls=0.4489 cme=2.1368 acc=0.9876 cells=158379
[ct_train] rechunked train graphs (seed=200)

=== Epoch 200/1000 ===
[train] loss=5.0629 cls=0.4484 cme=2.1329 acc=0.9875 cells=158379
[val]   loss=5.2586 eval=2.6270 cls=0.4153 cme=2.2117 acc=0.9744 cells=118036
[ct_train] early_stopping: no improve on val/eval_loss for 38/45 val checks
[ct_train] rechunked train graphs (seed=201)

=== Epoch 201/1000 ===
[train] loss=5.0688 cls=0.4483 cme=2.1357 acc=0.9878 cells=158379
[ct_train] rechunked train graphs (seed=202)

=== Epoch 202/1000 ===
[train] loss=5.0550 cls=0.4476 cme=2.1297 acc=0.9879 cells=158379
[val]   loss=5.2610 eval=2.6281 cls=0.4155 cme=2.2127 acc=0.9743 cells=118036
[ct_train] early_stopping: no improve on val/eval_loss for 39/45 val checks
[ct_train] rechunked train graphs (seed=203)

=== Epoch 203/1000 ===
[train] loss=5.0492 cls=0.4475 cme=2.1271 acc=0.9879 cells=158379
[ct_train] rechunked train graphs (seed=204)

=== Epoch 204/1000 ===
[train] loss=5.0696 cls=0.4471 cme=2.1366 acc=0.9884 cells=158379
[val]   loss=5.2618 eval=2.6287 cls=0.4157 cme=2.2130 acc=0.9743 cells=118036
[ct_train] early_stopping: no improve on val/eval_loss for 40/45 val checks
[ct_train] rechunked train graphs (seed=205)

=== Epoch 205/1000 ===
[train] loss=5.0488 cls=0.4469 cme=2.1273 acc=0.9882 cells=158379
[ct_train] rechunked train graphs (seed=206)

=== Epoch 206/1000 ===
[train] loss=5.0489 cls=0.4468 cme=2.1273 acc=0.9881 cells=158379
[val]   loss=5.2633 eval=2.6294 cls=0.4157 cme=2.2138 acc=0.9744 cells=118036
[ct_train] early_stopping: no improve on val/eval_loss for 41/45 val checks
[ct_train] rechunked train graphs (seed=207)

=== Epoch 207/1000 ===
[train] loss=5.0545 cls=0.4470 cme=2.1298 acc=0.9882 cells=158379
[ct_train] rechunked train graphs (seed=208)

=== Epoch 208/1000 ===
[train] loss=5.0551 cls=0.4470 cme=2.1301 acc=0.9884 cells=158379
[val]   loss=5.2649 eval=2.6303 cls=0.4159 cme=2.2144 acc=0.9744 cells=118036
[ct_train] early_stopping: no improve on val/eval_loss for 42/45 val checks
[ct_train] rechunked train graphs (seed=209)

=== Epoch 209/1000 ===
[train] loss=5.0591 cls=0.4466 cme=2.1321 acc=0.9885 cells=158379
[ct_train] rechunked train graphs (seed=210)

=== Epoch 210/1000 ===
[train] loss=5.0525 cls=0.4462 cme=2.1292 acc=0.9885 cells=158379
[val]   loss=5.2658 eval=2.6310 cls=0.4165 cme=2.2145 acc=0.9743 cells=118036
[ct_train] early_stopping: no improve on val/eval_loss for 43/45 val checks
[ct_train] rechunked train graphs (seed=211)

=== Epoch 211/1000 ===
[train] loss=5.0477 cls=0.4452 cme=2.1276 acc=0.9886 cells=158379
[ct_train] rechunked train graphs (seed=212)

=== Epoch 212/1000 ===
[train] loss=5.0555 cls=0.4453 cme=2.1310 acc=0.9888 cells=158379
[val]   loss=5.2665 eval=2.6314 cls=0.4165 cme=2.2149 acc=0.9744 cells=118036
[ct_train] early_stopping: no improve on val/eval_loss for 44/45 val checks
[ct_train] rechunked train graphs (seed=213)

=== Epoch 213/1000 ===
[train] loss=5.0522 cls=0.4453 cme=2.1296 acc=0.9889 cells=158379
[ct_train] rechunked train graphs (seed=214)

=== Epoch 214/1000 ===
[train] loss=5.0434 cls=0.4448 cme=2.1258 acc=0.9888 cells=158379
[val]   loss=5.2671 eval=2.6318 cls=0.4167 cme=2.2151 acc=0.9743 cells=118036
[ct_train] early_stopping: no improve on val/eval_loss for 45/45 val checks
[ct_train] early stopping at epoch 214 (patience=45, monitor=val/eval_loss)

[ct_train] done. best_val_acc=0.9744  best_val_eval_loss=2.6173  checkpoints=/home/abel/code/Tissue-Reassembly-using-GenAI-and-new-metrics/exploration/cell_types/outputs/exp153_gene_knn128  logs=/home/abel/code/Tissue-Reassembly-using-GenAI-and-new-metrics/exploration/cell_types/logs/exp153_gene_knn128/20260808_081159
wandb: updating run metadata
wandb: uploading output.log; uploading wandb-summary.json; uploading config.yaml
wandb: uploading data
wandb: 
wandb: Run summary:
wandb:                      best_epoch 124
wandb:                    best_val_acc 0.97445
wandb:              best_val_eval_loss 2.61728
wandb:                           epoch 214
wandb:                              lr 0.00018
wandb:           model/parameter_count 1459964
wandb: model/trainable_parameter_count 1459964
wandb:                       train/acc 0.98884
wandb:       train/acc_per_class/Astro 0.99269
wandb:        train/acc_per_class/Endo 0.98703
wandb:                             +54 ...
wandb: 
wandb:  View run exp153_gene_knn128 at: https://wandb.ai/abel-salmona-polytechnique-montr-al/cell_types/runs/h753dy4i
wandb:  View project at: https://wandb.ai/abel-salmona-polytechnique-montr-al/cell_types
wandb: Synced 5 W&B file(s), 1 media file(s), 2 artifact file(s) and 1 other file(s)
wandb: Find logs at: ./exploration/cell_types/logs/exp153_gene_knn128/20260808_081159/wandb/run-20260808_081207-h753dy4i/logs
