[ct_train] config=exploration/cell_types/experiments/configs/exp051_ff256.json
[ct_train] device=cuda  checkpoints=/home/abel/code/Tissue-Reassembly-using-GenAI-and-new-metrics/exploration/cell_types/outputs/exp051_ff256
[ct_train] logs=/home/abel/code/Tissue-Reassembly-using-GenAI-and-new-metrics/exploration/cell_types/logs/exp051_ff256/20260807_215938
[ct_train] Loading data …
[DataModule] Reading '/home/abel/biodata/MERFISH_LUNA_small_cortex/MERFISH_mouse_cortex_train.csv' (split=train) with float32 dtype on 254 gene cols + coord cols …
[DataModule] Loaded 158,379 rows for split=train.
[DataModule] Reading '/home/abel/biodata/MERFISH_LUNA_small_cortex/MERFISH_mouse_cortex_test.csv' (split=test) with float32 dtype on 254 gene cols + coord cols …
[DataModule] Loaded 118,036 rows for split=test.
[DataModule] Reading '/home/abel/biodata/MERFISH_LUNA_small_cortex/MERFISH_mouse_cortex_test.csv' (split=validation) with float32 dtype on 254 gene cols + coord cols …
[DataModule] Loaded 118,036 rows for split=validation.
[ct_train] genes=254  classes=23
[ct_train] model predict_cme=True  params=1,322,396
[ct_train] soft CME loaded split=train sigma=96.0 n=158379 C=23
[ct_train] soft CME loaded split=validation sigma=96.0 n=118036 C=23
wandb: [wandb.login()] Loaded credentials for https://api.wandb.ai from /home/abel/.netrc.
wandb: Currently logged in as: abel-salmona (abel-salmona-polytechnique-montr-al) to https://api.wandb.ai. Use `wandb login --relogin` to force relogin
wandb: WARNING Using a boolean value for 'reinit' is deprecated. Use 'return_previous' or 'finish_previous' instead.
wandb: setting up run aqupgwjs
wandb: Tracking run with wandb version 0.26.1
wandb: Run data is saved locally in /home/abel/code/Tissue-Reassembly-using-GenAI-and-new-metrics/exploration/cell_types/logs/exp051_ff256/20260807_215938/wandb/run-20260807_215945-aqupgwjs
wandb: Run `wandb offline` to turn off syncing.
wandb: Syncing run exp051_ff256
wandb:  View project at https://wandb.ai/abel-salmona-polytechnique-montr-al/cell_types
wandb:  View run at https://wandb.ai/abel-salmona-polytechnique-montr-al/cell_types/runs/aqupgwjs
wandb: WARNING Saving files without folders. If you want to preserve subdirectories pass base_path to wandb.save, i.e. wandb.save("/mnt/folder/file.h5", base_path="/mnt")
wandb: WARNING Symlinked 1 file into the W&B run directory; call wandb.save again to sync new files.
[ct_train] wandb: project=cell_types name=exp051_ff256 mode=online url=https://wandb.ai/abel-salmona-polytechnique-montr-al/cell_types/runs/aqupgwjs
[ct_train] parameters: total=1,322,396 trainable=1,322,396
  [params] mlp_in_node_features: 26,720
  [params] transformer_layers: 683,008
  [params] type_stage1: 19,072
  [params] env_stage1: 93,056
  [params] type_probe: 1,495
  [params] env_probe: 7,383
  [params] fusion_mlp: 370,656
  [params] type_stage2: 20,567
  [params] env_stage2: 100,439
[ct_train] rechunked train graphs (seed=1)

=== Epoch 1/1000 ===
[train] loss=8.2378 cls=2.7172 cme=2.7603 acc=0.2684 cells=158379
[ct_train] rechunked train graphs (seed=2)

=== Epoch 2/1000 ===
[train] loss=6.8369 cls=1.8005 cme=2.5182 acc=0.6313 cells=158379
[val]   loss=6.2129 eval=3.7635 cls=1.3140 cme=2.4494 acc=0.7583 cells=118036
[ct_train] saved best checkpoint (val_eval_loss=3.7635 val_acc=0.7583)
[ct_train] rechunked train graphs (seed=3)

=== Epoch 3/1000 ===
[train] loss=6.0572 cls=1.2231 cme=2.4171 acc=0.7795 cells=158379
[ct_train] rechunked train graphs (seed=4)

=== Epoch 4/1000 ===
[train] loss=5.6249 cls=0.8841 cme=2.3704 acc=0.8702 cells=158379
[val]   loss=5.3455 eval=2.9953 cls=0.6451 cme=2.3502 acc=0.9262 cells=118036
[ct_train] saved best checkpoint (val_eval_loss=2.9953 val_acc=0.9262)
[ct_train] rechunked train graphs (seed=5)

=== Epoch 5/1000 ===
[train] loss=5.3904 cls=0.7123 cme=2.3390 acc=0.9131 cells=158379
[ct_train] rechunked train graphs (seed=6)

=== Epoch 6/1000 ===
[train] loss=5.2973 cls=0.6401 cme=2.3286 acc=0.9307 cells=158379
[val]   loss=5.1663 eval=2.8489 cls=0.5315 cme=2.3174 acc=0.9468 cells=118036
[ct_train] saved best checkpoint (val_eval_loss=2.8489 val_acc=0.9468)
[ct_train] rechunked train graphs (seed=7)

=== Epoch 7/1000 ===
[train] loss=5.2171 cls=0.5988 cme=2.3091 acc=0.9393 cells=158379
[ct_train] rechunked train graphs (seed=8)

=== Epoch 8/1000 ===
[train] loss=5.1697 cls=0.5730 cme=2.2983 acc=0.9443 cells=158379
[val]   loss=5.0760 eval=2.7836 cls=0.4912 cme=2.2924 acc=0.9553 cells=118036
[ct_train] saved best checkpoint (val_eval_loss=2.7836 val_acc=0.9553)
[ct_train] rechunked train graphs (seed=9)

=== Epoch 9/1000 ===
[train] loss=5.1329 cls=0.5556 cme=2.2886 acc=0.9474 cells=158379
[ct_train] rechunked train graphs (seed=10)

=== Epoch 10/1000 ===
[train] loss=5.1066 cls=0.5445 cme=2.2811 acc=0.9494 cells=158379
[val]   loss=5.0361 eval=2.7561 cls=0.4760 cme=2.2800 acc=0.9587 cells=118036
[ct_train] saved best checkpoint (val_eval_loss=2.7561 val_acc=0.9587)
[ct_train] rechunked train graphs (seed=11)

=== Epoch 11/1000 ===
[train] loss=5.0820 cls=0.5341 cme=2.2740 acc=0.9524 cells=158379
[ct_train] rechunked train graphs (seed=12)

=== Epoch 12/1000 ===
[train] loss=5.0625 cls=0.5262 cme=2.2682 acc=0.9535 cells=158379
[val]   loss=5.0139 eval=2.7403 cls=0.4667 cme=2.2736 acc=0.9608 cells=118036
[ct_train] saved best checkpoint (val_eval_loss=2.7403 val_acc=0.9608)
[ct_train] rechunked train graphs (seed=13)

=== Epoch 13/1000 ===
[train] loss=5.0504 cls=0.5190 cme=2.2657 acc=0.9558 cells=158379
[ct_train] rechunked train graphs (seed=14)

=== Epoch 14/1000 ===
[train] loss=5.0294 cls=0.5117 cme=2.2588 acc=0.9571 cells=158379
[val]   loss=4.9885 eval=2.7246 cls=0.4608 cme=2.2639 acc=0.9615 cells=118036
[ct_train] saved best checkpoint (val_eval_loss=2.7246 val_acc=0.9615)
[ct_train] rechunked train graphs (seed=15)

=== Epoch 15/1000 ===
[train] loss=5.0175 cls=0.5081 cme=2.2547 acc=0.9578 cells=158379
[ct_train] rechunked train graphs (seed=16)

=== Epoch 16/1000 ===
[train] loss=5.0110 cls=0.5031 cme=2.2540 acc=0.9594 cells=158379
[val]   loss=4.9742 eval=2.7143 cls=0.4543 cme=2.2600 acc=0.9638 cells=118036
[ct_train] saved best checkpoint (val_eval_loss=2.7143 val_acc=0.9638)
[ct_train] rechunked train graphs (seed=17)

=== Epoch 17/1000 ===
[train] loss=5.0049 cls=0.4994 cme=2.2527 acc=0.9599 cells=158379
[ct_train] rechunked train graphs (seed=18)

=== Epoch 18/1000 ===
[train] loss=4.9952 cls=0.4950 cme=2.2501 acc=0.9610 cells=158379
[val]   loss=4.9540 eval=2.7034 cls=0.4528 cme=2.2506 acc=0.9638 cells=118036
[ct_train] saved best checkpoint (val_eval_loss=2.7034 val_acc=0.9638)
[ct_train] rechunked train graphs (seed=19)

=== Epoch 19/1000 ===
[train] loss=4.9694 cls=0.4920 cme=2.2387 acc=0.9621 cells=158379
[ct_train] rechunked train graphs (seed=20)

=== Epoch 20/1000 ===
[train] loss=4.9683 cls=0.4880 cme=2.2402 acc=0.9628 cells=158379
[val]   loss=4.9456 eval=2.6973 cls=0.4490 cme=2.2483 acc=0.9649 cells=118036
[ct_train] saved best checkpoint (val_eval_loss=2.6973 val_acc=0.9649)
[ct_train] rechunked train graphs (seed=21)

=== Epoch 21/1000 ===
[train] loss=4.9644 cls=0.4845 cme=2.2400 acc=0.9636 cells=158379
[ct_train] rechunked train graphs (seed=22)

=== Epoch 22/1000 ===
[train] loss=4.9574 cls=0.4838 cme=2.2368 acc=0.9636 cells=158379
[val]   loss=4.9316 eval=2.6884 cls=0.4451 cme=2.2432 acc=0.9662 cells=118036
[ct_train] saved best checkpoint (val_eval_loss=2.6884 val_acc=0.9662)
[ct_train] rechunked train graphs (seed=23)

=== Epoch 23/1000 ===
[train] loss=4.9599 cls=0.4830 cme=2.2385 acc=0.9644 cells=158379
[ct_train] rechunked train graphs (seed=24)

=== Epoch 24/1000 ===
[train] loss=4.9452 cls=0.4785 cme=2.2333 acc=0.9656 cells=158379
[val]   loss=4.9316 eval=2.6884 cls=0.4453 cme=2.2431 acc=0.9669 cells=118036
[ct_train] early_stopping: no improve on val/eval_loss for 1/36 val checks
[ct_train] rechunked train graphs (seed=25)

=== Epoch 25/1000 ===
[train] loss=4.9370 cls=0.4778 cme=2.2296 acc=0.9649 cells=158379
[ct_train] rechunked train graphs (seed=26)

=== Epoch 26/1000 ===
[train] loss=4.9379 cls=0.4746 cme=2.2317 acc=0.9662 cells=158379
[val]   loss=4.9159 eval=2.6776 cls=0.4394 cme=2.2382 acc=0.9676 cells=118036
[ct_train] saved best checkpoint (val_eval_loss=2.6776 val_acc=0.9676)
[ct_train] rechunked train graphs (seed=27)

=== Epoch 27/1000 ===
[train] loss=4.9278 cls=0.4740 cme=2.2269 acc=0.9665 cells=158379
[ct_train] rechunked train graphs (seed=28)

=== Epoch 28/1000 ===
[train] loss=4.9346 cls=0.4729 cme=2.2308 acc=0.9672 cells=158379
[val]   loss=4.9106 eval=2.6744 cls=0.4383 cme=2.2361 acc=0.9681 cells=118036
[ct_train] saved best checkpoint (val_eval_loss=2.6744 val_acc=0.9681)
[ct_train] rechunked train graphs (seed=29)

=== Epoch 29/1000 ===
[train] loss=4.9255 cls=0.4699 cme=2.2278 acc=0.9672 cells=158379
[ct_train] rechunked train graphs (seed=30)

=== Epoch 30/1000 ===
[train] loss=4.9102 cls=0.4683 cme=2.2209 acc=0.9682 cells=158379
[val]   loss=4.9031 eval=2.6689 cls=0.4348 cme=2.2342 acc=0.9687 cells=118036
[ct_train] saved best checkpoint (val_eval_loss=2.6689 val_acc=0.9687)
[ct_train] rechunked train graphs (seed=31)

=== Epoch 31/1000 ===
[train] loss=4.9087 cls=0.4681 cme=2.2203 acc=0.9681 cells=158379
[ct_train] rechunked train graphs (seed=32)

=== Epoch 32/1000 ===
[train] loss=4.9117 cls=0.4665 cme=2.2226 acc=0.9689 cells=158379
[val]   loss=4.9039 eval=2.6687 cls=0.4335 cme=2.2352 acc=0.9694 cells=118036
[ct_train] saved best checkpoint (val_eval_loss=2.6687 val_acc=0.9694)
[ct_train] early_stopping: no improve on val/eval_loss for 1/36 val checks
[ct_train] rechunked train graphs (seed=33)

=== Epoch 33/1000 ===
[train] loss=4.9037 cls=0.4640 cme=2.2199 acc=0.9691 cells=158379
[ct_train] rechunked train graphs (seed=34)

=== Epoch 34/1000 ===
[train] loss=4.9140 cls=0.4625 cme=2.2257 acc=0.9700 cells=158379
[val]   loss=4.9000 eval=2.6661 cls=0.4321 cme=2.2340 acc=0.9696 cells=118036
[ct_train] saved best checkpoint (val_eval_loss=2.6661 val_acc=0.9696)
[ct_train] rechunked train graphs (seed=35)

=== Epoch 35/1000 ===
[train] loss=4.9002 cls=0.4612 cme=2.2195 acc=0.9697 cells=158379
[ct_train] rechunked train graphs (seed=36)

=== Epoch 36/1000 ===
[train] loss=4.9011 cls=0.4599 cme=2.2206 acc=0.9699 cells=158379
[val]   loss=4.9000 eval=2.6656 cls=0.4313 cme=2.2344 acc=0.9700 cells=118036
[ct_train] saved best checkpoint (val_eval_loss=2.6656 val_acc=0.9700)
[ct_train] rechunked train graphs (seed=37)

=== Epoch 37/1000 ===
[train] loss=4.8991 cls=0.4594 cme=2.2198 acc=0.9702 cells=158379
[ct_train] rechunked train graphs (seed=38)

=== Epoch 38/1000 ===
[train] loss=4.8879 cls=0.4578 cme=2.2150 acc=0.9705 cells=158379
[val]   loss=4.8880 eval=2.6587 cls=0.4294 cme=2.2293 acc=0.9706 cells=118036
[ct_train] saved best checkpoint (val_eval_loss=2.6587 val_acc=0.9706)
[ct_train] rechunked train graphs (seed=39)

=== Epoch 39/1000 ===
[train] loss=4.8847 cls=0.4567 cme=2.2140 acc=0.9708 cells=158379
[ct_train] rechunked train graphs (seed=40)

=== Epoch 40/1000 ===
[train] loss=4.8807 cls=0.4553 cme=2.2127 acc=0.9714 cells=158379
[val]   loss=4.8903 eval=2.6608 cls=0.4314 cme=2.2294 acc=0.9696 cells=118036
[ct_train] early_stopping: no improve on val/eval_loss for 1/36 val checks
[ct_train] rechunked train graphs (seed=41)

=== Epoch 41/1000 ===
[train] loss=4.8764 cls=0.4549 cme=2.2108 acc=0.9713 cells=158379
[ct_train] rechunked train graphs (seed=42)

=== Epoch 42/1000 ===
[train] loss=4.8767 cls=0.4541 cme=2.2113 acc=0.9712 cells=158379
[val]   loss=4.8844 eval=2.6560 cls=0.4275 cme=2.2285 acc=0.9711 cells=118036
[ct_train] saved best checkpoint (val_eval_loss=2.6560 val_acc=0.9711)
[ct_train] rechunked train graphs (seed=43)

=== Epoch 43/1000 ===
[train] loss=4.8817 cls=0.4538 cme=2.2140 acc=0.9716 cells=158379
[ct_train] rechunked train graphs (seed=44)

=== Epoch 44/1000 ===
[train] loss=4.8825 cls=0.4517 cme=2.2154 acc=0.9720 cells=158379
[val]   loss=4.8896 eval=2.6581 cls=0.4265 cme=2.2315 acc=0.9712 cells=118036
[ct_train] early_stopping: no improve on val/eval_loss for 1/36 val checks
[ct_train] rechunked train graphs (seed=45)

=== Epoch 45/1000 ===
[train] loss=4.8674 cls=0.4504 cme=2.2085 acc=0.9722 cells=158379
[ct_train] rechunked train graphs (seed=46)

=== Epoch 46/1000 ===
[train] loss=4.8760 cls=0.4511 cme=2.2125 acc=0.9725 cells=158379
[val]   loss=4.8828 eval=2.6547 cls=0.4266 cme=2.2281 acc=0.9715 cells=118036
[ct_train] saved best checkpoint (val_eval_loss=2.6547 val_acc=0.9715)
[ct_train] rechunked train graphs (seed=47)

=== Epoch 47/1000 ===
[train] loss=4.8646 cls=0.4484 cme=2.2081 acc=0.9730 cells=158379
[ct_train] rechunked train graphs (seed=48)

=== Epoch 48/1000 ===
[train] loss=4.8636 cls=0.4487 cme=2.2074 acc=0.9729 cells=158379
[val]   loss=4.8708 eval=2.6481 cls=0.4253 cme=2.2227 acc=0.9720 cells=118036
[ct_train] saved best checkpoint (val_eval_loss=2.6481 val_acc=0.9720)
[ct_train] rechunked train graphs (seed=49)

=== Epoch 49/1000 ===
[train] loss=4.8667 cls=0.4477 cme=2.2095 acc=0.9739 cells=158379
[ct_train] rechunked train graphs (seed=50)

=== Epoch 50/1000 ===
[train] loss=4.8635 cls=0.4459 cme=2.2088 acc=0.9738 cells=158379
[val]   loss=4.8717 eval=2.6472 cls=0.4227 cme=2.2245 acc=0.9722 cells=118036
[ct_train] saved best checkpoint (val_eval_loss=2.6472 val_acc=0.9722)
[ct_train] rechunked train graphs (seed=51)

=== Epoch 51/1000 ===
[train] loss=4.8514 cls=0.4455 cme=2.2029 acc=0.9737 cells=158379
[ct_train] rechunked train graphs (seed=52)

=== Epoch 52/1000 ===
[train] loss=4.8587 cls=0.4442 cme=2.2073 acc=0.9738 cells=158379
[val]   loss=4.8640 eval=2.6439 cls=0.4238 cme=2.2201 acc=0.9724 cells=118036
[ct_train] saved best checkpoint (val_eval_loss=2.6439 val_acc=0.9724)
[ct_train] rechunked train graphs (seed=53)

=== Epoch 53/1000 ===
[train] loss=4.8409 cls=0.4431 cme=2.1989 acc=0.9743 cells=158379
[ct_train] rechunked train graphs (seed=54)

=== Epoch 54/1000 ===
[train] loss=4.8523 cls=0.4433 cme=2.2045 acc=0.9744 cells=158379
[val]   loss=4.8706 eval=2.6466 cls=0.4227 cme=2.2239 acc=0.9723 cells=118036
[ct_train] early_stopping: no improve on val/eval_loss for 1/36 val checks
[ct_train] rechunked train graphs (seed=55)

=== Epoch 55/1000 ===
[train] loss=4.8426 cls=0.4429 cme=2.1998 acc=0.9743 cells=158379
[ct_train] rechunked train graphs (seed=56)

=== Epoch 56/1000 ===
[train] loss=4.8494 cls=0.4434 cme=2.2030 acc=0.9748 cells=158379
[val]   loss=4.8622 eval=2.6422 cls=0.4222 cme=2.2200 acc=0.9723 cells=118036
[ct_train] saved best checkpoint (val_eval_loss=2.6422 val_acc=0.9724)
[ct_train] rechunked train graphs (seed=57)

=== Epoch 57/1000 ===
[train] loss=4.8398 cls=0.4408 cme=2.1995 acc=0.9747 cells=158379
[ct_train] rechunked train graphs (seed=58)

=== Epoch 58/1000 ===
[train] loss=4.8318 cls=0.4398 cme=2.1960 acc=0.9753 cells=158379
[val]   loss=4.8644 eval=2.6424 cls=0.4205 cme=2.2220 acc=0.9733 cells=118036
[ct_train] early_stopping: no improve on val/eval_loss for 1/36 val checks
[ct_train] rechunked train graphs (seed=59)

=== Epoch 59/1000 ===
[train] loss=4.8377 cls=0.4392 cme=2.1992 acc=0.9753 cells=158379
[ct_train] rechunked train graphs (seed=60)

=== Epoch 60/1000 ===
[train] loss=4.8399 cls=0.4406 cme=2.1996 acc=0.9752 cells=158379
[val]   loss=4.8601 eval=2.6407 cls=0.4213 cme=2.2194 acc=0.9730 cells=118036
[ct_train] saved best checkpoint (val_eval_loss=2.6407 val_acc=0.9733)
[ct_train] rechunked train graphs (seed=61)

=== Epoch 61/1000 ===
[train] loss=4.8383 cls=0.4384 cme=2.1999 acc=0.9756 cells=158379
[ct_train] rechunked train graphs (seed=62)

=== Epoch 62/1000 ===
[train] loss=4.8395 cls=0.4378 cme=2.2008 acc=0.9757 cells=158379
[val]   loss=4.8646 eval=2.6437 cls=0.4227 cme=2.2209 acc=0.9720 cells=118036
[ct_train] early_stopping: no improve on val/eval_loss for 1/36 val checks
[ct_train] rechunked train graphs (seed=63)

=== Epoch 63/1000 ===
[train] loss=4.8242 cls=0.4381 cme=2.1931 acc=0.9757 cells=158379
[ct_train] rechunked train graphs (seed=64)

=== Epoch 64/1000 ===
[train] loss=4.8264 cls=0.4372 cme=2.1946 acc=0.9762 cells=158379
[val]   loss=4.8570 eval=2.6378 cls=0.4186 cme=2.2192 acc=0.9737 cells=118036
[ct_train] saved best checkpoint (val_eval_loss=2.6378 val_acc=0.9737)
[ct_train] rechunked train graphs (seed=65)

=== Epoch 65/1000 ===
[train] loss=4.8249 cls=0.4368 cme=2.1940 acc=0.9758 cells=158379
[ct_train] rechunked train graphs (seed=66)

=== Epoch 66/1000 ===
[train] loss=4.8289 cls=0.4367 cme=2.1961 acc=0.9762 cells=158379
[val]   loss=4.8588 eval=2.6390 cls=0.4192 cme=2.2198 acc=0.9731 cells=118036
[ct_train] early_stopping: no improve on val/eval_loss for 1/36 val checks
[ct_train] rechunked train graphs (seed=67)

=== Epoch 67/1000 ===
[train] loss=4.8263 cls=0.4355 cme=2.1954 acc=0.9763 cells=158379
[ct_train] rechunked train graphs (seed=68)

=== Epoch 68/1000 ===
[train] loss=4.8202 cls=0.4350 cme=2.1926 acc=0.9765 cells=158379
[val]   loss=4.8567 eval=2.6375 cls=0.4183 cme=2.2192 acc=0.9739 cells=118036
[ct_train] saved best checkpoint (val_eval_loss=2.6375 val_acc=0.9739)
[ct_train] rechunked train graphs (seed=69)

=== Epoch 69/1000 ===
[train] loss=4.8228 cls=0.4344 cme=2.1942 acc=0.9768 cells=158379
[ct_train] rechunked train graphs (seed=70)

=== Epoch 70/1000 ===
[train] loss=4.8191 cls=0.4340 cme=2.1926 acc=0.9766 cells=158379
[val]   loss=4.8571 eval=2.6371 cls=0.4171 cme=2.2200 acc=0.9743 cells=118036
[ct_train] saved best checkpoint (val_eval_loss=2.6371 val_acc=0.9743)
[ct_train] rechunked train graphs (seed=71)

=== Epoch 71/1000 ===
[train] loss=4.8232 cls=0.4340 cme=2.1946 acc=0.9770 cells=158379
[ct_train] rechunked train graphs (seed=72)

=== Epoch 72/1000 ===
[train] loss=4.8196 cls=0.4335 cme=2.1930 acc=0.9765 cells=158379
[val]   loss=4.8520 eval=2.6347 cls=0.4173 cme=2.2173 acc=0.9741 cells=118036
[ct_train] saved best checkpoint (val_eval_loss=2.6347 val_acc=0.9743)
[ct_train] rechunked train graphs (seed=73)

=== Epoch 73/1000 ===
[train] loss=4.8199 cls=0.4323 cme=2.1938 acc=0.9770 cells=158379
[ct_train] rechunked train graphs (seed=74)

=== Epoch 74/1000 ===
[train] loss=4.8162 cls=0.4320 cme=2.1921 acc=0.9770 cells=158379
[val]   loss=4.8708 eval=2.6444 cls=0.4179 cme=2.2264 acc=0.9739 cells=118036
[ct_train] early_stopping: no improve on val/eval_loss for 1/36 val checks
[ct_train] rechunked train graphs (seed=75)

=== Epoch 75/1000 ===
[train] loss=4.8078 cls=0.4317 cme=2.1880 acc=0.9773 cells=158379
[ct_train] rechunked train graphs (seed=76)

=== Epoch 76/1000 ===
[train] loss=4.8026 cls=0.4313 cme=2.1856 acc=0.9774 cells=158379
[val]   loss=4.8562 eval=2.6373 cls=0.4184 cme=2.2189 acc=0.9740 cells=118036
[ct_train] early_stopping: no improve on val/eval_loss for 2/36 val checks
[ct_train] rechunked train graphs (seed=77)

=== Epoch 77/1000 ===
[train] loss=4.8154 cls=0.4315 cme=2.1919 acc=0.9771 cells=158379
[ct_train] rechunked train graphs (seed=78)

=== Epoch 78/1000 ===
[train] loss=4.8039 cls=0.4299 cme=2.1870 acc=0.9772 cells=158379
[val]   loss=4.8670 eval=2.6424 cls=0.4177 cme=2.2247 acc=0.9738 cells=118036
[ct_train] early_stopping: no improve on val/eval_loss for 3/36 val checks
[ct_train] rechunked train graphs (seed=79)

=== Epoch 79/1000 ===
[train] loss=4.8081 cls=0.4301 cme=2.1890 acc=0.9776 cells=158379
[ct_train] rechunked train graphs (seed=80)

=== Epoch 80/1000 ===
[train] loss=4.8190 cls=0.4307 cme=2.1942 acc=0.9776 cells=158379
[val]   loss=4.8519 eval=2.6341 cls=0.4163 cme=2.2178 acc=0.9741 cells=118036
[ct_train] saved best checkpoint (val_eval_loss=2.6341 val_acc=0.9743)
[ct_train] rechunked train graphs (seed=81)

=== Epoch 81/1000 ===
[train] loss=4.7978 cls=0.4282 cme=2.1848 acc=0.9784 cells=158379
[ct_train] rechunked train graphs (seed=82)

=== Epoch 82/1000 ===
[train] loss=4.7966 cls=0.4284 cme=2.1841 acc=0.9779 cells=158379
[val]   loss=4.8479 eval=2.6323 cls=0.4166 cme=2.2156 acc=0.9741 cells=118036
[ct_train] saved best checkpoint (val_eval_loss=2.6323 val_acc=0.9743)
[ct_train] rechunked train graphs (seed=83)

=== Epoch 83/1000 ===
[train] loss=4.8016 cls=0.4279 cme=2.1869 acc=0.9783 cells=158379
[ct_train] rechunked train graphs (seed=84)

=== Epoch 84/1000 ===
[train] loss=4.8152 cls=0.4287 cme=2.1932 acc=0.9781 cells=158379
[val]   loss=4.8466 eval=2.6311 cls=0.4156 cme=2.2155 acc=0.9743 cells=118036
[ct_train] saved best checkpoint (val_eval_loss=2.6311 val_acc=0.9743)
[ct_train] rechunked train graphs (seed=85)

=== Epoch 85/1000 ===
[train] loss=4.7997 cls=0.4287 cme=2.1855 acc=0.9784 cells=158379
[ct_train] rechunked train graphs (seed=86)

=== Epoch 86/1000 ===
[train] loss=4.8026 cls=0.4267 cme=2.1879 acc=0.9785 cells=158379
[val]   loss=4.8469 eval=2.6308 cls=0.4146 cme=2.2161 acc=0.9752 cells=118036
[ct_train] saved best checkpoint (val_eval_loss=2.6308 val_acc=0.9752)
[ct_train] rechunked train graphs (seed=87)

=== Epoch 87/1000 ===
[train] loss=4.7942 cls=0.4266 cme=2.1838 acc=0.9786 cells=158379
[ct_train] rechunked train graphs (seed=88)

=== Epoch 88/1000 ===
[train] loss=4.7952 cls=0.4262 cme=2.1845 acc=0.9791 cells=158379
[val]   loss=4.8427 eval=2.6285 cls=0.4143 cme=2.2142 acc=0.9745 cells=118036
[ct_train] saved best checkpoint (val_eval_loss=2.6285 val_acc=0.9752)
[ct_train] rechunked train graphs (seed=89)

=== Epoch 89/1000 ===
[train] loss=4.8047 cls=0.4265 cme=2.1891 acc=0.9786 cells=158379
[ct_train] rechunked train graphs (seed=90)

=== Epoch 90/1000 ===
[train] loss=4.7959 cls=0.4259 cme=2.1850 acc=0.9790 cells=158379
[val]   loss=4.8422 eval=2.6283 cls=0.4144 cme=2.2139 acc=0.9752 cells=118036
[ct_train] saved best checkpoint (val_eval_loss=2.6283 val_acc=0.9752)
[ct_train] early_stopping: no improve on val/eval_loss for 1/36 val checks
[ct_train] rechunked train graphs (seed=91)

=== Epoch 91/1000 ===
[train] loss=4.7809 cls=0.4237 cme=2.1786 acc=0.9794 cells=158379
[ct_train] rechunked train graphs (seed=92)

=== Epoch 92/1000 ===
[train] loss=4.7948 cls=0.4258 cme=2.1845 acc=0.9788 cells=158379
[val]   loss=4.8450 eval=2.6306 cls=0.4161 cme=2.2145 acc=0.9747 cells=118036
[ct_train] early_stopping: no improve on val/eval_loss for 2/36 val checks
[ct_train] rechunked train graphs (seed=93)

=== Epoch 93/1000 ===
[train] loss=4.7870 cls=0.4248 cme=2.1811 acc=0.9793 cells=158379
[ct_train] rechunked train graphs (seed=94)

=== Epoch 94/1000 ===
[train] loss=4.7869 cls=0.4238 cme=2.1815 acc=0.9792 cells=158379
[val]   loss=4.8422 eval=2.6284 cls=0.4147 cme=2.2138 acc=0.9753 cells=118036
[ct_train] early_stopping: no improve on val/eval_loss for 3/36 val checks
[ct_train] rechunked train graphs (seed=95)

=== Epoch 95/1000 ===
[train] loss=4.7883 cls=0.4228 cme=2.1827 acc=0.9801 cells=158379
[ct_train] rechunked train graphs (seed=96)

=== Epoch 96/1000 ===
[train] loss=4.7789 cls=0.4222 cme=2.1784 acc=0.9796 cells=158379
[val]   loss=4.8409 eval=2.6276 cls=0.4142 cme=2.2134 acc=0.9752 cells=118036
[ct_train] saved best checkpoint (val_eval_loss=2.6276 val_acc=0.9753)
[ct_train] rechunked train graphs (seed=97)

=== Epoch 97/1000 ===
[train] loss=4.7779 cls=0.4224 cme=2.1778 acc=0.9798 cells=158379
[ct_train] rechunked train graphs (seed=98)

=== Epoch 98/1000 ===
[train] loss=4.7833 cls=0.4218 cme=2.1808 acc=0.9801 cells=158379
[val]   loss=4.8487 eval=2.6312 cls=0.4136 cme=2.2175 acc=0.9753 cells=118036
[ct_train] early_stopping: no improve on val/eval_loss for 1/36 val checks
[ct_train] rechunked train graphs (seed=99)

=== Epoch 99/1000 ===
[train] loss=4.7852 cls=0.4221 cme=2.1815 acc=0.9800 cells=158379
[ct_train] rechunked train graphs (seed=100)

=== Epoch 100/1000 ===
[train] loss=4.7775 cls=0.4221 cme=2.1777 acc=0.9798 cells=158379
[val]   loss=4.8363 eval=2.6247 cls=0.4131 cme=2.2116 acc=0.9755 cells=118036
[ct_train] saved best checkpoint (val_eval_loss=2.6247 val_acc=0.9755)
[ct_train] rechunked train graphs (seed=101)

=== Epoch 101/1000 ===
[train] loss=4.7859 cls=0.4216 cme=2.1821 acc=0.9805 cells=158379
[ct_train] rechunked train graphs (seed=102)

=== Epoch 102/1000 ===
[train] loss=4.7802 cls=0.4214 cme=2.1794 acc=0.9798 cells=158379
[val]   loss=4.8389 eval=2.6269 cls=0.4150 cme=2.2120 acc=0.9748 cells=118036
[ct_train] early_stopping: no improve on val/eval_loss for 1/36 val checks
[ct_train] rechunked train graphs (seed=103)

=== Epoch 103/1000 ===
[train] loss=4.7836 cls=0.4208 cme=2.1814 acc=0.9804 cells=158379
[ct_train] rechunked train graphs (seed=104)

=== Epoch 104/1000 ===
[train] loss=4.7834 cls=0.4200 cme=2.1817 acc=0.9803 cells=158379
[val]   loss=4.8354 eval=2.6247 cls=0.4140 cme=2.2107 acc=0.9750 cells=118036
[ct_train] saved best checkpoint (val_eval_loss=2.6247 val_acc=0.9755)
[ct_train] early_stopping: no improve on val/eval_loss for 2/36 val checks
[ct_train] rechunked train graphs (seed=105)

=== Epoch 105/1000 ===
[train] loss=4.7709 cls=0.4210 cme=2.1749 acc=0.9800 cells=158379
[ct_train] rechunked train graphs (seed=106)

=== Epoch 106/1000 ===
[train] loss=4.7726 cls=0.4185 cme=2.1771 acc=0.9810 cells=158379
[val]   loss=4.8389 eval=2.6262 cls=0.4135 cme=2.2127 acc=0.9755 cells=118036
[ct_train] early_stopping: no improve on val/eval_loss for 3/36 val checks
[ct_train] rechunked train graphs (seed=107)

=== Epoch 107/1000 ===
[train] loss=4.7696 cls=0.4189 cme=2.1753 acc=0.9811 cells=158379
[ct_train] rechunked train graphs (seed=108)

=== Epoch 108/1000 ===
[train] loss=4.7845 cls=0.4201 cme=2.1822 acc=0.9805 cells=158379
[val]   loss=4.8479 eval=2.6308 cls=0.4137 cme=2.2171 acc=0.9753 cells=118036
[ct_train] early_stopping: no improve on val/eval_loss for 4/36 val checks
[ct_train] rechunked train graphs (seed=109)

=== Epoch 109/1000 ===
[train] loss=4.7769 cls=0.4188 cme=2.1791 acc=0.9809 cells=158379
[ct_train] rechunked train graphs (seed=110)

=== Epoch 110/1000 ===
[train] loss=4.7745 cls=0.4182 cme=2.1781 acc=0.9812 cells=158379
[val]   loss=4.8414 eval=2.6279 cls=0.4143 cme=2.2135 acc=0.9753 cells=118036
[ct_train] early_stopping: no improve on val/eval_loss for 5/36 val checks
[ct_train] rechunked train graphs (seed=111)

=== Epoch 111/1000 ===
[train] loss=4.7629 cls=0.4170 cme=2.1730 acc=0.9811 cells=158379
[ct_train] rechunked train graphs (seed=112)

=== Epoch 112/1000 ===
[train] loss=4.7666 cls=0.4169 cme=2.1748 acc=0.9813 cells=158379
[val]   loss=4.8436 eval=2.6284 cls=0.4132 cme=2.2152 acc=0.9753 cells=118036
[ct_train] early_stopping: no improve on val/eval_loss for 6/36 val checks
[ct_train] rechunked train graphs (seed=113)

=== Epoch 113/1000 ===
[train] loss=4.7653 cls=0.4171 cme=2.1741 acc=0.9814 cells=158379
[ct_train] rechunked train graphs (seed=114)

=== Epoch 114/1000 ===
[train] loss=4.7634 cls=0.4169 cme=2.1733 acc=0.9814 cells=158379
[val]   loss=4.8412 eval=2.6272 cls=0.4132 cme=2.2140 acc=0.9753 cells=118036
[ct_train] early_stopping: no improve on val/eval_loss for 7/36 val checks
[ct_train] rechunked train graphs (seed=115)

=== Epoch 115/1000 ===
[train] loss=4.7756 cls=0.4181 cme=2.1788 acc=0.9812 cells=158379
[ct_train] rechunked train graphs (seed=116)

=== Epoch 116/1000 ===
[train] loss=4.7807 cls=0.4177 cme=2.1815 acc=0.9814 cells=158379
[val]   loss=4.8426 eval=2.6281 cls=0.4136 cme=2.2145 acc=0.9755 cells=118036
[ct_train] early_stopping: no improve on val/eval_loss for 8/36 val checks
[ct_train] rechunked train graphs (seed=117)

=== Epoch 117/1000 ===
[train] loss=4.7631 cls=0.4165 cme=2.1733 acc=0.9819 cells=158379
[ct_train] rechunked train graphs (seed=118)

=== Epoch 118/1000 ===
[train] loss=4.7708 cls=0.4167 cme=2.1771 acc=0.9813 cells=158379
[val]   loss=4.8339 eval=2.6240 cls=0.4141 cme=2.2099 acc=0.9756 cells=118036
[ct_train] saved best checkpoint (val_eval_loss=2.6240 val_acc=0.9756)
[ct_train] rechunked train graphs (seed=119)

=== Epoch 119/1000 ===
[train] loss=4.7589 cls=0.4155 cme=2.1717 acc=0.9820 cells=158379
[ct_train] rechunked train graphs (seed=120)

=== Epoch 120/1000 ===
[train] loss=4.7517 cls=0.4146 cme=2.1686 acc=0.9820 cells=158379
[val]   loss=4.8343 eval=2.6238 cls=0.4134 cme=2.2104 acc=0.9757 cells=118036
[ct_train] saved best checkpoint (val_eval_loss=2.6238 val_acc=0.9757)
[ct_train] early_stopping: no improve on val/eval_loss for 1/36 val checks
[ct_train] rechunked train graphs (seed=121)

=== Epoch 121/1000 ===
[train] loss=4.7645 cls=0.4153 cme=2.1746 acc=0.9818 cells=158379
[ct_train] rechunked train graphs (seed=122)

=== Epoch 122/1000 ===
[train] loss=4.7609 cls=0.4148 cme=2.1731 acc=0.9817 cells=158379
[val]   loss=4.8524 eval=2.6327 cls=0.4130 cme=2.2197 acc=0.9755 cells=118036
[ct_train] early_stopping: no improve on val/eval_loss for 2/36 val checks
[ct_train] rechunked train graphs (seed=123)

=== Epoch 123/1000 ===
[train] loss=4.7604 cls=0.4143 cme=2.1730 acc=0.9824 cells=158379
[ct_train] rechunked train graphs (seed=124)

=== Epoch 124/1000 ===
[train] loss=4.7582 cls=0.4143 cme=2.1720 acc=0.9826 cells=158379
[val]   loss=4.8326 eval=2.6223 cls=0.4120 cme=2.2103 acc=0.9760 cells=118036
[ct_train] saved best checkpoint (val_eval_loss=2.6223 val_acc=0.9760)
[ct_train] rechunked train graphs (seed=125)

=== Epoch 125/1000 ===
[train] loss=4.7537 cls=0.4147 cme=2.1695 acc=0.9819 cells=158379
[ct_train] rechunked train graphs (seed=126)

=== Epoch 126/1000 ===
[train] loss=4.7562 cls=0.4138 cme=2.1712 acc=0.9821 cells=158379
[val]   loss=4.8419 eval=2.6283 cls=0.4148 cme=2.2136 acc=0.9754 cells=118036
[ct_train] early_stopping: no improve on val/eval_loss for 1/36 val checks
[ct_train] rechunked train graphs (seed=127)

=== Epoch 127/1000 ===
[train] loss=4.7526 cls=0.4133 cme=2.1697 acc=0.9825 cells=158379
[ct_train] rechunked train graphs (seed=128)

=== Epoch 128/1000 ===
[train] loss=4.7487 cls=0.4135 cme=2.1676 acc=0.9825 cells=158379
[val]   loss=4.8339 eval=2.6234 cls=0.4128 cme=2.2105 acc=0.9755 cells=118036
[ct_train] early_stopping: no improve on val/eval_loss for 2/36 val checks
[ct_train] rechunked train graphs (seed=129)

=== Epoch 129/1000 ===
[train] loss=4.7518 cls=0.4132 cme=2.1693 acc=0.9827 cells=158379
[ct_train] rechunked train graphs (seed=130)

=== Epoch 130/1000 ===
[train] loss=4.7488 cls=0.4115 cme=2.1687 acc=0.9830 cells=158379
[val]   loss=4.8401 eval=2.6265 cls=0.4130 cme=2.2136 acc=0.9756 cells=118036
[ct_train] early_stopping: no improve on val/eval_loss for 3/36 val checks
[ct_train] rechunked train graphs (seed=131)

=== Epoch 131/1000 ===
[train] loss=4.7479 cls=0.4117 cme=2.1681 acc=0.9832 cells=158379
[ct_train] rechunked train graphs (seed=132)

=== Epoch 132/1000 ===
[train] loss=4.7425 cls=0.4121 cme=2.1652 acc=0.9830 cells=158379
[val]   loss=4.8392 eval=2.6270 cls=0.4148 cme=2.2122 acc=0.9749 cells=118036
[ct_train] early_stopping: no improve on val/eval_loss for 4/36 val checks
[ct_train] rechunked train graphs (seed=133)

=== Epoch 133/1000 ===
[train] loss=4.7490 cls=0.4128 cme=2.1681 acc=0.9829 cells=158379
[ct_train] rechunked train graphs (seed=134)

=== Epoch 134/1000 ===
[train] loss=4.7501 cls=0.4107 cme=2.1697 acc=0.9831 cells=158379
[val]   loss=4.8288 eval=2.6206 cls=0.4124 cme=2.2082 acc=0.9761 cells=118036
[ct_train] saved best checkpoint (val_eval_loss=2.6206 val_acc=0.9761)
[ct_train] rechunked train graphs (seed=135)

=== Epoch 135/1000 ===
[train] loss=4.7420 cls=0.4114 cme=2.1653 acc=0.9829 cells=158379
[ct_train] rechunked train graphs (seed=136)

=== Epoch 136/1000 ===
[train] loss=4.7494 cls=0.4103 cme=2.1695 acc=0.9834 cells=158379
[val]   loss=4.8320 eval=2.6228 cls=0.4136 cme=2.2092 acc=0.9753 cells=118036
[ct_train] early_stopping: no improve on val/eval_loss for 1/36 val checks
[ct_train] rechunked train graphs (seed=137)

=== Epoch 137/1000 ===
[train] loss=4.7328 cls=0.4095 cme=2.1617 acc=0.9837 cells=158379
[ct_train] rechunked train graphs (seed=138)

=== Epoch 138/1000 ===
[train] loss=4.7440 cls=0.4095 cme=2.1673 acc=0.9838 cells=158379
[val]   loss=4.8353 eval=2.6247 cls=0.4140 cme=2.2107 acc=0.9758 cells=118036
[ct_train] early_stopping: no improve on val/eval_loss for 2/36 val checks
[ct_train] rechunked train graphs (seed=139)

=== Epoch 139/1000 ===
[train] loss=4.7306 cls=0.4094 cme=2.1606 acc=0.9834 cells=158379
[ct_train] rechunked train graphs (seed=140)

=== Epoch 140/1000 ===
[train] loss=4.7479 cls=0.4108 cme=2.1685 acc=0.9833 cells=158379
[val]   loss=4.8363 eval=2.6248 cls=0.4133 cme=2.2115 acc=0.9757 cells=118036
[ct_train] early_stopping: no improve on val/eval_loss for 3/36 val checks
[ct_train] rechunked train graphs (seed=141)

=== Epoch 141/1000 ===
[train] loss=4.7449 cls=0.4102 cme=2.1673 acc=0.9836 cells=158379
[ct_train] rechunked train graphs (seed=142)

=== Epoch 142/1000 ===
[train] loss=4.7377 cls=0.4086 cme=2.1645 acc=0.9836 cells=158379
[val]   loss=4.8313 eval=2.6217 cls=0.4121 cme=2.2096 acc=0.9761 cells=118036
[ct_train] early_stopping: no improve on val/eval_loss for 4/36 val checks
[ct_train] rechunked train graphs (seed=143)

=== Epoch 143/1000 ===
[train] loss=4.7284 cls=0.4075 cme=2.1605 acc=0.9841 cells=158379
[ct_train] rechunked train graphs (seed=144)

=== Epoch 144/1000 ===
[train] loss=4.7260 cls=0.4075 cme=2.1592 acc=0.9842 cells=158379
[val]   loss=4.8326 eval=2.6226 cls=0.4126 cme=2.2100 acc=0.9758 cells=118036
[ct_train] early_stopping: no improve on val/eval_loss for 5/36 val checks
[ct_train] rechunked train graphs (seed=145)

=== Epoch 145/1000 ===
[train] loss=4.7288 cls=0.4082 cme=2.1603 acc=0.9840 cells=158379
[ct_train] rechunked train graphs (seed=146)

=== Epoch 146/1000 ===
[train] loss=4.7318 cls=0.4079 cme=2.1619 acc=0.9844 cells=158379
[val]   loss=4.8369 eval=2.6249 cls=0.4128 cme=2.2121 acc=0.9760 cells=118036
[ct_train] early_stopping: no improve on val/eval_loss for 6/36 val checks
[ct_train] rechunked train graphs (seed=147)

=== Epoch 147/1000 ===
[train] loss=4.7296 cls=0.4074 cme=2.1611 acc=0.9842 cells=158379
[ct_train] rechunked train graphs (seed=148)

=== Epoch 148/1000 ===
[train] loss=4.7299 cls=0.4067 cme=2.1616 acc=0.9844 cells=158379
[val]   loss=4.8329 eval=2.6232 cls=0.4135 cme=2.2097 acc=0.9759 cells=118036
[ct_train] early_stopping: no improve on val/eval_loss for 7/36 val checks
[ct_train] rechunked train graphs (seed=149)

=== Epoch 149/1000 ===
[train] loss=4.7349 cls=0.4073 cme=2.1638 acc=0.9847 cells=158379
[ct_train] rechunked train graphs (seed=150)

=== Epoch 150/1000 ===
[train] loss=4.7287 cls=0.4065 cme=2.1611 acc=0.9844 cells=158379
[val]   loss=4.8393 eval=2.6270 cls=0.4147 cme=2.2123 acc=0.9754 cells=118036
[ct_train] early_stopping: no improve on val/eval_loss for 8/36 val checks
[ct_train] rechunked train graphs (seed=151)

=== Epoch 151/1000 ===
[train] loss=4.7367 cls=0.4072 cme=2.1647 acc=0.9840 cells=158379
[ct_train] rechunked train graphs (seed=152)

=== Epoch 152/1000 ===
[train] loss=4.7324 cls=0.4083 cme=2.1621 acc=0.9842 cells=158379
[val]   loss=4.8275 eval=2.6203 cls=0.4130 cme=2.2073 acc=0.9757 cells=118036
[ct_train] saved best checkpoint (val_eval_loss=2.6203 val_acc=0.9761)
[ct_train] rechunked train graphs (seed=153)

=== Epoch 153/1000 ===
[train] loss=4.7285 cls=0.4057 cme=2.1614 acc=0.9847 cells=158379
[ct_train] rechunked train graphs (seed=154)

=== Epoch 154/1000 ===
[train] loss=4.7314 cls=0.4057 cme=2.1629 acc=0.9849 cells=158379
[val]   loss=4.8401 eval=2.6276 cls=0.4150 cme=2.2126 acc=0.9754 cells=118036
[ct_train] early_stopping: no improve on val/eval_loss for 1/36 val checks
[ct_train] rechunked train graphs (seed=155)

=== Epoch 155/1000 ===
[train] loss=4.7243 cls=0.4048 cme=2.1597 acc=0.9852 cells=158379
[ct_train] rechunked train graphs (seed=156)

=== Epoch 156/1000 ===
[train] loss=4.7224 cls=0.4056 cme=2.1584 acc=0.9852 cells=158379
[val]   loss=4.8391 eval=2.6263 cls=0.4136 cme=2.2128 acc=0.9756 cells=118036
[ct_train] early_stopping: no improve on val/eval_loss for 2/36 val checks
[ct_train] rechunked train graphs (seed=157)

=== Epoch 157/1000 ===
[train] loss=4.7203 cls=0.4048 cme=2.1577 acc=0.9847 cells=158379
[ct_train] rechunked train graphs (seed=158)

=== Epoch 158/1000 ===
[train] loss=4.7126 cls=0.4040 cme=2.1543 acc=0.9853 cells=158379
[val]   loss=4.8407 eval=2.6269 cls=0.4131 cme=2.2138 acc=0.9757 cells=118036
[ct_train] early_stopping: no improve on val/eval_loss for 3/36 val checks
[ct_train] rechunked train graphs (seed=159)

=== Epoch 159/1000 ===
[train] loss=4.7282 cls=0.4058 cme=2.1612 acc=0.9849 cells=158379
[ct_train] rechunked train graphs (seed=160)

=== Epoch 160/1000 ===
[train] loss=4.7250 cls=0.4045 cme=2.1603 acc=0.9850 cells=158379
[val]   loss=4.8351 eval=2.6242 cls=0.4134 cme=2.2108 acc=0.9752 cells=118036
[ct_train] early_stopping: no improve on val/eval_loss for 4/36 val checks
[ct_train] rechunked train graphs (seed=161)

=== Epoch 161/1000 ===
[train] loss=4.7248 cls=0.4037 cme=2.1605 acc=0.9854 cells=158379
[ct_train] rechunked train graphs (seed=162)

=== Epoch 162/1000 ===
[train] loss=4.7299 cls=0.4042 cme=2.1628 acc=0.9858 cells=158379
[val]   loss=4.8274 eval=2.6212 cls=0.4149 cme=2.2063 acc=0.9760 cells=118036
[ct_train] early_stopping: no improve on val/eval_loss for 5/36 val checks
[ct_train] rechunked train graphs (seed=163)

=== Epoch 163/1000 ===
[train] loss=4.7238 cls=0.4040 cme=2.1599 acc=0.9853 cells=158379
[ct_train] rechunked train graphs (seed=164)

=== Epoch 164/1000 ===
[train] loss=4.7209 cls=0.4036 cme=2.1586 acc=0.9854 cells=158379
[val]   loss=4.8347 eval=2.6243 cls=0.4140 cme=2.2103 acc=0.9757 cells=118036
[ct_train] early_stopping: no improve on val/eval_loss for 6/36 val checks
[ct_train] rechunked train graphs (seed=165)

=== Epoch 165/1000 ===
[train] loss=4.7145 cls=0.4034 cme=2.1556 acc=0.9852 cells=158379
[ct_train] rechunked train graphs (seed=166)

=== Epoch 166/1000 ===
[train] loss=4.7263 cls=0.4032 cme=2.1616 acc=0.9856 cells=158379
[val]   loss=4.8380 eval=2.6265 cls=0.4150 cme=2.2115 acc=0.9757 cells=118036
[ct_train] early_stopping: no improve on val/eval_loss for 7/36 val checks
[ct_train] rechunked train graphs (seed=167)

=== Epoch 167/1000 ===
[train] loss=4.7102 cls=0.4013 cme=2.1544 acc=0.9860 cells=158379
[ct_train] rechunked train graphs (seed=168)

=== Epoch 168/1000 ===
[train] loss=4.7149 cls=0.4015 cme=2.1567 acc=0.9861 cells=158379
[val]   loss=4.8311 eval=2.6222 cls=0.4133 cme=2.2089 acc=0.9758 cells=118036
[ct_train] early_stopping: no improve on val/eval_loss for 8/36 val checks
[ct_train] rechunked train graphs (seed=169)

=== Epoch 169/1000 ===
[train] loss=4.7031 cls=0.4011 cme=2.1510 acc=0.9863 cells=158379
[ct_train] rechunked train graphs (seed=170)

=== Epoch 170/1000 ===
[train] loss=4.7105 cls=0.4017 cme=2.1544 acc=0.9859 cells=158379
[val]   loss=4.8388 eval=2.6274 cls=0.4159 cme=2.2114 acc=0.9747 cells=118036
[ct_train] early_stopping: no improve on val/eval_loss for 9/36 val checks
[ct_train] rechunked train graphs (seed=171)

=== Epoch 171/1000 ===
[train] loss=4.7198 cls=0.4025 cme=2.1586 acc=0.9862 cells=158379
[ct_train] rechunked train graphs (seed=172)

=== Epoch 172/1000 ===
[train] loss=4.7088 cls=0.4005 cme=2.1542 acc=0.9864 cells=158379
[val]   loss=4.8373 eval=2.6258 cls=0.4143 cme=2.2115 acc=0.9757 cells=118036
[ct_train] early_stopping: no improve on val/eval_loss for 10/36 val checks
[ct_train] rechunked train graphs (seed=173)

=== Epoch 173/1000 ===
[train] loss=4.7111 cls=0.4004 cme=2.1554 acc=0.9864 cells=158379
[ct_train] rechunked train graphs (seed=174)

=== Epoch 174/1000 ===
[train] loss=4.7054 cls=0.4007 cme=2.1523 acc=0.9867 cells=158379
[val]   loss=4.8283 eval=2.6214 cls=0.4144 cme=2.2069 acc=0.9755 cells=118036
[ct_train] early_stopping: no improve on val/eval_loss for 11/36 val checks
[ct_train] rechunked train graphs (seed=175)

=== Epoch 175/1000 ===
[train] loss=4.7114 cls=0.3998 cme=2.1558 acc=0.9868 cells=158379
[ct_train] rechunked train graphs (seed=176)

=== Epoch 176/1000 ===
[train] loss=4.7104 cls=0.4006 cme=2.1549 acc=0.9864 cells=158379
[val]   loss=4.8268 eval=2.6204 cls=0.4139 cme=2.2064 acc=0.9756 cells=118036
[ct_train] early_stopping: no improve on val/eval_loss for 12/36 val checks
[ct_train] rechunked train graphs (seed=177)

=== Epoch 177/1000 ===
[train] loss=4.7024 cls=0.3999 cme=2.1512 acc=0.9865 cells=158379
[ct_train] rechunked train graphs (seed=178)

=== Epoch 178/1000 ===
[train] loss=4.7154 cls=0.4009 cme=2.1573 acc=0.9865 cells=158379
[val]   loss=4.8380 eval=2.6271 cls=0.4162 cme=2.2109 acc=0.9752 cells=118036
[ct_train] early_stopping: no improve on val/eval_loss for 13/36 val checks
[ct_train] rechunked train graphs (seed=179)

=== Epoch 179/1000 ===
[train] loss=4.7082 cls=0.3996 cme=2.1543 acc=0.9866 cells=158379
[ct_train] rechunked train graphs (seed=180)

=== Epoch 180/1000 ===
[train] loss=4.7044 cls=0.3991 cme=2.1527 acc=0.9871 cells=158379
[val]   loss=4.8340 eval=2.6244 cls=0.4147 cme=2.2097 acc=0.9757 cells=118036
[ct_train] early_stopping: no improve on val/eval_loss for 14/36 val checks
[ct_train] rechunked train graphs (seed=181)

=== Epoch 181/1000 ===
[train] loss=4.7063 cls=0.3984 cme=2.1539 acc=0.9876 cells=158379
[ct_train] rechunked train graphs (seed=182)

=== Epoch 182/1000 ===
[train] loss=4.7050 cls=0.3985 cme=2.1533 acc=0.9873 cells=158379
[val]   loss=4.8320 eval=2.6237 cls=0.4154 cme=2.2083 acc=0.9756 cells=118036
[ct_train] early_stopping: no improve on val/eval_loss for 15/36 val checks
[ct_train] rechunked train graphs (seed=183)

=== Epoch 183/1000 ===
[train] loss=4.6985 cls=0.3982 cme=2.1502 acc=0.9871 cells=158379
[ct_train] rechunked train graphs (seed=184)

=== Epoch 184/1000 ===
[train] loss=4.7015 cls=0.3991 cme=2.1512 acc=0.9868 cells=158379
[val]   loss=4.8306 eval=2.6235 cls=0.4164 cme=2.2071 acc=0.9755 cells=118036
[ct_train] early_stopping: no improve on val/eval_loss for 16/36 val checks
[ct_train] rechunked train graphs (seed=185)

=== Epoch 185/1000 ===
[train] loss=4.7059 cls=0.3990 cme=2.1534 acc=0.9868 cells=158379
[ct_train] rechunked train graphs (seed=186)

=== Epoch 186/1000 ===
[train] loss=4.6996 cls=0.3979 cme=2.1509 acc=0.9874 cells=158379
[val]   loss=4.8366 eval=2.6260 cls=0.4154 cme=2.2106 acc=0.9757 cells=118036
[ct_train] early_stopping: no improve on val/eval_loss for 17/36 val checks
[ct_train] rechunked train graphs (seed=187)

=== Epoch 187/1000 ===
[train] loss=4.7054 cls=0.3976 cme=2.1539 acc=0.9878 cells=158379
[ct_train] rechunked train graphs (seed=188)

=== Epoch 188/1000 ===
[train] loss=4.6987 cls=0.3969 cme=2.1509 acc=0.9878 cells=158379
[val]   loss=4.8359 eval=2.6254 cls=0.4149 cme=2.2105 acc=0.9755 cells=118036
[ct_train] early_stopping: no improve on val/eval_loss for 18/36 val checks
[ct_train] rechunked train graphs (seed=189)

=== Epoch 189/1000 ===
[train] loss=4.6952 cls=0.3963 cme=2.1495 acc=0.9877 cells=158379
[ct_train] rechunked train graphs (seed=190)

=== Epoch 190/1000 ===
[train] loss=4.6915 cls=0.3961 cme=2.1477 acc=0.9877 cells=158379
[val]   loss=4.8317 eval=2.6234 cls=0.4151 cme=2.2083 acc=0.9757 cells=118036
[ct_train] early_stopping: no improve on val/eval_loss for 19/36 val checks
[ct_train] rechunked train graphs (seed=191)

=== Epoch 191/1000 ===
[train] loss=4.6994 cls=0.3968 cme=2.1513 acc=0.9879 cells=158379
[ct_train] rechunked train graphs (seed=192)

=== Epoch 192/1000 ===
[train] loss=4.6970 cls=0.3965 cme=2.1503 acc=0.9876 cells=158379
[val]   loss=4.8431 eval=2.6296 cls=0.4161 cme=2.2135 acc=0.9756 cells=118036
[ct_train] early_stopping: no improve on val/eval_loss for 20/36 val checks
[ct_train] rechunked train graphs (seed=193)

=== Epoch 193/1000 ===
[train] loss=4.7005 cls=0.3962 cme=2.1521 acc=0.9881 cells=158379
[ct_train] rechunked train graphs (seed=194)

=== Epoch 194/1000 ===
[train] loss=4.6916 cls=0.3958 cme=2.1479 acc=0.9883 cells=158379
[val]   loss=4.8318 eval=2.6244 cls=0.4169 cme=2.2075 acc=0.9753 cells=118036
[ct_train] early_stopping: no improve on val/eval_loss for 21/36 val checks
[ct_train] rechunked train graphs (seed=195)

=== Epoch 195/1000 ===
[train] loss=4.6908 cls=0.3958 cme=2.1475 acc=0.9877 cells=158379
[ct_train] rechunked train graphs (seed=196)

=== Epoch 196/1000 ===
[train] loss=4.6958 cls=0.3963 cme=2.1497 acc=0.9878 cells=158379
[val]   loss=4.8343 eval=2.6248 cls=0.4154 cme=2.2094 acc=0.9759 cells=118036
[ct_train] early_stopping: no improve on val/eval_loss for 22/36 val checks
[ct_train] rechunked train graphs (seed=197)

=== Epoch 197/1000 ===
[train] loss=4.6933 cls=0.3948 cme=2.1493 acc=0.9885 cells=158379
[ct_train] rechunked train graphs (seed=198)

=== Epoch 198/1000 ===
[train] loss=4.6906 cls=0.3947 cme=2.1479 acc=0.9884 cells=158379
[val]   loss=4.8399 eval=2.6285 cls=0.4170 cme=2.2115 acc=0.9760 cells=118036
[ct_train] early_stopping: no improve on val/eval_loss for 23/36 val checks
[ct_train] rechunked train graphs (seed=199)

=== Epoch 199/1000 ===
[train] loss=4.6844 cls=0.3955 cme=2.1445 acc=0.9881 cells=158379
[ct_train] rechunked train graphs (seed=200)

=== Epoch 200/1000 ===
[train] loss=4.6908 cls=0.3953 cme=2.1478 acc=0.9881 cells=158379
[val]   loss=4.8347 eval=2.6260 cls=0.4172 cme=2.2087 acc=0.9752 cells=118036
[ct_train] early_stopping: no improve on val/eval_loss for 24/36 val checks
[ct_train] rechunked train graphs (seed=201)

=== Epoch 201/1000 ===
[train] loss=4.6970 cls=0.3958 cme=2.1506 acc=0.9881 cells=158379
[ct_train] rechunked train graphs (seed=202)

=== Epoch 202/1000 ===
[train] loss=4.6856 cls=0.3947 cme=2.1454 acc=0.9883 cells=158379
[val]   loss=4.8331 eval=2.6252 cls=0.4173 cme=2.2079 acc=0.9755 cells=118036
[ct_train] early_stopping: no improve on val/eval_loss for 25/36 val checks
[ct_train] rechunked train graphs (seed=203)

=== Epoch 203/1000 ===
[train] loss=4.6863 cls=0.3949 cme=2.1457 acc=0.9883 cells=158379
[ct_train] rechunked train graphs (seed=204)

=== Epoch 204/1000 ===
[train] loss=4.6930 cls=0.3947 cme=2.1492 acc=0.9888 cells=158379
[val]   loss=4.8411 eval=2.6290 cls=0.4168 cme=2.2122 acc=0.9755 cells=118036
[ct_train] early_stopping: no improve on val/eval_loss for 26/36 val checks
[ct_train] rechunked train graphs (seed=205)

=== Epoch 205/1000 ===
[train] loss=4.6845 cls=0.3937 cme=2.1454 acc=0.9888 cells=158379
[ct_train] rechunked train graphs (seed=206)

=== Epoch 206/1000 ===
[train] loss=4.6958 cls=0.3944 cme=2.1507 acc=0.9888 cells=158379
[val]   loss=4.8418 eval=2.6295 cls=0.4173 cme=2.2123 acc=0.9756 cells=118036
[ct_train] early_stopping: no improve on val/eval_loss for 27/36 val checks
[ct_train] rechunked train graphs (seed=207)

=== Epoch 207/1000 ===
[train] loss=4.6880 cls=0.3939 cme=2.1470 acc=0.9884 cells=158379
[ct_train] rechunked train graphs (seed=208)

=== Epoch 208/1000 ===
[train] loss=4.6784 cls=0.3929 cme=2.1427 acc=0.9887 cells=158379
[val]   loss=4.8377 eval=2.6277 cls=0.4176 cme=2.2100 acc=0.9756 cells=118036
[ct_train] early_stopping: no improve on val/eval_loss for 28/36 val checks
[ct_train] rechunked train graphs (seed=209)

=== Epoch 209/1000 ===
[train] loss=4.6828 cls=0.3929 cme=2.1450 acc=0.9892 cells=158379
[ct_train] rechunked train graphs (seed=210)

=== Epoch 210/1000 ===
[train] loss=4.6841 cls=0.3929 cme=2.1456 acc=0.9890 cells=158379
[val]   loss=4.8396 eval=2.6283 cls=0.4171 cme=2.2112 acc=0.9754 cells=118036
[ct_train] early_stopping: no improve on val/eval_loss for 29/36 val checks
[ct_train] rechunked train graphs (seed=211)

=== Epoch 211/1000 ===
[train] loss=4.6758 cls=0.3923 cme=2.1417 acc=0.9894 cells=158379
[ct_train] rechunked train graphs (seed=212)

=== Epoch 212/1000 ===
[train] loss=4.6857 cls=0.3921 cme=2.1468 acc=0.9896 cells=158379
[val]   loss=4.8344 eval=2.6259 cls=0.4173 cme=2.2085 acc=0.9757 cells=118036
[ct_train] early_stopping: no improve on val/eval_loss for 30/36 val checks
[ct_train] rechunked train graphs (seed=213)

=== Epoch 213/1000 ===
[train] loss=4.6720 cls=0.3913 cme=2.1404 acc=0.9895 cells=158379
[ct_train] rechunked train graphs (seed=214)

=== Epoch 214/1000 ===
[train] loss=4.6847 cls=0.3925 cme=2.1461 acc=0.9893 cells=158379
[val]   loss=4.8411 eval=2.6294 cls=0.4176 cme=2.2117 acc=0.9761 cells=118036
[ct_train] early_stopping: no improve on val/eval_loss for 31/36 val checks
[ct_train] rechunked train graphs (seed=215)

=== Epoch 215/1000 ===
[train] loss=4.6803 cls=0.3927 cme=2.1438 acc=0.9892 cells=158379
[ct_train] rechunked train graphs (seed=216)

=== Epoch 216/1000 ===
[train] loss=4.6822 cls=0.3925 cme=2.1449 acc=0.9892 cells=158379
[val]   loss=4.8532 eval=2.6363 cls=0.4193 cme=2.2170 acc=0.9754 cells=118036
[ct_train] early_stopping: no improve on val/eval_loss for 32/36 val checks
[ct_train] rechunked train graphs (seed=217)

=== Epoch 217/1000 ===
[train] loss=4.6804 cls=0.3910 cme=2.1447 acc=0.9895 cells=158379
[ct_train] rechunked train graphs (seed=218)

=== Epoch 218/1000 ===
[train] loss=4.6830 cls=0.3913 cme=2.1459 acc=0.9897 cells=158379
[val]   loss=4.8461 eval=2.6326 cls=0.4191 cme=2.2135 acc=0.9752 cells=118036
[ct_train] early_stopping: no improve on val/eval_loss for 33/36 val checks
[ct_train] rechunked train graphs (seed=219)

=== Epoch 219/1000 ===
[train] loss=4.6755 cls=0.3916 cme=2.1419 acc=0.9894 cells=158379
[ct_train] rechunked train graphs (seed=220)

=== Epoch 220/1000 ===
[train] loss=4.6819 cls=0.3909 cme=2.1455 acc=0.9898 cells=158379
[val]   loss=4.8446 eval=2.6316 cls=0.4187 cme=2.2129 acc=0.9753 cells=118036
[ct_train] early_stopping: no improve on val/eval_loss for 34/36 val checks
[ct_train] rechunked train graphs (seed=221)

=== Epoch 221/1000 ===
[train] loss=4.6892 cls=0.3912 cme=2.1490 acc=0.9896 cells=158379
[ct_train] rechunked train graphs (seed=222)

=== Epoch 222/1000 ===
[train] loss=4.6745 cls=0.3903 cme=2.1421 acc=0.9899 cells=158379
[val]   loss=4.8405 eval=2.6291 cls=0.4176 cme=2.2115 acc=0.9758 cells=118036
[ct_train] early_stopping: no improve on val/eval_loss for 35/36 val checks
[ct_train] rechunked train graphs (seed=223)

=== Epoch 223/1000 ===
[train] loss=4.6807 cls=0.3915 cme=2.1446 acc=0.9896 cells=158379
[ct_train] rechunked train graphs (seed=224)

=== Epoch 224/1000 ===
[train] loss=4.6784 cls=0.3912 cme=2.1436 acc=0.9898 cells=158379
[val]   loss=4.8486 eval=2.6341 cls=0.4196 cme=2.2145 acc=0.9751 cells=118036
[ct_train] early_stopping: no improve on val/eval_loss for 36/36 val checks
[ct_train] early stopping at epoch 224 (patience=36, monitor=val/eval_loss)

[ct_train] done. best_val_acc=0.9761  best_val_eval_loss=2.6203  checkpoints=/home/abel/code/Tissue-Reassembly-using-GenAI-and-new-metrics/exploration/cell_types/outputs/exp051_ff256  logs=/home/abel/code/Tissue-Reassembly-using-GenAI-and-new-metrics/exploration/cell_types/logs/exp051_ff256/20260807_215938
wandb: updating run metadata
wandb: uploading output.log; uploading wandb-summary.json; uploading config.yaml
wandb: 
wandb: Run summary:
wandb:                      best_epoch 152
wandb:                    best_val_acc 0.97613
wandb:              best_val_eval_loss 2.62026
wandb:                           epoch 224
wandb:                              lr 0.0002
wandb:           model/parameter_count 1322396
wandb: model/trainable_parameter_count 1322396
wandb:                       train/acc 0.98979
wandb:       train/acc_per_class/Astro 0.99444
wandb:        train/acc_per_class/Endo 0.98944
wandb:                             +54 ...
wandb: 
wandb:  View run exp051_ff256 at: https://wandb.ai/abel-salmona-polytechnique-montr-al/cell_types/runs/aqupgwjs
wandb:  View project at: https://wandb.ai/abel-salmona-polytechnique-montr-al/cell_types
wandb: Synced 5 W&B file(s), 1 media file(s), 2 artifact file(s) and 1 other file(s)
wandb: Find logs at: ./exploration/cell_types/logs/exp051_ff256/20260807_215938/wandb/run-20260807_215945-aqupgwjs/logs
