[ct_train] config=exploration/cell_types/experiments/configs/exp008_xl_capacity.json
[ct_train] device=cuda  checkpoints=/home/abel/code/Tissue-Reassembly-using-GenAI-and-new-metrics/exploration/cell_types/outputs/exp008_xl_capacity
[ct_train] logs=/home/abel/code/Tissue-Reassembly-using-GenAI-and-new-metrics/exploration/cell_types/logs/exp008_xl_capacity/20260807_201948
[ct_train] Loading data …
[DataModule] Reading '/home/abel/biodata/MERFISH_LUNA_small_cortex/MERFISH_mouse_cortex_train.csv' (split=train) with float32 dtype on 254 gene cols + coord cols …
[DataModule] Loaded 158,379 rows for split=train.
[DataModule] Reading '/home/abel/biodata/MERFISH_LUNA_small_cortex/MERFISH_mouse_cortex_test.csv' (split=test) with float32 dtype on 254 gene cols + coord cols …
[DataModule] Loaded 118,036 rows for split=test.
[DataModule] Reading '/home/abel/biodata/MERFISH_LUNA_small_cortex/MERFISH_mouse_cortex_test.csv' (split=validation) with float32 dtype on 254 gene cols + coord cols …
[DataModule] Loaded 118,036 rows for split=validation.
[ct_train] genes=254  classes=23
[ct_train] model predict_cme=True  params=2,398,620
[ct_train] soft CME loaded split=train sigma=96.0 n=158379 C=23
[ct_train] soft CME loaded split=validation sigma=96.0 n=118036 C=23
wandb: [wandb.login()] Loaded credentials for https://api.wandb.ai from /home/abel/.netrc.
wandb: Currently logged in as: abel-salmona (abel-salmona-polytechnique-montr-al) to https://api.wandb.ai. Use `wandb login --relogin` to force relogin
wandb: WARNING Using a boolean value for 'reinit' is deprecated. Use 'return_previous' or 'finish_previous' instead.
wandb: Tracking run with wandb version 0.26.1
wandb: Run data is saved locally in /home/abel/code/Tissue-Reassembly-using-GenAI-and-new-metrics/exploration/cell_types/logs/exp008_xl_capacity/20260807_201948/wandb/run-20260807_201956-pgw1pscx
wandb: Run `wandb offline` to turn off syncing.
wandb: Syncing run exp008_xl_capacity
wandb:  View project at https://wandb.ai/abel-salmona-polytechnique-montr-al/cell_types
wandb:  View run at https://wandb.ai/abel-salmona-polytechnique-montr-al/cell_types/runs/pgw1pscx
wandb: WARNING Saving files without folders. If you want to preserve subdirectories pass base_path to wandb.save, i.e. wandb.save("/mnt/folder/file.h5", base_path="/mnt")
wandb: WARNING Symlinked 1 file into the W&B run directory; call wandb.save again to sync new files.
[ct_train] wandb: project=cell_types name=exp008_xl_capacity mode=online url=https://wandb.ai/abel-salmona-polytechnique-montr-al/cell_types/runs/pgw1pscx
[ct_train] parameters: total=2,398,620 trainable=2,398,620
  [params] mlp_in_node_features: 65,664
  [params] transformer_layers: 1,684,992
  [params] type_stage1: 37,728
  [params] env_stage1: 123,968
  [params] type_probe: 2,231
  [params] env_probe: 7,383
  [params] fusion_mlp: 305,344
  [params] type_stage2: 39,959
  [params] env_stage2: 131,351
[ct_train] scheduler=cosine_warmup warmup_epochs=10 min_lr=1e-06
Traceback (most recent call last):
  File "/home/abel/code/Tissue-Reassembly-using-GenAI-and-new-metrics/exploration/cell_types/ct_train.py", line 1128, in <module>
    main()
  File "/home/abel/code/Tissue-Reassembly-using-GenAI-and-new-metrics/exploration/cell_types/ct_train.py", line 845, in main
    if use_ema:
UnboundLocalError: local variable 'use_ema' referenced before assignment
Traceback (most recent call last):
  File "/home/abel/code/Tissue-Reassembly-using-GenAI-and-new-metrics/exploration/cell_types/ct_train.py", line 1128, in <module>
    main()
  File "/home/abel/code/Tissue-Reassembly-using-GenAI-and-new-metrics/exploration/cell_types/ct_train.py", line 845, in main
    if use_ema:
UnboundLocalError: local variable 'use_ema' referenced before assignment
