[ct_train] config=exploration/cell_types/experiments/configs/exp080_seed7.json
[ct_train] device=cuda  checkpoints=/home/abel/code/Tissue-Reassembly-using-GenAI-and-new-metrics/exploration/cell_types/outputs/exp080_seed7
[ct_train] logs=/home/abel/code/Tissue-Reassembly-using-GenAI-and-new-metrics/exploration/cell_types/logs/exp080_seed7/20260808_005221
[ct_train] Loading data …
[DataModule] Reading '/home/abel/biodata/MERFISH_LUNA_small_cortex/MERFISH_mouse_cortex_train.csv' (split=train) with float32 dtype on 254 gene cols + coord cols …
[DataModule] Loaded 158,379 rows for split=train.
[DataModule] Reading '/home/abel/biodata/MERFISH_LUNA_small_cortex/MERFISH_mouse_cortex_test.csv' (split=test) with float32 dtype on 254 gene cols + coord cols …
[DataModule] Loaded 118,036 rows for split=test.
[DataModule] Reading '/home/abel/biodata/MERFISH_LUNA_small_cortex/MERFISH_mouse_cortex_test.csv' (split=validation) with float32 dtype on 254 gene cols + coord cols …
[DataModule] Loaded 118,036 rows for split=validation.
[ct_train] genes=254  classes=23
[ct_train] model predict_cme=True  params=1,305,308
[ct_train] soft CME loaded split=train sigma=96.0 n=158379 C=23
[ct_train] soft CME loaded split=validation sigma=96.0 n=118036 C=23
[ct_train] soft CME loaded split=train sigma=50.0 n=158379 C=23
[ct_train] soft CME loaded split=train sigma=64.0 n=158379 C=23
[ct_train] soft CME loaded split=validation sigma=50.0 n=118036 C=23
[ct_train] soft CME loaded split=validation sigma=64.0 n=118036 C=23
wandb: [wandb.login()] Loaded credentials for https://api.wandb.ai from /home/abel/.netrc.
wandb: Currently logged in as: abel-salmona (abel-salmona-polytechnique-montr-al) to https://api.wandb.ai. Use `wandb login --relogin` to force relogin
wandb: WARNING Using a boolean value for 'reinit' is deprecated. Use 'return_previous' or 'finish_previous' instead.
wandb: setting up run uqt9c1pv
wandb: Tracking run with wandb version 0.26.1
wandb: Run data is saved locally in /home/abel/code/Tissue-Reassembly-using-GenAI-and-new-metrics/exploration/cell_types/logs/exp080_seed7/20260808_005221/wandb/run-20260808_005229-uqt9c1pv
wandb: Run `wandb offline` to turn off syncing.
wandb: Syncing run exp080_seed7
wandb:  View project at https://wandb.ai/abel-salmona-polytechnique-montr-al/cell_types
wandb:  View run at https://wandb.ai/abel-salmona-polytechnique-montr-al/cell_types/runs/uqt9c1pv
wandb: WARNING Saving files without folders. If you want to preserve subdirectories pass base_path to wandb.save, i.e. wandb.save("/mnt/folder/file.h5", base_path="/mnt")
wandb: WARNING Symlinked 1 file into the W&B run directory; call wandb.save again to sync new files.
[ct_train] wandb: project=cell_types name=exp080_seed7 mode=online url=https://wandb.ai/abel-salmona-polytechnique-montr-al/cell_types/runs/uqt9c1pv
[ct_train] parameters: total=1,305,308 trainable=1,305,308
  [params] mlp_in_node_features: 26,720
  [params] transformer_layers: 633,600
  [params] type_stage1: 28,320
  [params] env_stage1: 93,056
  [params] type_probe: 2,231
  [params] env_probe: 7,383
  [params] fusion_mlp: 383,008
  [params] type_stage2: 30,551
  [params] env_stage2: 100,439
[ct_train] rechunked train graphs (seed=1)

=== Epoch 1/1000 ===
[train] loss=8.6043 cls=2.6560 cme=2.7672 acc=0.3392 cells=158379
[ct_train] rechunked train graphs (seed=2)

=== Epoch 2/1000 ===
[train] loss=7.1218 cls=1.6956 cme=2.5264 acc=0.6525 cells=158379
[val]   loss=6.5263 eval=3.6983 cls=1.2326 cme=2.4656 acc=0.7553 cells=118036
[ct_train] saved best checkpoint (val_eval_loss=3.6983 val_acc=0.7553)
[ct_train] rechunked train graphs (seed=3)

=== Epoch 3/1000 ===
[train] loss=6.3767 cls=1.1558 cme=2.4319 acc=0.7808 cells=158379
[ct_train] rechunked train graphs (seed=4)

=== Epoch 4/1000 ===
[train] loss=5.9971 cls=0.8742 cme=2.3867 acc=0.8488 cells=158379
[val]   loss=5.7540 eval=3.0418 cls=0.6754 cme=2.3665 acc=0.9009 cells=118036
[ct_train] saved best checkpoint (val_eval_loss=3.0418 val_acc=0.9009)
[ct_train] rechunked train graphs (seed=5)

=== Epoch 5/1000 ===
[train] loss=5.7789 cls=0.7209 cme=2.3567 acc=0.8966 cells=158379
[ct_train] rechunked train graphs (seed=6)

=== Epoch 6/1000 ===
[train] loss=5.6455 cls=0.6405 cme=2.3322 acc=0.9229 cells=158379
[val]   loss=5.5419 eval=2.8749 cls=0.5475 cme=2.3274 acc=0.9411 cells=118036
[ct_train] saved best checkpoint (val_eval_loss=2.8749 val_acc=0.9411)
[ct_train] rechunked train graphs (seed=7)

=== Epoch 7/1000 ===
[train] loss=5.5710 cls=0.5988 cme=2.3170 acc=0.9334 cells=158379
[ct_train] rechunked train graphs (seed=8)

=== Epoch 8/1000 ===
[train] loss=5.5128 cls=0.5704 cme=2.3033 acc=0.9398 cells=158379
[val]   loss=5.4459 eval=2.8084 cls=0.5064 cme=2.3021 acc=0.9503 cells=118036
[ct_train] saved best checkpoint (val_eval_loss=2.8084 val_acc=0.9503)
[ct_train] rechunked train graphs (seed=9)

=== Epoch 9/1000 ===
[train] loss=5.4869 cls=0.5541 cme=2.2989 acc=0.9439 cells=158379
[ct_train] rechunked train graphs (seed=10)

=== Epoch 10/1000 ===
[train] loss=5.4504 cls=0.5394 cme=2.2888 acc=0.9475 cells=158379
[val]   loss=5.3890 eval=2.7702 cls=0.4844 cme=2.2858 acc=0.9554 cells=118036
[ct_train] saved best checkpoint (val_eval_loss=2.7702 val_acc=0.9554)
[ct_train] rechunked train graphs (seed=11)

=== Epoch 11/1000 ===
[train] loss=5.4381 cls=0.5308 cme=2.2871 acc=0.9496 cells=158379
[ct_train] rechunked train graphs (seed=12)

=== Epoch 12/1000 ===
[train] loss=5.4089 cls=0.5205 cme=2.2783 acc=0.9520 cells=158379
[val]   loss=5.3570 eval=2.7497 cls=0.4740 cme=2.2757 acc=0.9581 cells=118036
[ct_train] saved best checkpoint (val_eval_loss=2.7497 val_acc=0.9581)
[ct_train] rechunked train graphs (seed=13)

=== Epoch 13/1000 ===
[train] loss=5.3907 cls=0.5146 cme=2.2727 acc=0.9533 cells=158379
[ct_train] rechunked train graphs (seed=14)

=== Epoch 14/1000 ===
[train] loss=5.3805 cls=0.5105 cme=2.2699 acc=0.9551 cells=158379
[val]   loss=5.3329 eval=2.7334 cls=0.4643 cme=2.2691 acc=0.9607 cells=118036
[ct_train] saved best checkpoint (val_eval_loss=2.7334 val_acc=0.9607)
[ct_train] rechunked train graphs (seed=15)

=== Epoch 15/1000 ===
[train] loss=5.3579 cls=0.5021 cme=2.2634 acc=0.9560 cells=158379
[ct_train] rechunked train graphs (seed=16)

=== Epoch 16/1000 ===
[train] loss=5.3537 cls=0.4985 cme=2.2630 acc=0.9573 cells=158379
[val]   loss=5.3195 eval=2.7247 cls=0.4594 cme=2.2653 acc=0.9623 cells=118036
[ct_train] saved best checkpoint (val_eval_loss=2.7247 val_acc=0.9623)
[ct_train] rechunked train graphs (seed=17)

=== Epoch 17/1000 ===
[train] loss=5.3269 cls=0.4943 cme=2.2526 acc=0.9580 cells=158379
[ct_train] rechunked train graphs (seed=18)

=== Epoch 18/1000 ===
[train] loss=5.3299 cls=0.4895 cme=2.2563 acc=0.9595 cells=158379
[val]   loss=5.2909 eval=2.7084 cls=0.4538 cme=2.2545 acc=0.9640 cells=118036
[ct_train] saved best checkpoint (val_eval_loss=2.7084 val_acc=0.9640)
[ct_train] rechunked train graphs (seed=19)

=== Epoch 19/1000 ===
[train] loss=5.3219 cls=0.4873 cme=2.2535 acc=0.9606 cells=158379
[ct_train] rechunked train graphs (seed=20)

=== Epoch 20/1000 ===
[train] loss=5.3130 cls=0.4842 cme=2.2509 acc=0.9607 cells=158379
[val]   loss=5.2895 eval=2.7080 cls=0.4539 cme=2.2542 acc=0.9636 cells=118036
[ct_train] saved best checkpoint (val_eval_loss=2.7080 val_acc=0.9640)
[ct_train] rechunked train graphs (seed=21)

=== Epoch 21/1000 ===
[train] loss=5.3014 cls=0.4809 cme=2.2471 acc=0.9624 cells=158379
[ct_train] rechunked train graphs (seed=22)

=== Epoch 22/1000 ===
[train] loss=5.2836 cls=0.4759 cme=2.2411 acc=0.9627 cells=158379
[val]   loss=5.2736 eval=2.6972 cls=0.4478 cme=2.2494 acc=0.9656 cells=118036
[ct_train] saved best checkpoint (val_eval_loss=2.6972 val_acc=0.9656)
[ct_train] rechunked train graphs (seed=23)

=== Epoch 23/1000 ===
[train] loss=5.2821 cls=0.4739 cme=2.2414 acc=0.9641 cells=158379
[ct_train] rechunked train graphs (seed=24)

=== Epoch 24/1000 ===
[train] loss=5.2790 cls=0.4733 cme=2.2402 acc=0.9641 cells=158379
[val]   loss=5.2590 eval=2.6885 cls=0.4441 cme=2.2445 acc=0.9668 cells=118036
[ct_train] saved best checkpoint (val_eval_loss=2.6885 val_acc=0.9668)
[ct_train] rechunked train graphs (seed=25)

=== Epoch 25/1000 ===
[train] loss=5.2607 cls=0.4697 cme=2.2334 acc=0.9647 cells=158379
[ct_train] rechunked train graphs (seed=26)

=== Epoch 26/1000 ===
[train] loss=5.2485 cls=0.4672 cme=2.2289 acc=0.9658 cells=158379
[val]   loss=5.2567 eval=2.6860 cls=0.4414 cme=2.2446 acc=0.9671 cells=118036
[ct_train] saved best checkpoint (val_eval_loss=2.6860 val_acc=0.9671)
[ct_train] rechunked train graphs (seed=27)

=== Epoch 27/1000 ===
[train] loss=5.2550 cls=0.4669 cme=2.2320 acc=0.9655 cells=158379
[ct_train] rechunked train graphs (seed=28)

=== Epoch 28/1000 ===
[train] loss=5.2501 cls=0.4643 cme=2.2310 acc=0.9665 cells=158379
[val]   loss=5.2447 eval=2.6802 cls=0.4406 cme=2.2395 acc=0.9672 cells=118036
[ct_train] saved best checkpoint (val_eval_loss=2.6802 val_acc=0.9672)
[ct_train] rechunked train graphs (seed=29)

=== Epoch 29/1000 ===
[train] loss=5.2368 cls=0.4610 cme=2.2265 acc=0.9671 cells=158379
[ct_train] rechunked train graphs (seed=30)

=== Epoch 30/1000 ===
[train] loss=5.2441 cls=0.4601 cme=2.2301 acc=0.9675 cells=158379
[val]   loss=5.2341 eval=2.6733 cls=0.4373 cme=2.2360 acc=0.9685 cells=118036
[ct_train] saved best checkpoint (val_eval_loss=2.6733 val_acc=0.9685)
[ct_train] rechunked train graphs (seed=31)

=== Epoch 31/1000 ===
[train] loss=5.2295 cls=0.4578 cme=2.2245 acc=0.9679 cells=158379
[ct_train] rechunked train graphs (seed=32)

=== Epoch 32/1000 ===
[train] loss=5.2209 cls=0.4565 cme=2.2211 acc=0.9683 cells=158379
[val]   loss=5.2346 eval=2.6722 cls=0.4350 cme=2.2372 acc=0.9692 cells=118036
[ct_train] saved best checkpoint (val_eval_loss=2.6722 val_acc=0.9692)
[ct_train] rechunked train graphs (seed=33)

=== Epoch 33/1000 ===
[train] loss=5.2282 cls=0.4572 cme=2.2242 acc=0.9683 cells=158379
[ct_train] rechunked train graphs (seed=34)

=== Epoch 34/1000 ===
[train] loss=5.2236 cls=0.4542 cme=2.2234 acc=0.9686 cells=158379
[val]   loss=5.2259 eval=2.6669 cls=0.4325 cme=2.2344 acc=0.9696 cells=118036
[ct_train] saved best checkpoint (val_eval_loss=2.6669 val_acc=0.9696)
[ct_train] rechunked train graphs (seed=35)

=== Epoch 35/1000 ===
[train] loss=5.2265 cls=0.4537 cme=2.2250 acc=0.9690 cells=158379
[ct_train] rechunked train graphs (seed=36)

=== Epoch 36/1000 ===
[train] loss=5.2080 cls=0.4527 cme=2.2169 acc=0.9689 cells=158379
[val]   loss=5.2189 eval=2.6631 cls=0.4315 cme=2.2316 acc=0.9699 cells=118036
[ct_train] saved best checkpoint (val_eval_loss=2.6631 val_acc=0.9699)
[ct_train] rechunked train graphs (seed=37)

=== Epoch 37/1000 ===
[train] loss=5.2102 cls=0.4507 cme=2.2189 acc=0.9695 cells=158379
[ct_train] rechunked train graphs (seed=38)

=== Epoch 38/1000 ===
[train] loss=5.2086 cls=0.4500 cme=2.2184 acc=0.9703 cells=158379
[val]   loss=5.2129 eval=2.6602 cls=0.4312 cme=2.2289 acc=0.9698 cells=118036
[ct_train] saved best checkpoint (val_eval_loss=2.6602 val_acc=0.9699)
[ct_train] rechunked train graphs (seed=39)

=== Epoch 39/1000 ===
[train] loss=5.2016 cls=0.4481 cme=2.2161 acc=0.9704 cells=158379
[ct_train] rechunked train graphs (seed=40)

=== Epoch 40/1000 ===
[train] loss=5.1895 cls=0.4477 cme=2.2107 acc=0.9705 cells=158379
[val]   loss=5.2098 eval=2.6578 cls=0.4294 cme=2.2284 acc=0.9702 cells=118036
[ct_train] saved best checkpoint (val_eval_loss=2.6578 val_acc=0.9702)
[ct_train] rechunked train graphs (seed=41)

=== Epoch 41/1000 ===
[train] loss=5.1856 cls=0.4459 cme=2.2097 acc=0.9706 cells=158379
[ct_train] rechunked train graphs (seed=42)

=== Epoch 42/1000 ===
[train] loss=5.1831 cls=0.4466 cme=2.2083 acc=0.9707 cells=158379
[val]   loss=5.2131 eval=2.6607 cls=0.4317 cme=2.2290 acc=0.9696 cells=118036
[ct_train] early_stopping: no improve on val/eval_loss for 1/45 val checks
[ct_train] rechunked train graphs (seed=43)

=== Epoch 43/1000 ===
[train] loss=5.1988 cls=0.4447 cme=2.2163 acc=0.9714 cells=158379
[ct_train] rechunked train graphs (seed=44)

=== Epoch 44/1000 ===
[train] loss=5.1895 cls=0.4454 cme=2.2117 acc=0.9711 cells=158379
[val]   loss=5.1949 eval=2.6491 cls=0.4263 cme=2.2229 acc=0.9711 cells=118036
[ct_train] saved best checkpoint (val_eval_loss=2.6491 val_acc=0.9711)
[ct_train] rechunked train graphs (seed=45)

=== Epoch 45/1000 ===
[train] loss=5.1797 cls=0.4436 cme=2.2080 acc=0.9715 cells=158379
[ct_train] rechunked train graphs (seed=46)

=== Epoch 46/1000 ===
[train] loss=5.1780 cls=0.4425 cme=2.2079 acc=0.9721 cells=158379
[val]   loss=5.2012 eval=2.6527 cls=0.4276 cme=2.2251 acc=0.9709 cells=118036
[ct_train] early_stopping: no improve on val/eval_loss for 1/45 val checks
[ct_train] rechunked train graphs (seed=47)

=== Epoch 47/1000 ===
[train] loss=5.1754 cls=0.4401 cme=2.2077 acc=0.9726 cells=158379
[ct_train] rechunked train graphs (seed=48)

=== Epoch 48/1000 ===
[train] loss=5.1775 cls=0.4409 cme=2.2083 acc=0.9723 cells=158379
[val]   loss=5.1925 eval=2.6478 cls=0.4257 cme=2.2221 acc=0.9712 cells=118036
[ct_train] saved best checkpoint (val_eval_loss=2.6478 val_acc=0.9712)
[ct_train] rechunked train graphs (seed=49)

=== Epoch 49/1000 ===
[train] loss=5.1763 cls=0.4395 cme=2.2083 acc=0.9724 cells=158379
[ct_train] rechunked train graphs (seed=50)

=== Epoch 50/1000 ===
[train] loss=5.1739 cls=0.4389 cme=2.2076 acc=0.9730 cells=158379
[val]   loss=5.1977 eval=2.6502 cls=0.4255 cme=2.2246 acc=0.9710 cells=118036
[ct_train] early_stopping: no improve on val/eval_loss for 1/45 val checks
[ct_train] rechunked train graphs (seed=51)

=== Epoch 51/1000 ===
[train] loss=5.1585 cls=0.4367 cme=2.2015 acc=0.9733 cells=158379
[ct_train] rechunked train graphs (seed=52)

=== Epoch 52/1000 ===
[train] loss=5.1584 cls=0.4369 cme=2.2013 acc=0.9735 cells=158379
[val]   loss=5.1918 eval=2.6468 cls=0.4243 cme=2.2225 acc=0.9715 cells=118036
[ct_train] saved best checkpoint (val_eval_loss=2.6468 val_acc=0.9715)
[ct_train] rechunked train graphs (seed=53)

=== Epoch 53/1000 ===
[train] loss=5.1796 cls=0.4375 cme=2.2108 acc=0.9731 cells=158379
[ct_train] rechunked train graphs (seed=54)

=== Epoch 54/1000 ===
[train] loss=5.1613 cls=0.4366 cme=2.2028 acc=0.9731 cells=158379
[val]   loss=5.1876 eval=2.6447 cls=0.4238 cme=2.2210 acc=0.9719 cells=118036
[ct_train] saved best checkpoint (val_eval_loss=2.6447 val_acc=0.9719)
[ct_train] rechunked train graphs (seed=55)

=== Epoch 55/1000 ===
[train] loss=5.1581 cls=0.4353 cme=2.2020 acc=0.9734 cells=158379
[ct_train] rechunked train graphs (seed=56)

=== Epoch 56/1000 ===
[train] loss=5.1529 cls=0.4347 cme=2.1998 acc=0.9739 cells=158379
[val]   loss=5.1852 eval=2.6431 cls=0.4233 cme=2.2198 acc=0.9717 cells=118036
[ct_train] saved best checkpoint (val_eval_loss=2.6431 val_acc=0.9719)
[ct_train] rechunked train graphs (seed=57)

=== Epoch 57/1000 ===
[train] loss=5.1559 cls=0.4339 cme=2.2015 acc=0.9742 cells=158379
[ct_train] rechunked train graphs (seed=58)

=== Epoch 58/1000 ===
[train] loss=5.1515 cls=0.4333 cme=2.1997 acc=0.9738 cells=158379
[val]   loss=5.1831 eval=2.6416 cls=0.4222 cme=2.2194 acc=0.9720 cells=118036
[ct_train] saved best checkpoint (val_eval_loss=2.6416 val_acc=0.9720)
[ct_train] rechunked train graphs (seed=59)

=== Epoch 59/1000 ===
[train] loss=5.1541 cls=0.4316 cme=2.2018 acc=0.9747 cells=158379
[ct_train] rechunked train graphs (seed=60)

=== Epoch 60/1000 ===
[train] loss=5.1448 cls=0.4317 cme=2.1975 acc=0.9745 cells=158379
[val]   loss=5.1863 eval=2.6436 cls=0.4230 cme=2.2206 acc=0.9721 cells=118036
[ct_train] early_stopping: no improve on val/eval_loss for 1/45 val checks
[ct_train] rechunked train graphs (seed=61)

=== Epoch 61/1000 ===
[train] loss=5.1526 cls=0.4322 cme=2.2008 acc=0.9744 cells=158379
[ct_train] rechunked train graphs (seed=62)

=== Epoch 62/1000 ===
[train] loss=5.1436 cls=0.4302 cme=2.1976 acc=0.9745 cells=158379
[val]   loss=5.1827 eval=2.6414 cls=0.4220 cme=2.2194 acc=0.9722 cells=118036
[ct_train] saved best checkpoint (val_eval_loss=2.6414 val_acc=0.9722)
[ct_train] early_stopping: no improve on val/eval_loss for 2/45 val checks
[ct_train] rechunked train graphs (seed=63)

=== Epoch 63/1000 ===
[train] loss=5.1412 cls=0.4300 cme=2.1966 acc=0.9753 cells=158379
[ct_train] rechunked train graphs (seed=64)

=== Epoch 64/1000 ===
[train] loss=5.1347 cls=0.4301 cme=2.1935 acc=0.9750 cells=158379
[val]   loss=5.1816 eval=2.6405 cls=0.4211 cme=2.2194 acc=0.9719 cells=118036
[ct_train] saved best checkpoint (val_eval_loss=2.6405 val_acc=0.9722)
[ct_train] rechunked train graphs (seed=65)

=== Epoch 65/1000 ===
[train] loss=5.1479 cls=0.4304 cme=2.1994 acc=0.9748 cells=158379
[ct_train] rechunked train graphs (seed=66)

=== Epoch 66/1000 ===
[train] loss=5.1349 cls=0.4287 cme=2.1942 acc=0.9754 cells=158379
[val]   loss=5.1849 eval=2.6427 cls=0.4221 cme=2.2206 acc=0.9714 cells=118036
[ct_train] early_stopping: no improve on val/eval_loss for 1/45 val checks
[ct_train] rechunked train graphs (seed=67)

=== Epoch 67/1000 ===
[train] loss=5.1339 cls=0.4283 cme=2.1941 acc=0.9758 cells=158379
[ct_train] rechunked train graphs (seed=68)

=== Epoch 68/1000 ===
[train] loss=5.1363 cls=0.4277 cme=2.1954 acc=0.9756 cells=158379
[val]   loss=5.1894 eval=2.6435 cls=0.4200 cme=2.2234 acc=0.9724 cells=118036
[ct_train] early_stopping: no improve on val/eval_loss for 2/45 val checks
[ct_train] rechunked train graphs (seed=69)

=== Epoch 69/1000 ===
[train] loss=5.1315 cls=0.4271 cme=2.1934 acc=0.9762 cells=158379
[ct_train] rechunked train graphs (seed=70)

=== Epoch 70/1000 ===
[train] loss=5.1273 cls=0.4267 cme=2.1917 acc=0.9763 cells=158379
[val]   loss=5.1754 eval=2.6374 cls=0.4211 cme=2.2163 acc=0.9724 cells=118036
[ct_train] saved best checkpoint (val_eval_loss=2.6374 val_acc=0.9724)
[ct_train] rechunked train graphs (seed=71)

=== Epoch 71/1000 ===
[train] loss=5.1432 cls=0.4276 cme=2.1987 acc=0.9757 cells=158379
[ct_train] rechunked train graphs (seed=72)

=== Epoch 72/1000 ===
[train] loss=5.1278 cls=0.4257 cme=2.1924 acc=0.9759 cells=158379
[val]   loss=5.1800 eval=2.6390 cls=0.4198 cme=2.2192 acc=0.9726 cells=118036
[ct_train] early_stopping: no improve on val/eval_loss for 1/45 val checks
[ct_train] rechunked train graphs (seed=73)

=== Epoch 73/1000 ===
[train] loss=5.1267 cls=0.4263 cme=2.1916 acc=0.9765 cells=158379
[ct_train] rechunked train graphs (seed=74)

=== Epoch 74/1000 ===
[train] loss=5.1274 cls=0.4252 cme=2.1924 acc=0.9766 cells=158379
[val]   loss=5.1792 eval=2.6375 cls=0.4181 cme=2.2194 acc=0.9729 cells=118036
[ct_train] early_stopping: no improve on val/eval_loss for 2/45 val checks
[ct_train] rechunked train graphs (seed=75)

=== Epoch 75/1000 ===
[train] loss=5.1335 cls=0.4264 cme=2.1946 acc=0.9763 cells=158379
[ct_train] rechunked train graphs (seed=76)

=== Epoch 76/1000 ===
[train] loss=5.1300 cls=0.4239 cme=2.1942 acc=0.9769 cells=158379
[val]   loss=5.1696 eval=2.6332 cls=0.4181 cme=2.2152 acc=0.9730 cells=118036
[ct_train] saved best checkpoint (val_eval_loss=2.6332 val_acc=0.9730)
[ct_train] rechunked train graphs (seed=77)

=== Epoch 77/1000 ===
[train] loss=5.1254 cls=0.4235 cme=2.1922 acc=0.9770 cells=158379
[ct_train] rechunked train graphs (seed=78)

=== Epoch 78/1000 ===
[train] loss=5.1258 cls=0.4229 cme=2.1926 acc=0.9772 cells=158379
[val]   loss=5.1760 eval=2.6360 cls=0.4176 cme=2.2184 acc=0.9730 cells=118036
[ct_train] early_stopping: no improve on val/eval_loss for 1/45 val checks
[ct_train] rechunked train graphs (seed=79)

=== Epoch 79/1000 ===
[train] loss=5.1204 cls=0.4221 cme=2.1906 acc=0.9769 cells=158379
[ct_train] rechunked train graphs (seed=80)

=== Epoch 80/1000 ===
[train] loss=5.1177 cls=0.4230 cme=2.1889 acc=0.9769 cells=158379
[val]   loss=5.1686 eval=2.6324 cls=0.4172 cme=2.2152 acc=0.9733 cells=118036
[ct_train] saved best checkpoint (val_eval_loss=2.6324 val_acc=0.9733)
[ct_train] rechunked train graphs (seed=81)

=== Epoch 81/1000 ===
[train] loss=5.1125 cls=0.4219 cme=2.1871 acc=0.9772 cells=158379
[ct_train] rechunked train graphs (seed=82)

=== Epoch 82/1000 ===
[train] loss=5.1117 cls=0.4206 cme=2.1873 acc=0.9778 cells=158379
[val]   loss=5.1671 eval=2.6312 cls=0.4164 cme=2.2148 acc=0.9735 cells=118036
[ct_train] saved best checkpoint (val_eval_loss=2.6312 val_acc=0.9735)
[ct_train] rechunked train graphs (seed=83)

=== Epoch 83/1000 ===
[train] loss=5.1106 cls=0.4202 cme=2.1870 acc=0.9779 cells=158379
[ct_train] rechunked train graphs (seed=84)

=== Epoch 84/1000 ===
[train] loss=5.1158 cls=0.4215 cme=2.1887 acc=0.9777 cells=158379
[val]   loss=5.1722 eval=2.6336 cls=0.4168 cme=2.2168 acc=0.9738 cells=118036
[ct_train] early_stopping: no improve on val/eval_loss for 1/45 val checks
[ct_train] rechunked train graphs (seed=85)

=== Epoch 85/1000 ===
[train] loss=5.1163 cls=0.4218 cme=2.1889 acc=0.9774 cells=158379
[ct_train] rechunked train graphs (seed=86)

=== Epoch 86/1000 ===
[train] loss=5.1166 cls=0.4205 cme=2.1896 acc=0.9776 cells=158379
[val]   loss=5.1696 eval=2.6332 cls=0.4181 cme=2.2151 acc=0.9729 cells=118036
[ct_train] early_stopping: no improve on val/eval_loss for 2/45 val checks
[ct_train] rechunked train graphs (seed=87)

=== Epoch 87/1000 ===
[train] loss=5.1006 cls=0.4194 cme=2.1827 acc=0.9778 cells=158379
[ct_train] rechunked train graphs (seed=88)

=== Epoch 88/1000 ===
[train] loss=5.1140 cls=0.4201 cme=2.1886 acc=0.9781 cells=158379
[val]   loss=5.1709 eval=2.6332 cls=0.4165 cme=2.2167 acc=0.9735 cells=118036
[ct_train] early_stopping: no improve on val/eval_loss for 3/45 val checks
[ct_train] rechunked train graphs (seed=89)

=== Epoch 89/1000 ===
[train] loss=5.1027 cls=0.4193 cme=2.1837 acc=0.9780 cells=158379
[ct_train] rechunked train graphs (seed=90)

=== Epoch 90/1000 ===
[train] loss=5.1128 cls=0.4193 cme=2.1884 acc=0.9782 cells=158379
[val]   loss=5.1770 eval=2.6362 cls=0.4172 cme=2.2191 acc=0.9731 cells=118036
[ct_train] early_stopping: no improve on val/eval_loss for 4/45 val checks
[ct_train] rechunked train graphs (seed=91)

=== Epoch 91/1000 ===
[train] loss=5.1160 cls=0.4190 cme=2.1900 acc=0.9780 cells=158379
[ct_train] rechunked train graphs (seed=92)

=== Epoch 92/1000 ===
[train] loss=5.0959 cls=0.4179 cme=2.1812 acc=0.9785 cells=158379
[val]   loss=5.1712 eval=2.6324 cls=0.4152 cme=2.2172 acc=0.9736 cells=118036
[ct_train] early_stopping: no improve on val/eval_loss for 5/45 val checks
[ct_train] rechunked train graphs (seed=93)

=== Epoch 93/1000 ===
[train] loss=5.1123 cls=0.4190 cme=2.1883 acc=0.9781 cells=158379
[ct_train] rechunked train graphs (seed=94)

=== Epoch 94/1000 ===
[train] loss=5.0886 cls=0.4161 cme=2.1787 acc=0.9785 cells=158379
[val]   loss=5.1636 eval=2.6290 cls=0.4153 cme=2.2137 acc=0.9741 cells=118036
[ct_train] saved best checkpoint (val_eval_loss=2.6290 val_acc=0.9741)
[ct_train] rechunked train graphs (seed=95)

=== Epoch 95/1000 ===
[train] loss=5.0939 cls=0.4164 cme=2.1809 acc=0.9788 cells=158379
[ct_train] rechunked train graphs (seed=96)

=== Epoch 96/1000 ===
[train] loss=5.0956 cls=0.4162 cme=2.1819 acc=0.9788 cells=158379
[val]   loss=5.1735 eval=2.6341 cls=0.4163 cme=2.2177 acc=0.9737 cells=118036
[ct_train] early_stopping: no improve on val/eval_loss for 1/45 val checks
[ct_train] rechunked train graphs (seed=97)

=== Epoch 97/1000 ===
[train] loss=5.0840 cls=0.4160 cme=2.1766 acc=0.9794 cells=158379
[ct_train] rechunked train graphs (seed=98)

=== Epoch 98/1000 ===
[train] loss=5.0994 cls=0.4158 cme=2.1839 acc=0.9789 cells=158379
[val]   loss=5.1626 eval=2.6285 cls=0.4155 cme=2.2129 acc=0.9737 cells=118036
[ct_train] saved best checkpoint (val_eval_loss=2.6285 val_acc=0.9741)
[ct_train] rechunked train graphs (seed=99)

=== Epoch 99/1000 ===
[train] loss=5.1176 cls=0.4167 cme=2.1918 acc=0.9793 cells=158379
[ct_train] rechunked train graphs (seed=100)

=== Epoch 100/1000 ===
[train] loss=5.0912 cls=0.4141 cme=2.1807 acc=0.9796 cells=158379
[val]   loss=5.1575 eval=2.6261 cls=0.4151 cme=2.2110 acc=0.9739 cells=118036
[ct_train] saved best checkpoint (val_eval_loss=2.6261 val_acc=0.9741)
[ct_train] rechunked train graphs (seed=101)

=== Epoch 101/1000 ===
[train] loss=5.0910 cls=0.4144 cme=2.1806 acc=0.9792 cells=158379
[ct_train] rechunked train graphs (seed=102)

=== Epoch 102/1000 ===
[train] loss=5.0850 cls=0.4150 cme=2.1775 acc=0.9795 cells=158379
[val]   loss=5.1620 eval=2.6279 cls=0.4144 cme=2.2134 acc=0.9738 cells=118036
[ct_train] early_stopping: no improve on val/eval_loss for 1/45 val checks
[ct_train] rechunked train graphs (seed=103)

=== Epoch 103/1000 ===
[train] loss=5.0892 cls=0.4140 cme=2.1799 acc=0.9796 cells=158379
[ct_train] rechunked train graphs (seed=104)

=== Epoch 104/1000 ===
[train] loss=5.0960 cls=0.4147 cme=2.1829 acc=0.9796 cells=158379
[val]   loss=5.1650 eval=2.6302 cls=0.4164 cme=2.2139 acc=0.9735 cells=118036
[ct_train] early_stopping: no improve on val/eval_loss for 2/45 val checks
[ct_train] rechunked train graphs (seed=105)

=== Epoch 105/1000 ===
[train] loss=5.0875 cls=0.4139 cme=2.1792 acc=0.9796 cells=158379
[ct_train] rechunked train graphs (seed=106)

=== Epoch 106/1000 ===
[train] loss=5.0875 cls=0.4135 cme=2.1794 acc=0.9797 cells=158379
[val]   loss=5.1655 eval=2.6300 cls=0.4155 cme=2.2145 acc=0.9737 cells=118036
[ct_train] early_stopping: no improve on val/eval_loss for 3/45 val checks
[ct_train] rechunked train graphs (seed=107)

=== Epoch 107/1000 ===
[train] loss=5.0899 cls=0.4140 cme=2.1802 acc=0.9798 cells=158379
[ct_train] rechunked train graphs (seed=108)

=== Epoch 108/1000 ===
[train] loss=5.0836 cls=0.4131 cme=2.1778 acc=0.9798 cells=158379
[val]   loss=5.1621 eval=2.6284 cls=0.4155 cme=2.2130 acc=0.9737 cells=118036
[ct_train] early_stopping: no improve on val/eval_loss for 4/45 val checks
[ct_train] rechunked train graphs (seed=109)

=== Epoch 109/1000 ===
[train] loss=5.0864 cls=0.4129 cme=2.1791 acc=0.9803 cells=158379
[ct_train] rechunked train graphs (seed=110)

=== Epoch 110/1000 ===
[train] loss=5.0735 cls=0.4116 cme=2.1738 acc=0.9803 cells=158379
[val]   loss=5.1596 eval=2.6274 cls=0.4158 cme=2.2116 acc=0.9738 cells=118036
[ct_train] early_stopping: no improve on val/eval_loss for 5/45 val checks
[ct_train] rechunked train graphs (seed=111)

=== Epoch 111/1000 ===
[train] loss=5.0821 cls=0.4118 cme=2.1777 acc=0.9806 cells=158379
[ct_train] rechunked train graphs (seed=112)

=== Epoch 112/1000 ===
[train] loss=5.0754 cls=0.4104 cme=2.1753 acc=0.9805 cells=158379
[val]   loss=5.1788 eval=2.6361 cls=0.4148 cme=2.2212 acc=0.9740 cells=118036
[ct_train] early_stopping: no improve on val/eval_loss for 6/45 val checks
[ct_train] rechunked train graphs (seed=113)

=== Epoch 113/1000 ===
[train] loss=5.0762 cls=0.4105 cme=2.1756 acc=0.9807 cells=158379
[ct_train] rechunked train graphs (seed=114)

=== Epoch 114/1000 ===
[train] loss=5.0745 cls=0.4105 cme=2.1748 acc=0.9806 cells=158379
[val]   loss=5.1616 eval=2.6279 cls=0.4146 cme=2.2134 acc=0.9740 cells=118036
[ct_train] early_stopping: no improve on val/eval_loss for 7/45 val checks
[ct_train] rechunked train graphs (seed=115)

=== Epoch 115/1000 ===
[train] loss=5.0712 cls=0.4097 cme=2.1737 acc=0.9812 cells=158379
[ct_train] rechunked train graphs (seed=116)

=== Epoch 116/1000 ===
[train] loss=5.0807 cls=0.4106 cme=2.1776 acc=0.9807 cells=158379
[val]   loss=5.1588 eval=2.6271 cls=0.4160 cme=2.2111 acc=0.9736 cells=118036
[ct_train] early_stopping: no improve on val/eval_loss for 8/45 val checks
[ct_train] rechunked train graphs (seed=117)

=== Epoch 117/1000 ===
[train] loss=5.0723 cls=0.4097 cme=2.1741 acc=0.9810 cells=158379
[ct_train] rechunked train graphs (seed=118)

=== Epoch 118/1000 ===
[train] loss=5.0650 cls=0.4090 cme=2.1710 acc=0.9811 cells=158379
[val]   loss=5.1522 eval=2.6230 cls=0.4137 cme=2.2093 acc=0.9743 cells=118036
[ct_train] saved best checkpoint (val_eval_loss=2.6230 val_acc=0.9743)
[ct_train] rechunked train graphs (seed=119)

=== Epoch 119/1000 ===
[train] loss=5.0614 cls=0.4086 cme=2.1697 acc=0.9812 cells=158379
[ct_train] rechunked train graphs (seed=120)

=== Epoch 120/1000 ===
[train] loss=5.0720 cls=0.4091 cme=2.1743 acc=0.9810 cells=158379
[val]   loss=5.1570 eval=2.6255 cls=0.4145 cme=2.2110 acc=0.9744 cells=118036
[ct_train] early_stopping: no improve on val/eval_loss for 1/45 val checks
[ct_train] rechunked train graphs (seed=121)

=== Epoch 121/1000 ===
[train] loss=5.0614 cls=0.4081 cme=2.1698 acc=0.9815 cells=158379
[ct_train] rechunked train graphs (seed=122)

=== Epoch 122/1000 ===
[train] loss=5.0597 cls=0.4080 cme=2.1691 acc=0.9817 cells=158379
[val]   loss=5.1530 eval=2.6232 cls=0.4137 cme=2.2095 acc=0.9744 cells=118036
[ct_train] early_stopping: no improve on val/eval_loss for 2/45 val checks
[ct_train] rechunked train graphs (seed=123)

=== Epoch 123/1000 ===
[train] loss=5.0694 cls=0.4081 cme=2.1735 acc=0.9814 cells=158379
[ct_train] rechunked train graphs (seed=124)

=== Epoch 124/1000 ===
[train] loss=5.0695 cls=0.4077 cme=2.1737 acc=0.9816 cells=158379
[val]   loss=5.1579 eval=2.6255 cls=0.4137 cme=2.2118 acc=0.9748 cells=118036
[ct_train] early_stopping: no improve on val/eval_loss for 3/45 val checks
[ct_train] rechunked train graphs (seed=125)

=== Epoch 125/1000 ===
[train] loss=5.0800 cls=0.4097 cme=2.1777 acc=0.9813 cells=158379
[ct_train] rechunked train graphs (seed=126)

=== Epoch 126/1000 ===
[train] loss=5.0687 cls=0.4075 cme=2.1735 acc=0.9815 cells=158379
[val]   loss=5.1529 eval=2.6227 cls=0.4128 cme=2.2100 acc=0.9747 cells=118036
[ct_train] saved best checkpoint (val_eval_loss=2.6227 val_acc=0.9748)
[ct_train] early_stopping: no improve on val/eval_loss for 4/45 val checks
[ct_train] rechunked train graphs (seed=127)

=== Epoch 127/1000 ===
[train] loss=5.0680 cls=0.4072 cme=2.1733 acc=0.9818 cells=158379
[ct_train] rechunked train graphs (seed=128)

=== Epoch 128/1000 ===
[train] loss=5.0515 cls=0.4070 cme=2.1658 acc=0.9820 cells=158379
[val]   loss=5.1624 eval=2.6276 cls=0.4135 cme=2.2140 acc=0.9749 cells=118036
[ct_train] early_stopping: no improve on val/eval_loss for 5/45 val checks
[ct_train] rechunked train graphs (seed=129)

=== Epoch 129/1000 ===
[train] loss=5.0576 cls=0.4058 cme=2.1691 acc=0.9822 cells=158379
[ct_train] rechunked train graphs (seed=130)

=== Epoch 130/1000 ===
[train] loss=5.0614 cls=0.4061 cme=2.1708 acc=0.9821 cells=158379
[val]   loss=5.1582 eval=2.6260 cls=0.4139 cme=2.2120 acc=0.9749 cells=118036
[ct_train] early_stopping: no improve on val/eval_loss for 6/45 val checks
[ct_train] rechunked train graphs (seed=131)

=== Epoch 131/1000 ===
[train] loss=5.0606 cls=0.4062 cme=2.1703 acc=0.9819 cells=158379
[ct_train] rechunked train graphs (seed=132)

=== Epoch 132/1000 ===
[train] loss=5.0712 cls=0.4060 cme=2.1754 acc=0.9825 cells=158379
[val]   loss=5.1629 eval=2.6282 cls=0.4142 cme=2.2140 acc=0.9747 cells=118036
[ct_train] early_stopping: no improve on val/eval_loss for 7/45 val checks
[ct_train] rechunked train graphs (seed=133)

=== Epoch 133/1000 ===
[train] loss=5.0542 cls=0.4058 cme=2.1676 acc=0.9822 cells=158379
[ct_train] rechunked train graphs (seed=134)

=== Epoch 134/1000 ===
[train] loss=5.0536 cls=0.4044 cme=2.1680 acc=0.9825 cells=158379
[val]   loss=5.1611 eval=2.6271 cls=0.4136 cme=2.2135 acc=0.9747 cells=118036
[ct_train] early_stopping: no improve on val/eval_loss for 8/45 val checks
[ct_train] rechunked train graphs (seed=135)

=== Epoch 135/1000 ===
[train] loss=5.0623 cls=0.4051 cme=2.1716 acc=0.9824 cells=158379
[ct_train] rechunked train graphs (seed=136)

=== Epoch 136/1000 ===
[train] loss=5.0447 cls=0.4045 cme=2.1638 acc=0.9824 cells=158379
[val]   loss=5.1476 eval=2.6205 cls=0.4134 cme=2.2071 acc=0.9747 cells=118036
[ct_train] saved best checkpoint (val_eval_loss=2.6205 val_acc=0.9749)
[ct_train] rechunked train graphs (seed=137)

=== Epoch 137/1000 ===
[train] loss=5.0456 cls=0.4040 cme=2.1644 acc=0.9826 cells=158379
[ct_train] rechunked train graphs (seed=138)

=== Epoch 138/1000 ===
[train] loss=5.0588 cls=0.4046 cme=2.1702 acc=0.9823 cells=158379
[val]   loss=5.1655 eval=2.6308 cls=0.4168 cme=2.2140 acc=0.9739 cells=118036
[ct_train] early_stopping: no improve on val/eval_loss for 1/45 val checks
[ct_train] rechunked train graphs (seed=139)

=== Epoch 139/1000 ===
[train] loss=5.0631 cls=0.4052 cme=2.1720 acc=0.9824 cells=158379
[ct_train] rechunked train graphs (seed=140)

=== Epoch 140/1000 ===
[train] loss=5.0500 cls=0.4037 cme=2.1665 acc=0.9828 cells=158379
[val]   loss=5.1580 eval=2.6257 cls=0.4139 cme=2.2117 acc=0.9749 cells=118036
[ct_train] early_stopping: no improve on val/eval_loss for 2/45 val checks
[ct_train] rechunked train graphs (seed=141)

=== Epoch 141/1000 ===
[train] loss=5.0416 cls=0.4028 cme=2.1631 acc=0.9830 cells=158379
[ct_train] rechunked train graphs (seed=142)

=== Epoch 142/1000 ===
[train] loss=5.0539 cls=0.4030 cme=2.1687 acc=0.9834 cells=158379
[val]   loss=5.1478 eval=2.6212 cls=0.4142 cme=2.2070 acc=0.9748 cells=118036
[ct_train] early_stopping: no improve on val/eval_loss for 3/45 val checks
[ct_train] rechunked train graphs (seed=143)

=== Epoch 143/1000 ===
[train] loss=5.0450 cls=0.4022 cme=2.1650 acc=0.9832 cells=158379
[ct_train] rechunked train graphs (seed=144)

=== Epoch 144/1000 ===
[train] loss=5.0369 cls=0.4024 cme=2.1611 acc=0.9834 cells=158379
[val]   loss=5.1576 eval=2.6258 cls=0.4148 cme=2.2110 acc=0.9748 cells=118036
[ct_train] early_stopping: no improve on val/eval_loss for 4/45 val checks
[ct_train] rechunked train graphs (seed=145)

=== Epoch 145/1000 ===
[train] loss=5.0421 cls=0.4033 cme=2.1631 acc=0.9827 cells=158379
[ct_train] rechunked train graphs (seed=146)

=== Epoch 146/1000 ===
[train] loss=5.0511 cls=0.4024 cme=2.1677 acc=0.9830 cells=158379
[val]   loss=5.1489 eval=2.6210 cls=0.4127 cme=2.2083 acc=0.9748 cells=118036
[ct_train] early_stopping: no improve on val/eval_loss for 5/45 val checks
[ct_train] rechunked train graphs (seed=147)

=== Epoch 147/1000 ===
[train] loss=5.0450 cls=0.4030 cme=2.1646 acc=0.9830 cells=158379
[ct_train] rechunked train graphs (seed=148)

=== Epoch 148/1000 ===
[train] loss=5.0422 cls=0.4024 cme=2.1635 acc=0.9831 cells=158379
[val]   loss=5.1602 eval=2.6271 cls=0.4145 cme=2.2126 acc=0.9748 cells=118036
[ct_train] early_stopping: no improve on val/eval_loss for 6/45 val checks
[ct_train] rechunked train graphs (seed=149)

=== Epoch 149/1000 ===
[train] loss=5.0432 cls=0.4027 cme=2.1640 acc=0.9831 cells=158379
[ct_train] rechunked train graphs (seed=150)

=== Epoch 150/1000 ===
[train] loss=5.0472 cls=0.4014 cme=2.1664 acc=0.9835 cells=158379
[val]   loss=5.1535 eval=2.6234 cls=0.4134 cme=2.2100 acc=0.9750 cells=118036
[ct_train] early_stopping: no improve on val/eval_loss for 7/45 val checks
[ct_train] rechunked train graphs (seed=151)

=== Epoch 151/1000 ===
[train] loss=5.0330 cls=0.4011 cme=2.1599 acc=0.9839 cells=158379
[ct_train] rechunked train graphs (seed=152)

=== Epoch 152/1000 ===
[train] loss=5.0350 cls=0.4008 cme=2.1610 acc=0.9836 cells=158379
[val]   loss=5.1604 eval=2.6271 cls=0.4144 cme=2.2127 acc=0.9747 cells=118036
[ct_train] early_stopping: no improve on val/eval_loss for 8/45 val checks
[ct_train] rechunked train graphs (seed=153)

=== Epoch 153/1000 ===
[train] loss=5.0205 cls=0.4002 cme=2.1546 acc=0.9837 cells=158379
[ct_train] rechunked train graphs (seed=154)

=== Epoch 154/1000 ===
[train] loss=5.0345 cls=0.4002 cme=2.1610 acc=0.9840 cells=158379
[val]   loss=5.1780 eval=2.6348 cls=0.4134 cme=2.2214 acc=0.9751 cells=118036
[ct_train] early_stopping: no improve on val/eval_loss for 9/45 val checks
[ct_train] rechunked train graphs (seed=155)

=== Epoch 155/1000 ===
[train] loss=5.0234 cls=0.3990 cme=2.1565 acc=0.9840 cells=158379
[ct_train] rechunked train graphs (seed=156)

=== Epoch 156/1000 ===
[train] loss=5.0260 cls=0.3984 cme=2.1579 acc=0.9845 cells=158379
[val]   loss=5.1584 eval=2.6255 cls=0.4127 cme=2.2128 acc=0.9754 cells=118036
[ct_train] early_stopping: no improve on val/eval_loss for 10/45 val checks
[ct_train] rechunked train graphs (seed=157)

=== Epoch 157/1000 ===
[train] loss=5.0376 cls=0.4004 cme=2.1624 acc=0.9840 cells=158379
[ct_train] rechunked train graphs (seed=158)

=== Epoch 158/1000 ===
[train] loss=5.0296 cls=0.3985 cme=2.1596 acc=0.9841 cells=158379
[val]   loss=5.1470 eval=2.6208 cls=0.4138 cme=2.2070 acc=0.9751 cells=118036
[ct_train] early_stopping: no improve on val/eval_loss for 11/45 val checks
[ct_train] rechunked train graphs (seed=159)

=== Epoch 159/1000 ===
[train] loss=5.0308 cls=0.3993 cme=2.1597 acc=0.9842 cells=158379
[ct_train] rechunked train graphs (seed=160)

=== Epoch 160/1000 ===
[train] loss=5.0303 cls=0.3987 cme=2.1598 acc=0.9842 cells=158379
[val]   loss=5.1538 eval=2.6233 cls=0.4125 cme=2.2108 acc=0.9752 cells=118036
[ct_train] early_stopping: no improve on val/eval_loss for 12/45 val checks
[ct_train] rechunked train graphs (seed=161)

=== Epoch 161/1000 ===
[train] loss=5.0342 cls=0.3989 cme=2.1615 acc=0.9843 cells=158379
[ct_train] rechunked train graphs (seed=162)

=== Epoch 162/1000 ===
[train] loss=5.0225 cls=0.3978 cme=2.1566 acc=0.9846 cells=158379
[val]   loss=5.1569 eval=2.6255 cls=0.4146 cme=2.2109 acc=0.9748 cells=118036
[ct_train] early_stopping: no improve on val/eval_loss for 13/45 val checks
[ct_train] rechunked train graphs (seed=163)

=== Epoch 163/1000 ===
[train] loss=5.0233 cls=0.3976 cme=2.1570 acc=0.9847 cells=158379
[ct_train] rechunked train graphs (seed=164)

=== Epoch 164/1000 ===
[train] loss=5.0281 cls=0.3982 cme=2.1590 acc=0.9847 cells=158379
[val]   loss=5.1446 eval=2.6198 cls=0.4144 cme=2.2054 acc=0.9749 cells=118036
[ct_train] saved best checkpoint (val_eval_loss=2.6198 val_acc=0.9754)
[ct_train] rechunked train graphs (seed=165)

=== Epoch 165/1000 ===
[train] loss=5.0287 cls=0.3982 cme=2.1593 acc=0.9846 cells=158379
[ct_train] rechunked train graphs (seed=166)

=== Epoch 166/1000 ===
[train] loss=5.0203 cls=0.3970 cme=2.1560 acc=0.9853 cells=158379
[val]   loss=5.1496 eval=2.6219 cls=0.4137 cme=2.2082 acc=0.9752 cells=118036
[ct_train] early_stopping: no improve on val/eval_loss for 1/45 val checks
[ct_train] rechunked train graphs (seed=167)

=== Epoch 167/1000 ===
[train] loss=5.0161 cls=0.3967 cme=2.1542 acc=0.9851 cells=158379
[ct_train] rechunked train graphs (seed=168)

=== Epoch 168/1000 ===
[train] loss=5.0197 cls=0.3971 cme=2.1556 acc=0.9848 cells=158379
[val]   loss=5.1553 eval=2.6255 cls=0.4156 cme=2.2099 acc=0.9744 cells=118036
[ct_train] early_stopping: no improve on val/eval_loss for 2/45 val checks
[ct_train] rechunked train graphs (seed=169)

=== Epoch 169/1000 ===
[train] loss=5.0282 cls=0.3966 cme=2.1598 acc=0.9850 cells=158379
[ct_train] rechunked train graphs (seed=170)

=== Epoch 170/1000 ===
[train] loss=5.0299 cls=0.3979 cme=2.1600 acc=0.9851 cells=158379
[val]   loss=5.1608 eval=2.6269 cls=0.4138 cme=2.2132 acc=0.9748 cells=118036
[ct_train] early_stopping: no improve on val/eval_loss for 3/45 val checks
[ct_train] rechunked train graphs (seed=171)

=== Epoch 171/1000 ===
[train] loss=5.0238 cls=0.3958 cme=2.1581 acc=0.9853 cells=158379
[ct_train] rechunked train graphs (seed=172)

=== Epoch 172/1000 ===
[train] loss=5.0166 cls=0.3959 cme=2.1548 acc=0.9855 cells=158379
[val]   loss=5.1562 eval=2.6242 cls=0.4126 cme=2.2116 acc=0.9754 cells=118036
[ct_train] early_stopping: no improve on val/eval_loss for 4/45 val checks
[ct_train] rechunked train graphs (seed=173)

=== Epoch 173/1000 ===
[train] loss=5.0148 cls=0.3953 cme=2.1541 acc=0.9857 cells=158379
[ct_train] rechunked train graphs (seed=174)

=== Epoch 174/1000 ===
[train] loss=5.0145 cls=0.3955 cme=2.1540 acc=0.9856 cells=158379
[val]   loss=5.1462 eval=2.6207 cls=0.4148 cme=2.2059 acc=0.9747 cells=118036
[ct_train] early_stopping: no improve on val/eval_loss for 5/45 val checks
[ct_train] rechunked train graphs (seed=175)

=== Epoch 175/1000 ===
[train] loss=5.0107 cls=0.3948 cme=2.1525 acc=0.9859 cells=158379
[ct_train] rechunked train graphs (seed=176)

=== Epoch 176/1000 ===
[train] loss=5.0145 cls=0.3954 cme=2.1540 acc=0.9855 cells=158379
[val]   loss=5.1480 eval=2.6206 cls=0.4128 cme=2.2078 acc=0.9753 cells=118036
[ct_train] early_stopping: no improve on val/eval_loss for 6/45 val checks
[ct_train] rechunked train graphs (seed=177)

=== Epoch 177/1000 ===
[train] loss=5.0270 cls=0.3954 cme=2.1598 acc=0.9858 cells=158379
[ct_train] rechunked train graphs (seed=178)

=== Epoch 178/1000 ===
[train] loss=5.0202 cls=0.3949 cme=2.1569 acc=0.9856 cells=158379
[val]   loss=5.1631 eval=2.6282 cls=0.4138 cme=2.2143 acc=0.9755 cells=118036
[ct_train] early_stopping: no improve on val/eval_loss for 7/45 val checks
[ct_train] rechunked train graphs (seed=179)

=== Epoch 179/1000 ===
[train] loss=5.0118 cls=0.3943 cme=2.1534 acc=0.9859 cells=158379
[ct_train] rechunked train graphs (seed=180)

=== Epoch 180/1000 ===
[train] loss=5.0059 cls=0.3943 cme=2.1505 acc=0.9859 cells=158379
[val]   loss=5.1524 eval=2.6241 cls=0.4155 cme=2.2086 acc=0.9749 cells=118036
[ct_train] early_stopping: no improve on val/eval_loss for 8/45 val checks
[ct_train] rechunked train graphs (seed=181)

=== Epoch 181/1000 ===
[train] loss=5.0222 cls=0.3948 cme=2.1579 acc=0.9860 cells=158379
[ct_train] rechunked train graphs (seed=182)

=== Epoch 182/1000 ===
[train] loss=5.0103 cls=0.3941 cme=2.1527 acc=0.9861 cells=158379
[val]   loss=5.1541 eval=2.6242 cls=0.4140 cme=2.2102 acc=0.9753 cells=118036
[ct_train] early_stopping: no improve on val/eval_loss for 9/45 val checks
[ct_train] rechunked train graphs (seed=183)

=== Epoch 183/1000 ===
[train] loss=5.0118 cls=0.3936 cme=2.1536 acc=0.9861 cells=158379
[ct_train] rechunked train graphs (seed=184)

=== Epoch 184/1000 ===
[train] loss=5.0118 cls=0.3942 cme=2.1533 acc=0.9859 cells=158379
[val]   loss=5.1552 eval=2.6247 cls=0.4146 cme=2.2101 acc=0.9754 cells=118036
[ct_train] early_stopping: no improve on val/eval_loss for 10/45 val checks
[ct_train] rechunked train graphs (seed=185)

=== Epoch 185/1000 ===
[train] loss=5.0015 cls=0.3937 cme=2.1488 acc=0.9860 cells=158379
[ct_train] rechunked train graphs (seed=186)

=== Epoch 186/1000 ===
[train] loss=5.0170 cls=0.3932 cme=2.1562 acc=0.9862 cells=158379
[val]   loss=5.1494 eval=2.6214 cls=0.4131 cme=2.2083 acc=0.9757 cells=118036
[ct_train] early_stopping: no improve on val/eval_loss for 11/45 val checks
[ct_train] rechunked train graphs (seed=187)

=== Epoch 187/1000 ===
[train] loss=5.0101 cls=0.3931 cme=2.1531 acc=0.9865 cells=158379
[ct_train] rechunked train graphs (seed=188)

=== Epoch 188/1000 ===
[train] loss=5.0085 cls=0.3937 cme=2.1520 acc=0.9862 cells=158379
[val]   loss=5.1467 eval=2.6208 cls=0.4144 cme=2.2064 acc=0.9753 cells=118036
[ct_train] early_stopping: no improve on val/eval_loss for 12/45 val checks
[ct_train] rechunked train graphs (seed=189)

=== Epoch 189/1000 ===
[train] loss=5.0042 cls=0.3928 cme=2.1504 acc=0.9863 cells=158379
[ct_train] rechunked train graphs (seed=190)

=== Epoch 190/1000 ===
[train] loss=5.0099 cls=0.3923 cme=2.1533 acc=0.9864 cells=158379
[val]   loss=5.1492 eval=2.6223 cls=0.4144 cme=2.2079 acc=0.9749 cells=118036
[ct_train] early_stopping: no improve on val/eval_loss for 13/45 val checks
[ct_train] rechunked train graphs (seed=191)

=== Epoch 191/1000 ===
[train] loss=5.0072 cls=0.3920 cme=2.1523 acc=0.9870 cells=158379
[ct_train] rechunked train graphs (seed=192)

=== Epoch 192/1000 ===
[train] loss=5.0006 cls=0.3917 cme=2.1493 acc=0.9871 cells=158379
[val]   loss=5.1461 eval=2.6215 cls=0.4160 cme=2.2055 acc=0.9749 cells=118036
[ct_train] early_stopping: no improve on val/eval_loss for 14/45 val checks
[ct_train] rechunked train graphs (seed=193)

=== Epoch 193/1000 ===
[train] loss=5.0087 cls=0.3918 cme=2.1530 acc=0.9868 cells=158379
[ct_train] rechunked train graphs (seed=194)

=== Epoch 194/1000 ===
[train] loss=5.0032 cls=0.3935 cme=2.1496 acc=0.9861 cells=158379
[val]   loss=5.1520 eval=2.6241 cls=0.4157 cme=2.2085 acc=0.9750 cells=118036
[ct_train] early_stopping: no improve on val/eval_loss for 15/45 val checks
[ct_train] rechunked train graphs (seed=195)

=== Epoch 195/1000 ===
[train] loss=5.0023 cls=0.3923 cme=2.1498 acc=0.9865 cells=158379
[ct_train] rechunked train graphs (seed=196)

=== Epoch 196/1000 ===
[train] loss=5.0038 cls=0.3914 cme=2.1509 acc=0.9868 cells=158379
[val]   loss=5.1724 eval=2.6335 cls=0.4153 cme=2.2182 acc=0.9753 cells=118036
[ct_train] early_stopping: no improve on val/eval_loss for 16/45 val checks
[ct_train] rechunked train graphs (seed=197)

=== Epoch 197/1000 ===
[train] loss=5.0101 cls=0.3924 cme=2.1533 acc=0.9866 cells=158379
[ct_train] rechunked train graphs (seed=198)

=== Epoch 198/1000 ===
[train] loss=4.9980 cls=0.3913 cme=2.1483 acc=0.9871 cells=158379
[val]   loss=5.1563 eval=2.6261 cls=0.4160 cme=2.2101 acc=0.9751 cells=118036
[ct_train] early_stopping: no improve on val/eval_loss for 17/45 val checks
[ct_train] rechunked train graphs (seed=199)

=== Epoch 199/1000 ===
[train] loss=5.0003 cls=0.3899 cme=2.1500 acc=0.9875 cells=158379
[ct_train] rechunked train graphs (seed=200)

=== Epoch 200/1000 ===
[train] loss=4.9948 cls=0.3910 cme=2.1470 acc=0.9870 cells=158379
[val]   loss=5.1674 eval=2.6311 cls=0.4158 cme=2.2153 acc=0.9751 cells=118036
[ct_train] early_stopping: no improve on val/eval_loss for 18/45 val checks
[ct_train] rechunked train graphs (seed=201)

=== Epoch 201/1000 ===
[train] loss=5.0107 cls=0.3913 cme=2.1541 acc=0.9869 cells=158379
[ct_train] rechunked train graphs (seed=202)

=== Epoch 202/1000 ===
[train] loss=4.9939 cls=0.3902 cme=2.1469 acc=0.9875 cells=158379
[val]   loss=5.1486 eval=2.6228 cls=0.4163 cme=2.2065 acc=0.9753 cells=118036
[ct_train] early_stopping: no improve on val/eval_loss for 19/45 val checks
[ct_train] rechunked train graphs (seed=203)

=== Epoch 203/1000 ===
[train] loss=4.9937 cls=0.3903 cme=2.1468 acc=0.9874 cells=158379
[ct_train] rechunked train graphs (seed=204)

=== Epoch 204/1000 ===
[train] loss=4.9966 cls=0.3898 cme=2.1483 acc=0.9877 cells=158379
[val]   loss=5.1596 eval=2.6279 cls=0.4162 cme=2.2116 acc=0.9750 cells=118036
[ct_train] early_stopping: no improve on val/eval_loss for 20/45 val checks
[ct_train] rechunked train graphs (seed=205)

=== Epoch 205/1000 ===
[train] loss=4.9937 cls=0.3906 cme=2.1467 acc=0.9875 cells=158379
[ct_train] rechunked train graphs (seed=206)

=== Epoch 206/1000 ===
[train] loss=4.9836 cls=0.3895 cme=2.1425 acc=0.9877 cells=158379
[val]   loss=5.1592 eval=2.6268 cls=0.4148 cme=2.2120 acc=0.9757 cells=118036
[ct_train] early_stopping: no improve on val/eval_loss for 21/45 val checks
[ct_train] rechunked train graphs (seed=207)

=== Epoch 207/1000 ===
[train] loss=5.0043 cls=0.3901 cme=2.1518 acc=0.9875 cells=158379
[ct_train] rechunked train graphs (seed=208)

=== Epoch 208/1000 ===
[train] loss=4.9995 cls=0.3885 cme=2.1503 acc=0.9881 cells=158379
[val]   loss=5.1606 eval=2.6279 cls=0.4157 cme=2.2122 acc=0.9754 cells=118036
[ct_train] early_stopping: no improve on val/eval_loss for 22/45 val checks
[ct_train] rechunked train graphs (seed=209)

=== Epoch 209/1000 ===
[train] loss=4.9975 cls=0.3890 cme=2.1491 acc=0.9878 cells=158379
[ct_train] rechunked train graphs (seed=210)

=== Epoch 210/1000 ===
[train] loss=4.9857 cls=0.3888 cme=2.1438 acc=0.9879 cells=158379
[val]   loss=5.1594 eval=2.6272 cls=0.4150 cme=2.2122 acc=0.9755 cells=118036
[ct_train] early_stopping: no improve on val/eval_loss for 23/45 val checks
[ct_train] rechunked train graphs (seed=211)

=== Epoch 211/1000 ===
[train] loss=4.9987 cls=0.3880 cme=2.1501 acc=0.9881 cells=158379
[ct_train] rechunked train graphs (seed=212)

=== Epoch 212/1000 ===
[train] loss=4.9900 cls=0.3882 cme=2.1461 acc=0.9880 cells=158379
[val]   loss=5.1557 eval=2.6258 cls=0.4160 cme=2.2099 acc=0.9751 cells=118036
[ct_train] early_stopping: no improve on val/eval_loss for 24/45 val checks
[ct_train] rechunked train graphs (seed=213)

=== Epoch 213/1000 ===
[train] loss=4.9800 cls=0.3877 cme=2.1417 acc=0.9883 cells=158379
[ct_train] rechunked train graphs (seed=214)

=== Epoch 214/1000 ===
[train] loss=4.9920 cls=0.3878 cme=2.1471 acc=0.9884 cells=158379
[val]   loss=5.1526 eval=2.6248 cls=0.4169 cme=2.2079 acc=0.9751 cells=118036
[ct_train] early_stopping: no improve on val/eval_loss for 25/45 val checks
[ct_train] rechunked train graphs (seed=215)

=== Epoch 215/1000 ===
[train] loss=4.9900 cls=0.3890 cme=2.1456 acc=0.9876 cells=158379
[ct_train] rechunked train graphs (seed=216)

=== Epoch 216/1000 ===
[train] loss=4.9913 cls=0.3877 cme=2.1469 acc=0.9884 cells=158379
[val]   loss=5.1536 eval=2.6250 cls=0.4160 cme=2.2090 acc=0.9752 cells=118036
[ct_train] early_stopping: no improve on val/eval_loss for 26/45 val checks
[ct_train] rechunked train graphs (seed=217)

=== Epoch 217/1000 ===
[train] loss=4.9888 cls=0.3875 cme=2.1458 acc=0.9883 cells=158379
[ct_train] rechunked train graphs (seed=218)

=== Epoch 218/1000 ===
[train] loss=4.9977 cls=0.3879 cme=2.1497 acc=0.9885 cells=158379
[val]   loss=5.1537 eval=2.6255 cls=0.4169 cme=2.2086 acc=0.9754 cells=118036
[ct_train] early_stopping: no improve on val/eval_loss for 27/45 val checks
[ct_train] rechunked train graphs (seed=219)

=== Epoch 219/1000 ===
[train] loss=4.9917 cls=0.3872 cme=2.1473 acc=0.9885 cells=158379
[ct_train] rechunked train graphs (seed=220)

=== Epoch 220/1000 ===
[train] loss=4.9862 cls=0.3880 cme=2.1443 acc=0.9882 cells=158379
[val]   loss=5.1663 eval=2.6323 cls=0.4187 cme=2.2137 acc=0.9749 cells=118036
[ct_train] early_stopping: no improve on val/eval_loss for 28/45 val checks
[ct_train] rechunked train graphs (seed=221)

=== Epoch 221/1000 ===
[train] loss=4.9803 cls=0.3873 cme=2.1420 acc=0.9885 cells=158379
[ct_train] rechunked train graphs (seed=222)

=== Epoch 222/1000 ===
[train] loss=4.9893 cls=0.3882 cme=2.1457 acc=0.9881 cells=158379
[val]   loss=5.1828 eval=2.6400 cls=0.4180 cme=2.2220 acc=0.9747 cells=118036
[ct_train] early_stopping: no improve on val/eval_loss for 29/45 val checks
[ct_train] rechunked train graphs (seed=223)

=== Epoch 223/1000 ===
[train] loss=4.9961 cls=0.3873 cme=2.1494 acc=0.9884 cells=158379
[ct_train] rechunked train graphs (seed=224)

=== Epoch 224/1000 ===
[train] loss=4.9838 cls=0.3864 cme=2.1440 acc=0.9886 cells=158379
[val]   loss=5.1567 eval=2.6270 cls=0.4168 cme=2.2102 acc=0.9751 cells=118036
[ct_train] early_stopping: no improve on val/eval_loss for 30/45 val checks
[ct_train] rechunked train graphs (seed=225)

=== Epoch 225/1000 ===
[train] loss=4.9755 cls=0.3862 cme=2.1402 acc=0.9888 cells=158379
[ct_train] rechunked train graphs (seed=226)

=== Epoch 226/1000 ===
[train] loss=4.9970 cls=0.3864 cme=2.1502 acc=0.9890 cells=158379
[val]   loss=5.1594 eval=2.6283 cls=0.4172 cme=2.2111 acc=0.9751 cells=118036
[ct_train] early_stopping: no improve on val/eval_loss for 31/45 val checks
[ct_train] rechunked train graphs (seed=227)

=== Epoch 227/1000 ===
[train] loss=4.9783 cls=0.3863 cme=2.1415 acc=0.9887 cells=158379
[ct_train] rechunked train graphs (seed=228)

=== Epoch 228/1000 ===
[train] loss=4.9787 cls=0.3874 cme=2.1411 acc=0.9882 cells=158379
[val]   loss=5.1617 eval=2.6300 cls=0.4186 cme=2.2114 acc=0.9749 cells=118036
[ct_train] early_stopping: no improve on val/eval_loss for 32/45 val checks
[ct_train] rechunked train graphs (seed=229)

=== Epoch 229/1000 ===
[train] loss=4.9744 cls=0.3865 cme=2.1396 acc=0.9883 cells=158379
[ct_train] rechunked train graphs (seed=230)

=== Epoch 230/1000 ===
[train] loss=4.9806 cls=0.3860 cme=2.1426 acc=0.9888 cells=158379
[val]   loss=5.1664 eval=2.6325 cls=0.4187 cme=2.2138 acc=0.9748 cells=118036
[ct_train] early_stopping: no improve on val/eval_loss for 33/45 val checks
[ct_train] rechunked train graphs (seed=231)

=== Epoch 231/1000 ===
[train] loss=4.9773 cls=0.3848 cme=2.1417 acc=0.9895 cells=158379
[ct_train] rechunked train graphs (seed=232)

=== Epoch 232/1000 ===
[train] loss=4.9811 cls=0.3851 cme=2.1434 acc=0.9893 cells=158379
[val]   loss=5.1594 eval=2.6292 cls=0.4187 cme=2.2105 acc=0.9750 cells=118036
[ct_train] early_stopping: no improve on val/eval_loss for 34/45 val checks
[ct_train] rechunked train graphs (seed=233)

=== Epoch 233/1000 ===
[train] loss=4.9908 cls=0.3853 cme=2.1477 acc=0.9894 cells=158379
[ct_train] rechunked train graphs (seed=234)

=== Epoch 234/1000 ===
[train] loss=4.9644 cls=0.3839 cme=2.1362 acc=0.9898 cells=158379
[val]   loss=5.1630 eval=2.6302 cls=0.4176 cme=2.2126 acc=0.9749 cells=118036
[ct_train] early_stopping: no improve on val/eval_loss for 35/45 val checks
[ct_train] rechunked train graphs (seed=235)

=== Epoch 235/1000 ===
[train] loss=4.9643 cls=0.3839 cme=2.1361 acc=0.9897 cells=158379
[ct_train] rechunked train graphs (seed=236)

=== Epoch 236/1000 ===
[train] loss=4.9719 cls=0.3845 cme=2.1395 acc=0.9889 cells=158379
[val]   loss=5.1668 eval=2.6322 cls=0.4179 cme=2.2143 acc=0.9751 cells=118036
[ct_train] early_stopping: no improve on val/eval_loss for 36/45 val checks
[ct_train] rechunked train graphs (seed=237)

=== Epoch 237/1000 ===
[train] loss=4.9849 cls=0.3853 cme=2.1450 acc=0.9891 cells=158379
[ct_train] rechunked train graphs (seed=238)

=== Epoch 238/1000 ===
[train] loss=4.9780 cls=0.3834 cme=2.1427 acc=0.9898 cells=158379
[val]   loss=5.1631 eval=2.6308 cls=0.4185 cme=2.2123 acc=0.9753 cells=118036
[ct_train] early_stopping: no improve on val/eval_loss for 37/45 val checks
[ct_train] rechunked train graphs (seed=239)

=== Epoch 239/1000 ===
[train] loss=4.9741 cls=0.3835 cme=2.1408 acc=0.9900 cells=158379
[ct_train] rechunked train graphs (seed=240)

=== Epoch 240/1000 ===
[train] loss=4.9728 cls=0.3828 cme=2.1406 acc=0.9900 cells=158379
[val]   loss=5.1695 eval=2.6340 cls=0.4190 cme=2.2151 acc=0.9745 cells=118036
[ct_train] early_stopping: no improve on val/eval_loss for 38/45 val checks
[ct_train] rechunked train graphs (seed=241)

=== Epoch 241/1000 ===
[train] loss=4.9639 cls=0.3831 cme=2.1363 acc=0.9898 cells=158379
[ct_train] rechunked train graphs (seed=242)

=== Epoch 242/1000 ===
[train] loss=4.9665 cls=0.3834 cme=2.1373 acc=0.9898 cells=158379
[val]   loss=5.1669 eval=2.6337 cls=0.4212 cme=2.2125 acc=0.9743 cells=118036
[ct_train] early_stopping: no improve on val/eval_loss for 39/45 val checks
[ct_train] rechunked train graphs (seed=243)

=== Epoch 243/1000 ===
[train] loss=4.9778 cls=0.3832 cme=2.1427 acc=0.9900 cells=158379
[ct_train] rechunked train graphs (seed=244)

=== Epoch 244/1000 ===
[train] loss=4.9771 cls=0.3832 cme=2.1424 acc=0.9901 cells=158379
[val]   loss=5.1864 eval=2.6419 cls=0.4189 cme=2.2230 acc=0.9753 cells=118036
[ct_train] early_stopping: no improve on val/eval_loss for 40/45 val checks
[ct_train] rechunked train graphs (seed=245)

=== Epoch 245/1000 ===
[train] loss=4.9619 cls=0.3826 cme=2.1356 acc=0.9904 cells=158379
[ct_train] rechunked train graphs (seed=246)

=== Epoch 246/1000 ===
[train] loss=4.9579 cls=0.3827 cme=2.1337 acc=0.9899 cells=158379
[val]   loss=5.1644 eval=2.6311 cls=0.4178 cme=2.2133 acc=0.9755 cells=118036
[ct_train] early_stopping: no improve on val/eval_loss for 41/45 val checks
[ct_train] rechunked train graphs (seed=247)

=== Epoch 247/1000 ===
[train] loss=4.9672 cls=0.3834 cme=2.1377 acc=0.9900 cells=158379
[ct_train] rechunked train graphs (seed=248)

=== Epoch 248/1000 ===
[train] loss=4.9553 cls=0.3830 cme=2.1324 acc=0.9898 cells=158379
[val]   loss=5.1687 eval=2.6352 cls=0.4222 cme=2.2130 acc=0.9743 cells=118036
[ct_train] early_stopping: no improve on val/eval_loss for 42/45 val checks
[ct_train] rechunked train graphs (seed=249)

=== Epoch 249/1000 ===
[train] loss=4.9626 cls=0.3830 cme=2.1357 acc=0.9901 cells=158379
[ct_train] rechunked train graphs (seed=250)

=== Epoch 250/1000 ===
[train] loss=4.9638 cls=0.3815 cme=2.1371 acc=0.9907 cells=158379
[val]   loss=5.1715 eval=2.6352 cls=0.4197 cme=2.2155 acc=0.9753 cells=118036
[ct_train] early_stopping: no improve on val/eval_loss for 43/45 val checks
[ct_train] rechunked train graphs (seed=251)

=== Epoch 251/1000 ===
[train] loss=4.9717 cls=0.3820 cme=2.1404 acc=0.9905 cells=158379
[ct_train] rechunked train graphs (seed=252)

=== Epoch 252/1000 ===
[train] loss=4.9678 cls=0.3819 cme=2.1387 acc=0.9906 cells=158379
[val]   loss=5.1691 eval=2.6341 cls=0.4198 cme=2.2143 acc=0.9754 cells=118036
[ct_train] early_stopping: no improve on val/eval_loss for 44/45 val checks
[ct_train] rechunked train graphs (seed=253)

=== Epoch 253/1000 ===
[train] loss=4.9620 cls=0.3824 cme=2.1358 acc=0.9902 cells=158379
[ct_train] rechunked train graphs (seed=254)

=== Epoch 254/1000 ===
[train] loss=4.9545 cls=0.3821 cme=2.1325 acc=0.9901 cells=158379
[val]   loss=5.1736 eval=2.6356 cls=0.4187 cme=2.2169 acc=0.9753 cells=118036
[ct_train] early_stopping: no improve on val/eval_loss for 45/45 val checks
[ct_train] early stopping at epoch 254 (patience=45, monitor=val/eval_loss)

[ct_train] done. best_val_acc=0.9757  best_val_eval_loss=2.6198  checkpoints=/home/abel/code/Tissue-Reassembly-using-GenAI-and-new-metrics/exploration/cell_types/outputs/exp080_seed7  logs=/home/abel/code/Tissue-Reassembly-using-GenAI-and-new-metrics/exploration/cell_types/logs/exp080_seed7/20260808_005221
wandb: updating run metadata
wandb: uploading output.log; uploading wandb-summary.json; uploading config.yaml
wandb: 
wandb: Run summary:
wandb:                      best_epoch 164
wandb:                    best_val_acc 0.97566
wandb:              best_val_eval_loss 2.61979
wandb:                           epoch 254
wandb:                              lr 0.00018
wandb:           model/parameter_count 1305308
wandb: model/trainable_parameter_count 1305308
wandb:                       train/acc 0.99013
wandb:       train/acc_per_class/Astro 0.99436
wandb:        train/acc_per_class/Endo 0.98746
wandb:                             +54 ...
wandb: 
wandb:  View run exp080_seed7 at: https://wandb.ai/abel-salmona-polytechnique-montr-al/cell_types/runs/uqt9c1pv
wandb:  View project at: https://wandb.ai/abel-salmona-polytechnique-montr-al/cell_types
wandb: Synced 5 W&B file(s), 1 media file(s), 2 artifact file(s) and 1 other file(s)
wandb: Find logs at: ./exploration/cell_types/logs/exp080_seed7/20260808_005221/wandb/run-20260808_005229-uqt9c1pv/logs
