[ct_train] config=exploration/cell_types/experiments/configs/exp138_ls006_aux018.json
[ct_train] device=cuda  checkpoints=/home/abel/code/Tissue-Reassembly-using-GenAI-and-new-metrics/exploration/cell_types/outputs/exp138_ls006_aux018
[ct_train] logs=/home/abel/code/Tissue-Reassembly-using-GenAI-and-new-metrics/exploration/cell_types/logs/exp138_ls006_aux018/20260808_065432
[ct_train] Loading data …
[DataModule] Reading '/home/abel/biodata/MERFISH_LUNA_small_cortex/MERFISH_mouse_cortex_train.csv' (split=train) with float32 dtype on 254 gene cols + coord cols …
[DataModule] Loaded 158,379 rows for split=train.
[DataModule] Reading '/home/abel/biodata/MERFISH_LUNA_small_cortex/MERFISH_mouse_cortex_test.csv' (split=test) with float32 dtype on 254 gene cols + coord cols …
[DataModule] Loaded 118,036 rows for split=test.
[DataModule] Reading '/home/abel/biodata/MERFISH_LUNA_small_cortex/MERFISH_mouse_cortex_test.csv' (split=validation) with float32 dtype on 254 gene cols + coord cols …
[DataModule] Loaded 118,036 rows for split=validation.
[ct_train] genes=254  classes=23
[ct_train] model predict_cme=True  params=1,305,308
[ct_train] soft CME loaded split=train sigma=96.0 n=158379 C=23
[ct_train] soft CME loaded split=validation sigma=96.0 n=118036 C=23
[ct_train] soft CME loaded split=train sigma=50.0 n=158379 C=23
[ct_train] soft CME loaded split=train sigma=64.0 n=158379 C=23
[ct_train] soft CME loaded split=validation sigma=50.0 n=118036 C=23
[ct_train] soft CME loaded split=validation sigma=64.0 n=118036 C=23
wandb: [wandb.login()] Loaded credentials for https://api.wandb.ai from /home/abel/.netrc.
wandb: Currently logged in as: abel-salmona (abel-salmona-polytechnique-montr-al) to https://api.wandb.ai. Use `wandb login --relogin` to force relogin
wandb: WARNING Using a boolean value for 'reinit' is deprecated. Use 'return_previous' or 'finish_previous' instead.
wandb: setting up run rv7k22hm
wandb: Tracking run with wandb version 0.26.1
wandb: Run data is saved locally in /home/abel/code/Tissue-Reassembly-using-GenAI-and-new-metrics/exploration/cell_types/logs/exp138_ls006_aux018/20260808_065432/wandb/run-20260808_065440-rv7k22hm
wandb: Run `wandb offline` to turn off syncing.
wandb: Syncing run exp138_ls006_aux018
wandb:  View project at https://wandb.ai/abel-salmona-polytechnique-montr-al/cell_types
wandb:  View run at https://wandb.ai/abel-salmona-polytechnique-montr-al/cell_types/runs/rv7k22hm
wandb: WARNING Saving files without folders. If you want to preserve subdirectories pass base_path to wandb.save, i.e. wandb.save("/mnt/folder/file.h5", base_path="/mnt")
wandb: WARNING Symlinked 1 file into the W&B run directory; call wandb.save again to sync new files.
[ct_train] wandb: project=cell_types name=exp138_ls006_aux018 mode=online url=https://wandb.ai/abel-salmona-polytechnique-montr-al/cell_types/runs/rv7k22hm
[ct_train] parameters: total=1,305,308 trainable=1,305,308
  [params] mlp_in_node_features: 26,720
  [params] transformer_layers: 633,600
  [params] type_stage1: 28,320
  [params] env_stage1: 93,056
  [params] type_probe: 2,231
  [params] env_probe: 7,383
  [params] fusion_mlp: 383,008
  [params] type_stage2: 30,551
  [params] env_stage2: 100,439
[ct_train] EMA enabled decay=0.98
[ct_train] rechunked train graphs (seed=1)

=== Epoch 1/1000 ===
[train] loss=8.8207 cls=2.7614 cme=2.7797 acc=0.2343 cells=158379
[ct_train] rechunked train graphs (seed=2)

=== Epoch 2/1000 ===
[train] loss=7.3544 cls=1.8757 cme=2.5160 acc=0.6572 cells=158379
[val]   loss=8.4341 eval=5.2388 cls=2.5362 cme=2.7026 acc=0.4477 cells=118036
[ct_train] saved best checkpoint (val_eval_loss=5.2388 val_acc=0.4477)
[ct_train] rechunked train graphs (seed=3)

=== Epoch 3/1000 ===
[train] loss=6.4807 cls=1.2210 cme=2.4169 acc=0.7899 cells=158379
[ct_train] rechunked train graphs (seed=4)

=== Epoch 4/1000 ===
[train] loss=6.0795 cls=0.9140 cme=2.3742 acc=0.8623 cells=158379
[val]   loss=6.7266 eval=3.8007 cls=1.3376 cme=2.4631 acc=0.8136 cells=118036
[ct_train] saved best checkpoint (val_eval_loss=3.8007 val_acc=0.8136)
[ct_train] rechunked train graphs (seed=5)

=== Epoch 5/1000 ===
[train] loss=5.8615 cls=0.7658 cme=2.3424 acc=0.9059 cells=158379
[ct_train] rechunked train graphs (seed=6)

=== Epoch 6/1000 ===
[train] loss=5.7652 cls=0.6928 cme=2.3319 acc=0.9234 cells=158379
[val]   loss=5.9653 eval=3.1375 cls=0.7672 cme=2.3703 acc=0.9068 cells=118036
[ct_train] saved best checkpoint (val_eval_loss=3.1375 val_acc=0.9068)
[ct_train] rechunked train graphs (seed=7)

=== Epoch 7/1000 ===
[train] loss=5.6708 cls=0.6489 cme=2.3089 acc=0.9341 cells=158379
[ct_train] rechunked train graphs (seed=8)

=== Epoch 8/1000 ===
[train] loss=5.6054 cls=0.6197 cme=2.2924 acc=0.9399 cells=158379
[val]   loss=5.6923 eval=2.9085 cls=0.5816 cme=2.3269 acc=0.9365 cells=118036
[ct_train] saved best checkpoint (val_eval_loss=2.9085 val_acc=0.9365)
[ct_train] rechunked train graphs (seed=9)

=== Epoch 9/1000 ===
[train] loss=5.5886 cls=0.6066 cme=2.2908 acc=0.9438 cells=158379
[ct_train] rechunked train graphs (seed=10)

=== Epoch 10/1000 ===
[train] loss=5.5591 cls=0.5926 cme=2.2838 acc=0.9467 cells=158379
[val]   loss=5.5759 eval=2.8179 cls=0.5161 cme=2.3018 acc=0.9473 cells=118036
[ct_train] saved best checkpoint (val_eval_loss=2.8179 val_acc=0.9473)
[ct_train] rechunked train graphs (seed=11)

=== Epoch 11/1000 ===
[train] loss=5.5182 cls=0.5831 cme=2.2695 acc=0.9491 cells=158379
[ct_train] rechunked train graphs (seed=12)

=== Epoch 12/1000 ===
[train] loss=5.5110 cls=0.5754 cme=2.2697 acc=0.9512 cells=158379
[val]   loss=5.5146 eval=2.7737 cls=0.4881 cme=2.2856 acc=0.9537 cells=118036
[ct_train] saved best checkpoint (val_eval_loss=2.7737 val_acc=0.9537)
[ct_train] rechunked train graphs (seed=13)

=== Epoch 13/1000 ===
[train] loss=5.4953 cls=0.5683 cme=2.2658 acc=0.9532 cells=158379
[ct_train] rechunked train graphs (seed=14)

=== Epoch 14/1000 ===
[train] loss=5.4793 cls=0.5616 cme=2.2615 acc=0.9550 cells=158379
[val]   loss=5.4742 eval=2.7462 cls=0.4724 cme=2.2738 acc=0.9569 cells=118036
[ct_train] saved best checkpoint (val_eval_loss=2.7462 val_acc=0.9569)
[ct_train] rechunked train graphs (seed=15)

=== Epoch 15/1000 ===
[train] loss=5.4589 cls=0.5564 cme=2.2547 acc=0.9560 cells=158379
[ct_train] rechunked train graphs (seed=16)

=== Epoch 16/1000 ===
[train] loss=5.4518 cls=0.5536 cme=2.2527 acc=0.9567 cells=158379
[val]   loss=5.4441 eval=2.7266 cls=0.4621 cme=2.2645 acc=0.9591 cells=118036
[ct_train] saved best checkpoint (val_eval_loss=2.7266 val_acc=0.9591)
[ct_train] rechunked train graphs (seed=17)

=== Epoch 17/1000 ===
[train] loss=5.4352 cls=0.5478 cme=2.2479 acc=0.9578 cells=158379
[ct_train] rechunked train graphs (seed=18)

=== Epoch 18/1000 ===
[train] loss=5.4256 cls=0.5443 cme=2.2451 acc=0.9593 cells=158379
[val]   loss=5.4235 eval=2.7132 cls=0.4550 cme=2.2582 acc=0.9610 cells=118036
[ct_train] saved best checkpoint (val_eval_loss=2.7132 val_acc=0.9610)
[ct_train] rechunked train graphs (seed=19)

=== Epoch 19/1000 ===
[train] loss=5.4241 cls=0.5405 cme=2.2460 acc=0.9603 cells=158379
[ct_train] rechunked train graphs (seed=20)

=== Epoch 20/1000 ===
[train] loss=5.4127 cls=0.5387 cme=2.2416 acc=0.9603 cells=158379
[val]   loss=5.4084 eval=2.7034 cls=0.4497 cme=2.2537 acc=0.9628 cells=118036
[ct_train] saved best checkpoint (val_eval_loss=2.7034 val_acc=0.9628)
[ct_train] rechunked train graphs (seed=21)

=== Epoch 21/1000 ===
[train] loss=5.4112 cls=0.5354 cme=2.2426 acc=0.9614 cells=158379
[ct_train] rechunked train graphs (seed=22)

=== Epoch 22/1000 ===
[train] loss=5.3959 cls=0.5330 cme=2.2367 acc=0.9624 cells=158379
[val]   loss=5.3932 eval=2.6938 cls=0.4450 cme=2.2488 acc=0.9641 cells=118036
[ct_train] saved best checkpoint (val_eval_loss=2.6938 val_acc=0.9641)
[ct_train] rechunked train graphs (seed=23)

=== Epoch 23/1000 ===
[train] loss=5.3848 cls=0.5305 cme=2.2328 acc=0.9632 cells=158379
[ct_train] rechunked train graphs (seed=24)

=== Epoch 24/1000 ===
[train] loss=5.3822 cls=0.5283 cme=2.2324 acc=0.9638 cells=158379
[val]   loss=5.3799 eval=2.6855 cls=0.4410 cme=2.2445 acc=0.9656 cells=118036
[ct_train] saved best checkpoint (val_eval_loss=2.6855 val_acc=0.9656)
[ct_train] rechunked train graphs (seed=25)

=== Epoch 25/1000 ===
[train] loss=5.3821 cls=0.5260 cme=2.2335 acc=0.9641 cells=158379
[ct_train] rechunked train graphs (seed=26)

=== Epoch 26/1000 ===
[train] loss=5.3642 cls=0.5228 cme=2.2269 acc=0.9653 cells=158379
[val]   loss=5.3688 eval=2.6786 cls=0.4376 cme=2.2410 acc=0.9663 cells=118036
[ct_train] saved best checkpoint (val_eval_loss=2.6786 val_acc=0.9663)
[ct_train] rechunked train graphs (seed=27)

=== Epoch 27/1000 ===
[train] loss=5.3572 cls=0.5211 cme=2.2244 acc=0.9653 cells=158379
[ct_train] rechunked train graphs (seed=28)

=== Epoch 28/1000 ===
[train] loss=5.3495 cls=0.5189 cme=2.2219 acc=0.9662 cells=158379
[val]   loss=5.3590 eval=2.6726 cls=0.4348 cme=2.2378 acc=0.9671 cells=118036
[ct_train] saved best checkpoint (val_eval_loss=2.6726 val_acc=0.9671)
[ct_train] rechunked train graphs (seed=29)

=== Epoch 29/1000 ===
[train] loss=5.3485 cls=0.5174 cme=2.2222 acc=0.9664 cells=158379
[ct_train] rechunked train graphs (seed=30)

=== Epoch 30/1000 ===
[train] loss=5.3490 cls=0.5166 cme=2.2229 acc=0.9666 cells=158379
[val]   loss=5.3506 eval=2.6675 cls=0.4324 cme=2.2351 acc=0.9677 cells=118036
[ct_train] saved best checkpoint (val_eval_loss=2.6675 val_acc=0.9677)
[ct_train] rechunked train graphs (seed=31)

=== Epoch 31/1000 ===
[train] loss=5.3432 cls=0.5151 cme=2.2208 acc=0.9669 cells=158379
[ct_train] rechunked train graphs (seed=32)

=== Epoch 32/1000 ===
[train] loss=5.3615 cls=0.5150 cme=2.2292 acc=0.9673 cells=158379
[val]   loss=5.3436 eval=2.6632 cls=0.4304 cme=2.2328 acc=0.9680 cells=118036
[ct_train] saved best checkpoint (val_eval_loss=2.6632 val_acc=0.9680)
[ct_train] rechunked train graphs (seed=33)

=== Epoch 33/1000 ===
[train] loss=5.3383 cls=0.5104 cme=2.2207 acc=0.9681 cells=158379
[ct_train] rechunked train graphs (seed=34)

=== Epoch 34/1000 ===
[train] loss=5.3256 cls=0.5108 cme=2.2148 acc=0.9685 cells=158379
[val]   loss=5.3374 eval=2.6594 cls=0.4285 cme=2.2309 acc=0.9686 cells=118036
[ct_train] saved best checkpoint (val_eval_loss=2.6594 val_acc=0.9686)
[ct_train] rechunked train graphs (seed=35)

=== Epoch 35/1000 ===
[train] loss=5.3322 cls=0.5096 cme=2.2182 acc=0.9687 cells=158379
[ct_train] rechunked train graphs (seed=36)

=== Epoch 36/1000 ===
[train] loss=5.3227 cls=0.5071 cme=2.2151 acc=0.9691 cells=158379
[val]   loss=5.3318 eval=2.6561 cls=0.4271 cme=2.2290 acc=0.9689 cells=118036
[ct_train] saved best checkpoint (val_eval_loss=2.6561 val_acc=0.9689)
[ct_train] rechunked train graphs (seed=37)

=== Epoch 37/1000 ===
[train] loss=5.3189 cls=0.5094 cme=2.2123 acc=0.9686 cells=158379
[ct_train] rechunked train graphs (seed=38)

=== Epoch 38/1000 ===
[train] loss=5.3071 cls=0.5056 cme=2.2088 acc=0.9697 cells=158379
[val]   loss=5.3259 eval=2.6526 cls=0.4255 cme=2.2271 acc=0.9693 cells=118036
[ct_train] saved best checkpoint (val_eval_loss=2.6526 val_acc=0.9693)
[ct_train] rechunked train graphs (seed=39)

=== Epoch 39/1000 ===
[train] loss=5.3151 cls=0.5050 cme=2.2127 acc=0.9699 cells=158379
[ct_train] rechunked train graphs (seed=40)

=== Epoch 40/1000 ===
[train] loss=5.3093 cls=0.5033 cme=2.2108 acc=0.9698 cells=158379
[val]   loss=5.3208 eval=2.6495 cls=0.4241 cme=2.2254 acc=0.9697 cells=118036
[ct_train] saved best checkpoint (val_eval_loss=2.6495 val_acc=0.9697)
[ct_train] rechunked train graphs (seed=41)

=== Epoch 41/1000 ===
[train] loss=5.2967 cls=0.5027 cme=2.2054 acc=0.9702 cells=158379
[ct_train] rechunked train graphs (seed=42)

=== Epoch 42/1000 ===
[train] loss=5.3024 cls=0.5020 cme=2.2082 acc=0.9711 cells=158379
[val]   loss=5.3165 eval=2.6469 cls=0.4229 cme=2.2240 acc=0.9701 cells=118036
[ct_train] saved best checkpoint (val_eval_loss=2.6469 val_acc=0.9701)
[ct_train] rechunked train graphs (seed=43)

=== Epoch 43/1000 ===
[train] loss=5.3115 cls=0.5019 cme=2.2124 acc=0.9705 cells=158379
[ct_train] rechunked train graphs (seed=44)

=== Epoch 44/1000 ===
[train] loss=5.2957 cls=0.5007 cme=2.2058 acc=0.9710 cells=158379
[val]   loss=5.3133 eval=2.6449 cls=0.4219 cme=2.2230 acc=0.9703 cells=118036
[ct_train] saved best checkpoint (val_eval_loss=2.6449 val_acc=0.9703)
[ct_train] rechunked train graphs (seed=45)

=== Epoch 45/1000 ===
[train] loss=5.3025 cls=0.5005 cme=2.2089 acc=0.9712 cells=158379
[ct_train] rechunked train graphs (seed=46)

=== Epoch 46/1000 ===
[train] loss=5.2828 cls=0.4979 cme=2.2012 acc=0.9718 cells=158379
[val]   loss=5.3099 eval=2.6428 cls=0.4209 cme=2.2219 acc=0.9705 cells=118036
[ct_train] saved best checkpoint (val_eval_loss=2.6428 val_acc=0.9705)
[ct_train] rechunked train graphs (seed=47)

=== Epoch 47/1000 ===
[train] loss=5.2927 cls=0.4973 cme=2.2060 acc=0.9719 cells=158379
[ct_train] rechunked train graphs (seed=48)

=== Epoch 48/1000 ===
[train] loss=5.2815 cls=0.4969 cme=2.2011 acc=0.9722 cells=158379
[val]   loss=5.3067 eval=2.6408 cls=0.4199 cme=2.2209 acc=0.9709 cells=118036
[ct_train] saved best checkpoint (val_eval_loss=2.6408 val_acc=0.9709)
[ct_train] rechunked train graphs (seed=49)

=== Epoch 49/1000 ===
[train] loss=5.2909 cls=0.4966 cme=2.2054 acc=0.9723 cells=158379
[ct_train] rechunked train graphs (seed=50)

=== Epoch 50/1000 ===
[train] loss=5.2817 cls=0.4957 cme=2.2017 acc=0.9725 cells=158379
[val]   loss=5.3040 eval=2.6391 cls=0.4190 cme=2.2201 acc=0.9712 cells=118036
[ct_train] saved best checkpoint (val_eval_loss=2.6391 val_acc=0.9712)
[ct_train] rechunked train graphs (seed=51)

=== Epoch 51/1000 ===
[train] loss=5.2726 cls=0.4950 cme=2.1978 acc=0.9723 cells=158379
[ct_train] rechunked train graphs (seed=52)

=== Epoch 52/1000 ===
[train] loss=5.2713 cls=0.4953 cme=2.1972 acc=0.9728 cells=158379
[val]   loss=5.3011 eval=2.6374 cls=0.4182 cme=2.2192 acc=0.9716 cells=118036
[ct_train] saved best checkpoint (val_eval_loss=2.6374 val_acc=0.9716)
[ct_train] rechunked train graphs (seed=53)

=== Epoch 53/1000 ===
[train] loss=5.2674 cls=0.4938 cme=2.1960 acc=0.9728 cells=158379
[ct_train] rechunked train graphs (seed=54)

=== Epoch 54/1000 ===
[train] loss=5.2869 cls=0.4942 cme=2.2049 acc=0.9733 cells=158379
[val]   loss=5.2986 eval=2.6358 cls=0.4174 cme=2.2184 acc=0.9719 cells=118036
[ct_train] saved best checkpoint (val_eval_loss=2.6358 val_acc=0.9719)
[ct_train] rechunked train graphs (seed=55)

=== Epoch 55/1000 ===
[train] loss=5.2716 cls=0.4922 cme=2.1987 acc=0.9732 cells=158379
[ct_train] rechunked train graphs (seed=56)

=== Epoch 56/1000 ===
[train] loss=5.2788 cls=0.4919 cme=2.2021 acc=0.9737 cells=158379
[val]   loss=5.2965 eval=2.6345 cls=0.4168 cme=2.2177 acc=0.9721 cells=118036
[ct_train] saved best checkpoint (val_eval_loss=2.6345 val_acc=0.9721)
[ct_train] rechunked train graphs (seed=57)

=== Epoch 57/1000 ===
[train] loss=5.2706 cls=0.4918 cme=2.1984 acc=0.9733 cells=158379
[ct_train] rechunked train graphs (seed=58)

=== Epoch 58/1000 ===
[train] loss=5.2613 cls=0.4912 cme=2.1944 acc=0.9741 cells=158379
[val]   loss=5.2950 eval=2.6336 cls=0.4163 cme=2.2173 acc=0.9722 cells=118036
[ct_train] saved best checkpoint (val_eval_loss=2.6336 val_acc=0.9722)
[ct_train] rechunked train graphs (seed=59)

=== Epoch 59/1000 ===
[train] loss=5.2576 cls=0.4885 cme=2.1941 acc=0.9746 cells=158379
[ct_train] rechunked train graphs (seed=60)

=== Epoch 60/1000 ===
[train] loss=5.2675 cls=0.4902 cme=2.1977 acc=0.9740 cells=158379
[val]   loss=5.2927 eval=2.6322 cls=0.4157 cme=2.2165 acc=0.9724 cells=118036
[ct_train] saved best checkpoint (val_eval_loss=2.6322 val_acc=0.9724)
[ct_train] rechunked train graphs (seed=61)

=== Epoch 61/1000 ===
[train] loss=5.2535 cls=0.4887 cme=2.1919 acc=0.9746 cells=158379
[ct_train] rechunked train graphs (seed=62)

=== Epoch 62/1000 ===
[train] loss=5.2617 cls=0.4887 cme=2.1958 acc=0.9744 cells=158379
[val]   loss=5.2902 eval=2.6309 cls=0.4153 cme=2.2156 acc=0.9726 cells=118036
[ct_train] saved best checkpoint (val_eval_loss=2.6309 val_acc=0.9726)
[ct_train] rechunked train graphs (seed=63)

=== Epoch 63/1000 ===
[train] loss=5.2547 cls=0.4880 cme=2.1929 acc=0.9744 cells=158379
[ct_train] rechunked train graphs (seed=64)

=== Epoch 64/1000 ===
[train] loss=5.2460 cls=0.4864 cme=2.1897 acc=0.9753 cells=158379
[val]   loss=5.2893 eval=2.6302 cls=0.4148 cme=2.2154 acc=0.9728 cells=118036
[ct_train] saved best checkpoint (val_eval_loss=2.6302 val_acc=0.9728)
[ct_train] rechunked train graphs (seed=65)

=== Epoch 65/1000 ===
[train] loss=5.2537 cls=0.4864 cme=2.1933 acc=0.9749 cells=158379
[ct_train] rechunked train graphs (seed=66)

=== Epoch 66/1000 ===
[train] loss=5.2666 cls=0.4863 cme=2.1991 acc=0.9750 cells=158379
[val]   loss=5.2874 eval=2.6291 cls=0.4143 cme=2.2148 acc=0.9730 cells=118036
[ct_train] saved best checkpoint (val_eval_loss=2.6291 val_acc=0.9730)
[ct_train] rechunked train graphs (seed=67)

=== Epoch 67/1000 ===
[train] loss=5.2497 cls=0.4857 cme=2.1917 acc=0.9752 cells=158379
[ct_train] rechunked train graphs (seed=68)

=== Epoch 68/1000 ===
[train] loss=5.2454 cls=0.4848 cme=2.1901 acc=0.9752 cells=158379
[val]   loss=5.2862 eval=2.6283 cls=0.4138 cme=2.2145 acc=0.9731 cells=118036
[ct_train] saved best checkpoint (val_eval_loss=2.6283 val_acc=0.9731)
[ct_train] rechunked train graphs (seed=69)

=== Epoch 69/1000 ===
[train] loss=5.2374 cls=0.4842 cme=2.1867 acc=0.9756 cells=158379
[ct_train] rechunked train graphs (seed=70)

=== Epoch 70/1000 ===
[train] loss=5.2338 cls=0.4849 cme=2.1848 acc=0.9759 cells=158379
[val]   loss=5.2845 eval=2.6272 cls=0.4133 cme=2.2139 acc=0.9732 cells=118036
[ct_train] saved best checkpoint (val_eval_loss=2.6272 val_acc=0.9732)
[ct_train] rechunked train graphs (seed=71)

=== Epoch 71/1000 ===
[train] loss=5.2485 cls=0.4843 cme=2.1918 acc=0.9760 cells=158379
[ct_train] rechunked train graphs (seed=72)

=== Epoch 72/1000 ===
[train] loss=5.2347 cls=0.4830 cme=2.1861 acc=0.9757 cells=158379
[val]   loss=5.2826 eval=2.6262 cls=0.4130 cme=2.2132 acc=0.9734 cells=118036
[ct_train] saved best checkpoint (val_eval_loss=2.6262 val_acc=0.9734)
[ct_train] rechunked train graphs (seed=73)

=== Epoch 73/1000 ===
[train] loss=5.2438 cls=0.4833 cme=2.1900 acc=0.9757 cells=158379
[ct_train] rechunked train graphs (seed=74)

=== Epoch 74/1000 ===
[train] loss=5.2448 cls=0.4825 cme=2.1909 acc=0.9761 cells=158379
[val]   loss=5.2806 eval=2.6250 cls=0.4125 cme=2.2125 acc=0.9735 cells=118036
[ct_train] saved best checkpoint (val_eval_loss=2.6250 val_acc=0.9735)
[ct_train] rechunked train graphs (seed=75)

=== Epoch 75/1000 ===
[train] loss=5.2237 cls=0.4808 cme=2.1821 acc=0.9763 cells=158379
[ct_train] rechunked train graphs (seed=76)

=== Epoch 76/1000 ===
[train] loss=5.2267 cls=0.4811 cme=2.1832 acc=0.9760 cells=158379
[val]   loss=5.2800 eval=2.6246 cls=0.4122 cme=2.2124 acc=0.9735 cells=118036
[ct_train] saved best checkpoint (val_eval_loss=2.6246 val_acc=0.9735)
[ct_train] rechunked train graphs (seed=77)

=== Epoch 77/1000 ===
[train] loss=5.2261 cls=0.4803 cme=2.1834 acc=0.9770 cells=158379
[ct_train] rechunked train graphs (seed=78)

=== Epoch 78/1000 ===
[train] loss=5.2286 cls=0.4797 cme=2.1848 acc=0.9766 cells=158379
[val]   loss=5.2776 eval=2.6232 cls=0.4118 cme=2.2115 acc=0.9737 cells=118036
[ct_train] saved best checkpoint (val_eval_loss=2.6232 val_acc=0.9737)
[ct_train] rechunked train graphs (seed=79)

=== Epoch 79/1000 ===
[train] loss=5.2350 cls=0.4793 cme=2.1878 acc=0.9771 cells=158379
[ct_train] rechunked train graphs (seed=80)

=== Epoch 80/1000 ===
[train] loss=5.2158 cls=0.4793 cme=2.1792 acc=0.9770 cells=158379
[val]   loss=5.2761 eval=2.6224 cls=0.4114 cme=2.2110 acc=0.9737 cells=118036
[ct_train] saved best checkpoint (val_eval_loss=2.6224 val_acc=0.9737)
[ct_train] rechunked train graphs (seed=81)

=== Epoch 81/1000 ===
[train] loss=5.2154 cls=0.4790 cme=2.1791 acc=0.9770 cells=158379
[ct_train] rechunked train graphs (seed=82)

=== Epoch 82/1000 ===
[train] loss=5.2195 cls=0.4785 cme=2.1813 acc=0.9773 cells=158379
[val]   loss=5.2749 eval=2.6218 cls=0.4112 cme=2.2106 acc=0.9739 cells=118036
[ct_train] saved best checkpoint (val_eval_loss=2.6218 val_acc=0.9739)
[ct_train] rechunked train graphs (seed=83)

=== Epoch 83/1000 ===
[train] loss=5.2230 cls=0.4778 cme=2.1831 acc=0.9775 cells=158379
[ct_train] rechunked train graphs (seed=84)

=== Epoch 84/1000 ===
[train] loss=5.2174 cls=0.4775 cme=2.1808 acc=0.9777 cells=158379
[val]   loss=5.2748 eval=2.6216 cls=0.4109 cme=2.2107 acc=0.9740 cells=118036
[ct_train] saved best checkpoint (val_eval_loss=2.6216 val_acc=0.9740)
[ct_train] early_stopping: no improve on val/eval_loss for 1/45 val checks
[ct_train] rechunked train graphs (seed=85)

=== Epoch 85/1000 ===
[train] loss=5.2085 cls=0.4765 cme=2.1771 acc=0.9780 cells=158379
[ct_train] rechunked train graphs (seed=86)

=== Epoch 86/1000 ===
[train] loss=5.2218 cls=0.4769 cme=2.1831 acc=0.9775 cells=158379
[val]   loss=5.2732 eval=2.6207 cls=0.4106 cme=2.2101 acc=0.9741 cells=118036
[ct_train] saved best checkpoint (val_eval_loss=2.6207 val_acc=0.9741)
[ct_train] rechunked train graphs (seed=87)

=== Epoch 87/1000 ===
[train] loss=5.2176 cls=0.4770 cme=2.1810 acc=0.9775 cells=158379
[ct_train] rechunked train graphs (seed=88)

=== Epoch 88/1000 ===
[train] loss=5.2127 cls=0.4761 cme=2.1792 acc=0.9783 cells=158379
[val]   loss=5.2721 eval=2.6200 cls=0.4103 cme=2.2097 acc=0.9742 cells=118036
[ct_train] saved best checkpoint (val_eval_loss=2.6200 val_acc=0.9742)
[ct_train] rechunked train graphs (seed=89)

=== Epoch 89/1000 ===
[train] loss=5.2069 cls=0.4758 cme=2.1767 acc=0.9779 cells=158379
[ct_train] rechunked train graphs (seed=90)

=== Epoch 90/1000 ===
[train] loss=5.2133 cls=0.4749 cme=2.1800 acc=0.9784 cells=158379
[val]   loss=5.2714 eval=2.6197 cls=0.4101 cme=2.2095 acc=0.9742 cells=118036
[ct_train] saved best checkpoint (val_eval_loss=2.6197 val_acc=0.9742)
[ct_train] rechunked train graphs (seed=91)

=== Epoch 91/1000 ===
[train] loss=5.2027 cls=0.4735 cme=2.1758 acc=0.9785 cells=158379
[ct_train] rechunked train graphs (seed=92)

=== Epoch 92/1000 ===
[train] loss=5.2052 cls=0.4737 cme=2.1768 acc=0.9787 cells=158379
[val]   loss=5.2706 eval=2.6190 cls=0.4097 cme=2.2093 acc=0.9744 cells=118036
[ct_train] saved best checkpoint (val_eval_loss=2.6190 val_acc=0.9744)
[ct_train] rechunked train graphs (seed=93)

=== Epoch 93/1000 ===
[train] loss=5.2103 cls=0.4742 cme=2.1790 acc=0.9787 cells=158379
[ct_train] rechunked train graphs (seed=94)

=== Epoch 94/1000 ===
[train] loss=5.1993 cls=0.4734 cme=2.1743 acc=0.9786 cells=158379
[val]   loss=5.2701 eval=2.6188 cls=0.4095 cme=2.2092 acc=0.9745 cells=118036
[ct_train] saved best checkpoint (val_eval_loss=2.6188 val_acc=0.9745)
[ct_train] early_stopping: no improve on val/eval_loss for 1/45 val checks
[ct_train] rechunked train graphs (seed=95)

=== Epoch 95/1000 ===
[train] loss=5.2267 cls=0.4748 cme=2.1862 acc=0.9785 cells=158379
[ct_train] rechunked train graphs (seed=96)

=== Epoch 96/1000 ===
[train] loss=5.2121 cls=0.4733 cme=2.1803 acc=0.9788 cells=158379
[val]   loss=5.2691 eval=2.6182 cls=0.4092 cme=2.2090 acc=0.9744 cells=118036
[ct_train] saved best checkpoint (val_eval_loss=2.6182 val_acc=0.9745)
[ct_train] rechunked train graphs (seed=97)

=== Epoch 97/1000 ===
[train] loss=5.2050 cls=0.4725 cme=2.1773 acc=0.9788 cells=158379
[ct_train] rechunked train graphs (seed=98)

=== Epoch 98/1000 ===
[train] loss=5.1986 cls=0.4737 cme=2.1740 acc=0.9789 cells=158379
[val]   loss=5.2688 eval=2.6179 cls=0.4090 cme=2.2089 acc=0.9746 cells=118036
[ct_train] saved best checkpoint (val_eval_loss=2.6179 val_acc=0.9746)
[ct_train] early_stopping: no improve on val/eval_loss for 1/45 val checks
[ct_train] rechunked train graphs (seed=99)

=== Epoch 99/1000 ===
[train] loss=5.1945 cls=0.4732 cme=2.1722 acc=0.9787 cells=158379
[ct_train] rechunked train graphs (seed=100)

=== Epoch 100/1000 ===
[train] loss=5.1929 cls=0.4716 cme=2.1722 acc=0.9791 cells=158379
[val]   loss=5.2687 eval=2.6178 cls=0.4089 cme=2.2090 acc=0.9747 cells=118036
[ct_train] saved best checkpoint (val_eval_loss=2.6178 val_acc=0.9747)
[ct_train] early_stopping: no improve on val/eval_loss for 2/45 val checks
[ct_train] rechunked train graphs (seed=101)

=== Epoch 101/1000 ===
[train] loss=5.2131 cls=0.4721 cme=2.1812 acc=0.9796 cells=158379
[ct_train] rechunked train graphs (seed=102)

=== Epoch 102/1000 ===
[train] loss=5.1951 cls=0.4708 cme=2.1736 acc=0.9794 cells=158379
[val]   loss=5.2669 eval=2.6169 cls=0.4087 cme=2.2082 acc=0.9747 cells=118036
[ct_train] saved best checkpoint (val_eval_loss=2.6169 val_acc=0.9747)
[ct_train] rechunked train graphs (seed=103)

=== Epoch 103/1000 ===
[train] loss=5.2037 cls=0.4706 cme=2.1776 acc=0.9796 cells=158379
[ct_train] rechunked train graphs (seed=104)

=== Epoch 104/1000 ===
[train] loss=5.1898 cls=0.4705 cme=2.1714 acc=0.9795 cells=158379
[val]   loss=5.2658 eval=2.6164 cls=0.4085 cme=2.2079 acc=0.9749 cells=118036
[ct_train] saved best checkpoint (val_eval_loss=2.6164 val_acc=0.9749)
[ct_train] rechunked train graphs (seed=105)

=== Epoch 105/1000 ===
[train] loss=5.1924 cls=0.4711 cme=2.1722 acc=0.9797 cells=158379
[ct_train] rechunked train graphs (seed=106)

=== Epoch 106/1000 ===
[train] loss=5.1891 cls=0.4703 cme=2.1712 acc=0.9793 cells=158379
[val]   loss=5.2658 eval=2.6162 cls=0.4083 cme=2.2079 acc=0.9749 cells=118036
[ct_train] saved best checkpoint (val_eval_loss=2.6162 val_acc=0.9749)
[ct_train] early_stopping: no improve on val/eval_loss for 1/45 val checks
[ct_train] rechunked train graphs (seed=107)

=== Epoch 107/1000 ===
[train] loss=5.1904 cls=0.4694 cme=2.1722 acc=0.9800 cells=158379
[ct_train] rechunked train graphs (seed=108)

=== Epoch 108/1000 ===
[train] loss=5.2061 cls=0.4699 cme=2.1791 acc=0.9797 cells=158379
[val]   loss=5.2647 eval=2.6157 cls=0.4083 cme=2.2075 acc=0.9750 cells=118036
[ct_train] saved best checkpoint (val_eval_loss=2.6157 val_acc=0.9750)
[ct_train] rechunked train graphs (seed=109)

=== Epoch 109/1000 ===
[train] loss=5.1844 cls=0.4686 cme=2.1697 acc=0.9801 cells=158379
[ct_train] rechunked train graphs (seed=110)

=== Epoch 110/1000 ===
[train] loss=5.1878 cls=0.4690 cme=2.1712 acc=0.9798 cells=158379
[val]   loss=5.2638 eval=2.6152 cls=0.4080 cme=2.2072 acc=0.9751 cells=118036
[ct_train] saved best checkpoint (val_eval_loss=2.6152 val_acc=0.9751)
[ct_train] rechunked train graphs (seed=111)

=== Epoch 111/1000 ===
[train] loss=5.1808 cls=0.4680 cme=2.1685 acc=0.9802 cells=158379
[ct_train] rechunked train graphs (seed=112)

=== Epoch 112/1000 ===
[train] loss=5.1790 cls=0.4681 cme=2.1675 acc=0.9802 cells=158379
[val]   loss=5.2632 eval=2.6150 cls=0.4080 cme=2.2070 acc=0.9750 cells=118036
[ct_train] saved best checkpoint (val_eval_loss=2.6150 val_acc=0.9751)
[ct_train] early_stopping: no improve on val/eval_loss for 1/45 val checks
[ct_train] rechunked train graphs (seed=113)

=== Epoch 113/1000 ===
[train] loss=5.1863 cls=0.4679 cme=2.1710 acc=0.9804 cells=158379
[ct_train] rechunked train graphs (seed=114)

=== Epoch 114/1000 ===
[train] loss=5.1857 cls=0.4675 cme=2.1708 acc=0.9803 cells=158379
[val]   loss=5.2630 eval=2.6147 cls=0.4077 cme=2.2070 acc=0.9751 cells=118036
[ct_train] saved best checkpoint (val_eval_loss=2.6147 val_acc=0.9751)
[ct_train] early_stopping: no improve on val/eval_loss for 2/45 val checks
[ct_train] rechunked train graphs (seed=115)

=== Epoch 115/1000 ===
[train] loss=5.1767 cls=0.4676 cme=2.1668 acc=0.9805 cells=158379
[ct_train] rechunked train graphs (seed=116)

=== Epoch 116/1000 ===
[train] loss=5.1754 cls=0.4675 cme=2.1661 acc=0.9805 cells=158379
[val]   loss=5.2613 eval=2.6139 cls=0.4076 cme=2.2063 acc=0.9752 cells=118036
[ct_train] saved best checkpoint (val_eval_loss=2.6139 val_acc=0.9752)
[ct_train] rechunked train graphs (seed=117)

=== Epoch 117/1000 ===
[train] loss=5.1830 cls=0.4670 cme=2.1699 acc=0.9811 cells=158379
[ct_train] rechunked train graphs (seed=118)

=== Epoch 118/1000 ===
[train] loss=5.1768 cls=0.4662 cme=2.1674 acc=0.9809 cells=158379
[val]   loss=5.2618 eval=2.6141 cls=0.4075 cme=2.2065 acc=0.9751 cells=118036
[ct_train] early_stopping: no improve on val/eval_loss for 1/45 val checks
[ct_train] rechunked train graphs (seed=119)

=== Epoch 119/1000 ===
[train] loss=5.1641 cls=0.4649 cme=2.1623 acc=0.9809 cells=158379
[ct_train] rechunked train graphs (seed=120)

=== Epoch 120/1000 ===
[train] loss=5.1667 cls=0.4657 cme=2.1630 acc=0.9809 cells=158379
[val]   loss=5.2613 eval=2.6138 cls=0.4073 cme=2.2065 acc=0.9754 cells=118036
[ct_train] saved best checkpoint (val_eval_loss=2.6138 val_acc=0.9754)
[ct_train] early_stopping: no improve on val/eval_loss for 2/45 val checks
[ct_train] rechunked train graphs (seed=121)

=== Epoch 121/1000 ===
[train] loss=5.1809 cls=0.4659 cme=2.1693 acc=0.9808 cells=158379
[ct_train] rechunked train graphs (seed=122)

=== Epoch 122/1000 ===
[train] loss=5.1672 cls=0.4649 cme=2.1636 acc=0.9812 cells=158379
[val]   loss=5.2595 eval=2.6129 cls=0.4072 cme=2.2057 acc=0.9752 cells=118036
[ct_train] saved best checkpoint (val_eval_loss=2.6129 val_acc=0.9754)
[ct_train] rechunked train graphs (seed=123)

=== Epoch 123/1000 ===
[train] loss=5.1737 cls=0.4654 cme=2.1663 acc=0.9812 cells=158379
[ct_train] rechunked train graphs (seed=124)

=== Epoch 124/1000 ===
[train] loss=5.1803 cls=0.4655 cme=2.1693 acc=0.9811 cells=158379
[val]   loss=5.2598 eval=2.6131 cls=0.4072 cme=2.2059 acc=0.9754 cells=118036
[ct_train] early_stopping: no improve on val/eval_loss for 1/45 val checks
[ct_train] rechunked train graphs (seed=125)

=== Epoch 125/1000 ===
[train] loss=5.1742 cls=0.4660 cme=2.1663 acc=0.9811 cells=158379
[ct_train] rechunked train graphs (seed=126)

=== Epoch 126/1000 ===
[train] loss=5.1705 cls=0.4649 cme=2.1651 acc=0.9811 cells=158379
[val]   loss=5.2595 eval=2.6129 cls=0.4070 cme=2.2058 acc=0.9756 cells=118036
[ct_train] saved best checkpoint (val_eval_loss=2.6129 val_acc=0.9756)
[ct_train] early_stopping: no improve on val/eval_loss for 2/45 val checks
[ct_train] rechunked train graphs (seed=127)

=== Epoch 127/1000 ===
[train] loss=5.1919 cls=0.4650 cme=2.1748 acc=0.9810 cells=158379
[ct_train] rechunked train graphs (seed=128)

=== Epoch 128/1000 ===
[train] loss=5.1707 cls=0.4635 cme=2.1658 acc=0.9817 cells=158379
[val]   loss=5.2582 eval=2.6122 cls=0.4070 cme=2.2052 acc=0.9756 cells=118036
[ct_train] saved best checkpoint (val_eval_loss=2.6122 val_acc=0.9756)
[ct_train] rechunked train graphs (seed=129)

=== Epoch 129/1000 ===
[train] loss=5.1666 cls=0.4634 cme=2.1641 acc=0.9818 cells=158379
[ct_train] rechunked train graphs (seed=130)

=== Epoch 130/1000 ===
[train] loss=5.1670 cls=0.4632 cme=2.1642 acc=0.9818 cells=158379
[val]   loss=5.2579 eval=2.6121 cls=0.4070 cme=2.2052 acc=0.9756 cells=118036
[ct_train] saved best checkpoint (val_eval_loss=2.6121 val_acc=0.9756)
[ct_train] early_stopping: no improve on val/eval_loss for 1/45 val checks
[ct_train] rechunked train graphs (seed=131)

=== Epoch 131/1000 ===
[train] loss=5.1658 cls=0.4633 cme=2.1638 acc=0.9817 cells=158379
[ct_train] rechunked train graphs (seed=132)

=== Epoch 132/1000 ===
[train] loss=5.1579 cls=0.4627 cme=2.1604 acc=0.9822 cells=158379
[val]   loss=5.2577 eval=2.6121 cls=0.4069 cme=2.2051 acc=0.9756 cells=118036
[ct_train] saved best checkpoint (val_eval_loss=2.6121 val_acc=0.9756)
[ct_train] early_stopping: no improve on val/eval_loss for 2/45 val checks
[ct_train] rechunked train graphs (seed=133)

=== Epoch 133/1000 ===
[train] loss=5.1673 cls=0.4629 cme=2.1646 acc=0.9817 cells=158379
[ct_train] rechunked train graphs (seed=134)

=== Epoch 134/1000 ===
[train] loss=5.1658 cls=0.4636 cme=2.1636 acc=0.9818 cells=158379
[val]   loss=5.2581 eval=2.6123 cls=0.4070 cme=2.2053 acc=0.9754 cells=118036
[ct_train] early_stopping: no improve on val/eval_loss for 3/45 val checks
[ct_train] rechunked train graphs (seed=135)

=== Epoch 135/1000 ===
[train] loss=5.1585 cls=0.4618 cme=2.1611 acc=0.9823 cells=158379
[ct_train] rechunked train graphs (seed=136)

=== Epoch 136/1000 ===
[train] loss=5.1488 cls=0.4612 cme=2.1569 acc=0.9825 cells=158379
[val]   loss=5.2579 eval=2.6123 cls=0.4070 cme=2.2052 acc=0.9755 cells=118036
[ct_train] early_stopping: no improve on val/eval_loss for 4/45 val checks
[ct_train] rechunked train graphs (seed=137)

=== Epoch 137/1000 ===
[train] loss=5.1678 cls=0.4621 cme=2.1652 acc=0.9822 cells=158379
[ct_train] rechunked train graphs (seed=138)

=== Epoch 138/1000 ===
[train] loss=5.1485 cls=0.4625 cme=2.1561 acc=0.9821 cells=158379
[val]   loss=5.2567 eval=2.6116 cls=0.4069 cme=2.2047 acc=0.9754 cells=118036
[ct_train] saved best checkpoint (val_eval_loss=2.6116 val_acc=0.9756)
[ct_train] rechunked train graphs (seed=139)

=== Epoch 139/1000 ===
[train] loss=5.1604 cls=0.4618 cme=2.1620 acc=0.9823 cells=158379
[ct_train] rechunked train graphs (seed=140)

=== Epoch 140/1000 ===
[train] loss=5.1576 cls=0.4614 cme=2.1607 acc=0.9825 cells=158379
[val]   loss=5.2561 eval=2.6113 cls=0.4069 cme=2.2044 acc=0.9757 cells=118036
[ct_train] saved best checkpoint (val_eval_loss=2.6113 val_acc=0.9757)
[ct_train] early_stopping: no improve on val/eval_loss for 1/45 val checks
[ct_train] rechunked train graphs (seed=141)

=== Epoch 141/1000 ===
[train] loss=5.1579 cls=0.4612 cme=2.1611 acc=0.9823 cells=158379
[ct_train] rechunked train graphs (seed=142)

=== Epoch 142/1000 ===
[train] loss=5.1529 cls=0.4604 cme=2.1591 acc=0.9828 cells=158379
[val]   loss=5.2556 eval=2.6112 cls=0.4069 cme=2.2043 acc=0.9756 cells=118036
[ct_train] saved best checkpoint (val_eval_loss=2.6112 val_acc=0.9757)
[ct_train] early_stopping: no improve on val/eval_loss for 2/45 val checks
[ct_train] rechunked train graphs (seed=143)

=== Epoch 143/1000 ===
[train] loss=5.1495 cls=0.4600 cme=2.1578 acc=0.9829 cells=158379
[ct_train] rechunked train graphs (seed=144)

=== Epoch 144/1000 ===
[train] loss=5.1493 cls=0.4599 cme=2.1578 acc=0.9830 cells=158379
[val]   loss=5.2558 eval=2.6112 cls=0.4068 cme=2.2044 acc=0.9757 cells=118036
[ct_train] saved best checkpoint (val_eval_loss=2.6112 val_acc=0.9757)
[ct_train] early_stopping: no improve on val/eval_loss for 3/45 val checks
[ct_train] rechunked train graphs (seed=145)

=== Epoch 145/1000 ===
[train] loss=5.1598 cls=0.4599 cme=2.1625 acc=0.9831 cells=158379
[ct_train] rechunked train graphs (seed=146)

=== Epoch 146/1000 ===
[train] loss=5.1498 cls=0.4596 cme=2.1582 acc=0.9829 cells=158379
[val]   loss=5.2559 eval=2.6114 cls=0.4070 cme=2.2043 acc=0.9757 cells=118036
[ct_train] early_stopping: no improve on val/eval_loss for 4/45 val checks
[ct_train] rechunked train graphs (seed=147)

=== Epoch 147/1000 ===
[train] loss=5.1542 cls=0.4590 cme=2.1603 acc=0.9832 cells=158379
[ct_train] rechunked train graphs (seed=148)

=== Epoch 148/1000 ===
[train] loss=5.1560 cls=0.4590 cme=2.1612 acc=0.9832 cells=158379
[val]   loss=5.2557 eval=2.6113 cls=0.4070 cme=2.2043 acc=0.9756 cells=118036
[ct_train] early_stopping: no improve on val/eval_loss for 5/45 val checks
[ct_train] rechunked train graphs (seed=149)

=== Epoch 149/1000 ===
[train] loss=5.1450 cls=0.4587 cme=2.1564 acc=0.9833 cells=158379
[ct_train] rechunked train graphs (seed=150)

=== Epoch 150/1000 ===
[train] loss=5.1500 cls=0.4585 cme=2.1587 acc=0.9832 cells=158379
[val]   loss=5.2556 eval=2.6113 cls=0.4070 cme=2.2042 acc=0.9757 cells=118036
[ct_train] early_stopping: no improve on val/eval_loss for 6/45 val checks
[ct_train] rechunked train graphs (seed=151)

=== Epoch 151/1000 ===
[train] loss=5.1516 cls=0.4588 cme=2.1593 acc=0.9834 cells=158379
[ct_train] rechunked train graphs (seed=152)

=== Epoch 152/1000 ===
[train] loss=5.1543 cls=0.4590 cme=2.1604 acc=0.9834 cells=158379
[val]   loss=5.2544 eval=2.6106 cls=0.4069 cme=2.2037 acc=0.9757 cells=118036
[ct_train] saved best checkpoint (val_eval_loss=2.6106 val_acc=0.9757)
[ct_train] rechunked train graphs (seed=153)

=== Epoch 153/1000 ===
[train] loss=5.1406 cls=0.4589 cme=2.1543 acc=0.9831 cells=158379
[ct_train] rechunked train graphs (seed=154)

=== Epoch 154/1000 ===
[train] loss=5.1457 cls=0.4584 cme=2.1568 acc=0.9832 cells=158379
[val]   loss=5.2551 eval=2.6109 cls=0.4068 cme=2.2041 acc=0.9759 cells=118036
[ct_train] early_stopping: no improve on val/eval_loss for 1/45 val checks
[ct_train] rechunked train graphs (seed=155)

=== Epoch 155/1000 ===
[train] loss=5.1519 cls=0.4576 cme=2.1599 acc=0.9841 cells=158379
[ct_train] rechunked train graphs (seed=156)

=== Epoch 156/1000 ===
[train] loss=5.1409 cls=0.4568 cme=2.1553 acc=0.9844 cells=158379
[val]   loss=5.2572 eval=2.6120 cls=0.4071 cme=2.2050 acc=0.9758 cells=118036
[ct_train] early_stopping: no improve on val/eval_loss for 2/45 val checks
[ct_train] rechunked train graphs (seed=157)

=== Epoch 157/1000 ===
[train] loss=5.1431 cls=0.4567 cme=2.1564 acc=0.9838 cells=158379
[ct_train] rechunked train graphs (seed=158)

=== Epoch 158/1000 ===
[train] loss=5.1463 cls=0.4570 cme=2.1576 acc=0.9840 cells=158379
[val]   loss=5.2559 eval=2.6115 cls=0.4071 cme=2.2044 acc=0.9758 cells=118036
[ct_train] early_stopping: no improve on val/eval_loss for 3/45 val checks
[ct_train] rechunked train graphs (seed=159)

=== Epoch 159/1000 ===
[train] loss=5.1356 cls=0.4562 cme=2.1533 acc=0.9841 cells=158379
[ct_train] rechunked train graphs (seed=160)

=== Epoch 160/1000 ===
[train] loss=5.1461 cls=0.4566 cme=2.1579 acc=0.9842 cells=158379
[val]   loss=5.2550 eval=2.6111 cls=0.4071 cme=2.2040 acc=0.9758 cells=118036
[ct_train] early_stopping: no improve on val/eval_loss for 4/45 val checks
[ct_train] rechunked train graphs (seed=161)

=== Epoch 161/1000 ===
[train] loss=5.1419 cls=0.4564 cme=2.1560 acc=0.9841 cells=158379
[ct_train] rechunked train graphs (seed=162)

=== Epoch 162/1000 ===
[train] loss=5.1429 cls=0.4560 cme=2.1566 acc=0.9843 cells=158379
[val]   loss=5.2547 eval=2.6110 cls=0.4071 cme=2.2039 acc=0.9758 cells=118036
[ct_train] early_stopping: no improve on val/eval_loss for 5/45 val checks
[ct_train] rechunked train graphs (seed=163)

=== Epoch 163/1000 ===
[train] loss=5.1322 cls=0.4562 cme=2.1516 acc=0.9843 cells=158379
[ct_train] rechunked train graphs (seed=164)

=== Epoch 164/1000 ===
[train] loss=5.1321 cls=0.4552 cme=2.1521 acc=0.9847 cells=158379
[val]   loss=5.2547 eval=2.6110 cls=0.4072 cme=2.2039 acc=0.9759 cells=118036
[ct_train] early_stopping: no improve on val/eval_loss for 6/45 val checks
[ct_train] rechunked train graphs (seed=165)

=== Epoch 165/1000 ===
[train] loss=5.1298 cls=0.4549 cme=2.1512 acc=0.9847 cells=158379
[ct_train] rechunked train graphs (seed=166)

=== Epoch 166/1000 ===
[train] loss=5.1283 cls=0.4540 cme=2.1509 acc=0.9851 cells=158379
[val]   loss=5.2552 eval=2.6113 cls=0.4072 cme=2.2041 acc=0.9759 cells=118036
[ct_train] early_stopping: no improve on val/eval_loss for 7/45 val checks
[ct_train] rechunked train graphs (seed=167)

=== Epoch 167/1000 ===
[train] loss=5.1397 cls=0.4552 cme=2.1555 acc=0.9847 cells=158379
[ct_train] rechunked train graphs (seed=168)

=== Epoch 168/1000 ===
[train] loss=5.1297 cls=0.4537 cme=2.1517 acc=0.9849 cells=158379
[val]   loss=5.2562 eval=2.6117 cls=0.4071 cme=2.2045 acc=0.9759 cells=118036
[ct_train] early_stopping: no improve on val/eval_loss for 8/45 val checks
[ct_train] rechunked train graphs (seed=169)

=== Epoch 169/1000 ===
[train] loss=5.1293 cls=0.4545 cme=2.1511 acc=0.9849 cells=158379
[ct_train] rechunked train graphs (seed=170)

=== Epoch 170/1000 ===
[train] loss=5.1391 cls=0.4552 cme=2.1552 acc=0.9845 cells=158379
[val]   loss=5.2559 eval=2.6117 cls=0.4073 cme=2.2044 acc=0.9758 cells=118036
[ct_train] early_stopping: no improve on val/eval_loss for 9/45 val checks
[ct_train] rechunked train graphs (seed=171)

=== Epoch 171/1000 ===
[train] loss=5.1284 cls=0.4540 cme=2.1510 acc=0.9846 cells=158379
[ct_train] rechunked train graphs (seed=172)

=== Epoch 172/1000 ===
[train] loss=5.1328 cls=0.4550 cme=2.1525 acc=0.9845 cells=158379
[val]   loss=5.2546 eval=2.6110 cls=0.4072 cme=2.2038 acc=0.9758 cells=118036
[ct_train] early_stopping: no improve on val/eval_loss for 10/45 val checks
[ct_train] rechunked train graphs (seed=173)

=== Epoch 173/1000 ===
[train] loss=5.1447 cls=0.4538 cme=2.1583 acc=0.9852 cells=158379
[ct_train] rechunked train graphs (seed=174)

=== Epoch 174/1000 ===
[train] loss=5.1275 cls=0.4531 cme=2.1509 acc=0.9853 cells=158379
[val]   loss=5.2545 eval=2.6110 cls=0.4072 cme=2.2037 acc=0.9759 cells=118036
[ct_train] early_stopping: no improve on val/eval_loss for 11/45 val checks
[ct_train] rechunked train graphs (seed=175)

=== Epoch 175/1000 ===
[train] loss=5.1303 cls=0.4531 cme=2.1522 acc=0.9853 cells=158379
[ct_train] rechunked train graphs (seed=176)

=== Epoch 176/1000 ===
[train] loss=5.1346 cls=0.4531 cme=2.1542 acc=0.9854 cells=158379
[val]   loss=5.2554 eval=2.6115 cls=0.4075 cme=2.2041 acc=0.9759 cells=118036
[ct_train] early_stopping: no improve on val/eval_loss for 12/45 val checks
[ct_train] rechunked train graphs (seed=177)

=== Epoch 177/1000 ===
[train] loss=5.1250 cls=0.4527 cme=2.1500 acc=0.9856 cells=158379
[ct_train] rechunked train graphs (seed=178)

=== Epoch 178/1000 ===
[train] loss=5.1238 cls=0.4526 cme=2.1494 acc=0.9854 cells=158379
[val]   loss=5.2560 eval=2.6119 cls=0.4077 cme=2.2042 acc=0.9759 cells=118036
[ct_train] early_stopping: no improve on val/eval_loss for 13/45 val checks
[ct_train] rechunked train graphs (seed=179)

=== Epoch 179/1000 ===
[train] loss=5.1367 cls=0.4531 cme=2.1551 acc=0.9853 cells=158379
[ct_train] rechunked train graphs (seed=180)

=== Epoch 180/1000 ===
[train] loss=5.1228 cls=0.4515 cme=2.1496 acc=0.9858 cells=158379
[val]   loss=5.2570 eval=2.6124 cls=0.4077 cme=2.2047 acc=0.9758 cells=118036
[ct_train] early_stopping: no improve on val/eval_loss for 14/45 val checks
[ct_train] rechunked train graphs (seed=181)

=== Epoch 181/1000 ===
[train] loss=5.1082 cls=0.4517 cme=2.1428 acc=0.9857 cells=158379
[ct_train] rechunked train graphs (seed=182)

=== Epoch 182/1000 ===
[train] loss=5.1147 cls=0.4528 cme=2.1453 acc=0.9855 cells=158379
[val]   loss=5.2585 eval=2.6133 cls=0.4079 cme=2.2054 acc=0.9759 cells=118036
[ct_train] early_stopping: no improve on val/eval_loss for 15/45 val checks
[ct_train] rechunked train graphs (seed=183)

=== Epoch 183/1000 ===
[train] loss=5.1182 cls=0.4525 cme=2.1470 acc=0.9854 cells=158379
[ct_train] rechunked train graphs (seed=184)

=== Epoch 184/1000 ===
[train] loss=5.1240 cls=0.4530 cme=2.1494 acc=0.9851 cells=158379
[val]   loss=5.2585 eval=2.6132 cls=0.4078 cme=2.2055 acc=0.9760 cells=118036
[ct_train] early_stopping: no improve on val/eval_loss for 16/45 val checks
[ct_train] rechunked train graphs (seed=185)

=== Epoch 185/1000 ===
[train] loss=5.1169 cls=0.4511 cme=2.1469 acc=0.9857 cells=158379
[ct_train] rechunked train graphs (seed=186)

=== Epoch 186/1000 ===
[train] loss=5.1239 cls=0.4517 cme=2.1500 acc=0.9861 cells=158379
[val]   loss=5.2574 eval=2.6128 cls=0.4079 cme=2.2049 acc=0.9759 cells=118036
[ct_train] early_stopping: no improve on val/eval_loss for 17/45 val checks
[ct_train] rechunked train graphs (seed=187)

=== Epoch 187/1000 ===
[train] loss=5.1192 cls=0.4519 cme=2.1476 acc=0.9859 cells=158379
[ct_train] rechunked train graphs (seed=188)

=== Epoch 188/1000 ===
[train] loss=5.1178 cls=0.4526 cme=2.1468 acc=0.9851 cells=158379
[val]   loss=5.2577 eval=2.6131 cls=0.4083 cme=2.2049 acc=0.9758 cells=118036
[ct_train] early_stopping: no improve on val/eval_loss for 18/45 val checks
[ct_train] rechunked train graphs (seed=189)

=== Epoch 189/1000 ===
[train] loss=5.1166 cls=0.4516 cme=2.1467 acc=0.9859 cells=158379
[ct_train] rechunked train graphs (seed=190)

=== Epoch 190/1000 ===
[train] loss=5.1162 cls=0.4509 cme=2.1469 acc=0.9858 cells=158379
[val]   loss=5.2576 eval=2.6128 cls=0.4078 cme=2.2050 acc=0.9761 cells=118036
[ct_train] early_stopping: no improve on val/eval_loss for 19/45 val checks
[ct_train] rechunked train graphs (seed=191)

=== Epoch 191/1000 ===
[train] loss=5.1203 cls=0.4502 cme=2.1489 acc=0.9865 cells=158379
[ct_train] rechunked train graphs (seed=192)

=== Epoch 192/1000 ===
[train] loss=5.1174 cls=0.4500 cme=2.1477 acc=0.9866 cells=158379
[val]   loss=5.2578 eval=2.6130 cls=0.4080 cme=2.2050 acc=0.9760 cells=118036
[ct_train] early_stopping: no improve on val/eval_loss for 20/45 val checks
[ct_train] rechunked train graphs (seed=193)

=== Epoch 193/1000 ===
[train] loss=5.1175 cls=0.4501 cme=2.1478 acc=0.9864 cells=158379
[ct_train] rechunked train graphs (seed=194)

=== Epoch 194/1000 ===
[train] loss=5.1161 cls=0.4496 cme=2.1473 acc=0.9865 cells=158379
[val]   loss=5.2583 eval=2.6133 cls=0.4082 cme=2.2051 acc=0.9760 cells=118036
[ct_train] early_stopping: no improve on val/eval_loss for 21/45 val checks
[ct_train] rechunked train graphs (seed=195)

=== Epoch 195/1000 ===
[train] loss=5.1083 cls=0.4499 cme=2.1436 acc=0.9865 cells=158379
[ct_train] rechunked train graphs (seed=196)

=== Epoch 196/1000 ===
[train] loss=5.1092 cls=0.4498 cme=2.1441 acc=0.9863 cells=158379
[val]   loss=5.2583 eval=2.6134 cls=0.4083 cme=2.2050 acc=0.9759 cells=118036
[ct_train] early_stopping: no improve on val/eval_loss for 22/45 val checks
[ct_train] rechunked train graphs (seed=197)

=== Epoch 197/1000 ===
[train] loss=5.1014 cls=0.4494 cme=2.1408 acc=0.9864 cells=158379
[ct_train] rechunked train graphs (seed=198)

=== Epoch 198/1000 ===
[train] loss=5.1109 cls=0.4506 cme=2.1445 acc=0.9861 cells=158379
[val]   loss=5.2593 eval=2.6138 cls=0.4082 cme=2.2055 acc=0.9760 cells=118036
[ct_train] early_stopping: no improve on val/eval_loss for 23/45 val checks
[ct_train] rechunked train graphs (seed=199)

=== Epoch 199/1000 ===
[train] loss=5.1083 cls=0.4493 cme=2.1438 acc=0.9866 cells=158379
[ct_train] rechunked train graphs (seed=200)

=== Epoch 200/1000 ===
[train] loss=5.1140 cls=0.4495 cme=2.1465 acc=0.9865 cells=158379
[val]   loss=5.2602 eval=2.6144 cls=0.4085 cme=2.2059 acc=0.9759 cells=118036
[ct_train] early_stopping: no improve on val/eval_loss for 24/45 val checks
[ct_train] rechunked train graphs (seed=201)

=== Epoch 201/1000 ===
[train] loss=5.1007 cls=0.4482 cme=2.1410 acc=0.9870 cells=158379
[ct_train] rechunked train graphs (seed=202)

=== Epoch 202/1000 ===
[train] loss=5.1007 cls=0.4485 cme=2.1408 acc=0.9867 cells=158379
[val]   loss=5.2603 eval=2.6145 cls=0.4086 cme=2.2059 acc=0.9759 cells=118036
[ct_train] early_stopping: no improve on val/eval_loss for 25/45 val checks
[ct_train] rechunked train graphs (seed=203)

=== Epoch 203/1000 ===
[train] loss=5.1125 cls=0.4480 cme=2.1464 acc=0.9871 cells=158379
[ct_train] rechunked train graphs (seed=204)

=== Epoch 204/1000 ===
[train] loss=5.1002 cls=0.4483 cme=2.1407 acc=0.9869 cells=158379
[val]   loss=5.2611 eval=2.6148 cls=0.4087 cme=2.2062 acc=0.9760 cells=118036
[ct_train] early_stopping: no improve on val/eval_loss for 26/45 val checks
[ct_train] rechunked train graphs (seed=205)

=== Epoch 205/1000 ===
[train] loss=5.0981 cls=0.4479 cme=2.1400 acc=0.9871 cells=158379
[ct_train] rechunked train graphs (seed=206)

=== Epoch 206/1000 ===
[train] loss=5.1149 cls=0.4483 cme=2.1474 acc=0.9871 cells=158379
[val]   loss=5.2621 eval=2.6155 cls=0.4090 cme=2.2066 acc=0.9759 cells=118036
[ct_train] early_stopping: no improve on val/eval_loss for 27/45 val checks
[ct_train] rechunked train graphs (seed=207)

=== Epoch 207/1000 ===
[train] loss=5.1053 cls=0.4473 cme=2.1434 acc=0.9875 cells=158379
[ct_train] rechunked train graphs (seed=208)

=== Epoch 208/1000 ===
[train] loss=5.0976 cls=0.4465 cme=2.1403 acc=0.9879 cells=158379
[val]   loss=5.2621 eval=2.6156 cls=0.4090 cme=2.2066 acc=0.9758 cells=118036
[ct_train] early_stopping: no improve on val/eval_loss for 28/45 val checks
[ct_train] rechunked train graphs (seed=209)

=== Epoch 209/1000 ===
[train] loss=5.1027 cls=0.4466 cme=2.1425 acc=0.9878 cells=158379
[ct_train] rechunked train graphs (seed=210)

=== Epoch 210/1000 ===
[train] loss=5.1053 cls=0.4473 cme=2.1435 acc=0.9875 cells=158379
[val]   loss=5.2621 eval=2.6157 cls=0.4092 cme=2.2065 acc=0.9760 cells=118036
[ct_train] early_stopping: no improve on val/eval_loss for 29/45 val checks
[ct_train] rechunked train graphs (seed=211)

=== Epoch 211/1000 ===
[train] loss=5.0967 cls=0.4457 cme=2.1402 acc=0.9883 cells=158379
[ct_train] rechunked train graphs (seed=212)

=== Epoch 212/1000 ===
[train] loss=5.0972 cls=0.4468 cme=2.1400 acc=0.9877 cells=158379
[val]   loss=5.2625 eval=2.6160 cls=0.4093 cme=2.2066 acc=0.9760 cells=118036
[ct_train] early_stopping: no improve on val/eval_loss for 30/45 val checks
[ct_train] rechunked train graphs (seed=213)

=== Epoch 213/1000 ===
[train] loss=5.0879 cls=0.4462 cme=2.1361 acc=0.9876 cells=158379
[ct_train] rechunked train graphs (seed=214)

=== Epoch 214/1000 ===
[train] loss=5.1010 cls=0.4460 cme=2.1421 acc=0.9881 cells=158379
[val]   loss=5.2632 eval=2.6164 cls=0.4095 cme=2.2069 acc=0.9759 cells=118036
[ct_train] early_stopping: no improve on val/eval_loss for 31/45 val checks
[ct_train] rechunked train graphs (seed=215)

=== Epoch 215/1000 ===
[train] loss=5.0985 cls=0.4462 cme=2.1409 acc=0.9876 cells=158379
[ct_train] rechunked train graphs (seed=216)

=== Epoch 216/1000 ===
[train] loss=5.0896 cls=0.4452 cme=2.1373 acc=0.9884 cells=158379
[val]   loss=5.2637 eval=2.6167 cls=0.4096 cme=2.2071 acc=0.9760 cells=118036
[ct_train] early_stopping: no improve on val/eval_loss for 32/45 val checks
[ct_train] rechunked train graphs (seed=217)

=== Epoch 217/1000 ===
[train] loss=5.1024 cls=0.4459 cme=2.1427 acc=0.9880 cells=158379
[ct_train] rechunked train graphs (seed=218)

=== Epoch 218/1000 ===
[train] loss=5.0974 cls=0.4462 cme=2.1404 acc=0.9878 cells=158379
[val]   loss=5.2638 eval=2.6169 cls=0.4098 cme=2.2071 acc=0.9760 cells=118036
[ct_train] early_stopping: no improve on val/eval_loss for 33/45 val checks
[ct_train] rechunked train graphs (seed=219)

=== Epoch 219/1000 ===
[train] loss=5.0943 cls=0.4451 cme=2.1394 acc=0.9885 cells=158379
[ct_train] rechunked train graphs (seed=220)

=== Epoch 220/1000 ===
[train] loss=5.1009 cls=0.4450 cme=2.1425 acc=0.9882 cells=158379
[val]   loss=5.2649 eval=2.6175 cls=0.4100 cme=2.2074 acc=0.9758 cells=118036
[ct_train] early_stopping: no improve on val/eval_loss for 34/45 val checks
[ct_train] rechunked train graphs (seed=221)

=== Epoch 221/1000 ===
[train] loss=5.0873 cls=0.4446 cme=2.1365 acc=0.9885 cells=158379
[ct_train] rechunked train graphs (seed=222)

=== Epoch 222/1000 ===
[train] loss=5.0789 cls=0.4454 cme=2.1324 acc=0.9881 cells=158379
[val]   loss=5.2649 eval=2.6175 cls=0.4100 cme=2.2075 acc=0.9758 cells=118036
[ct_train] early_stopping: no improve on val/eval_loss for 35/45 val checks
[ct_train] rechunked train graphs (seed=223)

=== Epoch 223/1000 ===
[train] loss=5.0888 cls=0.4450 cme=2.1370 acc=0.9884 cells=158379
[ct_train] rechunked train graphs (seed=224)

=== Epoch 224/1000 ===
[train] loss=5.0982 cls=0.4443 cme=2.1416 acc=0.9887 cells=158379
[val]   loss=5.2663 eval=2.6182 cls=0.4102 cme=2.2080 acc=0.9759 cells=118036
[ct_train] early_stopping: no improve on val/eval_loss for 36/45 val checks
[ct_train] rechunked train graphs (seed=225)

=== Epoch 225/1000 ===
[train] loss=5.0923 cls=0.4443 cme=2.1390 acc=0.9886 cells=158379
[ct_train] rechunked train graphs (seed=226)

=== Epoch 226/1000 ===
[train] loss=5.0949 cls=0.4445 cme=2.1399 acc=0.9885 cells=158379
[val]   loss=5.2669 eval=2.6186 cls=0.4103 cme=2.2082 acc=0.9758 cells=118036
[ct_train] early_stopping: no improve on val/eval_loss for 37/45 val checks
[ct_train] rechunked train graphs (seed=227)

=== Epoch 227/1000 ===
[train] loss=5.0816 cls=0.4452 cme=2.1337 acc=0.9883 cells=158379
[ct_train] rechunked train graphs (seed=228)

=== Epoch 228/1000 ===
[train] loss=5.0883 cls=0.4445 cme=2.1370 acc=0.9883 cells=158379
[val]   loss=5.2672 eval=2.6188 cls=0.4106 cme=2.2082 acc=0.9757 cells=118036
[ct_train] early_stopping: no improve on val/eval_loss for 38/45 val checks
[ct_train] rechunked train graphs (seed=229)

=== Epoch 229/1000 ===
[train] loss=5.0878 cls=0.4445 cme=2.1368 acc=0.9887 cells=158379
[ct_train] rechunked train graphs (seed=230)

=== Epoch 230/1000 ===
[train] loss=5.0799 cls=0.4440 cme=2.1334 acc=0.9886 cells=158379
[val]   loss=5.2687 eval=2.6195 cls=0.4106 cme=2.2089 acc=0.9757 cells=118036
[ct_train] early_stopping: no improve on val/eval_loss for 39/45 val checks
[ct_train] rechunked train graphs (seed=231)

=== Epoch 231/1000 ===
[train] loss=5.0725 cls=0.4441 cme=2.1300 acc=0.9888 cells=158379
[ct_train] rechunked train graphs (seed=232)

=== Epoch 232/1000 ===
[train] loss=5.0934 cls=0.4444 cme=2.1394 acc=0.9885 cells=158379
[val]   loss=5.2692 eval=2.6197 cls=0.4105 cme=2.2092 acc=0.9758 cells=118036
[ct_train] early_stopping: no improve on val/eval_loss for 40/45 val checks
[ct_train] rechunked train graphs (seed=233)

=== Epoch 233/1000 ===
[train] loss=5.0855 cls=0.4433 cme=2.1362 acc=0.9893 cells=158379
[ct_train] rechunked train graphs (seed=234)

=== Epoch 234/1000 ===
[train] loss=5.0875 cls=0.4436 cme=2.1371 acc=0.9889 cells=158379
[val]   loss=5.2692 eval=2.6197 cls=0.4104 cme=2.2092 acc=0.9758 cells=118036
[ct_train] early_stopping: no improve on val/eval_loss for 41/45 val checks
[ct_train] rechunked train graphs (seed=235)

=== Epoch 235/1000 ===
[train] loss=5.0805 cls=0.4424 cme=2.1344 acc=0.9893 cells=158379
[ct_train] rechunked train graphs (seed=236)

=== Epoch 236/1000 ===
[train] loss=5.0829 cls=0.4430 cme=2.1353 acc=0.9893 cells=158379
[val]   loss=5.2706 eval=2.6205 cls=0.4107 cme=2.2098 acc=0.9758 cells=118036
[ct_train] early_stopping: no improve on val/eval_loss for 42/45 val checks
[ct_train] rechunked train graphs (seed=237)

=== Epoch 237/1000 ===
[train] loss=5.0909 cls=0.4430 cme=2.1388 acc=0.9893 cells=158379
[ct_train] rechunked train graphs (seed=238)

=== Epoch 238/1000 ===
[train] loss=5.0738 cls=0.4420 cme=2.1315 acc=0.9894 cells=158379
[val]   loss=5.2711 eval=2.6209 cls=0.4110 cme=2.2099 acc=0.9758 cells=118036
[ct_train] early_stopping: no improve on val/eval_loss for 43/45 val checks
[ct_train] rechunked train graphs (seed=239)

=== Epoch 239/1000 ===
[train] loss=5.0843 cls=0.4422 cme=2.1363 acc=0.9892 cells=158379
[ct_train] rechunked train graphs (seed=240)

=== Epoch 240/1000 ===
[train] loss=5.0936 cls=0.4434 cme=2.1399 acc=0.9887 cells=158379
[val]   loss=5.2728 eval=2.6217 cls=0.4109 cme=2.2108 acc=0.9759 cells=118036
[ct_train] early_stopping: no improve on val/eval_loss for 44/45 val checks
[ct_train] rechunked train graphs (seed=241)

=== Epoch 241/1000 ===
[train] loss=5.0796 cls=0.4423 cme=2.1340 acc=0.9896 cells=158379
[ct_train] rechunked train graphs (seed=242)

=== Epoch 242/1000 ===
[train] loss=5.0795 cls=0.4417 cme=2.1343 acc=0.9895 cells=158379
[val]   loss=5.2727 eval=2.6219 cls=0.4114 cme=2.2105 acc=0.9759 cells=118036
[ct_train] early_stopping: no improve on val/eval_loss for 45/45 val checks
[ct_train] early stopping at epoch 242 (patience=45, monitor=val/eval_loss)

[ct_train] done. best_val_acc=0.9761  best_val_eval_loss=2.6106  checkpoints=/home/abel/code/Tissue-Reassembly-using-GenAI-and-new-metrics/exploration/cell_types/outputs/exp138_ls006_aux018  logs=/home/abel/code/Tissue-Reassembly-using-GenAI-and-new-metrics/exploration/cell_types/logs/exp138_ls006_aux018/20260808_065432
wandb: updating run metadata
wandb: uploading output.log; uploading wandb-summary.json; uploading config.yaml
wandb: 
wandb: Run summary:
wandb:                      best_epoch 152
wandb:                    best_val_acc 0.9761
wandb:              best_val_eval_loss 2.61064
wandb:                           epoch 242
wandb:                              lr 0.00018
wandb:           model/parameter_count 1305308
wandb: model/trainable_parameter_count 1305308
wandb:                       train/acc 0.98954
wandb:       train/acc_per_class/Astro 0.99285
wandb:        train/acc_per_class/Endo 0.98729
wandb:                             +54 ...
wandb: 
wandb:  View run exp138_ls006_aux018 at: https://wandb.ai/abel-salmona-polytechnique-montr-al/cell_types/runs/rv7k22hm
wandb:  View project at: https://wandb.ai/abel-salmona-polytechnique-montr-al/cell_types
wandb: Synced 5 W&B file(s), 1 media file(s), 2 artifact file(s) and 1 other file(s)
wandb: Find logs at: ./exploration/cell_types/logs/exp138_ls006_aux018/20260808_065432/wandb/run-20260808_065440-rv7k22hm/logs
