[ct_train] config=exploration/cell_types/experiments/configs/exp018_nostage_widecme.json
[ct_train] device=cuda  checkpoints=/home/abel/code/Tissue-Reassembly-using-GenAI-and-new-metrics/exploration/cell_types/outputs/exp018_nostage_widecme
[ct_train] logs=/home/abel/code/Tissue-Reassembly-using-GenAI-and-new-metrics/exploration/cell_types/logs/exp018_nostage_widecme/20260807_204326
[ct_train] Loading data …
[DataModule] Reading '/home/abel/biodata/MERFISH_LUNA_small_cortex/MERFISH_mouse_cortex_train.csv' (split=train) with float32 dtype on 254 gene cols + coord cols …
[DataModule] Loaded 158,379 rows for split=train.
[DataModule] Reading '/home/abel/biodata/MERFISH_LUNA_small_cortex/MERFISH_mouse_cortex_test.csv' (split=test) with float32 dtype on 254 gene cols + coord cols …
[DataModule] Loaded 118,036 rows for split=test.
[DataModule] Reading '/home/abel/biodata/MERFISH_LUNA_small_cortex/MERFISH_mouse_cortex_test.csv' (split=validation) with float32 dtype on 254 gene cols + coord cols …
[DataModule] Loaded 118,036 rows for split=validation.
[ct_train] genes=254  classes=23
[ct_train] model predict_cme=True  params=1,149,980
[ct_train] soft CME loaded split=train sigma=96.0 n=158379 C=23
[ct_train] soft CME loaded split=validation sigma=96.0 n=118036 C=23
wandb: [wandb.login()] Loaded credentials for https://api.wandb.ai from /home/abel/.netrc.
wandb: Currently logged in as: abel-salmona (abel-salmona-polytechnique-montr-al) to https://api.wandb.ai. Use `wandb login --relogin` to force relogin
wandb: WARNING Using a boolean value for 'reinit' is deprecated. Use 'return_previous' or 'finish_previous' instead.
wandb: setting up run kkwh4oz1
wandb: Tracking run with wandb version 0.26.1
wandb: Run data is saved locally in /home/abel/code/Tissue-Reassembly-using-GenAI-and-new-metrics/exploration/cell_types/logs/exp018_nostage_widecme/20260807_204326/wandb/run-20260807_204334-kkwh4oz1
wandb: Run `wandb offline` to turn off syncing.
wandb: Syncing run exp018_nostage_widecme
wandb:  View project at https://wandb.ai/abel-salmona-polytechnique-montr-al/cell_types
wandb:  View run at https://wandb.ai/abel-salmona-polytechnique-montr-al/cell_types/runs/kkwh4oz1
wandb: WARNING Saving files without folders. If you want to preserve subdirectories pass base_path to wandb.save, i.e. wandb.save("/mnt/folder/file.h5", base_path="/mnt")
wandb: WARNING Symlinked 1 file into the W&B run directory; call wandb.save again to sync new files.
[ct_train] wandb: project=cell_types name=exp018_nostage_widecme mode=online url=https://wandb.ai/abel-salmona-polytechnique-montr-al/cell_types/runs/kkwh4oz1
[ct_train] parameters: total=1,149,980 trainable=1,149,980
  [params] mlp_in_node_features: 26,720
  [params] transformer_layers: 633,600
  [params] type_stage1: 19,072
  [params] env_stage1: 93,056
  [params] type_probe: 1,495
  [params] env_probe: 7,383
  [params] fusion_mlp: 247,648
  [params] type_stage2: 20,567
  [params] env_stage2: 100,439
[ct_train] rechunked train graphs (seed=1)

=== Epoch 1/1000 ===
[train] loss=7.7538 cls=2.8221 cme=2.8181 acc=0.1861 cells=158379
[ct_train] rechunked train graphs (seed=2)

=== Epoch 2/1000 ===
[train] loss=6.7197 cls=2.1511 cme=2.6106 acc=0.4747 cells=158379
[val]   loss=6.0797 eval=4.1879 cls=1.6654 cme=2.5225 acc=0.6931 cells=118036
[ct_train] saved best checkpoint (val_eval_loss=4.1879 val_acc=0.6931)
[ct_train] rechunked train graphs (seed=3)

=== Epoch 3/1000 ===
[train] loss=5.9878 cls=1.6447 cme=2.4818 acc=0.6707 cells=158379
[ct_train] rechunked train graphs (seed=4)

=== Epoch 4/1000 ===
[train] loss=5.4908 cls=1.2525 cme=2.4219 acc=0.7713 cells=158379
[val]   loss=5.1224 eval=3.3215 cls=0.9203 cme=2.4012 acc=0.8390 cells=118036
[ct_train] saved best checkpoint (val_eval_loss=3.3215 val_acc=0.8390)
[ct_train] rechunked train graphs (seed=5)

=== Epoch 5/1000 ===
[train] loss=5.1950 cls=1.0171 cme=2.3874 acc=0.8244 cells=158379
[ct_train] rechunked train graphs (seed=6)

=== Epoch 6/1000 ===
[train] loss=4.9987 cls=0.8622 cme=2.3637 acc=0.8659 cells=158379
[val]   loss=4.7697 eval=3.0029 cls=0.6472 cme=2.3557 acc=0.9151 cells=118036
[ct_train] saved best checkpoint (val_eval_loss=3.0029 val_acc=0.9151)
[ct_train] rechunked train graphs (seed=7)

=== Epoch 7/1000 ===
[train] loss=4.8736 cls=0.7615 cme=2.3497 acc=0.8992 cells=158379
[ct_train] rechunked train graphs (seed=8)

=== Epoch 8/1000 ===
[train] loss=4.7891 cls=0.6996 cme=2.3369 acc=0.9180 cells=158379
[val]   loss=4.6217 eval=2.8741 cls=0.5439 cme=2.3302 acc=0.9441 cells=118036
[ct_train] saved best checkpoint (val_eval_loss=2.8741 val_acc=0.9441)
[ct_train] rechunked train graphs (seed=9)

=== Epoch 9/1000 ===
[train] loss=4.7277 cls=0.6569 cme=2.3262 acc=0.9280 cells=158379
[ct_train] rechunked train graphs (seed=10)

=== Epoch 10/1000 ===
[train] loss=4.6832 cls=0.6279 cme=2.3173 acc=0.9359 cells=158379
[val]   loss=4.5557 eval=2.8210 cls=0.5081 cme=2.3129 acc=0.9519 cells=118036
[ct_train] saved best checkpoint (val_eval_loss=2.8210 val_acc=0.9519)
[ct_train] rechunked train graphs (seed=11)

=== Epoch 11/1000 ===
[train] loss=4.6441 cls=0.6062 cme=2.3074 acc=0.9401 cells=158379
[ct_train] rechunked train graphs (seed=12)

=== Epoch 12/1000 ===
[train] loss=4.6193 cls=0.5897 cme=2.3026 acc=0.9447 cells=158379
[val]   loss=4.5173 eval=2.7912 cls=0.4897 cme=2.3015 acc=0.9555 cells=118036
[ct_train] saved best checkpoint (val_eval_loss=2.7912 val_acc=0.9555)
[ct_train] rechunked train graphs (seed=13)

=== Epoch 13/1000 ===
[train] loss=4.5950 cls=0.5787 cme=2.2950 acc=0.9466 cells=158379
[ct_train] rechunked train graphs (seed=14)

=== Epoch 14/1000 ===
[train] loss=4.5698 cls=0.5676 cme=2.2870 acc=0.9492 cells=158379
[val]   loss=4.4894 eval=2.7723 cls=0.4827 cme=2.2896 acc=0.9576 cells=118036
[ct_train] saved best checkpoint (val_eval_loss=2.7723 val_acc=0.9576)
[ct_train] rechunked train graphs (seed=15)

=== Epoch 15/1000 ===
[train] loss=4.5515 cls=0.5596 cme=2.2811 acc=0.9511 cells=158379
[ct_train] rechunked train graphs (seed=16)

=== Epoch 16/1000 ===
[train] loss=4.5370 cls=0.5525 cme=2.2769 acc=0.9525 cells=158379
[val]   loss=4.4647 eval=2.7542 cls=0.4735 cme=2.2807 acc=0.9605 cells=118036
[ct_train] saved best checkpoint (val_eval_loss=2.7542 val_acc=0.9605)
[ct_train] rechunked train graphs (seed=17)

=== Epoch 17/1000 ===
[train] loss=4.5268 cls=0.5466 cme=2.2744 acc=0.9541 cells=158379
[ct_train] rechunked train graphs (seed=18)

=== Epoch 18/1000 ===
[train] loss=4.5128 cls=0.5405 cme=2.2699 acc=0.9555 cells=158379
[val]   loss=4.4494 eval=2.7427 cls=0.4672 cme=2.2755 acc=0.9617 cells=118036
[ct_train] saved best checkpoint (val_eval_loss=2.7427 val_acc=0.9617)
[ct_train] rechunked train graphs (seed=19)

=== Epoch 19/1000 ===
[train] loss=4.5009 cls=0.5352 cme=2.2661 acc=0.9565 cells=158379
[ct_train] rechunked train graphs (seed=20)

=== Epoch 20/1000 ===
[train] loss=4.4897 cls=0.5316 cme=2.2618 acc=0.9575 cells=158379
[val]   loss=4.4291 eval=2.7286 cls=0.4612 cme=2.2674 acc=0.9634 cells=118036
[ct_train] saved best checkpoint (val_eval_loss=2.7286 val_acc=0.9634)
[ct_train] rechunked train graphs (seed=21)

=== Epoch 21/1000 ===
[train] loss=4.4855 cls=0.5275 cme=2.2617 acc=0.9583 cells=158379
[ct_train] rechunked train graphs (seed=22)

=== Epoch 22/1000 ===
[train] loss=4.4726 cls=0.5247 cme=2.2559 acc=0.9588 cells=158379
[val]   loss=4.4195 eval=2.7214 cls=0.4574 cme=2.2640 acc=0.9648 cells=118036
[ct_train] saved best checkpoint (val_eval_loss=2.7214 val_acc=0.9648)
[ct_train] rechunked train graphs (seed=23)

=== Epoch 23/1000 ===
[train] loss=4.4661 cls=0.5202 cme=2.2548 acc=0.9601 cells=158379
[ct_train] rechunked train graphs (seed=24)

=== Epoch 24/1000 ===
[train] loss=4.4585 cls=0.5153 cme=2.2532 acc=0.9613 cells=158379
[val]   loss=4.4099 eval=2.7160 cls=0.4575 cme=2.2585 acc=0.9644 cells=118036
[ct_train] saved best checkpoint (val_eval_loss=2.7160 val_acc=0.9648)
[ct_train] rechunked train graphs (seed=25)

=== Epoch 25/1000 ===
[train] loss=4.4494 cls=0.5130 cme=2.2494 acc=0.9616 cells=158379
[ct_train] rechunked train graphs (seed=26)

=== Epoch 26/1000 ===
[train] loss=4.4409 cls=0.5098 cme=2.2464 acc=0.9628 cells=158379
[val]   loss=4.3967 eval=2.7058 cls=0.4512 cme=2.2545 acc=0.9659 cells=118036
[ct_train] saved best checkpoint (val_eval_loss=2.7058 val_acc=0.9659)
[ct_train] rechunked train graphs (seed=27)

=== Epoch 27/1000 ===
[train] loss=4.4352 cls=0.5078 cme=2.2442 acc=0.9633 cells=158379
[ct_train] rechunked train graphs (seed=28)

=== Epoch 28/1000 ===
[train] loss=4.4289 cls=0.5039 cme=2.2429 acc=0.9640 cells=158379
[val]   loss=4.3872 eval=2.6989 cls=0.4479 cme=2.2510 acc=0.9675 cells=118036
[ct_train] saved best checkpoint (val_eval_loss=2.6989 val_acc=0.9675)
[ct_train] rechunked train graphs (seed=29)

=== Epoch 29/1000 ===
[train] loss=4.4235 cls=0.5018 cme=2.2409 acc=0.9642 cells=158379
[ct_train] rechunked train graphs (seed=30)

=== Epoch 30/1000 ===
[train] loss=4.4175 cls=0.4988 cme=2.2393 acc=0.9655 cells=158379
[val]   loss=4.3922 eval=2.7018 cls=0.4478 cme=2.2539 acc=0.9673 cells=118036
[ct_train] early_stopping: no improve on val/eval_loss for 1/28 val checks
[ct_train] rechunked train graphs (seed=31)

=== Epoch 31/1000 ===
[train] loss=4.4143 cls=0.4971 cme=2.2384 acc=0.9659 cells=158379
[ct_train] rechunked train graphs (seed=32)

=== Epoch 32/1000 ===
[train] loss=4.4070 cls=0.4950 cme=2.2354 acc=0.9660 cells=158379
[val]   loss=4.3772 eval=2.6919 cls=0.4450 cme=2.2470 acc=0.9681 cells=118036
[ct_train] saved best checkpoint (val_eval_loss=2.6919 val_acc=0.9681)
[ct_train] rechunked train graphs (seed=33)

=== Epoch 33/1000 ===
[train] loss=4.4065 cls=0.4936 cme=2.2359 acc=0.9660 cells=158379
[ct_train] rechunked train graphs (seed=34)

=== Epoch 34/1000 ===
[train] loss=4.3999 cls=0.4920 cme=2.2331 acc=0.9668 cells=158379
[val]   loss=4.3776 eval=2.6921 cls=0.4446 cme=2.2474 acc=0.9678 cells=118036
[ct_train] early_stopping: no improve on val/eval_loss for 1/28 val checks
[ct_train] rechunked train graphs (seed=35)

=== Epoch 35/1000 ===
[train] loss=4.3992 cls=0.4910 cme=2.2333 acc=0.9664 cells=158379
[ct_train] rechunked train graphs (seed=36)

=== Epoch 36/1000 ===
[train] loss=4.3930 cls=0.4896 cme=2.2305 acc=0.9672 cells=158379
[val]   loss=4.3683 eval=2.6858 cls=0.4424 cme=2.2433 acc=0.9689 cells=118036
[ct_train] saved best checkpoint (val_eval_loss=2.6858 val_acc=0.9689)
[ct_train] rechunked train graphs (seed=37)

=== Epoch 37/1000 ===
[train] loss=4.3921 cls=0.4874 cme=2.2312 acc=0.9677 cells=158379
[ct_train] rechunked train graphs (seed=38)

=== Epoch 38/1000 ===
[train] loss=4.3814 cls=0.4860 cme=2.2260 acc=0.9680 cells=158379
[val]   loss=4.3628 eval=2.6819 cls=0.4408 cme=2.2412 acc=0.9694 cells=118036
[ct_train] saved best checkpoint (val_eval_loss=2.6819 val_acc=0.9694)
[ct_train] rechunked train graphs (seed=39)

=== Epoch 39/1000 ===
[train] loss=4.3820 cls=0.4843 cme=2.2273 acc=0.9688 cells=158379
[ct_train] rechunked train graphs (seed=40)

=== Epoch 40/1000 ===
[train] loss=4.3798 cls=0.4835 cme=2.2264 acc=0.9686 cells=158379
[val]   loss=4.3594 eval=2.6791 cls=0.4387 cme=2.2404 acc=0.9696 cells=118036
[ct_train] saved best checkpoint (val_eval_loss=2.6791 val_acc=0.9696)
[ct_train] rechunked train graphs (seed=41)

=== Epoch 41/1000 ===
[train] loss=4.3750 cls=0.4823 cme=2.2244 acc=0.9694 cells=158379
[ct_train] rechunked train graphs (seed=42)

=== Epoch 42/1000 ===
[train] loss=4.3747 cls=0.4798 cme=2.2257 acc=0.9702 cells=158379
[val]   loss=4.3552 eval=2.6759 cls=0.4367 cme=2.2392 acc=0.9702 cells=118036
[ct_train] saved best checkpoint (val_eval_loss=2.6759 val_acc=0.9702)
[ct_train] rechunked train graphs (seed=43)

=== Epoch 43/1000 ===
[train] loss=4.3657 cls=0.4784 cme=2.2213 acc=0.9700 cells=158379
[ct_train] rechunked train graphs (seed=44)

=== Epoch 44/1000 ===
[train] loss=4.3643 cls=0.4777 cme=2.2209 acc=0.9702 cells=158379
[val]   loss=4.3514 eval=2.6732 cls=0.4356 cme=2.2376 acc=0.9705 cells=118036
[ct_train] saved best checkpoint (val_eval_loss=2.6732 val_acc=0.9705)
[ct_train] rechunked train graphs (seed=45)

=== Epoch 45/1000 ===
[train] loss=4.3590 cls=0.4766 cme=2.2185 acc=0.9704 cells=158379
[ct_train] rechunked train graphs (seed=46)

=== Epoch 46/1000 ===
[train] loss=4.3582 cls=0.4757 cme=2.2186 acc=0.9706 cells=158379
[val]   loss=4.3467 eval=2.6704 cls=0.4355 cme=2.2349 acc=0.9709 cells=118036
[ct_train] saved best checkpoint (val_eval_loss=2.6704 val_acc=0.9709)
[ct_train] rechunked train graphs (seed=47)

=== Epoch 47/1000 ===
[train] loss=4.3573 cls=0.4740 cme=2.2191 acc=0.9713 cells=158379
[ct_train] rechunked train graphs (seed=48)

=== Epoch 48/1000 ===
[train] loss=4.3504 cls=0.4725 cme=2.2159 acc=0.9715 cells=158379
[val]   loss=4.3469 eval=2.6700 cls=0.4341 cme=2.2359 acc=0.9712 cells=118036
[ct_train] saved best checkpoint (val_eval_loss=2.6700 val_acc=0.9712)
[ct_train] rechunked train graphs (seed=49)

=== Epoch 49/1000 ===
[train] loss=4.3500 cls=0.4712 cme=2.2164 acc=0.9717 cells=158379
[ct_train] rechunked train graphs (seed=50)

=== Epoch 50/1000 ===
[train] loss=4.3521 cls=0.4709 cme=2.2178 acc=0.9713 cells=158379
[val]   loss=4.3444 eval=2.6679 cls=0.4324 cme=2.2354 acc=0.9714 cells=118036
[ct_train] saved best checkpoint (val_eval_loss=2.6679 val_acc=0.9714)
[ct_train] rechunked train graphs (seed=51)

=== Epoch 51/1000 ===
[train] loss=4.3456 cls=0.4695 cme=2.2149 acc=0.9723 cells=158379
[ct_train] rechunked train graphs (seed=52)

=== Epoch 52/1000 ===
[train] loss=4.3427 cls=0.4692 cme=2.2134 acc=0.9724 cells=158379
[val]   loss=4.3391 eval=2.6643 cls=0.4313 cme=2.2330 acc=0.9717 cells=118036
[ct_train] saved best checkpoint (val_eval_loss=2.6643 val_acc=0.9717)
[ct_train] rechunked train graphs (seed=53)

=== Epoch 53/1000 ===
[train] loss=4.3409 cls=0.4681 cme=2.2130 acc=0.9720 cells=158379
[ct_train] rechunked train graphs (seed=54)

=== Epoch 54/1000 ===
[train] loss=4.3377 cls=0.4671 cme=2.2118 acc=0.9725 cells=158379
[val]   loss=4.3367 eval=2.6629 cls=0.4311 cme=2.2318 acc=0.9716 cells=118036
[ct_train] saved best checkpoint (val_eval_loss=2.6629 val_acc=0.9717)
[ct_train] rechunked train graphs (seed=55)

=== Epoch 55/1000 ===
[train] loss=4.3335 cls=0.4659 cme=2.2101 acc=0.9728 cells=158379
[ct_train] rechunked train graphs (seed=56)

=== Epoch 56/1000 ===
[train] loss=4.3340 cls=0.4657 cme=2.2105 acc=0.9730 cells=158379
[val]   loss=4.3393 eval=2.6638 cls=0.4298 cme=2.2340 acc=0.9721 cells=118036
[ct_train] early_stopping: no improve on val/eval_loss for 1/28 val checks
[ct_train] rechunked train graphs (seed=57)

=== Epoch 57/1000 ===
[train] loss=4.3312 cls=0.4633 cme=2.2102 acc=0.9736 cells=158379
[ct_train] rechunked train graphs (seed=58)

=== Epoch 58/1000 ===
[train] loss=4.3281 cls=0.4632 cme=2.2085 acc=0.9734 cells=158379
[val]   loss=4.3334 eval=2.6599 cls=0.4285 cme=2.2314 acc=0.9725 cells=118036
[ct_train] saved best checkpoint (val_eval_loss=2.6599 val_acc=0.9725)
[ct_train] rechunked train graphs (seed=59)

=== Epoch 59/1000 ===
[train] loss=4.3255 cls=0.4620 cme=2.2077 acc=0.9739 cells=158379
[ct_train] rechunked train graphs (seed=60)

=== Epoch 60/1000 ===
[train] loss=4.3248 cls=0.4612 cme=2.2078 acc=0.9742 cells=158379
[val]   loss=4.3293 eval=2.6567 cls=0.4264 cme=2.2302 acc=0.9728 cells=118036
[ct_train] saved best checkpoint (val_eval_loss=2.6567 val_acc=0.9728)
[ct_train] rechunked train graphs (seed=61)

=== Epoch 61/1000 ===
[train] loss=4.3171 cls=0.4601 cme=2.2040 acc=0.9745 cells=158379
[ct_train] rechunked train graphs (seed=62)

=== Epoch 62/1000 ===
[train] loss=4.3233 cls=0.4599 cme=2.2076 acc=0.9745 cells=158379
[val]   loss=4.3302 eval=2.6579 cls=0.4282 cme=2.2297 acc=0.9724 cells=118036
[ct_train] early_stopping: no improve on val/eval_loss for 1/28 val checks
[ct_train] rechunked train graphs (seed=63)

=== Epoch 63/1000 ===
[train] loss=4.3201 cls=0.4595 cme=2.2061 acc=0.9744 cells=158379
[ct_train] rechunked train graphs (seed=64)

=== Epoch 64/1000 ===
[train] loss=4.3165 cls=0.4583 cme=2.2047 acc=0.9749 cells=158379
[val]   loss=4.3252 eval=2.6545 cls=0.4269 cme=2.2276 acc=0.9728 cells=118036
[ct_train] saved best checkpoint (val_eval_loss=2.6545 val_acc=0.9728)
[ct_train] rechunked train graphs (seed=65)

=== Epoch 65/1000 ===
[train] loss=4.3143 cls=0.4577 cme=2.2038 acc=0.9750 cells=158379
[ct_train] rechunked train graphs (seed=66)

=== Epoch 66/1000 ===
[train] loss=4.3137 cls=0.4567 cme=2.2040 acc=0.9752 cells=158379
[val]   loss=4.3271 eval=2.6558 cls=0.4273 cme=2.2285 acc=0.9727 cells=118036
[ct_train] early_stopping: no improve on val/eval_loss for 1/28 val checks
[ct_train] rechunked train graphs (seed=67)

=== Epoch 67/1000 ===
[train] loss=4.3147 cls=0.4576 cme=2.2041 acc=0.9749 cells=158379
[ct_train] rechunked train graphs (seed=68)

=== Epoch 68/1000 ===
[train] loss=4.3153 cls=0.4556 cme=2.2055 acc=0.9754 cells=158379
[val]   loss=4.3243 eval=2.6538 cls=0.4265 cme=2.2274 acc=0.9731 cells=118036
[ct_train] saved best checkpoint (val_eval_loss=2.6538 val_acc=0.9731)
[ct_train] rechunked train graphs (seed=69)

=== Epoch 69/1000 ===
[train] loss=4.3090 cls=0.4539 cme=2.2029 acc=0.9763 cells=158379
[ct_train] rechunked train graphs (seed=70)

=== Epoch 70/1000 ===
[train] loss=4.3085 cls=0.4544 cme=2.2023 acc=0.9759 cells=158379
[val]   loss=4.3245 eval=2.6534 cls=0.4253 cme=2.2281 acc=0.9736 cells=118036
[ct_train] saved best checkpoint (val_eval_loss=2.6534 val_acc=0.9736)
[ct_train] rechunked train graphs (seed=71)

=== Epoch 71/1000 ===
[train] loss=4.3079 cls=0.4538 cme=2.2023 acc=0.9758 cells=158379
[ct_train] rechunked train graphs (seed=72)

=== Epoch 72/1000 ===
[train] loss=4.3037 cls=0.4538 cme=2.1999 acc=0.9754 cells=158379
[val]   loss=4.3226 eval=2.6526 cls=0.4259 cme=2.2267 acc=0.9732 cells=118036
[ct_train] saved best checkpoint (val_eval_loss=2.6526 val_acc=0.9736)
[ct_train] rechunked train graphs (seed=73)

=== Epoch 73/1000 ===
[train] loss=4.3028 cls=0.4536 cme=2.1996 acc=0.9761 cells=158379
[ct_train] rechunked train graphs (seed=74)

=== Epoch 74/1000 ===
[train] loss=4.2997 cls=0.4522 cme=2.1986 acc=0.9766 cells=158379
[val]   loss=4.3186 eval=2.6499 cls=0.4250 cme=2.2249 acc=0.9730 cells=118036
[ct_train] saved best checkpoint (val_eval_loss=2.6499 val_acc=0.9736)
[ct_train] rechunked train graphs (seed=75)

=== Epoch 75/1000 ===
[train] loss=4.3005 cls=0.4516 cme=2.1994 acc=0.9762 cells=158379
[ct_train] rechunked train graphs (seed=76)

=== Epoch 76/1000 ===
[train] loss=4.2965 cls=0.4504 cme=2.1978 acc=0.9770 cells=158379
[val]   loss=4.3190 eval=2.6498 cls=0.4242 cme=2.2256 acc=0.9737 cells=118036
[ct_train] saved best checkpoint (val_eval_loss=2.6498 val_acc=0.9737)
[ct_train] early_stopping: no improve on val/eval_loss for 1/28 val checks
[ct_train] rechunked train graphs (seed=77)

=== Epoch 77/1000 ===
[train] loss=4.2971 cls=0.4508 cme=2.1979 acc=0.9767 cells=158379
[ct_train] rechunked train graphs (seed=78)

=== Epoch 78/1000 ===
[train] loss=4.2928 cls=0.4506 cme=2.1955 acc=0.9769 cells=158379
[val]   loss=4.3186 eval=2.6503 cls=0.4260 cme=2.2244 acc=0.9731 cells=118036
[ct_train] early_stopping: no improve on val/eval_loss for 2/28 val checks
[ct_train] rechunked train graphs (seed=79)

=== Epoch 79/1000 ===
[train] loss=4.2968 cls=0.4505 cme=2.1979 acc=0.9770 cells=158379
[ct_train] rechunked train graphs (seed=80)

=== Epoch 80/1000 ===
[train] loss=4.2877 cls=0.4497 cme=2.1932 acc=0.9769 cells=158379
[val]   loss=4.3185 eval=2.6498 cls=0.4248 cme=2.2250 acc=0.9736 cells=118036
[ct_train] saved best checkpoint (val_eval_loss=2.6498 val_acc=0.9737)
[ct_train] early_stopping: no improve on val/eval_loss for 3/28 val checks
[ct_train] rechunked train graphs (seed=81)

=== Epoch 81/1000 ===
[train] loss=4.2945 cls=0.4492 cme=2.1973 acc=0.9770 cells=158379
[ct_train] rechunked train graphs (seed=82)

=== Epoch 82/1000 ===
[train] loss=4.2954 cls=0.4489 cme=2.1980 acc=0.9772 cells=158379
[val]   loss=4.3184 eval=2.6490 cls=0.4231 cme=2.2259 acc=0.9737 cells=118036
[ct_train] saved best checkpoint (val_eval_loss=2.6490 val_acc=0.9737)
[ct_train] rechunked train graphs (seed=83)

=== Epoch 83/1000 ===
[train] loss=4.2922 cls=0.4485 cme=2.1964 acc=0.9772 cells=158379
[ct_train] rechunked train graphs (seed=84)

=== Epoch 84/1000 ===
[train] loss=4.2891 cls=0.4479 cme=2.1950 acc=0.9773 cells=158379
[val]   loss=4.3147 eval=2.6470 cls=0.4235 cme=2.2236 acc=0.9739 cells=118036
[ct_train] saved best checkpoint (val_eval_loss=2.6470 val_acc=0.9739)
[ct_train] rechunked train graphs (seed=85)

=== Epoch 85/1000 ===
[train] loss=4.2942 cls=0.4466 cme=2.1986 acc=0.9776 cells=158379
[ct_train] rechunked train graphs (seed=86)

=== Epoch 86/1000 ===
[train] loss=4.2852 cls=0.4455 cme=2.1941 acc=0.9780 cells=158379
[val]   loss=4.3200 eval=2.6494 cls=0.4220 cme=2.2275 acc=0.9741 cells=118036
[ct_train] early_stopping: no improve on val/eval_loss for 1/28 val checks
[ct_train] rechunked train graphs (seed=87)

=== Epoch 87/1000 ===
[train] loss=4.2847 cls=0.4451 cme=2.1941 acc=0.9783 cells=158379
[ct_train] rechunked train graphs (seed=88)

=== Epoch 88/1000 ===
[train] loss=4.2830 cls=0.4456 cme=2.1928 acc=0.9779 cells=158379
[val]   loss=4.3102 eval=2.6435 cls=0.4213 cme=2.2223 acc=0.9746 cells=118036
[ct_train] saved best checkpoint (val_eval_loss=2.6435 val_acc=0.9746)
[ct_train] rechunked train graphs (seed=89)

=== Epoch 89/1000 ===
[train] loss=4.2834 cls=0.4450 cme=2.1934 acc=0.9782 cells=158379
[ct_train] rechunked train graphs (seed=90)

=== Epoch 90/1000 ===
[train] loss=4.2799 cls=0.4445 cme=2.1917 acc=0.9782 cells=158379
[val]   loss=4.3124 eval=2.6450 cls=0.4219 cme=2.2232 acc=0.9741 cells=118036
[ct_train] early_stopping: no improve on val/eval_loss for 1/28 val checks
[ct_train] rechunked train graphs (seed=91)

=== Epoch 91/1000 ===
[train] loss=4.2791 cls=0.4443 cme=2.1913 acc=0.9786 cells=158379
[ct_train] rechunked train graphs (seed=92)

=== Epoch 92/1000 ===
[train] loss=4.2780 cls=0.4441 cme=2.1908 acc=0.9785 cells=158379
[val]   loss=4.3109 eval=2.6443 cls=0.4220 cme=2.2223 acc=0.9743 cells=118036
[ct_train] early_stopping: no improve on val/eval_loss for 2/28 val checks
[ct_train] rechunked train graphs (seed=93)

=== Epoch 93/1000 ===
[train] loss=4.2774 cls=0.4429 cme=2.1911 acc=0.9789 cells=158379
[ct_train] rechunked train graphs (seed=94)

=== Epoch 94/1000 ===
[train] loss=4.2807 cls=0.4435 cme=2.1927 acc=0.9788 cells=158379
[val]   loss=4.3079 eval=2.6419 cls=0.4207 cme=2.2212 acc=0.9744 cells=118036
[ct_train] saved best checkpoint (val_eval_loss=2.6419 val_acc=0.9746)
[ct_train] rechunked train graphs (seed=95)

=== Epoch 95/1000 ===
[train] loss=4.2727 cls=0.4416 cme=2.1892 acc=0.9790 cells=158379
[ct_train] rechunked train graphs (seed=96)

=== Epoch 96/1000 ===
[train] loss=4.2716 cls=0.4430 cme=2.1877 acc=0.9786 cells=158379
[val]   loss=4.3108 eval=2.6438 cls=0.4211 cme=2.2227 acc=0.9742 cells=118036
[ct_train] early_stopping: no improve on val/eval_loss for 1/28 val checks
[ct_train] rechunked train graphs (seed=97)

=== Epoch 97/1000 ===
[train] loss=4.2756 cls=0.4411 cme=2.1911 acc=0.9791 cells=158379
[ct_train] rechunked train graphs (seed=98)

=== Epoch 98/1000 ===
[train] loss=4.2704 cls=0.4403 cme=2.1886 acc=0.9793 cells=158379
[val]   loss=4.3072 eval=2.6417 cls=0.4209 cme=2.2207 acc=0.9746 cells=118036
[ct_train] saved best checkpoint (val_eval_loss=2.6417 val_acc=0.9746)
[ct_train] early_stopping: no improve on val/eval_loss for 2/28 val checks
[ct_train] rechunked train graphs (seed=99)

=== Epoch 99/1000 ===
[train] loss=4.2707 cls=0.4413 cme=2.1882 acc=0.9792 cells=158379
[ct_train] rechunked train graphs (seed=100)

=== Epoch 100/1000 ===
[train] loss=4.2706 cls=0.4408 cme=2.1884 acc=0.9790 cells=158379
[val]   loss=4.3085 eval=2.6416 cls=0.4190 cme=2.2226 acc=0.9750 cells=118036
[ct_train] saved best checkpoint (val_eval_loss=2.6416 val_acc=0.9750)
[ct_train] early_stopping: no improve on val/eval_loss for 3/28 val checks
[ct_train] rechunked train graphs (seed=101)

=== Epoch 101/1000 ===
[train] loss=4.2723 cls=0.4404 cme=2.1897 acc=0.9796 cells=158379
[ct_train] rechunked train graphs (seed=102)

=== Epoch 102/1000 ===
[train] loss=4.2687 cls=0.4397 cme=2.1880 acc=0.9797 cells=158379
[val]   loss=4.3083 eval=2.6422 cls=0.4207 cme=2.2215 acc=0.9742 cells=118036
[ct_train] early_stopping: no improve on val/eval_loss for 4/28 val checks
[ct_train] rechunked train graphs (seed=103)

=== Epoch 103/1000 ===
[train] loss=4.2660 cls=0.4397 cme=2.1865 acc=0.9794 cells=158379
[ct_train] rechunked train graphs (seed=104)

=== Epoch 104/1000 ===
[train] loss=4.2653 cls=0.4392 cme=2.1863 acc=0.9798 cells=158379
[val]   loss=4.3078 eval=2.6415 cls=0.4199 cme=2.2216 acc=0.9743 cells=118036
[ct_train] saved best checkpoint (val_eval_loss=2.6415 val_acc=0.9750)
[ct_train] early_stopping: no improve on val/eval_loss for 5/28 val checks
[ct_train] rechunked train graphs (seed=105)

=== Epoch 105/1000 ===
[train] loss=4.2646 cls=0.4384 cme=2.1864 acc=0.9799 cells=158379
[ct_train] rechunked train graphs (seed=106)

=== Epoch 106/1000 ===
[train] loss=4.2646 cls=0.4380 cme=2.1866 acc=0.9799 cells=158379
[val]   loss=4.3087 eval=2.6422 cls=0.4202 cme=2.2220 acc=0.9742 cells=118036
[ct_train] early_stopping: no improve on val/eval_loss for 6/28 val checks
[ct_train] rechunked train graphs (seed=107)

=== Epoch 107/1000 ===
[train] loss=4.2648 cls=0.4378 cme=2.1868 acc=0.9796 cells=158379
[ct_train] rechunked train graphs (seed=108)

=== Epoch 108/1000 ===
[train] loss=4.2567 cls=0.4377 cme=2.1823 acc=0.9799 cells=158379
[val]   loss=4.3054 eval=2.6401 cls=0.4196 cme=2.2205 acc=0.9749 cells=118036
[ct_train] saved best checkpoint (val_eval_loss=2.6401 val_acc=0.9750)
[ct_train] rechunked train graphs (seed=109)

=== Epoch 109/1000 ===
[train] loss=4.2582 cls=0.4377 cme=2.1832 acc=0.9798 cells=158379
[ct_train] rechunked train graphs (seed=110)

=== Epoch 110/1000 ===
[train] loss=4.2561 cls=0.4365 cme=2.1826 acc=0.9805 cells=158379
[val]   loss=4.3059 eval=2.6404 cls=0.4196 cme=2.2207 acc=0.9748 cells=118036
[ct_train] early_stopping: no improve on val/eval_loss for 1/28 val checks
[ct_train] rechunked train graphs (seed=111)

=== Epoch 111/1000 ===
[train] loss=4.2574 cls=0.4363 cme=2.1835 acc=0.9801 cells=158379
[ct_train] rechunked train graphs (seed=112)

=== Epoch 112/1000 ===
[train] loss=4.2600 cls=0.4358 cme=2.1853 acc=0.9808 cells=158379
[val]   loss=4.3033 eval=2.6387 cls=0.4193 cme=2.2195 acc=0.9749 cells=118036
[ct_train] saved best checkpoint (val_eval_loss=2.6387 val_acc=0.9750)
[ct_train] rechunked train graphs (seed=113)

=== Epoch 113/1000 ===
[train] loss=4.2558 cls=0.4359 cme=2.1828 acc=0.9804 cells=158379
[ct_train] rechunked train graphs (seed=114)

=== Epoch 114/1000 ===
[train] loss=4.2575 cls=0.4353 cme=2.1841 acc=0.9806 cells=158379
[val]   loss=4.3044 eval=2.6396 cls=0.4199 cme=2.2197 acc=0.9748 cells=118036
[ct_train] early_stopping: no improve on val/eval_loss for 1/28 val checks
[ct_train] rechunked train graphs (seed=115)

=== Epoch 115/1000 ===
[train] loss=4.2571 cls=0.4349 cme=2.1841 acc=0.9810 cells=158379
[ct_train] rechunked train graphs (seed=116)

=== Epoch 116/1000 ===
[train] loss=4.2446 cls=0.4342 cme=2.1774 acc=0.9809 cells=158379
[val]   loss=4.3152 eval=2.6451 cls=0.4183 cme=2.2269 acc=0.9750 cells=118036
[ct_train] early_stopping: no improve on val/eval_loss for 2/28 val checks
[ct_train] rechunked train graphs (seed=117)

=== Epoch 117/1000 ===
[train] loss=4.2544 cls=0.4340 cme=2.1831 acc=0.9808 cells=158379
[ct_train] rechunked train graphs (seed=118)

=== Epoch 118/1000 ===
[train] loss=4.2563 cls=0.4340 cme=2.1841 acc=0.9808 cells=158379
[val]   loss=4.3045 eval=2.6391 cls=0.4185 cme=2.2205 acc=0.9749 cells=118036
[ct_train] early_stopping: no improve on val/eval_loss for 3/28 val checks
[ct_train] rechunked train graphs (seed=119)

=== Epoch 119/1000 ===
[train] loss=4.2497 cls=0.4336 cme=2.1806 acc=0.9809 cells=158379
[ct_train] rechunked train graphs (seed=120)

=== Epoch 120/1000 ===
[train] loss=4.2498 cls=0.4334 cme=2.1808 acc=0.9813 cells=158379
[val]   loss=4.3041 eval=2.6392 cls=0.4193 cme=2.2199 acc=0.9749 cells=118036
[ct_train] early_stopping: no improve on val/eval_loss for 4/28 val checks
[ct_train] rechunked train graphs (seed=121)

=== Epoch 121/1000 ===
[train] loss=4.2474 cls=0.4331 cme=2.1796 acc=0.9816 cells=158379
[ct_train] rechunked train graphs (seed=122)

=== Epoch 122/1000 ===
[train] loss=4.2463 cls=0.4325 cme=2.1793 acc=0.9814 cells=158379
[val]   loss=4.3042 eval=2.6388 cls=0.4183 cme=2.2205 acc=0.9751 cells=118036
[ct_train] early_stopping: no improve on val/eval_loss for 5/28 val checks
[ct_train] rechunked train graphs (seed=123)

=== Epoch 123/1000 ===
[train] loss=4.2477 cls=0.4325 cme=2.1801 acc=0.9817 cells=158379
[ct_train] rechunked train graphs (seed=124)

=== Epoch 124/1000 ===
[train] loss=4.2512 cls=0.4321 cme=2.1824 acc=0.9812 cells=158379
[val]   loss=4.3253 eval=2.6514 cls=0.4196 cme=2.2319 acc=0.9743 cells=118036
[ct_train] early_stopping: no improve on val/eval_loss for 6/28 val checks
[ct_train] rechunked train graphs (seed=125)

=== Epoch 125/1000 ===
[train] loss=4.2471 cls=0.4316 cme=2.1803 acc=0.9814 cells=158379
[ct_train] rechunked train graphs (seed=126)

=== Epoch 126/1000 ===
[train] loss=4.2490 cls=0.4312 cme=2.1816 acc=0.9816 cells=158379
[val]   loss=4.3072 eval=2.6408 cls=0.4190 cme=2.2218 acc=0.9750 cells=118036
[ct_train] early_stopping: no improve on val/eval_loss for 7/28 val checks
[ct_train] rechunked train graphs (seed=127)

=== Epoch 127/1000 ===
[train] loss=4.2443 cls=0.4301 cme=2.1795 acc=0.9821 cells=158379
[ct_train] rechunked train graphs (seed=128)

=== Epoch 128/1000 ===
[train] loss=4.2408 cls=0.4303 cme=2.1774 acc=0.9819 cells=158379
[val]   loss=4.2991 eval=2.6357 cls=0.4179 cme=2.2179 acc=0.9751 cells=118036
[ct_train] saved best checkpoint (val_eval_loss=2.6357 val_acc=0.9751)
[ct_train] rechunked train graphs (seed=129)

=== Epoch 129/1000 ===
[train] loss=4.2432 cls=0.4298 cme=2.1791 acc=0.9823 cells=158379
[ct_train] rechunked train graphs (seed=130)

=== Epoch 130/1000 ===
[train] loss=4.2423 cls=0.4302 cme=2.1784 acc=0.9819 cells=158379
[val]   loss=4.3008 eval=2.6360 cls=0.4163 cme=2.2197 acc=0.9755 cells=118036
[ct_train] early_stopping: no improve on val/eval_loss for 1/28 val checks
[ct_train] rechunked train graphs (seed=131)

=== Epoch 131/1000 ===
[train] loss=4.2412 cls=0.4298 cme=2.1780 acc=0.9820 cells=158379
[ct_train] rechunked train graphs (seed=132)

=== Epoch 132/1000 ===
[train] loss=4.2417 cls=0.4297 cme=2.1783 acc=0.9823 cells=158379
[val]   loss=4.3013 eval=2.6366 cls=0.4170 cme=2.2196 acc=0.9755 cells=118036
[ct_train] early_stopping: no improve on val/eval_loss for 2/28 val checks
[ct_train] rechunked train graphs (seed=133)

=== Epoch 133/1000 ===
[train] loss=4.2375 cls=0.4285 cme=2.1766 acc=0.9824 cells=158379
[ct_train] rechunked train graphs (seed=134)

=== Epoch 134/1000 ===
[train] loss=4.2393 cls=0.4292 cme=2.1772 acc=0.9824 cells=158379
[val]   loss=4.3036 eval=2.6387 cls=0.4188 cme=2.2199 acc=0.9748 cells=118036
[ct_train] early_stopping: no improve on val/eval_loss for 3/28 val checks
[ct_train] rechunked train graphs (seed=135)

=== Epoch 135/1000 ===
[train] loss=4.2368 cls=0.4291 cme=2.1758 acc=0.9823 cells=158379
[ct_train] rechunked train graphs (seed=136)

=== Epoch 136/1000 ===
[train] loss=4.2359 cls=0.4281 cme=2.1759 acc=0.9823 cells=158379
[val]   loss=4.2995 eval=2.6357 cls=0.4174 cme=2.2183 acc=0.9754 cells=118036
[ct_train] early_stopping: no improve on val/eval_loss for 4/28 val checks
[ct_train] rechunked train graphs (seed=137)

=== Epoch 137/1000 ===
[train] loss=4.2337 cls=0.4276 cme=2.1749 acc=0.9828 cells=158379
[ct_train] rechunked train graphs (seed=138)

=== Epoch 138/1000 ===
[train] loss=4.2353 cls=0.4284 cme=2.1754 acc=0.9823 cells=158379
[val]   loss=4.3004 eval=2.6367 cls=0.4183 cme=2.2183 acc=0.9751 cells=118036
[ct_train] early_stopping: no improve on val/eval_loss for 5/28 val checks
[ct_train] rechunked train graphs (seed=139)

=== Epoch 139/1000 ===
[train] loss=4.2327 cls=0.4268 cme=2.1748 acc=0.9830 cells=158379
[ct_train] rechunked train graphs (seed=140)

=== Epoch 140/1000 ===
[train] loss=4.2344 cls=0.4271 cme=2.1756 acc=0.9829 cells=158379
[val]   loss=4.3037 eval=2.6388 cls=0.4188 cme=2.2200 acc=0.9751 cells=118036
[ct_train] early_stopping: no improve on val/eval_loss for 6/28 val checks
[ct_train] rechunked train graphs (seed=141)

=== Epoch 141/1000 ===
[train] loss=4.2359 cls=0.4273 cme=2.1763 acc=0.9827 cells=158379
[ct_train] rechunked train graphs (seed=142)

=== Epoch 142/1000 ===
[train] loss=4.2347 cls=0.4267 cme=2.1760 acc=0.9828 cells=158379
[val]   loss=4.3018 eval=2.6368 cls=0.4168 cme=2.2200 acc=0.9754 cells=118036
[ct_train] early_stopping: no improve on val/eval_loss for 7/28 val checks
[ct_train] rechunked train graphs (seed=143)

=== Epoch 143/1000 ===
[train] loss=4.2296 cls=0.4261 cme=2.1735 acc=0.9832 cells=158379
[ct_train] rechunked train graphs (seed=144)

=== Epoch 144/1000 ===
[train] loss=4.2345 cls=0.4259 cme=2.1764 acc=0.9834 cells=158379
[val]   loss=4.2987 eval=2.6353 cls=0.4173 cme=2.2179 acc=0.9756 cells=118036
[ct_train] saved best checkpoint (val_eval_loss=2.6353 val_acc=0.9756)
[ct_train] rechunked train graphs (seed=145)

=== Epoch 145/1000 ===
[train] loss=4.2272 cls=0.4258 cme=2.1722 acc=0.9833 cells=158379
[ct_train] rechunked train graphs (seed=146)

=== Epoch 146/1000 ===
[train] loss=4.2329 cls=0.4268 cme=2.1749 acc=0.9833 cells=158379
[val]   loss=4.2963 eval=2.6341 cls=0.4177 cme=2.2164 acc=0.9754 cells=118036
[ct_train] saved best checkpoint (val_eval_loss=2.6341 val_acc=0.9756)
[ct_train] rechunked train graphs (seed=147)

=== Epoch 147/1000 ===
[train] loss=4.2324 cls=0.4253 cme=2.1755 acc=0.9833 cells=158379
[ct_train] rechunked train graphs (seed=148)

=== Epoch 148/1000 ===
[train] loss=4.2242 cls=0.4244 cme=2.1713 acc=0.9835 cells=158379
[val]   loss=4.3064 eval=2.6397 cls=0.4173 cme=2.2224 acc=0.9756 cells=118036
[ct_train] early_stopping: no improve on val/eval_loss for 1/28 val checks
[ct_train] rechunked train graphs (seed=149)

=== Epoch 149/1000 ===
[train] loss=4.2307 cls=0.4252 cme=2.1746 acc=0.9837 cells=158379
[ct_train] rechunked train graphs (seed=150)

=== Epoch 150/1000 ===
[train] loss=4.2252 cls=0.4254 cme=2.1713 acc=0.9831 cells=158379
[val]   loss=4.2968 eval=2.6344 cls=0.4179 cme=2.2165 acc=0.9754 cells=118036
[ct_train] early_stopping: no improve on val/eval_loss for 2/28 val checks
[ct_train] rechunked train graphs (seed=151)

=== Epoch 151/1000 ===
[train] loss=4.2252 cls=0.4245 cme=2.1719 acc=0.9837 cells=158379
[ct_train] rechunked train graphs (seed=152)

=== Epoch 152/1000 ===
[train] loss=4.2264 cls=0.4244 cme=2.1726 acc=0.9837 cells=158379
[val]   loss=4.2961 eval=2.6334 cls=0.4164 cme=2.2170 acc=0.9759 cells=118036
[ct_train] saved best checkpoint (val_eval_loss=2.6334 val_acc=0.9759)
[ct_train] rechunked train graphs (seed=153)

=== Epoch 153/1000 ===
[train] loss=4.2244 cls=0.4242 cme=2.1716 acc=0.9835 cells=158379
[ct_train] rechunked train graphs (seed=154)

=== Epoch 154/1000 ===
[train] loss=4.2222 cls=0.4231 cme=2.1709 acc=0.9840 cells=158379
[val]   loss=4.2982 eval=2.6354 cls=0.4183 cme=2.2171 acc=0.9752 cells=118036
[ct_train] early_stopping: no improve on val/eval_loss for 1/28 val checks
[ct_train] rechunked train graphs (seed=155)

=== Epoch 155/1000 ===
[train] loss=4.2239 cls=0.4235 cme=2.1717 acc=0.9840 cells=158379
[ct_train] rechunked train graphs (seed=156)

=== Epoch 156/1000 ===
[train] loss=4.2213 cls=0.4233 cme=2.1703 acc=0.9837 cells=158379
[val]   loss=4.2999 eval=2.6367 cls=0.4192 cme=2.2176 acc=0.9749 cells=118036
[ct_train] early_stopping: no improve on val/eval_loss for 2/28 val checks
[ct_train] rechunked train graphs (seed=157)

=== Epoch 157/1000 ===
[train] loss=4.2228 cls=0.4238 cme=2.1709 acc=0.9838 cells=158379
[ct_train] rechunked train graphs (seed=158)

=== Epoch 158/1000 ===
[train] loss=4.2227 cls=0.4231 cme=2.1712 acc=0.9841 cells=158379
[val]   loss=4.2955 eval=2.6328 cls=0.4159 cme=2.2169 acc=0.9761 cells=118036
[ct_train] saved best checkpoint (val_eval_loss=2.6328 val_acc=0.9761)
[ct_train] rechunked train graphs (seed=159)

=== Epoch 159/1000 ===
[train] loss=4.2166 cls=0.4217 cme=2.1685 acc=0.9843 cells=158379
[ct_train] rechunked train graphs (seed=160)

=== Epoch 160/1000 ===
[train] loss=4.2263 cls=0.4223 cme=2.1737 acc=0.9843 cells=158379
[val]   loss=4.2958 eval=2.6341 cls=0.4185 cme=2.2157 acc=0.9752 cells=118036
[ct_train] early_stopping: no improve on val/eval_loss for 1/28 val checks
[ct_train] rechunked train graphs (seed=161)

=== Epoch 161/1000 ===
[train] loss=4.2258 cls=0.4223 cme=2.1734 acc=0.9842 cells=158379
[ct_train] rechunked train graphs (seed=162)

=== Epoch 162/1000 ===
[train] loss=4.2188 cls=0.4212 cme=2.1701 acc=0.9846 cells=158379
[val]   loss=4.2978 eval=2.6348 cls=0.4175 cme=2.2173 acc=0.9755 cells=118036
[ct_train] early_stopping: no improve on val/eval_loss for 2/28 val checks
[ct_train] rechunked train graphs (seed=163)

=== Epoch 163/1000 ===
[train] loss=4.2188 cls=0.4213 cme=2.1700 acc=0.9845 cells=158379
[ct_train] rechunked train graphs (seed=164)

=== Epoch 164/1000 ===
[train] loss=4.2202 cls=0.4216 cme=2.1706 acc=0.9843 cells=158379
[val]   loss=4.3000 eval=2.6358 cls=0.4168 cme=2.2189 acc=0.9759 cells=118036
[ct_train] early_stopping: no improve on val/eval_loss for 3/28 val checks
[ct_train] rechunked train graphs (seed=165)

=== Epoch 165/1000 ===
[train] loss=4.2189 cls=0.4208 cme=2.1703 acc=0.9850 cells=158379
[ct_train] rechunked train graphs (seed=166)

=== Epoch 166/1000 ===
[train] loss=4.2196 cls=0.4208 cme=2.1708 acc=0.9845 cells=158379
[val]   loss=4.2956 eval=2.6331 cls=0.4163 cme=2.2167 acc=0.9758 cells=118036
[ct_train] early_stopping: no improve on val/eval_loss for 4/28 val checks
[ct_train] rechunked train graphs (seed=167)

=== Epoch 167/1000 ===
[train] loss=4.2142 cls=0.4207 cme=2.1678 acc=0.9846 cells=158379
[ct_train] rechunked train graphs (seed=168)

=== Epoch 168/1000 ===
[train] loss=4.2182 cls=0.4209 cme=2.1699 acc=0.9845 cells=158379
[val]   loss=4.2933 eval=2.6323 cls=0.4177 cme=2.2147 acc=0.9754 cells=118036
[ct_train] saved best checkpoint (val_eval_loss=2.6323 val_acc=0.9761)
[ct_train] rechunked train graphs (seed=169)

=== Epoch 169/1000 ===
[train] loss=4.2145 cls=0.4207 cme=2.1679 acc=0.9846 cells=158379
[ct_train] rechunked train graphs (seed=170)

=== Epoch 170/1000 ===
[train] loss=4.2165 cls=0.4208 cme=2.1690 acc=0.9847 cells=158379
[val]   loss=4.3013 eval=2.6376 cls=0.4192 cme=2.2183 acc=0.9750 cells=118036
[ct_train] early_stopping: no improve on val/eval_loss for 1/28 val checks
[ct_train] rechunked train graphs (seed=171)

=== Epoch 171/1000 ===
[train] loss=4.2120 cls=0.4195 cme=2.1671 acc=0.9850 cells=158379
[ct_train] rechunked train graphs (seed=172)

=== Epoch 172/1000 ===
[train] loss=4.2130 cls=0.4190 cme=2.1680 acc=0.9849 cells=158379
[val]   loss=4.2994 eval=2.6359 cls=0.4178 cme=2.2181 acc=0.9756 cells=118036
[ct_train] early_stopping: no improve on val/eval_loss for 2/28 val checks
[ct_train] rechunked train graphs (seed=173)

=== Epoch 173/1000 ===
[train] loss=4.2129 cls=0.4198 cme=2.1675 acc=0.9848 cells=158379
[ct_train] rechunked train graphs (seed=174)

=== Epoch 174/1000 ===
[train] loss=4.2080 cls=0.4179 cme=2.1658 acc=0.9853 cells=158379
[val]   loss=4.2970 eval=2.6345 cls=0.4179 cme=2.2166 acc=0.9759 cells=118036
[ct_train] early_stopping: no improve on val/eval_loss for 3/28 val checks
[ct_train] rechunked train graphs (seed=175)

=== Epoch 175/1000 ===
[train] loss=4.2147 cls=0.4186 cme=2.1692 acc=0.9854 cells=158379
[ct_train] rechunked train graphs (seed=176)

=== Epoch 176/1000 ===
[train] loss=4.2082 cls=0.4184 cme=2.1656 acc=0.9851 cells=158379
[val]   loss=4.2972 eval=2.6338 cls=0.4159 cme=2.2179 acc=0.9762 cells=118036
[ct_train] early_stopping: no improve on val/eval_loss for 4/28 val checks
[ct_train] rechunked train graphs (seed=177)

=== Epoch 177/1000 ===
[train] loss=4.2076 cls=0.4179 cme=2.1655 acc=0.9855 cells=158379
[ct_train] rechunked train graphs (seed=178)

=== Epoch 178/1000 ===
[train] loss=4.2073 cls=0.4176 cme=2.1655 acc=0.9857 cells=158379
[val]   loss=4.3044 eval=2.6385 cls=0.4174 cme=2.2211 acc=0.9756 cells=118036
[ct_train] early_stopping: no improve on val/eval_loss for 5/28 val checks
[ct_train] rechunked train graphs (seed=179)

=== Epoch 179/1000 ===
[train] loss=4.2046 cls=0.4173 cme=2.1641 acc=0.9854 cells=158379
[ct_train] rechunked train graphs (seed=180)

=== Epoch 180/1000 ===
[train] loss=4.2048 cls=0.4170 cme=2.1645 acc=0.9858 cells=158379
[val]   loss=4.2975 eval=2.6344 cls=0.4170 cme=2.2174 acc=0.9759 cells=118036
[ct_train] early_stopping: no improve on val/eval_loss for 6/28 val checks
[ct_train] rechunked train graphs (seed=181)

=== Epoch 181/1000 ===
[train] loss=4.2088 cls=0.4170 cme=2.1667 acc=0.9856 cells=158379
[ct_train] rechunked train graphs (seed=182)

=== Epoch 182/1000 ===
[train] loss=4.2061 cls=0.4175 cme=2.1649 acc=0.9856 cells=158379
[val]   loss=4.2966 eval=2.6344 cls=0.4183 cme=2.2162 acc=0.9755 cells=118036
[ct_train] early_stopping: no improve on val/eval_loss for 7/28 val checks
[ct_train] rechunked train graphs (seed=183)

=== Epoch 183/1000 ===
[train] loss=4.2037 cls=0.4167 cme=2.1640 acc=0.9857 cells=158379
[ct_train] rechunked train graphs (seed=184)

=== Epoch 184/1000 ===
[train] loss=4.2061 cls=0.4165 cme=2.1655 acc=0.9858 cells=158379
[val]   loss=4.2970 eval=2.6344 cls=0.4175 cme=2.2168 acc=0.9754 cells=118036
[ct_train] early_stopping: no improve on val/eval_loss for 8/28 val checks
[ct_train] rechunked train graphs (seed=185)

=== Epoch 185/1000 ===
[train] loss=4.1996 cls=0.4152 cme=2.1625 acc=0.9863 cells=158379
[ct_train] rechunked train graphs (seed=186)

=== Epoch 186/1000 ===
[train] loss=4.2027 cls=0.4150 cme=2.1644 acc=0.9866 cells=158379
[val]   loss=4.2982 eval=2.6351 cls=0.4177 cme=2.2174 acc=0.9754 cells=118036
[ct_train] early_stopping: no improve on val/eval_loss for 9/28 val checks
[ct_train] rechunked train graphs (seed=187)

=== Epoch 187/1000 ===
[train] loss=4.2019 cls=0.4148 cme=2.1640 acc=0.9861 cells=158379
[ct_train] rechunked train graphs (seed=188)

=== Epoch 188/1000 ===
[train] loss=4.2008 cls=0.4151 cme=2.1633 acc=0.9863 cells=158379
[val]   loss=4.2979 eval=2.6354 cls=0.4187 cme=2.2167 acc=0.9755 cells=118036
[ct_train] early_stopping: no improve on val/eval_loss for 10/28 val checks
[ct_train] rechunked train graphs (seed=189)

=== Epoch 189/1000 ===
[train] loss=4.2022 cls=0.4154 cme=2.1638 acc=0.9858 cells=158379
[ct_train] rechunked train graphs (seed=190)

=== Epoch 190/1000 ===
[train] loss=4.1999 cls=0.4146 cme=2.1630 acc=0.9864 cells=158379
[val]   loss=4.3022 eval=2.6375 cls=0.4179 cme=2.2196 acc=0.9757 cells=118036
[ct_train] early_stopping: no improve on val/eval_loss for 11/28 val checks
[ct_train] rechunked train graphs (seed=191)

=== Epoch 191/1000 ===
[train] loss=4.1994 cls=0.4146 cme=2.1627 acc=0.9864 cells=158379
[ct_train] rechunked train graphs (seed=192)

=== Epoch 192/1000 ===
[train] loss=4.1972 cls=0.4148 cme=2.1614 acc=0.9866 cells=158379
[val]   loss=4.2967 eval=2.6339 cls=0.4168 cme=2.2171 acc=0.9755 cells=118036
[ct_train] early_stopping: no improve on val/eval_loss for 12/28 val checks
[ct_train] rechunked train graphs (seed=193)

=== Epoch 193/1000 ===
[train] loss=4.1970 cls=0.4143 cme=2.1615 acc=0.9866 cells=158379
[ct_train] rechunked train graphs (seed=194)

=== Epoch 194/1000 ===
[train] loss=4.1948 cls=0.4142 cme=2.1603 acc=0.9867 cells=158379
[val]   loss=4.2986 eval=2.6355 cls=0.4180 cme=2.2175 acc=0.9756 cells=118036
[ct_train] early_stopping: no improve on val/eval_loss for 13/28 val checks
[ct_train] rechunked train graphs (seed=195)

=== Epoch 195/1000 ===
[train] loss=4.1968 cls=0.4144 cme=2.1614 acc=0.9865 cells=158379
[ct_train] rechunked train graphs (seed=196)

=== Epoch 196/1000 ===
[train] loss=4.1937 cls=0.4137 cme=2.1600 acc=0.9863 cells=158379
[val]   loss=4.2972 eval=2.6346 cls=0.4177 cme=2.2168 acc=0.9757 cells=118036
[ct_train] early_stopping: no improve on val/eval_loss for 14/28 val checks
[ct_train] rechunked train graphs (seed=197)

=== Epoch 197/1000 ===
[train] loss=4.1963 cls=0.4137 cme=2.1615 acc=0.9867 cells=158379
[ct_train] rechunked train graphs (seed=198)

=== Epoch 198/1000 ===
[train] loss=4.1946 cls=0.4133 cme=2.1607 acc=0.9867 cells=158379
[val]   loss=4.2977 eval=2.6352 cls=0.4185 cme=2.2167 acc=0.9760 cells=118036
[ct_train] early_stopping: no improve on val/eval_loss for 15/28 val checks
[ct_train] rechunked train graphs (seed=199)

=== Epoch 199/1000 ===
[train] loss=4.1919 cls=0.4126 cme=2.1596 acc=0.9867 cells=158379
[ct_train] rechunked train graphs (seed=200)

=== Epoch 200/1000 ===
[train] loss=4.1940 cls=0.4130 cme=2.1606 acc=0.9869 cells=158379
[val]   loss=4.2976 eval=2.6353 cls=0.4190 cme=2.2163 acc=0.9755 cells=118036
[ct_train] early_stopping: no improve on val/eval_loss for 16/28 val checks
[ct_train] rechunked train graphs (seed=201)

=== Epoch 201/1000 ===
[train] loss=4.1913 cls=0.4120 cme=2.1596 acc=0.9872 cells=158379
[ct_train] rechunked train graphs (seed=202)

=== Epoch 202/1000 ===
[train] loss=4.1920 cls=0.4120 cme=2.1600 acc=0.9869 cells=158379
[val]   loss=4.3023 eval=2.6378 cls=0.4185 cme=2.2193 acc=0.9755 cells=118036
[ct_train] early_stopping: no improve on val/eval_loss for 17/28 val checks
[ct_train] rechunked train graphs (seed=203)

=== Epoch 203/1000 ===
[train] loss=4.1906 cls=0.4120 cme=2.1592 acc=0.9871 cells=158379
[ct_train] rechunked train graphs (seed=204)

=== Epoch 204/1000 ===
[train] loss=4.1929 cls=0.4119 cme=2.1606 acc=0.9871 cells=158379
[val]   loss=4.3006 eval=2.6369 cls=0.4186 cme=2.2183 acc=0.9760 cells=118036
[ct_train] early_stopping: no improve on val/eval_loss for 18/28 val checks
[ct_train] rechunked train graphs (seed=205)

=== Epoch 205/1000 ===
[train] loss=4.1953 cls=0.4121 cme=2.1618 acc=0.9870 cells=158379
[ct_train] rechunked train graphs (seed=206)

=== Epoch 206/1000 ===
[train] loss=4.1904 cls=0.4109 cme=2.1597 acc=0.9876 cells=158379
[val]   loss=4.3092 eval=2.6426 cls=0.4203 cme=2.2222 acc=0.9752 cells=118036
[ct_train] early_stopping: no improve on val/eval_loss for 19/28 val checks
[ct_train] rechunked train graphs (seed=207)

=== Epoch 207/1000 ===
[train] loss=4.1918 cls=0.4116 cme=2.1601 acc=0.9872 cells=158379
[ct_train] rechunked train graphs (seed=208)

=== Epoch 208/1000 ===
[train] loss=4.1909 cls=0.4108 cme=2.1600 acc=0.9876 cells=158379
[val]   loss=4.3018 eval=2.6374 cls=0.4182 cme=2.2192 acc=0.9756 cells=118036
[ct_train] early_stopping: no improve on val/eval_loss for 20/28 val checks
[ct_train] rechunked train graphs (seed=209)

=== Epoch 209/1000 ===
[train] loss=4.1873 cls=0.4107 cme=2.1581 acc=0.9874 cells=158379
[ct_train] rechunked train graphs (seed=210)

=== Epoch 210/1000 ===
[train] loss=4.1890 cls=0.4112 cme=2.1587 acc=0.9874 cells=158379
[val]   loss=4.2968 eval=2.6339 cls=0.4168 cme=2.2171 acc=0.9756 cells=118036
[ct_train] early_stopping: no improve on val/eval_loss for 21/28 val checks
[ct_train] rechunked train graphs (seed=211)

=== Epoch 211/1000 ===
[train] loss=4.1850 cls=0.4102 cme=2.1570 acc=0.9878 cells=158379
[ct_train] rechunked train graphs (seed=212)

=== Epoch 212/1000 ===
[train] loss=4.1883 cls=0.4103 cme=2.1589 acc=0.9875 cells=158379
[val]   loss=4.2963 eval=2.6342 cls=0.4180 cme=2.2162 acc=0.9758 cells=118036
[ct_train] early_stopping: no improve on val/eval_loss for 22/28 val checks
[ct_train] rechunked train graphs (seed=213)

=== Epoch 213/1000 ===
[train] loss=4.1855 cls=0.4097 cme=2.1576 acc=0.9877 cells=158379
[ct_train] rechunked train graphs (seed=214)

=== Epoch 214/1000 ===
[train] loss=4.1840 cls=0.4094 cme=2.1569 acc=0.9880 cells=158379
[val]   loss=4.2966 eval=2.6345 cls=0.4183 cme=2.2162 acc=0.9758 cells=118036
[ct_train] early_stopping: no improve on val/eval_loss for 23/28 val checks
[ct_train] rechunked train graphs (seed=215)

=== Epoch 215/1000 ===
[train] loss=4.1845 cls=0.4097 cme=2.1570 acc=0.9877 cells=158379
[ct_train] rechunked train graphs (seed=216)

=== Epoch 216/1000 ===
[train] loss=4.1896 cls=0.4097 cme=2.1600 acc=0.9875 cells=158379
[val]   loss=4.3041 eval=2.6392 cls=0.4193 cme=2.2198 acc=0.9757 cells=118036
[ct_train] early_stopping: no improve on val/eval_loss for 24/28 val checks
[ct_train] rechunked train graphs (seed=217)

=== Epoch 217/1000 ===
[train] loss=4.1818 cls=0.4090 cme=2.1559 acc=0.9881 cells=158379
[ct_train] rechunked train graphs (seed=218)

=== Epoch 218/1000 ===
[train] loss=4.1816 cls=0.4086 cme=2.1560 acc=0.9885 cells=158379
[val]   loss=4.2982 eval=2.6361 cls=0.4201 cme=2.2160 acc=0.9755 cells=118036
[ct_train] early_stopping: no improve on val/eval_loss for 25/28 val checks
[ct_train] rechunked train graphs (seed=219)

=== Epoch 219/1000 ===
[train] loss=4.1838 cls=0.4082 cme=2.1575 acc=0.9882 cells=158379
[ct_train] rechunked train graphs (seed=220)

=== Epoch 220/1000 ===
[train] loss=4.1822 cls=0.4084 cme=2.1565 acc=0.9884 cells=158379
[val]   loss=4.2993 eval=2.6373 cls=0.4212 cme=2.2161 acc=0.9751 cells=118036
[ct_train] early_stopping: no improve on val/eval_loss for 26/28 val checks
[ct_train] rechunked train graphs (seed=221)

=== Epoch 221/1000 ===
[train] loss=4.1815 cls=0.4089 cme=2.1558 acc=0.9880 cells=158379
[ct_train] rechunked train graphs (seed=222)

=== Epoch 222/1000 ===
[train] loss=4.1845 cls=0.4086 cme=2.1577 acc=0.9879 cells=158379
[val]   loss=4.2950 eval=2.6347 cls=0.4209 cme=2.2138 acc=0.9753 cells=118036
[ct_train] early_stopping: no improve on val/eval_loss for 27/28 val checks
[ct_train] rechunked train graphs (seed=223)

=== Epoch 223/1000 ===
[train] loss=4.1816 cls=0.4079 cme=2.1564 acc=0.9881 cells=158379
[ct_train] rechunked train graphs (seed=224)

=== Epoch 224/1000 ===
[train] loss=4.1807 cls=0.4077 cme=2.1560 acc=0.9886 cells=158379
[val]   loss=4.3011 eval=2.6373 cls=0.4190 cme=2.2183 acc=0.9758 cells=118036
[ct_train] early_stopping: no improve on val/eval_loss for 28/28 val checks
[ct_train] early stopping at epoch 224 (patience=28, monitor=val/eval_loss)

[ct_train] done. best_val_acc=0.9762  best_val_eval_loss=2.6323  checkpoints=/home/abel/code/Tissue-Reassembly-using-GenAI-and-new-metrics/exploration/cell_types/outputs/exp018_nostage_widecme  logs=/home/abel/code/Tissue-Reassembly-using-GenAI-and-new-metrics/exploration/cell_types/logs/exp018_nostage_widecme/20260807_204326
wandb: updating run metadata
wandb: uploading output.log; uploading wandb-summary.json; uploading config.yaml
wandb: uploading output.log; uploading config.yaml
wandb: 
wandb: Run summary:
wandb:                      best_epoch 168
wandb:                    best_val_acc 0.97624
wandb:              best_val_eval_loss 2.63234
wandb:                           epoch 224
wandb:                              lr 0.0002
wandb:           model/parameter_count 1149980
wandb: model/trainable_parameter_count 1149980
wandb:                       train/acc 0.98859
wandb:       train/acc_per_class/Astro 0.99308
wandb:        train/acc_per_class/Endo 0.98377
wandb:                             +54 ...
wandb: 
wandb:  View run exp018_nostage_widecme at: https://wandb.ai/abel-salmona-polytechnique-montr-al/cell_types/runs/kkwh4oz1
wandb:  View project at: https://wandb.ai/abel-salmona-polytechnique-montr-al/cell_types
wandb: Synced 5 W&B file(s), 1 media file(s), 2 artifact file(s) and 1 other file(s)
wandb: Find logs at: ./exploration/cell_types/logs/exp018_nostage_widecme/20260807_204326/wandb/run-20260807_204334-kkwh4oz1/logs
