[ct_train] config=exploration/cell_types/experiments/configs/exp203_hard_cme25.json
[ct_train] device=cuda  checkpoints=/home/abel/code/Tissue-Reassembly-using-GenAI-and-new-metrics/exploration/cell_types/outputs/exp203_hard_cme25
[ct_train] logs=/home/abel/code/Tissue-Reassembly-using-GenAI-and-new-metrics/exploration/cell_types/logs/exp203_hard_cme25/20260808_125222
[ct_train] Loading data …
[DataModule] Reading '/home/abel/biodata/MERFISH_LUNA_small_cortex/MERFISH_mouse_cortex_train.csv' (split=train) with float32 dtype on 254 gene cols + coord cols …
[DataModule] Loaded 158,379 rows for split=train.
[DataModule] Reading '/home/abel/biodata/MERFISH_LUNA_small_cortex/MERFISH_mouse_cortex_test.csv' (split=test) with float32 dtype on 254 gene cols + coord cols …
[DataModule] Loaded 118,036 rows for split=test.
[DataModule] Reading '/home/abel/biodata/MERFISH_LUNA_small_cortex/MERFISH_mouse_cortex_test.csv' (split=validation) with float32 dtype on 254 gene cols + coord cols …
[DataModule] Loaded 118,036 rows for split=validation.
[ct_train] genes=254  classes=23
[ct_train] model predict_cme=True  params=1,305,308
[ct_train] initialized student from /home/abel/code/Tissue-Reassembly-using-GenAI-and-new-metrics/exploration/cell_types/outputs/exp196_kd_191_157_159/best.pt
[ct_train] soft CME loaded split=train sigma=96.0 n=158379 C=23
[ct_train] soft CME loaded split=validation sigma=96.0 n=118036 C=23
[ct_train] soft CME loaded split=train sigma=50.0 n=158379 C=23
[ct_train] soft CME loaded split=train sigma=64.0 n=158379 C=23
[ct_train] soft CME loaded split=validation sigma=50.0 n=118036 C=23
[ct_train] soft CME loaded split=validation sigma=64.0 n=118036 C=23
wandb: [wandb.login()] Loaded credentials for https://api.wandb.ai from /home/abel/.netrc.
wandb: Currently logged in as: abel-salmona (abel-salmona-polytechnique-montr-al) to https://api.wandb.ai. Use `wandb login --relogin` to force relogin
wandb: WARNING Using a boolean value for 'reinit' is deprecated. Use 'return_previous' or 'finish_previous' instead.
wandb: setting up run nx704qmx
wandb: Tracking run with wandb version 0.26.1
wandb: Run data is saved locally in /home/abel/code/Tissue-Reassembly-using-GenAI-and-new-metrics/exploration/cell_types/logs/exp203_hard_cme25/20260808_125222/wandb/run-20260808_125230-nx704qmx
wandb: Run `wandb offline` to turn off syncing.
wandb: Syncing run exp203_hard_cme25
wandb:  View project at https://wandb.ai/abel-salmona-polytechnique-montr-al/cell_types
wandb:  View run at https://wandb.ai/abel-salmona-polytechnique-montr-al/cell_types/runs/nx704qmx
wandb: WARNING Saving files without folders. If you want to preserve subdirectories pass base_path to wandb.save, i.e. wandb.save("/mnt/folder/file.h5", base_path="/mnt")
wandb: WARNING Symlinked 1 file into the W&B run directory; call wandb.save again to sync new files.
[ct_train] wandb: project=cell_types name=exp203_hard_cme25 mode=online url=https://wandb.ai/abel-salmona-polytechnique-montr-al/cell_types/runs/nx704qmx
[ct_train] parameters: total=1,305,308 trainable=1,305,308
  [params] mlp_in_node_features: 26,720
  [params] transformer_layers: 633,600
  [params] type_stage1: 28,320
  [params] env_stage1: 93,056
  [params] type_probe: 2,231
  [params] env_probe: 7,383
  [params] fusion_mlp: 383,008
  [params] type_stage2: 30,551
  [params] env_stage2: 100,439
[ct_train] EMA enabled decay=0.98
[ct_train] rechunked train graphs (seed=1)

=== Epoch 1/1000 ===
[train] loss=6.1403 cls=0.4410 cme=2.1398 acc=0.9875 cells=158379
[ct_train] rechunked train graphs (seed=2)

=== Epoch 2/1000 ===
[train] loss=6.1281 cls=0.4411 cme=2.1352 acc=0.9874 cells=158379
[val]   loss=6.3240 eval=2.6054 cls=0.4048 cme=2.2007 acc=0.9765 cells=118036
[ct_train] saved best checkpoint (val_eval_loss=2.6054 val_acc=0.9765)
[ct_train] rechunked train graphs (seed=3)

=== Epoch 3/1000 ===
[train] loss=6.1422 cls=0.4407 cme=2.1405 acc=0.9877 cells=158379
[ct_train] rechunked train graphs (seed=4)

=== Epoch 4/1000 ===
[train] loss=6.1389 cls=0.4408 cme=2.1393 acc=0.9877 cells=158379
[val]   loss=6.3265 eval=2.6066 cls=0.4051 cme=2.2015 acc=0.9764 cells=118036
[ct_train] early_stopping: no improve on val/eval_loss for 1/40 val checks
[ct_train] rechunked train graphs (seed=5)

=== Epoch 5/1000 ===
[train] loss=6.1211 cls=0.4407 cme=2.1327 acc=0.9878 cells=158379
[ct_train] rechunked train graphs (seed=6)

=== Epoch 6/1000 ===
[train] loss=6.1488 cls=0.4407 cme=2.1430 acc=0.9880 cells=158379
[val]   loss=6.3291 eval=2.6079 cls=0.4055 cme=2.2024 acc=0.9763 cells=118036
[ct_train] early_stopping: no improve on val/eval_loss for 2/40 val checks
[ct_train] rechunked train graphs (seed=7)

=== Epoch 7/1000 ===
[train] loss=6.1306 cls=0.4405 cme=2.1363 acc=0.9878 cells=158379
[ct_train] rechunked train graphs (seed=8)

=== Epoch 8/1000 ===
[train] loss=6.1209 cls=0.4406 cme=2.1327 acc=0.9878 cells=158379
[val]   loss=6.3308 eval=2.6088 cls=0.4059 cme=2.2029 acc=0.9763 cells=118036
[ct_train] early_stopping: no improve on val/eval_loss for 3/40 val checks
[ct_train] rechunked train graphs (seed=9)

=== Epoch 9/1000 ===
[train] loss=6.1418 cls=0.4409 cme=2.1404 acc=0.9879 cells=158379
[ct_train] rechunked train graphs (seed=10)

=== Epoch 10/1000 ===
[train] loss=6.1394 cls=0.4405 cme=2.1396 acc=0.9879 cells=158379
[val]   loss=6.3323 eval=2.6095 cls=0.4062 cme=2.2033 acc=0.9763 cells=118036
[ct_train] early_stopping: no improve on val/eval_loss for 4/40 val checks
[ct_train] rechunked train graphs (seed=11)

=== Epoch 11/1000 ===
[train] loss=6.1206 cls=0.4402 cme=2.1328 acc=0.9880 cells=158379
[ct_train] rechunked train graphs (seed=12)

=== Epoch 12/1000 ===
[train] loss=6.1345 cls=0.4405 cme=2.1378 acc=0.9879 cells=158379
[val]   loss=6.3334 eval=2.6101 cls=0.4064 cme=2.2037 acc=0.9763 cells=118036
[ct_train] early_stopping: no improve on val/eval_loss for 5/40 val checks
[ct_train] rechunked train graphs (seed=13)

=== Epoch 13/1000 ===
[train] loss=6.1356 cls=0.4401 cme=2.1383 acc=0.9881 cells=158379
[ct_train] rechunked train graphs (seed=14)

=== Epoch 14/1000 ===
[train] loss=6.1355 cls=0.4404 cme=2.1381 acc=0.9880 cells=158379
[val]   loss=6.3344 eval=2.6106 cls=0.4066 cme=2.2040 acc=0.9762 cells=118036
[ct_train] early_stopping: no improve on val/eval_loss for 6/40 val checks
[ct_train] rechunked train graphs (seed=15)

=== Epoch 15/1000 ===
[train] loss=6.1306 cls=0.4399 cme=2.1365 acc=0.9883 cells=158379
[ct_train] rechunked train graphs (seed=16)

=== Epoch 16/1000 ===
[train] loss=6.1282 cls=0.4400 cme=2.1356 acc=0.9882 cells=158379
[val]   loss=6.3354 eval=2.6112 cls=0.4069 cme=2.2043 acc=0.9762 cells=118036
[ct_train] early_stopping: no improve on val/eval_loss for 7/40 val checks
[ct_train] rechunked train graphs (seed=17)

=== Epoch 17/1000 ===
[train] loss=6.1209 cls=0.4397 cme=2.1331 acc=0.9880 cells=158379
[ct_train] rechunked train graphs (seed=18)

=== Epoch 18/1000 ===
[train] loss=6.1217 cls=0.4400 cme=2.1332 acc=0.9883 cells=158379
[val]   loss=6.3363 eval=2.6117 cls=0.4071 cme=2.2046 acc=0.9761 cells=118036
[ct_train] early_stopping: no improve on val/eval_loss for 8/40 val checks
[ct_train] rechunked train graphs (seed=19)

=== Epoch 19/1000 ===
[train] loss=6.1292 cls=0.4399 cme=2.1360 acc=0.9883 cells=158379
[ct_train] rechunked train graphs (seed=20)

=== Epoch 20/1000 ===
[train] loss=6.1295 cls=0.4399 cme=2.1361 acc=0.9884 cells=158379
[val]   loss=6.3372 eval=2.6121 cls=0.4072 cme=2.2048 acc=0.9761 cells=118036
[ct_train] early_stopping: no improve on val/eval_loss for 9/40 val checks
[ct_train] rechunked train graphs (seed=21)

=== Epoch 21/1000 ===
[train] loss=6.1386 cls=0.4399 cme=2.1395 acc=0.9884 cells=158379
[ct_train] rechunked train graphs (seed=22)

=== Epoch 22/1000 ===
[train] loss=6.1298 cls=0.4395 cme=2.1364 acc=0.9886 cells=158379
[val]   loss=6.3379 eval=2.6124 cls=0.4074 cme=2.2050 acc=0.9761 cells=118036
[ct_train] early_stopping: no improve on val/eval_loss for 10/40 val checks
[ct_train] rechunked train graphs (seed=23)

=== Epoch 23/1000 ===
[train] loss=6.1277 cls=0.4398 cme=2.1355 acc=0.9883 cells=158379
[ct_train] rechunked train graphs (seed=24)

=== Epoch 24/1000 ===
[train] loss=6.1291 cls=0.4401 cme=2.1359 acc=0.9883 cells=158379
[val]   loss=6.3383 eval=2.6127 cls=0.4075 cme=2.2052 acc=0.9761 cells=118036
[ct_train] early_stopping: no improve on val/eval_loss for 11/40 val checks
[ct_train] rechunked train graphs (seed=25)

=== Epoch 25/1000 ===
[train] loss=6.1366 cls=0.4400 cme=2.1387 acc=0.9884 cells=158379
[ct_train] rechunked train graphs (seed=26)

=== Epoch 26/1000 ===
[train] loss=6.1216 cls=0.4399 cme=2.1332 acc=0.9882 cells=158379
[val]   loss=6.3390 eval=2.6130 cls=0.4077 cme=2.2054 acc=0.9761 cells=118036
[ct_train] early_stopping: no improve on val/eval_loss for 12/40 val checks
[ct_train] rechunked train graphs (seed=27)

=== Epoch 27/1000 ===
[train] loss=6.1234 cls=0.4395 cme=2.1340 acc=0.9885 cells=158379
[ct_train] rechunked train graphs (seed=28)

=== Epoch 28/1000 ===
[train] loss=6.1190 cls=0.4395 cme=2.1324 acc=0.9884 cells=158379
[val]   loss=6.3395 eval=2.6133 cls=0.4078 cme=2.2055 acc=0.9761 cells=118036
[ct_train] early_stopping: no improve on val/eval_loss for 13/40 val checks
[ct_train] rechunked train graphs (seed=29)

=== Epoch 29/1000 ===
[train] loss=6.1245 cls=0.4395 cme=2.1344 acc=0.9884 cells=158379
[ct_train] rechunked train graphs (seed=30)

=== Epoch 30/1000 ===
[train] loss=6.1256 cls=0.4395 cme=2.1349 acc=0.9887 cells=158379
[val]   loss=6.3400 eval=2.6136 cls=0.4078 cme=2.2057 acc=0.9761 cells=118036
[ct_train] early_stopping: no improve on val/eval_loss for 14/40 val checks
[ct_train] rechunked train graphs (seed=31)

=== Epoch 31/1000 ===
[train] loss=6.1294 cls=0.4396 cme=2.1362 acc=0.9886 cells=158379
[ct_train] rechunked train graphs (seed=32)

=== Epoch 32/1000 ===
[train] loss=6.1453 cls=0.4398 cme=2.1421 acc=0.9886 cells=158379
[val]   loss=6.3407 eval=2.6139 cls=0.4080 cme=2.2059 acc=0.9761 cells=118036
[ct_train] early_stopping: no improve on val/eval_loss for 15/40 val checks
[ct_train] rechunked train graphs (seed=33)

=== Epoch 33/1000 ===
[train] loss=6.1277 cls=0.4393 cme=2.1357 acc=0.9887 cells=158379
[ct_train] rechunked train graphs (seed=34)

=== Epoch 34/1000 ===
[train] loss=6.1225 cls=0.4397 cme=2.1337 acc=0.9885 cells=158379
[val]   loss=6.3411 eval=2.6141 cls=0.4081 cme=2.2060 acc=0.9761 cells=118036
[ct_train] early_stopping: no improve on val/eval_loss for 16/40 val checks
[ct_train] rechunked train graphs (seed=35)

=== Epoch 35/1000 ===
[train] loss=6.1341 cls=0.4395 cme=2.1380 acc=0.9884 cells=158379
[ct_train] rechunked train graphs (seed=36)

=== Epoch 36/1000 ===
[train] loss=6.1226 cls=0.4391 cme=2.1339 acc=0.9887 cells=158379
[val]   loss=6.3418 eval=2.6144 cls=0.4082 cme=2.2063 acc=0.9760 cells=118036
[ct_train] early_stopping: no improve on val/eval_loss for 17/40 val checks
[ct_train] rechunked train graphs (seed=37)

=== Epoch 37/1000 ===
[train] loss=6.1242 cls=0.4394 cme=2.1344 acc=0.9887 cells=158379
[ct_train] rechunked train graphs (seed=38)

=== Epoch 38/1000 ===
[train] loss=6.1145 cls=0.4389 cme=2.1310 acc=0.9887 cells=158379
[val]   loss=6.3424 eval=2.6147 cls=0.4083 cme=2.2064 acc=0.9760 cells=118036
[ct_train] early_stopping: no improve on val/eval_loss for 18/40 val checks
[ct_train] rechunked train graphs (seed=39)

=== Epoch 39/1000 ===
[train] loss=6.1275 cls=0.4391 cme=2.1357 acc=0.9888 cells=158379
[ct_train] rechunked train graphs (seed=40)

=== Epoch 40/1000 ===
[train] loss=6.1238 cls=0.4392 cme=2.1343 acc=0.9886 cells=158379
[val]   loss=6.3427 eval=2.6149 cls=0.4083 cme=2.2065 acc=0.9761 cells=118036
[ct_train] early_stopping: no improve on val/eval_loss for 19/40 val checks
[ct_train] rechunked train graphs (seed=41)

=== Epoch 41/1000 ===
[train] loss=6.1149 cls=0.4389 cme=2.1311 acc=0.9888 cells=158379
[ct_train] rechunked train graphs (seed=42)

=== Epoch 42/1000 ===
[train] loss=6.1216 cls=0.4392 cme=2.1335 acc=0.9885 cells=158379
[val]   loss=6.3430 eval=2.6150 cls=0.4084 cme=2.2066 acc=0.9761 cells=118036
[ct_train] early_stopping: no improve on val/eval_loss for 20/40 val checks
[ct_train] rechunked train graphs (seed=43)

=== Epoch 43/1000 ===
[train] loss=6.1353 cls=0.4395 cme=2.1385 acc=0.9886 cells=158379
[ct_train] rechunked train graphs (seed=44)

=== Epoch 44/1000 ===
[train] loss=6.1181 cls=0.4392 cme=2.1322 acc=0.9885 cells=158379
[val]   loss=6.3434 eval=2.6152 cls=0.4085 cme=2.2067 acc=0.9760 cells=118036
[ct_train] early_stopping: no improve on val/eval_loss for 21/40 val checks
[ct_train] rechunked train graphs (seed=45)

=== Epoch 45/1000 ===
[train] loss=6.1262 cls=0.4396 cme=2.1350 acc=0.9887 cells=158379
[ct_train] rechunked train graphs (seed=46)

=== Epoch 46/1000 ===
[train] loss=6.1116 cls=0.4391 cme=2.1298 acc=0.9886 cells=158379
[val]   loss=6.3436 eval=2.6153 cls=0.4085 cme=2.2068 acc=0.9760 cells=118036
[ct_train] early_stopping: no improve on val/eval_loss for 22/40 val checks
[ct_train] rechunked train graphs (seed=47)

=== Epoch 47/1000 ===
[train] loss=6.1286 cls=0.4390 cme=2.1361 acc=0.9887 cells=158379
[ct_train] rechunked train graphs (seed=48)

=== Epoch 48/1000 ===
[train] loss=6.1158 cls=0.4390 cme=2.1313 acc=0.9890 cells=158379
[val]   loss=6.3444 eval=2.6157 cls=0.4086 cme=2.2071 acc=0.9761 cells=118036
[ct_train] early_stopping: no improve on val/eval_loss for 23/40 val checks
[ct_train] rechunked train graphs (seed=49)

=== Epoch 49/1000 ===
[train] loss=6.1268 cls=0.4393 cme=2.1354 acc=0.9884 cells=158379
[ct_train] rechunked train graphs (seed=50)

=== Epoch 50/1000 ===
[train] loss=6.1206 cls=0.4388 cme=2.1333 acc=0.9889 cells=158379
[val]   loss=6.3447 eval=2.6159 cls=0.4087 cme=2.2072 acc=0.9760 cells=118036
[ct_train] early_stopping: no improve on val/eval_loss for 24/40 val checks
[ct_train] rechunked train graphs (seed=51)

=== Epoch 51/1000 ===
[train] loss=6.1127 cls=0.4391 cme=2.1302 acc=0.9886 cells=158379
[ct_train] rechunked train graphs (seed=52)

=== Epoch 52/1000 ===
[train] loss=6.1142 cls=0.4387 cme=2.1309 acc=0.9888 cells=158379
[val]   loss=6.3449 eval=2.6160 cls=0.4088 cme=2.2072 acc=0.9760 cells=118036
[ct_train] early_stopping: no improve on val/eval_loss for 25/40 val checks
[ct_train] rechunked train graphs (seed=53)

=== Epoch 53/1000 ===
[train] loss=6.1078 cls=0.4387 cme=2.1285 acc=0.9890 cells=158379
[ct_train] rechunked train graphs (seed=54)

=== Epoch 54/1000 ===
[train] loss=6.1281 cls=0.4392 cme=2.1359 acc=0.9888 cells=158379
[val]   loss=6.3456 eval=2.6163 cls=0.4089 cme=2.2074 acc=0.9760 cells=118036
[ct_train] early_stopping: no improve on val/eval_loss for 26/40 val checks
[ct_train] rechunked train graphs (seed=55)

=== Epoch 55/1000 ===
[train] loss=6.1145 cls=0.4385 cme=2.1311 acc=0.9890 cells=158379
[ct_train] rechunked train graphs (seed=56)

=== Epoch 56/1000 ===
[train] loss=6.1221 cls=0.4389 cme=2.1338 acc=0.9890 cells=158379
[val]   loss=6.3459 eval=2.6165 cls=0.4090 cme=2.2075 acc=0.9760 cells=118036
[ct_train] early_stopping: no improve on val/eval_loss for 27/40 val checks
[ct_train] rechunked train graphs (seed=57)

=== Epoch 57/1000 ===
[train] loss=6.1174 cls=0.4388 cme=2.1321 acc=0.9889 cells=158379
[ct_train] rechunked train graphs (seed=58)

=== Epoch 58/1000 ===
[train] loss=6.1163 cls=0.4390 cme=2.1315 acc=0.9889 cells=158379
[val]   loss=6.3462 eval=2.6166 cls=0.4090 cme=2.2076 acc=0.9759 cells=118036
[ct_train] early_stopping: no improve on val/eval_loss for 28/40 val checks
[ct_train] rechunked train graphs (seed=59)

=== Epoch 59/1000 ===
[train] loss=6.1149 cls=0.4381 cme=2.1314 acc=0.9888 cells=158379
[ct_train] rechunked train graphs (seed=60)

=== Epoch 60/1000 ===
[train] loss=6.1250 cls=0.4391 cme=2.1348 acc=0.9888 cells=158379
[val]   loss=6.3466 eval=2.6168 cls=0.4091 cme=2.2077 acc=0.9760 cells=118036
[ct_train] early_stopping: no improve on val/eval_loss for 29/40 val checks
[ct_train] rechunked train graphs (seed=61)

=== Epoch 61/1000 ===
[train] loss=6.1148 cls=0.4387 cme=2.1311 acc=0.9891 cells=158379
[ct_train] rechunked train graphs (seed=62)

=== Epoch 62/1000 ===
[train] loss=6.1251 cls=0.4389 cme=2.1349 acc=0.9890 cells=158379
[val]   loss=6.3467 eval=2.6170 cls=0.4092 cme=2.2078 acc=0.9760 cells=118036
[ct_train] early_stopping: no improve on val/eval_loss for 30/40 val checks
[ct_train] rechunked train graphs (seed=63)

=== Epoch 63/1000 ===
[train] loss=6.1139 cls=0.4390 cme=2.1307 acc=0.9890 cells=158379
[ct_train] rechunked train graphs (seed=64)

=== Epoch 64/1000 ===
[train] loss=6.1074 cls=0.4384 cme=2.1285 acc=0.9890 cells=158379
[val]   loss=6.3469 eval=2.6170 cls=0.4092 cme=2.2078 acc=0.9759 cells=118036
[ct_train] early_stopping: no improve on val/eval_loss for 31/40 val checks
[ct_train] rechunked train graphs (seed=65)

=== Epoch 65/1000 ===
[train] loss=6.1198 cls=0.4385 cme=2.1331 acc=0.9891 cells=158379
[ct_train] rechunked train graphs (seed=66)

=== Epoch 66/1000 ===
[train] loss=6.1233 cls=0.4386 cme=2.1343 acc=0.9888 cells=158379
[val]   loss=6.3471 eval=2.6171 cls=0.4092 cme=2.2079 acc=0.9759 cells=118036
[ct_train] early_stopping: no improve on val/eval_loss for 32/40 val checks
[ct_train] rechunked train graphs (seed=67)

=== Epoch 67/1000 ===
[train] loss=6.1146 cls=0.4384 cme=2.1312 acc=0.9890 cells=158379
[ct_train] rechunked train graphs (seed=68)

=== Epoch 68/1000 ===
[train] loss=6.1177 cls=0.4384 cme=2.1323 acc=0.9891 cells=158379
[val]   loss=6.3478 eval=2.6174 cls=0.4093 cme=2.2081 acc=0.9759 cells=118036
[ct_train] early_stopping: no improve on val/eval_loss for 33/40 val checks
[ct_train] rechunked train graphs (seed=69)

=== Epoch 69/1000 ===
[train] loss=6.1089 cls=0.4383 cme=2.1291 acc=0.9890 cells=158379
[ct_train] rechunked train graphs (seed=70)

=== Epoch 70/1000 ===
[train] loss=6.1110 cls=0.4390 cme=2.1296 acc=0.9891 cells=158379
[val]   loss=6.3481 eval=2.6176 cls=0.4093 cme=2.2083 acc=0.9759 cells=118036
[ct_train] early_stopping: no improve on val/eval_loss for 34/40 val checks
[ct_train] rechunked train graphs (seed=71)

=== Epoch 71/1000 ===
[train] loss=6.1232 cls=0.4388 cme=2.1342 acc=0.9891 cells=158379
[ct_train] rechunked train graphs (seed=72)

=== Epoch 72/1000 ===
[train] loss=6.1114 cls=0.4383 cme=2.1300 acc=0.9891 cells=158379
[val]   loss=6.3483 eval=2.6177 cls=0.4094 cme=2.2083 acc=0.9758 cells=118036
[ct_train] early_stopping: no improve on val/eval_loss for 35/40 val checks
[ct_train] rechunked train graphs (seed=73)

=== Epoch 73/1000 ===
[train] loss=6.1243 cls=0.4385 cme=2.1347 acc=0.9891 cells=158379
[ct_train] rechunked train graphs (seed=74)

=== Epoch 74/1000 ===
[train] loss=6.1270 cls=0.4387 cme=2.1357 acc=0.9892 cells=158379
[val]   loss=6.3488 eval=2.6179 cls=0.4095 cme=2.2084 acc=0.9759 cells=118036
[ct_train] early_stopping: no improve on val/eval_loss for 36/40 val checks
[ct_train] rechunked train graphs (seed=75)

=== Epoch 75/1000 ===
[train] loss=6.1085 cls=0.4377 cme=2.1292 acc=0.9892 cells=158379
[ct_train] rechunked train graphs (seed=76)

=== Epoch 76/1000 ===
[train] loss=6.1085 cls=0.4380 cme=2.1290 acc=0.9891 cells=158379
[val]   loss=6.3489 eval=2.6179 cls=0.4095 cme=2.2084 acc=0.9759 cells=118036
[ct_train] early_stopping: no improve on val/eval_loss for 37/40 val checks
[ct_train] rechunked train graphs (seed=77)

=== Epoch 77/1000 ===
[train] loss=6.1126 cls=0.4383 cme=2.1304 acc=0.9891 cells=158379
[ct_train] rechunked train graphs (seed=78)

=== Epoch 78/1000 ===
[train] loss=6.1171 cls=0.4382 cme=2.1322 acc=0.9891 cells=158379
[val]   loss=6.3490 eval=2.6180 cls=0.4095 cme=2.2085 acc=0.9759 cells=118036
[ct_train] early_stopping: no improve on val/eval_loss for 38/40 val checks
[ct_train] rechunked train graphs (seed=79)

=== Epoch 79/1000 ===
[train] loss=6.1264 cls=0.4383 cme=2.1355 acc=0.9892 cells=158379
[ct_train] rechunked train graphs (seed=80)

=== Epoch 80/1000 ===
[train] loss=6.1048 cls=0.4380 cme=2.1277 acc=0.9893 cells=158379
[val]   loss=6.3493 eval=2.6182 cls=0.4096 cme=2.2086 acc=0.9759 cells=118036
[ct_train] early_stopping: no improve on val/eval_loss for 39/40 val checks
[ct_train] rechunked train graphs (seed=81)

=== Epoch 81/1000 ===
[train] loss=6.1039 cls=0.4383 cme=2.1272 acc=0.9890 cells=158379
[ct_train] rechunked train graphs (seed=82)

=== Epoch 82/1000 ===
[train] loss=6.1108 cls=0.4383 cme=2.1298 acc=0.9892 cells=158379
[val]   loss=6.3496 eval=2.6183 cls=0.4097 cme=2.2087 acc=0.9758 cells=118036
[ct_train] early_stopping: no improve on val/eval_loss for 40/40 val checks
[ct_train] early stopping at epoch 82 (patience=40, monitor=val/eval_loss)

[ct_train] done. best_val_acc=0.9765  best_val_eval_loss=2.6054  checkpoints=/home/abel/code/Tissue-Reassembly-using-GenAI-and-new-metrics/exploration/cell_types/outputs/exp203_hard_cme25  logs=/home/abel/code/Tissue-Reassembly-using-GenAI-and-new-metrics/exploration/cell_types/logs/exp203_hard_cme25/20260808_125222
wandb: updating run metadata
wandb: uploading output.log; uploading wandb-summary.json; uploading config.yaml
wandb: 
wandb: Run summary:
wandb:                      best_epoch 2
wandb:                    best_val_acc 0.97646
wandb:              best_val_eval_loss 2.60543
wandb:                           epoch 82
wandb:                              lr 1e-05
wandb:           model/parameter_count 1305308
wandb: model/trainable_parameter_count 1305308
wandb:                       train/acc 0.98925
wandb:       train/acc_per_class/Astro 0.99372
wandb:        train/acc_per_class/Endo 0.98643
wandb:                             +54 ...
wandb: 
wandb:  View run exp203_hard_cme25 at: https://wandb.ai/abel-salmona-polytechnique-montr-al/cell_types/runs/nx704qmx
wandb:  View project at: https://wandb.ai/abel-salmona-polytechnique-montr-al/cell_types
wandb: Synced 5 W&B file(s), 1 media file(s), 2 artifact file(s) and 1 other file(s)
wandb: Find logs at: ./exploration/cell_types/logs/exp203_hard_cme25/20260808_125222/wandb/run-20260808_125230-nx704qmx/logs
