[ct_train] config=exploration/cell_types/experiments/configs/exp016_mean_max.json
[ct_train] device=cuda  checkpoints=/home/abel/code/Tissue-Reassembly-using-GenAI-and-new-metrics/exploration/cell_types/outputs/exp016_mean_max
[ct_train] logs=/home/abel/code/Tissue-Reassembly-using-GenAI-and-new-metrics/exploration/cell_types/logs/exp016_mean_max/20260807_203956
[ct_train] Loading data …
[DataModule] Reading '/home/abel/biodata/MERFISH_LUNA_small_cortex/MERFISH_mouse_cortex_train.csv' (split=train) with float32 dtype on 254 gene cols + coord cols …
[DataModule] Loaded 158,379 rows for split=train.
[DataModule] Reading '/home/abel/biodata/MERFISH_LUNA_small_cortex/MERFISH_mouse_cortex_test.csv' (split=test) with float32 dtype on 254 gene cols + coord cols …
[DataModule] Loaded 118,036 rows for split=test.
[DataModule] Reading '/home/abel/biodata/MERFISH_LUNA_small_cortex/MERFISH_mouse_cortex_test.csv' (split=validation) with float32 dtype on 254 gene cols + coord cols …
[DataModule] Loaded 118,036 rows for split=validation.
[ct_train] genes=254  classes=23
[ct_train] model predict_cme=True  params=1,135,484
[ct_train] soft CME loaded split=train sigma=96.0 n=158379 C=23
[ct_train] soft CME loaded split=validation sigma=96.0 n=118036 C=23
wandb: [wandb.login()] Loaded credentials for https://api.wandb.ai from /home/abel/.netrc.
wandb: Currently logged in as: abel-salmona (abel-salmona-polytechnique-montr-al) to https://api.wandb.ai. Use `wandb login --relogin` to force relogin
wandb: WARNING Using a boolean value for 'reinit' is deprecated. Use 'return_previous' or 'finish_previous' instead.
wandb: setting up run 0r9rifqj
wandb: Tracking run with wandb version 0.26.1
wandb: Run data is saved locally in /home/abel/code/Tissue-Reassembly-using-GenAI-and-new-metrics/exploration/cell_types/logs/exp016_mean_max/20260807_203956/wandb/run-20260807_204004-0r9rifqj
wandb: Run `wandb offline` to turn off syncing.
wandb: Syncing run exp016_mean_max
wandb:  View project at https://wandb.ai/abel-salmona-polytechnique-montr-al/cell_types
wandb:  View run at https://wandb.ai/abel-salmona-polytechnique-montr-al/cell_types/runs/0r9rifqj
wandb: WARNING Saving files without folders. If you want to preserve subdirectories pass base_path to wandb.save, i.e. wandb.save("/mnt/folder/file.h5", base_path="/mnt")
wandb: WARNING Symlinked 1 file into the W&B run directory; call wandb.save again to sync new files.
[ct_train] wandb: project=cell_types name=exp016_mean_max mode=online url=https://wandb.ai/abel-salmona-polytechnique-montr-al/cell_types/runs/0r9rifqj
[ct_train] parameters: total=1,135,484 trainable=1,135,484
  [params] mlp_in_node_features: 26,720
  [params] transformer_layers: 633,600
  [params] type_stage1: 25,408
  [params] env_stage1: 99,328
  [params] type_probe: 1,495
  [params] env_probe: 5,911
  [params] fusion_mlp: 210,880
  [params] type_stage2: 26,903
  [params] env_stage2: 105,239
[ct_train] rechunked train graphs (seed=1)

=== Epoch 1/1000 ===
[train] loss=10.2676 cls=2.9912 cme=2.8646 acc=0.1051 cells=158379
[ct_train] rechunked train graphs (seed=2)

=== Epoch 2/1000 ===
[train] loss=9.5057 cls=2.6884 cme=2.6993 acc=0.2368 cells=158379
[val]   loss=8.9208 eval=4.9447 cls=2.2875 cme=2.6573 acc=0.4770 cells=118036
[ct_train] saved best checkpoint (val_eval_loss=4.9447 val_acc=0.4770)
[ct_train] rechunked train graphs (seed=3)

=== Epoch 3/1000 ===
[train] loss=8.7131 cls=2.1962 cme=2.5841 acc=0.4803 cells=158379
[ct_train] rechunked train graphs (seed=4)

=== Epoch 4/1000 ===
[train] loss=7.9940 cls=1.7571 cme=2.4902 acc=0.6030 cells=158379
[val]   loss=7.3671 eval=3.8217 cls=1.3484 cme=2.4733 acc=0.6813 cells=118036
[ct_train] saved best checkpoint (val_eval_loss=3.8217 val_acc=0.6813)
[ct_train] rechunked train graphs (seed=5)

=== Epoch 5/1000 ===
[train] loss=7.4324 cls=1.4225 cme=2.4413 acc=0.6860 cells=158379
[ct_train] rechunked train graphs (seed=6)

=== Epoch 6/1000 ===
[train] loss=6.9832 cls=1.1778 cme=2.4079 acc=0.7715 cells=158379
[val]   loss=6.4575 eval=3.2769 cls=0.8710 cme=2.4059 acc=0.8756 cells=118036
[ct_train] saved best checkpoint (val_eval_loss=3.2769 val_acc=0.8756)
[ct_train] rechunked train graphs (seed=7)

=== Epoch 7/1000 ===
[train] loss=6.6228 cls=0.9985 cme=2.3828 acc=0.8250 cells=158379
[ct_train] rechunked train graphs (seed=8)

=== Epoch 8/1000 ===
[train] loss=6.3558 cls=0.8756 cme=2.3678 acc=0.8604 cells=158379
[val]   loss=5.9288 eval=3.0078 cls=0.6454 cme=2.3625 acc=0.9176 cells=118036
[ct_train] saved best checkpoint (val_eval_loss=3.0078 val_acc=0.9176)
[ct_train] rechunked train graphs (seed=9)

=== Epoch 9/1000 ===
[train] loss=6.1663 cls=0.7936 cme=2.3578 acc=0.8851 cells=158379
[ct_train] rechunked train graphs (seed=10)

=== Epoch 10/1000 ===
[train] loss=6.0346 cls=0.7425 cme=2.3505 acc=0.9007 cells=158379
[val]   loss=5.7093 eval=2.9181 cls=0.5689 cme=2.3493 acc=0.9373 cells=118036
[ct_train] saved best checkpoint (val_eval_loss=2.9181 val_acc=0.9373)
[ct_train] rechunked train graphs (seed=11)

=== Epoch 11/1000 ===
[train] loss=5.9134 cls=0.6990 cme=2.3403 acc=0.9135 cells=158379
[ct_train] rechunked train graphs (seed=12)

=== Epoch 12/1000 ===
[train] loss=5.8211 cls=0.6684 cme=2.3322 acc=0.9221 cells=158379
[val]   loss=5.5620 eval=2.8609 cls=0.5294 cme=2.3315 acc=0.9476 cells=118036
[ct_train] saved best checkpoint (val_eval_loss=2.8609 val_acc=0.9476)
[ct_train] rechunked train graphs (seed=13)

=== Epoch 13/1000 ===
[train] loss=5.7429 cls=0.6428 cme=2.3255 acc=0.9295 cells=158379
[ct_train] rechunked train graphs (seed=14)

=== Epoch 14/1000 ===
[train] loss=5.6805 cls=0.6252 cme=2.3172 acc=0.9342 cells=158379
[val]   loss=5.4740 eval=2.8276 cls=0.5091 cme=2.3185 acc=0.9536 cells=118036
[ct_train] saved best checkpoint (val_eval_loss=2.8276 val_acc=0.9536)
[ct_train] rechunked train graphs (seed=15)

=== Epoch 15/1000 ===
[train] loss=5.6283 cls=0.6077 cme=2.3117 acc=0.9402 cells=158379
[ct_train] rechunked train graphs (seed=16)

=== Epoch 16/1000 ===
[train] loss=5.5885 cls=0.5945 cme=2.3084 acc=0.9440 cells=158379
[val]   loss=5.4122 eval=2.8019 cls=0.4925 cme=2.3094 acc=0.9574 cells=118036
[ct_train] saved best checkpoint (val_eval_loss=2.8019 val_acc=0.9574)
[ct_train] rechunked train graphs (seed=17)

=== Epoch 17/1000 ===
[train] loss=5.5493 cls=0.5827 cme=2.3024 acc=0.9467 cells=158379
[ct_train] rechunked train graphs (seed=18)

=== Epoch 18/1000 ===
[train] loss=5.5183 cls=0.5733 cme=2.2986 acc=0.9493 cells=158379
[val]   loss=5.3633 eval=2.7806 cls=0.4819 cme=2.2987 acc=0.9594 cells=118036
[ct_train] saved best checkpoint (val_eval_loss=2.7806 val_acc=0.9594)
[ct_train] rechunked train graphs (seed=19)

=== Epoch 19/1000 ===
[train] loss=5.4861 cls=0.5649 cme=2.2924 acc=0.9511 cells=158379
[ct_train] rechunked train graphs (seed=20)

=== Epoch 20/1000 ===
[train] loss=5.4735 cls=0.5587 cme=2.2929 acc=0.9530 cells=158379
[val]   loss=5.3336 eval=2.7681 cls=0.4745 cme=2.2936 acc=0.9614 cells=118036
[ct_train] saved best checkpoint (val_eval_loss=2.7681 val_acc=0.9614)
[ct_train] rechunked train graphs (seed=21)

=== Epoch 21/1000 ===
[train] loss=5.4464 cls=0.5513 cme=2.2870 acc=0.9544 cells=158379
[ct_train] rechunked train graphs (seed=22)

=== Epoch 22/1000 ===
[train] loss=5.4230 cls=0.5451 cme=2.2819 acc=0.9559 cells=158379
[val]   loss=5.3073 eval=2.7558 cls=0.4694 cme=2.2864 acc=0.9625 cells=118036
[ct_train] saved best checkpoint (val_eval_loss=2.7558 val_acc=0.9625)
[ct_train] rechunked train graphs (seed=23)

=== Epoch 23/1000 ===
[train] loss=5.4066 cls=0.5410 cme=2.2783 acc=0.9573 cells=158379
[ct_train] rechunked train graphs (seed=24)

=== Epoch 24/1000 ===
[train] loss=5.3926 cls=0.5357 cme=2.2762 acc=0.9582 cells=158379
[val]   loss=5.2842 eval=2.7449 cls=0.4662 cme=2.2788 acc=0.9630 cells=118036
[ct_train] saved best checkpoint (val_eval_loss=2.7449 val_acc=0.9630)
[ct_train] rechunked train graphs (seed=25)

=== Epoch 25/1000 ===
[train] loss=5.3770 cls=0.5321 cme=2.2722 acc=0.9594 cells=158379
[ct_train] rechunked train graphs (seed=26)

=== Epoch 26/1000 ===
[train] loss=5.3717 cls=0.5296 cme=2.2722 acc=0.9602 cells=158379
[val]   loss=5.2734 eval=2.7402 cls=0.4631 cme=2.2771 acc=0.9641 cells=118036
[ct_train] saved best checkpoint (val_eval_loss=2.7402 val_acc=0.9641)
[ct_train] rechunked train graphs (seed=27)

=== Epoch 27/1000 ===
[train] loss=5.3576 cls=0.5260 cme=2.2688 acc=0.9608 cells=158379
[ct_train] rechunked train graphs (seed=28)

=== Epoch 28/1000 ===
[train] loss=5.3379 cls=0.5201 cme=2.2640 acc=0.9615 cells=158379
[val]   loss=5.2499 eval=2.7275 cls=0.4572 cme=2.2703 acc=0.9656 cells=118036
[ct_train] saved best checkpoint (val_eval_loss=2.7275 val_acc=0.9656)
[ct_train] rechunked train graphs (seed=29)

=== Epoch 29/1000 ===
[train] loss=5.3301 cls=0.5171 cme=2.2628 acc=0.9630 cells=158379
[ct_train] rechunked train graphs (seed=30)

=== Epoch 30/1000 ===
[train] loss=5.3192 cls=0.5147 cme=2.2598 acc=0.9634 cells=158379
[val]   loss=5.2374 eval=2.7218 cls=0.4553 cme=2.2666 acc=0.9661 cells=118036
[ct_train] saved best checkpoint (val_eval_loss=2.7218 val_acc=0.9661)
[ct_train] rechunked train graphs (seed=31)

=== Epoch 31/1000 ===
[train] loss=5.3082 cls=0.5122 cme=2.2566 acc=0.9642 cells=158379
[ct_train] rechunked train graphs (seed=32)

=== Epoch 32/1000 ===
[train] loss=5.3001 cls=0.5105 cme=2.2544 acc=0.9645 cells=158379
[val]   loss=5.2256 eval=2.7151 cls=0.4516 cme=2.2636 acc=0.9675 cells=118036
[ct_train] saved best checkpoint (val_eval_loss=2.7151 val_acc=0.9675)
[ct_train] rechunked train graphs (seed=33)

=== Epoch 33/1000 ===
[train] loss=5.2897 cls=0.5071 cme=2.2521 acc=0.9651 cells=158379
[ct_train] rechunked train graphs (seed=34)

=== Epoch 34/1000 ===
[train] loss=5.2866 cls=0.5044 cme=2.2528 acc=0.9658 cells=158379
[val]   loss=5.2143 eval=2.7094 cls=0.4497 cme=2.2597 acc=0.9677 cells=118036
[ct_train] saved best checkpoint (val_eval_loss=2.7094 val_acc=0.9677)
[ct_train] rechunked train graphs (seed=35)

=== Epoch 35/1000 ===
[train] loss=5.2815 cls=0.5022 cme=2.2521 acc=0.9665 cells=158379
[ct_train] rechunked train graphs (seed=36)

=== Epoch 36/1000 ===
[train] loss=5.2768 cls=0.5015 cme=2.2507 acc=0.9664 cells=158379
[val]   loss=5.2134 eval=2.7093 cls=0.4482 cme=2.2612 acc=0.9683 cells=118036
[ct_train] saved best checkpoint (val_eval_loss=2.7093 val_acc=0.9683)
[ct_train] early_stopping: no improve on val/eval_loss for 1/22 val checks
[ct_train] rechunked train graphs (seed=37)

=== Epoch 37/1000 ===
[train] loss=5.2674 cls=0.4983 cme=2.2483 acc=0.9672 cells=158379
[ct_train] rechunked train graphs (seed=38)

=== Epoch 38/1000 ===
[train] loss=5.2613 cls=0.4972 cme=2.2466 acc=0.9676 cells=158379
[val]   loss=5.2177 eval=2.7134 cls=0.4490 cme=2.2644 acc=0.9682 cells=118036
[ct_train] early_stopping: no improve on val/eval_loss for 2/22 val checks
[ct_train] rechunked train graphs (seed=39)

=== Epoch 39/1000 ===
[train] loss=5.2555 cls=0.4953 cme=2.2452 acc=0.9680 cells=158379
[ct_train] rechunked train graphs (seed=40)

=== Epoch 40/1000 ===
[train] loss=5.2542 cls=0.4960 cme=2.2445 acc=0.9677 cells=158379
[val]   loss=5.1953 eval=2.6998 cls=0.4456 cme=2.2543 acc=0.9692 cells=118036
[ct_train] saved best checkpoint (val_eval_loss=2.6998 val_acc=0.9692)
[ct_train] rechunked train graphs (seed=41)

=== Epoch 41/1000 ===
[train] loss=5.2486 cls=0.4930 cme=2.2438 acc=0.9682 cells=158379
[ct_train] rechunked train graphs (seed=42)

=== Epoch 42/1000 ===
[train] loss=5.2439 cls=0.4923 cme=2.2420 acc=0.9688 cells=158379
[val]   loss=5.1885 eval=2.6971 cls=0.4461 cme=2.2510 acc=0.9690 cells=118036
[ct_train] saved best checkpoint (val_eval_loss=2.6971 val_acc=0.9692)
[ct_train] rechunked train graphs (seed=43)

=== Epoch 43/1000 ===
[train] loss=5.2374 cls=0.4905 cme=2.2403 acc=0.9690 cells=158379
[ct_train] rechunked train graphs (seed=44)

=== Epoch 44/1000 ===
[train] loss=5.2267 cls=0.4887 cme=2.2366 acc=0.9697 cells=158379
[val]   loss=5.1875 eval=2.6963 cls=0.4459 cme=2.2504 acc=0.9693 cells=118036
[ct_train] saved best checkpoint (val_eval_loss=2.6963 val_acc=0.9693)
[ct_train] rechunked train graphs (seed=45)

=== Epoch 45/1000 ===
[train] loss=5.2283 cls=0.4880 cme=2.2384 acc=0.9696 cells=158379
[ct_train] rechunked train graphs (seed=46)

=== Epoch 46/1000 ===
[train] loss=5.2260 cls=0.4863 cme=2.2385 acc=0.9700 cells=158379
[val]   loss=5.1791 eval=2.6916 cls=0.4419 cme=2.2496 acc=0.9704 cells=118036
[ct_train] saved best checkpoint (val_eval_loss=2.6916 val_acc=0.9704)
[ct_train] rechunked train graphs (seed=47)

=== Epoch 47/1000 ===
[train] loss=5.2210 cls=0.4854 cme=2.2367 acc=0.9705 cells=158379
[ct_train] rechunked train graphs (seed=48)

=== Epoch 48/1000 ===
[train] loss=5.2143 cls=0.4830 cme=2.2349 acc=0.9708 cells=158379
[val]   loss=5.1721 eval=2.6881 cls=0.4404 cme=2.2477 acc=0.9707 cells=118036
[ct_train] saved best checkpoint (val_eval_loss=2.6881 val_acc=0.9707)
[ct_train] rechunked train graphs (seed=49)

=== Epoch 49/1000 ===
[train] loss=5.2057 cls=0.4823 cme=2.2315 acc=0.9711 cells=158379
[ct_train] rechunked train graphs (seed=50)

=== Epoch 50/1000 ===
[train] loss=5.2019 cls=0.4809 cme=2.2308 acc=0.9713 cells=158379
[val]   loss=5.1712 eval=2.6880 cls=0.4413 cme=2.2466 acc=0.9707 cells=118036
[ct_train] saved best checkpoint (val_eval_loss=2.6880 val_acc=0.9707)
[ct_train] early_stopping: no improve on val/eval_loss for 1/22 val checks
[ct_train] rechunked train graphs (seed=51)

=== Epoch 51/1000 ===
[train] loss=5.1985 cls=0.4792 cme=2.2303 acc=0.9715 cells=158379
[ct_train] rechunked train graphs (seed=52)

=== Epoch 52/1000 ===
[train] loss=5.1994 cls=0.4786 cme=2.2315 acc=0.9716 cells=158379
[val]   loss=5.1613 eval=2.6825 cls=0.4379 cme=2.2445 acc=0.9714 cells=118036
[ct_train] saved best checkpoint (val_eval_loss=2.6825 val_acc=0.9714)
[ct_train] rechunked train graphs (seed=53)

=== Epoch 53/1000 ===
[train] loss=5.1936 cls=0.4783 cme=2.2293 acc=0.9719 cells=158379
[ct_train] rechunked train graphs (seed=54)

=== Epoch 54/1000 ===
[train] loss=5.1836 cls=0.4758 cme=2.2259 acc=0.9721 cells=158379
[val]   loss=5.1591 eval=2.6816 cls=0.4381 cme=2.2435 acc=0.9714 cells=118036
[ct_train] saved best checkpoint (val_eval_loss=2.6816 val_acc=0.9714)
[ct_train] rechunked train graphs (seed=55)

=== Epoch 55/1000 ===
[train] loss=5.1840 cls=0.4748 cme=2.2270 acc=0.9727 cells=158379
[ct_train] rechunked train graphs (seed=56)

=== Epoch 56/1000 ===
[train] loss=5.1797 cls=0.4737 cme=2.2260 acc=0.9728 cells=158379
[val]   loss=5.1612 eval=2.6834 cls=0.4394 cme=2.2440 acc=0.9711 cells=118036
[ct_train] early_stopping: no improve on val/eval_loss for 1/22 val checks
[ct_train] rechunked train graphs (seed=57)

=== Epoch 57/1000 ===
[train] loss=5.1776 cls=0.4729 cme=2.2253 acc=0.9732 cells=158379
[ct_train] rechunked train graphs (seed=58)

=== Epoch 58/1000 ===
[train] loss=5.1747 cls=0.4719 cme=2.2248 acc=0.9731 cells=158379
[val]   loss=5.1544 eval=2.6792 cls=0.4361 cme=2.2431 acc=0.9720 cells=118036
[ct_train] saved best checkpoint (val_eval_loss=2.6792 val_acc=0.9720)
[ct_train] rechunked train graphs (seed=59)

=== Epoch 59/1000 ===
[train] loss=5.1739 cls=0.4714 cme=2.2249 acc=0.9731 cells=158379
[ct_train] rechunked train graphs (seed=60)

=== Epoch 60/1000 ===
[train] loss=5.1691 cls=0.4700 cme=2.2234 acc=0.9739 cells=158379
[val]   loss=5.1499 eval=2.6770 cls=0.4364 cme=2.2406 acc=0.9718 cells=118036
[ct_train] saved best checkpoint (val_eval_loss=2.6770 val_acc=0.9720)
[ct_train] rechunked train graphs (seed=61)

=== Epoch 61/1000 ===
[train] loss=5.1650 cls=0.4692 cme=2.2223 acc=0.9741 cells=158379
[ct_train] rechunked train graphs (seed=62)

=== Epoch 62/1000 ===
[train] loss=5.1645 cls=0.4688 cme=2.2224 acc=0.9739 cells=158379
[val]   loss=5.1476 eval=2.6755 cls=0.4368 cme=2.2387 acc=0.9719 cells=118036
[ct_train] saved best checkpoint (val_eval_loss=2.6755 val_acc=0.9720)
[ct_train] rechunked train graphs (seed=63)

=== Epoch 63/1000 ===
[train] loss=5.1573 cls=0.4672 cme=2.2199 acc=0.9745 cells=158379
[ct_train] rechunked train graphs (seed=64)

=== Epoch 64/1000 ===
[train] loss=5.1524 cls=0.4664 cme=2.2181 acc=0.9743 cells=158379
[val]   loss=5.1477 eval=2.6759 cls=0.4353 cme=2.2407 acc=0.9724 cells=118036
[ct_train] early_stopping: no improve on val/eval_loss for 1/22 val checks
[ct_train] rechunked train graphs (seed=65)

=== Epoch 65/1000 ===
[train] loss=5.1555 cls=0.4663 cme=2.2199 acc=0.9748 cells=158379
[ct_train] rechunked train graphs (seed=66)

=== Epoch 66/1000 ===
[train] loss=5.1528 cls=0.4656 cme=2.2193 acc=0.9742 cells=158379
[val]   loss=5.1481 eval=2.6762 cls=0.4348 cme=2.2415 acc=0.9721 cells=118036
[ct_train] early_stopping: no improve on val/eval_loss for 2/22 val checks
[ct_train] rechunked train graphs (seed=67)

=== Epoch 67/1000 ===
[train] loss=5.1496 cls=0.4644 cme=2.2186 acc=0.9752 cells=158379
[ct_train] rechunked train graphs (seed=68)

=== Epoch 68/1000 ===
[train] loss=5.1456 cls=0.4637 cme=2.2172 acc=0.9755 cells=158379
[val]   loss=5.1425 eval=2.6732 cls=0.4336 cme=2.2396 acc=0.9724 cells=118036
[ct_train] saved best checkpoint (val_eval_loss=2.6732 val_acc=0.9724)
[ct_train] rechunked train graphs (seed=69)

=== Epoch 69/1000 ===
[train] loss=5.1436 cls=0.4622 cme=2.2172 acc=0.9755 cells=158379
[ct_train] rechunked train graphs (seed=70)

=== Epoch 70/1000 ===
[train] loss=5.1433 cls=0.4616 cme=2.2178 acc=0.9754 cells=158379
[val]   loss=5.1347 eval=2.6689 cls=0.4326 cme=2.2364 acc=0.9726 cells=118036
[ct_train] saved best checkpoint (val_eval_loss=2.6689 val_acc=0.9726)
[ct_train] rechunked train graphs (seed=71)

=== Epoch 71/1000 ===
[train] loss=5.1361 cls=0.4615 cme=2.2142 acc=0.9758 cells=158379
[ct_train] rechunked train graphs (seed=72)

=== Epoch 72/1000 ===
[train] loss=5.1367 cls=0.4603 cme=2.2154 acc=0.9757 cells=158379
[val]   loss=5.1314 eval=2.6674 cls=0.4322 cme=2.2352 acc=0.9730 cells=118036
[ct_train] saved best checkpoint (val_eval_loss=2.6674 val_acc=0.9730)
[ct_train] rechunked train graphs (seed=73)

=== Epoch 73/1000 ===
[train] loss=5.1345 cls=0.4594 cme=2.2149 acc=0.9762 cells=158379
[ct_train] rechunked train graphs (seed=74)

=== Epoch 74/1000 ===
[train] loss=5.1347 cls=0.4596 cme=2.2151 acc=0.9761 cells=158379
[val]   loss=5.1342 eval=2.6693 cls=0.4331 cme=2.2362 acc=0.9725 cells=118036
[ct_train] early_stopping: no improve on val/eval_loss for 1/22 val checks
[ct_train] rechunked train graphs (seed=75)

=== Epoch 75/1000 ===
[train] loss=5.1296 cls=0.4597 cme=2.2124 acc=0.9758 cells=158379
[ct_train] rechunked train graphs (seed=76)

=== Epoch 76/1000 ===
[train] loss=5.1290 cls=0.4577 cme=2.2138 acc=0.9765 cells=158379
[val]   loss=5.1389 eval=2.6713 cls=0.4321 cme=2.2391 acc=0.9727 cells=118036
[ct_train] early_stopping: no improve on val/eval_loss for 2/22 val checks
[ct_train] rechunked train graphs (seed=77)

=== Epoch 77/1000 ===
[train] loss=5.1313 cls=0.4578 cme=2.2151 acc=0.9766 cells=158379
[ct_train] rechunked train graphs (seed=78)

=== Epoch 78/1000 ===
[train] loss=5.1204 cls=0.4573 cme=2.2099 acc=0.9765 cells=158379
[val]   loss=5.1264 eval=2.6640 cls=0.4294 cme=2.2346 acc=0.9733 cells=118036
[ct_train] saved best checkpoint (val_eval_loss=2.6640 val_acc=0.9733)
[ct_train] rechunked train graphs (seed=79)

=== Epoch 79/1000 ===
[train] loss=5.1256 cls=0.4569 cme=2.2131 acc=0.9769 cells=158379
[ct_train] rechunked train graphs (seed=80)

=== Epoch 80/1000 ===
[train] loss=5.1178 cls=0.4557 cme=2.2098 acc=0.9767 cells=158379
[val]   loss=5.1329 eval=2.6686 cls=0.4322 cme=2.2364 acc=0.9730 cells=118036
[ct_train] early_stopping: no improve on val/eval_loss for 1/22 val checks
[ct_train] rechunked train graphs (seed=81)

=== Epoch 81/1000 ===
[train] loss=5.1196 cls=0.4552 cme=2.2112 acc=0.9774 cells=158379
[ct_train] rechunked train graphs (seed=82)

=== Epoch 82/1000 ===
[train] loss=5.1131 cls=0.4543 cme=2.2088 acc=0.9772 cells=158379
[val]   loss=5.1240 eval=2.6636 cls=0.4305 cme=2.2331 acc=0.9733 cells=118036
[ct_train] saved best checkpoint (val_eval_loss=2.6636 val_acc=0.9733)
[ct_train] early_stopping: no improve on val/eval_loss for 2/22 val checks
[ct_train] rechunked train graphs (seed=83)

=== Epoch 83/1000 ===
[train] loss=5.1184 cls=0.4543 cme=2.2115 acc=0.9771 cells=158379
[ct_train] rechunked train graphs (seed=84)

=== Epoch 84/1000 ===
[train] loss=5.1122 cls=0.4544 cme=2.2083 acc=0.9773 cells=158379
[val]   loss=5.1235 eval=2.6631 cls=0.4289 cme=2.2342 acc=0.9739 cells=118036
[ct_train] saved best checkpoint (val_eval_loss=2.6631 val_acc=0.9739)
[ct_train] early_stopping: no improve on val/eval_loss for 3/22 val checks
[ct_train] rechunked train graphs (seed=85)

=== Epoch 85/1000 ===
[train] loss=5.1150 cls=0.4535 cme=2.2102 acc=0.9777 cells=158379
[ct_train] rechunked train graphs (seed=86)

=== Epoch 86/1000 ===
[train] loss=5.1115 cls=0.4534 cme=2.2089 acc=0.9773 cells=158379
[val]   loss=5.1220 eval=2.6626 cls=0.4287 cme=2.2339 acc=0.9736 cells=118036
[ct_train] saved best checkpoint (val_eval_loss=2.6626 val_acc=0.9739)
[ct_train] rechunked train graphs (seed=87)

=== Epoch 87/1000 ===
[train] loss=5.1084 cls=0.4519 cme=2.2083 acc=0.9783 cells=158379
[ct_train] rechunked train graphs (seed=88)

=== Epoch 88/1000 ===
[train] loss=5.1062 cls=0.4529 cme=2.2067 acc=0.9777 cells=158379
[val]   loss=5.1185 eval=2.6610 cls=0.4288 cme=2.2322 acc=0.9737 cells=118036
[ct_train] saved best checkpoint (val_eval_loss=2.6610 val_acc=0.9739)
[ct_train] rechunked train graphs (seed=89)

=== Epoch 89/1000 ===
[train] loss=5.1078 cls=0.4513 cme=2.2087 acc=0.9781 cells=158379
[ct_train] rechunked train graphs (seed=90)

=== Epoch 90/1000 ===
[train] loss=5.1053 cls=0.4508 cme=2.2081 acc=0.9780 cells=158379
[val]   loss=5.1349 eval=2.6698 cls=0.4289 cme=2.2410 acc=0.9735 cells=118036
[ct_train] early_stopping: no improve on val/eval_loss for 1/22 val checks
[ct_train] rechunked train graphs (seed=91)

=== Epoch 91/1000 ===
[train] loss=5.1034 cls=0.4508 cme=2.2069 acc=0.9780 cells=158379
[ct_train] rechunked train graphs (seed=92)

=== Epoch 92/1000 ===
[train] loss=5.1011 cls=0.4502 cme=2.2061 acc=0.9782 cells=158379
[val]   loss=5.1141 eval=2.6580 cls=0.4264 cme=2.2315 acc=0.9744 cells=118036
[ct_train] saved best checkpoint (val_eval_loss=2.6580 val_acc=0.9744)
[ct_train] rechunked train graphs (seed=93)

=== Epoch 93/1000 ===
[train] loss=5.1016 cls=0.4501 cme=2.2065 acc=0.9782 cells=158379
[ct_train] rechunked train graphs (seed=94)

=== Epoch 94/1000 ===
[train] loss=5.0980 cls=0.4495 cme=2.2052 acc=0.9782 cells=158379
[val]   loss=5.1132 eval=2.6584 cls=0.4281 cme=2.2303 acc=0.9737 cells=118036
[ct_train] early_stopping: no improve on val/eval_loss for 1/22 val checks
[ct_train] rechunked train graphs (seed=95)

=== Epoch 95/1000 ===
[train] loss=5.0901 cls=0.4488 cme=2.2019 acc=0.9787 cells=158379
[ct_train] rechunked train graphs (seed=96)

=== Epoch 96/1000 ===
[train] loss=5.0960 cls=0.4488 cme=2.2048 acc=0.9789 cells=158379
[val]   loss=5.1179 eval=2.6609 cls=0.4294 cme=2.2315 acc=0.9737 cells=118036
[ct_train] early_stopping: no improve on val/eval_loss for 2/22 val checks
[ct_train] rechunked train graphs (seed=97)

=== Epoch 97/1000 ===
[train] loss=5.0919 cls=0.4487 cme=2.2029 acc=0.9786 cells=158379
[ct_train] rechunked train graphs (seed=98)

=== Epoch 98/1000 ===
[train] loss=5.0945 cls=0.4481 cme=2.2047 acc=0.9784 cells=158379
[val]   loss=5.1171 eval=2.6604 cls=0.4287 cme=2.2316 acc=0.9741 cells=118036
[ct_train] early_stopping: no improve on val/eval_loss for 3/22 val checks
[ct_train] rechunked train graphs (seed=99)

=== Epoch 99/1000 ===
[train] loss=5.0911 cls=0.4476 cme=2.2033 acc=0.9789 cells=158379
[ct_train] rechunked train graphs (seed=100)

=== Epoch 100/1000 ===
[train] loss=5.0853 cls=0.4460 cme=2.2016 acc=0.9793 cells=158379
[val]   loss=5.1123 eval=2.6575 cls=0.4261 cme=2.2314 acc=0.9746 cells=118036
[ct_train] saved best checkpoint (val_eval_loss=2.6575 val_acc=0.9746)
[ct_train] early_stopping: no improve on val/eval_loss for 4/22 val checks
[ct_train] rechunked train graphs (seed=101)

=== Epoch 101/1000 ===
[train] loss=5.0882 cls=0.4457 cme=2.2034 acc=0.9794 cells=158379
[ct_train] rechunked train graphs (seed=102)

=== Epoch 102/1000 ===
[train] loss=5.0866 cls=0.4454 cme=2.2030 acc=0.9797 cells=158379
[val]   loss=5.1158 eval=2.6595 cls=0.4272 cme=2.2323 acc=0.9743 cells=118036
[ct_train] early_stopping: no improve on val/eval_loss for 5/22 val checks
[ct_train] rechunked train graphs (seed=103)

=== Epoch 103/1000 ===
[train] loss=5.0837 cls=0.4453 cme=2.2016 acc=0.9795 cells=158379
[ct_train] rechunked train graphs (seed=104)

=== Epoch 104/1000 ===
[train] loss=5.0818 cls=0.4447 cme=2.2012 acc=0.9793 cells=158379
[val]   loss=5.1095 eval=2.6562 cls=0.4276 cme=2.2286 acc=0.9742 cells=118036
[ct_train] saved best checkpoint (val_eval_loss=2.6562 val_acc=0.9746)
[ct_train] rechunked train graphs (seed=105)

=== Epoch 105/1000 ===
[train] loss=5.0812 cls=0.4440 cme=2.2015 acc=0.9797 cells=158379
[ct_train] rechunked train graphs (seed=106)

=== Epoch 106/1000 ===
[train] loss=5.0809 cls=0.4445 cme=2.2009 acc=0.9793 cells=158379
[val]   loss=5.1092 eval=2.6564 cls=0.4268 cme=2.2295 acc=0.9740 cells=118036
[ct_train] early_stopping: no improve on val/eval_loss for 1/22 val checks
[ct_train] rechunked train graphs (seed=107)

=== Epoch 107/1000 ===
[train] loss=5.0786 cls=0.4452 cme=2.1993 acc=0.9789 cells=158379
[ct_train] rechunked train graphs (seed=108)

=== Epoch 108/1000 ===
[train] loss=5.0759 cls=0.4432 cme=2.1993 acc=0.9796 cells=158379
[val]   loss=5.1110 eval=2.6570 cls=0.4265 cme=2.2305 acc=0.9741 cells=118036
[ct_train] early_stopping: no improve on val/eval_loss for 2/22 val checks
[ct_train] rechunked train graphs (seed=109)

=== Epoch 109/1000 ===
[train] loss=5.0730 cls=0.4432 cme=2.1979 acc=0.9801 cells=158379
[ct_train] rechunked train graphs (seed=110)

=== Epoch 110/1000 ===
[train] loss=5.0778 cls=0.4419 cme=2.2014 acc=0.9803 cells=158379
[val]   loss=5.1005 eval=2.6512 cls=0.4251 cme=2.2261 acc=0.9748 cells=118036
[ct_train] saved best checkpoint (val_eval_loss=2.6512 val_acc=0.9748)
[ct_train] rechunked train graphs (seed=111)

=== Epoch 111/1000 ===
[train] loss=5.0714 cls=0.4420 cme=2.1981 acc=0.9798 cells=158379
[ct_train] rechunked train graphs (seed=112)

=== Epoch 112/1000 ===
[train] loss=5.0736 cls=0.4423 cme=2.1990 acc=0.9800 cells=158379
[val]   loss=5.1056 eval=2.6538 cls=0.4249 cme=2.2289 acc=0.9748 cells=118036
[ct_train] early_stopping: no improve on val/eval_loss for 1/22 val checks
[ct_train] rechunked train graphs (seed=113)

=== Epoch 113/1000 ===
[train] loss=5.0661 cls=0.4405 cme=2.1964 acc=0.9805 cells=158379
[ct_train] rechunked train graphs (seed=114)

=== Epoch 114/1000 ===
[train] loss=5.0668 cls=0.4410 cme=2.1968 acc=0.9806 cells=158379
[val]   loss=5.1092 eval=2.6561 cls=0.4268 cme=2.2293 acc=0.9743 cells=118036
[ct_train] early_stopping: no improve on val/eval_loss for 2/22 val checks
[ct_train] rechunked train graphs (seed=115)

=== Epoch 115/1000 ===
[train] loss=5.0613 cls=0.4395 cme=2.1950 acc=0.9809 cells=158379
[ct_train] rechunked train graphs (seed=116)

=== Epoch 116/1000 ===
[train] loss=5.0681 cls=0.4397 cme=2.1984 acc=0.9807 cells=158379
[val]   loss=5.1078 eval=2.6557 cls=0.4256 cme=2.2301 acc=0.9747 cells=118036
[ct_train] early_stopping: no improve on val/eval_loss for 3/22 val checks
[ct_train] rechunked train graphs (seed=117)

=== Epoch 117/1000 ===
[train] loss=5.0656 cls=0.4392 cme=2.1974 acc=0.9808 cells=158379
[ct_train] rechunked train graphs (seed=118)

=== Epoch 118/1000 ===
[train] loss=5.0608 cls=0.4392 cme=2.1951 acc=0.9809 cells=158379
[val]   loss=5.1091 eval=2.6559 cls=0.4253 cme=2.2306 acc=0.9749 cells=118036
[ct_train] early_stopping: no improve on val/eval_loss for 4/22 val checks
[ct_train] rechunked train graphs (seed=119)

=== Epoch 119/1000 ===
[train] loss=5.0577 cls=0.4393 cme=2.1935 acc=0.9809 cells=158379
[ct_train] rechunked train graphs (seed=120)

=== Epoch 120/1000 ===
[train] loss=5.0585 cls=0.4389 cme=2.1942 acc=0.9811 cells=158379
[val]   loss=5.1066 eval=2.6546 cls=0.4245 cme=2.2301 acc=0.9748 cells=118036
[ct_train] early_stopping: no improve on val/eval_loss for 5/22 val checks
[ct_train] rechunked train graphs (seed=121)

=== Epoch 121/1000 ===
[train] loss=5.0610 cls=0.4382 cme=2.1960 acc=0.9813 cells=158379
[ct_train] rechunked train graphs (seed=122)

=== Epoch 122/1000 ===
[train] loss=5.0557 cls=0.4364 cme=2.1945 acc=0.9814 cells=158379
[val]   loss=5.1100 eval=2.6568 cls=0.4267 cme=2.2301 acc=0.9743 cells=118036
[ct_train] early_stopping: no improve on val/eval_loss for 6/22 val checks
[ct_train] rechunked train graphs (seed=123)

=== Epoch 123/1000 ===
[train] loss=5.0599 cls=0.4386 cme=2.1952 acc=0.9809 cells=158379
[ct_train] rechunked train graphs (seed=124)

=== Epoch 124/1000 ===
[train] loss=5.0599 cls=0.4371 cme=2.1964 acc=0.9814 cells=158379
[val]   loss=5.0987 eval=2.6506 cls=0.4241 cme=2.2265 acc=0.9753 cells=118036
[ct_train] saved best checkpoint (val_eval_loss=2.6506 val_acc=0.9753)
[ct_train] rechunked train graphs (seed=125)

=== Epoch 125/1000 ===
[train] loss=5.0553 cls=0.4369 cme=2.1944 acc=0.9815 cells=158379
[ct_train] rechunked train graphs (seed=126)

=== Epoch 126/1000 ===
[train] loss=5.0583 cls=0.4367 cme=2.1960 acc=0.9815 cells=158379
[val]   loss=5.1074 eval=2.6552 cls=0.4248 cme=2.2304 acc=0.9749 cells=118036
[ct_train] early_stopping: no improve on val/eval_loss for 1/22 val checks
[ct_train] rechunked train graphs (seed=127)

=== Epoch 127/1000 ===
[train] loss=5.0539 cls=0.4357 cme=2.1944 acc=0.9820 cells=158379
[ct_train] rechunked train graphs (seed=128)

=== Epoch 128/1000 ===
[train] loss=5.0526 cls=0.4350 cme=2.1944 acc=0.9821 cells=158379
[val]   loss=5.1004 eval=2.6513 cls=0.4249 cme=2.2265 acc=0.9748 cells=118036
[ct_train] early_stopping: no improve on val/eval_loss for 2/22 val checks
[ct_train] rechunked train graphs (seed=129)

=== Epoch 129/1000 ===
[train] loss=5.0476 cls=0.4351 cme=2.1915 acc=0.9821 cells=158379
[ct_train] rechunked train graphs (seed=130)

=== Epoch 130/1000 ===
[train] loss=5.0456 cls=0.4352 cme=2.1907 acc=0.9819 cells=158379
[val]   loss=5.1027 eval=2.6525 cls=0.4234 cme=2.2291 acc=0.9752 cells=118036
[ct_train] early_stopping: no improve on val/eval_loss for 3/22 val checks
[ct_train] rechunked train graphs (seed=131)

=== Epoch 131/1000 ===
[train] loss=5.0486 cls=0.4349 cme=2.1924 acc=0.9818 cells=158379
[ct_train] rechunked train graphs (seed=132)

=== Epoch 132/1000 ===
[train] loss=5.0428 cls=0.4341 cme=2.1903 acc=0.9822 cells=158379
[val]   loss=5.1055 eval=2.6543 cls=0.4243 cme=2.2301 acc=0.9751 cells=118036
[ct_train] early_stopping: no improve on val/eval_loss for 4/22 val checks
[ct_train] rechunked train graphs (seed=133)

=== Epoch 133/1000 ===
[train] loss=5.0471 cls=0.4340 cme=2.1924 acc=0.9823 cells=158379
[ct_train] rechunked train graphs (seed=134)

=== Epoch 134/1000 ===
[train] loss=5.0472 cls=0.4340 cme=2.1926 acc=0.9822 cells=158379
[val]   loss=5.0980 eval=2.6501 cls=0.4227 cme=2.2274 acc=0.9755 cells=118036
[ct_train] saved best checkpoint (val_eval_loss=2.6501 val_acc=0.9755)
[ct_train] early_stopping: no improve on val/eval_loss for 5/22 val checks
[ct_train] rechunked train graphs (seed=135)

=== Epoch 135/1000 ===
[train] loss=5.0471 cls=0.4331 cme=2.1932 acc=0.9822 cells=158379
[ct_train] rechunked train graphs (seed=136)

=== Epoch 136/1000 ===
[train] loss=5.0446 cls=0.4337 cme=2.1917 acc=0.9822 cells=158379
[val]   loss=5.1004 eval=2.6519 cls=0.4251 cme=2.2268 acc=0.9747 cells=118036
[ct_train] early_stopping: no improve on val/eval_loss for 6/22 val checks
[ct_train] rechunked train graphs (seed=137)

=== Epoch 137/1000 ===
[train] loss=5.0428 cls=0.4325 cme=2.1914 acc=0.9827 cells=158379
[ct_train] rechunked train graphs (seed=138)

=== Epoch 138/1000 ===
[train] loss=5.0398 cls=0.4325 cme=2.1901 acc=0.9827 cells=158379
[val]   loss=5.1096 eval=2.6572 cls=0.4250 cme=2.2321 acc=0.9749 cells=118036
[ct_train] early_stopping: no improve on val/eval_loss for 7/22 val checks
[ct_train] rechunked train graphs (seed=139)

=== Epoch 139/1000 ===
[train] loss=5.0397 cls=0.4322 cme=2.1902 acc=0.9826 cells=158379
[ct_train] rechunked train graphs (seed=140)

=== Epoch 140/1000 ===
[train] loss=5.0350 cls=0.4318 cme=2.1883 acc=0.9824 cells=158379
[val]   loss=5.1004 eval=2.6520 cls=0.4250 cme=2.2270 acc=0.9749 cells=118036
[ct_train] early_stopping: no improve on val/eval_loss for 8/22 val checks
[ct_train] rechunked train graphs (seed=141)

=== Epoch 141/1000 ===
[train] loss=5.0337 cls=0.4315 cme=2.1876 acc=0.9828 cells=158379
[ct_train] rechunked train graphs (seed=142)

=== Epoch 142/1000 ===
[train] loss=5.0352 cls=0.4315 cme=2.1886 acc=0.9830 cells=158379
[val]   loss=5.1010 eval=2.6519 cls=0.4236 cme=2.2283 acc=0.9754 cells=118036
[ct_train] early_stopping: no improve on val/eval_loss for 9/22 val checks
[ct_train] rechunked train graphs (seed=143)

=== Epoch 143/1000 ===
[train] loss=5.0394 cls=0.4308 cme=2.1912 acc=0.9830 cells=158379
[ct_train] rechunked train graphs (seed=144)

=== Epoch 144/1000 ===
[train] loss=5.0298 cls=0.4308 cme=2.1864 acc=0.9830 cells=158379
[val]   loss=5.1103 eval=2.6572 cls=0.4253 cme=2.2319 acc=0.9750 cells=118036
[ct_train] early_stopping: no improve on val/eval_loss for 10/22 val checks
[ct_train] rechunked train graphs (seed=145)

=== Epoch 145/1000 ===
[train] loss=5.0337 cls=0.4308 cme=2.1886 acc=0.9832 cells=158379
[ct_train] rechunked train graphs (seed=146)

=== Epoch 146/1000 ===
[train] loss=5.0323 cls=0.4300 cme=2.1884 acc=0.9835 cells=158379
[val]   loss=5.1005 eval=2.6514 cls=0.4243 cme=2.2272 acc=0.9751 cells=118036
[ct_train] early_stopping: no improve on val/eval_loss for 11/22 val checks
[ct_train] rechunked train graphs (seed=147)

=== Epoch 147/1000 ===
[train] loss=5.0313 cls=0.4296 cme=2.1883 acc=0.9833 cells=158379
[ct_train] rechunked train graphs (seed=148)

=== Epoch 148/1000 ===
[train] loss=5.0280 cls=0.4292 cme=2.1867 acc=0.9837 cells=158379
[val]   loss=5.1057 eval=2.6550 cls=0.4242 cme=2.2308 acc=0.9752 cells=118036
[ct_train] early_stopping: no improve on val/eval_loss for 12/22 val checks
[ct_train] rechunked train graphs (seed=149)

=== Epoch 149/1000 ===
[train] loss=5.0287 cls=0.4292 cme=2.1872 acc=0.9835 cells=158379
[ct_train] rechunked train graphs (seed=150)

=== Epoch 150/1000 ===
[train] loss=5.0334 cls=0.4289 cme=2.1898 acc=0.9840 cells=158379
[val]   loss=5.0940 eval=2.6484 cls=0.4239 cme=2.2245 acc=0.9755 cells=118036
[ct_train] saved best checkpoint (val_eval_loss=2.6484 val_acc=0.9755)
[ct_train] rechunked train graphs (seed=151)

=== Epoch 151/1000 ===
[train] loss=5.0275 cls=0.4285 cme=2.1871 acc=0.9842 cells=158379
[ct_train] rechunked train graphs (seed=152)

=== Epoch 152/1000 ===
[train] loss=5.0298 cls=0.4282 cme=2.1886 acc=0.9838 cells=158379
[val]   loss=5.1164 eval=2.6611 cls=0.4250 cme=2.2361 acc=0.9746 cells=118036
[ct_train] early_stopping: no improve on val/eval_loss for 1/22 val checks
[ct_train] rechunked train graphs (seed=153)

=== Epoch 153/1000 ===
[train] loss=5.0193 cls=0.4270 cme=2.1839 acc=0.9839 cells=158379
[ct_train] rechunked train graphs (seed=154)

=== Epoch 154/1000 ===
[train] loss=5.0207 cls=0.4276 cme=2.1845 acc=0.9839 cells=158379
[val]   loss=5.1061 eval=2.6550 cls=0.4239 cme=2.2311 acc=0.9752 cells=118036
[ct_train] early_stopping: no improve on val/eval_loss for 2/22 val checks
[ct_train] rechunked train graphs (seed=155)

=== Epoch 155/1000 ===
[train] loss=5.0217 cls=0.4269 cme=2.1853 acc=0.9842 cells=158379
[ct_train] rechunked train graphs (seed=156)

=== Epoch 156/1000 ===
[train] loss=5.0212 cls=0.4270 cme=2.1852 acc=0.9841 cells=158379
[val]   loss=5.1029 eval=2.6538 cls=0.4258 cme=2.2280 acc=0.9749 cells=118036
[ct_train] early_stopping: no improve on val/eval_loss for 3/22 val checks
[ct_train] rechunked train graphs (seed=157)

=== Epoch 157/1000 ===
[train] loss=5.0179 cls=0.4264 cme=2.1840 acc=0.9843 cells=158379
[ct_train] rechunked train graphs (seed=158)

=== Epoch 158/1000 ===
[train] loss=5.0195 cls=0.4266 cme=2.1846 acc=0.9840 cells=158379
[val]   loss=5.1083 eval=2.6560 cls=0.4231 cme=2.2329 acc=0.9754 cells=118036
[ct_train] early_stopping: no improve on val/eval_loss for 4/22 val checks
[ct_train] rechunked train graphs (seed=159)

=== Epoch 159/1000 ===
[train] loss=5.0181 cls=0.4264 cme=2.1841 acc=0.9843 cells=158379
[ct_train] rechunked train graphs (seed=160)

=== Epoch 160/1000 ===
[train] loss=5.0148 cls=0.4254 cme=2.1831 acc=0.9845 cells=158379
[val]   loss=5.0987 eval=2.6513 cls=0.4247 cme=2.2266 acc=0.9753 cells=118036
[ct_train] early_stopping: no improve on val/eval_loss for 5/22 val checks
[ct_train] rechunked train graphs (seed=161)

=== Epoch 161/1000 ===
[train] loss=5.0141 cls=0.4253 cme=2.1831 acc=0.9846 cells=158379
[ct_train] rechunked train graphs (seed=162)

=== Epoch 162/1000 ===
[train] loss=5.0139 cls=0.4252 cme=2.1830 acc=0.9847 cells=158379
[val]   loss=5.0935 eval=2.6480 cls=0.4232 cme=2.2248 acc=0.9755 cells=118036
[ct_train] saved best checkpoint (val_eval_loss=2.6480 val_acc=0.9755)
[ct_train] early_stopping: no improve on val/eval_loss for 6/22 val checks
[ct_train] rechunked train graphs (seed=163)

=== Epoch 163/1000 ===
[train] loss=5.0229 cls=0.4254 cme=2.1874 acc=0.9846 cells=158379
[ct_train] rechunked train graphs (seed=164)

=== Epoch 164/1000 ===
[train] loss=5.0161 cls=0.4249 cme=2.1844 acc=0.9848 cells=158379
[val]   loss=5.0912 eval=2.6473 cls=0.4236 cme=2.2237 acc=0.9754 cells=118036
[ct_train] saved best checkpoint (val_eval_loss=2.6473 val_acc=0.9755)
[ct_train] rechunked train graphs (seed=165)

=== Epoch 165/1000 ===
[train] loss=5.0126 cls=0.4237 cme=2.1834 acc=0.9851 cells=158379
[ct_train] rechunked train graphs (seed=166)

=== Epoch 166/1000 ===
[train] loss=5.0102 cls=0.4240 cme=2.1821 acc=0.9850 cells=158379
[val]   loss=5.0902 eval=2.6466 cls=0.4235 cme=2.2232 acc=0.9755 cells=118036
[ct_train] saved best checkpoint (val_eval_loss=2.6466 val_acc=0.9755)
[ct_train] rechunked train graphs (seed=167)

=== Epoch 167/1000 ===
[train] loss=5.0127 cls=0.4242 cme=2.1830 acc=0.9849 cells=158379
[ct_train] rechunked train graphs (seed=168)

=== Epoch 168/1000 ===
[train] loss=5.0113 cls=0.4239 cme=2.1827 acc=0.9847 cells=158379
[val]   loss=5.0924 eval=2.6474 cls=0.4239 cme=2.2235 acc=0.9756 cells=118036
[ct_train] early_stopping: no improve on val/eval_loss for 1/22 val checks
[ct_train] rechunked train graphs (seed=169)

=== Epoch 169/1000 ===
[train] loss=5.0081 cls=0.4237 cme=2.1813 acc=0.9849 cells=158379
[ct_train] rechunked train graphs (seed=170)

=== Epoch 170/1000 ===
[train] loss=5.0064 cls=0.4226 cme=2.1812 acc=0.9853 cells=158379
[val]   loss=5.0975 eval=2.6511 cls=0.4244 cme=2.2267 acc=0.9755 cells=118036
[ct_train] early_stopping: no improve on val/eval_loss for 2/22 val checks
[ct_train] rechunked train graphs (seed=171)

=== Epoch 171/1000 ===
[train] loss=5.0098 cls=0.4235 cme=2.1823 acc=0.9850 cells=158379
[ct_train] rechunked train graphs (seed=172)

=== Epoch 172/1000 ===
[train] loss=5.0070 cls=0.4227 cme=2.1817 acc=0.9852 cells=158379
[val]   loss=5.1064 eval=2.6559 cls=0.4256 cme=2.2304 acc=0.9752 cells=118036
[ct_train] early_stopping: no improve on val/eval_loss for 3/22 val checks
[ct_train] rechunked train graphs (seed=173)

=== Epoch 173/1000 ===
[train] loss=5.0087 cls=0.4236 cme=2.1820 acc=0.9850 cells=158379
[ct_train] rechunked train graphs (seed=174)

=== Epoch 174/1000 ===
[train] loss=5.0068 cls=0.4224 cme=2.1819 acc=0.9851 cells=158379
[val]   loss=5.0946 eval=2.6493 cls=0.4241 cme=2.2252 acc=0.9755 cells=118036
[ct_train] early_stopping: no improve on val/eval_loss for 4/22 val checks
[ct_train] rechunked train graphs (seed=175)

=== Epoch 175/1000 ===
[train] loss=4.9969 cls=0.4211 cme=2.1778 acc=0.9857 cells=158379
[ct_train] rechunked train graphs (seed=176)

=== Epoch 176/1000 ===
[train] loss=5.0039 cls=0.4216 cme=2.1808 acc=0.9856 cells=158379
[val]   loss=5.0948 eval=2.6491 cls=0.4234 cme=2.2257 acc=0.9756 cells=118036
[ct_train] early_stopping: no improve on val/eval_loss for 5/22 val checks
[ct_train] rechunked train graphs (seed=177)

=== Epoch 177/1000 ===
[train] loss=5.0042 cls=0.4221 cme=2.1808 acc=0.9856 cells=158379
[ct_train] rechunked train graphs (seed=178)

=== Epoch 178/1000 ===
[train] loss=4.9992 cls=0.4213 cme=2.1789 acc=0.9854 cells=158379
[val]   loss=5.0931 eval=2.6488 cls=0.4250 cme=2.2238 acc=0.9754 cells=118036
[ct_train] early_stopping: no improve on val/eval_loss for 6/22 val checks
[ct_train] rechunked train graphs (seed=179)

=== Epoch 179/1000 ===
[train] loss=4.9986 cls=0.4197 cme=2.1798 acc=0.9862 cells=158379
[ct_train] rechunked train graphs (seed=180)

=== Epoch 180/1000 ===
[train] loss=5.0005 cls=0.4202 cme=2.1803 acc=0.9858 cells=158379
[val]   loss=5.0937 eval=2.6490 cls=0.4246 cme=2.2244 acc=0.9753 cells=118036
[ct_train] early_stopping: no improve on val/eval_loss for 7/22 val checks
[ct_train] rechunked train graphs (seed=181)

=== Epoch 181/1000 ===
[train] loss=4.9995 cls=0.4197 cme=2.1802 acc=0.9861 cells=158379
[ct_train] rechunked train graphs (seed=182)

=== Epoch 182/1000 ===
[train] loss=4.9945 cls=0.4197 cme=2.1777 acc=0.9863 cells=158379
[val]   loss=5.0885 eval=2.6466 cls=0.4249 cme=2.2217 acc=0.9757 cells=118036
[ct_train] saved best checkpoint (val_eval_loss=2.6466 val_acc=0.9757)
[ct_train] early_stopping: no improve on val/eval_loss for 8/22 val checks
[ct_train] rechunked train graphs (seed=183)

=== Epoch 183/1000 ===
[train] loss=4.9959 cls=0.4202 cme=2.1782 acc=0.9859 cells=158379
[ct_train] rechunked train graphs (seed=184)

=== Epoch 184/1000 ===
[train] loss=4.9978 cls=0.4194 cme=2.1796 acc=0.9862 cells=158379
[val]   loss=5.0936 eval=2.6496 cls=0.4262 cme=2.2234 acc=0.9752 cells=118036
[ct_train] early_stopping: no improve on val/eval_loss for 9/22 val checks
[ct_train] rechunked train graphs (seed=185)

=== Epoch 185/1000 ===
[train] loss=4.9964 cls=0.4192 cme=2.1790 acc=0.9863 cells=158379
[ct_train] rechunked train graphs (seed=186)

=== Epoch 186/1000 ===
[train] loss=4.9962 cls=0.4194 cme=2.1788 acc=0.9859 cells=158379
[val]   loss=5.0944 eval=2.6491 cls=0.4238 cme=2.2253 acc=0.9756 cells=118036
[ct_train] early_stopping: no improve on val/eval_loss for 10/22 val checks
[ct_train] rechunked train graphs (seed=187)

=== Epoch 187/1000 ===
[train] loss=4.9953 cls=0.4182 cme=2.1792 acc=0.9862 cells=158379
[ct_train] rechunked train graphs (seed=188)

=== Epoch 188/1000 ===
[train] loss=4.9923 cls=0.4180 cme=2.1779 acc=0.9866 cells=158379
[val]   loss=5.0870 eval=2.6456 cls=0.4247 cme=2.2209 acc=0.9756 cells=118036
[ct_train] saved best checkpoint (val_eval_loss=2.6456 val_acc=0.9757)
[ct_train] rechunked train graphs (seed=189)

=== Epoch 189/1000 ===
[train] loss=4.9886 cls=0.4178 cme=2.1762 acc=0.9864 cells=158379
[ct_train] rechunked train graphs (seed=190)

=== Epoch 190/1000 ===
[train] loss=4.9901 cls=0.4180 cme=2.1769 acc=0.9868 cells=158379
[val]   loss=5.0943 eval=2.6497 cls=0.4250 cme=2.2247 acc=0.9754 cells=118036
[ct_train] early_stopping: no improve on val/eval_loss for 1/22 val checks
[ct_train] rechunked train graphs (seed=191)

=== Epoch 191/1000 ===
[train] loss=4.9857 cls=0.4180 cme=2.1748 acc=0.9865 cells=158379
[ct_train] rechunked train graphs (seed=192)

=== Epoch 192/1000 ===
[train] loss=4.9913 cls=0.4181 cme=2.1776 acc=0.9864 cells=158379
[val]   loss=5.0880 eval=2.6461 cls=0.4248 cme=2.2213 acc=0.9757 cells=118036
[ct_train] early_stopping: no improve on val/eval_loss for 2/22 val checks
[ct_train] rechunked train graphs (seed=193)

=== Epoch 193/1000 ===
[train] loss=4.9824 cls=0.4165 cme=2.1743 acc=0.9869 cells=158379
[ct_train] rechunked train graphs (seed=194)

=== Epoch 194/1000 ===
[train] loss=4.9951 cls=0.4166 cme=2.1806 acc=0.9870 cells=158379
[val]   loss=5.0999 eval=2.6525 cls=0.4240 cme=2.2285 acc=0.9760 cells=118036
[ct_train] early_stopping: no improve on val/eval_loss for 3/22 val checks
[ct_train] rechunked train graphs (seed=195)

=== Epoch 195/1000 ===
[train] loss=4.9876 cls=0.4161 cme=2.1771 acc=0.9869 cells=158379
[ct_train] rechunked train graphs (seed=196)

=== Epoch 196/1000 ===
[train] loss=4.9875 cls=0.4164 cme=2.1768 acc=0.9867 cells=158379
[val]   loss=5.0909 eval=2.6476 cls=0.4241 cme=2.2235 acc=0.9759 cells=118036
[ct_train] early_stopping: no improve on val/eval_loss for 4/22 val checks
[ct_train] rechunked train graphs (seed=197)

=== Epoch 197/1000 ===
[train] loss=4.9885 cls=0.4169 cme=2.1770 acc=0.9870 cells=158379
[ct_train] rechunked train graphs (seed=198)

=== Epoch 198/1000 ===
[train] loss=4.9909 cls=0.4170 cme=2.1782 acc=0.9869 cells=158379
[val]   loss=5.0972 eval=2.6517 cls=0.4249 cme=2.2267 acc=0.9755 cells=118036
[ct_train] early_stopping: no improve on val/eval_loss for 5/22 val checks
[ct_train] rechunked train graphs (seed=199)

=== Epoch 199/1000 ===
[train] loss=4.9826 cls=0.4159 cme=2.1748 acc=0.9869 cells=158379
[ct_train] rechunked train graphs (seed=200)

=== Epoch 200/1000 ===
[train] loss=4.9817 cls=0.4151 cme=2.1749 acc=0.9871 cells=158379
[val]   loss=5.0911 eval=2.6485 cls=0.4265 cme=2.2219 acc=0.9753 cells=118036
[ct_train] early_stopping: no improve on val/eval_loss for 6/22 val checks
[ct_train] rechunked train graphs (seed=201)

=== Epoch 201/1000 ===
[train] loss=4.9836 cls=0.4150 cme=2.1759 acc=0.9874 cells=158379
[ct_train] rechunked train graphs (seed=202)

=== Epoch 202/1000 ===
[train] loss=4.9779 cls=0.4152 cme=2.1731 acc=0.9872 cells=158379
[val]   loss=5.0904 eval=2.6477 cls=0.4246 cme=2.2230 acc=0.9756 cells=118036
[ct_train] early_stopping: no improve on val/eval_loss for 7/22 val checks
[ct_train] rechunked train graphs (seed=203)

=== Epoch 203/1000 ===
[train] loss=4.9827 cls=0.4151 cme=2.1755 acc=0.9873 cells=158379
[ct_train] rechunked train graphs (seed=204)

=== Epoch 204/1000 ===
[train] loss=4.9834 cls=0.4141 cme=2.1766 acc=0.9876 cells=158379
[val]   loss=5.0947 eval=2.6501 cls=0.4250 cme=2.2250 acc=0.9756 cells=118036
[ct_train] early_stopping: no improve on val/eval_loss for 8/22 val checks
[ct_train] rechunked train graphs (seed=205)

=== Epoch 205/1000 ===
[train] loss=4.9832 cls=0.4137 cme=2.1768 acc=0.9876 cells=158379
[ct_train] rechunked train graphs (seed=206)

=== Epoch 206/1000 ===
[train] loss=4.9775 cls=0.4138 cme=2.1737 acc=0.9874 cells=158379
[val]   loss=5.0903 eval=2.6476 cls=0.4241 cme=2.2236 acc=0.9758 cells=118036
[ct_train] early_stopping: no improve on val/eval_loss for 9/22 val checks
[ct_train] rechunked train graphs (seed=207)

=== Epoch 207/1000 ===
[train] loss=4.9804 cls=0.4149 cme=2.1746 acc=0.9873 cells=158379
[ct_train] rechunked train graphs (seed=208)

=== Epoch 208/1000 ===
[train] loss=4.9761 cls=0.4139 cme=2.1731 acc=0.9875 cells=158379
[val]   loss=5.1001 eval=2.6532 cls=0.4260 cme=2.2273 acc=0.9754 cells=118036
[ct_train] early_stopping: no improve on val/eval_loss for 10/22 val checks
[ct_train] rechunked train graphs (seed=209)

=== Epoch 209/1000 ===
[train] loss=4.9729 cls=0.4129 cme=2.1722 acc=0.9880 cells=158379
[ct_train] rechunked train graphs (seed=210)

=== Epoch 210/1000 ===
[train] loss=4.9738 cls=0.4131 cme=2.1728 acc=0.9878 cells=158379
[val]   loss=5.0888 eval=2.6465 cls=0.4239 cme=2.2225 acc=0.9761 cells=118036
[ct_train] early_stopping: no improve on val/eval_loss for 11/22 val checks
[ct_train] rechunked train graphs (seed=211)

=== Epoch 211/1000 ===
[train] loss=4.9770 cls=0.4128 cme=2.1747 acc=0.9879 cells=158379
[ct_train] rechunked train graphs (seed=212)

=== Epoch 212/1000 ===
[train] loss=4.9732 cls=0.4120 cme=2.1732 acc=0.9882 cells=158379
[val]   loss=5.1055 eval=2.6559 cls=0.4261 cme=2.2297 acc=0.9756 cells=118036
[ct_train] early_stopping: no improve on val/eval_loss for 12/22 val checks
[ct_train] rechunked train graphs (seed=213)

=== Epoch 213/1000 ===
[train] loss=4.9760 cls=0.4119 cme=2.1747 acc=0.9886 cells=158379
[ct_train] rechunked train graphs (seed=214)

=== Epoch 214/1000 ===
[train] loss=4.9683 cls=0.4118 cme=2.1710 acc=0.9884 cells=158379
[val]   loss=5.0990 eval=2.6536 cls=0.4293 cme=2.2243 acc=0.9749 cells=118036
[ct_train] early_stopping: no improve on val/eval_loss for 13/22 val checks
[ct_train] rechunked train graphs (seed=215)

=== Epoch 215/1000 ===
[train] loss=4.9754 cls=0.4113 cme=2.1748 acc=0.9884 cells=158379
[ct_train] rechunked train graphs (seed=216)

=== Epoch 216/1000 ===
[train] loss=4.9675 cls=0.4115 cme=2.1709 acc=0.9886 cells=158379
[val]   loss=5.0973 eval=2.6526 cls=0.4280 cme=2.2246 acc=0.9753 cells=118036
[ct_train] early_stopping: no improve on val/eval_loss for 14/22 val checks
[ct_train] rechunked train graphs (seed=217)

=== Epoch 217/1000 ===
[train] loss=4.9710 cls=0.4114 cme=2.1726 acc=0.9887 cells=158379
[ct_train] rechunked train graphs (seed=218)

=== Epoch 218/1000 ===
[train] loss=4.9674 cls=0.4110 cme=2.1711 acc=0.9886 cells=158379
[val]   loss=5.0935 eval=2.6506 cls=0.4283 cme=2.2223 acc=0.9753 cells=118036
[ct_train] early_stopping: no improve on val/eval_loss for 15/22 val checks
[ct_train] rechunked train graphs (seed=219)

=== Epoch 219/1000 ===
[train] loss=4.9677 cls=0.4113 cme=2.1712 acc=0.9887 cells=158379
[ct_train] rechunked train graphs (seed=220)

=== Epoch 220/1000 ===
[train] loss=4.9666 cls=0.4108 cme=2.1709 acc=0.9886 cells=158379
[val]   loss=5.0945 eval=2.6505 cls=0.4275 cme=2.2230 acc=0.9758 cells=118036
[ct_train] early_stopping: no improve on val/eval_loss for 16/22 val checks
[ct_train] rechunked train graphs (seed=221)

=== Epoch 221/1000 ===
[train] loss=4.9662 cls=0.4103 cme=2.1711 acc=0.9890 cells=158379
[ct_train] rechunked train graphs (seed=222)

=== Epoch 222/1000 ===
[train] loss=4.9664 cls=0.4103 cme=2.1714 acc=0.9883 cells=158379
[val]   loss=5.0885 eval=2.6477 cls=0.4282 cme=2.2195 acc=0.9752 cells=118036
[ct_train] early_stopping: no improve on val/eval_loss for 17/22 val checks
[ct_train] rechunked train graphs (seed=223)

=== Epoch 223/1000 ===
[train] loss=4.9609 cls=0.4097 cme=2.1688 acc=0.9890 cells=158379
[ct_train] rechunked train graphs (seed=224)

=== Epoch 224/1000 ===
[train] loss=4.9628 cls=0.4092 cme=2.1702 acc=0.9891 cells=158379
[val]   loss=5.0954 eval=2.6510 cls=0.4274 cme=2.2236 acc=0.9756 cells=118036
[ct_train] early_stopping: no improve on val/eval_loss for 18/22 val checks
[ct_train] rechunked train graphs (seed=225)

=== Epoch 225/1000 ===
[train] loss=4.9640 cls=0.4092 cme=2.1707 acc=0.9889 cells=158379
[ct_train] rechunked train graphs (seed=226)

=== Epoch 226/1000 ===
[train] loss=4.9627 cls=0.4107 cme=2.1691 acc=0.9884 cells=158379
[val]   loss=5.0934 eval=2.6502 cls=0.4281 cme=2.2222 acc=0.9749 cells=118036
[ct_train] early_stopping: no improve on val/eval_loss for 19/22 val checks
[ct_train] rechunked train graphs (seed=227)

=== Epoch 227/1000 ===
[train] loss=4.9577 cls=0.4092 cme=2.1679 acc=0.9889 cells=158379
[ct_train] rechunked train graphs (seed=228)

=== Epoch 228/1000 ===
[train] loss=4.9614 cls=0.4091 cme=2.1697 acc=0.9889 cells=158379
[val]   loss=5.0979 eval=2.6523 cls=0.4283 cme=2.2240 acc=0.9755 cells=118036
[ct_train] early_stopping: no improve on val/eval_loss for 20/22 val checks
[ct_train] rechunked train graphs (seed=229)

=== Epoch 229/1000 ===
[train] loss=4.9665 cls=0.4101 cme=2.1714 acc=0.9886 cells=158379
[ct_train] rechunked train graphs (seed=230)

=== Epoch 230/1000 ===
[train] loss=4.9562 cls=0.4095 cme=2.1668 acc=0.9886 cells=158379
[val]   loss=5.0916 eval=2.6489 cls=0.4287 cme=2.2202 acc=0.9750 cells=118036
[ct_train] early_stopping: no improve on val/eval_loss for 21/22 val checks
[ct_train] rechunked train graphs (seed=231)

=== Epoch 231/1000 ===
[train] loss=4.9617 cls=0.4083 cme=2.1704 acc=0.9892 cells=158379
[ct_train] rechunked train graphs (seed=232)

=== Epoch 232/1000 ===
[train] loss=4.9586 cls=0.4079 cme=2.1693 acc=0.9890 cells=158379
[val]   loss=5.0939 eval=2.6502 cls=0.4276 cme=2.2226 acc=0.9757 cells=118036
[ct_train] early_stopping: no improve on val/eval_loss for 22/22 val checks
[ct_train] early stopping at epoch 232 (patience=22, monitor=val/eval_loss)

[ct_train] done. best_val_acc=0.9761  best_val_eval_loss=2.6456  checkpoints=/home/abel/code/Tissue-Reassembly-using-GenAI-and-new-metrics/exploration/cell_types/outputs/exp016_mean_max  logs=/home/abel/code/Tissue-Reassembly-using-GenAI-and-new-metrics/exploration/cell_types/logs/exp016_mean_max/20260807_203956
wandb: updating run metadata
wandb: uploading output.log; uploading wandb-summary.json; uploading config.yaml
wandb: 
wandb: Run summary:
wandb:                      best_epoch 188
wandb:                    best_val_acc 0.97613
wandb:              best_val_eval_loss 2.64559
wandb:                           epoch 232
wandb:                              lr 0.0002
wandb:           model/parameter_count 1135484
wandb: model/trainable_parameter_count 1135484
wandb:                       train/acc 0.98897
wandb:       train/acc_per_class/Astro 0.99388
wandb:        train/acc_per_class/Endo 0.98428
wandb:                             +54 ...
wandb: 
wandb:  View run exp016_mean_max at: https://wandb.ai/abel-salmona-polytechnique-montr-al/cell_types/runs/0r9rifqj
wandb:  View project at: https://wandb.ai/abel-salmona-polytechnique-montr-al/cell_types
wandb: Synced 5 W&B file(s), 1 media file(s), 2 artifact file(s) and 1 other file(s)
wandb: Find logs at: ./exploration/cell_types/logs/exp016_mean_max/20260807_203956/wandb/run-20260807_204004-0r9rifqj/logs
