[ct_train] config=exploration/cell_types/experiments/configs/exp171_kd_cme3.json
[ct_train] device=cuda  checkpoints=/home/abel/code/Tissue-Reassembly-using-GenAI-and-new-metrics/exploration/cell_types/outputs/exp171_kd_cme3
[ct_train] logs=/home/abel/code/Tissue-Reassembly-using-GenAI-and-new-metrics/exploration/cell_types/logs/exp171_kd_cme3/20260808_101747
[ct_train] Loading data …
[DataModule] Reading '/home/abel/biodata/MERFISH_LUNA_small_cortex/MERFISH_mouse_cortex_train.csv' (split=train) with float32 dtype on 254 gene cols + coord cols …
[DataModule] Loaded 158,379 rows for split=train.
[DataModule] Reading '/home/abel/biodata/MERFISH_LUNA_small_cortex/MERFISH_mouse_cortex_test.csv' (split=test) with float32 dtype on 254 gene cols + coord cols …
[DataModule] Loaded 118,036 rows for split=test.
[DataModule] Reading '/home/abel/biodata/MERFISH_LUNA_small_cortex/MERFISH_mouse_cortex_test.csv' (split=validation) with float32 dtype on 254 gene cols + coord cols …
[DataModule] Loaded 118,036 rows for split=validation.
[ct_train] genes=254  classes=23
[ct_train] model predict_cme=True  params=1,305,308
[ct_train] initialized student from /home/abel/code/Tissue-Reassembly-using-GenAI-and-new-metrics/exploration/cell_types/outputs/exp168_kd_ens_strong/best.pt
[ct_train] teacher loaded: /home/abel/code/Tissue-Reassembly-using-GenAI-and-new-metrics/exploration/cell_types/outputs/exp168_kd_ens_strong/best.pt
[ct_train] teacher loaded: /home/abel/code/Tissue-Reassembly-using-GenAI-and-new-metrics/exploration/cell_types/outputs/exp169_kd_ens_clsw09/best.pt
[ct_train] teacher loaded: /home/abel/code/Tissue-Reassembly-using-GenAI-and-new-metrics/exploration/cell_types/outputs/exp157_cls_w09/best.pt
[ct_train] distillation ON: n_teachers=3 hard_w=0.5 kd_cls=1.0 kd_cme=3.0 T=1.5
[ct_train] soft CME loaded split=train sigma=96.0 n=158379 C=23
[ct_train] soft CME loaded split=validation sigma=96.0 n=118036 C=23
[ct_train] soft CME loaded split=train sigma=50.0 n=158379 C=23
[ct_train] soft CME loaded split=train sigma=64.0 n=158379 C=23
[ct_train] soft CME loaded split=validation sigma=50.0 n=118036 C=23
[ct_train] soft CME loaded split=validation sigma=64.0 n=118036 C=23
wandb: [wandb.login()] Loaded credentials for https://api.wandb.ai from /home/abel/.netrc.
wandb: Currently logged in as: abel-salmona (abel-salmona-polytechnique-montr-al) to https://api.wandb.ai. Use `wandb login --relogin` to force relogin
wandb: WARNING Using a boolean value for 'reinit' is deprecated. Use 'return_previous' or 'finish_previous' instead.
wandb: Tracking run with wandb version 0.26.1
wandb: Run data is saved locally in /home/abel/code/Tissue-Reassembly-using-GenAI-and-new-metrics/exploration/cell_types/logs/exp171_kd_cme3/20260808_101747/wandb/run-20260808_101755-ds71n1aq
wandb: Run `wandb offline` to turn off syncing.
wandb: Syncing run exp171_kd_cme3
wandb:  View project at https://wandb.ai/abel-salmona-polytechnique-montr-al/cell_types
wandb:  View run at https://wandb.ai/abel-salmona-polytechnique-montr-al/cell_types/runs/ds71n1aq
wandb: WARNING Saving files without folders. If you want to preserve subdirectories pass base_path to wandb.save, i.e. wandb.save("/mnt/folder/file.h5", base_path="/mnt")
wandb: WARNING Symlinked 1 file into the W&B run directory; call wandb.save again to sync new files.
[ct_train] wandb: project=cell_types name=exp171_kd_cme3 mode=online url=https://wandb.ai/abel-salmona-polytechnique-montr-al/cell_types/runs/ds71n1aq
[ct_train] parameters: total=1,305,308 trainable=1,305,308
  [params] mlp_in_node_features: 26,720
  [params] transformer_layers: 633,600
  [params] type_stage1: 28,320
  [params] env_stage1: 93,056
  [params] type_probe: 2,231
  [params] env_probe: 7,383
  [params] fusion_mlp: 383,008
  [params] type_stage2: 30,551
  [params] env_stage2: 100,439
[ct_train] EMA enabled decay=0.98
[ct_train] rechunked train graphs (seed=1)

=== Epoch 1/1000 ===
[train] loss=9.0800 cls=0.4500 cme=2.1523 acc=0.9852 cells=158379 kd=6.5266
[ct_train] rechunked train graphs (seed=2)

=== Epoch 2/1000 ===
[train] loss=9.0495 cls=0.4490 cme=2.1442 acc=0.9856 cells=158379 kd=6.5054
[val]   loss=5.2292 eval=2.6089 cls=0.4066 cme=2.2023 acc=0.9761 cells=118036
[ct_train] saved best checkpoint (val_eval_loss=2.6089 val_acc=0.9761)
[ct_train] rechunked train graphs (seed=3)

=== Epoch 3/1000 ===
[train] loss=9.0488 cls=0.4491 cme=2.1441 acc=0.9857 cells=158379 kd=6.5048
[ct_train] rechunked train graphs (seed=4)

=== Epoch 4/1000 ===
[train] loss=9.0598 cls=0.4489 cme=2.1466 acc=0.9859 cells=158379 kd=6.5132
[val]   loss=5.2296 eval=2.6091 cls=0.4067 cme=2.2025 acc=0.9761 cells=118036
[ct_train] early_stopping: no improve on val/eval_loss for 1/30 val checks
[ct_train] rechunked train graphs (seed=5)

=== Epoch 5/1000 ===
[train] loss=9.0730 cls=0.4495 cme=2.1492 acc=0.9857 cells=158379 kd=6.5232
[ct_train] rechunked train graphs (seed=6)

=== Epoch 6/1000 ===
[train] loss=9.0666 cls=0.4491 cme=2.1487 acc=0.9854 cells=158379 kd=6.5175
[val]   loss=5.2303 eval=2.6095 cls=0.4068 cme=2.2027 acc=0.9761 cells=118036
[ct_train] early_stopping: no improve on val/eval_loss for 2/30 val checks
[ct_train] rechunked train graphs (seed=7)

=== Epoch 7/1000 ===
[train] loss=9.0457 cls=0.4488 cme=2.1438 acc=0.9860 cells=158379 kd=6.5022
[ct_train] rechunked train graphs (seed=8)

=== Epoch 8/1000 ===
[train] loss=9.0505 cls=0.4488 cme=2.1441 acc=0.9859 cells=158379 kd=6.5067
[val]   loss=5.2299 eval=2.6094 cls=0.4068 cme=2.2025 acc=0.9762 cells=118036
[ct_train] early_stopping: no improve on val/eval_loss for 3/30 val checks
[ct_train] rechunked train graphs (seed=9)

=== Epoch 9/1000 ===
[train] loss=9.0545 cls=0.4483 cme=2.1454 acc=0.9858 cells=158379 kd=6.5094
[ct_train] rechunked train graphs (seed=10)

=== Epoch 10/1000 ===
[train] loss=9.0735 cls=0.4491 cme=2.1496 acc=0.9858 cells=158379 kd=6.5235
[val]   loss=5.2299 eval=2.6093 cls=0.4068 cme=2.2026 acc=0.9760 cells=118036
[ct_train] early_stopping: no improve on val/eval_loss for 4/30 val checks
[ct_train] rechunked train graphs (seed=11)

=== Epoch 11/1000 ===
[train] loss=9.0529 cls=0.4484 cme=2.1453 acc=0.9858 cells=158379 kd=6.5078
[ct_train] rechunked train graphs (seed=12)

=== Epoch 12/1000 ===
[train] loss=9.0535 cls=0.4484 cme=2.1458 acc=0.9859 cells=158379 kd=6.5081
[val]   loss=5.2297 eval=2.6092 cls=0.4068 cme=2.2025 acc=0.9762 cells=118036
[ct_train] early_stopping: no improve on val/eval_loss for 5/30 val checks
[ct_train] rechunked train graphs (seed=13)

=== Epoch 13/1000 ===
[train] loss=9.0539 cls=0.4489 cme=2.1450 acc=0.9857 cells=158379 kd=6.5090
[ct_train] rechunked train graphs (seed=14)

=== Epoch 14/1000 ===
[train] loss=9.0730 cls=0.4484 cme=2.1498 acc=0.9860 cells=158379 kd=6.5231
[val]   loss=5.2302 eval=2.6095 cls=0.4069 cme=2.2026 acc=0.9761 cells=118036
[ct_train] early_stopping: no improve on val/eval_loss for 6/30 val checks
[ct_train] rechunked train graphs (seed=15)

=== Epoch 15/1000 ===
[train] loss=9.0535 cls=0.4484 cme=2.1455 acc=0.9858 cells=158379 kd=6.5082
[ct_train] rechunked train graphs (seed=16)

=== Epoch 16/1000 ===
[train] loss=9.0544 cls=0.4489 cme=2.1455 acc=0.9859 cells=158379 kd=6.5090
[val]   loss=5.2303 eval=2.6096 cls=0.4069 cme=2.2027 acc=0.9761 cells=118036
[ct_train] early_stopping: no improve on val/eval_loss for 7/30 val checks
[ct_train] rechunked train graphs (seed=17)

=== Epoch 17/1000 ===
[train] loss=9.0517 cls=0.4482 cme=2.1449 acc=0.9859 cells=158379 kd=6.5073
[ct_train] rechunked train graphs (seed=18)

=== Epoch 18/1000 ===
[train] loss=9.0459 cls=0.4478 cme=2.1430 acc=0.9859 cells=158379 kd=6.5038
[val]   loss=5.2303 eval=2.6096 cls=0.4069 cme=2.2027 acc=0.9761 cells=118036
[ct_train] early_stopping: no improve on val/eval_loss for 8/30 val checks
[ct_train] rechunked train graphs (seed=19)

=== Epoch 19/1000 ===
[train] loss=9.0534 cls=0.4478 cme=2.1455 acc=0.9858 cells=158379 kd=6.5085
[ct_train] rechunked train graphs (seed=20)

=== Epoch 20/1000 ===
[train] loss=9.0516 cls=0.4481 cme=2.1448 acc=0.9859 cells=158379 kd=6.5073
[val]   loss=5.2301 eval=2.6095 cls=0.4069 cme=2.2026 acc=0.9761 cells=118036
[ct_train] early_stopping: no improve on val/eval_loss for 9/30 val checks
[ct_train] rechunked train graphs (seed=21)

=== Epoch 21/1000 ===
[train] loss=9.0501 cls=0.4479 cme=2.1449 acc=0.9859 cells=158379 kd=6.5058
[ct_train] rechunked train graphs (seed=22)

=== Epoch 22/1000 ===
[train] loss=9.0721 cls=0.4479 cme=2.1491 acc=0.9860 cells=158379 kd=6.5232
[val]   loss=5.2298 eval=2.6093 cls=0.4069 cme=2.2024 acc=0.9760 cells=118036
[ct_train] early_stopping: no improve on val/eval_loss for 10/30 val checks
[ct_train] rechunked train graphs (seed=23)

=== Epoch 23/1000 ===
[train] loss=9.0402 cls=0.4473 cme=2.1413 acc=0.9860 cells=158379 kd=6.5002
[ct_train] rechunked train graphs (seed=24)

=== Epoch 24/1000 ===
[train] loss=9.0548 cls=0.4482 cme=2.1451 acc=0.9858 cells=158379 kd=6.5101
[val]   loss=5.2298 eval=2.6094 cls=0.4069 cme=2.2024 acc=0.9760 cells=118036
[ct_train] early_stopping: no improve on val/eval_loss for 11/30 val checks
[ct_train] rechunked train graphs (seed=25)

=== Epoch 25/1000 ===
[train] loss=9.0305 cls=0.4473 cme=2.1399 acc=0.9860 cells=158379 kd=6.4919
[ct_train] rechunked train graphs (seed=26)

=== Epoch 26/1000 ===
[train] loss=9.0667 cls=0.4474 cme=2.1474 acc=0.9861 cells=158379 kd=6.5199
[val]   loss=5.2297 eval=2.6092 cls=0.4068 cme=2.2024 acc=0.9761 cells=118036
[ct_train] early_stopping: no improve on val/eval_loss for 12/30 val checks
[ct_train] rechunked train graphs (seed=27)

=== Epoch 27/1000 ===
[train] loss=9.0290 cls=0.4476 cme=2.1390 acc=0.9861 cells=158379 kd=6.4913
[ct_train] rechunked train graphs (seed=28)

=== Epoch 28/1000 ===
[train] loss=9.0421 cls=0.4472 cme=2.1432 acc=0.9863 cells=158379 kd=6.5001
[val]   loss=5.2293 eval=2.6091 cls=0.4068 cme=2.2022 acc=0.9760 cells=118036
[ct_train] early_stopping: no improve on val/eval_loss for 13/30 val checks
[ct_train] rechunked train graphs (seed=29)

=== Epoch 29/1000 ===
[train] loss=9.0464 cls=0.4478 cme=2.1430 acc=0.9861 cells=158379 kd=6.5042
[ct_train] rechunked train graphs (seed=30)

=== Epoch 30/1000 ===
[train] loss=9.0446 cls=0.4475 cme=2.1419 acc=0.9861 cells=158379 kd=6.5037
[val]   loss=5.2294 eval=2.6091 cls=0.4068 cme=2.2023 acc=0.9761 cells=118036
[ct_train] early_stopping: no improve on val/eval_loss for 14/30 val checks
[ct_train] rechunked train graphs (seed=31)

=== Epoch 31/1000 ===
[train] loss=9.0397 cls=0.4472 cme=2.1409 acc=0.9859 cells=158379 kd=6.5001
[ct_train] rechunked train graphs (seed=32)

=== Epoch 32/1000 ===
[train] loss=9.0586 cls=0.4471 cme=2.1462 acc=0.9861 cells=158379 kd=6.5132
[val]   loss=5.2294 eval=2.6092 cls=0.4068 cme=2.2023 acc=0.9761 cells=118036
[ct_train] early_stopping: no improve on val/eval_loss for 15/30 val checks
[ct_train] rechunked train graphs (seed=33)

=== Epoch 33/1000 ===
[train] loss=9.0526 cls=0.4467 cme=2.1450 acc=0.9865 cells=158379 kd=6.5088
[ct_train] rechunked train graphs (seed=34)

=== Epoch 34/1000 ===
[train] loss=9.0389 cls=0.4476 cme=2.1410 acc=0.9860 cells=158379 kd=6.4990
[val]   loss=5.2294 eval=2.6092 cls=0.4069 cme=2.2023 acc=0.9761 cells=118036
[ct_train] early_stopping: no improve on val/eval_loss for 16/30 val checks
[ct_train] rechunked train graphs (seed=35)

=== Epoch 35/1000 ===
[train] loss=9.0461 cls=0.4466 cme=2.1426 acc=0.9862 cells=158379 kd=6.5051
[ct_train] rechunked train graphs (seed=36)

=== Epoch 36/1000 ===
[train] loss=9.0464 cls=0.4469 cme=2.1426 acc=0.9863 cells=158379 kd=6.5050
[val]   loss=5.2291 eval=2.6090 cls=0.4068 cme=2.2022 acc=0.9761 cells=118036
[ct_train] early_stopping: no improve on val/eval_loss for 17/30 val checks
[ct_train] rechunked train graphs (seed=37)

=== Epoch 37/1000 ===
[train] loss=9.0394 cls=0.4469 cme=2.1408 acc=0.9859 cells=158379 kd=6.5002
[ct_train] rechunked train graphs (seed=38)

=== Epoch 38/1000 ===
[train] loss=9.0578 cls=0.4473 cme=2.1461 acc=0.9862 cells=158379 kd=6.5125
[val]   loss=5.2288 eval=2.6089 cls=0.4069 cme=2.2020 acc=0.9761 cells=118036
[ct_train] saved best checkpoint (val_eval_loss=2.6089 val_acc=0.9762)
[ct_train] early_stopping: no improve on val/eval_loss for 18/30 val checks
[ct_train] rechunked train graphs (seed=39)

=== Epoch 39/1000 ===
[train] loss=9.0431 cls=0.4462 cme=2.1425 acc=0.9862 cells=158379 kd=6.5023
[ct_train] rechunked train graphs (seed=40)

=== Epoch 40/1000 ===
[train] loss=9.0455 cls=0.4464 cme=2.1426 acc=0.9863 cells=158379 kd=6.5045
[val]   loss=5.2291 eval=2.6090 cls=0.4069 cme=2.2022 acc=0.9760 cells=118036
[ct_train] early_stopping: no improve on val/eval_loss for 19/30 val checks
[ct_train] rechunked train graphs (seed=41)

=== Epoch 41/1000 ===
[train] loss=9.0376 cls=0.4465 cme=2.1412 acc=0.9863 cells=158379 kd=6.4981
[ct_train] rechunked train graphs (seed=42)

=== Epoch 42/1000 ===
[train] loss=9.0402 cls=0.4466 cme=2.1404 acc=0.9862 cells=158379 kd=6.5014
[val]   loss=5.2294 eval=2.6092 cls=0.4069 cme=2.2023 acc=0.9760 cells=118036
[ct_train] early_stopping: no improve on val/eval_loss for 20/30 val checks
[ct_train] rechunked train graphs (seed=43)

=== Epoch 43/1000 ===
[train] loss=9.0566 cls=0.4469 cme=2.1455 acc=0.9860 cells=158379 kd=6.5122
[ct_train] rechunked train graphs (seed=44)

=== Epoch 44/1000 ===
[train] loss=9.0350 cls=0.4461 cme=2.1406 acc=0.9862 cells=158379 kd=6.4963
[val]   loss=5.2292 eval=2.6090 cls=0.4068 cme=2.2022 acc=0.9760 cells=118036
[ct_train] early_stopping: no improve on val/eval_loss for 21/30 val checks
[ct_train] rechunked train graphs (seed=45)

=== Epoch 45/1000 ===
[train] loss=9.0468 cls=0.4467 cme=2.1424 acc=0.9861 cells=158379 kd=6.5059
[ct_train] rechunked train graphs (seed=46)

=== Epoch 46/1000 ===
[train] loss=9.0557 cls=0.4464 cme=2.1454 acc=0.9864 cells=158379 kd=6.5115
[val]   loss=5.2293 eval=2.6091 cls=0.4068 cme=2.2023 acc=0.9760 cells=118036
[ct_train] early_stopping: no improve on val/eval_loss for 22/30 val checks
[ct_train] rechunked train graphs (seed=47)

=== Epoch 47/1000 ===
[train] loss=9.0597 cls=0.4471 cme=2.1461 acc=0.9864 cells=158379 kd=6.5144
[ct_train] rechunked train graphs (seed=48)

=== Epoch 48/1000 ===
[train] loss=9.0636 cls=0.4467 cme=2.1466 acc=0.9864 cells=158379 kd=6.5180
[val]   loss=5.2293 eval=2.6091 cls=0.4069 cme=2.2022 acc=0.9760 cells=118036
[ct_train] early_stopping: no improve on val/eval_loss for 23/30 val checks
[ct_train] rechunked train graphs (seed=49)

=== Epoch 49/1000 ===
[train] loss=9.0318 cls=0.4464 cme=2.1403 acc=0.9863 cells=158379 kd=6.4934
[ct_train] rechunked train graphs (seed=50)

=== Epoch 50/1000 ===
[train] loss=9.0399 cls=0.4466 cme=2.1407 acc=0.9866 cells=158379 kd=6.5008
[val]   loss=5.2292 eval=2.6090 cls=0.4068 cme=2.2022 acc=0.9761 cells=118036
[ct_train] early_stopping: no improve on val/eval_loss for 24/30 val checks
[ct_train] rechunked train graphs (seed=51)

=== Epoch 51/1000 ===
[train] loss=9.0376 cls=0.4464 cme=2.1407 acc=0.9864 cells=158379 kd=6.4985
[ct_train] rechunked train graphs (seed=52)

=== Epoch 52/1000 ===
[train] loss=9.0575 cls=0.4463 cme=2.1454 acc=0.9864 cells=158379 kd=6.5134
[val]   loss=5.2289 eval=2.6089 cls=0.4068 cme=2.2021 acc=0.9761 cells=118036
[ct_train] saved best checkpoint (val_eval_loss=2.6089 val_acc=0.9762)
[ct_train] early_stopping: no improve on val/eval_loss for 25/30 val checks
[ct_train] rechunked train graphs (seed=53)

=== Epoch 53/1000 ===
[train] loss=9.0352 cls=0.4460 cme=2.1399 acc=0.9867 cells=158379 kd=6.4973
[ct_train] rechunked train graphs (seed=54)

=== Epoch 54/1000 ===
[train] loss=9.0506 cls=0.4458 cme=2.1434 acc=0.9868 cells=158379 kd=6.5089
[val]   loss=5.2290 eval=2.6089 cls=0.4068 cme=2.2021 acc=0.9761 cells=118036
[ct_train] early_stopping: no improve on val/eval_loss for 26/30 val checks
[ct_train] rechunked train graphs (seed=55)

=== Epoch 55/1000 ===
[train] loss=9.0367 cls=0.4461 cme=2.1402 acc=0.9863 cells=158379 kd=6.4984
[ct_train] rechunked train graphs (seed=56)

=== Epoch 56/1000 ===
[train] loss=9.0525 cls=0.4461 cme=2.1437 acc=0.9865 cells=158379 kd=6.5104
[val]   loss=5.2288 eval=2.6088 cls=0.4067 cme=2.2021 acc=0.9761 cells=118036
[ct_train] saved best checkpoint (val_eval_loss=2.6088 val_acc=0.9762)
[ct_train] early_stopping: no improve on val/eval_loss for 27/30 val checks
[ct_train] rechunked train graphs (seed=57)

=== Epoch 57/1000 ===
[train] loss=9.0457 cls=0.4458 cme=2.1426 acc=0.9864 cells=158379 kd=6.5049
[ct_train] rechunked train graphs (seed=58)

=== Epoch 58/1000 ===
[train] loss=9.0348 cls=0.4458 cme=2.1401 acc=0.9865 cells=158379 kd=6.4968
[val]   loss=5.2288 eval=2.6088 cls=0.4067 cme=2.2021 acc=0.9761 cells=118036
[ct_train] early_stopping: no improve on val/eval_loss for 28/30 val checks
[ct_train] rechunked train graphs (seed=59)

=== Epoch 59/1000 ===
[train] loss=9.0456 cls=0.4462 cme=2.1426 acc=0.9866 cells=158379 kd=6.5047
[ct_train] rechunked train graphs (seed=60)

=== Epoch 60/1000 ===
[train] loss=9.0531 cls=0.4463 cme=2.1437 acc=0.9861 cells=158379 kd=6.5109
[val]   loss=5.2289 eval=2.6089 cls=0.4067 cme=2.2021 acc=0.9761 cells=118036
[ct_train] early_stopping: no improve on val/eval_loss for 29/30 val checks
[ct_train] rechunked train graphs (seed=61)

=== Epoch 61/1000 ===
[train] loss=9.0297 cls=0.4458 cme=2.1376 acc=0.9863 cells=158379 kd=6.4945
[ct_train] rechunked train graphs (seed=62)

=== Epoch 62/1000 ===
[train] loss=9.0603 cls=0.4461 cme=2.1454 acc=0.9865 cells=158379 kd=6.5163
[val]   loss=5.2285 eval=2.6087 cls=0.4068 cme=2.2019 acc=0.9760 cells=118036
[ct_train] saved best checkpoint (val_eval_loss=2.6087 val_acc=0.9762)
[ct_train] early_stopping: no improve on val/eval_loss for 30/30 val checks
[ct_train] early stopping at epoch 62 (patience=30, monitor=val/eval_loss)

[ct_train] done. best_val_acc=0.9762  best_val_eval_loss=2.6087  checkpoints=/home/abel/code/Tissue-Reassembly-using-GenAI-and-new-metrics/exploration/cell_types/outputs/exp171_kd_cme3  logs=/home/abel/code/Tissue-Reassembly-using-GenAI-and-new-metrics/exploration/cell_types/logs/exp171_kd_cme3/20260808_101747
wandb: updating run metadata
wandb: uploading output.log; uploading wandb-summary.json; uploading config.yaml
wandb: uploading history steps 61-62, summary, console lines 324-330
wandb: 
wandb: Run summary:
wandb:                      best_epoch 62
wandb:                    best_val_acc 0.97617
wandb:              best_val_eval_loss 2.6087
wandb:                           epoch 62
wandb:                              lr 6e-05
wandb:           model/parameter_count 1305308
wandb: model/trainable_parameter_count 1305308
wandb:                       train/acc 0.98646
wandb:       train/acc_per_class/Astro 0.99213
wandb:        train/acc_per_class/Endo 0.98154
wandb:                             +54 ...
wandb: 
wandb:  View run exp171_kd_cme3 at: https://wandb.ai/abel-salmona-polytechnique-montr-al/cell_types/runs/ds71n1aq
wandb:  View project at: https://wandb.ai/abel-salmona-polytechnique-montr-al/cell_types
wandb: Synced 5 W&B file(s), 1 media file(s), 2 artifact file(s) and 1 other file(s)
wandb: Find logs at: ./exploration/cell_types/logs/exp171_kd_cme3/20260808_101747/wandb/run-20260808_101755-ds71n1aq/logs
