[ct_train] config=exploration/cell_types/experiments/configs/exp094_stage1_cme020.json
[ct_train] device=cuda  checkpoints=/home/abel/code/Tissue-Reassembly-using-GenAI-and-new-metrics/exploration/cell_types/outputs/exp094_stage1_cme020
[ct_train] logs=/home/abel/code/Tissue-Reassembly-using-GenAI-and-new-metrics/exploration/cell_types/logs/exp094_stage1_cme020/20260808_020430
[ct_train] Loading data …
[DataModule] Reading '/home/abel/biodata/MERFISH_LUNA_small_cortex/MERFISH_mouse_cortex_train.csv' (split=train) with float32 dtype on 254 gene cols + coord cols …
[DataModule] Loaded 158,379 rows for split=train.
[DataModule] Reading '/home/abel/biodata/MERFISH_LUNA_small_cortex/MERFISH_mouse_cortex_test.csv' (split=test) with float32 dtype on 254 gene cols + coord cols …
[DataModule] Loaded 118,036 rows for split=test.
[DataModule] Reading '/home/abel/biodata/MERFISH_LUNA_small_cortex/MERFISH_mouse_cortex_test.csv' (split=validation) with float32 dtype on 254 gene cols + coord cols …
[DataModule] Loaded 118,036 rows for split=validation.
[ct_train] genes=254  classes=23
[ct_train] model predict_cme=True  params=1,305,308
[ct_train] soft CME loaded split=train sigma=96.0 n=158379 C=23
[ct_train] soft CME loaded split=validation sigma=96.0 n=118036 C=23
[ct_train] soft CME loaded split=train sigma=50.0 n=158379 C=23
[ct_train] soft CME loaded split=train sigma=64.0 n=158379 C=23
[ct_train] soft CME loaded split=validation sigma=50.0 n=118036 C=23
[ct_train] soft CME loaded split=validation sigma=64.0 n=118036 C=23
wandb: [wandb.login()] Loaded credentials for https://api.wandb.ai from /home/abel/.netrc.
wandb: Currently logged in as: abel-salmona (abel-salmona-polytechnique-montr-al) to https://api.wandb.ai. Use `wandb login --relogin` to force relogin
wandb: WARNING Using a boolean value for 'reinit' is deprecated. Use 'return_previous' or 'finish_previous' instead.
wandb: Tracking run with wandb version 0.26.1
wandb: Run data is saved locally in /home/abel/code/Tissue-Reassembly-using-GenAI-and-new-metrics/exploration/cell_types/logs/exp094_stage1_cme020/20260808_020430/wandb/run-20260808_020438-cwiqgk89
wandb: Run `wandb offline` to turn off syncing.
wandb: Syncing run exp094_stage1_cme020
wandb:  View project at https://wandb.ai/abel-salmona-polytechnique-montr-al/cell_types
wandb:  View run at https://wandb.ai/abel-salmona-polytechnique-montr-al/cell_types/runs/cwiqgk89
wandb: WARNING Saving files without folders. If you want to preserve subdirectories pass base_path to wandb.save, i.e. wandb.save("/mnt/folder/file.h5", base_path="/mnt")
wandb: WARNING Symlinked 1 file into the W&B run directory; call wandb.save again to sync new files.
[ct_train] wandb: project=cell_types name=exp094_stage1_cme020 mode=online url=https://wandb.ai/abel-salmona-polytechnique-montr-al/cell_types/runs/cwiqgk89
[ct_train] parameters: total=1,305,308 trainable=1,305,308
  [params] mlp_in_node_features: 26,720
  [params] transformer_layers: 633,600
  [params] type_stage1: 28,320
  [params] env_stage1: 93,056
  [params] type_probe: 2,231
  [params] env_probe: 7,383
  [params] fusion_mlp: 383,008
  [params] type_stage2: 30,551
  [params] env_stage2: 100,439
[ct_train] EMA enabled decay=0.98
[ct_train] rechunked train graphs (seed=1)

=== Epoch 1/1000 ===
[train] loss=9.3624 cls=2.7691 cme=2.7860 acc=0.2261 cells=158379
[ct_train] rechunked train graphs (seed=2)

=== Epoch 2/1000 ===
[train] loss=7.8789 cls=1.8911 cme=2.5247 acc=0.6448 cells=158379
[val]   loss=8.9458 eval=5.2450 cls=2.5425 cme=2.7025 acc=0.4317 cells=118036
[ct_train] saved best checkpoint (val_eval_loss=5.2450 val_acc=0.4317)
[ct_train] rechunked train graphs (seed=3)

=== Epoch 3/1000 ===
[train] loss=6.9600 cls=1.2312 cme=2.4245 acc=0.7770 cells=158379
[ct_train] rechunked train graphs (seed=4)

=== Epoch 4/1000 ===
[train] loss=6.5067 cls=0.8995 cme=2.3804 acc=0.8533 cells=158379
[val]   loss=7.1822 eval=3.8159 cls=1.3510 cme=2.4648 acc=0.8039 cells=118036
[ct_train] saved best checkpoint (val_eval_loss=3.8159 val_acc=0.8039)
[ct_train] rechunked train graphs (seed=5)

=== Epoch 5/1000 ===
[train] loss=6.2565 cls=0.7318 cme=2.3484 acc=0.9013 cells=158379
[ct_train] rechunked train graphs (seed=6)

=== Epoch 6/1000 ===
[train] loss=6.1475 cls=0.6521 cme=2.3377 acc=0.9196 cells=158379
[val]   loss=6.3576 eval=3.1389 cls=0.7676 cme=2.3713 acc=0.9028 cells=118036
[ct_train] saved best checkpoint (val_eval_loss=3.1389 val_acc=0.9028)
[ct_train] rechunked train graphs (seed=7)

=== Epoch 7/1000 ===
[train] loss=6.0429 cls=0.6033 cme=2.3150 acc=0.9325 cells=158379
[ct_train] rechunked train graphs (seed=8)

=== Epoch 8/1000 ===
[train] loss=5.9733 cls=0.5732 cme=2.2989 acc=0.9390 cells=158379
[val]   loss=6.0581 eval=2.9094 cls=0.5811 cme=2.3283 acc=0.9350 cells=118036
[ct_train] saved best checkpoint (val_eval_loss=2.9094 val_acc=0.9350)
[ct_train] rechunked train graphs (seed=9)

=== Epoch 9/1000 ===
[train] loss=5.9539 cls=0.5585 cme=2.2973 acc=0.9423 cells=158379
[ct_train] rechunked train graphs (seed=10)

=== Epoch 10/1000 ===
[train] loss=5.9162 cls=0.5436 cme=2.2879 acc=0.9456 cells=158379
[val]   loss=5.9302 eval=2.8211 cls=0.5180 cme=2.3031 acc=0.9465 cells=118036
[ct_train] saved best checkpoint (val_eval_loss=2.8211 val_acc=0.9465)
[ct_train] rechunked train graphs (seed=11)

=== Epoch 11/1000 ===
[train] loss=5.8759 cls=0.5329 cme=2.2757 acc=0.9479 cells=158379
[ct_train] rechunked train graphs (seed=12)

=== Epoch 12/1000 ===
[train] loss=5.8679 cls=0.5250 cme=2.2758 acc=0.9499 cells=158379
[val]   loss=5.8628 eval=2.7785 cls=0.4920 cme=2.2865 acc=0.9529 cells=118036
[ct_train] saved best checkpoint (val_eval_loss=2.7785 val_acc=0.9529)
[ct_train] rechunked train graphs (seed=13)

=== Epoch 13/1000 ===
[train] loss=5.8525 cls=0.5182 cme=2.2723 acc=0.9520 cells=158379
[ct_train] rechunked train graphs (seed=14)

=== Epoch 14/1000 ===
[train] loss=5.8322 cls=0.5122 cme=2.2661 acc=0.9538 cells=158379
[val]   loss=5.8194 eval=2.7525 cls=0.4779 cme=2.2746 acc=0.9562 cells=118036
[ct_train] saved best checkpoint (val_eval_loss=2.7525 val_acc=0.9562)
[ct_train] rechunked train graphs (seed=15)

=== Epoch 15/1000 ===
[train] loss=5.8087 cls=0.5048 cme=2.2595 acc=0.9549 cells=158379
[ct_train] rechunked train graphs (seed=16)

=== Epoch 16/1000 ===
[train] loss=5.7987 cls=0.5016 cme=2.2568 acc=0.9559 cells=158379
[val]   loss=5.7865 eval=2.7334 cls=0.4684 cme=2.2650 acc=0.9586 cells=118036
[ct_train] saved best checkpoint (val_eval_loss=2.7334 val_acc=0.9586)
[ct_train] rechunked train graphs (seed=17)

=== Epoch 17/1000 ===
[train] loss=5.7820 cls=0.4965 cme=2.2521 acc=0.9569 cells=158379
[ct_train] rechunked train graphs (seed=18)

=== Epoch 18/1000 ===
[train] loss=5.7714 cls=0.4929 cme=2.2491 acc=0.9578 cells=158379
[val]   loss=5.7635 eval=2.7200 cls=0.4615 cme=2.2585 acc=0.9604 cells=118036
[ct_train] saved best checkpoint (val_eval_loss=2.7200 val_acc=0.9604)
[ct_train] rechunked train graphs (seed=19)

=== Epoch 19/1000 ===
[train] loss=5.7668 cls=0.4887 cme=2.2489 acc=0.9589 cells=158379
[ct_train] rechunked train graphs (seed=20)

=== Epoch 20/1000 ===
[train] loss=5.7581 cls=0.4871 cme=2.2459 acc=0.9592 cells=158379
[val]   loss=5.7465 eval=2.7098 cls=0.4560 cme=2.2538 acc=0.9621 cells=118036
[ct_train] saved best checkpoint (val_eval_loss=2.7098 val_acc=0.9621)
[ct_train] rechunked train graphs (seed=21)

=== Epoch 21/1000 ===
[train] loss=5.7548 cls=0.4826 cme=2.2464 acc=0.9610 cells=158379
[ct_train] rechunked train graphs (seed=22)

=== Epoch 22/1000 ===
[train] loss=5.7439 cls=0.4808 cme=2.2427 acc=0.9616 cells=158379
[val]   loss=5.7299 eval=2.7002 cls=0.4514 cme=2.2488 acc=0.9635 cells=118036
[ct_train] saved best checkpoint (val_eval_loss=2.7002 val_acc=0.9635)
[ct_train] rechunked train graphs (seed=23)

=== Epoch 23/1000 ===
[train] loss=5.7285 cls=0.4785 cme=2.2372 acc=0.9617 cells=158379
[ct_train] rechunked train graphs (seed=24)

=== Epoch 24/1000 ===
[train] loss=5.7250 cls=0.4774 cme=2.2361 acc=0.9621 cells=158379
[val]   loss=5.7158 eval=2.6921 cls=0.4475 cme=2.2446 acc=0.9649 cells=118036
[ct_train] saved best checkpoint (val_eval_loss=2.6921 val_acc=0.9649)
[ct_train] rechunked train graphs (seed=25)

=== Epoch 25/1000 ===
[train] loss=5.7250 cls=0.4726 cme=2.2382 acc=0.9635 cells=158379
[ct_train] rechunked train graphs (seed=26)

=== Epoch 26/1000 ===
[train] loss=5.7048 cls=0.4712 cme=2.2303 acc=0.9639 cells=158379
[val]   loss=5.7037 eval=2.6851 cls=0.4441 cme=2.2410 acc=0.9660 cells=118036
[ct_train] saved best checkpoint (val_eval_loss=2.6851 val_acc=0.9660)
[ct_train] rechunked train graphs (seed=27)

=== Epoch 27/1000 ===
[train] loss=5.6981 cls=0.4683 cme=2.2287 acc=0.9644 cells=158379
[ct_train] rechunked train graphs (seed=28)

=== Epoch 28/1000 ===
[train] loss=5.6897 cls=0.4660 cme=2.2261 acc=0.9653 cells=158379
[val]   loss=5.6932 eval=2.6791 cls=0.4412 cme=2.2379 acc=0.9667 cells=118036
[ct_train] saved best checkpoint (val_eval_loss=2.6791 val_acc=0.9667)
[ct_train] rechunked train graphs (seed=29)

=== Epoch 29/1000 ===
[train] loss=5.6896 cls=0.4652 cme=2.2265 acc=0.9652 cells=158379
[ct_train] rechunked train graphs (seed=30)

=== Epoch 30/1000 ===
[train] loss=5.6908 cls=0.4636 cme=2.2278 acc=0.9659 cells=158379
[val]   loss=5.6845 eval=2.6740 cls=0.4388 cme=2.2353 acc=0.9672 cells=118036
[ct_train] saved best checkpoint (val_eval_loss=2.6740 val_acc=0.9672)
[ct_train] rechunked train graphs (seed=31)

=== Epoch 31/1000 ===
[train] loss=5.6846 cls=0.4622 cme=2.2255 acc=0.9665 cells=158379
[ct_train] rechunked train graphs (seed=32)

=== Epoch 32/1000 ===
[train] loss=5.7037 cls=0.4618 cme=2.2340 acc=0.9668 cells=158379
[val]   loss=5.6768 eval=2.6696 cls=0.4365 cme=2.2330 acc=0.9677 cells=118036
[ct_train] saved best checkpoint (val_eval_loss=2.6696 val_acc=0.9677)
[ct_train] rechunked train graphs (seed=33)

=== Epoch 33/1000 ===
[train] loss=5.6806 cls=0.4579 cme=2.2258 acc=0.9673 cells=158379
[ct_train] rechunked train graphs (seed=34)

=== Epoch 34/1000 ===
[train] loss=5.6647 cls=0.4576 cme=2.2192 acc=0.9676 cells=158379
[val]   loss=5.6702 eval=2.6656 cls=0.4345 cme=2.2311 acc=0.9684 cells=118036
[ct_train] saved best checkpoint (val_eval_loss=2.6656 val_acc=0.9684)
[ct_train] rechunked train graphs (seed=35)

=== Epoch 35/1000 ===
[train] loss=5.6753 cls=0.4571 cme=2.2238 acc=0.9680 cells=158379
[ct_train] rechunked train graphs (seed=36)

=== Epoch 36/1000 ===
[train] loss=5.6630 cls=0.4546 cme=2.2199 acc=0.9682 cells=158379
[val]   loss=5.6639 eval=2.6621 cls=0.4329 cme=2.2292 acc=0.9687 cells=118036
[ct_train] saved best checkpoint (val_eval_loss=2.6621 val_acc=0.9687)
[ct_train] rechunked train graphs (seed=37)

=== Epoch 37/1000 ===
[train] loss=5.6580 cls=0.4560 cme=2.2170 acc=0.9681 cells=158379
[ct_train] rechunked train graphs (seed=38)

=== Epoch 38/1000 ===
[train] loss=5.6476 cls=0.4529 cme=2.2141 acc=0.9682 cells=158379
[val]   loss=5.6586 eval=2.6589 cls=0.4310 cme=2.2278 acc=0.9693 cells=118036
[ct_train] saved best checkpoint (val_eval_loss=2.6589 val_acc=0.9693)
[ct_train] rechunked train graphs (seed=39)

=== Epoch 39/1000 ===
[train] loss=5.6537 cls=0.4519 cme=2.2171 acc=0.9692 cells=158379
[ct_train] rechunked train graphs (seed=40)

=== Epoch 40/1000 ===
[train] loss=5.6508 cls=0.4513 cme=2.2162 acc=0.9691 cells=158379
[val]   loss=5.6537 eval=2.6561 cls=0.4298 cme=2.2263 acc=0.9695 cells=118036
[ct_train] saved best checkpoint (val_eval_loss=2.6561 val_acc=0.9695)
[ct_train] rechunked train graphs (seed=41)

=== Epoch 41/1000 ===
[train] loss=5.6375 cls=0.4497 cme=2.2112 acc=0.9695 cells=158379
[ct_train] rechunked train graphs (seed=42)

=== Epoch 42/1000 ===
[train] loss=5.6421 cls=0.4494 cme=2.2133 acc=0.9698 cells=158379
[val]   loss=5.6495 eval=2.6537 cls=0.4286 cme=2.2251 acc=0.9698 cells=118036
[ct_train] saved best checkpoint (val_eval_loss=2.6537 val_acc=0.9698)
[ct_train] rechunked train graphs (seed=43)

=== Epoch 43/1000 ===
[train] loss=5.6559 cls=0.4501 cme=2.2188 acc=0.9699 cells=158379
[ct_train] rechunked train graphs (seed=44)

=== Epoch 44/1000 ===
[train] loss=5.6320 cls=0.4478 cme=2.2096 acc=0.9697 cells=158379
[val]   loss=5.6459 eval=2.6516 cls=0.4275 cme=2.2241 acc=0.9702 cells=118036
[ct_train] saved best checkpoint (val_eval_loss=2.6516 val_acc=0.9702)
[ct_train] rechunked train graphs (seed=45)

=== Epoch 45/1000 ===
[train] loss=5.6401 cls=0.4476 cme=2.2132 acc=0.9702 cells=158379
[ct_train] rechunked train graphs (seed=46)

=== Epoch 46/1000 ===
[train] loss=5.6219 cls=0.4448 cme=2.2066 acc=0.9707 cells=158379
[val]   loss=5.6419 eval=2.6492 cls=0.4263 cme=2.2229 acc=0.9706 cells=118036
[ct_train] saved best checkpoint (val_eval_loss=2.6492 val_acc=0.9706)
[ct_train] rechunked train graphs (seed=47)

=== Epoch 47/1000 ===
[train] loss=5.6310 cls=0.4443 cme=2.2107 acc=0.9711 cells=158379
[ct_train] rechunked train graphs (seed=48)

=== Epoch 48/1000 ===
[train] loss=5.6193 cls=0.4443 cme=2.2058 acc=0.9709 cells=158379
[val]   loss=5.6386 eval=2.6473 cls=0.4253 cme=2.2220 acc=0.9709 cells=118036
[ct_train] saved best checkpoint (val_eval_loss=2.6473 val_acc=0.9709)
[ct_train] rechunked train graphs (seed=49)

=== Epoch 49/1000 ===
[train] loss=5.6272 cls=0.4439 cme=2.2093 acc=0.9715 cells=158379
[ct_train] rechunked train graphs (seed=50)

=== Epoch 50/1000 ===
[train] loss=5.6175 cls=0.4423 cme=2.2058 acc=0.9718 cells=158379
[val]   loss=5.6354 eval=2.6453 cls=0.4242 cme=2.2211 acc=0.9712 cells=118036
[ct_train] saved best checkpoint (val_eval_loss=2.6453 val_acc=0.9712)
[ct_train] rechunked train graphs (seed=51)

=== Epoch 51/1000 ===
[train] loss=5.6104 cls=0.4417 cme=2.2031 acc=0.9720 cells=158379
[ct_train] rechunked train graphs (seed=52)

=== Epoch 52/1000 ===
[train] loss=5.6129 cls=0.4413 cme=2.2044 acc=0.9721 cells=158379
[val]   loss=5.6325 eval=2.6436 cls=0.4232 cme=2.2204 acc=0.9713 cells=118036
[ct_train] saved best checkpoint (val_eval_loss=2.6436 val_acc=0.9713)
[ct_train] rechunked train graphs (seed=53)

=== Epoch 53/1000 ===
[train] loss=5.6040 cls=0.4410 cme=2.2007 acc=0.9720 cells=158379
[ct_train] rechunked train graphs (seed=54)

=== Epoch 54/1000 ===
[train] loss=5.6230 cls=0.4421 cme=2.2084 acc=0.9718 cells=158379
[val]   loss=5.6301 eval=2.6421 cls=0.4224 cme=2.2197 acc=0.9714 cells=118036
[ct_train] saved best checkpoint (val_eval_loss=2.6421 val_acc=0.9714)
[ct_train] rechunked train graphs (seed=55)

=== Epoch 55/1000 ===
[train] loss=5.6043 cls=0.4380 cme=2.2021 acc=0.9728 cells=158379
[ct_train] rechunked train graphs (seed=56)

=== Epoch 56/1000 ===
[train] loss=5.6117 cls=0.4390 cme=2.2049 acc=0.9725 cells=158379
[val]   loss=5.6278 eval=2.6408 cls=0.4218 cme=2.2190 acc=0.9716 cells=118036
[ct_train] saved best checkpoint (val_eval_loss=2.6408 val_acc=0.9716)
[ct_train] rechunked train graphs (seed=57)

=== Epoch 57/1000 ===
[train] loss=5.6068 cls=0.4397 cme=2.2024 acc=0.9719 cells=158379
[ct_train] rechunked train graphs (seed=58)

=== Epoch 58/1000 ===
[train] loss=5.5997 cls=0.4387 cme=2.1998 acc=0.9728 cells=158379
[val]   loss=5.6259 eval=2.6396 cls=0.4212 cme=2.2185 acc=0.9718 cells=118036
[ct_train] saved best checkpoint (val_eval_loss=2.6396 val_acc=0.9718)
[ct_train] rechunked train graphs (seed=59)

=== Epoch 59/1000 ===
[train] loss=5.6002 cls=0.4364 cme=2.2013 acc=0.9732 cells=158379
[ct_train] rechunked train graphs (seed=60)

=== Epoch 60/1000 ===
[train] loss=5.6199 cls=0.4367 cme=2.2094 acc=0.9734 cells=158379
[val]   loss=5.6241 eval=2.6387 cls=0.4207 cme=2.2180 acc=0.9719 cells=118036
[ct_train] saved best checkpoint (val_eval_loss=2.6387 val_acc=0.9719)
[ct_train] rechunked train graphs (seed=61)

=== Epoch 61/1000 ===
[train] loss=5.5947 cls=0.4355 cme=2.1991 acc=0.9734 cells=158379
[ct_train] rechunked train graphs (seed=62)

=== Epoch 62/1000 ===
[train] loss=5.6017 cls=0.4357 cme=2.2021 acc=0.9732 cells=158379
[val]   loss=5.6217 eval=2.6372 cls=0.4200 cme=2.2172 acc=0.9721 cells=118036
[ct_train] saved best checkpoint (val_eval_loss=2.6372 val_acc=0.9721)
[ct_train] rechunked train graphs (seed=63)

=== Epoch 63/1000 ===
[train] loss=5.5953 cls=0.4352 cme=2.1996 acc=0.9736 cells=158379
[ct_train] rechunked train graphs (seed=64)

=== Epoch 64/1000 ===
[train] loss=5.5849 cls=0.4332 cme=2.1961 acc=0.9739 cells=158379
[val]   loss=5.6206 eval=2.6366 cls=0.4197 cme=2.2169 acc=0.9723 cells=118036
[ct_train] saved best checkpoint (val_eval_loss=2.6366 val_acc=0.9723)
[ct_train] rechunked train graphs (seed=65)

=== Epoch 65/1000 ===
[train] loss=5.5923 cls=0.4329 cme=2.1992 acc=0.9741 cells=158379
[ct_train] rechunked train graphs (seed=66)

=== Epoch 66/1000 ===
[train] loss=5.5994 cls=0.4337 cme=2.2020 acc=0.9735 cells=158379
[val]   loss=5.6185 eval=2.6355 cls=0.4192 cme=2.2163 acc=0.9725 cells=118036
[ct_train] saved best checkpoint (val_eval_loss=2.6355 val_acc=0.9725)
[ct_train] rechunked train graphs (seed=67)

=== Epoch 67/1000 ===
[train] loss=5.5887 cls=0.4339 cme=2.1974 acc=0.9737 cells=158379
[ct_train] rechunked train graphs (seed=68)

=== Epoch 68/1000 ===
[train] loss=5.5838 cls=0.4317 cme=2.1961 acc=0.9742 cells=158379
[val]   loss=5.6177 eval=2.6349 cls=0.4188 cme=2.2161 acc=0.9727 cells=118036
[ct_train] saved best checkpoint (val_eval_loss=2.6349 val_acc=0.9727)
[ct_train] rechunked train graphs (seed=69)

=== Epoch 69/1000 ===
[train] loss=5.5745 cls=0.4313 cme=2.1923 acc=0.9742 cells=158379
[ct_train] rechunked train graphs (seed=70)

=== Epoch 70/1000 ===
[train] loss=5.5736 cls=0.4328 cme=2.1913 acc=0.9744 cells=158379
[val]   loss=5.6159 eval=2.6339 cls=0.4184 cme=2.2155 acc=0.9729 cells=118036
[ct_train] saved best checkpoint (val_eval_loss=2.6339 val_acc=0.9729)
[ct_train] rechunked train graphs (seed=71)

=== Epoch 71/1000 ===
[train] loss=5.5887 cls=0.4336 cme=2.1974 acc=0.9743 cells=158379
[ct_train] rechunked train graphs (seed=72)

=== Epoch 72/1000 ===
[train] loss=5.5738 cls=0.4313 cme=2.1921 acc=0.9742 cells=158379
[val]   loss=5.6137 eval=2.6327 cls=0.4179 cme=2.2148 acc=0.9731 cells=118036
[ct_train] saved best checkpoint (val_eval_loss=2.6327 val_acc=0.9731)
[ct_train] rechunked train graphs (seed=73)

=== Epoch 73/1000 ===
[train] loss=5.5820 cls=0.4308 cme=2.1957 acc=0.9743 cells=158379
[ct_train] rechunked train graphs (seed=74)

=== Epoch 74/1000 ===
[train] loss=5.5864 cls=0.4306 cme=2.1977 acc=0.9749 cells=158379
[val]   loss=5.6113 eval=2.6314 cls=0.4174 cme=2.2140 acc=0.9731 cells=118036
[ct_train] saved best checkpoint (val_eval_loss=2.6314 val_acc=0.9731)
[ct_train] rechunked train graphs (seed=75)

=== Epoch 75/1000 ===
[train] loss=5.5622 cls=0.4284 cme=2.1883 acc=0.9755 cells=158379
[ct_train] rechunked train graphs (seed=76)

=== Epoch 76/1000 ===
[train] loss=5.5617 cls=0.4277 cme=2.1884 acc=0.9750 cells=158379
[val]   loss=5.6106 eval=2.6309 cls=0.4169 cme=2.2139 acc=0.9733 cells=118036
[ct_train] saved best checkpoint (val_eval_loss=2.6309 val_acc=0.9733)
[ct_train] rechunked train graphs (seed=77)

=== Epoch 77/1000 ===
[train] loss=5.5637 cls=0.4278 cme=2.1893 acc=0.9756 cells=158379
[ct_train] rechunked train graphs (seed=78)

=== Epoch 78/1000 ===
[train] loss=5.5636 cls=0.4272 cme=2.1895 acc=0.9757 cells=158379
[val]   loss=5.6084 eval=2.6296 cls=0.4164 cme=2.2132 acc=0.9736 cells=118036
[ct_train] saved best checkpoint (val_eval_loss=2.6296 val_acc=0.9736)
[ct_train] rechunked train graphs (seed=79)

=== Epoch 79/1000 ===
[train] loss=5.5725 cls=0.4269 cme=2.1933 acc=0.9763 cells=158379
[ct_train] rechunked train graphs (seed=80)

=== Epoch 80/1000 ===
[train] loss=5.5601 cls=0.4267 cme=2.1883 acc=0.9756 cells=158379
[val]   loss=5.6068 eval=2.6289 cls=0.4162 cme=2.2127 acc=0.9737 cells=118036
[ct_train] saved best checkpoint (val_eval_loss=2.6289 val_acc=0.9737)
[ct_train] rechunked train graphs (seed=81)

=== Epoch 81/1000 ===
[train] loss=5.5520 cls=0.4251 cme=2.1855 acc=0.9765 cells=158379
[ct_train] rechunked train graphs (seed=82)

=== Epoch 82/1000 ===
[train] loss=5.5539 cls=0.4255 cme=2.1862 acc=0.9764 cells=158379
[val]   loss=5.6059 eval=2.6282 cls=0.4158 cme=2.2125 acc=0.9738 cells=118036
[ct_train] saved best checkpoint (val_eval_loss=2.6282 val_acc=0.9738)
[ct_train] rechunked train graphs (seed=83)

=== Epoch 83/1000 ===
[train] loss=5.5610 cls=0.4248 cme=2.1894 acc=0.9760 cells=158379
[ct_train] rechunked train graphs (seed=84)

=== Epoch 84/1000 ===
[train] loss=5.5539 cls=0.4247 cme=2.1865 acc=0.9764 cells=158379
[val]   loss=5.6056 eval=2.6280 cls=0.4155 cme=2.2125 acc=0.9738 cells=118036
[ct_train] saved best checkpoint (val_eval_loss=2.6280 val_acc=0.9738)
[ct_train] early_stopping: no improve on val/eval_loss for 1/45 val checks
[ct_train] rechunked train graphs (seed=85)

=== Epoch 85/1000 ===
[train] loss=5.5466 cls=0.4242 cme=2.1836 acc=0.9765 cells=158379
[ct_train] rechunked train graphs (seed=86)

=== Epoch 86/1000 ===
[train] loss=5.5586 cls=0.4242 cme=2.1886 acc=0.9764 cells=158379
[val]   loss=5.6041 eval=2.6272 cls=0.4151 cme=2.2121 acc=0.9739 cells=118036
[ct_train] saved best checkpoint (val_eval_loss=2.6272 val_acc=0.9739)
[ct_train] rechunked train graphs (seed=87)

=== Epoch 87/1000 ===
[train] loss=5.5536 cls=0.4242 cme=2.1866 acc=0.9765 cells=158379
[ct_train] rechunked train graphs (seed=88)

=== Epoch 88/1000 ===
[train] loss=5.5522 cls=0.4238 cme=2.1861 acc=0.9773 cells=158379
[val]   loss=5.6031 eval=2.6265 cls=0.4147 cme=2.2118 acc=0.9739 cells=118036
[ct_train] saved best checkpoint (val_eval_loss=2.6265 val_acc=0.9739)
[ct_train] rechunked train graphs (seed=89)

=== Epoch 89/1000 ===
[train] loss=5.5451 cls=0.4235 cme=2.1832 acc=0.9770 cells=158379
[ct_train] rechunked train graphs (seed=90)

=== Epoch 90/1000 ===
[train] loss=5.5526 cls=0.4218 cme=2.1872 acc=0.9771 cells=158379
[val]   loss=5.6018 eval=2.6258 cls=0.4145 cme=2.2113 acc=0.9740 cells=118036
[ct_train] saved best checkpoint (val_eval_loss=2.6258 val_acc=0.9740)
[ct_train] rechunked train graphs (seed=91)

=== Epoch 91/1000 ===
[train] loss=5.5406 cls=0.4213 cme=2.1823 acc=0.9772 cells=158379
[ct_train] rechunked train graphs (seed=92)

=== Epoch 92/1000 ===
[train] loss=5.5427 cls=0.4217 cme=2.1829 acc=0.9772 cells=158379
[val]   loss=5.6005 eval=2.6251 cls=0.4142 cme=2.2109 acc=0.9742 cells=118036
[ct_train] saved best checkpoint (val_eval_loss=2.6251 val_acc=0.9742)
[ct_train] rechunked train graphs (seed=93)

=== Epoch 93/1000 ===
[train] loss=5.5491 cls=0.4222 cme=2.1855 acc=0.9771 cells=158379
[ct_train] rechunked train graphs (seed=94)

=== Epoch 94/1000 ===
[train] loss=5.5376 cls=0.4212 cme=2.1810 acc=0.9771 cells=158379
[val]   loss=5.5996 eval=2.6246 cls=0.4141 cme=2.2106 acc=0.9743 cells=118036
[ct_train] saved best checkpoint (val_eval_loss=2.6246 val_acc=0.9743)
[ct_train] rechunked train graphs (seed=95)

=== Epoch 95/1000 ===
[train] loss=5.5551 cls=0.4211 cme=2.1885 acc=0.9772 cells=158379
[ct_train] rechunked train graphs (seed=96)

=== Epoch 96/1000 ===
[train] loss=5.5480 cls=0.4219 cme=2.1852 acc=0.9770 cells=158379
[val]   loss=5.5992 eval=2.6244 cls=0.4138 cme=2.2105 acc=0.9743 cells=118036
[ct_train] saved best checkpoint (val_eval_loss=2.6244 val_acc=0.9743)
[ct_train] early_stopping: no improve on val/eval_loss for 1/45 val checks
[ct_train] rechunked train graphs (seed=97)

=== Epoch 97/1000 ===
[train] loss=5.5434 cls=0.4198 cme=2.1841 acc=0.9779 cells=158379
[ct_train] rechunked train graphs (seed=98)

=== Epoch 98/1000 ===
[train] loss=5.5346 cls=0.4205 cme=2.1800 acc=0.9776 cells=158379
[val]   loss=5.5985 eval=2.6238 cls=0.4134 cme=2.2104 acc=0.9743 cells=118036
[ct_train] saved best checkpoint (val_eval_loss=2.6238 val_acc=0.9743)
[ct_train] rechunked train graphs (seed=99)

=== Epoch 99/1000 ===
[train] loss=5.5216 cls=0.4198 cme=2.1749 acc=0.9777 cells=158379
[ct_train] rechunked train graphs (seed=100)

=== Epoch 100/1000 ===
[train] loss=5.5285 cls=0.4192 cme=2.1780 acc=0.9777 cells=158379
[val]   loss=5.5983 eval=2.6237 cls=0.4132 cme=2.2104 acc=0.9744 cells=118036
[ct_train] saved best checkpoint (val_eval_loss=2.6237 val_acc=0.9744)
[ct_train] early_stopping: no improve on val/eval_loss for 1/45 val checks
[ct_train] rechunked train graphs (seed=101)

=== Epoch 101/1000 ===
[train] loss=5.5473 cls=0.4200 cme=2.1856 acc=0.9781 cells=158379
[ct_train] rechunked train graphs (seed=102)

=== Epoch 102/1000 ===
[train] loss=5.5353 cls=0.4178 cme=2.1816 acc=0.9782 cells=158379
[val]   loss=5.5959 eval=2.6224 cls=0.4129 cme=2.2095 acc=0.9746 cells=118036
[ct_train] saved best checkpoint (val_eval_loss=2.6224 val_acc=0.9746)
[ct_train] rechunked train graphs (seed=103)

=== Epoch 103/1000 ===
[train] loss=5.5394 cls=0.4174 cme=2.1834 acc=0.9786 cells=158379
[ct_train] rechunked train graphs (seed=104)

=== Epoch 104/1000 ===
[train] loss=5.5278 cls=0.4177 cme=2.1784 acc=0.9784 cells=158379
[val]   loss=5.5951 eval=2.6220 cls=0.4127 cme=2.2093 acc=0.9748 cells=118036
[ct_train] saved best checkpoint (val_eval_loss=2.6220 val_acc=0.9748)
[ct_train] rechunked train graphs (seed=105)

=== Epoch 105/1000 ===
[train] loss=5.5327 cls=0.4179 cme=2.1804 acc=0.9786 cells=158379
[ct_train] rechunked train graphs (seed=106)

=== Epoch 106/1000 ===
[train] loss=5.5253 cls=0.4159 cme=2.1781 acc=0.9789 cells=158379
[val]   loss=5.5956 eval=2.6222 cls=0.4126 cme=2.2096 acc=0.9748 cells=118036
[ct_train] early_stopping: no improve on val/eval_loss for 1/45 val checks
[ct_train] rechunked train graphs (seed=107)

=== Epoch 107/1000 ===
[train] loss=5.5213 cls=0.4164 cme=2.1762 acc=0.9786 cells=158379
[ct_train] rechunked train graphs (seed=108)

=== Epoch 108/1000 ===
[train] loss=5.5384 cls=0.4170 cme=2.1832 acc=0.9784 cells=158379
[val]   loss=5.5948 eval=2.6218 cls=0.4124 cme=2.2094 acc=0.9747 cells=118036
[ct_train] saved best checkpoint (val_eval_loss=2.6218 val_acc=0.9748)
[ct_train] early_stopping: no improve on val/eval_loss for 2/45 val checks
[ct_train] rechunked train graphs (seed=109)

=== Epoch 109/1000 ===
[train] loss=5.5204 cls=0.4157 cme=2.1761 acc=0.9789 cells=158379
[ct_train] rechunked train graphs (seed=110)

=== Epoch 110/1000 ===
[train] loss=5.5229 cls=0.4154 cme=2.1773 acc=0.9788 cells=158379
[val]   loss=5.5941 eval=2.6215 cls=0.4123 cme=2.2091 acc=0.9748 cells=118036
[ct_train] saved best checkpoint (val_eval_loss=2.6215 val_acc=0.9748)
[ct_train] rechunked train graphs (seed=111)

=== Epoch 111/1000 ===
[train] loss=5.5170 cls=0.4148 cme=2.1751 acc=0.9791 cells=158379
[ct_train] rechunked train graphs (seed=112)

=== Epoch 112/1000 ===
[train] loss=5.5196 cls=0.4161 cme=2.1755 acc=0.9788 cells=158379
[val]   loss=5.5938 eval=2.6214 cls=0.4124 cme=2.2089 acc=0.9747 cells=118036
[ct_train] saved best checkpoint (val_eval_loss=2.6214 val_acc=0.9748)
[ct_train] early_stopping: no improve on val/eval_loss for 1/45 val checks
[ct_train] rechunked train graphs (seed=113)

=== Epoch 113/1000 ===
[train] loss=5.5253 cls=0.4155 cme=2.1783 acc=0.9787 cells=158379
[ct_train] rechunked train graphs (seed=114)

=== Epoch 114/1000 ===
[train] loss=5.5235 cls=0.4151 cme=2.1776 acc=0.9793 cells=158379
[val]   loss=5.5925 eval=2.6205 cls=0.4119 cme=2.2086 acc=0.9749 cells=118036
[ct_train] saved best checkpoint (val_eval_loss=2.6205 val_acc=0.9749)
[ct_train] rechunked train graphs (seed=115)

=== Epoch 115/1000 ===
[train] loss=5.5097 cls=0.4153 cme=2.1718 acc=0.9789 cells=158379
[ct_train] rechunked train graphs (seed=116)

=== Epoch 116/1000 ===
[train] loss=5.5086 cls=0.4138 cme=2.1718 acc=0.9797 cells=158379
[val]   loss=5.5918 eval=2.6200 cls=0.4116 cme=2.2084 acc=0.9751 cells=118036
[ct_train] saved best checkpoint (val_eval_loss=2.6200 val_acc=0.9751)
[ct_train] rechunked train graphs (seed=117)

=== Epoch 117/1000 ===
[train] loss=5.5172 cls=0.4149 cme=2.1752 acc=0.9790 cells=158379
[ct_train] rechunked train graphs (seed=118)

=== Epoch 118/1000 ===
[train] loss=5.5120 cls=0.4137 cme=2.1734 acc=0.9795 cells=158379
[val]   loss=5.5908 eval=2.6194 cls=0.4112 cme=2.2082 acc=0.9753 cells=118036
[ct_train] saved best checkpoint (val_eval_loss=2.6194 val_acc=0.9753)
[ct_train] rechunked train graphs (seed=119)

=== Epoch 119/1000 ===
[train] loss=5.5037 cls=0.4124 cme=2.1705 acc=0.9799 cells=158379
[ct_train] rechunked train graphs (seed=120)

=== Epoch 120/1000 ===
[train] loss=5.4973 cls=0.4117 cme=2.1680 acc=0.9800 cells=158379
[val]   loss=5.5901 eval=2.6190 cls=0.4111 cme=2.2080 acc=0.9754 cells=118036
[ct_train] saved best checkpoint (val_eval_loss=2.6190 val_acc=0.9754)
[ct_train] rechunked train graphs (seed=121)

=== Epoch 121/1000 ===
[train] loss=5.5133 cls=0.4121 cme=2.1746 acc=0.9800 cells=158379
[ct_train] rechunked train graphs (seed=122)

=== Epoch 122/1000 ===
[train] loss=5.5010 cls=0.4120 cme=2.1695 acc=0.9801 cells=158379
[val]   loss=5.5891 eval=2.6186 cls=0.4109 cme=2.2076 acc=0.9754 cells=118036
[ct_train] saved best checkpoint (val_eval_loss=2.6186 val_acc=0.9754)
[ct_train] rechunked train graphs (seed=123)

=== Epoch 123/1000 ===
[train] loss=5.5083 cls=0.4120 cme=2.1725 acc=0.9800 cells=158379
[ct_train] rechunked train graphs (seed=124)

=== Epoch 124/1000 ===
[train] loss=5.5143 cls=0.4119 cme=2.1751 acc=0.9797 cells=158379
[val]   loss=5.5885 eval=2.6183 cls=0.4108 cme=2.2075 acc=0.9754 cells=118036
[ct_train] saved best checkpoint (val_eval_loss=2.6183 val_acc=0.9754)
[ct_train] rechunked train graphs (seed=125)

=== Epoch 125/1000 ===
[train] loss=5.5090 cls=0.4115 cme=2.1729 acc=0.9805 cells=158379
[ct_train] rechunked train graphs (seed=126)

=== Epoch 126/1000 ===
[train] loss=5.5035 cls=0.4114 cme=2.1708 acc=0.9801 cells=158379
[val]   loss=5.5878 eval=2.6179 cls=0.4106 cme=2.2072 acc=0.9753 cells=118036
[ct_train] saved best checkpoint (val_eval_loss=2.6179 val_acc=0.9754)
[ct_train] rechunked train graphs (seed=127)

=== Epoch 127/1000 ===
[train] loss=5.5151 cls=0.4116 cme=2.1755 acc=0.9803 cells=158379
[ct_train] rechunked train graphs (seed=128)

=== Epoch 128/1000 ===
[train] loss=5.5025 cls=0.4112 cme=2.1704 acc=0.9803 cells=158379
[val]   loss=5.5870 eval=2.6176 cls=0.4107 cme=2.2069 acc=0.9753 cells=118036
[ct_train] saved best checkpoint (val_eval_loss=2.6176 val_acc=0.9754)
[ct_train] early_stopping: no improve on val/eval_loss for 1/45 val checks
[ct_train] rechunked train graphs (seed=129)

=== Epoch 129/1000 ===
[train] loss=5.5015 cls=0.4098 cme=2.1706 acc=0.9808 cells=158379
[ct_train] rechunked train graphs (seed=130)

=== Epoch 130/1000 ===
[train] loss=5.5013 cls=0.4096 cme=2.1704 acc=0.9808 cells=158379
[val]   loss=5.5862 eval=2.6172 cls=0.4106 cme=2.2065 acc=0.9754 cells=118036
[ct_train] saved best checkpoint (val_eval_loss=2.6172 val_acc=0.9754)
[ct_train] rechunked train graphs (seed=131)

=== Epoch 131/1000 ===
[train] loss=5.4985 cls=0.4103 cme=2.1691 acc=0.9807 cells=158379
[ct_train] rechunked train graphs (seed=132)

=== Epoch 132/1000 ===
[train] loss=5.4907 cls=0.4089 cme=2.1663 acc=0.9809 cells=158379
[val]   loss=5.5847 eval=2.6165 cls=0.4105 cme=2.2060 acc=0.9754 cells=118036
[ct_train] saved best checkpoint (val_eval_loss=2.6165 val_acc=0.9754)
[ct_train] rechunked train graphs (seed=133)

=== Epoch 133/1000 ===
[train] loss=5.4969 cls=0.4087 cme=2.1690 acc=0.9809 cells=158379
[ct_train] rechunked train graphs (seed=134)

=== Epoch 134/1000 ===
[train] loss=5.5049 cls=0.4098 cme=2.1720 acc=0.9811 cells=158379
[val]   loss=5.5852 eval=2.6167 cls=0.4105 cme=2.2062 acc=0.9755 cells=118036
[ct_train] early_stopping: no improve on val/eval_loss for 1/45 val checks
[ct_train] rechunked train graphs (seed=135)

=== Epoch 135/1000 ===
[train] loss=5.4903 cls=0.4078 cme=2.1667 acc=0.9815 cells=158379
[ct_train] rechunked train graphs (seed=136)

=== Epoch 136/1000 ===
[train] loss=5.4817 cls=0.4072 cme=2.1632 acc=0.9815 cells=158379
[val]   loss=5.5849 eval=2.6166 cls=0.4104 cme=2.2062 acc=0.9754 cells=118036
[ct_train] early_stopping: no improve on val/eval_loss for 2/45 val checks
[ct_train] rechunked train graphs (seed=137)

=== Epoch 137/1000 ===
[train] loss=5.5008 cls=0.4088 cme=2.1707 acc=0.9811 cells=158379
[ct_train] rechunked train graphs (seed=138)

=== Epoch 138/1000 ===
[train] loss=5.4793 cls=0.4077 cme=2.1620 acc=0.9814 cells=158379
[val]   loss=5.5837 eval=2.6159 cls=0.4102 cme=2.2057 acc=0.9755 cells=118036
[ct_train] saved best checkpoint (val_eval_loss=2.6159 val_acc=0.9755)
[ct_train] rechunked train graphs (seed=139)

=== Epoch 139/1000 ===
[train] loss=5.4891 cls=0.4078 cme=2.1662 acc=0.9812 cells=158379
[ct_train] rechunked train graphs (seed=140)

=== Epoch 140/1000 ===
[train] loss=5.4870 cls=0.4073 cme=2.1654 acc=0.9812 cells=158379
[val]   loss=5.5832 eval=2.6157 cls=0.4102 cme=2.2055 acc=0.9758 cells=118036
[ct_train] saved best checkpoint (val_eval_loss=2.6157 val_acc=0.9758)
[ct_train] early_stopping: no improve on val/eval_loss for 1/45 val checks
[ct_train] rechunked train graphs (seed=141)

=== Epoch 141/1000 ===
[train] loss=5.4907 cls=0.4066 cme=2.1674 acc=0.9817 cells=158379
[ct_train] rechunked train graphs (seed=142)

=== Epoch 142/1000 ===
[train] loss=5.4866 cls=0.4064 cme=2.1657 acc=0.9821 cells=158379
[val]   loss=5.5821 eval=2.6152 cls=0.4101 cme=2.2051 acc=0.9755 cells=118036
[ct_train] saved best checkpoint (val_eval_loss=2.6152 val_acc=0.9758)
[ct_train] rechunked train graphs (seed=143)

=== Epoch 143/1000 ===
[train] loss=5.4796 cls=0.4061 cme=2.1629 acc=0.9817 cells=158379
[ct_train] rechunked train graphs (seed=144)

=== Epoch 144/1000 ===
[train] loss=5.4845 cls=0.4070 cme=2.1646 acc=0.9817 cells=158379
[val]   loss=5.5819 eval=2.6150 cls=0.4099 cme=2.2052 acc=0.9757 cells=118036
[ct_train] saved best checkpoint (val_eval_loss=2.6150 val_acc=0.9758)
[ct_train] early_stopping: no improve on val/eval_loss for 1/45 val checks
[ct_train] rechunked train graphs (seed=145)

=== Epoch 145/1000 ===
[train] loss=5.4916 cls=0.4055 cme=2.1681 acc=0.9821 cells=158379
[ct_train] rechunked train graphs (seed=146)

=== Epoch 146/1000 ===
[train] loss=5.4782 cls=0.4060 cme=2.1623 acc=0.9818 cells=158379
[val]   loss=5.5812 eval=2.6147 cls=0.4098 cme=2.2049 acc=0.9755 cells=118036
[ct_train] saved best checkpoint (val_eval_loss=2.6147 val_acc=0.9758)
[ct_train] rechunked train graphs (seed=147)

=== Epoch 147/1000 ===
[train] loss=5.4918 cls=0.4060 cme=2.1681 acc=0.9819 cells=158379
[ct_train] rechunked train graphs (seed=148)

=== Epoch 148/1000 ===
[train] loss=5.4895 cls=0.4053 cme=2.1674 acc=0.9821 cells=158379
[val]   loss=5.5805 eval=2.6144 cls=0.4098 cme=2.2046 acc=0.9756 cells=118036
[ct_train] saved best checkpoint (val_eval_loss=2.6144 val_acc=0.9758)
[ct_train] rechunked train graphs (seed=149)

=== Epoch 149/1000 ===
[train] loss=5.4784 cls=0.4049 cme=2.1628 acc=0.9824 cells=158379
[ct_train] rechunked train graphs (seed=150)

=== Epoch 150/1000 ===
[train] loss=5.4752 cls=0.4051 cme=2.1614 acc=0.9821 cells=158379
[val]   loss=5.5808 eval=2.6145 cls=0.4097 cme=2.2047 acc=0.9757 cells=118036
[ct_train] early_stopping: no improve on val/eval_loss for 1/45 val checks
[ct_train] rechunked train graphs (seed=151)

=== Epoch 151/1000 ===
[train] loss=5.4856 cls=0.4052 cme=2.1658 acc=0.9824 cells=158379
[ct_train] rechunked train graphs (seed=152)

=== Epoch 152/1000 ===
[train] loss=5.4868 cls=0.4049 cme=2.1664 acc=0.9824 cells=158379
[val]   loss=5.5803 eval=2.6142 cls=0.4096 cme=2.2046 acc=0.9759 cells=118036
[ct_train] saved best checkpoint (val_eval_loss=2.6142 val_acc=0.9759)
[ct_train] early_stopping: no improve on val/eval_loss for 2/45 val checks
[ct_train] rechunked train graphs (seed=153)

=== Epoch 153/1000 ===
[train] loss=5.4729 cls=0.4042 cme=2.1608 acc=0.9825 cells=158379
[ct_train] rechunked train graphs (seed=154)

=== Epoch 154/1000 ===
[train] loss=5.4759 cls=0.4033 cme=2.1625 acc=0.9827 cells=158379
[val]   loss=5.5801 eval=2.6141 cls=0.4096 cme=2.2046 acc=0.9759 cells=118036
[ct_train] saved best checkpoint (val_eval_loss=2.6141 val_acc=0.9759)
[ct_train] early_stopping: no improve on val/eval_loss for 3/45 val checks
[ct_train] rechunked train graphs (seed=155)

=== Epoch 155/1000 ===
[train] loss=5.4847 cls=0.4037 cme=2.1659 acc=0.9830 cells=158379
[ct_train] rechunked train graphs (seed=156)

=== Epoch 156/1000 ===
[train] loss=5.4728 cls=0.4033 cme=2.1611 acc=0.9827 cells=158379
[val]   loss=5.5814 eval=2.6148 cls=0.4097 cme=2.2051 acc=0.9758 cells=118036
[ct_train] early_stopping: no improve on val/eval_loss for 4/45 val checks
[ct_train] rechunked train graphs (seed=157)

=== Epoch 157/1000 ===
[train] loss=5.4778 cls=0.4026 cme=2.1636 acc=0.9827 cells=158379
[ct_train] rechunked train graphs (seed=158)

=== Epoch 158/1000 ===
[train] loss=5.4708 cls=0.4028 cme=2.1604 acc=0.9828 cells=158379
[val]   loss=5.5801 eval=2.6141 cls=0.4095 cme=2.2046 acc=0.9759 cells=118036
[ct_train] early_stopping: no improve on val/eval_loss for 5/45 val checks
[ct_train] rechunked train graphs (seed=159)

=== Epoch 159/1000 ===
[train] loss=5.4620 cls=0.4024 cme=2.1569 acc=0.9826 cells=158379
[ct_train] rechunked train graphs (seed=160)

=== Epoch 160/1000 ===
[train] loss=5.4755 cls=0.4026 cme=2.1626 acc=0.9832 cells=158379
[val]   loss=5.5791 eval=2.6136 cls=0.4094 cme=2.2042 acc=0.9758 cells=118036
[ct_train] saved best checkpoint (val_eval_loss=2.6136 val_acc=0.9759)
[ct_train] rechunked train graphs (seed=161)

=== Epoch 161/1000 ===
[train] loss=5.4712 cls=0.4017 cme=2.1612 acc=0.9833 cells=158379
[ct_train] rechunked train graphs (seed=162)

=== Epoch 162/1000 ===
[train] loss=5.4836 cls=0.4022 cme=2.1662 acc=0.9830 cells=158379
[val]   loss=5.5783 eval=2.6134 cls=0.4095 cme=2.2039 acc=0.9757 cells=118036
[ct_train] saved best checkpoint (val_eval_loss=2.6134 val_acc=0.9759)
[ct_train] early_stopping: no improve on val/eval_loss for 1/45 val checks
[ct_train] rechunked train graphs (seed=163)

=== Epoch 163/1000 ===
[train] loss=5.4679 cls=0.4022 cme=2.1596 acc=0.9832 cells=158379
[ct_train] rechunked train graphs (seed=164)

=== Epoch 164/1000 ===
[train] loss=5.4616 cls=0.4008 cme=2.1574 acc=0.9837 cells=158379
[val]   loss=5.5786 eval=2.6135 cls=0.4095 cme=2.2040 acc=0.9758 cells=118036
[ct_train] early_stopping: no improve on val/eval_loss for 2/45 val checks
[ct_train] rechunked train graphs (seed=165)

=== Epoch 165/1000 ===
[train] loss=5.4629 cls=0.4015 cme=2.1577 acc=0.9830 cells=158379
[ct_train] rechunked train graphs (seed=166)

=== Epoch 166/1000 ===
[train] loss=5.4642 cls=0.4014 cme=2.1584 acc=0.9830 cells=158379
[val]   loss=5.5787 eval=2.6135 cls=0.4093 cme=2.2042 acc=0.9759 cells=118036
[ct_train] early_stopping: no improve on val/eval_loss for 3/45 val checks
[ct_train] rechunked train graphs (seed=167)

=== Epoch 167/1000 ===
[train] loss=5.4734 cls=0.4018 cme=2.1620 acc=0.9828 cells=158379
[ct_train] rechunked train graphs (seed=168)

=== Epoch 168/1000 ===
[train] loss=5.4599 cls=0.3994 cme=2.1573 acc=0.9837 cells=158379
[val]   loss=5.5786 eval=2.6134 cls=0.4092 cme=2.2042 acc=0.9759 cells=118036
[ct_train] saved best checkpoint (val_eval_loss=2.6134 val_acc=0.9759)
[ct_train] early_stopping: no improve on val/eval_loss for 4/45 val checks
[ct_train] rechunked train graphs (seed=169)

=== Epoch 169/1000 ===
[train] loss=5.4560 cls=0.4000 cme=2.1554 acc=0.9838 cells=158379
[ct_train] rechunked train graphs (seed=170)

=== Epoch 170/1000 ===
[train] loss=5.4699 cls=0.4010 cme=2.1609 acc=0.9837 cells=158379
[val]   loss=5.5787 eval=2.6136 cls=0.4094 cme=2.2042 acc=0.9760 cells=118036
[ct_train] early_stopping: no improve on val/eval_loss for 5/45 val checks
[ct_train] rechunked train graphs (seed=171)

=== Epoch 171/1000 ===
[train] loss=5.4538 cls=0.3990 cme=2.1549 acc=0.9841 cells=158379
[ct_train] rechunked train graphs (seed=172)

=== Epoch 172/1000 ===
[train] loss=5.4617 cls=0.4007 cme=2.1575 acc=0.9837 cells=158379
[val]   loss=5.5788 eval=2.6136 cls=0.4094 cme=2.2042 acc=0.9760 cells=118036
[ct_train] early_stopping: no improve on val/eval_loss for 6/45 val checks
[ct_train] rechunked train graphs (seed=173)

=== Epoch 173/1000 ===
[train] loss=5.4711 cls=0.3993 cme=2.1620 acc=0.9841 cells=158379
[ct_train] rechunked train graphs (seed=174)

=== Epoch 174/1000 ===
[train] loss=5.4607 cls=0.3982 cme=2.1581 acc=0.9845 cells=158379
[val]   loss=5.5782 eval=2.6134 cls=0.4094 cme=2.2040 acc=0.9760 cells=118036
[ct_train] early_stopping: no improve on val/eval_loss for 7/45 val checks
[ct_train] rechunked train graphs (seed=175)

=== Epoch 175/1000 ===
[train] loss=5.4586 cls=0.3986 cme=2.1571 acc=0.9841 cells=158379
[ct_train] rechunked train graphs (seed=176)

=== Epoch 176/1000 ===
[train] loss=5.4636 cls=0.3997 cme=2.1586 acc=0.9836 cells=158379
[val]   loss=5.5781 eval=2.6136 cls=0.4098 cme=2.2038 acc=0.9760 cells=118036
[ct_train] early_stopping: no improve on val/eval_loss for 8/45 val checks
[ct_train] rechunked train graphs (seed=177)

=== Epoch 177/1000 ===
[train] loss=5.4507 cls=0.3984 cme=2.1538 acc=0.9842 cells=158379
[ct_train] rechunked train graphs (seed=178)

=== Epoch 178/1000 ===
[train] loss=5.4506 cls=0.3979 cme=2.1540 acc=0.9845 cells=158379
[val]   loss=5.5778 eval=2.6135 cls=0.4098 cme=2.2037 acc=0.9760 cells=118036
[ct_train] early_stopping: no improve on val/eval_loss for 9/45 val checks
[ct_train] rechunked train graphs (seed=179)

=== Epoch 179/1000 ===
[train] loss=5.4652 cls=0.3985 cme=2.1599 acc=0.9846 cells=158379
[ct_train] rechunked train graphs (seed=180)

=== Epoch 180/1000 ===
[train] loss=5.4532 cls=0.3973 cme=2.1553 acc=0.9845 cells=158379
[val]   loss=5.5780 eval=2.6136 cls=0.4099 cme=2.2038 acc=0.9760 cells=118036
[ct_train] early_stopping: no improve on val/eval_loss for 10/45 val checks
[ct_train] rechunked train graphs (seed=181)

=== Epoch 181/1000 ===
[train] loss=5.4411 cls=0.3984 cme=2.1499 acc=0.9840 cells=158379
[ct_train] rechunked train graphs (seed=182)

=== Epoch 182/1000 ===
[train] loss=5.4447 cls=0.3984 cme=2.1513 acc=0.9841 cells=158379
[val]   loss=5.5788 eval=2.6139 cls=0.4097 cme=2.2042 acc=0.9760 cells=118036
[ct_train] early_stopping: no improve on val/eval_loss for 11/45 val checks
[ct_train] rechunked train graphs (seed=183)

=== Epoch 183/1000 ===
[train] loss=5.4495 cls=0.3983 cme=2.1534 acc=0.9843 cells=158379
[ct_train] rechunked train graphs (seed=184)

=== Epoch 184/1000 ===
[train] loss=5.4485 cls=0.3985 cme=2.1529 acc=0.9843 cells=158379
[val]   loss=5.5802 eval=2.6145 cls=0.4096 cme=2.2049 acc=0.9759 cells=118036
[ct_train] early_stopping: no improve on val/eval_loss for 12/45 val checks
[ct_train] rechunked train graphs (seed=185)

=== Epoch 185/1000 ===
[train] loss=5.4485 cls=0.3973 cme=2.1534 acc=0.9848 cells=158379
[ct_train] rechunked train graphs (seed=186)

=== Epoch 186/1000 ===
[train] loss=5.4549 cls=0.3973 cme=2.1560 acc=0.9845 cells=158379
[val]   loss=5.5793 eval=2.6141 cls=0.4097 cme=2.2045 acc=0.9760 cells=118036
[ct_train] early_stopping: no improve on val/eval_loss for 13/45 val checks
[ct_train] rechunked train graphs (seed=187)

=== Epoch 187/1000 ===
[train] loss=5.4533 cls=0.3971 cme=2.1554 acc=0.9848 cells=158379
[ct_train] rechunked train graphs (seed=188)

=== Epoch 188/1000 ===
[train] loss=5.4469 cls=0.3966 cme=2.1530 acc=0.9850 cells=158379
[val]   loss=5.5789 eval=2.6141 cls=0.4100 cme=2.2041 acc=0.9759 cells=118036
[ct_train] early_stopping: no improve on val/eval_loss for 14/45 val checks
[ct_train] rechunked train graphs (seed=189)

=== Epoch 189/1000 ===
[train] loss=5.4462 cls=0.3962 cme=2.1529 acc=0.9852 cells=158379
[ct_train] rechunked train graphs (seed=190)

=== Epoch 190/1000 ===
[train] loss=5.4480 cls=0.3960 cme=2.1538 acc=0.9853 cells=158379
[val]   loss=5.5800 eval=2.6146 cls=0.4099 cme=2.2047 acc=0.9759 cells=118036
[ct_train] early_stopping: no improve on val/eval_loss for 15/45 val checks
[ct_train] rechunked train graphs (seed=191)

=== Epoch 191/1000 ===
[train] loss=5.4534 cls=0.3962 cme=2.1558 acc=0.9850 cells=158379
[ct_train] rechunked train graphs (seed=192)

=== Epoch 192/1000 ===
[train] loss=5.4613 cls=0.3974 cme=2.1588 acc=0.9844 cells=158379
[val]   loss=5.5800 eval=2.6146 cls=0.4100 cme=2.2047 acc=0.9761 cells=118036
[ct_train] early_stopping: no improve on val/eval_loss for 16/45 val checks
[ct_train] rechunked train graphs (seed=193)

=== Epoch 193/1000 ===
[train] loss=5.4506 cls=0.3959 cme=2.1548 acc=0.9850 cells=158379
[ct_train] rechunked train graphs (seed=194)

=== Epoch 194/1000 ===
[train] loss=5.4433 cls=0.3948 cme=2.1521 acc=0.9857 cells=158379
[val]   loss=5.5792 eval=2.6144 cls=0.4101 cme=2.2043 acc=0.9759 cells=118036
[ct_train] early_stopping: no improve on val/eval_loss for 17/45 val checks
[ct_train] rechunked train graphs (seed=195)

=== Epoch 195/1000 ===
[train] loss=5.4355 cls=0.3947 cme=2.1489 acc=0.9855 cells=158379
[ct_train] rechunked train graphs (seed=196)

=== Epoch 196/1000 ===
[train] loss=5.4392 cls=0.3951 cme=2.1503 acc=0.9851 cells=158379
[val]   loss=5.5798 eval=2.6147 cls=0.4102 cme=2.2045 acc=0.9758 cells=118036
[ct_train] early_stopping: no improve on val/eval_loss for 18/45 val checks
[ct_train] rechunked train graphs (seed=197)

=== Epoch 197/1000 ===
[train] loss=5.4370 cls=0.3950 cme=2.1495 acc=0.9850 cells=158379
[ct_train] rechunked train graphs (seed=198)

=== Epoch 198/1000 ===
[train] loss=5.4394 cls=0.3945 cme=2.1506 acc=0.9858 cells=158379
[val]   loss=5.5804 eval=2.6151 cls=0.4104 cme=2.2047 acc=0.9759 cells=118036
[ct_train] early_stopping: no improve on val/eval_loss for 19/45 val checks
[ct_train] rechunked train graphs (seed=199)

=== Epoch 199/1000 ===
[train] loss=5.4376 cls=0.3942 cme=2.1500 acc=0.9859 cells=158379
[ct_train] rechunked train graphs (seed=200)

=== Epoch 200/1000 ===
[train] loss=5.4395 cls=0.3945 cme=2.1507 acc=0.9855 cells=158379
[val]   loss=5.5806 eval=2.6152 cls=0.4105 cme=2.2047 acc=0.9759 cells=118036
[ct_train] early_stopping: no improve on val/eval_loss for 20/45 val checks
[ct_train] rechunked train graphs (seed=201)

=== Epoch 201/1000 ===
[train] loss=5.4296 cls=0.3940 cme=2.1467 acc=0.9857 cells=158379
[ct_train] rechunked train graphs (seed=202)

=== Epoch 202/1000 ===
[train] loss=5.4288 cls=0.3936 cme=2.1465 acc=0.9858 cells=158379
[val]   loss=5.5813 eval=2.6156 cls=0.4106 cme=2.2050 acc=0.9760 cells=118036
[ct_train] early_stopping: no improve on val/eval_loss for 21/45 val checks
[ct_train] rechunked train graphs (seed=203)

=== Epoch 203/1000 ===
[train] loss=5.4418 cls=0.3942 cme=2.1517 acc=0.9856 cells=158379
[ct_train] rechunked train graphs (seed=204)

=== Epoch 204/1000 ===
[train] loss=5.4283 cls=0.3943 cme=2.1460 acc=0.9855 cells=158379
[val]   loss=5.5812 eval=2.6156 cls=0.4107 cme=2.2049 acc=0.9761 cells=118036
[ct_train] early_stopping: no improve on val/eval_loss for 22/45 val checks
[ct_train] rechunked train graphs (seed=205)

=== Epoch 205/1000 ===
[train] loss=5.4267 cls=0.3931 cme=2.1459 acc=0.9858 cells=158379
[ct_train] rechunked train graphs (seed=206)

=== Epoch 206/1000 ===
[train] loss=5.4476 cls=0.3938 cme=2.1544 acc=0.9861 cells=158379
[val]   loss=5.5812 eval=2.6157 cls=0.4108 cme=2.2049 acc=0.9758 cells=118036
[ct_train] early_stopping: no improve on val/eval_loss for 23/45 val checks
[ct_train] rechunked train graphs (seed=207)

=== Epoch 207/1000 ===
[train] loss=5.4364 cls=0.3931 cme=2.1499 acc=0.9861 cells=158379
[ct_train] rechunked train graphs (seed=208)

=== Epoch 208/1000 ===
[train] loss=5.4395 cls=0.3929 cme=2.1515 acc=0.9860 cells=158379
[val]   loss=5.5818 eval=2.6160 cls=0.4109 cme=2.2051 acc=0.9759 cells=118036
[ct_train] early_stopping: no improve on val/eval_loss for 24/45 val checks
[ct_train] rechunked train graphs (seed=209)

=== Epoch 209/1000 ===
[train] loss=5.4294 cls=0.3922 cme=2.1473 acc=0.9865 cells=158379
[ct_train] rechunked train graphs (seed=210)

=== Epoch 210/1000 ===
[train] loss=5.4349 cls=0.3920 cme=2.1498 acc=0.9867 cells=158379
[val]   loss=5.5812 eval=2.6160 cls=0.4113 cme=2.2047 acc=0.9759 cells=118036
[ct_train] early_stopping: no improve on val/eval_loss for 25/45 val checks
[ct_train] rechunked train graphs (seed=211)

=== Epoch 211/1000 ===
[train] loss=5.4287 cls=0.3924 cme=2.1469 acc=0.9863 cells=158379
[ct_train] rechunked train graphs (seed=212)

=== Epoch 212/1000 ===
[train] loss=5.4306 cls=0.3929 cme=2.1475 acc=0.9863 cells=158379
[val]   loss=5.5809 eval=2.6158 cls=0.4112 cme=2.2046 acc=0.9758 cells=118036
[ct_train] early_stopping: no improve on val/eval_loss for 26/45 val checks
[ct_train] rechunked train graphs (seed=213)

=== Epoch 213/1000 ===
[train] loss=5.4133 cls=0.3911 cme=2.1410 acc=0.9866 cells=158379
[ct_train] rechunked train graphs (seed=214)

=== Epoch 214/1000 ===
[train] loss=5.4303 cls=0.3911 cme=2.1481 acc=0.9868 cells=158379
[val]   loss=5.5820 eval=2.6164 cls=0.4113 cme=2.2051 acc=0.9759 cells=118036
[ct_train] early_stopping: no improve on val/eval_loss for 27/45 val checks
[ct_train] rechunked train graphs (seed=215)

=== Epoch 215/1000 ===
[train] loss=5.4284 cls=0.3914 cme=2.1472 acc=0.9864 cells=158379
[ct_train] rechunked train graphs (seed=216)

=== Epoch 216/1000 ===
[train] loss=5.4217 cls=0.3908 cme=2.1447 acc=0.9872 cells=158379
[val]   loss=5.5818 eval=2.6164 cls=0.4115 cme=2.2050 acc=0.9760 cells=118036
[ct_train] early_stopping: no improve on val/eval_loss for 28/45 val checks
[ct_train] rechunked train graphs (seed=217)

=== Epoch 217/1000 ===
[train] loss=5.4282 cls=0.3908 cme=2.1474 acc=0.9868 cells=158379
[ct_train] rechunked train graphs (seed=218)

=== Epoch 218/1000 ===
[train] loss=5.4255 cls=0.3914 cme=2.1461 acc=0.9868 cells=158379
[val]   loss=5.5824 eval=2.6167 cls=0.4115 cme=2.2052 acc=0.9760 cells=118036
[ct_train] early_stopping: no improve on val/eval_loss for 29/45 val checks
[ct_train] rechunked train graphs (seed=219)

=== Epoch 219/1000 ===
[train] loss=5.4249 cls=0.3910 cme=2.1458 acc=0.9869 cells=158379
[ct_train] rechunked train graphs (seed=220)

=== Epoch 220/1000 ===
[train] loss=5.4321 cls=0.3900 cme=2.1494 acc=0.9874 cells=158379
[val]   loss=5.5824 eval=2.6168 cls=0.4116 cme=2.2052 acc=0.9759 cells=118036
[ct_train] early_stopping: no improve on val/eval_loss for 30/45 val checks
[ct_train] rechunked train graphs (seed=221)

=== Epoch 221/1000 ===
[train] loss=5.4126 cls=0.3893 cme=2.1413 acc=0.9874 cells=158379
[ct_train] rechunked train graphs (seed=222)

=== Epoch 222/1000 ===
[train] loss=5.4031 cls=0.3892 cme=2.1374 acc=0.9875 cells=158379
[val]   loss=5.5836 eval=2.6174 cls=0.4116 cme=2.2057 acc=0.9760 cells=118036
[ct_train] early_stopping: no improve on val/eval_loss for 31/45 val checks
[ct_train] rechunked train graphs (seed=223)

=== Epoch 223/1000 ===
[train] loss=5.4182 cls=0.3898 cme=2.1435 acc=0.9872 cells=158379
[ct_train] rechunked train graphs (seed=224)

=== Epoch 224/1000 ===
[train] loss=5.4272 cls=0.3896 cme=2.1474 acc=0.9871 cells=158379
[val]   loss=5.5851 eval=2.6181 cls=0.4118 cme=2.2063 acc=0.9760 cells=118036
[ct_train] early_stopping: no improve on val/eval_loss for 32/45 val checks
[ct_train] rechunked train graphs (seed=225)

=== Epoch 225/1000 ===
[train] loss=5.4160 cls=0.3894 cme=2.1428 acc=0.9873 cells=158379
[ct_train] rechunked train graphs (seed=226)

=== Epoch 226/1000 ===
[train] loss=5.4265 cls=0.3895 cme=2.1472 acc=0.9876 cells=158379
[val]   loss=5.5865 eval=2.6188 cls=0.4120 cme=2.2068 acc=0.9759 cells=118036
[ct_train] early_stopping: no improve on val/eval_loss for 33/45 val checks
[ct_train] rechunked train graphs (seed=227)

=== Epoch 227/1000 ===
[train] loss=5.4086 cls=0.3901 cme=2.1394 acc=0.9869 cells=158379
[ct_train] rechunked train graphs (seed=228)

=== Epoch 228/1000 ===
[train] loss=5.4138 cls=0.3896 cme=2.1417 acc=0.9871 cells=158379
[val]   loss=5.5861 eval=2.6186 cls=0.4118 cme=2.2068 acc=0.9760 cells=118036
[ct_train] early_stopping: no improve on val/eval_loss for 34/45 val checks
[ct_train] rechunked train graphs (seed=229)

=== Epoch 229/1000 ===
[train] loss=5.4191 cls=0.3892 cme=2.1443 acc=0.9877 cells=158379
[ct_train] rechunked train graphs (seed=230)

=== Epoch 230/1000 ===
[train] loss=5.4166 cls=0.3888 cme=2.1433 acc=0.9876 cells=158379
[val]   loss=5.5858 eval=2.6186 cls=0.4121 cme=2.2065 acc=0.9759 cells=118036
[ct_train] early_stopping: no improve on val/eval_loss for 35/45 val checks
[ct_train] rechunked train graphs (seed=231)

=== Epoch 231/1000 ===
[train] loss=5.4035 cls=0.3887 cme=2.1379 acc=0.9876 cells=158379
[ct_train] rechunked train graphs (seed=232)

=== Epoch 232/1000 ===
[train] loss=5.4199 cls=0.3881 cme=2.1450 acc=0.9880 cells=158379
[val]   loss=5.5864 eval=2.6190 cls=0.4124 cme=2.2066 acc=0.9757 cells=118036
[ct_train] early_stopping: no improve on val/eval_loss for 36/45 val checks
[ct_train] rechunked train graphs (seed=233)

=== Epoch 233/1000 ===
[train] loss=5.4177 cls=0.3881 cme=2.1440 acc=0.9879 cells=158379
[ct_train] rechunked train graphs (seed=234)

=== Epoch 234/1000 ===
[train] loss=5.4277 cls=0.3882 cme=2.1484 acc=0.9876 cells=158379
[val]   loss=5.5836 eval=2.6178 cls=0.4124 cme=2.2054 acc=0.9758 cells=118036
[ct_train] early_stopping: no improve on val/eval_loss for 37/45 val checks
[ct_train] rechunked train graphs (seed=235)

=== Epoch 235/1000 ===
[train] loss=5.4126 cls=0.3876 cme=2.1422 acc=0.9879 cells=158379
[ct_train] rechunked train graphs (seed=236)

=== Epoch 236/1000 ===
[train] loss=5.4099 cls=0.3877 cme=2.1410 acc=0.9879 cells=158379
[val]   loss=5.5848 eval=2.6184 cls=0.4126 cme=2.2059 acc=0.9759 cells=118036
[ct_train] early_stopping: no improve on val/eval_loss for 38/45 val checks
[ct_train] rechunked train graphs (seed=237)

=== Epoch 237/1000 ===
[train] loss=5.4202 cls=0.3885 cme=2.1449 acc=0.9877 cells=158379
[ct_train] rechunked train graphs (seed=238)

=== Epoch 238/1000 ===
[train] loss=5.4008 cls=0.3869 cme=2.1374 acc=0.9880 cells=158379
[val]   loss=5.5862 eval=2.6192 cls=0.4127 cme=2.2064 acc=0.9759 cells=118036
[ct_train] early_stopping: no improve on val/eval_loss for 39/45 val checks
[ct_train] rechunked train graphs (seed=239)

=== Epoch 239/1000 ===
[train] loss=5.4035 cls=0.3874 cme=2.1382 acc=0.9879 cells=158379
[ct_train] rechunked train graphs (seed=240)

=== Epoch 240/1000 ===
[train] loss=5.3998 cls=0.3864 cme=2.1372 acc=0.9885 cells=158379
[val]   loss=5.5887 eval=2.6205 cls=0.4131 cme=2.2074 acc=0.9759 cells=118036
[ct_train] early_stopping: no improve on val/eval_loss for 40/45 val checks
[ct_train] rechunked train graphs (seed=241)

=== Epoch 241/1000 ===
[train] loss=5.4161 cls=0.3874 cme=2.1437 acc=0.9882 cells=158379
[ct_train] rechunked train graphs (seed=242)

=== Epoch 242/1000 ===
[train] loss=5.4108 cls=0.3867 cme=2.1416 acc=0.9884 cells=158379
[val]   loss=5.5895 eval=2.6209 cls=0.4132 cme=2.2077 acc=0.9757 cells=118036
[ct_train] early_stopping: no improve on val/eval_loss for 41/45 val checks
[ct_train] rechunked train graphs (seed=243)

=== Epoch 243/1000 ===
[train] loss=5.3981 cls=0.3877 cme=2.1359 acc=0.9882 cells=158379
[ct_train] rechunked train graphs (seed=244)

=== Epoch 244/1000 ===
[train] loss=5.4102 cls=0.3871 cme=2.1413 acc=0.9882 cells=158379
[val]   loss=5.5903 eval=2.6213 cls=0.4132 cme=2.2081 acc=0.9759 cells=118036
[ct_train] early_stopping: no improve on val/eval_loss for 42/45 val checks
[ct_train] rechunked train graphs (seed=245)

=== Epoch 245/1000 ===
[train] loss=5.3986 cls=0.3863 cme=2.1366 acc=0.9884 cells=158379
[ct_train] rechunked train graphs (seed=246)

=== Epoch 246/1000 ===
[train] loss=5.3931 cls=0.3860 cme=2.1344 acc=0.9884 cells=158379
[val]   loss=5.5912 eval=2.6216 cls=0.4131 cme=2.2086 acc=0.9760 cells=118036
[ct_train] early_stopping: no improve on val/eval_loss for 43/45 val checks
[ct_train] rechunked train graphs (seed=247)

=== Epoch 247/1000 ===
[train] loss=5.3992 cls=0.3853 cme=2.1374 acc=0.9887 cells=158379
[ct_train] rechunked train graphs (seed=248)

=== Epoch 248/1000 ===
[train] loss=5.4012 cls=0.3860 cme=2.1378 acc=0.9885 cells=158379
[val]   loss=5.5909 eval=2.6215 cls=0.4131 cme=2.2084 acc=0.9759 cells=118036
[ct_train] early_stopping: no improve on val/eval_loss for 44/45 val checks
[ct_train] rechunked train graphs (seed=249)

=== Epoch 249/1000 ===
[train] loss=5.4075 cls=0.3865 cme=2.1403 acc=0.9882 cells=158379
[ct_train] rechunked train graphs (seed=250)

=== Epoch 250/1000 ===
[train] loss=5.3994 cls=0.3859 cme=2.1372 acc=0.9885 cells=158379
[val]   loss=5.5912 eval=2.6218 cls=0.4134 cme=2.2084 acc=0.9759 cells=118036
[ct_train] early_stopping: no improve on val/eval_loss for 45/45 val checks
[ct_train] early stopping at epoch 250 (patience=45, monitor=val/eval_loss)

[ct_train] done. best_val_acc=0.9761  best_val_eval_loss=2.6134  checkpoints=/home/abel/code/Tissue-Reassembly-using-GenAI-and-new-metrics/exploration/cell_types/outputs/exp094_stage1_cme020  logs=/home/abel/code/Tissue-Reassembly-using-GenAI-and-new-metrics/exploration/cell_types/logs/exp094_stage1_cme020/20260808_020430
wandb: updating run metadata
wandb: uploading output.log; uploading wandb-summary.json; uploading config.yaml
wandb: uploading output.log
wandb: 
wandb: Run summary:
wandb:                      best_epoch 168
wandb:                    best_val_acc 0.97612
wandb:              best_val_eval_loss 2.61335
wandb:                           epoch 250
wandb:                              lr 0.00018
wandb:           model/parameter_count 1305308
wandb: model/trainable_parameter_count 1305308
wandb:                       train/acc 0.98852
wandb:       train/acc_per_class/Astro 0.99324
wandb:        train/acc_per_class/Endo 0.98583
wandb:                             +54 ...
wandb: 
wandb:  View run exp094_stage1_cme020 at: https://wandb.ai/abel-salmona-polytechnique-montr-al/cell_types/runs/cwiqgk89
wandb:  View project at: https://wandb.ai/abel-salmona-polytechnique-montr-al/cell_types
wandb: Synced 5 W&B file(s), 1 media file(s), 2 artifact file(s) and 1 other file(s)
wandb: Find logs at: ./exploration/cell_types/logs/exp094_stage1_cme020/20260808_020430/wandb/run-20260808_020438-cwiqgk89/logs
