[ct_train] config=exploration/cell_types/experiments/configs/exp164_bag_cme01.json
[ct_train] device=cuda  checkpoints=/home/abel/code/Tissue-Reassembly-using-GenAI-and-new-metrics/exploration/cell_types/outputs/exp164_bag_cme01
[ct_train] logs=/home/abel/code/Tissue-Reassembly-using-GenAI-and-new-metrics/exploration/cell_types/logs/exp164_bag_cme01/20260808_093903
[ct_train] Loading data …
[DataModule] Reading '/home/abel/biodata/MERFISH_LUNA_small_cortex/MERFISH_mouse_cortex_train.csv' (split=train) with float32 dtype on 254 gene cols + coord cols …
[DataModule] Loaded 158,379 rows for split=train.
[DataModule] Reading '/home/abel/biodata/MERFISH_LUNA_small_cortex/MERFISH_mouse_cortex_test.csv' (split=test) with float32 dtype on 254 gene cols + coord cols …
[DataModule] Loaded 118,036 rows for split=test.
[DataModule] Reading '/home/abel/biodata/MERFISH_LUNA_small_cortex/MERFISH_mouse_cortex_test.csv' (split=validation) with float32 dtype on 254 gene cols + coord cols …
[DataModule] Loaded 118,036 rows for split=validation.
[ct_train] genes=254  classes=23
[ct_train] model predict_cme=True  params=1,305,308
[ct_train] soft CME loaded split=train sigma=96.0 n=158379 C=23
[ct_train] soft CME loaded split=validation sigma=96.0 n=118036 C=23
[ct_train] soft CME loaded split=train sigma=50.0 n=158379 C=23
[ct_train] soft CME loaded split=train sigma=64.0 n=158379 C=23
[ct_train] soft CME loaded split=validation sigma=50.0 n=118036 C=23
[ct_train] soft CME loaded split=validation sigma=64.0 n=118036 C=23
wandb: [wandb.login()] Loaded credentials for https://api.wandb.ai from /home/abel/.netrc.
wandb: Currently logged in as: abel-salmona (abel-salmona-polytechnique-montr-al) to https://api.wandb.ai. Use `wandb login --relogin` to force relogin
wandb: WARNING Using a boolean value for 'reinit' is deprecated. Use 'return_previous' or 'finish_previous' instead.
wandb: Tracking run with wandb version 0.26.1
wandb: Run data is saved locally in /home/abel/code/Tissue-Reassembly-using-GenAI-and-new-metrics/exploration/cell_types/logs/exp164_bag_cme01/20260808_093903/wandb/run-20260808_093911-3hfwq753
wandb: Run `wandb offline` to turn off syncing.
wandb: Syncing run exp164_bag_cme01
wandb:  View project at https://wandb.ai/abel-salmona-polytechnique-montr-al/cell_types
wandb:  View run at https://wandb.ai/abel-salmona-polytechnique-montr-al/cell_types/runs/3hfwq753
wandb: WARNING Saving files without folders. If you want to preserve subdirectories pass base_path to wandb.save, i.e. wandb.save("/mnt/folder/file.h5", base_path="/mnt")
wandb: WARNING Symlinked 1 file into the W&B run directory; call wandb.save again to sync new files.
[ct_train] wandb: project=cell_types name=exp164_bag_cme01 mode=online url=https://wandb.ai/abel-salmona-polytechnique-montr-al/cell_types/runs/3hfwq753
[ct_train] parameters: total=1,305,308 trainable=1,305,308
  [params] mlp_in_node_features: 26,720
  [params] transformer_layers: 633,600
  [params] type_stage1: 28,320
  [params] env_stage1: 93,056
  [params] type_probe: 2,231
  [params] env_probe: 7,383
  [params] fusion_mlp: 383,008
  [params] type_stage2: 30,551
  [params] env_stage2: 100,439
[ct_train] EMA enabled decay=0.98
[ct_train] rechunked train graphs (seed=1)

=== Epoch 1/1000 ===
[train] loss=9.0851 cls=2.7695 cme=2.7803 acc=0.2303 cells=158379
[ct_train] rechunked train graphs (seed=2)

=== Epoch 2/1000 ===
[train] loss=7.6199 cls=1.8867 cme=2.5181 acc=0.6533 cells=158379
[val]   loss=8.6950 eval=5.2473 cls=2.5442 cme=2.7031 acc=0.4396 cells=118036
[ct_train] saved best checkpoint (val_eval_loss=5.2473 val_acc=0.4396)
[ct_train] rechunked train graphs (seed=3)

=== Epoch 3/1000 ===
[train] loss=6.7402 cls=1.2282 cme=2.4180 acc=0.7879 cells=158379
[ct_train] rechunked train graphs (seed=4)

=== Epoch 4/1000 ===
[train] loss=6.3346 cls=0.9178 cme=2.3750 acc=0.8614 cells=158379
[val]   loss=6.9856 eval=3.8103 cls=1.3460 cme=2.4644 acc=0.8117 cells=118036
[ct_train] saved best checkpoint (val_eval_loss=3.8103 val_acc=0.8117)
[ct_train] rechunked train graphs (seed=5)

=== Epoch 5/1000 ===
[train] loss=6.1145 cls=0.7678 cme=2.3432 acc=0.9053 cells=158379
[ct_train] rechunked train graphs (seed=6)

=== Epoch 6/1000 ===
[train] loss=6.0175 cls=0.6942 cme=2.3326 acc=0.9230 cells=158379
[val]   loss=6.2173 eval=3.1412 cls=0.7701 cme=2.3711 acc=0.9062 cells=118036
[ct_train] saved best checkpoint (val_eval_loss=3.1412 val_acc=0.9062)
[ct_train] rechunked train graphs (seed=7)

=== Epoch 7/1000 ===
[train] loss=5.9221 cls=0.6498 cme=2.3095 acc=0.9339 cells=158379
[ct_train] rechunked train graphs (seed=8)

=== Epoch 8/1000 ===
[train] loss=5.8563 cls=0.6203 cme=2.2930 acc=0.9398 cells=158379
[val]   loss=5.9419 eval=2.9103 cls=0.5828 cme=2.3275 acc=0.9362 cells=118036
[ct_train] saved best checkpoint (val_eval_loss=2.9103 val_acc=0.9362)
[ct_train] rechunked train graphs (seed=9)

=== Epoch 9/1000 ===
[train] loss=5.8392 cls=0.6070 cme=2.2912 acc=0.9437 cells=158379
[ct_train] rechunked train graphs (seed=10)

=== Epoch 10/1000 ===
[train] loss=5.8106 cls=0.5931 cme=2.2845 acc=0.9466 cells=158379
[val]   loss=5.8246 eval=2.8189 cls=0.5167 cme=2.3022 acc=0.9472 cells=118036
[ct_train] saved best checkpoint (val_eval_loss=2.8189 val_acc=0.9472)
[ct_train] rechunked train graphs (seed=11)

=== Epoch 11/1000 ===
[train] loss=5.7697 cls=0.5836 cme=2.2701 acc=0.9489 cells=158379
[ct_train] rechunked train graphs (seed=12)

=== Epoch 12/1000 ===
[train] loss=5.7622 cls=0.5759 cme=2.2703 acc=0.9511 cells=158379
[val]   loss=5.7634 eval=2.7747 cls=0.4886 cme=2.2861 acc=0.9535 cells=118036
[ct_train] saved best checkpoint (val_eval_loss=2.7747 val_acc=0.9535)
[ct_train] rechunked train graphs (seed=13)

=== Epoch 13/1000 ===
[train] loss=5.7459 cls=0.5687 cme=2.2661 acc=0.9532 cells=158379
[ct_train] rechunked train graphs (seed=14)

=== Epoch 14/1000 ===
[train] loss=5.7300 cls=0.5619 cme=2.2619 acc=0.9549 cells=158379
[val]   loss=5.7226 eval=2.7469 cls=0.4727 cme=2.2742 acc=0.9569 cells=118036
[ct_train] saved best checkpoint (val_eval_loss=2.7469 val_acc=0.9569)
[ct_train] rechunked train graphs (seed=15)

=== Epoch 15/1000 ===
[train] loss=5.7095 cls=0.5566 cme=2.2551 acc=0.9559 cells=158379
[ct_train] rechunked train graphs (seed=16)

=== Epoch 16/1000 ===
[train] loss=5.7026 cls=0.5539 cme=2.2531 acc=0.9566 cells=158379
[val]   loss=5.6924 eval=2.7272 cls=0.4623 cme=2.2648 acc=0.9591 cells=118036
[ct_train] saved best checkpoint (val_eval_loss=2.7272 val_acc=0.9591)
[ct_train] rechunked train graphs (seed=17)

=== Epoch 17/1000 ===
[train] loss=5.6848 cls=0.5481 cme=2.2480 acc=0.9577 cells=158379
[ct_train] rechunked train graphs (seed=18)

=== Epoch 18/1000 ===
[train] loss=5.6774 cls=0.5447 cme=2.2459 acc=0.9591 cells=158379
[val]   loss=5.6716 eval=2.7137 cls=0.4552 cme=2.2585 acc=0.9609 cells=118036
[ct_train] saved best checkpoint (val_eval_loss=2.7137 val_acc=0.9609)
[ct_train] rechunked train graphs (seed=19)

=== Epoch 19/1000 ===
[train] loss=5.6750 cls=0.5408 cme=2.2465 acc=0.9601 cells=158379
[ct_train] rechunked train graphs (seed=20)

=== Epoch 20/1000 ===
[train] loss=5.6645 cls=0.5390 cme=2.2425 acc=0.9602 cells=158379
[val]   loss=5.6566 eval=2.7039 cls=0.4499 cme=2.2539 acc=0.9627 cells=118036
[ct_train] saved best checkpoint (val_eval_loss=2.7039 val_acc=0.9627)
[ct_train] rechunked train graphs (seed=21)

=== Epoch 21/1000 ===
[train] loss=5.6645 cls=0.5358 cme=2.2440 acc=0.9610 cells=158379
[ct_train] rechunked train graphs (seed=22)

=== Epoch 22/1000 ===
[train] loss=5.6474 cls=0.5337 cme=2.2371 acc=0.9621 cells=158379
[val]   loss=5.6420 eval=2.6946 cls=0.4453 cme=2.2493 acc=0.9640 cells=118036
[ct_train] saved best checkpoint (val_eval_loss=2.6946 val_acc=0.9640)
[ct_train] rechunked train graphs (seed=23)

=== Epoch 23/1000 ===
[train] loss=5.6357 cls=0.5308 cme=2.2333 acc=0.9629 cells=158379
[ct_train] rechunked train graphs (seed=24)

=== Epoch 24/1000 ===
[train] loss=5.6332 cls=0.5288 cme=2.2330 acc=0.9638 cells=158379
[val]   loss=5.6287 eval=2.6863 cls=0.4413 cme=2.2450 acc=0.9655 cells=118036
[ct_train] saved best checkpoint (val_eval_loss=2.6863 val_acc=0.9655)
[ct_train] rechunked train graphs (seed=25)

=== Epoch 25/1000 ===
[train] loss=5.6322 cls=0.5261 cme=2.2337 acc=0.9642 cells=158379
[ct_train] rechunked train graphs (seed=26)

=== Epoch 26/1000 ===
[train] loss=5.6146 cls=0.5230 cme=2.2272 acc=0.9652 cells=158379
[val]   loss=5.6175 eval=2.6793 cls=0.4379 cme=2.2415 acc=0.9664 cells=118036
[ct_train] saved best checkpoint (val_eval_loss=2.6793 val_acc=0.9664)
[ct_train] rechunked train graphs (seed=27)

=== Epoch 27/1000 ===
[train] loss=5.6074 cls=0.5213 cme=2.2247 acc=0.9654 cells=158379
[ct_train] rechunked train graphs (seed=28)

=== Epoch 28/1000 ===
[train] loss=5.6002 cls=0.5193 cme=2.2223 acc=0.9661 cells=158379
[val]   loss=5.6076 eval=2.6733 cls=0.4350 cme=2.2383 acc=0.9671 cells=118036
[ct_train] saved best checkpoint (val_eval_loss=2.6733 val_acc=0.9671)
[ct_train] rechunked train graphs (seed=29)

=== Epoch 29/1000 ===
[train] loss=5.5976 cls=0.5177 cme=2.2219 acc=0.9664 cells=158379
[ct_train] rechunked train graphs (seed=30)

=== Epoch 30/1000 ===
[train] loss=5.5976 cls=0.5167 cme=2.2223 acc=0.9666 cells=158379
[val]   loss=5.5982 eval=2.6677 cls=0.4325 cme=2.2352 acc=0.9675 cells=118036
[ct_train] saved best checkpoint (val_eval_loss=2.6677 val_acc=0.9675)
[ct_train] rechunked train graphs (seed=31)

=== Epoch 31/1000 ===
[train] loss=5.5915 cls=0.5145 cme=2.2204 acc=0.9670 cells=158379
[ct_train] rechunked train graphs (seed=32)

=== Epoch 32/1000 ===
[train] loss=5.6118 cls=0.5150 cme=2.2295 acc=0.9671 cells=158379
[val]   loss=5.5912 eval=2.6633 cls=0.4304 cme=2.2329 acc=0.9682 cells=118036
[ct_train] saved best checkpoint (val_eval_loss=2.6633 val_acc=0.9682)
[ct_train] rechunked train graphs (seed=33)

=== Epoch 33/1000 ===
[train] loss=5.5880 cls=0.5104 cme=2.2208 acc=0.9682 cells=158379
[ct_train] rechunked train graphs (seed=34)

=== Epoch 34/1000 ===
[train] loss=5.5762 cls=0.5110 cme=2.2152 acc=0.9682 cells=158379
[val]   loss=5.5851 eval=2.6596 cls=0.4285 cme=2.2310 acc=0.9686 cells=118036
[ct_train] saved best checkpoint (val_eval_loss=2.6596 val_acc=0.9686)
[ct_train] rechunked train graphs (seed=35)

=== Epoch 35/1000 ===
[train] loss=5.5824 cls=0.5097 cme=2.2184 acc=0.9687 cells=158379
[ct_train] rechunked train graphs (seed=36)

=== Epoch 36/1000 ===
[train] loss=5.5739 cls=0.5073 cme=2.2156 acc=0.9690 cells=158379
[val]   loss=5.5796 eval=2.6563 cls=0.4271 cme=2.2292 acc=0.9689 cells=118036
[ct_train] saved best checkpoint (val_eval_loss=2.6563 val_acc=0.9689)
[ct_train] rechunked train graphs (seed=37)

=== Epoch 37/1000 ===
[train] loss=5.5685 cls=0.5095 cme=2.2124 acc=0.9687 cells=158379
[ct_train] rechunked train graphs (seed=38)

=== Epoch 38/1000 ===
[train] loss=5.5551 cls=0.5058 cme=2.2080 acc=0.9695 cells=158379
[val]   loss=5.5737 eval=2.6527 cls=0.4255 cme=2.2272 acc=0.9693 cells=118036
[ct_train] saved best checkpoint (val_eval_loss=2.6527 val_acc=0.9693)
[ct_train] rechunked train graphs (seed=39)

=== Epoch 39/1000 ===
[train] loss=5.5640 cls=0.5049 cme=2.2123 acc=0.9699 cells=158379
[ct_train] rechunked train graphs (seed=40)

=== Epoch 40/1000 ===
[train] loss=5.5597 cls=0.5038 cme=2.2108 acc=0.9699 cells=158379
[val]   loss=5.5686 eval=2.6496 cls=0.4241 cme=2.2255 acc=0.9697 cells=118036
[ct_train] saved best checkpoint (val_eval_loss=2.6496 val_acc=0.9697)
[ct_train] rechunked train graphs (seed=41)

=== Epoch 41/1000 ===
[train] loss=5.5475 cls=0.5030 cme=2.2058 acc=0.9699 cells=158379
[ct_train] rechunked train graphs (seed=42)

=== Epoch 42/1000 ===
[train] loss=5.5509 cls=0.5018 cme=2.2077 acc=0.9710 cells=158379
[val]   loss=5.5644 eval=2.6470 cls=0.4229 cme=2.2242 acc=0.9701 cells=118036
[ct_train] saved best checkpoint (val_eval_loss=2.6470 val_acc=0.9701)
[ct_train] rechunked train graphs (seed=43)

=== Epoch 43/1000 ===
[train] loss=5.5590 cls=0.5020 cme=2.2113 acc=0.9706 cells=158379
[ct_train] rechunked train graphs (seed=44)

=== Epoch 44/1000 ===
[train] loss=5.5416 cls=0.5007 cme=2.2043 acc=0.9711 cells=158379
[val]   loss=5.5606 eval=2.6447 cls=0.4218 cme=2.2230 acc=0.9703 cells=118036
[ct_train] saved best checkpoint (val_eval_loss=2.6447 val_acc=0.9703)
[ct_train] rechunked train graphs (seed=45)

=== Epoch 45/1000 ===
[train] loss=5.5475 cls=0.5000 cme=2.2070 acc=0.9711 cells=158379
[ct_train] rechunked train graphs (seed=46)

=== Epoch 46/1000 ===
[train] loss=5.5333 cls=0.4979 cme=2.2016 acc=0.9715 cells=158379
[val]   loss=5.5566 eval=2.6423 cls=0.4206 cme=2.2217 acc=0.9706 cells=118036
[ct_train] saved best checkpoint (val_eval_loss=2.6423 val_acc=0.9706)
[ct_train] rechunked train graphs (seed=47)

=== Epoch 47/1000 ===
[train] loss=5.5435 cls=0.4973 cme=2.2064 acc=0.9719 cells=158379
[ct_train] rechunked train graphs (seed=48)

=== Epoch 48/1000 ===
[train] loss=5.5282 cls=0.4962 cme=2.2000 acc=0.9724 cells=158379
[val]   loss=5.5533 eval=2.6403 cls=0.4196 cme=2.2206 acc=0.9710 cells=118036
[ct_train] saved best checkpoint (val_eval_loss=2.6403 val_acc=0.9710)
[ct_train] rechunked train graphs (seed=49)

=== Epoch 49/1000 ===
[train] loss=5.5359 cls=0.4963 cme=2.2035 acc=0.9725 cells=158379
[ct_train] rechunked train graphs (seed=50)

=== Epoch 50/1000 ===
[train] loss=5.5265 cls=0.4947 cme=2.1999 acc=0.9727 cells=158379
[val]   loss=5.5507 eval=2.6386 cls=0.4187 cme=2.2199 acc=0.9714 cells=118036
[ct_train] saved best checkpoint (val_eval_loss=2.6386 val_acc=0.9714)
[ct_train] rechunked train graphs (seed=51)

=== Epoch 51/1000 ===
[train] loss=5.5196 cls=0.4949 cme=2.1967 acc=0.9727 cells=158379
[ct_train] rechunked train graphs (seed=52)

=== Epoch 52/1000 ===
[train] loss=5.5181 cls=0.4936 cme=2.1967 acc=0.9732 cells=158379
[val]   loss=5.5484 eval=2.6372 cls=0.4180 cme=2.2192 acc=0.9715 cells=118036
[ct_train] saved best checkpoint (val_eval_loss=2.6372 val_acc=0.9715)
[ct_train] rechunked train graphs (seed=53)

=== Epoch 53/1000 ===
[train] loss=5.5180 cls=0.4924 cme=2.1971 acc=0.9734 cells=158379
[ct_train] rechunked train graphs (seed=54)

=== Epoch 54/1000 ===
[train] loss=5.5270 cls=0.4930 cme=2.2009 acc=0.9736 cells=158379
[val]   loss=5.5460 eval=2.6357 cls=0.4174 cme=2.2183 acc=0.9718 cells=118036
[ct_train] saved best checkpoint (val_eval_loss=2.6357 val_acc=0.9718)
[ct_train] rechunked train graphs (seed=55)

=== Epoch 55/1000 ===
[train] loss=5.5120 cls=0.4914 cme=2.1949 acc=0.9734 cells=158379
[ct_train] rechunked train graphs (seed=56)

=== Epoch 56/1000 ===
[train] loss=5.5170 cls=0.4909 cme=2.1972 acc=0.9740 cells=158379
[val]   loss=5.5429 eval=2.6340 cls=0.4168 cme=2.2172 acc=0.9720 cells=118036
[ct_train] saved best checkpoint (val_eval_loss=2.6340 val_acc=0.9720)
[ct_train] rechunked train graphs (seed=57)

=== Epoch 57/1000 ===
[train] loss=5.5105 cls=0.4907 cme=2.1944 acc=0.9737 cells=158379
[ct_train] rechunked train graphs (seed=58)

=== Epoch 58/1000 ===
[train] loss=5.5164 cls=0.4901 cme=2.1974 acc=0.9743 cells=158379
[val]   loss=5.5415 eval=2.6330 cls=0.4160 cme=2.2170 acc=0.9723 cells=118036
[ct_train] saved best checkpoint (val_eval_loss=2.6330 val_acc=0.9723)
[ct_train] rechunked train graphs (seed=59)

=== Epoch 59/1000 ===
[train] loss=5.5026 cls=0.4876 cme=2.1925 acc=0.9748 cells=158379
[ct_train] rechunked train graphs (seed=60)

=== Epoch 60/1000 ===
[train] loss=5.5220 cls=0.4892 cme=2.2003 acc=0.9744 cells=158379
[val]   loss=5.5396 eval=2.6318 cls=0.4155 cme=2.2163 acc=0.9725 cells=118036
[ct_train] saved best checkpoint (val_eval_loss=2.6318 val_acc=0.9725)
[ct_train] rechunked train graphs (seed=61)

=== Epoch 61/1000 ===
[train] loss=5.5101 cls=0.4885 cme=2.1953 acc=0.9747 cells=158379
[ct_train] rechunked train graphs (seed=62)

=== Epoch 62/1000 ===
[train] loss=5.5118 cls=0.4880 cme=2.1962 acc=0.9749 cells=158379
[val]   loss=5.5378 eval=2.6308 cls=0.4151 cme=2.2157 acc=0.9727 cells=118036
[ct_train] saved best checkpoint (val_eval_loss=2.6308 val_acc=0.9727)
[ct_train] rechunked train graphs (seed=63)

=== Epoch 63/1000 ===
[train] loss=5.5035 cls=0.4877 cme=2.1927 acc=0.9745 cells=158379
[ct_train] rechunked train graphs (seed=64)

=== Epoch 64/1000 ===
[train] loss=5.4910 cls=0.4861 cme=2.1878 acc=0.9751 cells=158379
[val]   loss=5.5363 eval=2.6299 cls=0.4147 cme=2.2152 acc=0.9727 cells=118036
[ct_train] saved best checkpoint (val_eval_loss=2.6299 val_acc=0.9727)
[ct_train] rechunked train graphs (seed=65)

=== Epoch 65/1000 ===
[train] loss=5.5007 cls=0.4857 cme=2.1923 acc=0.9755 cells=158379
[ct_train] rechunked train graphs (seed=66)

=== Epoch 66/1000 ===
[train] loss=5.5112 cls=0.4862 cme=2.1967 acc=0.9753 cells=158379
[val]   loss=5.5344 eval=2.6288 cls=0.4143 cme=2.2145 acc=0.9730 cells=118036
[ct_train] saved best checkpoint (val_eval_loss=2.6288 val_acc=0.9730)
[ct_train] rechunked train graphs (seed=67)

=== Epoch 67/1000 ===
[train] loss=5.5012 cls=0.4865 cme=2.1921 acc=0.9750 cells=158379
[ct_train] rechunked train graphs (seed=68)

=== Epoch 68/1000 ===
[train] loss=5.4956 cls=0.4848 cme=2.1903 acc=0.9755 cells=158379
[val]   loss=5.5336 eval=2.6282 cls=0.4139 cme=2.2144 acc=0.9731 cells=118036
[ct_train] saved best checkpoint (val_eval_loss=2.6282 val_acc=0.9731)
[ct_train] rechunked train graphs (seed=69)

=== Epoch 69/1000 ===
[train] loss=5.4841 cls=0.4835 cme=2.1856 acc=0.9756 cells=158379
[ct_train] rechunked train graphs (seed=70)

=== Epoch 70/1000 ===
[train] loss=5.4833 cls=0.4848 cme=2.1848 acc=0.9759 cells=158379
[val]   loss=5.5315 eval=2.6270 cls=0.4133 cme=2.2137 acc=0.9732 cells=118036
[ct_train] saved best checkpoint (val_eval_loss=2.6270 val_acc=0.9732)
[ct_train] rechunked train graphs (seed=71)

=== Epoch 71/1000 ===
[train] loss=5.4978 cls=0.4845 cme=2.1915 acc=0.9760 cells=158379
[ct_train] rechunked train graphs (seed=72)

=== Epoch 72/1000 ===
[train] loss=5.4877 cls=0.4831 cme=2.1875 acc=0.9759 cells=158379
[val]   loss=5.5297 eval=2.6260 cls=0.4131 cme=2.2129 acc=0.9733 cells=118036
[ct_train] saved best checkpoint (val_eval_loss=2.6260 val_acc=0.9733)
[ct_train] rechunked train graphs (seed=73)

=== Epoch 73/1000 ===
[train] loss=5.4948 cls=0.4834 cme=2.1905 acc=0.9756 cells=158379
[ct_train] rechunked train graphs (seed=74)

=== Epoch 74/1000 ===
[train] loss=5.4963 cls=0.4824 cme=2.1918 acc=0.9762 cells=158379
[val]   loss=5.5283 eval=2.6251 cls=0.4127 cme=2.2125 acc=0.9734 cells=118036
[ct_train] saved best checkpoint (val_eval_loss=2.6251 val_acc=0.9734)
[ct_train] rechunked train graphs (seed=75)

=== Epoch 75/1000 ===
[train] loss=5.4729 cls=0.4807 cme=2.1821 acc=0.9761 cells=158379
[ct_train] rechunked train graphs (seed=76)

=== Epoch 76/1000 ===
[train] loss=5.4821 cls=0.4821 cme=2.1853 acc=0.9754 cells=158379
[val]   loss=5.5279 eval=2.6248 cls=0.4124 cme=2.2124 acc=0.9734 cells=118036
[ct_train] saved best checkpoint (val_eval_loss=2.6248 val_acc=0.9734)
[ct_train] rechunked train graphs (seed=77)

=== Epoch 77/1000 ===
[train] loss=5.4765 cls=0.4804 cme=2.1837 acc=0.9768 cells=158379
[ct_train] rechunked train graphs (seed=78)

=== Epoch 78/1000 ===
[train] loss=5.4768 cls=0.4795 cme=2.1842 acc=0.9767 cells=158379
[val]   loss=5.5251 eval=2.6233 cls=0.4118 cme=2.2115 acc=0.9735 cells=118036
[ct_train] saved best checkpoint (val_eval_loss=2.6233 val_acc=0.9735)
[ct_train] rechunked train graphs (seed=79)

=== Epoch 79/1000 ===
[train] loss=5.4833 cls=0.4794 cme=2.1870 acc=0.9769 cells=158379
[ct_train] rechunked train graphs (seed=80)

=== Epoch 80/1000 ===
[train] loss=5.4690 cls=0.4797 cme=2.1808 acc=0.9767 cells=158379
[val]   loss=5.5238 eval=2.6226 cls=0.4115 cme=2.2110 acc=0.9737 cells=118036
[ct_train] saved best checkpoint (val_eval_loss=2.6226 val_acc=0.9737)
[ct_train] rechunked train graphs (seed=81)

=== Epoch 81/1000 ===
[train] loss=5.4681 cls=0.4790 cme=2.1804 acc=0.9769 cells=158379
[ct_train] rechunked train graphs (seed=82)

=== Epoch 82/1000 ===
[train] loss=5.4665 cls=0.4783 cme=2.1801 acc=0.9774 cells=158379
[val]   loss=5.5228 eval=2.6220 cls=0.4113 cme=2.2107 acc=0.9738 cells=118036
[ct_train] saved best checkpoint (val_eval_loss=2.6220 val_acc=0.9738)
[ct_train] rechunked train graphs (seed=83)

=== Epoch 83/1000 ===
[train] loss=5.4724 cls=0.4781 cme=2.1827 acc=0.9773 cells=158379
[ct_train] rechunked train graphs (seed=84)

=== Epoch 84/1000 ===
[train] loss=5.4656 cls=0.4778 cme=2.1800 acc=0.9777 cells=158379
[val]   loss=5.5225 eval=2.6217 cls=0.4111 cme=2.2107 acc=0.9739 cells=118036
[ct_train] saved best checkpoint (val_eval_loss=2.6217 val_acc=0.9739)
[ct_train] early_stopping: no improve on val/eval_loss for 1/45 val checks
[ct_train] rechunked train graphs (seed=85)

=== Epoch 85/1000 ===
[train] loss=5.4597 cls=0.4769 cme=2.1776 acc=0.9779 cells=158379
[ct_train] rechunked train graphs (seed=86)

=== Epoch 86/1000 ===
[train] loss=5.4748 cls=0.4769 cme=2.1844 acc=0.9774 cells=158379
[val]   loss=5.5211 eval=2.6210 cls=0.4108 cme=2.2102 acc=0.9740 cells=118036
[ct_train] saved best checkpoint (val_eval_loss=2.6210 val_acc=0.9740)
[ct_train] rechunked train graphs (seed=87)

=== Epoch 87/1000 ===
[train] loss=5.4674 cls=0.4770 cme=2.1811 acc=0.9775 cells=158379
[ct_train] rechunked train graphs (seed=88)

=== Epoch 88/1000 ===
[train] loss=5.4696 cls=0.4765 cme=2.1823 acc=0.9779 cells=158379
[val]   loss=5.5200 eval=2.6203 cls=0.4105 cme=2.2098 acc=0.9742 cells=118036
[ct_train] saved best checkpoint (val_eval_loss=2.6203 val_acc=0.9742)
[ct_train] rechunked train graphs (seed=89)

=== Epoch 89/1000 ===
[train] loss=5.4659 cls=0.4761 cme=2.1807 acc=0.9782 cells=158379
[ct_train] rechunked train graphs (seed=90)

=== Epoch 90/1000 ===
[train] loss=5.4659 cls=0.4748 cme=2.1814 acc=0.9783 cells=158379
[val]   loss=5.5192 eval=2.6199 cls=0.4102 cme=2.2096 acc=0.9742 cells=118036
[ct_train] saved best checkpoint (val_eval_loss=2.6199 val_acc=0.9742)
[ct_train] rechunked train graphs (seed=91)

=== Epoch 91/1000 ===
[train] loss=5.4564 cls=0.4735 cme=2.1776 acc=0.9785 cells=158379
[ct_train] rechunked train graphs (seed=92)

=== Epoch 92/1000 ===
[train] loss=5.4577 cls=0.4739 cme=2.1779 acc=0.9787 cells=158379
[val]   loss=5.5174 eval=2.6188 cls=0.4098 cme=2.2090 acc=0.9744 cells=118036
[ct_train] saved best checkpoint (val_eval_loss=2.6188 val_acc=0.9744)
[ct_train] rechunked train graphs (seed=93)

=== Epoch 93/1000 ===
[train] loss=5.4633 cls=0.4747 cme=2.1802 acc=0.9785 cells=158379
[ct_train] rechunked train graphs (seed=94)

=== Epoch 94/1000 ===
[train] loss=5.4504 cls=0.4736 cme=2.1748 acc=0.9785 cells=158379
[val]   loss=5.5173 eval=2.6187 cls=0.4098 cme=2.2089 acc=0.9744 cells=118036
[ct_train] saved best checkpoint (val_eval_loss=2.6187 val_acc=0.9744)
[ct_train] early_stopping: no improve on val/eval_loss for 1/45 val checks
[ct_train] rechunked train graphs (seed=95)

=== Epoch 95/1000 ===
[train] loss=5.4754 cls=0.4749 cme=2.1855 acc=0.9783 cells=158379
[ct_train] rechunked train graphs (seed=96)

=== Epoch 96/1000 ===
[train] loss=5.4620 cls=0.4737 cme=2.1802 acc=0.9787 cells=158379
[val]   loss=5.5163 eval=2.6182 cls=0.4095 cme=2.2086 acc=0.9744 cells=118036
[ct_train] saved best checkpoint (val_eval_loss=2.6182 val_acc=0.9744)
[ct_train] rechunked train graphs (seed=97)

=== Epoch 97/1000 ===
[train] loss=5.4544 cls=0.4722 cme=2.1771 acc=0.9789 cells=158379
[ct_train] rechunked train graphs (seed=98)

=== Epoch 98/1000 ===
[train] loss=5.4495 cls=0.4744 cme=2.1743 acc=0.9787 cells=158379
[val]   loss=5.5158 eval=2.6178 cls=0.4092 cme=2.2086 acc=0.9746 cells=118036
[ct_train] saved best checkpoint (val_eval_loss=2.6178 val_acc=0.9746)
[ct_train] rechunked train graphs (seed=99)

=== Epoch 99/1000 ===
[train] loss=5.4402 cls=0.4737 cme=2.1702 acc=0.9787 cells=158379
[ct_train] rechunked train graphs (seed=100)

=== Epoch 100/1000 ===
[train] loss=5.4427 cls=0.4721 cme=2.1719 acc=0.9791 cells=158379
[val]   loss=5.5150 eval=2.6173 cls=0.4090 cme=2.2084 acc=0.9746 cells=118036
[ct_train] saved best checkpoint (val_eval_loss=2.6173 val_acc=0.9746)
[ct_train] rechunked train graphs (seed=101)

=== Epoch 101/1000 ===
[train] loss=5.4605 cls=0.4721 cme=2.1802 acc=0.9796 cells=158379
[ct_train] rechunked train graphs (seed=102)

=== Epoch 102/1000 ===
[train] loss=5.4438 cls=0.4708 cme=2.1732 acc=0.9796 cells=158379
[val]   loss=5.5145 eval=2.6170 cls=0.4088 cme=2.2082 acc=0.9748 cells=118036
[ct_train] saved best checkpoint (val_eval_loss=2.6170 val_acc=0.9748)
[ct_train] rechunked train graphs (seed=103)

=== Epoch 103/1000 ===
[train] loss=5.4541 cls=0.4710 cme=2.1776 acc=0.9792 cells=158379
[ct_train] rechunked train graphs (seed=104)

=== Epoch 104/1000 ===
[train] loss=5.4419 cls=0.4708 cme=2.1724 acc=0.9795 cells=158379
[val]   loss=5.5136 eval=2.6165 cls=0.4086 cme=2.2080 acc=0.9749 cells=118036
[ct_train] saved best checkpoint (val_eval_loss=2.6165 val_acc=0.9749)
[ct_train] rechunked train graphs (seed=105)

=== Epoch 105/1000 ===
[train] loss=5.4417 cls=0.4711 cme=2.1721 acc=0.9796 cells=158379
[ct_train] rechunked train graphs (seed=106)

=== Epoch 106/1000 ===
[train] loss=5.4424 cls=0.4704 cme=2.1727 acc=0.9794 cells=158379
[val]   loss=5.5138 eval=2.6165 cls=0.4084 cme=2.2081 acc=0.9749 cells=118036
[ct_train] saved best checkpoint (val_eval_loss=2.6165 val_acc=0.9749)
[ct_train] early_stopping: no improve on val/eval_loss for 1/45 val checks
[ct_train] rechunked train graphs (seed=107)

=== Epoch 107/1000 ===
[train] loss=5.4374 cls=0.4692 cme=2.1709 acc=0.9802 cells=158379
[ct_train] rechunked train graphs (seed=108)

=== Epoch 108/1000 ===
[train] loss=5.4519 cls=0.4701 cme=2.1771 acc=0.9796 cells=158379
[val]   loss=5.5131 eval=2.6162 cls=0.4083 cme=2.2078 acc=0.9750 cells=118036
[ct_train] saved best checkpoint (val_eval_loss=2.6162 val_acc=0.9750)
[ct_train] rechunked train graphs (seed=109)

=== Epoch 109/1000 ===
[train] loss=5.4356 cls=0.4686 cme=2.1704 acc=0.9802 cells=158379
[ct_train] rechunked train graphs (seed=110)

=== Epoch 110/1000 ===
[train] loss=5.4379 cls=0.4688 cme=2.1713 acc=0.9801 cells=158379
[val]   loss=5.5123 eval=2.6157 cls=0.4081 cme=2.2076 acc=0.9751 cells=118036
[ct_train] saved best checkpoint (val_eval_loss=2.6157 val_acc=0.9751)
[ct_train] rechunked train graphs (seed=111)

=== Epoch 111/1000 ===
[train] loss=5.4306 cls=0.4683 cme=2.1685 acc=0.9800 cells=158379
[ct_train] rechunked train graphs (seed=112)

=== Epoch 112/1000 ===
[train] loss=5.4281 cls=0.4682 cme=2.1671 acc=0.9801 cells=158379
[val]   loss=5.5109 eval=2.6150 cls=0.4080 cme=2.2070 acc=0.9750 cells=118036
[ct_train] saved best checkpoint (val_eval_loss=2.6150 val_acc=0.9751)
[ct_train] rechunked train graphs (seed=113)

=== Epoch 113/1000 ===
[train] loss=5.4364 cls=0.4680 cme=2.1710 acc=0.9803 cells=158379
[ct_train] rechunked train graphs (seed=114)

=== Epoch 114/1000 ===
[train] loss=5.4366 cls=0.4683 cme=2.1708 acc=0.9800 cells=158379
[val]   loss=5.5104 eval=2.6147 cls=0.4078 cme=2.2069 acc=0.9750 cells=118036
[ct_train] saved best checkpoint (val_eval_loss=2.6147 val_acc=0.9751)
[ct_train] rechunked train graphs (seed=115)

=== Epoch 115/1000 ===
[train] loss=5.4287 cls=0.4682 cme=2.1675 acc=0.9803 cells=158379
[ct_train] rechunked train graphs (seed=116)

=== Epoch 116/1000 ===
[train] loss=5.4283 cls=0.4680 cme=2.1673 acc=0.9802 cells=158379
[val]   loss=5.5096 eval=2.6143 cls=0.4077 cme=2.2066 acc=0.9750 cells=118036
[ct_train] saved best checkpoint (val_eval_loss=2.6143 val_acc=0.9751)
[ct_train] rechunked train graphs (seed=117)

=== Epoch 117/1000 ===
[train] loss=5.4310 cls=0.4670 cme=2.1691 acc=0.9810 cells=158379
[ct_train] rechunked train graphs (seed=118)

=== Epoch 118/1000 ===
[train] loss=5.4269 cls=0.4663 cme=2.1674 acc=0.9809 cells=158379
[val]   loss=5.5095 eval=2.6142 cls=0.4077 cme=2.2066 acc=0.9752 cells=118036
[ct_train] saved best checkpoint (val_eval_loss=2.6142 val_acc=0.9752)
[ct_train] early_stopping: no improve on val/eval_loss for 1/45 val checks
[ct_train] rechunked train graphs (seed=119)

=== Epoch 119/1000 ===
[train] loss=5.4132 cls=0.4648 cme=2.1621 acc=0.9810 cells=158379
[ct_train] rechunked train graphs (seed=120)

=== Epoch 120/1000 ===
[train] loss=5.4142 cls=0.4653 cme=2.1623 acc=0.9811 cells=158379
[val]   loss=5.5092 eval=2.6140 cls=0.4074 cme=2.2066 acc=0.9752 cells=118036
[ct_train] saved best checkpoint (val_eval_loss=2.6140 val_acc=0.9752)
[ct_train] early_stopping: no improve on val/eval_loss for 2/45 val checks
[ct_train] rechunked train graphs (seed=121)

=== Epoch 121/1000 ===
[train] loss=5.4287 cls=0.4660 cme=2.1684 acc=0.9809 cells=158379
[ct_train] rechunked train graphs (seed=122)

=== Epoch 122/1000 ===
[train] loss=5.4107 cls=0.4654 cme=2.1606 acc=0.9809 cells=158379
[val]   loss=5.5083 eval=2.6136 cls=0.4073 cme=2.2063 acc=0.9753 cells=118036
[ct_train] saved best checkpoint (val_eval_loss=2.6136 val_acc=0.9753)
[ct_train] rechunked train graphs (seed=123)

=== Epoch 123/1000 ===
[train] loss=5.4219 cls=0.4651 cme=2.1656 acc=0.9815 cells=158379
[ct_train] rechunked train graphs (seed=124)

=== Epoch 124/1000 ===
[train] loss=5.4257 cls=0.4647 cme=2.1677 acc=0.9815 cells=158379
[val]   loss=5.5083 eval=2.6137 cls=0.4073 cme=2.2063 acc=0.9753 cells=118036
[ct_train] early_stopping: no improve on val/eval_loss for 1/45 val checks
[ct_train] rechunked train graphs (seed=125)

=== Epoch 125/1000 ===
[train] loss=5.4222 cls=0.4654 cme=2.1658 acc=0.9812 cells=158379
[ct_train] rechunked train graphs (seed=126)

=== Epoch 126/1000 ===
[train] loss=5.4191 cls=0.4645 cme=2.1648 acc=0.9814 cells=158379
[val]   loss=5.5078 eval=2.6133 cls=0.4072 cme=2.2062 acc=0.9754 cells=118036
[ct_train] saved best checkpoint (val_eval_loss=2.6133 val_acc=0.9754)
[ct_train] early_stopping: no improve on val/eval_loss for 2/45 val checks
[ct_train] rechunked train graphs (seed=127)

=== Epoch 127/1000 ===
[train] loss=5.4405 cls=0.4648 cme=2.1743 acc=0.9812 cells=158379
[ct_train] rechunked train graphs (seed=128)

=== Epoch 128/1000 ===
[train] loss=5.4217 cls=0.4642 cme=2.1660 acc=0.9815 cells=158379
[val]   loss=5.5062 eval=2.6125 cls=0.4070 cme=2.2055 acc=0.9754 cells=118036
[ct_train] saved best checkpoint (val_eval_loss=2.6125 val_acc=0.9754)
[ct_train] rechunked train graphs (seed=129)

=== Epoch 129/1000 ===
[train] loss=5.4217 cls=0.4634 cme=2.1666 acc=0.9818 cells=158379
[ct_train] rechunked train graphs (seed=130)

=== Epoch 130/1000 ===
[train] loss=5.4201 cls=0.4628 cme=2.1658 acc=0.9822 cells=158379
[val]   loss=5.5057 eval=2.6123 cls=0.4070 cme=2.2053 acc=0.9756 cells=118036
[ct_train] saved best checkpoint (val_eval_loss=2.6123 val_acc=0.9756)
[ct_train] early_stopping: no improve on val/eval_loss for 1/45 val checks
[ct_train] rechunked train graphs (seed=131)

=== Epoch 131/1000 ===
[train] loss=5.4134 cls=0.4628 cme=2.1629 acc=0.9818 cells=158379
[ct_train] rechunked train graphs (seed=132)

=== Epoch 132/1000 ===
[train] loss=5.4083 cls=0.4629 cme=2.1605 acc=0.9819 cells=158379
[val]   loss=5.5059 eval=2.6124 cls=0.4069 cme=2.2054 acc=0.9755 cells=118036
[ct_train] early_stopping: no improve on val/eval_loss for 2/45 val checks
[ct_train] rechunked train graphs (seed=133)

=== Epoch 133/1000 ===
[train] loss=5.4208 cls=0.4625 cme=2.1664 acc=0.9819 cells=158379
[ct_train] rechunked train graphs (seed=134)

=== Epoch 134/1000 ===
[train] loss=5.4172 cls=0.4635 cme=2.1644 acc=0.9819 cells=158379
[val]   loss=5.5065 eval=2.6128 cls=0.4071 cme=2.2057 acc=0.9756 cells=118036
[ct_train] early_stopping: no improve on val/eval_loss for 3/45 val checks
[ct_train] rechunked train graphs (seed=135)

=== Epoch 135/1000 ===
[train] loss=5.4108 cls=0.4616 cme=2.1623 acc=0.9824 cells=158379
[ct_train] rechunked train graphs (seed=136)

=== Epoch 136/1000 ===
[train] loss=5.4116 cls=0.4614 cme=2.1629 acc=0.9826 cells=158379
[val]   loss=5.5069 eval=2.6130 cls=0.4072 cme=2.2058 acc=0.9756 cells=118036
[ct_train] early_stopping: no improve on val/eval_loss for 4/45 val checks
[ct_train] rechunked train graphs (seed=137)

=== Epoch 137/1000 ===
[train] loss=5.4256 cls=0.4619 cme=2.1688 acc=0.9824 cells=158379
[ct_train] rechunked train graphs (seed=138)

=== Epoch 138/1000 ===
[train] loss=5.4043 cls=0.4616 cme=2.1593 acc=0.9825 cells=158379
[val]   loss=5.5055 eval=2.6122 cls=0.4069 cme=2.2053 acc=0.9756 cells=118036
[ct_train] saved best checkpoint (val_eval_loss=2.6122 val_acc=0.9756)
[ct_train] early_stopping: no improve on val/eval_loss for 5/45 val checks
[ct_train] rechunked train graphs (seed=139)

=== Epoch 139/1000 ===
[train] loss=5.4093 cls=0.4615 cme=2.1618 acc=0.9825 cells=158379
[ct_train] rechunked train graphs (seed=140)

=== Epoch 140/1000 ===
[train] loss=5.4039 cls=0.4610 cme=2.1594 acc=0.9826 cells=158379
[val]   loss=5.5061 eval=2.6125 cls=0.4070 cme=2.2056 acc=0.9756 cells=118036
[ct_train] early_stopping: no improve on val/eval_loss for 6/45 val checks
[ct_train] rechunked train graphs (seed=141)

=== Epoch 141/1000 ===
[train] loss=5.4021 cls=0.4606 cme=2.1588 acc=0.9828 cells=158379
[ct_train] rechunked train graphs (seed=142)

=== Epoch 142/1000 ===
[train] loss=5.4050 cls=0.4601 cme=2.1603 acc=0.9828 cells=158379
[val]   loss=5.5046 eval=2.6119 cls=0.4071 cme=2.2049 acc=0.9755 cells=118036
[ct_train] saved best checkpoint (val_eval_loss=2.6119 val_acc=0.9756)
[ct_train] early_stopping: no improve on val/eval_loss for 7/45 val checks
[ct_train] rechunked train graphs (seed=143)

=== Epoch 143/1000 ===
[train] loss=5.3955 cls=0.4600 cme=2.1560 acc=0.9827 cells=158379
[ct_train] rechunked train graphs (seed=144)

=== Epoch 144/1000 ===
[train] loss=5.4050 cls=0.4613 cme=2.1598 acc=0.9826 cells=158379
[val]   loss=5.5046 eval=2.6121 cls=0.4072 cme=2.2048 acc=0.9756 cells=118036
[ct_train] early_stopping: no improve on val/eval_loss for 8/45 val checks
[ct_train] rechunked train graphs (seed=145)

=== Epoch 145/1000 ===
[train] loss=5.4101 cls=0.4602 cme=2.1625 acc=0.9826 cells=158379
[ct_train] rechunked train graphs (seed=146)

=== Epoch 146/1000 ===
[train] loss=5.3970 cls=0.4596 cme=2.1569 acc=0.9830 cells=158379
[val]   loss=5.5044 eval=2.6119 cls=0.4071 cme=2.2048 acc=0.9756 cells=118036
[ct_train] saved best checkpoint (val_eval_loss=2.6119 val_acc=0.9756)
[ct_train] early_stopping: no improve on val/eval_loss for 9/45 val checks
[ct_train] rechunked train graphs (seed=147)

=== Epoch 147/1000 ===
[train] loss=5.4078 cls=0.4594 cme=2.1620 acc=0.9832 cells=158379
[ct_train] rechunked train graphs (seed=148)

=== Epoch 148/1000 ===
[train] loss=5.4180 cls=0.4596 cme=2.1664 acc=0.9828 cells=158379
[val]   loss=5.5038 eval=2.6116 cls=0.4071 cme=2.2045 acc=0.9756 cells=118036
[ct_train] saved best checkpoint (val_eval_loss=2.6116 val_acc=0.9756)
[ct_train] early_stopping: no improve on val/eval_loss for 10/45 val checks
[ct_train] rechunked train graphs (seed=149)

=== Epoch 149/1000 ===
[train] loss=5.3984 cls=0.4593 cme=2.1579 acc=0.9831 cells=158379
[ct_train] rechunked train graphs (seed=150)

=== Epoch 150/1000 ===
[train] loss=5.3912 cls=0.4581 cme=2.1552 acc=0.9836 cells=158379
[val]   loss=5.5031 eval=2.6114 cls=0.4071 cme=2.2042 acc=0.9755 cells=118036
[ct_train] saved best checkpoint (val_eval_loss=2.6114 val_acc=0.9756)
[ct_train] early_stopping: no improve on val/eval_loss for 11/45 val checks
[ct_train] rechunked train graphs (seed=151)

=== Epoch 151/1000 ===
[train] loss=5.4067 cls=0.4585 cme=2.1618 acc=0.9836 cells=158379
[ct_train] rechunked train graphs (seed=152)

=== Epoch 152/1000 ===
[train] loss=5.4169 cls=0.4589 cme=2.1663 acc=0.9832 cells=158379
[val]   loss=5.5036 eval=2.6115 cls=0.4070 cme=2.2045 acc=0.9757 cells=118036
[ct_train] early_stopping: no improve on val/eval_loss for 12/45 val checks
[ct_train] rechunked train graphs (seed=153)

=== Epoch 153/1000 ===
[train] loss=5.3967 cls=0.4586 cme=2.1572 acc=0.9834 cells=158379
[ct_train] rechunked train graphs (seed=154)

=== Epoch 154/1000 ===
[train] loss=5.3928 cls=0.4585 cme=2.1555 acc=0.9832 cells=158379
[val]   loss=5.5031 eval=2.6113 cls=0.4070 cme=2.2043 acc=0.9757 cells=118036
[ct_train] saved best checkpoint (val_eval_loss=2.6113 val_acc=0.9757)
[ct_train] early_stopping: no improve on val/eval_loss for 13/45 val checks
[ct_train] rechunked train graphs (seed=155)

=== Epoch 155/1000 ===
[train] loss=5.4028 cls=0.4582 cme=2.1602 acc=0.9839 cells=158379
[ct_train] rechunked train graphs (seed=156)

=== Epoch 156/1000 ===
[train] loss=5.3921 cls=0.4576 cme=2.1556 acc=0.9841 cells=158379
[val]   loss=5.5038 eval=2.6117 cls=0.4073 cme=2.2044 acc=0.9755 cells=118036
[ct_train] early_stopping: no improve on val/eval_loss for 14/45 val checks
[ct_train] rechunked train graphs (seed=157)

=== Epoch 157/1000 ===
[train] loss=5.3916 cls=0.4572 cme=2.1555 acc=0.9837 cells=158379
[ct_train] rechunked train graphs (seed=158)

=== Epoch 158/1000 ===
[train] loss=5.3928 cls=0.4568 cme=2.1563 acc=0.9841 cells=158379
[val]   loss=5.5031 eval=2.6115 cls=0.4073 cme=2.2042 acc=0.9754 cells=118036
[ct_train] early_stopping: no improve on val/eval_loss for 15/45 val checks
[ct_train] rechunked train graphs (seed=159)

=== Epoch 159/1000 ===
[train] loss=5.3807 cls=0.4557 cme=2.1512 acc=0.9842 cells=158379
[ct_train] rechunked train graphs (seed=160)

=== Epoch 160/1000 ===
[train] loss=5.3954 cls=0.4565 cme=2.1576 acc=0.9841 cells=158379
[val]   loss=5.5031 eval=2.6115 cls=0.4073 cme=2.2042 acc=0.9757 cells=118036
[ct_train] early_stopping: no improve on val/eval_loss for 16/45 val checks
[ct_train] rechunked train graphs (seed=161)

=== Epoch 161/1000 ===
[train] loss=5.3913 cls=0.4560 cme=2.1560 acc=0.9844 cells=158379
[ct_train] rechunked train graphs (seed=162)

=== Epoch 162/1000 ===
[train] loss=5.3942 cls=0.4562 cme=2.1572 acc=0.9841 cells=158379
[val]   loss=5.5022 eval=2.6111 cls=0.4074 cme=2.2038 acc=0.9756 cells=118036
[ct_train] saved best checkpoint (val_eval_loss=2.6111 val_acc=0.9757)
[ct_train] early_stopping: no improve on val/eval_loss for 17/45 val checks
[ct_train] rechunked train graphs (seed=163)

=== Epoch 163/1000 ===
[train] loss=5.3848 cls=0.4559 cme=2.1530 acc=0.9843 cells=158379
[ct_train] rechunked train graphs (seed=164)

=== Epoch 164/1000 ===
[train] loss=5.3841 cls=0.4559 cme=2.1527 acc=0.9843 cells=158379
[val]   loss=5.5018 eval=2.6109 cls=0.4073 cme=2.2036 acc=0.9757 cells=118036
[ct_train] saved best checkpoint (val_eval_loss=2.6109 val_acc=0.9757)
[ct_train] early_stopping: no improve on val/eval_loss for 18/45 val checks
[ct_train] rechunked train graphs (seed=165)

=== Epoch 165/1000 ===
[train] loss=5.3784 cls=0.4550 cme=2.1506 acc=0.9848 cells=158379
[ct_train] rechunked train graphs (seed=166)

=== Epoch 166/1000 ===
[train] loss=5.3804 cls=0.4550 cme=2.1517 acc=0.9842 cells=158379
[val]   loss=5.5025 eval=2.6113 cls=0.4073 cme=2.2040 acc=0.9757 cells=118036
[ct_train] early_stopping: no improve on val/eval_loss for 19/45 val checks
[ct_train] rechunked train graphs (seed=167)

=== Epoch 167/1000 ===
[train] loss=5.3931 cls=0.4557 cme=2.1568 acc=0.9845 cells=158379
[ct_train] rechunked train graphs (seed=168)

=== Epoch 168/1000 ===
[train] loss=5.3812 cls=0.4540 cme=2.1525 acc=0.9847 cells=158379
[val]   loss=5.5029 eval=2.6114 cls=0.4072 cme=2.2042 acc=0.9758 cells=118036
[ct_train] early_stopping: no improve on val/eval_loss for 20/45 val checks
[ct_train] rechunked train graphs (seed=169)

=== Epoch 169/1000 ===
[train] loss=5.3754 cls=0.4540 cme=2.1496 acc=0.9849 cells=158379
[ct_train] rechunked train graphs (seed=170)

=== Epoch 170/1000 ===
[train] loss=5.3886 cls=0.4552 cme=2.1550 acc=0.9844 cells=158379
[val]   loss=5.5023 eval=2.6113 cls=0.4074 cme=2.2038 acc=0.9756 cells=118036
[ct_train] early_stopping: no improve on val/eval_loss for 21/45 val checks
[ct_train] rechunked train graphs (seed=171)

=== Epoch 171/1000 ===
[train] loss=5.3761 cls=0.4537 cme=2.1500 acc=0.9847 cells=158379
[ct_train] rechunked train graphs (seed=172)

=== Epoch 172/1000 ===
[train] loss=5.3840 cls=0.4545 cme=2.1533 acc=0.9849 cells=158379
[val]   loss=5.5019 eval=2.6112 cls=0.4075 cme=2.2036 acc=0.9758 cells=118036
[ct_train] early_stopping: no improve on val/eval_loss for 22/45 val checks
[ct_train] rechunked train graphs (seed=173)

=== Epoch 173/1000 ===
[train] loss=5.3952 cls=0.4540 cme=2.1585 acc=0.9851 cells=158379
[ct_train] rechunked train graphs (seed=174)

=== Epoch 174/1000 ===
[train] loss=5.3784 cls=0.4532 cme=2.1513 acc=0.9850 cells=158379
[val]   loss=5.5016 eval=2.6110 cls=0.4074 cme=2.2036 acc=0.9758 cells=118036
[ct_train] early_stopping: no improve on val/eval_loss for 23/45 val checks
[ct_train] rechunked train graphs (seed=175)

=== Epoch 175/1000 ===
[train] loss=5.3862 cls=0.4536 cme=2.1549 acc=0.9848 cells=158379
[ct_train] rechunked train graphs (seed=176)

=== Epoch 176/1000 ===
[train] loss=5.3829 cls=0.4536 cme=2.1533 acc=0.9852 cells=158379
[val]   loss=5.5033 eval=2.6118 cls=0.4074 cme=2.2044 acc=0.9758 cells=118036
[ct_train] early_stopping: no improve on val/eval_loss for 24/45 val checks
[ct_train] rechunked train graphs (seed=177)

=== Epoch 177/1000 ===
[train] loss=5.3762 cls=0.4531 cme=2.1503 acc=0.9855 cells=158379
[ct_train] rechunked train graphs (seed=178)

=== Epoch 178/1000 ===
[train] loss=5.3751 cls=0.4528 cme=2.1500 acc=0.9855 cells=158379
[val]   loss=5.5027 eval=2.6116 cls=0.4076 cme=2.2040 acc=0.9760 cells=118036
[ct_train] early_stopping: no improve on val/eval_loss for 25/45 val checks
[ct_train] rechunked train graphs (seed=179)

=== Epoch 179/1000 ===
[train] loss=5.3878 cls=0.4535 cme=2.1554 acc=0.9851 cells=158379
[ct_train] rechunked train graphs (seed=180)

=== Epoch 180/1000 ===
[train] loss=5.3748 cls=0.4517 cme=2.1504 acc=0.9856 cells=158379
[val]   loss=5.5032 eval=2.6118 cls=0.4076 cme=2.2042 acc=0.9759 cells=118036
[ct_train] early_stopping: no improve on val/eval_loss for 26/45 val checks
[ct_train] rechunked train graphs (seed=181)

=== Epoch 181/1000 ===
[train] loss=5.3600 cls=0.4514 cme=2.1438 acc=0.9859 cells=158379
[ct_train] rechunked train graphs (seed=182)

=== Epoch 182/1000 ===
[train] loss=5.3671 cls=0.4530 cme=2.1463 acc=0.9853 cells=158379
[val]   loss=5.5045 eval=2.6126 cls=0.4079 cme=2.2048 acc=0.9759 cells=118036
[ct_train] early_stopping: no improve on val/eval_loss for 27/45 val checks
[ct_train] rechunked train graphs (seed=183)

=== Epoch 183/1000 ===
[train] loss=5.3687 cls=0.4525 cme=2.1473 acc=0.9854 cells=158379
[ct_train] rechunked train graphs (seed=184)

=== Epoch 184/1000 ===
[train] loss=5.3640 cls=0.4522 cme=2.1452 acc=0.9858 cells=158379
[val]   loss=5.5047 eval=2.6127 cls=0.4077 cme=2.2049 acc=0.9760 cells=118036
[ct_train] early_stopping: no improve on val/eval_loss for 28/45 val checks
[ct_train] rechunked train graphs (seed=185)

=== Epoch 185/1000 ===
[train] loss=5.3683 cls=0.4515 cme=2.1474 acc=0.9859 cells=158379
[ct_train] rechunked train graphs (seed=186)

=== Epoch 186/1000 ===
[train] loss=5.3757 cls=0.4515 cme=2.1508 acc=0.9861 cells=158379
[val]   loss=5.5053 eval=2.6130 cls=0.4079 cme=2.2050 acc=0.9759 cells=118036
[ct_train] early_stopping: no improve on val/eval_loss for 29/45 val checks
[ct_train] rechunked train graphs (seed=187)

=== Epoch 187/1000 ===
[train] loss=5.3699 cls=0.4517 cme=2.1481 acc=0.9859 cells=158379
[ct_train] rechunked train graphs (seed=188)

=== Epoch 188/1000 ===
[train] loss=5.3719 cls=0.4530 cme=2.1484 acc=0.9853 cells=158379
[val]   loss=5.5063 eval=2.6136 cls=0.4082 cme=2.2054 acc=0.9758 cells=118036
[ct_train] early_stopping: no improve on val/eval_loss for 30/45 val checks
[ct_train] rechunked train graphs (seed=189)

=== Epoch 189/1000 ===
[train] loss=5.3694 cls=0.4521 cme=2.1477 acc=0.9855 cells=158379
[ct_train] rechunked train graphs (seed=190)

=== Epoch 190/1000 ===
[train] loss=5.3730 cls=0.4514 cme=2.1496 acc=0.9857 cells=158379
[val]   loss=5.5062 eval=2.6134 cls=0.4078 cme=2.2056 acc=0.9760 cells=118036
[ct_train] early_stopping: no improve on val/eval_loss for 31/45 val checks
[ct_train] rechunked train graphs (seed=191)

=== Epoch 191/1000 ===
[train] loss=5.3733 cls=0.4509 cme=2.1499 acc=0.9861 cells=158379
[ct_train] rechunked train graphs (seed=192)

=== Epoch 192/1000 ===
[train] loss=5.3675 cls=0.4501 cme=2.1477 acc=0.9864 cells=158379
[val]   loss=5.5055 eval=2.6130 cls=0.4077 cme=2.2053 acc=0.9760 cells=118036
[ct_train] early_stopping: no improve on val/eval_loss for 32/45 val checks
[ct_train] rechunked train graphs (seed=193)

=== Epoch 193/1000 ===
[train] loss=5.3688 cls=0.4499 cme=2.1484 acc=0.9863 cells=158379
[ct_train] rechunked train graphs (seed=194)

=== Epoch 194/1000 ===
[train] loss=5.3697 cls=0.4492 cme=2.1492 acc=0.9869 cells=158379
[val]   loss=5.5056 eval=2.6131 cls=0.4079 cme=2.2052 acc=0.9759 cells=118036
[ct_train] early_stopping: no improve on val/eval_loss for 33/45 val checks
[ct_train] rechunked train graphs (seed=195)

=== Epoch 195/1000 ===
[train] loss=5.3700 cls=0.4501 cme=2.1488 acc=0.9865 cells=158379
[ct_train] rechunked train graphs (seed=196)

=== Epoch 196/1000 ===
[train] loss=5.3617 cls=0.4494 cme=2.1456 acc=0.9865 cells=158379
[val]   loss=5.5054 eval=2.6132 cls=0.4081 cme=2.2051 acc=0.9759 cells=118036
[ct_train] early_stopping: no improve on val/eval_loss for 34/45 val checks
[ct_train] rechunked train graphs (seed=197)

=== Epoch 197/1000 ===
[train] loss=5.3582 cls=0.4490 cme=2.1440 acc=0.9865 cells=158379
[ct_train] rechunked train graphs (seed=198)

=== Epoch 198/1000 ===
[train] loss=5.3643 cls=0.4495 cme=2.1465 acc=0.9865 cells=158379
[val]   loss=5.5059 eval=2.6134 cls=0.4081 cme=2.2052 acc=0.9759 cells=118036
[ct_train] early_stopping: no improve on val/eval_loss for 35/45 val checks
[ct_train] rechunked train graphs (seed=199)

=== Epoch 199/1000 ===
[train] loss=5.3597 cls=0.4485 cme=2.1449 acc=0.9871 cells=158379
[ct_train] rechunked train graphs (seed=200)

=== Epoch 200/1000 ===
[train] loss=5.3639 cls=0.4496 cme=2.1463 acc=0.9865 cells=158379
[val]   loss=5.5063 eval=2.6137 cls=0.4083 cme=2.2054 acc=0.9760 cells=118036
[ct_train] early_stopping: no improve on val/eval_loss for 36/45 val checks
[ct_train] rechunked train graphs (seed=201)

=== Epoch 201/1000 ===
[train] loss=5.3543 cls=0.4495 cme=2.1421 acc=0.9862 cells=158379
[ct_train] rechunked train graphs (seed=202)

=== Epoch 202/1000 ===
[train] loss=5.3501 cls=0.4481 cme=2.1408 acc=0.9870 cells=158379
[val]   loss=5.5067 eval=2.6139 cls=0.4083 cme=2.2056 acc=0.9761 cells=118036
[ct_train] early_stopping: no improve on val/eval_loss for 37/45 val checks
[ct_train] rechunked train graphs (seed=203)

=== Epoch 203/1000 ===
[train] loss=5.3603 cls=0.4483 cme=2.1453 acc=0.9871 cells=158379
[ct_train] rechunked train graphs (seed=204)

=== Epoch 204/1000 ===
[train] loss=5.3493 cls=0.4489 cme=2.1401 acc=0.9866 cells=158379
[val]   loss=5.5080 eval=2.6146 cls=0.4086 cme=2.2060 acc=0.9761 cells=118036
[ct_train] early_stopping: no improve on val/eval_loss for 38/45 val checks
[ct_train] rechunked train graphs (seed=205)

=== Epoch 205/1000 ===
[train] loss=5.3477 cls=0.4485 cme=2.1395 acc=0.9868 cells=158379
[ct_train] rechunked train graphs (seed=206)

=== Epoch 206/1000 ===
[train] loss=5.3667 cls=0.4482 cme=2.1482 acc=0.9873 cells=158379
[val]   loss=5.5085 eval=2.6150 cls=0.4087 cme=2.2062 acc=0.9759 cells=118036
[ct_train] early_stopping: no improve on val/eval_loss for 39/45 val checks
[ct_train] rechunked train graphs (seed=207)

=== Epoch 207/1000 ===
[train] loss=5.3642 cls=0.4481 cme=2.1470 acc=0.9871 cells=158379
[ct_train] rechunked train graphs (seed=208)

=== Epoch 208/1000 ===
[train] loss=5.3596 cls=0.4473 cme=2.1455 acc=0.9876 cells=158379
[val]   loss=5.5098 eval=2.6156 cls=0.4089 cme=2.2068 acc=0.9758 cells=118036
[ct_train] early_stopping: no improve on val/eval_loss for 40/45 val checks
[ct_train] rechunked train graphs (seed=209)

=== Epoch 209/1000 ===
[train] loss=5.3534 cls=0.4476 cme=2.1424 acc=0.9874 cells=158379
[ct_train] rechunked train graphs (seed=210)

=== Epoch 210/1000 ===
[train] loss=5.3616 cls=0.4476 cme=2.1462 acc=0.9871 cells=158379
[val]   loss=5.5086 eval=2.6152 cls=0.4091 cme=2.2061 acc=0.9760 cells=118036
[ct_train] early_stopping: no improve on val/eval_loss for 41/45 val checks
[ct_train] rechunked train graphs (seed=211)

=== Epoch 211/1000 ===
[train] loss=5.3516 cls=0.4461 cme=2.1422 acc=0.9880 cells=158379
[ct_train] rechunked train graphs (seed=212)

=== Epoch 212/1000 ===
[train] loss=5.3550 cls=0.4473 cme=2.1433 acc=0.9875 cells=158379
[val]   loss=5.5084 eval=2.6152 cls=0.4092 cme=2.2061 acc=0.9759 cells=118036
[ct_train] early_stopping: no improve on val/eval_loss for 42/45 val checks
[ct_train] rechunked train graphs (seed=213)

=== Epoch 213/1000 ===
[train] loss=5.3382 cls=0.4461 cme=2.1362 acc=0.9875 cells=158379
[ct_train] rechunked train graphs (seed=214)

=== Epoch 214/1000 ===
[train] loss=5.3513 cls=0.4459 cme=2.1424 acc=0.9883 cells=158379
[val]   loss=5.5101 eval=2.6161 cls=0.4093 cme=2.2068 acc=0.9758 cells=118036
[ct_train] early_stopping: no improve on val/eval_loss for 43/45 val checks
[ct_train] rechunked train graphs (seed=215)

=== Epoch 215/1000 ===
[train] loss=5.3490 cls=0.4462 cme=2.1412 acc=0.9875 cells=158379
[ct_train] rechunked train graphs (seed=216)

=== Epoch 216/1000 ===
[train] loss=5.3401 cls=0.4457 cme=2.1372 acc=0.9881 cells=158379
[val]   loss=5.5112 eval=2.6167 cls=0.4095 cme=2.2072 acc=0.9759 cells=118036
[ct_train] early_stopping: no improve on val/eval_loss for 44/45 val checks
[ct_train] rechunked train graphs (seed=217)

=== Epoch 217/1000 ===
[train] loss=5.3510 cls=0.4463 cme=2.1419 acc=0.9880 cells=158379
[ct_train] rechunked train graphs (seed=218)

=== Epoch 218/1000 ===
[train] loss=5.3484 cls=0.4461 cme=2.1409 acc=0.9880 cells=158379
[val]   loss=5.5117 eval=2.6170 cls=0.4097 cme=2.2074 acc=0.9758 cells=118036
[ct_train] early_stopping: no improve on val/eval_loss for 45/45 val checks
[ct_train] early stopping at epoch 218 (patience=45, monitor=val/eval_loss)

[ct_train] done. best_val_acc=0.9761  best_val_eval_loss=2.6109  checkpoints=/home/abel/code/Tissue-Reassembly-using-GenAI-and-new-metrics/exploration/cell_types/outputs/exp164_bag_cme01  logs=/home/abel/code/Tissue-Reassembly-using-GenAI-and-new-metrics/exploration/cell_types/logs/exp164_bag_cme01/20260808_093903
wandb: updating run metadata
wandb: uploading output.log; uploading wandb-summary.json; uploading config.yaml
wandb: 
wandb: Run summary:
wandb:                      best_epoch 164
wandb:                    best_val_acc 0.97613
wandb:              best_val_eval_loss 2.61092
wandb:                           epoch 218
wandb:                              lr 0.00018
wandb:           model/parameter_count 1305308
wandb: model/trainable_parameter_count 1305308
wandb:                       train/acc 0.98799
wandb:       train/acc_per_class/Astro 0.99229
wandb:        train/acc_per_class/Endo 0.98437
wandb:                             +54 ...
wandb: 
wandb:  View run exp164_bag_cme01 at: https://wandb.ai/abel-salmona-polytechnique-montr-al/cell_types/runs/3hfwq753
wandb:  View project at: https://wandb.ai/abel-salmona-polytechnique-montr-al/cell_types
wandb: Synced 5 W&B file(s), 1 media file(s), 2 artifact file(s) and 1 other file(s)
wandb: Find logs at: ./exploration/cell_types/logs/exp164_bag_cme01/20260808_093903/wandb/run-20260808_093911-3hfwq753/logs
