[ct_train] config=exploration/cell_types/experiments/configs/exp109_fus0_layer01.json
[ct_train] device=cuda  checkpoints=/home/abel/code/Tissue-Reassembly-using-GenAI-and-new-metrics/exploration/cell_types/outputs/exp109_fus0_layer01
[ct_train] logs=/home/abel/code/Tissue-Reassembly-using-GenAI-and-new-metrics/exploration/cell_types/logs/exp109_fus0_layer01/20260808_035426
[ct_train] Loading data …
[DataModule] Reading '/home/abel/biodata/MERFISH_LUNA_small_cortex/MERFISH_mouse_cortex_train.csv' (split=train) with float32 dtype on 254 gene cols + coord cols …
[DataModule] Loaded 158,379 rows for split=train.
[DataModule] Reading '/home/abel/biodata/MERFISH_LUNA_small_cortex/MERFISH_mouse_cortex_test.csv' (split=test) with float32 dtype on 254 gene cols + coord cols …
[DataModule] Loaded 118,036 rows for split=test.
[DataModule] Reading '/home/abel/biodata/MERFISH_LUNA_small_cortex/MERFISH_mouse_cortex_test.csv' (split=validation) with float32 dtype on 254 gene cols + coord cols …
[DataModule] Loaded 118,036 rows for split=validation.
[ct_train] genes=254  classes=23
[ct_train] model predict_cme=True  params=1,305,308
[ct_train] soft CME loaded split=train sigma=96.0 n=158379 C=23
[ct_train] soft CME loaded split=validation sigma=96.0 n=118036 C=23
[ct_train] soft CME loaded split=train sigma=50.0 n=158379 C=23
[ct_train] soft CME loaded split=train sigma=64.0 n=158379 C=23
[ct_train] soft CME loaded split=validation sigma=50.0 n=118036 C=23
[ct_train] soft CME loaded split=validation sigma=64.0 n=118036 C=23
wandb: [wandb.login()] Loaded credentials for https://api.wandb.ai from /home/abel/.netrc.
wandb: Currently logged in as: abel-salmona (abel-salmona-polytechnique-montr-al) to https://api.wandb.ai. Use `wandb login --relogin` to force relogin
wandb: WARNING Using a boolean value for 'reinit' is deprecated. Use 'return_previous' or 'finish_previous' instead.
wandb: setting up run ssyc9cv2
wandb: Tracking run with wandb version 0.26.1
wandb: Run data is saved locally in /home/abel/code/Tissue-Reassembly-using-GenAI-and-new-metrics/exploration/cell_types/logs/exp109_fus0_layer01/20260808_035426/wandb/run-20260808_035434-ssyc9cv2
wandb: Run `wandb offline` to turn off syncing.
wandb: Syncing run exp109_fus0_layer01
wandb:  View project at https://wandb.ai/abel-salmona-polytechnique-montr-al/cell_types
wandb:  View run at https://wandb.ai/abel-salmona-polytechnique-montr-al/cell_types/runs/ssyc9cv2
wandb: WARNING Saving files without folders. If you want to preserve subdirectories pass base_path to wandb.save, i.e. wandb.save("/mnt/folder/file.h5", base_path="/mnt")
wandb: WARNING Symlinked 1 file into the W&B run directory; call wandb.save again to sync new files.
[ct_train] wandb: project=cell_types name=exp109_fus0_layer01 mode=online url=https://wandb.ai/abel-salmona-polytechnique-montr-al/cell_types/runs/ssyc9cv2
[ct_train] parameters: total=1,305,308 trainable=1,305,308
  [params] mlp_in_node_features: 26,720
  [params] transformer_layers: 633,600
  [params] type_stage1: 28,320
  [params] env_stage1: 93,056
  [params] type_probe: 2,231
  [params] env_probe: 7,383
  [params] fusion_mlp: 383,008
  [params] type_stage2: 30,551
  [params] env_stage2: 100,439
[ct_train] EMA enabled decay=0.98
[ct_train] rechunked train graphs (seed=1)

=== Epoch 1/1000 ===
[train] loss=8.7067 cls=2.7334 cme=2.7785 acc=0.2497 cells=158379
[ct_train] rechunked train graphs (seed=2)

=== Epoch 2/1000 ===
[train] loss=7.2181 cls=1.8158 cme=2.5152 acc=0.6737 cells=158379
[val]   loss=8.3376 eval=5.2288 cls=2.5246 cme=2.7041 acc=0.4631 cells=118036
[ct_train] saved best checkpoint (val_eval_loss=5.2288 val_acc=0.4631)
[ct_train] rechunked train graphs (seed=3)

=== Epoch 3/1000 ===
[train] loss=6.3441 cls=1.1543 cme=2.4174 acc=0.8019 cells=158379
[ct_train] rechunked train graphs (seed=4)

=== Epoch 4/1000 ===
[train] loss=5.9399 cls=0.8431 cme=2.3746 acc=0.8715 cells=158379
[val]   loss=6.6098 eval=3.7804 cls=1.3160 cme=2.4644 acc=0.8187 cells=118036
[ct_train] saved best checkpoint (val_eval_loss=3.7804 val_acc=0.8187)
[ct_train] rechunked train graphs (seed=5)

=== Epoch 5/1000 ===
[train] loss=5.7253 cls=0.6974 cme=2.3427 acc=0.9106 cells=158379
[ct_train] rechunked train graphs (seed=6)

=== Epoch 6/1000 ===
[train] loss=5.6337 cls=0.6273 cme=2.3329 acc=0.9261 cells=158379
[val]   loss=5.8354 eval=3.1173 cls=0.7474 cme=2.3699 acc=0.9106 cells=118036
[ct_train] saved best checkpoint (val_eval_loss=3.1173 val_acc=0.9106)
[ct_train] rechunked train graphs (seed=7)

=== Epoch 7/1000 ===
[train] loss=5.5434 cls=0.5853 cme=2.3106 acc=0.9357 cells=158379
[ct_train] rechunked train graphs (seed=8)

=== Epoch 8/1000 ===
[train] loss=5.4782 cls=0.5564 cme=2.2938 acc=0.9422 cells=158379
[val]   loss=5.5645 eval=2.8977 cls=0.5712 cme=2.3265 acc=0.9379 cells=118036
[ct_train] saved best checkpoint (val_eval_loss=2.8977 val_acc=0.9379)
[ct_train] rechunked train graphs (seed=9)

=== Epoch 9/1000 ===
[train] loss=5.4626 cls=0.5437 cme=2.2925 acc=0.9458 cells=158379
[ct_train] rechunked train graphs (seed=10)

=== Epoch 10/1000 ===
[train] loss=5.4366 cls=0.5302 cme=2.2868 acc=0.9483 cells=158379
[val]   loss=5.4491 eval=2.8119 cls=0.5105 cme=2.3014 acc=0.9483 cells=118036
[ct_train] saved best checkpoint (val_eval_loss=2.8119 val_acc=0.9483)
[ct_train] rechunked train graphs (seed=11)

=== Epoch 11/1000 ===
[train] loss=5.3975 cls=0.5221 cme=2.2724 acc=0.9500 cells=158379
[ct_train] rechunked train graphs (seed=12)

=== Epoch 12/1000 ===
[train] loss=5.3897 cls=0.5142 cme=2.2724 acc=0.9528 cells=158379
[val]   loss=5.3890 eval=2.7706 cls=0.4853 cme=2.2853 acc=0.9543 cells=118036
[ct_train] saved best checkpoint (val_eval_loss=2.7706 val_acc=0.9543)
[ct_train] rechunked train graphs (seed=13)

=== Epoch 13/1000 ===
[train] loss=5.3723 cls=0.5069 cme=2.2678 acc=0.9546 cells=158379
[ct_train] rechunked train graphs (seed=14)

=== Epoch 14/1000 ===
[train] loss=5.3588 cls=0.5014 cme=2.2640 acc=0.9560 cells=158379
[val]   loss=5.3486 eval=2.7443 cls=0.4710 cme=2.2733 acc=0.9574 cells=118036
[ct_train] saved best checkpoint (val_eval_loss=2.7443 val_acc=0.9574)
[ct_train] rechunked train graphs (seed=15)

=== Epoch 15/1000 ===
[train] loss=5.3362 cls=0.4959 cme=2.2562 acc=0.9570 cells=158379
[ct_train] rechunked train graphs (seed=16)

=== Epoch 16/1000 ===
[train] loss=5.3277 cls=0.4918 cme=2.2542 acc=0.9583 cells=158379
[val]   loss=5.3190 eval=2.7255 cls=0.4616 cme=2.2639 acc=0.9599 cells=118036
[ct_train] saved best checkpoint (val_eval_loss=2.7255 val_acc=0.9599)
[ct_train] rechunked train graphs (seed=17)

=== Epoch 17/1000 ===
[train] loss=5.3119 cls=0.4870 cme=2.2491 acc=0.9589 cells=158379
[ct_train] rechunked train graphs (seed=18)

=== Epoch 18/1000 ===
[train] loss=5.3048 cls=0.4841 cme=2.2472 acc=0.9597 cells=158379
[val]   loss=5.2982 eval=2.7123 cls=0.4549 cme=2.2574 acc=0.9617 cells=118036
[ct_train] saved best checkpoint (val_eval_loss=2.7123 val_acc=0.9617)
[ct_train] rechunked train graphs (seed=19)

=== Epoch 19/1000 ===
[train] loss=5.2994 cls=0.4800 cme=2.2465 acc=0.9613 cells=158379
[ct_train] rechunked train graphs (seed=20)

=== Epoch 20/1000 ===
[train] loss=5.2890 cls=0.4767 cme=2.2432 acc=0.9620 cells=158379
[val]   loss=5.2835 eval=2.7028 cls=0.4499 cme=2.2530 acc=0.9634 cells=118036
[ct_train] saved best checkpoint (val_eval_loss=2.7028 val_acc=0.9634)
[ct_train] rechunked train graphs (seed=21)

=== Epoch 21/1000 ===
[train] loss=5.2866 cls=0.4739 cme=2.2435 acc=0.9631 cells=158379
[ct_train] rechunked train graphs (seed=22)

=== Epoch 22/1000 ===
[train] loss=5.2760 cls=0.4724 cme=2.2392 acc=0.9634 cells=158379
[val]   loss=5.2685 eval=2.6935 cls=0.4454 cme=2.2481 acc=0.9650 cells=118036
[ct_train] saved best checkpoint (val_eval_loss=2.6935 val_acc=0.9650)
[ct_train] rechunked train graphs (seed=23)

=== Epoch 23/1000 ===
[train] loss=5.2630 cls=0.4698 cme=2.2345 acc=0.9639 cells=158379
[ct_train] rechunked train graphs (seed=24)

=== Epoch 24/1000 ===
[train] loss=5.2591 cls=0.4680 cme=2.2334 acc=0.9649 cells=158379
[val]   loss=5.2559 eval=2.6857 cls=0.4418 cme=2.2439 acc=0.9661 cells=118036
[ct_train] saved best checkpoint (val_eval_loss=2.6857 val_acc=0.9661)
[ct_train] rechunked train graphs (seed=25)

=== Epoch 25/1000 ===
[train] loss=5.2582 cls=0.4643 cme=2.2348 acc=0.9653 cells=158379
[ct_train] rechunked train graphs (seed=26)

=== Epoch 26/1000 ===
[train] loss=5.2439 cls=0.4628 cme=2.2289 acc=0.9658 cells=158379
[val]   loss=5.2448 eval=2.6788 cls=0.4385 cme=2.2403 acc=0.9669 cells=118036
[ct_train] saved best checkpoint (val_eval_loss=2.6788 val_acc=0.9669)
[ct_train] rechunked train graphs (seed=27)

=== Epoch 27/1000 ===
[train] loss=5.2346 cls=0.4596 cme=2.2261 acc=0.9663 cells=158379
[ct_train] rechunked train graphs (seed=28)

=== Epoch 28/1000 ===
[train] loss=5.2281 cls=0.4587 cme=2.2234 acc=0.9665 cells=158379
[val]   loss=5.2349 eval=2.6727 cls=0.4357 cme=2.2370 acc=0.9676 cells=118036
[ct_train] saved best checkpoint (val_eval_loss=2.6727 val_acc=0.9676)
[ct_train] rechunked train graphs (seed=29)

=== Epoch 29/1000 ===
[train] loss=5.2284 cls=0.4571 cme=2.2244 acc=0.9677 cells=158379
[ct_train] rechunked train graphs (seed=30)

=== Epoch 30/1000 ===
[train] loss=5.2266 cls=0.4558 cme=2.2242 acc=0.9677 cells=158379
[val]   loss=5.2263 eval=2.6674 cls=0.4332 cme=2.2342 acc=0.9682 cells=118036
[ct_train] saved best checkpoint (val_eval_loss=2.6674 val_acc=0.9682)
[ct_train] rechunked train graphs (seed=31)

=== Epoch 31/1000 ===
[train] loss=5.2191 cls=0.4534 cme=2.2217 acc=0.9682 cells=158379
[ct_train] rechunked train graphs (seed=32)

=== Epoch 32/1000 ===
[train] loss=5.2389 cls=0.4547 cme=2.2303 acc=0.9683 cells=158379
[val]   loss=5.2194 eval=2.6630 cls=0.4310 cme=2.2320 acc=0.9686 cells=118036
[ct_train] saved best checkpoint (val_eval_loss=2.6630 val_acc=0.9686)
[ct_train] rechunked train graphs (seed=33)

=== Epoch 33/1000 ===
[train] loss=5.2182 cls=0.4508 cme=2.2225 acc=0.9687 cells=158379
[ct_train] rechunked train graphs (seed=34)

=== Epoch 34/1000 ===
[train] loss=5.2037 cls=0.4499 cme=2.2163 acc=0.9694 cells=158379
[val]   loss=5.2132 eval=2.6591 cls=0.4290 cme=2.2301 acc=0.9691 cells=118036
[ct_train] saved best checkpoint (val_eval_loss=2.6591 val_acc=0.9691)
[ct_train] rechunked train graphs (seed=35)

=== Epoch 35/1000 ===
[train] loss=5.2096 cls=0.4483 cme=2.2196 acc=0.9698 cells=158379
[ct_train] rechunked train graphs (seed=36)

=== Epoch 36/1000 ===
[train] loss=5.1985 cls=0.4469 cme=2.2152 acc=0.9699 cells=158379
[val]   loss=5.2077 eval=2.6558 cls=0.4275 cme=2.2282 acc=0.9695 cells=118036
[ct_train] saved best checkpoint (val_eval_loss=2.6558 val_acc=0.9695)
[ct_train] rechunked train graphs (seed=37)

=== Epoch 37/1000 ===
[train] loss=5.1965 cls=0.4477 cme=2.2139 acc=0.9700 cells=158379
[ct_train] rechunked train graphs (seed=38)

=== Epoch 38/1000 ===
[train] loss=5.1910 cls=0.4445 cme=2.2129 acc=0.9705 cells=158379
[val]   loss=5.2025 eval=2.6526 cls=0.4260 cme=2.2265 acc=0.9701 cells=118036
[ct_train] saved best checkpoint (val_eval_loss=2.6526 val_acc=0.9701)
[ct_train] rechunked train graphs (seed=39)

=== Epoch 39/1000 ===
[train] loss=5.1923 cls=0.4438 cme=2.2138 acc=0.9711 cells=158379
[ct_train] rechunked train graphs (seed=40)

=== Epoch 40/1000 ===
[train] loss=5.1899 cls=0.4438 cme=2.2127 acc=0.9708 cells=158379
[val]   loss=5.1981 eval=2.6499 cls=0.4249 cme=2.2251 acc=0.9703 cells=118036
[ct_train] saved best checkpoint (val_eval_loss=2.6499 val_acc=0.9703)
[ct_train] rechunked train graphs (seed=41)

=== Epoch 41/1000 ===
[train] loss=5.1767 cls=0.4426 cme=2.2072 acc=0.9714 cells=158379
[ct_train] rechunked train graphs (seed=42)

=== Epoch 42/1000 ===
[train] loss=5.1831 cls=0.4426 cme=2.2101 acc=0.9713 cells=158379
[val]   loss=5.1938 eval=2.6474 cls=0.4238 cme=2.2236 acc=0.9705 cells=118036
[ct_train] saved best checkpoint (val_eval_loss=2.6474 val_acc=0.9705)
[ct_train] rechunked train graphs (seed=43)

=== Epoch 43/1000 ===
[train] loss=5.1898 cls=0.4422 cme=2.2133 acc=0.9717 cells=158379
[ct_train] rechunked train graphs (seed=44)

=== Epoch 44/1000 ===
[train] loss=5.1701 cls=0.4404 cme=2.2052 acc=0.9721 cells=158379
[val]   loss=5.1901 eval=2.6450 cls=0.4226 cme=2.2224 acc=0.9709 cells=118036
[ct_train] saved best checkpoint (val_eval_loss=2.6450 val_acc=0.9709)
[ct_train] rechunked train graphs (seed=45)

=== Epoch 45/1000 ===
[train] loss=5.1759 cls=0.4394 cme=2.2082 acc=0.9721 cells=158379
[ct_train] rechunked train graphs (seed=46)

=== Epoch 46/1000 ===
[train] loss=5.1621 cls=0.4384 cme=2.2024 acc=0.9724 cells=158379
[val]   loss=5.1862 eval=2.6427 cls=0.4216 cme=2.2211 acc=0.9712 cells=118036
[ct_train] saved best checkpoint (val_eval_loss=2.6427 val_acc=0.9712)
[ct_train] rechunked train graphs (seed=47)

=== Epoch 47/1000 ===
[train] loss=5.1713 cls=0.4371 cme=2.2072 acc=0.9731 cells=158379
[ct_train] rechunked train graphs (seed=48)

=== Epoch 48/1000 ===
[train] loss=5.1572 cls=0.4365 cme=2.2010 acc=0.9729 cells=158379
[val]   loss=5.1830 eval=2.6407 cls=0.4207 cme=2.2200 acc=0.9716 cells=118036
[ct_train] saved best checkpoint (val_eval_loss=2.6407 val_acc=0.9716)
[ct_train] rechunked train graphs (seed=49)

=== Epoch 49/1000 ===
[train] loss=5.1640 cls=0.4357 cme=2.2045 acc=0.9733 cells=158379
[ct_train] rechunked train graphs (seed=50)

=== Epoch 50/1000 ===
[train] loss=5.1584 cls=0.4347 cme=2.2024 acc=0.9735 cells=158379
[val]   loss=5.1800 eval=2.6389 cls=0.4198 cme=2.2191 acc=0.9718 cells=118036
[ct_train] saved best checkpoint (val_eval_loss=2.6389 val_acc=0.9718)
[ct_train] rechunked train graphs (seed=51)

=== Epoch 51/1000 ===
[train] loss=5.1463 cls=0.4340 cme=2.1971 acc=0.9739 cells=158379
[ct_train] rechunked train graphs (seed=52)

=== Epoch 52/1000 ===
[train] loss=5.1471 cls=0.4335 cme=2.1977 acc=0.9742 cells=158379
[val]   loss=5.1771 eval=2.6372 cls=0.4191 cme=2.2180 acc=0.9722 cells=118036
[ct_train] saved best checkpoint (val_eval_loss=2.6372 val_acc=0.9722)
[ct_train] rechunked train graphs (seed=53)

=== Epoch 53/1000 ===
[train] loss=5.1438 cls=0.4320 cme=2.1968 acc=0.9743 cells=158379
[ct_train] rechunked train graphs (seed=54)

=== Epoch 54/1000 ===
[train] loss=5.1571 cls=0.4328 cme=2.2026 acc=0.9743 cells=158379
[val]   loss=5.1751 eval=2.6359 cls=0.4185 cme=2.2174 acc=0.9723 cells=118036
[ct_train] saved best checkpoint (val_eval_loss=2.6359 val_acc=0.9723)
[ct_train] rechunked train graphs (seed=55)

=== Epoch 55/1000 ===
[train] loss=5.1434 cls=0.4309 cme=2.1972 acc=0.9743 cells=158379
[ct_train] rechunked train graphs (seed=56)

=== Epoch 56/1000 ===
[train] loss=5.1491 cls=0.4308 cme=2.1998 acc=0.9749 cells=158379
[val]   loss=5.1721 eval=2.6341 cls=0.4178 cme=2.2164 acc=0.9727 cells=118036
[ct_train] saved best checkpoint (val_eval_loss=2.6341 val_acc=0.9727)
[ct_train] rechunked train graphs (seed=57)

=== Epoch 57/1000 ===
[train] loss=5.1443 cls=0.4308 cme=2.1977 acc=0.9745 cells=158379
[ct_train] rechunked train graphs (seed=58)

=== Epoch 58/1000 ===
[train] loss=5.1423 cls=0.4302 cme=2.1969 acc=0.9749 cells=158379
[val]   loss=5.1711 eval=2.6334 cls=0.4172 cme=2.2162 acc=0.9728 cells=118036
[ct_train] saved best checkpoint (val_eval_loss=2.6334 val_acc=0.9728)
[ct_train] rechunked train graphs (seed=59)

=== Epoch 59/1000 ===
[train] loss=5.1308 cls=0.4273 cme=2.1931 acc=0.9755 cells=158379
[ct_train] rechunked train graphs (seed=60)

=== Epoch 60/1000 ===
[train] loss=5.1472 cls=0.4297 cme=2.1995 acc=0.9753 cells=158379
[val]   loss=5.1694 eval=2.6324 cls=0.4169 cme=2.2155 acc=0.9729 cells=118036
[ct_train] saved best checkpoint (val_eval_loss=2.6324 val_acc=0.9729)
[ct_train] rechunked train graphs (seed=61)

=== Epoch 61/1000 ===
[train] loss=5.1340 cls=0.4285 cme=2.1939 acc=0.9750 cells=158379
[ct_train] rechunked train graphs (seed=62)

=== Epoch 62/1000 ===
[train] loss=5.1410 cls=0.4278 cme=2.1975 acc=0.9750 cells=158379
[val]   loss=5.1676 eval=2.6314 cls=0.4165 cme=2.2149 acc=0.9731 cells=118036
[ct_train] saved best checkpoint (val_eval_loss=2.6314 val_acc=0.9731)
[ct_train] rechunked train graphs (seed=63)

=== Epoch 63/1000 ===
[train] loss=5.1285 cls=0.4271 cme=2.1921 acc=0.9757 cells=158379
[ct_train] rechunked train graphs (seed=64)

=== Epoch 64/1000 ===
[train] loss=5.1273 cls=0.4261 cme=2.1919 acc=0.9755 cells=158379
[val]   loss=5.1665 eval=2.6307 cls=0.4161 cme=2.2146 acc=0.9731 cells=118036
[ct_train] saved best checkpoint (val_eval_loss=2.6307 val_acc=0.9731)
[ct_train] rechunked train graphs (seed=65)

=== Epoch 65/1000 ===
[train] loss=5.1314 cls=0.4264 cme=2.1938 acc=0.9759 cells=158379
[ct_train] rechunked train graphs (seed=66)

=== Epoch 66/1000 ===
[train] loss=5.1446 cls=0.4271 cme=2.1995 acc=0.9752 cells=158379
[val]   loss=5.1646 eval=2.6295 cls=0.4155 cme=2.2140 acc=0.9734 cells=118036
[ct_train] saved best checkpoint (val_eval_loss=2.6295 val_acc=0.9734)
[ct_train] rechunked train graphs (seed=67)

=== Epoch 67/1000 ===
[train] loss=5.1283 cls=0.4265 cme=2.1922 acc=0.9754 cells=158379
[ct_train] rechunked train graphs (seed=68)

=== Epoch 68/1000 ===
[train] loss=5.1289 cls=0.4241 cme=2.1937 acc=0.9763 cells=158379
[val]   loss=5.1637 eval=2.6289 cls=0.4150 cme=2.2138 acc=0.9735 cells=118036
[ct_train] saved best checkpoint (val_eval_loss=2.6289 val_acc=0.9735)
[ct_train] rechunked train graphs (seed=69)

=== Epoch 69/1000 ===
[train] loss=5.1179 cls=0.4243 cme=2.1884 acc=0.9765 cells=158379
[ct_train] rechunked train graphs (seed=70)

=== Epoch 70/1000 ===
[train] loss=5.1142 cls=0.4253 cme=2.1863 acc=0.9760 cells=158379
[val]   loss=5.1627 eval=2.6281 cls=0.4145 cme=2.2136 acc=0.9736 cells=118036
[ct_train] saved best checkpoint (val_eval_loss=2.6281 val_acc=0.9736)
[ct_train] rechunked train graphs (seed=71)

=== Epoch 71/1000 ===
[train] loss=5.1306 cls=0.4254 cme=2.1938 acc=0.9765 cells=158379
[ct_train] rechunked train graphs (seed=72)

=== Epoch 72/1000 ===
[train] loss=5.1157 cls=0.4236 cme=2.1877 acc=0.9762 cells=158379
[val]   loss=5.1607 eval=2.6271 cls=0.4144 cme=2.2127 acc=0.9737 cells=118036
[ct_train] saved best checkpoint (val_eval_loss=2.6271 val_acc=0.9737)
[ct_train] rechunked train graphs (seed=73)

=== Epoch 73/1000 ===
[train] loss=5.1221 cls=0.4226 cme=2.1912 acc=0.9769 cells=158379
[ct_train] rechunked train graphs (seed=74)

=== Epoch 74/1000 ===
[train] loss=5.1235 cls=0.4215 cme=2.1924 acc=0.9767 cells=158379
[val]   loss=5.1588 eval=2.6261 cls=0.4140 cme=2.2121 acc=0.9737 cells=118036
[ct_train] saved best checkpoint (val_eval_loss=2.6261 val_acc=0.9737)
[ct_train] rechunked train graphs (seed=75)

=== Epoch 75/1000 ===
[train] loss=5.1042 cls=0.4204 cme=2.1839 acc=0.9774 cells=158379
[ct_train] rechunked train graphs (seed=76)

=== Epoch 76/1000 ===
[train] loss=5.1030 cls=0.4199 cme=2.1835 acc=0.9773 cells=158379
[val]   loss=5.1577 eval=2.6254 cls=0.4137 cme=2.2117 acc=0.9739 cells=118036
[ct_train] saved best checkpoint (val_eval_loss=2.6254 val_acc=0.9739)
[ct_train] rechunked train graphs (seed=77)

=== Epoch 77/1000 ===
[train] loss=5.1034 cls=0.4194 cme=2.1840 acc=0.9780 cells=158379
[ct_train] rechunked train graphs (seed=78)

=== Epoch 78/1000 ===
[train] loss=5.1055 cls=0.4196 cme=2.1848 acc=0.9775 cells=158379
[val]   loss=5.1557 eval=2.6243 cls=0.4134 cme=2.2109 acc=0.9740 cells=118036
[ct_train] saved best checkpoint (val_eval_loss=2.6243 val_acc=0.9740)
[ct_train] rechunked train graphs (seed=79)

=== Epoch 79/1000 ===
[train] loss=5.1134 cls=0.4193 cme=2.1886 acc=0.9779 cells=158379
[ct_train] rechunked train graphs (seed=80)

=== Epoch 80/1000 ===
[train] loss=5.0957 cls=0.4178 cme=2.1812 acc=0.9783 cells=158379
[val]   loss=5.1543 eval=2.6235 cls=0.4131 cme=2.2104 acc=0.9740 cells=118036
[ct_train] saved best checkpoint (val_eval_loss=2.6235 val_acc=0.9740)
[ct_train] rechunked train graphs (seed=81)

=== Epoch 81/1000 ===
[train] loss=5.0932 cls=0.4180 cme=2.1799 acc=0.9781 cells=158379
[ct_train] rechunked train graphs (seed=82)

=== Epoch 82/1000 ===
[train] loss=5.0964 cls=0.4178 cme=2.1816 acc=0.9779 cells=158379
[val]   loss=5.1533 eval=2.6229 cls=0.4128 cme=2.2101 acc=0.9741 cells=118036
[ct_train] saved best checkpoint (val_eval_loss=2.6229 val_acc=0.9741)
[ct_train] rechunked train graphs (seed=83)

=== Epoch 83/1000 ===
[train] loss=5.1031 cls=0.4174 cme=2.1848 acc=0.9786 cells=158379
[ct_train] rechunked train graphs (seed=84)

=== Epoch 84/1000 ===
[train] loss=5.0979 cls=0.4175 cme=2.1824 acc=0.9783 cells=158379
[val]   loss=5.1532 eval=2.6227 cls=0.4126 cme=2.2101 acc=0.9742 cells=118036
[ct_train] saved best checkpoint (val_eval_loss=2.6227 val_acc=0.9742)
[ct_train] early_stopping: no improve on val/eval_loss for 1/45 val checks
[ct_train] rechunked train graphs (seed=85)

=== Epoch 85/1000 ===
[train] loss=5.0883 cls=0.4166 cme=2.1783 acc=0.9788 cells=158379
[ct_train] rechunked train graphs (seed=86)

=== Epoch 86/1000 ===
[train] loss=5.1007 cls=0.4163 cme=2.1842 acc=0.9783 cells=158379
[val]   loss=5.1522 eval=2.6222 cls=0.4124 cme=2.2098 acc=0.9743 cells=118036
[ct_train] saved best checkpoint (val_eval_loss=2.6222 val_acc=0.9743)
[ct_train] rechunked train graphs (seed=87)

=== Epoch 87/1000 ===
[train] loss=5.0937 cls=0.4165 cme=2.1809 acc=0.9790 cells=158379
[ct_train] rechunked train graphs (seed=88)

=== Epoch 88/1000 ===
[train] loss=5.0995 cls=0.4166 cme=2.1835 acc=0.9786 cells=158379
[val]   loss=5.1505 eval=2.6212 cls=0.4121 cme=2.2092 acc=0.9744 cells=118036
[ct_train] saved best checkpoint (val_eval_loss=2.6212 val_acc=0.9744)
[ct_train] rechunked train graphs (seed=89)

=== Epoch 89/1000 ===
[train] loss=5.0918 cls=0.4161 cme=2.1801 acc=0.9788 cells=158379
[ct_train] rechunked train graphs (seed=90)

=== Epoch 90/1000 ===
[train] loss=5.0942 cls=0.4149 cme=2.1819 acc=0.9790 cells=158379
[val]   loss=5.1507 eval=2.6213 cls=0.4120 cme=2.2093 acc=0.9744 cells=118036
[ct_train] early_stopping: no improve on val/eval_loss for 1/45 val checks
[ct_train] rechunked train graphs (seed=91)

=== Epoch 91/1000 ===
[train] loss=5.0885 cls=0.4142 cme=2.1795 acc=0.9792 cells=158379
[ct_train] rechunked train graphs (seed=92)

=== Epoch 92/1000 ===
[train] loss=5.0874 cls=0.4141 cme=2.1790 acc=0.9789 cells=158379
[val]   loss=5.1497 eval=2.6206 cls=0.4117 cme=2.2090 acc=0.9745 cells=118036
[ct_train] saved best checkpoint (val_eval_loss=2.6206 val_acc=0.9745)
[ct_train] rechunked train graphs (seed=93)

=== Epoch 93/1000 ===
[train] loss=5.0919 cls=0.4145 cme=2.1810 acc=0.9796 cells=158379
[ct_train] rechunked train graphs (seed=94)

=== Epoch 94/1000 ===
[train] loss=5.0817 cls=0.4130 cme=2.1769 acc=0.9795 cells=158379
[val]   loss=5.1490 eval=2.6202 cls=0.4115 cme=2.2087 acc=0.9745 cells=118036
[ct_train] saved best checkpoint (val_eval_loss=2.6202 val_acc=0.9745)
[ct_train] rechunked train graphs (seed=95)

=== Epoch 95/1000 ===
[train] loss=5.1204 cls=0.4147 cme=2.1941 acc=0.9792 cells=158379
[ct_train] rechunked train graphs (seed=96)

=== Epoch 96/1000 ===
[train] loss=5.0929 cls=0.4132 cme=2.1820 acc=0.9797 cells=158379
[val]   loss=5.1472 eval=2.6192 cls=0.4112 cme=2.2080 acc=0.9747 cells=118036
[ct_train] saved best checkpoint (val_eval_loss=2.6192 val_acc=0.9747)
[ct_train] rechunked train graphs (seed=97)

=== Epoch 97/1000 ===
[train] loss=5.0906 cls=0.4120 cme=2.1814 acc=0.9799 cells=158379
[ct_train] rechunked train graphs (seed=98)

=== Epoch 98/1000 ===
[train] loss=5.0788 cls=0.4129 cme=2.1757 acc=0.9796 cells=158379
[val]   loss=5.1475 eval=2.6194 cls=0.4112 cme=2.2082 acc=0.9745 cells=118036
[ct_train] early_stopping: no improve on val/eval_loss for 1/45 val checks
[ct_train] rechunked train graphs (seed=99)

=== Epoch 99/1000 ===
[train] loss=5.0670 cls=0.4128 cme=2.1702 acc=0.9796 cells=158379
[ct_train] rechunked train graphs (seed=100)

=== Epoch 100/1000 ===
[train] loss=5.0717 cls=0.4117 cme=2.1729 acc=0.9797 cells=158379
[val]   loss=5.1479 eval=2.6196 cls=0.4112 cme=2.2084 acc=0.9746 cells=118036
[ct_train] early_stopping: no improve on val/eval_loss for 2/45 val checks
[ct_train] rechunked train graphs (seed=101)

=== Epoch 101/1000 ===
[train] loss=5.0906 cls=0.4120 cme=2.1815 acc=0.9802 cells=158379
[ct_train] rechunked train graphs (seed=102)

=== Epoch 102/1000 ===
[train] loss=5.0740 cls=0.4107 cme=2.1744 acc=0.9801 cells=158379
[val]   loss=5.1470 eval=2.6190 cls=0.4108 cme=2.2082 acc=0.9748 cells=118036
[ct_train] saved best checkpoint (val_eval_loss=2.6190 val_acc=0.9748)
[ct_train] early_stopping: no improve on val/eval_loss for 3/45 val checks
[ct_train] rechunked train graphs (seed=103)

=== Epoch 103/1000 ===
[train] loss=5.0829 cls=0.4107 cme=2.1785 acc=0.9805 cells=158379
[ct_train] rechunked train graphs (seed=104)

=== Epoch 104/1000 ===
[train] loss=5.0699 cls=0.4105 cme=2.1726 acc=0.9808 cells=158379
[val]   loss=5.1459 eval=2.6184 cls=0.4106 cme=2.2078 acc=0.9749 cells=118036
[ct_train] saved best checkpoint (val_eval_loss=2.6184 val_acc=0.9749)
[ct_train] rechunked train graphs (seed=105)

=== Epoch 105/1000 ===
[train] loss=5.0763 cls=0.4108 cme=2.1754 acc=0.9807 cells=158379
[ct_train] rechunked train graphs (seed=106)

=== Epoch 106/1000 ===
[train] loss=5.0699 cls=0.4094 cme=2.1732 acc=0.9807 cells=158379
[val]   loss=5.1456 eval=2.6183 cls=0.4106 cme=2.2076 acc=0.9748 cells=118036
[ct_train] saved best checkpoint (val_eval_loss=2.6183 val_acc=0.9749)
[ct_train] early_stopping: no improve on val/eval_loss for 1/45 val checks
[ct_train] rechunked train graphs (seed=107)

=== Epoch 107/1000 ===
[train] loss=5.0655 cls=0.4089 cme=2.1714 acc=0.9809 cells=158379
[ct_train] rechunked train graphs (seed=108)

=== Epoch 108/1000 ===
[train] loss=5.0792 cls=0.4093 cme=2.1775 acc=0.9810 cells=158379
[val]   loss=5.1457 eval=2.6182 cls=0.4105 cme=2.2078 acc=0.9749 cells=118036
[ct_train] saved best checkpoint (val_eval_loss=2.6182 val_acc=0.9749)
[ct_train] early_stopping: no improve on val/eval_loss for 2/45 val checks
[ct_train] rechunked train graphs (seed=109)

=== Epoch 109/1000 ===
[train] loss=5.0636 cls=0.4085 cme=2.1707 acc=0.9811 cells=158379
[ct_train] rechunked train graphs (seed=110)

=== Epoch 110/1000 ===
[train] loss=5.0652 cls=0.4085 cme=2.1714 acc=0.9812 cells=158379
[val]   loss=5.1450 eval=2.6178 cls=0.4103 cme=2.2075 acc=0.9749 cells=118036
[ct_train] saved best checkpoint (val_eval_loss=2.6178 val_acc=0.9749)
[ct_train] rechunked train graphs (seed=111)

=== Epoch 111/1000 ===
[train] loss=5.0581 cls=0.4070 cme=2.1689 acc=0.9811 cells=158379
[ct_train] rechunked train graphs (seed=112)

=== Epoch 112/1000 ===
[train] loss=5.0598 cls=0.4081 cme=2.1690 acc=0.9811 cells=158379
[val]   loss=5.1441 eval=2.6173 cls=0.4101 cme=2.2072 acc=0.9750 cells=118036
[ct_train] saved best checkpoint (val_eval_loss=2.6173 val_acc=0.9750)
[ct_train] rechunked train graphs (seed=113)

=== Epoch 113/1000 ===
[train] loss=5.0651 cls=0.4076 cme=2.1718 acc=0.9812 cells=158379
[ct_train] rechunked train graphs (seed=114)

=== Epoch 114/1000 ===
[train] loss=5.0666 cls=0.4085 cme=2.1720 acc=0.9808 cells=158379
[val]   loss=5.1435 eval=2.6170 cls=0.4100 cme=2.2070 acc=0.9750 cells=118036
[ct_train] saved best checkpoint (val_eval_loss=2.6170 val_acc=0.9750)
[ct_train] rechunked train graphs (seed=115)

=== Epoch 115/1000 ===
[train] loss=5.0521 cls=0.4071 cme=2.1660 acc=0.9816 cells=158379
[ct_train] rechunked train graphs (seed=116)

=== Epoch 116/1000 ===
[train] loss=5.0547 cls=0.4076 cme=2.1669 acc=0.9810 cells=158379
[val]   loss=5.1434 eval=2.6168 cls=0.4099 cme=2.2070 acc=0.9752 cells=118036
[ct_train] saved best checkpoint (val_eval_loss=2.6168 val_acc=0.9752)
[ct_train] early_stopping: no improve on val/eval_loss for 1/45 val checks
[ct_train] rechunked train graphs (seed=117)

=== Epoch 117/1000 ===
[train] loss=5.0596 cls=0.4070 cme=2.1696 acc=0.9815 cells=158379
[ct_train] rechunked train graphs (seed=118)

=== Epoch 118/1000 ===
[train] loss=5.0558 cls=0.4062 cme=2.1682 acc=0.9817 cells=158379
[val]   loss=5.1427 eval=2.6165 cls=0.4098 cme=2.2067 acc=0.9752 cells=118036
[ct_train] saved best checkpoint (val_eval_loss=2.6165 val_acc=0.9752)
[ct_train] rechunked train graphs (seed=119)

=== Epoch 119/1000 ===
[train] loss=5.0437 cls=0.4053 cme=2.1630 acc=0.9815 cells=158379
[ct_train] rechunked train graphs (seed=120)

=== Epoch 120/1000 ===
[train] loss=5.0424 cls=0.4040 cme=2.1629 acc=0.9824 cells=158379
[val]   loss=5.1417 eval=2.6159 cls=0.4094 cme=2.2064 acc=0.9753 cells=118036
[ct_train] saved best checkpoint (val_eval_loss=2.6159 val_acc=0.9753)
[ct_train] rechunked train graphs (seed=121)

=== Epoch 121/1000 ===
[train] loss=5.0576 cls=0.4055 cme=2.1693 acc=0.9820 cells=158379
[ct_train] rechunked train graphs (seed=122)

=== Epoch 122/1000 ===
[train] loss=5.0382 cls=0.4047 cme=2.1607 acc=0.9822 cells=158379
[val]   loss=5.1411 eval=2.6155 cls=0.4092 cme=2.2063 acc=0.9753 cells=118036
[ct_train] saved best checkpoint (val_eval_loss=2.6155 val_acc=0.9753)
[ct_train] rechunked train graphs (seed=123)

=== Epoch 123/1000 ===
[train] loss=5.0469 cls=0.4041 cme=2.1650 acc=0.9825 cells=158379
[ct_train] rechunked train graphs (seed=124)

=== Epoch 124/1000 ===
[train] loss=5.0554 cls=0.4043 cme=2.1688 acc=0.9825 cells=158379
[val]   loss=5.1410 eval=2.6155 cls=0.4092 cme=2.2062 acc=0.9754 cells=118036
[ct_train] saved best checkpoint (val_eval_loss=2.6155 val_acc=0.9754)
[ct_train] early_stopping: no improve on val/eval_loss for 1/45 val checks
[ct_train] rechunked train graphs (seed=125)

=== Epoch 125/1000 ===
[train] loss=5.0513 cls=0.4048 cme=2.1667 acc=0.9825 cells=158379
[ct_train] rechunked train graphs (seed=126)

=== Epoch 126/1000 ===
[train] loss=5.0447 cls=0.4037 cme=2.1641 acc=0.9827 cells=158379
[val]   loss=5.1399 eval=2.6149 cls=0.4092 cme=2.2057 acc=0.9753 cells=118036
[ct_train] saved best checkpoint (val_eval_loss=2.6149 val_acc=0.9754)
[ct_train] rechunked train graphs (seed=127)

=== Epoch 127/1000 ===
[train] loss=5.0586 cls=0.4043 cme=2.1703 acc=0.9821 cells=158379
[ct_train] rechunked train graphs (seed=128)

=== Epoch 128/1000 ===
[train] loss=5.0436 cls=0.4034 cme=2.1638 acc=0.9827 cells=158379
[val]   loss=5.1389 eval=2.6145 cls=0.4092 cme=2.2052 acc=0.9753 cells=118036
[ct_train] saved best checkpoint (val_eval_loss=2.6145 val_acc=0.9754)
[ct_train] rechunked train graphs (seed=129)

=== Epoch 129/1000 ===
[train] loss=5.0454 cls=0.4027 cme=2.1650 acc=0.9829 cells=158379
[ct_train] rechunked train graphs (seed=130)

=== Epoch 130/1000 ===
[train] loss=5.0460 cls=0.4026 cme=2.1651 acc=0.9828 cells=158379
[val]   loss=5.1382 eval=2.6141 cls=0.4092 cme=2.2049 acc=0.9752 cells=118036
[ct_train] saved best checkpoint (val_eval_loss=2.6141 val_acc=0.9754)
[ct_train] rechunked train graphs (seed=131)

=== Epoch 131/1000 ===
[train] loss=5.0369 cls=0.4016 cme=2.1615 acc=0.9832 cells=158379
[ct_train] rechunked train graphs (seed=132)

=== Epoch 132/1000 ===
[train] loss=5.0365 cls=0.4019 cme=2.1612 acc=0.9833 cells=158379
[val]   loss=5.1382 eval=2.6141 cls=0.4091 cme=2.2050 acc=0.9753 cells=118036
[ct_train] saved best checkpoint (val_eval_loss=2.6141 val_acc=0.9754)
[ct_train] early_stopping: no improve on val/eval_loss for 1/45 val checks
[ct_train] rechunked train graphs (seed=133)

=== Epoch 133/1000 ===
[train] loss=5.0409 cls=0.4018 cme=2.1632 acc=0.9831 cells=158379
[ct_train] rechunked train graphs (seed=134)

=== Epoch 134/1000 ===
[train] loss=5.0458 cls=0.4025 cme=2.1652 acc=0.9835 cells=158379
[val]   loss=5.1378 eval=2.6140 cls=0.4093 cme=2.2047 acc=0.9752 cells=118036
[ct_train] saved best checkpoint (val_eval_loss=2.6140 val_acc=0.9754)
[ct_train] early_stopping: no improve on val/eval_loss for 2/45 val checks
[ct_train] rechunked train graphs (seed=135)

=== Epoch 135/1000 ===
[train] loss=5.0429 cls=0.4012 cme=2.1645 acc=0.9834 cells=158379
[ct_train] rechunked train graphs (seed=136)

=== Epoch 136/1000 ===
[train] loss=5.0355 cls=0.4018 cme=2.1607 acc=0.9831 cells=158379
[val]   loss=5.1389 eval=2.6145 cls=0.4093 cme=2.2053 acc=0.9751 cells=118036
[ct_train] early_stopping: no improve on val/eval_loss for 3/45 val checks
[ct_train] rechunked train graphs (seed=137)

=== Epoch 137/1000 ===
[train] loss=5.0438 cls=0.4013 cme=2.1648 acc=0.9834 cells=158379
[ct_train] rechunked train graphs (seed=138)

=== Epoch 138/1000 ===
[train] loss=5.0292 cls=0.4012 cme=2.1581 acc=0.9833 cells=158379
[val]   loss=5.1394 eval=2.6146 cls=0.4091 cme=2.2055 acc=0.9753 cells=118036
[ct_train] early_stopping: no improve on val/eval_loss for 4/45 val checks
[ct_train] rechunked train graphs (seed=139)

=== Epoch 139/1000 ===
[train] loss=5.0361 cls=0.4009 cme=2.1615 acc=0.9836 cells=158379
[ct_train] rechunked train graphs (seed=140)

=== Epoch 140/1000 ===
[train] loss=5.0306 cls=0.3996 cme=2.1595 acc=0.9838 cells=158379
[val]   loss=5.1388 eval=2.6143 cls=0.4090 cme=2.2053 acc=0.9753 cells=118036
[ct_train] early_stopping: no improve on val/eval_loss for 5/45 val checks
[ct_train] rechunked train graphs (seed=141)

=== Epoch 141/1000 ===
[train] loss=5.0340 cls=0.3997 cme=2.1611 acc=0.9841 cells=158379
[ct_train] rechunked train graphs (seed=142)

=== Epoch 142/1000 ===
[train] loss=5.0278 cls=0.3991 cme=2.1585 acc=0.9841 cells=158379
[val]   loss=5.1377 eval=2.6139 cls=0.4092 cme=2.2048 acc=0.9754 cells=118036
[ct_train] saved best checkpoint (val_eval_loss=2.6139 val_acc=0.9754)
[ct_train] early_stopping: no improve on val/eval_loss for 6/45 val checks
[ct_train] rechunked train graphs (seed=143)

=== Epoch 143/1000 ===
[train] loss=5.0236 cls=0.3992 cme=2.1564 acc=0.9840 cells=158379
[ct_train] rechunked train graphs (seed=144)

=== Epoch 144/1000 ===
[train] loss=5.0257 cls=0.3996 cme=2.1573 acc=0.9838 cells=158379
[val]   loss=5.1371 eval=2.6136 cls=0.4092 cme=2.2044 acc=0.9755 cells=118036
[ct_train] saved best checkpoint (val_eval_loss=2.6136 val_acc=0.9755)
[ct_train] rechunked train graphs (seed=145)

=== Epoch 145/1000 ===
[train] loss=5.0348 cls=0.3994 cme=2.1615 acc=0.9841 cells=158379
[ct_train] rechunked train graphs (seed=146)

=== Epoch 146/1000 ===
[train] loss=5.0233 cls=0.3988 cme=2.1565 acc=0.9839 cells=158379
[val]   loss=5.1371 eval=2.6138 cls=0.4094 cme=2.2043 acc=0.9755 cells=118036
[ct_train] early_stopping: no improve on val/eval_loss for 1/45 val checks
[ct_train] rechunked train graphs (seed=147)

=== Epoch 147/1000 ===
[train] loss=5.0295 cls=0.3988 cme=2.1594 acc=0.9846 cells=158379
[ct_train] rechunked train graphs (seed=148)

=== Epoch 148/1000 ===
[train] loss=5.0275 cls=0.3973 cme=2.1591 acc=0.9845 cells=158379
[val]   loss=5.1370 eval=2.6137 cls=0.4093 cme=2.2043 acc=0.9755 cells=118036
[ct_train] early_stopping: no improve on val/eval_loss for 2/45 val checks
[ct_train] rechunked train graphs (seed=149)

=== Epoch 149/1000 ===
[train] loss=5.0227 cls=0.3976 cme=2.1569 acc=0.9845 cells=158379
[ct_train] rechunked train graphs (seed=150)

=== Epoch 150/1000 ===
[train] loss=5.0176 cls=0.3971 cme=2.1547 acc=0.9850 cells=158379
[val]   loss=5.1367 eval=2.6136 cls=0.4094 cme=2.2042 acc=0.9754 cells=118036
[ct_train] saved best checkpoint (val_eval_loss=2.6136 val_acc=0.9755)
[ct_train] early_stopping: no improve on val/eval_loss for 3/45 val checks
[ct_train] rechunked train graphs (seed=151)

=== Epoch 151/1000 ===
[train] loss=5.0244 cls=0.3967 cme=2.1580 acc=0.9853 cells=158379
[ct_train] rechunked train graphs (seed=152)

=== Epoch 152/1000 ===
[train] loss=5.0299 cls=0.3970 cme=2.1604 acc=0.9851 cells=158379
[val]   loss=5.1361 eval=2.6133 cls=0.4095 cme=2.2038 acc=0.9755 cells=118036
[ct_train] saved best checkpoint (val_eval_loss=2.6133 val_acc=0.9755)
[ct_train] early_stopping: no improve on val/eval_loss for 4/45 val checks
[ct_train] rechunked train graphs (seed=153)

=== Epoch 153/1000 ===
[train] loss=5.0167 cls=0.3971 cme=2.1543 acc=0.9849 cells=158379
[ct_train] rechunked train graphs (seed=154)

=== Epoch 154/1000 ===
[train] loss=5.0207 cls=0.3966 cme=2.1563 acc=0.9851 cells=158379
[val]   loss=5.1365 eval=2.6134 cls=0.4094 cme=2.2041 acc=0.9756 cells=118036
[ct_train] early_stopping: no improve on val/eval_loss for 5/45 val checks
[ct_train] rechunked train graphs (seed=155)

=== Epoch 155/1000 ===
[train] loss=5.0270 cls=0.3965 cme=2.1593 acc=0.9854 cells=158379
[ct_train] rechunked train graphs (seed=156)

=== Epoch 156/1000 ===
[train] loss=5.0156 cls=0.3959 cme=2.1543 acc=0.9854 cells=158379
[val]   loss=5.1378 eval=2.6143 cls=0.4097 cme=2.2045 acc=0.9755 cells=118036
[ct_train] early_stopping: no improve on val/eval_loss for 6/45 val checks
[ct_train] rechunked train graphs (seed=157)

=== Epoch 157/1000 ===
[train] loss=5.0186 cls=0.3950 cme=2.1561 acc=0.9856 cells=158379
[ct_train] rechunked train graphs (seed=158)

=== Epoch 158/1000 ===
[train] loss=5.0163 cls=0.3955 cme=2.1548 acc=0.9855 cells=158379
[val]   loss=5.1375 eval=2.6141 cls=0.4097 cme=2.2044 acc=0.9755 cells=118036
[ct_train] early_stopping: no improve on val/eval_loss for 7/45 val checks
[ct_train] rechunked train graphs (seed=159)

=== Epoch 159/1000 ===
[train] loss=5.0070 cls=0.3947 cme=2.1509 acc=0.9855 cells=158379
[ct_train] rechunked train graphs (seed=160)

=== Epoch 160/1000 ===
[train] loss=5.0210 cls=0.3954 cme=2.1570 acc=0.9854 cells=158379
[val]   loss=5.1372 eval=2.6140 cls=0.4097 cme=2.2043 acc=0.9755 cells=118036
[ct_train] early_stopping: no improve on val/eval_loss for 8/45 val checks
[ct_train] rechunked train graphs (seed=161)

=== Epoch 161/1000 ===
[train] loss=5.0131 cls=0.3948 cme=2.1537 acc=0.9855 cells=158379
[ct_train] rechunked train graphs (seed=162)

=== Epoch 162/1000 ===
[train] loss=5.0194 cls=0.3954 cme=2.1562 acc=0.9853 cells=158379
[val]   loss=5.1375 eval=2.6141 cls=0.4097 cme=2.2044 acc=0.9755 cells=118036
[ct_train] early_stopping: no improve on val/eval_loss for 9/45 val checks
[ct_train] rechunked train graphs (seed=163)

=== Epoch 163/1000 ===
[train] loss=5.0056 cls=0.3943 cme=2.1504 acc=0.9858 cells=158379
[ct_train] rechunked train graphs (seed=164)

=== Epoch 164/1000 ===
[train] loss=5.0070 cls=0.3939 cme=2.1512 acc=0.9861 cells=158379
[val]   loss=5.1371 eval=2.6139 cls=0.4096 cme=2.2043 acc=0.9754 cells=118036
[ct_train] early_stopping: no improve on val/eval_loss for 10/45 val checks
[ct_train] rechunked train graphs (seed=165)

=== Epoch 165/1000 ===
[train] loss=5.0059 cls=0.3933 cme=2.1510 acc=0.9863 cells=158379
[ct_train] rechunked train graphs (seed=166)

=== Epoch 166/1000 ===
[train] loss=5.0062 cls=0.3934 cme=2.1512 acc=0.9861 cells=158379
[val]   loss=5.1380 eval=2.6143 cls=0.4097 cme=2.2046 acc=0.9755 cells=118036
[ct_train] early_stopping: no improve on val/eval_loss for 11/45 val checks
[ct_train] rechunked train graphs (seed=167)

=== Epoch 167/1000 ===
[train] loss=5.0171 cls=0.3953 cme=2.1553 acc=0.9855 cells=158379
[ct_train] rechunked train graphs (seed=168)

=== Epoch 168/1000 ===
[train] loss=5.0050 cls=0.3927 cme=2.1509 acc=0.9861 cells=158379
[val]   loss=5.1390 eval=2.6149 cls=0.4098 cme=2.2051 acc=0.9756 cells=118036
[ct_train] early_stopping: no improve on val/eval_loss for 12/45 val checks
[ct_train] rechunked train graphs (seed=169)

=== Epoch 169/1000 ===
[train] loss=5.0040 cls=0.3927 cme=2.1504 acc=0.9862 cells=158379
[ct_train] rechunked train graphs (seed=170)

=== Epoch 170/1000 ===
[train] loss=5.0114 cls=0.3934 cme=2.1535 acc=0.9860 cells=158379
[val]   loss=5.1398 eval=2.6154 cls=0.4101 cme=2.2053 acc=0.9754 cells=118036
[ct_train] early_stopping: no improve on val/eval_loss for 13/45 val checks
[ct_train] rechunked train graphs (seed=171)

=== Epoch 171/1000 ===
[train] loss=5.0027 cls=0.3924 cme=2.1500 acc=0.9862 cells=158379
[ct_train] rechunked train graphs (seed=172)

=== Epoch 172/1000 ===
[train] loss=5.0144 cls=0.3939 cme=2.1547 acc=0.9861 cells=158379
[val]   loss=5.1394 eval=2.6152 cls=0.4101 cme=2.2051 acc=0.9755 cells=118036
[ct_train] early_stopping: no improve on val/eval_loss for 14/45 val checks
[ct_train] rechunked train graphs (seed=173)

=== Epoch 173/1000 ===
[train] loss=5.0237 cls=0.3926 cme=2.1595 acc=0.9865 cells=158379
[ct_train] rechunked train graphs (seed=174)

=== Epoch 174/1000 ===
[train] loss=5.0035 cls=0.3915 cme=2.1507 acc=0.9869 cells=158379
[val]   loss=5.1392 eval=2.6151 cls=0.4100 cme=2.2051 acc=0.9754 cells=118036
[ct_train] early_stopping: no improve on val/eval_loss for 15/45 val checks
[ct_train] rechunked train graphs (seed=175)

=== Epoch 175/1000 ===
[train] loss=5.0071 cls=0.3920 cme=2.1522 acc=0.9864 cells=158379
[ct_train] rechunked train graphs (seed=176)

=== Epoch 176/1000 ===
[train] loss=5.0110 cls=0.3924 cme=2.1538 acc=0.9867 cells=158379
[val]   loss=5.1402 eval=2.6156 cls=0.4100 cme=2.2056 acc=0.9755 cells=118036
[ct_train] early_stopping: no improve on val/eval_loss for 16/45 val checks
[ct_train] rechunked train graphs (seed=177)

=== Epoch 177/1000 ===
[train] loss=5.0009 cls=0.3919 cme=2.1494 acc=0.9866 cells=158379
[ct_train] rechunked train graphs (seed=178)

=== Epoch 178/1000 ===
[train] loss=5.0029 cls=0.3914 cme=2.1505 acc=0.9868 cells=158379
[val]   loss=5.1397 eval=2.6154 cls=0.4102 cme=2.2052 acc=0.9755 cells=118036
[ct_train] early_stopping: no improve on val/eval_loss for 17/45 val checks
[ct_train] rechunked train graphs (seed=179)

=== Epoch 179/1000 ===
[train] loss=5.0112 cls=0.3913 cme=2.1544 acc=0.9869 cells=158379
[ct_train] rechunked train graphs (seed=180)

=== Epoch 180/1000 ===
[train] loss=5.0045 cls=0.3907 cme=2.1516 acc=0.9872 cells=158379
[val]   loss=5.1403 eval=2.6157 cls=0.4102 cme=2.2055 acc=0.9754 cells=118036
[ct_train] early_stopping: no improve on val/eval_loss for 18/45 val checks
[ct_train] rechunked train graphs (seed=181)

=== Epoch 181/1000 ===
[train] loss=4.9868 cls=0.3908 cme=2.1434 acc=0.9868 cells=158379
[ct_train] rechunked train graphs (seed=182)

=== Epoch 182/1000 ===
[train] loss=4.9909 cls=0.3904 cme=2.1454 acc=0.9871 cells=158379
[val]   loss=5.1405 eval=2.6159 cls=0.4104 cme=2.2056 acc=0.9754 cells=118036
[ct_train] early_stopping: no improve on val/eval_loss for 19/45 val checks
[ct_train] rechunked train graphs (seed=183)

=== Epoch 183/1000 ===
[train] loss=4.9933 cls=0.3910 cme=2.1463 acc=0.9870 cells=158379
[ct_train] rechunked train graphs (seed=184)

=== Epoch 184/1000 ===
[train] loss=4.9946 cls=0.3907 cme=2.1470 acc=0.9870 cells=158379
[val]   loss=5.1414 eval=2.6164 cls=0.4104 cme=2.2060 acc=0.9755 cells=118036
[ct_train] early_stopping: no improve on val/eval_loss for 20/45 val checks
[ct_train] rechunked train graphs (seed=185)

=== Epoch 185/1000 ===
[train] loss=4.9928 cls=0.3907 cme=2.1462 acc=0.9869 cells=158379
[ct_train] rechunked train graphs (seed=186)

=== Epoch 186/1000 ===
[train] loss=5.0002 cls=0.3908 cme=2.1496 acc=0.9872 cells=158379
[val]   loss=5.1410 eval=2.6163 cls=0.4106 cme=2.2057 acc=0.9755 cells=118036
[ct_train] early_stopping: no improve on val/eval_loss for 21/45 val checks
[ct_train] rechunked train graphs (seed=187)

=== Epoch 187/1000 ===
[train] loss=5.0013 cls=0.3915 cme=2.1497 acc=0.9869 cells=158379
[ct_train] rechunked train graphs (seed=188)

=== Epoch 188/1000 ===
[train] loss=4.9902 cls=0.3909 cme=2.1448 acc=0.9868 cells=158379
[val]   loss=5.1413 eval=2.6164 cls=0.4106 cme=2.2058 acc=0.9755 cells=118036
[ct_train] early_stopping: no improve on val/eval_loss for 22/45 val checks
[ct_train] rechunked train graphs (seed=189)

=== Epoch 189/1000 ===
[train] loss=4.9923 cls=0.3902 cme=2.1462 acc=0.9872 cells=158379
[ct_train] rechunked train graphs (seed=190)

=== Epoch 190/1000 ===
[train] loss=4.9915 cls=0.3891 cme=2.1464 acc=0.9875 cells=158379
[val]   loss=5.1408 eval=2.6163 cls=0.4108 cme=2.2055 acc=0.9756 cells=118036
[ct_train] early_stopping: no improve on val/eval_loss for 23/45 val checks
[ct_train] rechunked train graphs (seed=191)

=== Epoch 191/1000 ===
[train] loss=4.9937 cls=0.3888 cme=2.1475 acc=0.9879 cells=158379
[ct_train] rechunked train graphs (seed=192)

=== Epoch 192/1000 ===
[train] loss=4.9909 cls=0.3884 cme=2.1464 acc=0.9882 cells=158379
[val]   loss=5.1414 eval=2.6166 cls=0.4110 cme=2.2056 acc=0.9754 cells=118036
[ct_train] early_stopping: no improve on val/eval_loss for 24/45 val checks
[ct_train] rechunked train graphs (seed=193)

=== Epoch 193/1000 ===
[train] loss=4.9943 cls=0.3894 cme=2.1475 acc=0.9874 cells=158379
[ct_train] rechunked train graphs (seed=194)

=== Epoch 194/1000 ===
[train] loss=4.9876 cls=0.3880 cme=2.1451 acc=0.9880 cells=158379
[val]   loss=5.1414 eval=2.6167 cls=0.4112 cme=2.2056 acc=0.9755 cells=118036
[ct_train] early_stopping: no improve on val/eval_loss for 25/45 val checks
[ct_train] rechunked train graphs (seed=195)

=== Epoch 195/1000 ===
[train] loss=4.9849 cls=0.3891 cme=2.1433 acc=0.9878 cells=158379
[ct_train] rechunked train graphs (seed=196)

=== Epoch 196/1000 ===
[train] loss=4.9856 cls=0.3880 cme=2.1441 acc=0.9882 cells=158379
[val]   loss=5.1423 eval=2.6173 cls=0.4114 cme=2.2059 acc=0.9756 cells=118036
[ct_train] early_stopping: no improve on val/eval_loss for 26/45 val checks
[ct_train] rechunked train graphs (seed=197)

=== Epoch 197/1000 ===
[train] loss=4.9796 cls=0.3880 cme=2.1414 acc=0.9882 cells=158379
[ct_train] rechunked train graphs (seed=198)

=== Epoch 198/1000 ===
[train] loss=4.9864 cls=0.3884 cme=2.1442 acc=0.9878 cells=158379
[val]   loss=5.1436 eval=2.6180 cls=0.4115 cme=2.2064 acc=0.9757 cells=118036
[ct_train] early_stopping: no improve on val/eval_loss for 27/45 val checks
[ct_train] rechunked train graphs (seed=199)

=== Epoch 199/1000 ===
[train] loss=4.9823 cls=0.3872 cme=2.1429 acc=0.9884 cells=158379
[ct_train] rechunked train graphs (seed=200)

=== Epoch 200/1000 ===
[train] loss=4.9863 cls=0.3880 cme=2.1444 acc=0.9881 cells=158379
[val]   loss=5.1452 eval=2.6189 cls=0.4118 cme=2.2070 acc=0.9756 cells=118036
[ct_train] early_stopping: no improve on val/eval_loss for 28/45 val checks
[ct_train] rechunked train graphs (seed=201)

=== Epoch 201/1000 ===
[train] loss=4.9776 cls=0.3878 cme=2.1406 acc=0.9877 cells=158379
[ct_train] rechunked train graphs (seed=202)

=== Epoch 202/1000 ===
[train] loss=4.9748 cls=0.3868 cme=2.1396 acc=0.9888 cells=158379
[val]   loss=5.1454 eval=2.6190 cls=0.4119 cme=2.2071 acc=0.9756 cells=118036
[ct_train] early_stopping: no improve on val/eval_loss for 29/45 val checks
[ct_train] rechunked train graphs (seed=203)

=== Epoch 203/1000 ===
[train] loss=4.9834 cls=0.3870 cme=2.1434 acc=0.9885 cells=158379
[ct_train] rechunked train graphs (seed=204)

=== Epoch 204/1000 ===
[train] loss=4.9705 cls=0.3864 cme=2.1379 acc=0.9887 cells=158379
[val]   loss=5.1460 eval=2.6194 cls=0.4122 cme=2.2073 acc=0.9756 cells=118036
[ct_train] early_stopping: no improve on val/eval_loss for 30/45 val checks
[ct_train] rechunked train graphs (seed=205)

=== Epoch 205/1000 ===
[train] loss=4.9695 cls=0.3862 cme=2.1375 acc=0.9886 cells=158379
[ct_train] rechunked train graphs (seed=206)

=== Epoch 206/1000 ===
[train] loss=4.9993 cls=0.3867 cme=2.1510 acc=0.9887 cells=158379
[val]   loss=5.1462 eval=2.6196 cls=0.4124 cme=2.2073 acc=0.9754 cells=118036
[ct_train] early_stopping: no improve on val/eval_loss for 31/45 val checks
[ct_train] rechunked train graphs (seed=207)

=== Epoch 207/1000 ===
[train] loss=4.9816 cls=0.3858 cme=2.1432 acc=0.9890 cells=158379
[ct_train] rechunked train graphs (seed=208)

=== Epoch 208/1000 ===
[train] loss=4.9838 cls=0.3864 cme=2.1441 acc=0.9884 cells=158379
[val]   loss=5.1491 eval=2.6212 cls=0.4127 cme=2.2085 acc=0.9755 cells=118036
[ct_train] early_stopping: no improve on val/eval_loss for 32/45 val checks
[ct_train] rechunked train graphs (seed=209)

=== Epoch 209/1000 ===
[train] loss=4.9746 cls=0.3861 cme=2.1399 acc=0.9888 cells=158379
[ct_train] rechunked train graphs (seed=210)

=== Epoch 210/1000 ===
[train] loss=4.9829 cls=0.3860 cme=2.1438 acc=0.9890 cells=158379
[val]   loss=5.1471 eval=2.6202 cls=0.4127 cme=2.2075 acc=0.9756 cells=118036
[ct_train] early_stopping: no improve on val/eval_loss for 33/45 val checks
[ct_train] rechunked train graphs (seed=211)

=== Epoch 211/1000 ===
[train] loss=4.9740 cls=0.3853 cme=2.1400 acc=0.9890 cells=158379
[ct_train] rechunked train graphs (seed=212)

=== Epoch 212/1000 ===
[train] loss=4.9796 cls=0.3862 cme=2.1422 acc=0.9888 cells=158379
[val]   loss=5.1465 eval=2.6199 cls=0.4125 cme=2.2074 acc=0.9756 cells=118036
[ct_train] early_stopping: no improve on val/eval_loss for 34/45 val checks
[ct_train] rechunked train graphs (seed=213)

=== Epoch 213/1000 ===
[train] loss=4.9614 cls=0.3851 cme=2.1343 acc=0.9888 cells=158379
[ct_train] rechunked train graphs (seed=214)

=== Epoch 214/1000 ===
[train] loss=4.9777 cls=0.3852 cme=2.1418 acc=0.9891 cells=158379
[val]   loss=5.1486 eval=2.6209 cls=0.4126 cme=2.2083 acc=0.9756 cells=118036
[ct_train] early_stopping: no improve on val/eval_loss for 35/45 val checks
[ct_train] rechunked train graphs (seed=215)

=== Epoch 215/1000 ===
[train] loss=4.9796 cls=0.3850 cme=2.1427 acc=0.9890 cells=158379
[ct_train] rechunked train graphs (seed=216)

=== Epoch 216/1000 ===
[train] loss=4.9738 cls=0.3851 cme=2.1400 acc=0.9890 cells=158379
[val]   loss=5.1478 eval=2.6206 cls=0.4127 cme=2.2079 acc=0.9755 cells=118036
[ct_train] early_stopping: no improve on val/eval_loss for 36/45 val checks
[ct_train] rechunked train graphs (seed=217)

=== Epoch 217/1000 ===
[train] loss=4.9756 cls=0.3847 cme=2.1410 acc=0.9895 cells=158379
[ct_train] rechunked train graphs (seed=218)

=== Epoch 218/1000 ===
[train] loss=4.9770 cls=0.3852 cme=2.1415 acc=0.9889 cells=158379
[val]   loss=5.1482 eval=2.6207 cls=0.4127 cme=2.2080 acc=0.9755 cells=118036
[ct_train] early_stopping: no improve on val/eval_loss for 37/45 val checks
[ct_train] rechunked train graphs (seed=219)

=== Epoch 219/1000 ===
[train] loss=4.9707 cls=0.3844 cme=2.1389 acc=0.9895 cells=158379
[ct_train] rechunked train graphs (seed=220)

=== Epoch 220/1000 ===
[train] loss=4.9781 cls=0.3837 cme=2.1427 acc=0.9896 cells=158379
[val]   loss=5.1492 eval=2.6213 cls=0.4129 cme=2.2084 acc=0.9755 cells=118036
[ct_train] early_stopping: no improve on val/eval_loss for 38/45 val checks
[ct_train] rechunked train graphs (seed=221)

=== Epoch 221/1000 ===
[train] loss=4.9619 cls=0.3833 cme=2.1353 acc=0.9897 cells=158379
[ct_train] rechunked train graphs (seed=222)

=== Epoch 222/1000 ===
[train] loss=4.9529 cls=0.3836 cme=2.1311 acc=0.9895 cells=158379
[val]   loss=5.1507 eval=2.6222 cls=0.4133 cme=2.2090 acc=0.9754 cells=118036
[ct_train] early_stopping: no improve on val/eval_loss for 39/45 val checks
[ct_train] rechunked train graphs (seed=223)

=== Epoch 223/1000 ===
[train] loss=4.9637 cls=0.3837 cme=2.1360 acc=0.9898 cells=158379
[ct_train] rechunked train graphs (seed=224)

=== Epoch 224/1000 ===
[train] loss=4.9738 cls=0.3834 cme=2.1407 acc=0.9896 cells=158379
[val]   loss=5.1530 eval=2.6234 cls=0.4135 cme=2.2099 acc=0.9754 cells=118036
[ct_train] early_stopping: no improve on val/eval_loss for 40/45 val checks
[ct_train] rechunked train graphs (seed=225)

=== Epoch 225/1000 ===
[train] loss=4.9612 cls=0.3830 cme=2.1352 acc=0.9899 cells=158379
[ct_train] rechunked train graphs (seed=226)

=== Epoch 226/1000 ===
[train] loss=4.9695 cls=0.3826 cme=2.1391 acc=0.9903 cells=158379
[val]   loss=5.1547 eval=2.6245 cls=0.4140 cme=2.2105 acc=0.9755 cells=118036
[ct_train] early_stopping: no improve on val/eval_loss for 41/45 val checks
[ct_train] rechunked train graphs (seed=227)

=== Epoch 227/1000 ===
[train] loss=4.9596 cls=0.3838 cme=2.1340 acc=0.9897 cells=158379
[ct_train] rechunked train graphs (seed=228)

=== Epoch 228/1000 ===
[train] loss=4.9663 cls=0.3831 cme=2.1374 acc=0.9897 cells=158379
[val]   loss=5.1560 eval=2.6252 cls=0.4142 cme=2.2110 acc=0.9754 cells=118036
[ct_train] early_stopping: no improve on val/eval_loss for 42/45 val checks
[ct_train] rechunked train graphs (seed=229)

=== Epoch 229/1000 ===
[train] loss=4.9653 cls=0.3829 cme=2.1371 acc=0.9902 cells=158379
[ct_train] rechunked train graphs (seed=230)

=== Epoch 230/1000 ===
[train] loss=4.9548 cls=0.3824 cme=2.1325 acc=0.9902 cells=158379
[val]   loss=5.1563 eval=2.6255 cls=0.4145 cme=2.2110 acc=0.9752 cells=118036
[ct_train] early_stopping: no improve on val/eval_loss for 43/45 val checks
[ct_train] rechunked train graphs (seed=231)

=== Epoch 231/1000 ===
[train] loss=4.9462 cls=0.3824 cme=2.1285 acc=0.9901 cells=158379
[ct_train] rechunked train graphs (seed=232)

=== Epoch 232/1000 ===
[train] loss=4.9632 cls=0.3821 cme=2.1365 acc=0.9904 cells=158379
[val]   loss=5.1568 eval=2.6258 cls=0.4145 cme=2.2113 acc=0.9753 cells=118036
[ct_train] early_stopping: no improve on val/eval_loss for 44/45 val checks
[ct_train] rechunked train graphs (seed=233)

=== Epoch 233/1000 ===
[train] loss=4.9628 cls=0.3824 cme=2.1361 acc=0.9903 cells=158379
[ct_train] rechunked train graphs (seed=234)

=== Epoch 234/1000 ===
[train] loss=4.9590 cls=0.3822 cme=2.1345 acc=0.9901 cells=158379
[val]   loss=5.1586 eval=2.6268 cls=0.4148 cme=2.2120 acc=0.9753 cells=118036
[ct_train] early_stopping: no improve on val/eval_loss for 45/45 val checks
[ct_train] early stopping at epoch 234 (patience=45, monitor=val/eval_loss)

[ct_train] done. best_val_acc=0.9757  best_val_eval_loss=2.6133  checkpoints=/home/abel/code/Tissue-Reassembly-using-GenAI-and-new-metrics/exploration/cell_types/outputs/exp109_fus0_layer01  logs=/home/abel/code/Tissue-Reassembly-using-GenAI-and-new-metrics/exploration/cell_types/logs/exp109_fus0_layer01/20260808_035426
wandb: updating run metadata
wandb: uploading output.log; uploading wandb-summary.json; uploading config.yaml
wandb: uploading output.log; uploading wandb-summary.json
wandb: 
wandb: Run summary:
wandb:                      best_epoch 152
wandb:                    best_val_acc 0.97565
wandb:              best_val_eval_loss 2.61334
wandb:                           epoch 234
wandb:                              lr 0.00018
wandb:           model/parameter_count 1305308
wandb: model/trainable_parameter_count 1305308
wandb:                       train/acc 0.99007
wandb:       train/acc_per_class/Astro 0.99372
wandb:        train/acc_per_class/Endo 0.98987
wandb:                             +54 ...
wandb: 
wandb:  View run exp109_fus0_layer01 at: https://wandb.ai/abel-salmona-polytechnique-montr-al/cell_types/runs/ssyc9cv2
wandb:  View project at: https://wandb.ai/abel-salmona-polytechnique-montr-al/cell_types
wandb: Synced 5 W&B file(s), 1 media file(s), 2 artifact file(s) and 1 other file(s)
wandb: Find logs at: ./exploration/cell_types/logs/exp109_fus0_layer01/20260808_035426/wandb/run-20260808_035434-ssyc9cv2/logs
