[ct_train] config=exploration/cell_types/experiments/configs/exp052_lr1p8e4.json
[ct_train] device=cuda  checkpoints=/home/abel/code/Tissue-Reassembly-using-GenAI-and-new-metrics/exploration/cell_types/outputs/exp052_lr1p8e4
[ct_train] logs=/home/abel/code/Tissue-Reassembly-using-GenAI-and-new-metrics/exploration/cell_types/logs/exp052_lr1p8e4/20260807_220402
[ct_train] Loading data …
[DataModule] Reading '/home/abel/biodata/MERFISH_LUNA_small_cortex/MERFISH_mouse_cortex_train.csv' (split=train) with float32 dtype on 254 gene cols + coord cols …
[DataModule] Loaded 158,379 rows for split=train.
[DataModule] Reading '/home/abel/biodata/MERFISH_LUNA_small_cortex/MERFISH_mouse_cortex_test.csv' (split=test) with float32 dtype on 254 gene cols + coord cols …
[DataModule] Loaded 118,036 rows for split=test.
[DataModule] Reading '/home/abel/biodata/MERFISH_LUNA_small_cortex/MERFISH_mouse_cortex_test.csv' (split=validation) with float32 dtype on 254 gene cols + coord cols …
[DataModule] Loaded 118,036 rows for split=validation.
[ct_train] genes=254  classes=23
[ct_train] model predict_cme=True  params=1,272,988
[ct_train] soft CME loaded split=train sigma=96.0 n=158379 C=23
[ct_train] soft CME loaded split=validation sigma=96.0 n=118036 C=23
wandb: [wandb.login()] Loaded credentials for https://api.wandb.ai from /home/abel/.netrc.
wandb: Currently logged in as: abel-salmona (abel-salmona-polytechnique-montr-al) to https://api.wandb.ai. Use `wandb login --relogin` to force relogin
wandb: WARNING Using a boolean value for 'reinit' is deprecated. Use 'return_previous' or 'finish_previous' instead.
wandb: setting up run kbkl8nwz
wandb: Tracking run with wandb version 0.26.1
wandb: Run data is saved locally in /home/abel/code/Tissue-Reassembly-using-GenAI-and-new-metrics/exploration/cell_types/logs/exp052_lr1p8e4/20260807_220402/wandb/run-20260807_220410-kbkl8nwz
wandb: Run `wandb offline` to turn off syncing.
wandb: Syncing run exp052_lr1p8e4
wandb:  View project at https://wandb.ai/abel-salmona-polytechnique-montr-al/cell_types
wandb:  View run at https://wandb.ai/abel-salmona-polytechnique-montr-al/cell_types/runs/kbkl8nwz
wandb: WARNING Saving files without folders. If you want to preserve subdirectories pass base_path to wandb.save, i.e. wandb.save("/mnt/folder/file.h5", base_path="/mnt")
wandb: WARNING Symlinked 1 file into the W&B run directory; call wandb.save again to sync new files.
[ct_train] wandb: project=cell_types name=exp052_lr1p8e4 mode=online url=https://wandb.ai/abel-salmona-polytechnique-montr-al/cell_types/runs/kbkl8nwz
[ct_train] parameters: total=1,272,988 trainable=1,272,988
  [params] mlp_in_node_features: 26,720
  [params] transformer_layers: 633,600
  [params] type_stage1: 19,072
  [params] env_stage1: 93,056
  [params] type_probe: 1,495
  [params] env_probe: 7,383
  [params] fusion_mlp: 370,656
  [params] type_stage2: 20,567
  [params] env_stage2: 100,439
[ct_train] rechunked train graphs (seed=1)

=== Epoch 1/1000 ===
[train] loss=8.2648 cls=2.7396 cme=2.7626 acc=0.2081 cells=158379
[ct_train] rechunked train graphs (seed=2)

=== Epoch 2/1000 ===
[train] loss=7.0659 cls=1.9640 cme=2.5510 acc=0.5768 cells=158379
[val]   loss=6.3719 eval=3.9020 cls=1.4321 cme=2.4699 acc=0.7355 cells=118036
[ct_train] saved best checkpoint (val_eval_loss=3.9020 val_acc=0.7355)
[ct_train] rechunked train graphs (seed=3)

=== Epoch 3/1000 ===
[train] loss=6.2068 cls=1.3388 cme=2.4340 acc=0.7484 cells=158379
[ct_train] rechunked train graphs (seed=4)

=== Epoch 4/1000 ===
[train] loss=5.7463 cls=0.9819 cme=2.3822 acc=0.8440 cells=158379
[val]   loss=5.4668 eval=3.0978 cls=0.7287 cme=2.3690 acc=0.9034 cells=118036
[ct_train] saved best checkpoint (val_eval_loss=3.0978 val_acc=0.9034)
[ct_train] rechunked train graphs (seed=5)

=== Epoch 5/1000 ===
[train] loss=5.5099 cls=0.7978 cme=2.3561 acc=0.8892 cells=158379
[ct_train] rechunked train graphs (seed=6)

=== Epoch 6/1000 ===
[train] loss=5.3566 cls=0.6921 cme=2.3322 acc=0.9141 cells=158379
[val]   loss=5.2194 eval=2.8905 cls=0.5615 cme=2.3290 acc=0.9394 cells=118036
[ct_train] saved best checkpoint (val_eval_loss=2.8905 val_acc=0.9394)
[ct_train] rechunked train graphs (seed=7)

=== Epoch 7/1000 ===
[train] loss=5.2746 cls=0.6349 cme=2.3198 acc=0.9294 cells=158379
[ct_train] rechunked train graphs (seed=8)

=== Epoch 8/1000 ===
[train] loss=5.2122 cls=0.6008 cme=2.3057 acc=0.9380 cells=158379
[val]   loss=5.1194 eval=2.8154 cls=0.5113 cme=2.3040 acc=0.9501 cells=118036
[ct_train] saved best checkpoint (val_eval_loss=2.8154 val_acc=0.9501)
[ct_train] rechunked train graphs (seed=9)

=== Epoch 9/1000 ===
[train] loss=5.1734 cls=0.5777 cme=2.2978 acc=0.9435 cells=158379
[ct_train] rechunked train graphs (seed=10)

=== Epoch 10/1000 ===
[train] loss=5.1305 cls=0.5608 cme=2.2848 acc=0.9472 cells=158379
[val]   loss=5.0569 eval=2.7714 cls=0.4860 cme=2.2854 acc=0.9567 cells=118036
[ct_train] saved best checkpoint (val_eval_loss=2.7714 val_acc=0.9567)
[ct_train] rechunked train graphs (seed=11)

=== Epoch 11/1000 ===
[train] loss=5.1158 cls=0.5498 cme=2.2830 acc=0.9491 cells=158379
[ct_train] rechunked train graphs (seed=12)

=== Epoch 12/1000 ===
[train] loss=5.0882 cls=0.5391 cme=2.2745 acc=0.9510 cells=158379
[val]   loss=5.0353 eval=2.7556 cls=0.4759 cme=2.2797 acc=0.9591 cells=118036
[ct_train] saved best checkpoint (val_eval_loss=2.7556 val_acc=0.9591)
[ct_train] rechunked train graphs (seed=13)

=== Epoch 13/1000 ===
[train] loss=5.0733 cls=0.5322 cme=2.2705 acc=0.9536 cells=158379
[ct_train] rechunked train graphs (seed=14)

=== Epoch 14/1000 ===
[train] loss=5.0673 cls=0.5251 cme=2.2711 acc=0.9548 cells=158379
[val]   loss=5.0052 eval=2.7371 cls=0.4689 cme=2.2682 acc=0.9610 cells=118036
[ct_train] saved best checkpoint (val_eval_loss=2.7371 val_acc=0.9610)
[ct_train] rechunked train graphs (seed=15)

=== Epoch 15/1000 ===
[train] loss=5.0356 cls=0.5197 cme=2.2580 acc=0.9559 cells=158379
[ct_train] rechunked train graphs (seed=16)

=== Epoch 16/1000 ===
[train] loss=5.0392 cls=0.5157 cme=2.2617 acc=0.9565 cells=158379
[val]   loss=4.9948 eval=2.7297 cls=0.4646 cme=2.2651 acc=0.9619 cells=118036
[ct_train] saved best checkpoint (val_eval_loss=2.7297 val_acc=0.9619)
[ct_train] rechunked train graphs (seed=17)

=== Epoch 17/1000 ===
[train] loss=5.0271 cls=0.5108 cme=2.2582 acc=0.9579 cells=158379
[ct_train] rechunked train graphs (seed=18)

=== Epoch 18/1000 ===
[train] loss=5.0264 cls=0.5080 cme=2.2592 acc=0.9588 cells=158379
[val]   loss=4.9724 eval=2.7161 cls=0.4598 cme=2.2563 acc=0.9632 cells=118036
[ct_train] saved best checkpoint (val_eval_loss=2.7161 val_acc=0.9632)
[ct_train] rechunked train graphs (seed=19)

=== Epoch 19/1000 ===
[train] loss=4.9989 cls=0.5035 cme=2.2477 acc=0.9594 cells=158379
[ct_train] rechunked train graphs (seed=20)

=== Epoch 20/1000 ===
[train] loss=4.9939 cls=0.5004 cme=2.2468 acc=0.9601 cells=158379
[val]   loss=4.9649 eval=2.7103 cls=0.4556 cme=2.2546 acc=0.9643 cells=118036
[ct_train] saved best checkpoint (val_eval_loss=2.7103 val_acc=0.9643)
[ct_train] rechunked train graphs (seed=21)

=== Epoch 21/1000 ===
[train] loss=4.9975 cls=0.4990 cme=2.2492 acc=0.9612 cells=158379
[ct_train] rechunked train graphs (seed=22)

=== Epoch 22/1000 ===
[train] loss=4.9776 cls=0.4937 cme=2.2420 acc=0.9616 cells=158379
[val]   loss=4.9597 eval=2.7063 cls=0.4529 cme=2.2534 acc=0.9654 cells=118036
[ct_train] saved best checkpoint (val_eval_loss=2.7063 val_acc=0.9654)
[ct_train] rechunked train graphs (seed=23)

=== Epoch 23/1000 ===
[train] loss=4.9676 cls=0.4912 cme=2.2382 acc=0.9623 cells=158379
[ct_train] rechunked train graphs (seed=24)

=== Epoch 24/1000 ===
[train] loss=4.9706 cls=0.4890 cme=2.2408 acc=0.9631 cells=158379
[val]   loss=4.9375 eval=2.6920 cls=0.4464 cme=2.2455 acc=0.9667 cells=118036
[ct_train] saved best checkpoint (val_eval_loss=2.6920 val_acc=0.9667)
[ct_train] rechunked train graphs (seed=25)

=== Epoch 25/1000 ===
[train] loss=4.9497 cls=0.4866 cme=2.2315 acc=0.9630 cells=158379
[ct_train] rechunked train graphs (seed=26)

=== Epoch 26/1000 ===
[train] loss=4.9550 cls=0.4823 cme=2.2363 acc=0.9648 cells=158379
[val]   loss=4.9368 eval=2.6904 cls=0.4440 cme=2.2464 acc=0.9669 cells=118036
[ct_train] saved best checkpoint (val_eval_loss=2.6904 val_acc=0.9669)
[ct_train] rechunked train graphs (seed=27)

=== Epoch 27/1000 ===
[train] loss=4.9539 cls=0.4811 cme=2.2364 acc=0.9650 cells=158379
[ct_train] rechunked train graphs (seed=28)

=== Epoch 28/1000 ===
[train] loss=4.9479 cls=0.4794 cme=2.2342 acc=0.9659 cells=158379
[val]   loss=4.9214 eval=2.6825 cls=0.4437 cme=2.2389 acc=0.9675 cells=118036
[ct_train] saved best checkpoint (val_eval_loss=2.6825 val_acc=0.9675)
[ct_train] rechunked train graphs (seed=29)

=== Epoch 29/1000 ===
[train] loss=4.9439 cls=0.4783 cme=2.2328 acc=0.9659 cells=158379
[ct_train] rechunked train graphs (seed=30)

=== Epoch 30/1000 ===
[train] loss=4.9436 cls=0.4759 cme=2.2338 acc=0.9666 cells=158379
[val]   loss=4.9197 eval=2.6795 cls=0.4392 cme=2.2402 acc=0.9683 cells=118036
[ct_train] saved best checkpoint (val_eval_loss=2.6795 val_acc=0.9683)
[ct_train] rechunked train graphs (seed=31)

=== Epoch 31/1000 ===
[train] loss=4.9210 cls=0.4734 cme=2.2238 acc=0.9667 cells=158379
[ct_train] rechunked train graphs (seed=32)

=== Epoch 32/1000 ===
[train] loss=4.9277 cls=0.4718 cme=2.2279 acc=0.9673 cells=158379
[val]   loss=4.9159 eval=2.6767 cls=0.4376 cme=2.2392 acc=0.9688 cells=118036
[ct_train] saved best checkpoint (val_eval_loss=2.6767 val_acc=0.9688)
[ct_train] rechunked train graphs (seed=33)

=== Epoch 33/1000 ===
[train] loss=4.9243 cls=0.4717 cme=2.2263 acc=0.9675 cells=158379
[ct_train] rechunked train graphs (seed=34)

=== Epoch 34/1000 ===
[train] loss=4.9160 cls=0.4692 cme=2.2234 acc=0.9681 cells=158379
[val]   loss=4.9120 eval=2.6758 cls=0.4395 cme=2.2362 acc=0.9689 cells=118036
[ct_train] saved best checkpoint (val_eval_loss=2.6758 val_acc=0.9689)
[ct_train] rechunked train graphs (seed=35)

=== Epoch 35/1000 ===
[train] loss=4.9129 cls=0.4667 cme=2.2231 acc=0.9682 cells=158379
[ct_train] rechunked train graphs (seed=36)

=== Epoch 36/1000 ===
[train] loss=4.9229 cls=0.4666 cme=2.2282 acc=0.9683 cells=158379
[val]   loss=4.8957 eval=2.6648 cls=0.4339 cme=2.2309 acc=0.9696 cells=118036
[ct_train] saved best checkpoint (val_eval_loss=2.6648 val_acc=0.9696)
[ct_train] rechunked train graphs (seed=37)

=== Epoch 37/1000 ===
[train] loss=4.9055 cls=0.4638 cme=2.2208 acc=0.9694 cells=158379
[ct_train] rechunked train graphs (seed=38)

=== Epoch 38/1000 ===
[train] loss=4.9065 cls=0.4649 cme=2.2208 acc=0.9696 cells=158379
[val]   loss=4.8945 eval=2.6639 cls=0.4332 cme=2.2306 acc=0.9698 cells=118036
[ct_train] saved best checkpoint (val_eval_loss=2.6639 val_acc=0.9698)
[ct_train] rechunked train graphs (seed=39)

=== Epoch 39/1000 ===
[train] loss=4.8979 cls=0.4612 cme=2.2183 acc=0.9694 cells=158379
[ct_train] rechunked train graphs (seed=40)

=== Epoch 40/1000 ===
[train] loss=4.8934 cls=0.4608 cme=2.2163 acc=0.9700 cells=158379
[val]   loss=4.8867 eval=2.6592 cls=0.4318 cme=2.2275 acc=0.9706 cells=118036
[ct_train] saved best checkpoint (val_eval_loss=2.6592 val_acc=0.9706)
[ct_train] rechunked train graphs (seed=41)

=== Epoch 41/1000 ===
[train] loss=4.8890 cls=0.4595 cme=2.2147 acc=0.9703 cells=158379
[ct_train] rechunked train graphs (seed=42)

=== Epoch 42/1000 ===
[train] loss=4.8932 cls=0.4588 cme=2.2172 acc=0.9702 cells=158379
[val]   loss=4.8804 eval=2.6553 cls=0.4302 cme=2.2251 acc=0.9703 cells=118036
[ct_train] saved best checkpoint (val_eval_loss=2.6553 val_acc=0.9706)
[ct_train] rechunked train graphs (seed=43)

=== Epoch 43/1000 ===
[train] loss=4.8790 cls=0.4571 cme=2.2110 acc=0.9710 cells=158379
[ct_train] rechunked train graphs (seed=44)

=== Epoch 44/1000 ===
[train] loss=4.8813 cls=0.4563 cme=2.2125 acc=0.9710 cells=158379
[val]   loss=4.8783 eval=2.6537 cls=0.4292 cme=2.2246 acc=0.9713 cells=118036
[ct_train] saved best checkpoint (val_eval_loss=2.6537 val_acc=0.9713)
[ct_train] rechunked train graphs (seed=45)

=== Epoch 45/1000 ===
[train] loss=4.8725 cls=0.4546 cme=2.2089 acc=0.9716 cells=158379
[ct_train] rechunked train graphs (seed=46)

=== Epoch 46/1000 ===
[train] loss=4.8701 cls=0.4551 cme=2.2075 acc=0.9711 cells=158379
[val]   loss=4.8873 eval=2.6585 cls=0.4296 cme=2.2289 acc=0.9706 cells=118036
[ct_train] early_stopping: no improve on val/eval_loss for 1/40 val checks
[ct_train] rechunked train graphs (seed=47)

=== Epoch 47/1000 ===
[train] loss=4.8736 cls=0.4539 cme=2.2099 acc=0.9718 cells=158379
[ct_train] rechunked train graphs (seed=48)

=== Epoch 48/1000 ===
[train] loss=4.8641 cls=0.4517 cme=2.2062 acc=0.9722 cells=158379
[val]   loss=4.8746 eval=2.6505 cls=0.4264 cme=2.2241 acc=0.9715 cells=118036
[ct_train] saved best checkpoint (val_eval_loss=2.6505 val_acc=0.9715)
[ct_train] rechunked train graphs (seed=49)

=== Epoch 49/1000 ===
[train] loss=4.8678 cls=0.4510 cme=2.2084 acc=0.9720 cells=158379
[ct_train] rechunked train graphs (seed=50)

=== Epoch 50/1000 ===
[train] loss=4.8675 cls=0.4502 cme=2.2086 acc=0.9728 cells=158379
[val]   loss=4.8769 eval=2.6521 cls=0.4273 cme=2.2248 acc=0.9713 cells=118036
[ct_train] early_stopping: no improve on val/eval_loss for 1/40 val checks
[ct_train] rechunked train graphs (seed=51)

=== Epoch 51/1000 ===
[train] loss=4.8591 cls=0.4485 cme=2.2053 acc=0.9731 cells=158379
[ct_train] rechunked train graphs (seed=52)

=== Epoch 52/1000 ===
[train] loss=4.8604 cls=0.4487 cme=2.2058 acc=0.9727 cells=158379
[val]   loss=4.8712 eval=2.6486 cls=0.4260 cme=2.2226 acc=0.9714 cells=118036
[ct_train] saved best checkpoint (val_eval_loss=2.6486 val_acc=0.9715)
[ct_train] rechunked train graphs (seed=53)

=== Epoch 53/1000 ===
[train] loss=4.8525 cls=0.4487 cme=2.2019 acc=0.9729 cells=158379
[ct_train] rechunked train graphs (seed=54)

=== Epoch 54/1000 ===
[train] loss=4.8552 cls=0.4480 cme=2.2036 acc=0.9730 cells=158379
[val]   loss=4.8703 eval=2.6479 cls=0.4254 cme=2.2224 acc=0.9721 cells=118036
[ct_train] saved best checkpoint (val_eval_loss=2.6479 val_acc=0.9721)
[ct_train] rechunked train graphs (seed=55)

=== Epoch 55/1000 ===
[train] loss=4.8477 cls=0.4462 cme=2.2007 acc=0.9733 cells=158379
[ct_train] rechunked train graphs (seed=56)

=== Epoch 56/1000 ===
[train] loss=4.8586 cls=0.4460 cme=2.2063 acc=0.9732 cells=158379
[val]   loss=4.8767 eval=2.6503 cls=0.4238 cme=2.2265 acc=0.9721 cells=118036
[ct_train] early_stopping: no improve on val/eval_loss for 1/40 val checks
[ct_train] rechunked train graphs (seed=57)

=== Epoch 57/1000 ===
[train] loss=4.8527 cls=0.4460 cme=2.2034 acc=0.9736 cells=158379
[ct_train] rechunked train graphs (seed=58)

=== Epoch 58/1000 ===
[train] loss=4.8573 cls=0.4457 cme=2.2058 acc=0.9738 cells=158379
[val]   loss=4.8724 eval=2.6481 cls=0.4238 cme=2.2243 acc=0.9723 cells=118036
[ct_train] early_stopping: no improve on val/eval_loss for 2/40 val checks
[ct_train] rechunked train graphs (seed=59)

=== Epoch 59/1000 ===
[train] loss=4.8430 cls=0.4432 cme=2.1999 acc=0.9739 cells=158379
[ct_train] rechunked train graphs (seed=60)

=== Epoch 60/1000 ===
[train] loss=4.8471 cls=0.4421 cme=2.2025 acc=0.9748 cells=158379
[val]   loss=4.8597 eval=2.6407 cls=0.4217 cme=2.2190 acc=0.9725 cells=118036
[ct_train] saved best checkpoint (val_eval_loss=2.6407 val_acc=0.9725)
[ct_train] rechunked train graphs (seed=61)

=== Epoch 61/1000 ===
[train] loss=4.8407 cls=0.4440 cme=2.1983 acc=0.9738 cells=158379
[ct_train] rechunked train graphs (seed=62)

=== Epoch 62/1000 ===
[train] loss=4.8384 cls=0.4426 cme=2.1979 acc=0.9745 cells=158379
[val]   loss=4.8624 eval=2.6428 cls=0.4233 cme=2.2196 acc=0.9724 cells=118036
[ct_train] early_stopping: no improve on val/eval_loss for 1/40 val checks
[ct_train] rechunked train graphs (seed=63)

=== Epoch 63/1000 ===
[train] loss=4.8445 cls=0.4422 cme=2.2011 acc=0.9746 cells=158379
[ct_train] rechunked train graphs (seed=64)

=== Epoch 64/1000 ===
[train] loss=4.8380 cls=0.4421 cme=2.1980 acc=0.9744 cells=158379
[val]   loss=4.8564 eval=2.6389 cls=0.4215 cme=2.2174 acc=0.9734 cells=118036
[ct_train] saved best checkpoint (val_eval_loss=2.6389 val_acc=0.9734)
[ct_train] rechunked train graphs (seed=65)

=== Epoch 65/1000 ===
[train] loss=4.8396 cls=0.4404 cme=2.1996 acc=0.9752 cells=158379
[ct_train] rechunked train graphs (seed=66)

=== Epoch 66/1000 ===
[train] loss=4.8419 cls=0.4413 cme=2.2003 acc=0.9744 cells=158379
[val]   loss=4.8737 eval=2.6479 cls=0.4220 cme=2.2258 acc=0.9730 cells=118036
[ct_train] early_stopping: no improve on val/eval_loss for 1/40 val checks
[ct_train] rechunked train graphs (seed=67)

=== Epoch 67/1000 ===
[train] loss=4.8390 cls=0.4408 cme=2.1991 acc=0.9748 cells=158379
[ct_train] rechunked train graphs (seed=68)

=== Epoch 68/1000 ===
[train] loss=4.8288 cls=0.4381 cme=2.1953 acc=0.9754 cells=158379
[val]   loss=4.8598 eval=2.6403 cls=0.4207 cme=2.2196 acc=0.9729 cells=118036
[ct_train] early_stopping: no improve on val/eval_loss for 2/40 val checks
[ct_train] rechunked train graphs (seed=69)

=== Epoch 69/1000 ===
[train] loss=4.8248 cls=0.4393 cme=2.1927 acc=0.9756 cells=158379
[ct_train] rechunked train graphs (seed=70)

=== Epoch 70/1000 ===
[train] loss=4.8291 cls=0.4383 cme=2.1954 acc=0.9756 cells=158379
[val]   loss=4.8547 eval=2.6380 cls=0.4212 cme=2.2168 acc=0.9731 cells=118036
[ct_train] saved best checkpoint (val_eval_loss=2.6380 val_acc=0.9734)
[ct_train] rechunked train graphs (seed=71)

=== Epoch 71/1000 ===
[train] loss=4.8179 cls=0.4364 cme=2.1907 acc=0.9760 cells=158379
[ct_train] rechunked train graphs (seed=72)

=== Epoch 72/1000 ===
[train] loss=4.8209 cls=0.4361 cme=2.1924 acc=0.9758 cells=158379
[val]   loss=4.8647 eval=2.6440 cls=0.4234 cme=2.2206 acc=0.9730 cells=118036
[ct_train] early_stopping: no improve on val/eval_loss for 1/40 val checks
[ct_train] rechunked train graphs (seed=73)

=== Epoch 73/1000 ===
[train] loss=4.8087 cls=0.4355 cme=2.1866 acc=0.9759 cells=158379
[ct_train] rechunked train graphs (seed=74)

=== Epoch 74/1000 ===
[train] loss=4.8163 cls=0.4350 cme=2.1906 acc=0.9761 cells=158379
[val]   loss=4.8644 eval=2.6420 cls=0.4196 cme=2.2224 acc=0.9730 cells=118036
[ct_train] early_stopping: no improve on val/eval_loss for 2/40 val checks
[ct_train] rechunked train graphs (seed=75)

=== Epoch 75/1000 ===
[train] loss=4.8289 cls=0.4362 cme=2.1964 acc=0.9767 cells=158379
[ct_train] rechunked train graphs (seed=76)

=== Epoch 76/1000 ===
[train] loss=4.8213 cls=0.4346 cme=2.1933 acc=0.9761 cells=158379
[val]   loss=4.8571 eval=2.6380 cls=0.4189 cme=2.2191 acc=0.9735 cells=118036
[ct_train] early_stopping: no improve on val/eval_loss for 3/40 val checks
[ct_train] rechunked train graphs (seed=77)

=== Epoch 77/1000 ===
[train] loss=4.8258 cls=0.4337 cme=2.1960 acc=0.9766 cells=158379
[ct_train] rechunked train graphs (seed=78)

=== Epoch 78/1000 ===
[train] loss=4.8210 cls=0.4346 cme=2.1932 acc=0.9763 cells=158379
[val]   loss=4.8599 eval=2.6399 cls=0.4199 cme=2.2200 acc=0.9737 cells=118036
[ct_train] early_stopping: no improve on val/eval_loss for 4/40 val checks
[ct_train] rechunked train graphs (seed=79)

=== Epoch 79/1000 ===
[train] loss=4.8235 cls=0.4330 cme=2.1952 acc=0.9767 cells=158379
[ct_train] rechunked train graphs (seed=80)

=== Epoch 80/1000 ===
[train] loss=4.8216 cls=0.4329 cme=2.1944 acc=0.9769 cells=158379
[val]   loss=4.8522 eval=2.6364 cls=0.4207 cme=2.2158 acc=0.9734 cells=118036
[ct_train] saved best checkpoint (val_eval_loss=2.6364 val_acc=0.9737)
[ct_train] rechunked train graphs (seed=81)

=== Epoch 81/1000 ===
[train] loss=4.8208 cls=0.4333 cme=2.1937 acc=0.9775 cells=158379
[ct_train] rechunked train graphs (seed=82)

=== Epoch 82/1000 ===
[train] loss=4.8062 cls=0.4314 cme=2.1874 acc=0.9772 cells=158379
[val]   loss=4.8522 eval=2.6354 cls=0.4186 cme=2.2168 acc=0.9738 cells=118036
[ct_train] saved best checkpoint (val_eval_loss=2.6354 val_acc=0.9738)
[ct_train] rechunked train graphs (seed=83)

=== Epoch 83/1000 ===
[train] loss=4.8038 cls=0.4310 cme=2.1864 acc=0.9774 cells=158379
[ct_train] rechunked train graphs (seed=84)

=== Epoch 84/1000 ===
[train] loss=4.8040 cls=0.4299 cme=2.1871 acc=0.9775 cells=158379
[val]   loss=4.8487 eval=2.6335 cls=0.4184 cme=2.2152 acc=0.9741 cells=118036
[ct_train] saved best checkpoint (val_eval_loss=2.6335 val_acc=0.9741)
[ct_train] rechunked train graphs (seed=85)

=== Epoch 85/1000 ===
[train] loss=4.8104 cls=0.4306 cme=2.1899 acc=0.9778 cells=158379
[ct_train] rechunked train graphs (seed=86)

=== Epoch 86/1000 ===
[train] loss=4.7995 cls=0.4298 cme=2.1848 acc=0.9775 cells=158379
[val]   loss=4.8579 eval=2.6377 cls=0.4175 cme=2.2202 acc=0.9739 cells=118036
[ct_train] early_stopping: no improve on val/eval_loss for 1/40 val checks
[ct_train] rechunked train graphs (seed=87)

=== Epoch 87/1000 ===
[train] loss=4.8102 cls=0.4289 cme=2.1907 acc=0.9780 cells=158379
[ct_train] rechunked train graphs (seed=88)

=== Epoch 88/1000 ===
[train] loss=4.8017 cls=0.4286 cme=2.1865 acc=0.9783 cells=158379
[val]   loss=4.8426 eval=2.6303 cls=0.4180 cme=2.2123 acc=0.9739 cells=118036
[ct_train] saved best checkpoint (val_eval_loss=2.6303 val_acc=0.9741)
[ct_train] rechunked train graphs (seed=89)

=== Epoch 89/1000 ===
[train] loss=4.7955 cls=0.4277 cme=2.1839 acc=0.9781 cells=158379
[ct_train] rechunked train graphs (seed=90)

=== Epoch 90/1000 ===
[train] loss=4.8142 cls=0.4271 cme=2.1936 acc=0.9783 cells=158379
[val]   loss=4.8456 eval=2.6318 cls=0.4180 cme=2.2138 acc=0.9740 cells=118036
[ct_train] early_stopping: no improve on val/eval_loss for 1/40 val checks
[ct_train] rechunked train graphs (seed=91)

=== Epoch 91/1000 ===
[train] loss=4.7994 cls=0.4272 cme=2.1861 acc=0.9783 cells=158379
[ct_train] rechunked train graphs (seed=92)

=== Epoch 92/1000 ===
[train] loss=4.7955 cls=0.4270 cme=2.1842 acc=0.9786 cells=158379
[val]   loss=4.8474 eval=2.6322 cls=0.4170 cme=2.2152 acc=0.9743 cells=118036
[ct_train] early_stopping: no improve on val/eval_loss for 2/40 val checks
[ct_train] rechunked train graphs (seed=93)

=== Epoch 93/1000 ===
[train] loss=4.8020 cls=0.4279 cme=2.1870 acc=0.9786 cells=158379
[ct_train] rechunked train graphs (seed=94)

=== Epoch 94/1000 ===
[train] loss=4.8003 cls=0.4271 cme=2.1866 acc=0.9785 cells=158379
[val]   loss=4.8406 eval=2.6289 cls=0.4173 cme=2.2117 acc=0.9742 cells=118036
[ct_train] saved best checkpoint (val_eval_loss=2.6289 val_acc=0.9743)
[ct_train] rechunked train graphs (seed=95)

=== Epoch 95/1000 ===
[train] loss=4.7989 cls=0.4260 cme=2.1864 acc=0.9788 cells=158379
[ct_train] rechunked train graphs (seed=96)

=== Epoch 96/1000 ===
[train] loss=4.7986 cls=0.4255 cme=2.1865 acc=0.9786 cells=158379
[val]   loss=4.8420 eval=2.6300 cls=0.4180 cme=2.2120 acc=0.9737 cells=118036
[ct_train] early_stopping: no improve on val/eval_loss for 1/40 val checks
[ct_train] rechunked train graphs (seed=97)

=== Epoch 97/1000 ===
[train] loss=4.7878 cls=0.4255 cme=2.1812 acc=0.9789 cells=158379
[ct_train] rechunked train graphs (seed=98)

=== Epoch 98/1000 ===
[train] loss=4.7915 cls=0.4251 cme=2.1832 acc=0.9792 cells=158379
[val]   loss=4.8455 eval=2.6308 cls=0.4161 cme=2.2147 acc=0.9746 cells=118036
[ct_train] early_stopping: no improve on val/eval_loss for 2/40 val checks
[ct_train] rechunked train graphs (seed=99)

=== Epoch 99/1000 ===
[train] loss=4.7855 cls=0.4242 cme=2.1806 acc=0.9793 cells=158379
[ct_train] rechunked train graphs (seed=100)

=== Epoch 100/1000 ===
[train] loss=4.7837 cls=0.4239 cme=2.1799 acc=0.9793 cells=158379
[val]   loss=4.8432 eval=2.6297 cls=0.4162 cme=2.2135 acc=0.9742 cells=118036
[ct_train] early_stopping: no improve on val/eval_loss for 3/40 val checks
[ct_train] rechunked train graphs (seed=101)

=== Epoch 101/1000 ===
[train] loss=4.7875 cls=0.4234 cme=2.1821 acc=0.9796 cells=158379
[ct_train] rechunked train graphs (seed=102)

=== Epoch 102/1000 ===
[train] loss=4.7808 cls=0.4244 cme=2.1782 acc=0.9796 cells=158379
[val]   loss=4.8429 eval=2.6297 cls=0.4165 cme=2.2132 acc=0.9744 cells=118036
[ct_train] early_stopping: no improve on val/eval_loss for 4/40 val checks
[ct_train] rechunked train graphs (seed=103)

=== Epoch 103/1000 ===
[train] loss=4.7841 cls=0.4236 cme=2.1802 acc=0.9789 cells=158379
[ct_train] rechunked train graphs (seed=104)

=== Epoch 104/1000 ===
[train] loss=4.7910 cls=0.4232 cme=2.1839 acc=0.9796 cells=158379
[val]   loss=4.8393 eval=2.6270 cls=0.4147 cme=2.2123 acc=0.9749 cells=118036
[ct_train] saved best checkpoint (val_eval_loss=2.6270 val_acc=0.9749)
[ct_train] rechunked train graphs (seed=105)

=== Epoch 105/1000 ===
[train] loss=4.7760 cls=0.4214 cme=2.1773 acc=0.9800 cells=158379
[ct_train] rechunked train graphs (seed=106)

=== Epoch 106/1000 ===
[train] loss=4.7652 cls=0.4214 cme=2.1719 acc=0.9798 cells=158379
[val]   loss=4.8362 eval=2.6255 cls=0.4149 cme=2.2106 acc=0.9748 cells=118036
[ct_train] saved best checkpoint (val_eval_loss=2.6255 val_acc=0.9749)
[ct_train] rechunked train graphs (seed=107)

=== Epoch 107/1000 ===
[train] loss=4.7718 cls=0.4217 cme=2.1751 acc=0.9799 cells=158379
[ct_train] rechunked train graphs (seed=108)

=== Epoch 108/1000 ===
[train] loss=4.7601 cls=0.4199 cme=2.1701 acc=0.9806 cells=158379
[val]   loss=4.8396 eval=2.6276 cls=0.4156 cme=2.2120 acc=0.9745 cells=118036
[ct_train] early_stopping: no improve on val/eval_loss for 1/40 val checks
[ct_train] rechunked train graphs (seed=109)

=== Epoch 109/1000 ===
[train] loss=4.7790 cls=0.4209 cme=2.1790 acc=0.9804 cells=158379
[ct_train] rechunked train graphs (seed=110)

=== Epoch 110/1000 ===
[train] loss=4.7777 cls=0.4199 cme=2.1789 acc=0.9806 cells=158379
[val]   loss=4.8386 eval=2.6265 cls=0.4144 cme=2.2121 acc=0.9749 cells=118036
[ct_train] early_stopping: no improve on val/eval_loss for 2/40 val checks
[ct_train] rechunked train graphs (seed=111)

=== Epoch 111/1000 ===
[train] loss=4.7824 cls=0.4217 cme=2.1803 acc=0.9798 cells=158379
[ct_train] rechunked train graphs (seed=112)

=== Epoch 112/1000 ===
[train] loss=4.7704 cls=0.4199 cme=2.1753 acc=0.9804 cells=158379
[val]   loss=4.8350 eval=2.6252 cls=0.4153 cme=2.2098 acc=0.9745 cells=118036
[ct_train] saved best checkpoint (val_eval_loss=2.6252 val_acc=0.9749)
[ct_train] rechunked train graphs (seed=113)

=== Epoch 113/1000 ===
[train] loss=4.7735 cls=0.4196 cme=2.1769 acc=0.9802 cells=158379
[ct_train] rechunked train graphs (seed=114)

=== Epoch 114/1000 ===
[train] loss=4.7609 cls=0.4194 cme=2.1707 acc=0.9808 cells=158379
[val]   loss=4.8337 eval=2.6242 cls=0.4147 cme=2.2095 acc=0.9752 cells=118036
[ct_train] saved best checkpoint (val_eval_loss=2.6242 val_acc=0.9752)
[ct_train] rechunked train graphs (seed=115)

=== Epoch 115/1000 ===
[train] loss=4.7759 cls=0.4198 cme=2.1781 acc=0.9804 cells=158379
[ct_train] rechunked train graphs (seed=116)

=== Epoch 116/1000 ===
[train] loss=4.7547 cls=0.4177 cme=2.1685 acc=0.9810 cells=158379
[val]   loss=4.8437 eval=2.6294 cls=0.4152 cme=2.2143 acc=0.9747 cells=118036
[ct_train] early_stopping: no improve on val/eval_loss for 1/40 val checks
[ct_train] rechunked train graphs (seed=117)

=== Epoch 117/1000 ===
[train] loss=4.7678 cls=0.4184 cme=2.1747 acc=0.9810 cells=158379
[ct_train] rechunked train graphs (seed=118)

=== Epoch 118/1000 ===
[train] loss=4.7700 cls=0.4184 cme=2.1758 acc=0.9810 cells=158379
[val]   loss=4.8335 eval=2.6242 cls=0.4150 cme=2.2093 acc=0.9750 cells=118036
[ct_train] early_stopping: no improve on val/eval_loss for 2/40 val checks
[ct_train] rechunked train graphs (seed=119)

=== Epoch 119/1000 ===
[train] loss=4.7679 cls=0.4171 cme=2.1754 acc=0.9815 cells=158379
[ct_train] rechunked train graphs (seed=120)

=== Epoch 120/1000 ===
[train] loss=4.7644 cls=0.4166 cme=2.1739 acc=0.9816 cells=158379
[val]   loss=4.8356 eval=2.6254 cls=0.4151 cme=2.2102 acc=0.9751 cells=118036
[ct_train] early_stopping: no improve on val/eval_loss for 3/40 val checks
[ct_train] rechunked train graphs (seed=121)

=== Epoch 121/1000 ===
[train] loss=4.7571 cls=0.4163 cme=2.1704 acc=0.9817 cells=158379
[ct_train] rechunked train graphs (seed=122)

=== Epoch 122/1000 ===
[train] loss=4.7612 cls=0.4165 cme=2.1724 acc=0.9814 cells=158379
[val]   loss=4.8340 eval=2.6250 cls=0.4160 cme=2.2090 acc=0.9748 cells=118036
[ct_train] early_stopping: no improve on val/eval_loss for 4/40 val checks
[ct_train] rechunked train graphs (seed=123)

=== Epoch 123/1000 ===
[train] loss=4.7616 cls=0.4162 cme=2.1727 acc=0.9819 cells=158379
[ct_train] rechunked train graphs (seed=124)

=== Epoch 124/1000 ===
[train] loss=4.7535 cls=0.4161 cme=2.1687 acc=0.9818 cells=158379
[val]   loss=4.8307 eval=2.6226 cls=0.4146 cme=2.2080 acc=0.9751 cells=118036
[ct_train] saved best checkpoint (val_eval_loss=2.6226 val_acc=0.9752)
[ct_train] rechunked train graphs (seed=125)

=== Epoch 125/1000 ===
[train] loss=4.7562 cls=0.4158 cme=2.1702 acc=0.9817 cells=158379
[ct_train] rechunked train graphs (seed=126)

=== Epoch 126/1000 ===
[train] loss=4.7559 cls=0.4154 cme=2.1702 acc=0.9818 cells=158379
[val]   loss=4.8326 eval=2.6239 cls=0.4151 cme=2.2088 acc=0.9747 cells=118036
[ct_train] early_stopping: no improve on val/eval_loss for 1/40 val checks
[ct_train] rechunked train graphs (seed=127)

=== Epoch 127/1000 ===
[train] loss=4.7593 cls=0.4154 cme=2.1720 acc=0.9821 cells=158379
[ct_train] rechunked train graphs (seed=128)

=== Epoch 128/1000 ===
[train] loss=4.7657 cls=0.4158 cme=2.1749 acc=0.9815 cells=158379
[val]   loss=4.8342 eval=2.6245 cls=0.4149 cme=2.2097 acc=0.9746 cells=118036
[ct_train] early_stopping: no improve on val/eval_loss for 2/40 val checks
[ct_train] rechunked train graphs (seed=129)

=== Epoch 129/1000 ===
[train] loss=4.7553 cls=0.4143 cme=2.1705 acc=0.9821 cells=158379
[ct_train] rechunked train graphs (seed=130)

=== Epoch 130/1000 ===
[train] loss=4.7584 cls=0.4140 cme=2.1722 acc=0.9819 cells=158379
[val]   loss=4.8342 eval=2.6246 cls=0.4150 cme=2.2096 acc=0.9745 cells=118036
[ct_train] early_stopping: no improve on val/eval_loss for 3/40 val checks
[ct_train] rechunked train graphs (seed=131)

=== Epoch 131/1000 ===
[train] loss=4.7499 cls=0.4132 cme=2.1683 acc=0.9827 cells=158379
[ct_train] rechunked train graphs (seed=132)

=== Epoch 132/1000 ===
[train] loss=4.7486 cls=0.4138 cme=2.1674 acc=0.9821 cells=158379
[val]   loss=4.8330 eval=2.6236 cls=0.4143 cme=2.2094 acc=0.9752 cells=118036
[ct_train] early_stopping: no improve on val/eval_loss for 4/40 val checks
[ct_train] rechunked train graphs (seed=133)

=== Epoch 133/1000 ===
[train] loss=4.7470 cls=0.4130 cme=2.1670 acc=0.9825 cells=158379
[ct_train] rechunked train graphs (seed=134)

=== Epoch 134/1000 ===
[train] loss=4.7431 cls=0.4120 cme=2.1655 acc=0.9828 cells=158379
[val]   loss=4.8440 eval=2.6296 cls=0.4153 cme=2.2143 acc=0.9749 cells=118036
[ct_train] early_stopping: no improve on val/eval_loss for 5/40 val checks
[ct_train] rechunked train graphs (seed=135)

=== Epoch 135/1000 ===
[train] loss=4.7476 cls=0.4121 cme=2.1677 acc=0.9826 cells=158379
[ct_train] rechunked train graphs (seed=136)

=== Epoch 136/1000 ===
[train] loss=4.7427 cls=0.4124 cme=2.1651 acc=0.9828 cells=158379
[val]   loss=4.8350 eval=2.6248 cls=0.4146 cme=2.2102 acc=0.9750 cells=118036
[ct_train] early_stopping: no improve on val/eval_loss for 6/40 val checks
[ct_train] rechunked train graphs (seed=137)

=== Epoch 137/1000 ===
[train] loss=4.7449 cls=0.4126 cme=2.1661 acc=0.9825 cells=158379
[ct_train] rechunked train graphs (seed=138)

=== Epoch 138/1000 ===
[train] loss=4.7451 cls=0.4114 cme=2.1668 acc=0.9830 cells=158379
[val]   loss=4.8374 eval=2.6256 cls=0.4138 cme=2.2118 acc=0.9746 cells=118036
[ct_train] early_stopping: no improve on val/eval_loss for 7/40 val checks
[ct_train] rechunked train graphs (seed=139)

=== Epoch 139/1000 ===
[train] loss=4.7452 cls=0.4109 cme=2.1671 acc=0.9832 cells=158379
[ct_train] rechunked train graphs (seed=140)

=== Epoch 140/1000 ===
[train] loss=4.7387 cls=0.4112 cme=2.1637 acc=0.9828 cells=158379
[val]   loss=4.8364 eval=2.6261 cls=0.4159 cme=2.2103 acc=0.9746 cells=118036
[ct_train] early_stopping: no improve on val/eval_loss for 8/40 val checks
[ct_train] rechunked train graphs (seed=141)

=== Epoch 141/1000 ===
[train] loss=4.7498 cls=0.4118 cme=2.1690 acc=0.9830 cells=158379
[ct_train] rechunked train graphs (seed=142)

=== Epoch 142/1000 ===
[train] loss=4.7375 cls=0.4114 cme=2.1630 acc=0.9831 cells=158379
[val]   loss=4.8311 eval=2.6231 cls=0.4150 cme=2.2080 acc=0.9751 cells=118036
[ct_train] early_stopping: no improve on val/eval_loss for 9/40 val checks
[ct_train] rechunked train graphs (seed=143)

=== Epoch 143/1000 ===
[train] loss=4.7363 cls=0.4090 cme=2.1636 acc=0.9836 cells=158379
[ct_train] rechunked train graphs (seed=144)

=== Epoch 144/1000 ===
[train] loss=4.7479 cls=0.4102 cme=2.1689 acc=0.9836 cells=158379
[val]   loss=4.8436 eval=2.6286 cls=0.4136 cme=2.2150 acc=0.9751 cells=118036
[ct_train] early_stopping: no improve on val/eval_loss for 10/40 val checks
[ct_train] rechunked train graphs (seed=145)

=== Epoch 145/1000 ===
[train] loss=4.7393 cls=0.4102 cme=2.1646 acc=0.9831 cells=158379
[ct_train] rechunked train graphs (seed=146)

=== Epoch 146/1000 ===
[train] loss=4.7473 cls=0.4095 cme=2.1689 acc=0.9839 cells=158379
[val]   loss=4.8350 eval=2.6261 cls=0.4173 cme=2.2088 acc=0.9747 cells=118036
[ct_train] early_stopping: no improve on val/eval_loss for 11/40 val checks
[ct_train] rechunked train graphs (seed=147)

=== Epoch 147/1000 ===
[train] loss=4.7460 cls=0.4092 cme=2.1684 acc=0.9837 cells=158379
[ct_train] rechunked train graphs (seed=148)

=== Epoch 148/1000 ===
[train] loss=4.7246 cls=0.4083 cme=2.1582 acc=0.9838 cells=158379
[val]   loss=4.8359 eval=2.6248 cls=0.4138 cme=2.2110 acc=0.9752 cells=118036
[ct_train] early_stopping: no improve on val/eval_loss for 12/40 val checks
[ct_train] rechunked train graphs (seed=149)

=== Epoch 149/1000 ===
[train] loss=4.7349 cls=0.4080 cme=2.1634 acc=0.9841 cells=158379
[ct_train] rechunked train graphs (seed=150)

=== Epoch 150/1000 ===
[train] loss=4.7385 cls=0.4080 cme=2.1652 acc=0.9839 cells=158379
[val]   loss=4.8293 eval=2.6225 cls=0.4157 cme=2.2068 acc=0.9746 cells=118036
[ct_train] saved best checkpoint (val_eval_loss=2.6225 val_acc=0.9752)
[ct_train] early_stopping: no improve on val/eval_loss for 13/40 val checks
[ct_train] rechunked train graphs (seed=151)

=== Epoch 151/1000 ===
[train] loss=4.7366 cls=0.4082 cme=2.1642 acc=0.9839 cells=158379
[ct_train] rechunked train graphs (seed=152)

=== Epoch 152/1000 ===
[train] loss=4.7368 cls=0.4075 cme=2.1647 acc=0.9841 cells=158379
[val]   loss=4.8418 eval=2.6286 cls=0.4155 cme=2.2132 acc=0.9747 cells=118036
[ct_train] early_stopping: no improve on val/eval_loss for 14/40 val checks
[ct_train] rechunked train graphs (seed=153)

=== Epoch 153/1000 ===
[train] loss=4.7383 cls=0.4076 cme=2.1653 acc=0.9839 cells=158379
[ct_train] rechunked train graphs (seed=154)

=== Epoch 154/1000 ===
[train] loss=4.7232 cls=0.4071 cme=2.1581 acc=0.9842 cells=158379
[val]   loss=4.8305 eval=2.6221 cls=0.4136 cme=2.2084 acc=0.9751 cells=118036
[ct_train] saved best checkpoint (val_eval_loss=2.6221 val_acc=0.9752)
[ct_train] rechunked train graphs (seed=155)

=== Epoch 155/1000 ===
[train] loss=4.7254 cls=0.4071 cme=2.1592 acc=0.9842 cells=158379
[ct_train] rechunked train graphs (seed=156)

=== Epoch 156/1000 ===
[train] loss=4.7251 cls=0.4063 cme=2.1594 acc=0.9844 cells=158379
[val]   loss=4.8214 eval=2.6182 cls=0.4150 cme=2.2032 acc=0.9749 cells=118036
[ct_train] saved best checkpoint (val_eval_loss=2.6182 val_acc=0.9752)
[ct_train] rechunked train graphs (seed=157)

=== Epoch 157/1000 ===
[train] loss=4.7227 cls=0.4063 cme=2.1582 acc=0.9844 cells=158379
[ct_train] rechunked train graphs (seed=158)

=== Epoch 158/1000 ===
[train] loss=4.7347 cls=0.4072 cme=2.1638 acc=0.9842 cells=158379
[val]   loss=4.8263 eval=2.6196 cls=0.4129 cme=2.2067 acc=0.9760 cells=118036
[ct_train] early_stopping: no improve on val/eval_loss for 1/40 val checks
[ct_train] rechunked train graphs (seed=159)

=== Epoch 159/1000 ===
[train] loss=4.7265 cls=0.4060 cme=2.1603 acc=0.9847 cells=158379
[ct_train] rechunked train graphs (seed=160)

=== Epoch 160/1000 ===
[train] loss=4.7237 cls=0.4057 cme=2.1590 acc=0.9848 cells=158379
[val]   loss=4.8260 eval=2.6202 cls=0.4144 cme=2.2058 acc=0.9753 cells=118036
[ct_train] early_stopping: no improve on val/eval_loss for 2/40 val checks
[ct_train] rechunked train graphs (seed=161)

=== Epoch 161/1000 ===
[train] loss=4.7212 cls=0.4054 cme=2.1579 acc=0.9846 cells=158379
[ct_train] rechunked train graphs (seed=162)

=== Epoch 162/1000 ===
[train] loss=4.7210 cls=0.4051 cme=2.1579 acc=0.9849 cells=158379
[val]   loss=4.8262 eval=2.6199 cls=0.4135 cme=2.2063 acc=0.9757 cells=118036
[ct_train] early_stopping: no improve on val/eval_loss for 3/40 val checks
[ct_train] rechunked train graphs (seed=163)

=== Epoch 163/1000 ===
[train] loss=4.7216 cls=0.4056 cme=2.1580 acc=0.9850 cells=158379
[ct_train] rechunked train graphs (seed=164)

=== Epoch 164/1000 ===
[train] loss=4.7225 cls=0.4046 cme=2.1590 acc=0.9853 cells=158379
[val]   loss=4.8380 eval=2.6268 cls=0.4156 cme=2.2112 acc=0.9751 cells=118036
[ct_train] early_stopping: no improve on val/eval_loss for 4/40 val checks
[ct_train] rechunked train graphs (seed=165)

=== Epoch 165/1000 ===
[train] loss=4.7163 cls=0.4040 cme=2.1561 acc=0.9855 cells=158379
[ct_train] rechunked train graphs (seed=166)

=== Epoch 166/1000 ===
[train] loss=4.7095 cls=0.4036 cme=2.1529 acc=0.9854 cells=158379
[val]   loss=4.8285 eval=2.6214 cls=0.4143 cme=2.2071 acc=0.9753 cells=118036
[ct_train] early_stopping: no improve on val/eval_loss for 5/40 val checks
[ct_train] rechunked train graphs (seed=167)

=== Epoch 167/1000 ===
[train] loss=4.7207 cls=0.4037 cme=2.1585 acc=0.9854 cells=158379
[ct_train] rechunked train graphs (seed=168)

=== Epoch 168/1000 ===
[train] loss=4.7195 cls=0.4034 cme=2.1580 acc=0.9855 cells=158379
[val]   loss=4.8245 eval=2.6197 cls=0.4150 cme=2.2047 acc=0.9752 cells=118036
[ct_train] early_stopping: no improve on val/eval_loss for 6/40 val checks
[ct_train] rechunked train graphs (seed=169)

=== Epoch 169/1000 ===
[train] loss=4.7173 cls=0.4035 cme=2.1569 acc=0.9856 cells=158379
[ct_train] rechunked train graphs (seed=170)

=== Epoch 170/1000 ===
[train] loss=4.7202 cls=0.4027 cme=2.1587 acc=0.9859 cells=158379
[val]   loss=4.8285 eval=2.6211 cls=0.4137 cme=2.2074 acc=0.9758 cells=118036
[ct_train] early_stopping: no improve on val/eval_loss for 7/40 val checks
[ct_train] rechunked train graphs (seed=171)

=== Epoch 171/1000 ===
[train] loss=4.7299 cls=0.4043 cme=2.1628 acc=0.9851 cells=158379
[ct_train] rechunked train graphs (seed=172)

=== Epoch 172/1000 ===
[train] loss=4.7150 cls=0.4045 cme=2.1552 acc=0.9855 cells=158379
[val]   loss=4.8308 eval=2.6221 cls=0.4134 cme=2.2087 acc=0.9758 cells=118036
[ct_train] early_stopping: no improve on val/eval_loss for 8/40 val checks
[ct_train] rechunked train graphs (seed=173)

=== Epoch 173/1000 ===
[train] loss=4.7159 cls=0.4039 cme=2.1560 acc=0.9850 cells=158379
[ct_train] rechunked train graphs (seed=174)

=== Epoch 174/1000 ===
[train] loss=4.7171 cls=0.4030 cme=2.1571 acc=0.9856 cells=158379
[val]   loss=4.8317 eval=2.6236 cls=0.4156 cme=2.2080 acc=0.9752 cells=118036
[ct_train] early_stopping: no improve on val/eval_loss for 9/40 val checks
[ct_train] rechunked train graphs (seed=175)

=== Epoch 175/1000 ===
[train] loss=4.7060 cls=0.4024 cme=2.1518 acc=0.9857 cells=158379
[ct_train] rechunked train graphs (seed=176)

=== Epoch 176/1000 ===
[train] loss=4.7096 cls=0.4022 cme=2.1537 acc=0.9863 cells=158379
[val]   loss=4.8388 eval=2.6264 cls=0.4139 cme=2.2125 acc=0.9760 cells=118036
[ct_train] early_stopping: no improve on val/eval_loss for 10/40 val checks
[ct_train] rechunked train graphs (seed=177)

=== Epoch 177/1000 ===
[train] loss=4.7166 cls=0.4028 cme=2.1569 acc=0.9862 cells=158379
[ct_train] rechunked train graphs (seed=178)

=== Epoch 178/1000 ===
[train] loss=4.7095 cls=0.4016 cme=2.1540 acc=0.9862 cells=158379
[val]   loss=4.8325 eval=2.6253 cls=0.4181 cme=2.2072 acc=0.9742 cells=118036
[ct_train] early_stopping: no improve on val/eval_loss for 11/40 val checks
[ct_train] rechunked train graphs (seed=179)

=== Epoch 179/1000 ===
[train] loss=4.7084 cls=0.4021 cme=2.1532 acc=0.9859 cells=158379
[ct_train] rechunked train graphs (seed=180)

=== Epoch 180/1000 ===
[train] loss=4.7200 cls=0.4021 cme=2.1589 acc=0.9859 cells=158379
[val]   loss=4.8446 eval=2.6303 cls=0.4160 cme=2.2143 acc=0.9754 cells=118036
[ct_train] early_stopping: no improve on val/eval_loss for 12/40 val checks
[ct_train] rechunked train graphs (seed=181)

=== Epoch 181/1000 ===
[train] loss=4.7101 cls=0.4008 cme=2.1547 acc=0.9866 cells=158379
[ct_train] rechunked train graphs (seed=182)

=== Epoch 182/1000 ===
[train] loss=4.7173 cls=0.4007 cme=2.1583 acc=0.9866 cells=158379
[val]   loss=4.8345 eval=2.6250 cls=0.4154 cme=2.2095 acc=0.9756 cells=118036
[ct_train] early_stopping: no improve on val/eval_loss for 13/40 val checks
[ct_train] rechunked train graphs (seed=183)

=== Epoch 183/1000 ===
[train] loss=4.7021 cls=0.3999 cme=2.1511 acc=0.9864 cells=158379
[ct_train] rechunked train graphs (seed=184)

=== Epoch 184/1000 ===
[train] loss=4.7025 cls=0.4006 cme=2.1509 acc=0.9866 cells=158379
[val]   loss=4.8357 eval=2.6259 cls=0.4162 cme=2.2097 acc=0.9751 cells=118036
[ct_train] early_stopping: no improve on val/eval_loss for 14/40 val checks
[ct_train] rechunked train graphs (seed=185)

=== Epoch 185/1000 ===
[train] loss=4.7048 cls=0.4005 cme=2.1522 acc=0.9864 cells=158379
[ct_train] rechunked train graphs (seed=186)

=== Epoch 186/1000 ===
[train] loss=4.7126 cls=0.4001 cme=2.1562 acc=0.9867 cells=158379
[val]   loss=4.8338 eval=2.6238 cls=0.4138 cme=2.2100 acc=0.9760 cells=118036
[ct_train] early_stopping: no improve on val/eval_loss for 15/40 val checks
[ct_train] rechunked train graphs (seed=187)

=== Epoch 187/1000 ===
[train] loss=4.7095 cls=0.4002 cme=2.1546 acc=0.9866 cells=158379
[ct_train] rechunked train graphs (seed=188)

=== Epoch 188/1000 ===
[train] loss=4.7112 cls=0.3991 cme=2.1560 acc=0.9870 cells=158379
[val]   loss=4.8358 eval=2.6251 cls=0.4145 cme=2.2107 acc=0.9753 cells=118036
[ct_train] early_stopping: no improve on val/eval_loss for 16/40 val checks
[ct_train] rechunked train graphs (seed=189)

=== Epoch 189/1000 ===
[train] loss=4.7023 cls=0.3984 cme=2.1519 acc=0.9873 cells=158379
[ct_train] rechunked train graphs (seed=190)

=== Epoch 190/1000 ===
[train] loss=4.6933 cls=0.3984 cme=2.1475 acc=0.9871 cells=158379
[val]   loss=4.8338 eval=2.6251 cls=0.4165 cme=2.2086 acc=0.9752 cells=118036
[ct_train] early_stopping: no improve on val/eval_loss for 17/40 val checks
[ct_train] rechunked train graphs (seed=191)

=== Epoch 191/1000 ===
[train] loss=4.6987 cls=0.3988 cme=2.1500 acc=0.9871 cells=158379
[ct_train] rechunked train graphs (seed=192)

=== Epoch 192/1000 ===
[train] loss=4.7001 cls=0.3987 cme=2.1507 acc=0.9867 cells=158379
[val]   loss=4.8398 eval=2.6281 cls=0.4164 cme=2.2117 acc=0.9750 cells=118036
[ct_train] early_stopping: no improve on val/eval_loss for 18/40 val checks
[ct_train] rechunked train graphs (seed=193)

=== Epoch 193/1000 ===
[train] loss=4.7009 cls=0.3988 cme=2.1510 acc=0.9868 cells=158379
[ct_train] rechunked train graphs (seed=194)

=== Epoch 194/1000 ===
[train] loss=4.7029 cls=0.3986 cme=2.1522 acc=0.9871 cells=158379
[val]   loss=4.8372 eval=2.6268 cls=0.4164 cme=2.2104 acc=0.9753 cells=118036
[ct_train] early_stopping: no improve on val/eval_loss for 19/40 val checks
[ct_train] rechunked train graphs (seed=195)

=== Epoch 195/1000 ===
[train] loss=4.6964 cls=0.3978 cme=2.1493 acc=0.9876 cells=158379
[ct_train] rechunked train graphs (seed=196)

=== Epoch 196/1000 ===
[train] loss=4.7000 cls=0.3976 cme=2.1512 acc=0.9875 cells=158379
[val]   loss=4.8298 eval=2.6220 cls=0.4142 cme=2.2078 acc=0.9756 cells=118036
[ct_train] early_stopping: no improve on val/eval_loss for 20/40 val checks
[ct_train] rechunked train graphs (seed=197)

=== Epoch 197/1000 ===
[train] loss=4.6961 cls=0.3968 cme=2.1496 acc=0.9876 cells=158379
[ct_train] rechunked train graphs (seed=198)

=== Epoch 198/1000 ===
[train] loss=4.6918 cls=0.3969 cme=2.1475 acc=0.9877 cells=158379
[val]   loss=4.8321 eval=2.6246 cls=0.4172 cme=2.2075 acc=0.9749 cells=118036
[ct_train] early_stopping: no improve on val/eval_loss for 21/40 val checks
[ct_train] rechunked train graphs (seed=199)

=== Epoch 199/1000 ===
[train] loss=4.6982 cls=0.3969 cme=2.1507 acc=0.9879 cells=158379
[ct_train] rechunked train graphs (seed=200)

=== Epoch 200/1000 ===
[train] loss=4.6985 cls=0.3982 cme=2.1501 acc=0.9870 cells=158379
[val]   loss=4.8408 eval=2.6291 cls=0.4174 cme=2.2117 acc=0.9752 cells=118036
[ct_train] early_stopping: no improve on val/eval_loss for 22/40 val checks
[ct_train] rechunked train graphs (seed=201)

=== Epoch 201/1000 ===
[train] loss=4.6860 cls=0.3970 cme=2.1445 acc=0.9876 cells=158379
[ct_train] rechunked train graphs (seed=202)

=== Epoch 202/1000 ===
[train] loss=4.6949 cls=0.3969 cme=2.1490 acc=0.9877 cells=158379
[val]   loss=4.8352 eval=2.6267 cls=0.4182 cme=2.2085 acc=0.9748 cells=118036
[ct_train] early_stopping: no improve on val/eval_loss for 23/40 val checks
[ct_train] rechunked train graphs (seed=203)

=== Epoch 203/1000 ===
[train] loss=4.6886 cls=0.3963 cme=2.1462 acc=0.9878 cells=158379
[ct_train] rechunked train graphs (seed=204)

=== Epoch 204/1000 ===
[train] loss=4.6866 cls=0.3959 cme=2.1454 acc=0.9882 cells=158379
[val]   loss=4.8393 eval=2.6280 cls=0.4168 cme=2.2113 acc=0.9753 cells=118036
[ct_train] early_stopping: no improve on val/eval_loss for 24/40 val checks
[ct_train] rechunked train graphs (seed=205)

=== Epoch 205/1000 ===
[train] loss=4.6927 cls=0.3954 cme=2.1487 acc=0.9885 cells=158379
[ct_train] rechunked train graphs (seed=206)

=== Epoch 206/1000 ===
[train] loss=4.6817 cls=0.3955 cme=2.1431 acc=0.9881 cells=158379
[val]   loss=4.8420 eval=2.6311 cls=0.4202 cme=2.2109 acc=0.9748 cells=118036
[ct_train] early_stopping: no improve on val/eval_loss for 25/40 val checks
[ct_train] rechunked train graphs (seed=207)

=== Epoch 207/1000 ===
[train] loss=4.6973 cls=0.3955 cme=2.1509 acc=0.9880 cells=158379
[ct_train] rechunked train graphs (seed=208)

=== Epoch 208/1000 ===
[train] loss=4.6890 cls=0.3947 cme=2.1472 acc=0.9881 cells=158379
[val]   loss=4.8317 eval=2.6242 cls=0.4167 cme=2.2075 acc=0.9754 cells=118036
[ct_train] early_stopping: no improve on val/eval_loss for 26/40 val checks
[ct_train] rechunked train graphs (seed=209)

=== Epoch 209/1000 ===
[train] loss=4.6834 cls=0.3948 cme=2.1443 acc=0.9885 cells=158379
[ct_train] rechunked train graphs (seed=210)

=== Epoch 210/1000 ===
[train] loss=4.6919 cls=0.3942 cme=2.1488 acc=0.9887 cells=158379
[val]   loss=4.8431 eval=2.6308 cls=0.4186 cme=2.2122 acc=0.9751 cells=118036
[ct_train] early_stopping: no improve on val/eval_loss for 27/40 val checks
[ct_train] rechunked train graphs (seed=211)

=== Epoch 211/1000 ===
[train] loss=4.6890 cls=0.3945 cme=2.1472 acc=0.9885 cells=158379
[ct_train] rechunked train graphs (seed=212)

=== Epoch 212/1000 ===
[train] loss=4.6889 cls=0.3940 cme=2.1475 acc=0.9890 cells=158379
[val]   loss=4.8311 eval=2.6243 cls=0.4176 cme=2.2068 acc=0.9753 cells=118036
[ct_train] early_stopping: no improve on val/eval_loss for 28/40 val checks
[ct_train] rechunked train graphs (seed=213)

=== Epoch 213/1000 ===
[train] loss=4.6832 cls=0.3945 cme=2.1443 acc=0.9886 cells=158379
[ct_train] rechunked train graphs (seed=214)

=== Epoch 214/1000 ===
[train] loss=4.6857 cls=0.3939 cme=2.1459 acc=0.9889 cells=158379
[val]   loss=4.8379 eval=2.6280 cls=0.4180 cme=2.2100 acc=0.9751 cells=118036
[ct_train] early_stopping: no improve on val/eval_loss for 29/40 val checks
[ct_train] rechunked train graphs (seed=215)

=== Epoch 215/1000 ===
[train] loss=4.6820 cls=0.3940 cme=2.1440 acc=0.9886 cells=158379
[ct_train] rechunked train graphs (seed=216)

=== Epoch 216/1000 ===
[train] loss=4.6876 cls=0.3939 cme=2.1468 acc=0.9888 cells=158379
[val]   loss=4.8401 eval=2.6285 cls=0.4170 cme=2.2116 acc=0.9756 cells=118036
[ct_train] early_stopping: no improve on val/eval_loss for 30/40 val checks
[ct_train] rechunked train graphs (seed=217)

=== Epoch 217/1000 ===
[train] loss=4.6886 cls=0.3939 cme=2.1474 acc=0.9890 cells=158379
[ct_train] rechunked train graphs (seed=218)

=== Epoch 218/1000 ===
[train] loss=4.6854 cls=0.3932 cme=2.1461 acc=0.9888 cells=158379
[val]   loss=4.8424 eval=2.6297 cls=0.4170 cme=2.2127 acc=0.9755 cells=118036
[ct_train] early_stopping: no improve on val/eval_loss for 31/40 val checks
[ct_train] rechunked train graphs (seed=219)

=== Epoch 219/1000 ===
[train] loss=4.6817 cls=0.3926 cme=2.1446 acc=0.9892 cells=158379
[ct_train] rechunked train graphs (seed=220)

=== Epoch 220/1000 ===
[train] loss=4.6766 cls=0.3930 cme=2.1418 acc=0.9891 cells=158379
[val]   loss=4.8356 eval=2.6270 cls=0.4183 cme=2.2087 acc=0.9748 cells=118036
[ct_train] early_stopping: no improve on val/eval_loss for 32/40 val checks
[ct_train] rechunked train graphs (seed=221)

=== Epoch 221/1000 ===
[train] loss=4.6839 cls=0.3925 cme=2.1457 acc=0.9892 cells=158379
[ct_train] rechunked train graphs (seed=222)

=== Epoch 222/1000 ===
[train] loss=4.6701 cls=0.3922 cme=2.1390 acc=0.9892 cells=158379
[val]   loss=4.8342 eval=2.6262 cls=0.4183 cme=2.2080 acc=0.9753 cells=118036
[ct_train] early_stopping: no improve on val/eval_loss for 33/40 val checks
[ct_train] rechunked train graphs (seed=223)

=== Epoch 223/1000 ===
[train] loss=4.6759 cls=0.3914 cme=2.1422 acc=0.9895 cells=158379
[ct_train] rechunked train graphs (seed=224)

=== Epoch 224/1000 ===
[train] loss=4.6798 cls=0.3922 cme=2.1438 acc=0.9891 cells=158379
[val]   loss=4.8339 eval=2.6260 cls=0.4181 cme=2.2079 acc=0.9755 cells=118036
[ct_train] early_stopping: no improve on val/eval_loss for 34/40 val checks
[ct_train] rechunked train graphs (seed=225)

=== Epoch 225/1000 ===
[train] loss=4.6741 cls=0.3918 cme=2.1411 acc=0.9894 cells=158379
[ct_train] rechunked train graphs (seed=226)

=== Epoch 226/1000 ===
[train] loss=4.6833 cls=0.3923 cme=2.1455 acc=0.9893 cells=158379
[val]   loss=4.8478 eval=2.6332 cls=0.4185 cme=2.2147 acc=0.9751 cells=118036
[ct_train] early_stopping: no improve on val/eval_loss for 35/40 val checks
[ct_train] rechunked train graphs (seed=227)

=== Epoch 227/1000 ===
[train] loss=4.6845 cls=0.3915 cme=2.1465 acc=0.9894 cells=158379
[ct_train] rechunked train graphs (seed=228)

=== Epoch 228/1000 ===
[train] loss=4.6822 cls=0.3909 cme=2.1456 acc=0.9896 cells=158379
[val]   loss=4.8403 eval=2.6293 cls=0.4183 cme=2.2110 acc=0.9754 cells=118036
[ct_train] early_stopping: no improve on val/eval_loss for 36/40 val checks
[ct_train] rechunked train graphs (seed=229)

=== Epoch 229/1000 ===
[train] loss=4.6843 cls=0.3914 cme=2.1465 acc=0.9896 cells=158379
[ct_train] rechunked train graphs (seed=230)

=== Epoch 230/1000 ===
[train] loss=4.6670 cls=0.3904 cme=2.1383 acc=0.9899 cells=158379
[val]   loss=4.8432 eval=2.6310 cls=0.4188 cme=2.2122 acc=0.9753 cells=118036
[ct_train] early_stopping: no improve on val/eval_loss for 37/40 val checks
[ct_train] rechunked train graphs (seed=231)

=== Epoch 231/1000 ===
[train] loss=4.6856 cls=0.3906 cme=2.1475 acc=0.9898 cells=158379
[ct_train] rechunked train graphs (seed=232)

=== Epoch 232/1000 ===
[train] loss=4.6827 cls=0.3904 cme=2.1461 acc=0.9900 cells=158379
[val]   loss=4.8455 eval=2.6324 cls=0.4194 cme=2.2131 acc=0.9752 cells=118036
[ct_train] early_stopping: no improve on val/eval_loss for 38/40 val checks
[ct_train] rechunked train graphs (seed=233)

=== Epoch 233/1000 ===
[train] loss=4.6753 cls=0.3903 cme=2.1425 acc=0.9899 cells=158379
[ct_train] rechunked train graphs (seed=234)

=== Epoch 234/1000 ===
[train] loss=4.6693 cls=0.3906 cme=2.1394 acc=0.9902 cells=158379
[val]   loss=4.8474 eval=2.6333 cls=0.4191 cme=2.2141 acc=0.9758 cells=118036
[ct_train] early_stopping: no improve on val/eval_loss for 39/40 val checks
[ct_train] rechunked train graphs (seed=235)

=== Epoch 235/1000 ===
[train] loss=4.6794 cls=0.3906 cme=2.1444 acc=0.9897 cells=158379
[ct_train] rechunked train graphs (seed=236)

=== Epoch 236/1000 ===
[train] loss=4.6680 cls=0.3898 cme=2.1391 acc=0.9903 cells=158379
[val]   loss=4.8509 eval=2.6361 cls=0.4213 cme=2.2148 acc=0.9748 cells=118036
[ct_train] early_stopping: no improve on val/eval_loss for 40/40 val checks
[ct_train] early stopping at epoch 236 (patience=40, monitor=val/eval_loss)

[ct_train] done. best_val_acc=0.9760  best_val_eval_loss=2.6182  checkpoints=/home/abel/code/Tissue-Reassembly-using-GenAI-and-new-metrics/exploration/cell_types/outputs/exp052_lr1p8e4  logs=/home/abel/code/Tissue-Reassembly-using-GenAI-and-new-metrics/exploration/cell_types/logs/exp052_lr1p8e4/20260807_220402
wandb: updating run metadata
wandb: uploading output.log; uploading wandb-summary.json; uploading config.yaml
wandb: 
wandb: Run summary:
wandb:                      best_epoch 156
wandb:                    best_val_acc 0.97603
wandb:              best_val_eval_loss 2.61821
wandb:                           epoch 236
wandb:                              lr 0.00018
wandb:           model/parameter_count 1272988
wandb: model/trainable_parameter_count 1272988
wandb:                       train/acc 0.99026
wandb:       train/acc_per_class/Astro 0.99515
wandb:        train/acc_per_class/Endo 0.9878
wandb:                             +54 ...
wandb: 
wandb:  View run exp052_lr1p8e4 at: https://wandb.ai/abel-salmona-polytechnique-montr-al/cell_types/runs/kbkl8nwz
wandb:  View project at: https://wandb.ai/abel-salmona-polytechnique-montr-al/cell_types
wandb: Synced 5 W&B file(s), 1 media file(s), 2 artifact file(s) and 1 other file(s)
wandb: Find logs at: ./exploration/cell_types/logs/exp052_lr1p8e4/20260807_220402/wandb/run-20260807_220410-kbkl8nwz/logs
