[ct_train] config=exploration/cell_types/experiments/configs/exp105_fusdrop0.json
[ct_train] device=cuda  checkpoints=/home/abel/code/Tissue-Reassembly-using-GenAI-and-new-metrics/exploration/cell_types/outputs/exp105_fusdrop0
[ct_train] logs=/home/abel/code/Tissue-Reassembly-using-GenAI-and-new-metrics/exploration/cell_types/logs/exp105_fusdrop0/20260808_033526
[ct_train] Loading data …
[DataModule] Reading '/home/abel/biodata/MERFISH_LUNA_small_cortex/MERFISH_mouse_cortex_train.csv' (split=train) with float32 dtype on 254 gene cols + coord cols …
[DataModule] Loaded 158,379 rows for split=train.
[DataModule] Reading '/home/abel/biodata/MERFISH_LUNA_small_cortex/MERFISH_mouse_cortex_test.csv' (split=test) with float32 dtype on 254 gene cols + coord cols …
[DataModule] Loaded 118,036 rows for split=test.
[DataModule] Reading '/home/abel/biodata/MERFISH_LUNA_small_cortex/MERFISH_mouse_cortex_test.csv' (split=validation) with float32 dtype on 254 gene cols + coord cols …
[DataModule] Loaded 118,036 rows for split=validation.
[ct_train] genes=254  classes=23
[ct_train] model predict_cme=True  params=1,305,308
[ct_train] soft CME loaded split=train sigma=96.0 n=158379 C=23
[ct_train] soft CME loaded split=validation sigma=96.0 n=118036 C=23
[ct_train] soft CME loaded split=train sigma=50.0 n=158379 C=23
[ct_train] soft CME loaded split=train sigma=64.0 n=158379 C=23
[ct_train] soft CME loaded split=validation sigma=50.0 n=118036 C=23
[ct_train] soft CME loaded split=validation sigma=64.0 n=118036 C=23
wandb: [wandb.login()] Loaded credentials for https://api.wandb.ai from /home/abel/.netrc.
wandb: Currently logged in as: abel-salmona (abel-salmona-polytechnique-montr-al) to https://api.wandb.ai. Use `wandb login --relogin` to force relogin
wandb: WARNING Using a boolean value for 'reinit' is deprecated. Use 'return_previous' or 'finish_previous' instead.
wandb: Tracking run with wandb version 0.26.1
wandb: Run data is saved locally in /home/abel/code/Tissue-Reassembly-using-GenAI-and-new-metrics/exploration/cell_types/logs/exp105_fusdrop0/20260808_033526/wandb/run-20260808_033534-qf83li9r
wandb: Run `wandb offline` to turn off syncing.
wandb: Syncing run exp105_fusdrop0
wandb:  View project at https://wandb.ai/abel-salmona-polytechnique-montr-al/cell_types
wandb:  View run at https://wandb.ai/abel-salmona-polytechnique-montr-al/cell_types/runs/qf83li9r
wandb: WARNING Saving files without folders. If you want to preserve subdirectories pass base_path to wandb.save, i.e. wandb.save("/mnt/folder/file.h5", base_path="/mnt")
wandb: WARNING Symlinked 1 file into the W&B run directory; call wandb.save again to sync new files.
[ct_train] wandb: project=cell_types name=exp105_fusdrop0 mode=online url=https://wandb.ai/abel-salmona-polytechnique-montr-al/cell_types/runs/qf83li9r
[ct_train] parameters: total=1,305,308 trainable=1,305,308
  [params] mlp_in_node_features: 26,720
  [params] transformer_layers: 633,600
  [params] type_stage1: 28,320
  [params] env_stage1: 93,056
  [params] type_probe: 2,231
  [params] env_probe: 7,383
  [params] fusion_mlp: 383,008
  [params] type_stage2: 30,551
  [params] env_stage2: 100,439
[ct_train] EMA enabled decay=0.98
[ct_train] rechunked train graphs (seed=1)

=== Epoch 1/1000 ===
[train] loss=8.7345 cls=2.7515 cme=2.7830 acc=0.2350 cells=158379
[ct_train] rechunked train graphs (seed=2)

=== Epoch 2/1000 ===
[train] loss=7.2641 cls=1.8502 cme=2.5205 acc=0.6588 cells=158379
[val]   loss=8.3426 eval=5.2335 cls=2.5292 cme=2.7043 acc=0.4498 cells=118036
[ct_train] saved best checkpoint (val_eval_loss=5.2335 val_acc=0.4498)
[ct_train] rechunked train graphs (seed=3)

=== Epoch 3/1000 ===
[train] loss=6.3798 cls=1.1826 cme=2.4208 acc=0.7920 cells=158379
[ct_train] rechunked train graphs (seed=4)

=== Epoch 4/1000 ===
[train] loss=5.9674 cls=0.8637 cme=2.3778 acc=0.8645 cells=158379
[val]   loss=6.6174 eval=3.7873 cls=1.3223 cme=2.4650 acc=0.8145 cells=118036
[ct_train] saved best checkpoint (val_eval_loss=3.7873 val_acc=0.8145)
[ct_train] rechunked train graphs (seed=5)

=== Epoch 5/1000 ===
[train] loss=5.7493 cls=0.7128 cme=2.3467 acc=0.9056 cells=158379
[ct_train] rechunked train graphs (seed=6)

=== Epoch 6/1000 ===
[train] loss=5.6509 cls=0.6372 cme=2.3362 acc=0.9239 cells=158379
[val]   loss=5.8467 eval=3.1262 cls=0.7542 cme=2.3720 acc=0.9077 cells=118036
[ct_train] saved best checkpoint (val_eval_loss=3.1262 val_acc=0.9077)
[ct_train] rechunked train graphs (seed=7)

=== Epoch 7/1000 ===
[train] loss=5.5555 cls=0.5911 cme=2.3135 acc=0.9342 cells=158379
[ct_train] rechunked train graphs (seed=8)

=== Epoch 8/1000 ===
[train] loss=5.4869 cls=0.5603 cme=2.2960 acc=0.9409 cells=158379
[val]   loss=5.5703 eval=2.9015 cls=0.5733 cme=2.3282 acc=0.9372 cells=118036
[ct_train] saved best checkpoint (val_eval_loss=2.9015 val_acc=0.9372)
[ct_train] rechunked train graphs (seed=9)

=== Epoch 9/1000 ===
[train] loss=5.4699 cls=0.5469 cme=2.2943 acc=0.9450 cells=158379
[ct_train] rechunked train graphs (seed=10)

=== Epoch 10/1000 ===
[train] loss=5.4417 cls=0.5331 cme=2.2878 acc=0.9477 cells=158379
[val]   loss=5.4526 eval=2.8139 cls=0.5113 cme=2.3026 acc=0.9480 cells=118036
[ct_train] saved best checkpoint (val_eval_loss=2.8139 val_acc=0.9480)
[ct_train] rechunked train graphs (seed=11)

=== Epoch 11/1000 ===
[train] loss=5.4032 cls=0.5244 cme=2.2740 acc=0.9496 cells=158379
[ct_train] rechunked train graphs (seed=12)

=== Epoch 12/1000 ===
[train] loss=5.3958 cls=0.5168 cme=2.2740 acc=0.9521 cells=158379
[val]   loss=5.3919 eval=2.7723 cls=0.4860 cme=2.2863 acc=0.9542 cells=118036
[ct_train] saved best checkpoint (val_eval_loss=2.7723 val_acc=0.9542)
[ct_train] rechunked train graphs (seed=13)

=== Epoch 13/1000 ===
[train] loss=5.3788 cls=0.5099 cme=2.2694 acc=0.9536 cells=158379
[ct_train] rechunked train graphs (seed=14)

=== Epoch 14/1000 ===
[train] loss=5.3644 cls=0.5039 cme=2.2654 acc=0.9553 cells=158379
[val]   loss=5.3516 eval=2.7461 cls=0.4719 cme=2.2742 acc=0.9573 cells=118036
[ct_train] saved best checkpoint (val_eval_loss=2.7461 val_acc=0.9573)
[ct_train] rechunked train graphs (seed=15)

=== Epoch 15/1000 ===
[train] loss=5.3424 cls=0.4986 cme=2.2578 acc=0.9558 cells=158379
[ct_train] rechunked train graphs (seed=16)

=== Epoch 16/1000 ===
[train] loss=5.3331 cls=0.4945 cme=2.2554 acc=0.9574 cells=158379
[val]   loss=5.3215 eval=2.7271 cls=0.4624 cme=2.2647 acc=0.9597 cells=118036
[ct_train] saved best checkpoint (val_eval_loss=2.7271 val_acc=0.9597)
[ct_train] rechunked train graphs (seed=17)

=== Epoch 17/1000 ===
[train] loss=5.3167 cls=0.4887 cme=2.2506 acc=0.9586 cells=158379
[ct_train] rechunked train graphs (seed=18)

=== Epoch 18/1000 ===
[train] loss=5.3083 cls=0.4860 cme=2.2479 acc=0.9593 cells=158379
[val]   loss=5.3006 eval=2.7139 cls=0.4557 cme=2.2581 acc=0.9616 cells=118036
[ct_train] saved best checkpoint (val_eval_loss=2.7139 val_acc=0.9616)
[ct_train] rechunked train graphs (seed=19)

=== Epoch 19/1000 ===
[train] loss=5.3035 cls=0.4819 cme=2.2475 acc=0.9608 cells=158379
[ct_train] rechunked train graphs (seed=20)

=== Epoch 20/1000 ===
[train] loss=5.2937 cls=0.4789 cme=2.2444 acc=0.9613 cells=158379
[val]   loss=5.2856 eval=2.7042 cls=0.4507 cme=2.2535 acc=0.9632 cells=118036
[ct_train] saved best checkpoint (val_eval_loss=2.7042 val_acc=0.9632)
[ct_train] rechunked train graphs (seed=21)

=== Epoch 21/1000 ===
[train] loss=5.2913 cls=0.4758 cme=2.2448 acc=0.9625 cells=158379
[ct_train] rechunked train graphs (seed=22)

=== Epoch 22/1000 ===
[train] loss=5.2818 cls=0.4749 cme=2.2408 acc=0.9628 cells=158379
[val]   loss=5.2705 eval=2.6948 cls=0.4462 cme=2.2486 acc=0.9647 cells=118036
[ct_train] saved best checkpoint (val_eval_loss=2.6948 val_acc=0.9647)
[ct_train] rechunked train graphs (seed=23)

=== Epoch 23/1000 ===
[train] loss=5.2679 cls=0.4719 cme=2.2358 acc=0.9632 cells=158379
[ct_train] rechunked train graphs (seed=24)

=== Epoch 24/1000 ===
[train] loss=5.2645 cls=0.4701 cme=2.2349 acc=0.9644 cells=158379
[val]   loss=5.2579 eval=2.6870 cls=0.4425 cme=2.2445 acc=0.9658 cells=118036
[ct_train] saved best checkpoint (val_eval_loss=2.6870 val_acc=0.9658)
[ct_train] rechunked train graphs (seed=25)

=== Epoch 25/1000 ===
[train] loss=5.2654 cls=0.4669 cme=2.2369 acc=0.9647 cells=158379
[ct_train] rechunked train graphs (seed=26)

=== Epoch 26/1000 ===
[train] loss=5.2490 cls=0.4653 cme=2.2301 acc=0.9651 cells=158379
[val]   loss=5.2470 eval=2.6802 cls=0.4393 cme=2.2410 acc=0.9667 cells=118036
[ct_train] saved best checkpoint (val_eval_loss=2.6802 val_acc=0.9667)
[ct_train] rechunked train graphs (seed=27)

=== Epoch 27/1000 ===
[train] loss=5.2398 cls=0.4618 cme=2.2274 acc=0.9654 cells=158379
[ct_train] rechunked train graphs (seed=28)

=== Epoch 28/1000 ===
[train] loss=5.2337 cls=0.4606 cme=2.2252 acc=0.9658 cells=158379
[val]   loss=5.2373 eval=2.6742 cls=0.4365 cme=2.2377 acc=0.9673 cells=118036
[ct_train] saved best checkpoint (val_eval_loss=2.6742 val_acc=0.9673)
[ct_train] rechunked train graphs (seed=29)

=== Epoch 29/1000 ===
[train] loss=5.2337 cls=0.4591 cme=2.2259 acc=0.9671 cells=158379
[ct_train] rechunked train graphs (seed=30)

=== Epoch 30/1000 ===
[train] loss=5.2334 cls=0.4578 cme=2.2264 acc=0.9673 cells=158379
[val]   loss=5.2294 eval=2.6693 cls=0.4342 cme=2.2352 acc=0.9678 cells=118036
[ct_train] saved best checkpoint (val_eval_loss=2.6693 val_acc=0.9678)
[ct_train] rechunked train graphs (seed=31)

=== Epoch 31/1000 ===
[train] loss=5.2261 cls=0.4561 cme=2.2237 acc=0.9672 cells=158379
[ct_train] rechunked train graphs (seed=32)

=== Epoch 32/1000 ===
[train] loss=5.2441 cls=0.4568 cme=2.2317 acc=0.9674 cells=158379
[val]   loss=5.2223 eval=2.6649 cls=0.4320 cme=2.2329 acc=0.9684 cells=118036
[ct_train] saved best checkpoint (val_eval_loss=2.6649 val_acc=0.9684)
[ct_train] rechunked train graphs (seed=33)

=== Epoch 33/1000 ===
[train] loss=5.2221 cls=0.4530 cme=2.2233 acc=0.9679 cells=158379
[ct_train] rechunked train graphs (seed=34)

=== Epoch 34/1000 ===
[train] loss=5.2091 cls=0.4517 cme=2.2180 acc=0.9687 cells=158379
[val]   loss=5.2161 eval=2.6610 cls=0.4300 cme=2.2309 acc=0.9689 cells=118036
[ct_train] saved best checkpoint (val_eval_loss=2.6610 val_acc=0.9689)
[ct_train] rechunked train graphs (seed=35)

=== Epoch 35/1000 ===
[train] loss=5.2163 cls=0.4508 cme=2.2216 acc=0.9689 cells=158379
[ct_train] rechunked train graphs (seed=36)

=== Epoch 36/1000 ===
[train] loss=5.2034 cls=0.4492 cme=2.2165 acc=0.9688 cells=158379
[val]   loss=5.2104 eval=2.6575 cls=0.4285 cme=2.2290 acc=0.9692 cells=118036
[ct_train] saved best checkpoint (val_eval_loss=2.6575 val_acc=0.9692)
[ct_train] rechunked train graphs (seed=37)

=== Epoch 37/1000 ===
[train] loss=5.2037 cls=0.4503 cme=2.2161 acc=0.9694 cells=158379
[ct_train] rechunked train graphs (seed=38)

=== Epoch 38/1000 ===
[train] loss=5.1907 cls=0.4467 cme=2.2118 acc=0.9698 cells=158379
[val]   loss=5.2048 eval=2.6542 cls=0.4271 cme=2.2271 acc=0.9696 cells=118036
[ct_train] saved best checkpoint (val_eval_loss=2.6542 val_acc=0.9696)
[ct_train] rechunked train graphs (seed=39)

=== Epoch 39/1000 ===
[train] loss=5.1972 cls=0.4459 cme=2.2151 acc=0.9702 cells=158379
[ct_train] rechunked train graphs (seed=40)

=== Epoch 40/1000 ===
[train] loss=5.1955 cls=0.4459 cme=2.2143 acc=0.9700 cells=158379
[val]   loss=5.2001 eval=2.6513 cls=0.4258 cme=2.2255 acc=0.9701 cells=118036
[ct_train] saved best checkpoint (val_eval_loss=2.6513 val_acc=0.9701)
[ct_train] rechunked train graphs (seed=41)

=== Epoch 41/1000 ===
[train] loss=5.1823 cls=0.4445 cme=2.2089 acc=0.9707 cells=158379
[ct_train] rechunked train graphs (seed=42)

=== Epoch 42/1000 ===
[train] loss=5.1885 cls=0.4444 cme=2.2118 acc=0.9707 cells=158379
[val]   loss=5.1960 eval=2.6488 cls=0.4247 cme=2.2241 acc=0.9703 cells=118036
[ct_train] saved best checkpoint (val_eval_loss=2.6488 val_acc=0.9703)
[ct_train] rechunked train graphs (seed=43)

=== Epoch 43/1000 ===
[train] loss=5.1945 cls=0.4435 cme=2.2149 acc=0.9712 cells=158379
[ct_train] rechunked train graphs (seed=44)

=== Epoch 44/1000 ===
[train] loss=5.1772 cls=0.4421 cme=2.2076 acc=0.9715 cells=158379
[val]   loss=5.1925 eval=2.6465 cls=0.4235 cme=2.2231 acc=0.9707 cells=118036
[ct_train] saved best checkpoint (val_eval_loss=2.6465 val_acc=0.9707)
[ct_train] rechunked train graphs (seed=45)

=== Epoch 45/1000 ===
[train] loss=5.1860 cls=0.4415 cme=2.2119 acc=0.9717 cells=158379
[ct_train] rechunked train graphs (seed=46)

=== Epoch 46/1000 ===
[train] loss=5.1682 cls=0.4403 cme=2.2043 acc=0.9716 cells=158379
[val]   loss=5.1891 eval=2.6445 cls=0.4224 cme=2.2220 acc=0.9710 cells=118036
[ct_train] saved best checkpoint (val_eval_loss=2.6445 val_acc=0.9710)
[ct_train] rechunked train graphs (seed=47)

=== Epoch 47/1000 ===
[train] loss=5.1776 cls=0.4393 cme=2.2090 acc=0.9724 cells=158379
[ct_train] rechunked train graphs (seed=48)

=== Epoch 48/1000 ===
[train] loss=5.1652 cls=0.4385 cme=2.2037 acc=0.9725 cells=158379
[val]   loss=5.1858 eval=2.6424 cls=0.4215 cme=2.2209 acc=0.9714 cells=118036
[ct_train] saved best checkpoint (val_eval_loss=2.6424 val_acc=0.9714)
[ct_train] rechunked train graphs (seed=49)

=== Epoch 49/1000 ===
[train] loss=5.1705 cls=0.4377 cme=2.2066 acc=0.9728 cells=158379
[ct_train] rechunked train graphs (seed=50)

=== Epoch 50/1000 ===
[train] loss=5.1638 cls=0.4366 cme=2.2040 acc=0.9729 cells=158379
[val]   loss=5.1824 eval=2.6404 cls=0.4205 cme=2.2199 acc=0.9716 cells=118036
[ct_train] saved best checkpoint (val_eval_loss=2.6404 val_acc=0.9716)
[ct_train] rechunked train graphs (seed=51)

=== Epoch 51/1000 ===
[train] loss=5.1559 cls=0.4361 cme=2.2005 acc=0.9731 cells=158379
[ct_train] rechunked train graphs (seed=52)

=== Epoch 52/1000 ===
[train] loss=5.1540 cls=0.4363 cme=2.1996 acc=0.9735 cells=158379
[val]   loss=5.1797 eval=2.6386 cls=0.4196 cme=2.2190 acc=0.9718 cells=118036
[ct_train] saved best checkpoint (val_eval_loss=2.6386 val_acc=0.9718)
[ct_train] rechunked train graphs (seed=53)

=== Epoch 53/1000 ===
[train] loss=5.1532 cls=0.4351 cme=2.1997 acc=0.9731 cells=158379
[ct_train] rechunked train graphs (seed=54)

=== Epoch 54/1000 ===
[train] loss=5.1771 cls=0.4363 cme=2.2104 acc=0.9734 cells=158379
[val]   loss=5.1779 eval=2.6375 cls=0.4191 cme=2.2184 acc=0.9722 cells=118036
[ct_train] saved best checkpoint (val_eval_loss=2.6375 val_acc=0.9722)
[ct_train] rechunked train graphs (seed=55)

=== Epoch 55/1000 ===
[train] loss=5.1515 cls=0.4334 cme=2.1998 acc=0.9734 cells=158379
[ct_train] rechunked train graphs (seed=56)

=== Epoch 56/1000 ===
[train] loss=5.1596 cls=0.4333 cme=2.2035 acc=0.9743 cells=158379
[val]   loss=5.1755 eval=2.6360 cls=0.4183 cme=2.2176 acc=0.9724 cells=118036
[ct_train] saved best checkpoint (val_eval_loss=2.6360 val_acc=0.9724)
[ct_train] rechunked train graphs (seed=57)

=== Epoch 57/1000 ===
[train] loss=5.1513 cls=0.4334 cme=2.1997 acc=0.9735 cells=158379
[ct_train] rechunked train graphs (seed=58)

=== Epoch 58/1000 ===
[train] loss=5.1449 cls=0.4331 cme=2.1968 acc=0.9740 cells=158379
[val]   loss=5.1740 eval=2.6350 cls=0.4179 cme=2.2172 acc=0.9725 cells=118036
[ct_train] saved best checkpoint (val_eval_loss=2.6350 val_acc=0.9725)
[ct_train] rechunked train graphs (seed=59)

=== Epoch 59/1000 ===
[train] loss=5.1394 cls=0.4301 cme=2.1958 acc=0.9746 cells=158379
[ct_train] rechunked train graphs (seed=60)

=== Epoch 60/1000 ===
[train] loss=5.1544 cls=0.4318 cme=2.2018 acc=0.9747 cells=158379
[val]   loss=5.1713 eval=2.6336 cls=0.4174 cme=2.2162 acc=0.9727 cells=118036
[ct_train] saved best checkpoint (val_eval_loss=2.6336 val_acc=0.9727)
[ct_train] rechunked train graphs (seed=61)

=== Epoch 61/1000 ===
[train] loss=5.1368 cls=0.4301 cme=2.1944 acc=0.9745 cells=158379
[ct_train] rechunked train graphs (seed=62)

=== Epoch 62/1000 ===
[train] loss=5.1447 cls=0.4299 cme=2.1982 acc=0.9746 cells=158379
[val]   loss=5.1694 eval=2.6324 cls=0.4169 cme=2.2155 acc=0.9728 cells=118036
[ct_train] saved best checkpoint (val_eval_loss=2.6324 val_acc=0.9728)
[ct_train] rechunked train graphs (seed=63)

=== Epoch 63/1000 ===
[train] loss=5.1341 cls=0.4292 cme=2.1936 acc=0.9750 cells=158379
[ct_train] rechunked train graphs (seed=64)

=== Epoch 64/1000 ===
[train] loss=5.1288 cls=0.4280 cme=2.1917 acc=0.9747 cells=158379
[val]   loss=5.1686 eval=2.6318 cls=0.4165 cme=2.2153 acc=0.9730 cells=118036
[ct_train] saved best checkpoint (val_eval_loss=2.6318 val_acc=0.9730)
[ct_train] rechunked train graphs (seed=65)

=== Epoch 65/1000 ===
[train] loss=5.1368 cls=0.4279 cme=2.1956 acc=0.9756 cells=158379
[ct_train] rechunked train graphs (seed=66)

=== Epoch 66/1000 ===
[train] loss=5.1493 cls=0.4285 cme=2.2010 acc=0.9747 cells=158379
[val]   loss=5.1663 eval=2.6305 cls=0.4159 cme=2.2146 acc=0.9731 cells=118036
[ct_train] saved best checkpoint (val_eval_loss=2.6305 val_acc=0.9731)
[ct_train] rechunked train graphs (seed=67)

=== Epoch 67/1000 ===
[train] loss=5.1332 cls=0.4280 cme=2.1938 acc=0.9750 cells=158379
[ct_train] rechunked train graphs (seed=68)

=== Epoch 68/1000 ===
[train] loss=5.1293 cls=0.4264 cme=2.1927 acc=0.9753 cells=158379
[val]   loss=5.1654 eval=2.6298 cls=0.4154 cme=2.2144 acc=0.9733 cells=118036
[ct_train] saved best checkpoint (val_eval_loss=2.6298 val_acc=0.9733)
[ct_train] rechunked train graphs (seed=69)

=== Epoch 69/1000 ===
[train] loss=5.1207 cls=0.4258 cme=2.1890 acc=0.9761 cells=158379
[ct_train] rechunked train graphs (seed=70)

=== Epoch 70/1000 ===
[train] loss=5.1188 cls=0.4264 cme=2.1879 acc=0.9759 cells=158379
[val]   loss=5.1637 eval=2.6287 cls=0.4149 cme=2.2139 acc=0.9734 cells=118036
[ct_train] saved best checkpoint (val_eval_loss=2.6287 val_acc=0.9734)
[ct_train] rechunked train graphs (seed=71)

=== Epoch 71/1000 ===
[train] loss=5.1356 cls=0.4269 cme=2.1954 acc=0.9760 cells=158379
[ct_train] rechunked train graphs (seed=72)

=== Epoch 72/1000 ===
[train] loss=5.1268 cls=0.4262 cme=2.1917 acc=0.9753 cells=158379
[val]   loss=5.1620 eval=2.6279 cls=0.4148 cme=2.2131 acc=0.9734 cells=118036
[ct_train] saved best checkpoint (val_eval_loss=2.6279 val_acc=0.9734)
[ct_train] rechunked train graphs (seed=73)

=== Epoch 73/1000 ===
[train] loss=5.1282 cls=0.4242 cme=2.1932 acc=0.9763 cells=158379
[ct_train] rechunked train graphs (seed=74)

=== Epoch 74/1000 ===
[train] loss=5.1331 cls=0.4237 cme=2.1957 acc=0.9764 cells=158379
[val]   loss=5.1602 eval=2.6268 cls=0.4143 cme=2.2125 acc=0.9735 cells=118036
[ct_train] saved best checkpoint (val_eval_loss=2.6268 val_acc=0.9735)
[ct_train] rechunked train graphs (seed=75)

=== Epoch 75/1000 ===
[train] loss=5.1117 cls=0.4224 cme=2.1865 acc=0.9764 cells=158379
[ct_train] rechunked train graphs (seed=76)

=== Epoch 76/1000 ===
[train] loss=5.1136 cls=0.4226 cme=2.1871 acc=0.9765 cells=158379
[val]   loss=5.1593 eval=2.6262 cls=0.4140 cme=2.2122 acc=0.9737 cells=118036
[ct_train] saved best checkpoint (val_eval_loss=2.6262 val_acc=0.9737)
[ct_train] rechunked train graphs (seed=77)

=== Epoch 77/1000 ===
[train] loss=5.1126 cls=0.4217 cme=2.1872 acc=0.9769 cells=158379
[ct_train] rechunked train graphs (seed=78)

=== Epoch 78/1000 ===
[train] loss=5.1119 cls=0.4219 cme=2.1868 acc=0.9772 cells=158379
[val]   loss=5.1576 eval=2.6252 cls=0.4135 cme=2.2117 acc=0.9739 cells=118036
[ct_train] saved best checkpoint (val_eval_loss=2.6252 val_acc=0.9739)
[ct_train] rechunked train graphs (seed=79)

=== Epoch 79/1000 ===
[train] loss=5.1189 cls=0.4215 cme=2.1901 acc=0.9772 cells=158379
[ct_train] rechunked train graphs (seed=80)

=== Epoch 80/1000 ===
[train] loss=5.1025 cls=0.4205 cme=2.1831 acc=0.9773 cells=158379
[val]   loss=5.1565 eval=2.6245 cls=0.4132 cme=2.2113 acc=0.9740 cells=118036
[ct_train] saved best checkpoint (val_eval_loss=2.6245 val_acc=0.9740)
[ct_train] rechunked train graphs (seed=81)

=== Epoch 81/1000 ===
[train] loss=5.1050 cls=0.4212 cme=2.1838 acc=0.9768 cells=158379
[ct_train] rechunked train graphs (seed=82)

=== Epoch 82/1000 ===
[train] loss=5.1031 cls=0.4201 cme=2.1836 acc=0.9771 cells=158379
[val]   loss=5.1551 eval=2.6238 cls=0.4129 cme=2.2109 acc=0.9741 cells=118036
[ct_train] saved best checkpoint (val_eval_loss=2.6238 val_acc=0.9741)
[ct_train] rechunked train graphs (seed=83)

=== Epoch 83/1000 ===
[train] loss=5.1095 cls=0.4194 cme=2.1868 acc=0.9777 cells=158379
[ct_train] rechunked train graphs (seed=84)

=== Epoch 84/1000 ===
[train] loss=5.1007 cls=0.4195 cme=2.1828 acc=0.9777 cells=158379
[val]   loss=5.1548 eval=2.6235 cls=0.4127 cme=2.2108 acc=0.9741 cells=118036
[ct_train] saved best checkpoint (val_eval_loss=2.6235 val_acc=0.9741)
[ct_train] early_stopping: no improve on val/eval_loss for 1/45 val checks
[ct_train] rechunked train graphs (seed=85)

=== Epoch 85/1000 ===
[train] loss=5.0986 cls=0.4187 cme=2.1821 acc=0.9782 cells=158379
[ct_train] rechunked train graphs (seed=86)

=== Epoch 86/1000 ===
[train] loss=5.1124 cls=0.4197 cme=2.1881 acc=0.9774 cells=158379
[val]   loss=5.1532 eval=2.6227 cls=0.4125 cme=2.2102 acc=0.9741 cells=118036
[ct_train] saved best checkpoint (val_eval_loss=2.6227 val_acc=0.9741)
[ct_train] rechunked train graphs (seed=87)

=== Epoch 87/1000 ===
[train] loss=5.1008 cls=0.4188 cme=2.1831 acc=0.9776 cells=158379
[ct_train] rechunked train graphs (seed=88)

=== Epoch 88/1000 ===
[train] loss=5.0974 cls=0.4180 cme=2.1819 acc=0.9783 cells=158379
[val]   loss=5.1522 eval=2.6220 cls=0.4122 cme=2.2098 acc=0.9742 cells=118036
[ct_train] saved best checkpoint (val_eval_loss=2.6220 val_acc=0.9742)
[ct_train] rechunked train graphs (seed=89)

=== Epoch 89/1000 ===
[train] loss=5.0923 cls=0.4182 cme=2.1794 acc=0.9782 cells=158379
[ct_train] rechunked train graphs (seed=90)

=== Epoch 90/1000 ===
[train] loss=5.1033 cls=0.4172 cme=2.1850 acc=0.9782 cells=158379
[val]   loss=5.1512 eval=2.6215 cls=0.4119 cme=2.2095 acc=0.9743 cells=118036
[ct_train] saved best checkpoint (val_eval_loss=2.6215 val_acc=0.9743)
[ct_train] rechunked train graphs (seed=91)

=== Epoch 91/1000 ===
[train] loss=5.0887 cls=0.4156 cme=2.1790 acc=0.9785 cells=158379
[ct_train] rechunked train graphs (seed=92)

=== Epoch 92/1000 ===
[train] loss=5.0900 cls=0.4154 cme=2.1797 acc=0.9788 cells=158379
[val]   loss=5.1502 eval=2.6209 cls=0.4117 cme=2.2092 acc=0.9744 cells=118036
[ct_train] saved best checkpoint (val_eval_loss=2.6209 val_acc=0.9744)
[ct_train] rechunked train graphs (seed=93)

=== Epoch 93/1000 ===
[train] loss=5.0966 cls=0.4165 cme=2.1822 acc=0.9789 cells=158379
[ct_train] rechunked train graphs (seed=94)

=== Epoch 94/1000 ===
[train] loss=5.0855 cls=0.4151 cme=2.1777 acc=0.9787 cells=158379
[val]   loss=5.1494 eval=2.6204 cls=0.4115 cme=2.2089 acc=0.9746 cells=118036
[ct_train] saved best checkpoint (val_eval_loss=2.6204 val_acc=0.9746)
[ct_train] rechunked train graphs (seed=95)

=== Epoch 95/1000 ===
[train] loss=5.1191 cls=0.4165 cme=2.1926 acc=0.9787 cells=158379
[ct_train] rechunked train graphs (seed=96)

=== Epoch 96/1000 ===
[train] loss=5.0970 cls=0.4151 cme=2.1831 acc=0.9791 cells=158379
[val]   loss=5.1474 eval=2.6193 cls=0.4110 cme=2.2082 acc=0.9748 cells=118036
[ct_train] saved best checkpoint (val_eval_loss=2.6193 val_acc=0.9748)
[ct_train] rechunked train graphs (seed=97)

=== Epoch 97/1000 ===
[train] loss=5.0937 cls=0.4144 cme=2.1818 acc=0.9792 cells=158379
[ct_train] rechunked train graphs (seed=98)

=== Epoch 98/1000 ===
[train] loss=5.0825 cls=0.4145 cme=2.1766 acc=0.9792 cells=158379
[val]   loss=5.1478 eval=2.6194 cls=0.4109 cme=2.2084 acc=0.9746 cells=118036
[ct_train] early_stopping: no improve on val/eval_loss for 1/45 val checks
[ct_train] rechunked train graphs (seed=99)

=== Epoch 99/1000 ===
[train] loss=5.0734 cls=0.4147 cme=2.1723 acc=0.9790 cells=158379
[ct_train] rechunked train graphs (seed=100)

=== Epoch 100/1000 ===
[train] loss=5.0777 cls=0.4141 cme=2.1746 acc=0.9792 cells=158379
[val]   loss=5.1479 eval=2.6194 cls=0.4109 cme=2.2085 acc=0.9747 cells=118036
[ct_train] early_stopping: no improve on val/eval_loss for 2/45 val checks
[ct_train] rechunked train graphs (seed=101)

=== Epoch 101/1000 ===
[train] loss=5.0967 cls=0.4146 cme=2.1831 acc=0.9791 cells=158379
[ct_train] rechunked train graphs (seed=102)

=== Epoch 102/1000 ===
[train] loss=5.0827 cls=0.4127 cme=2.1775 acc=0.9795 cells=158379
[val]   loss=5.1459 eval=2.6182 cls=0.4104 cme=2.2078 acc=0.9748 cells=118036
[ct_train] saved best checkpoint (val_eval_loss=2.6182 val_acc=0.9748)
[ct_train] rechunked train graphs (seed=103)

=== Epoch 103/1000 ===
[train] loss=5.0868 cls=0.4123 cme=2.1796 acc=0.9799 cells=158379
[ct_train] rechunked train graphs (seed=104)

=== Epoch 104/1000 ===
[train] loss=5.0743 cls=0.4124 cme=2.1738 acc=0.9799 cells=158379
[val]   loss=5.1452 eval=2.6179 cls=0.4104 cme=2.2075 acc=0.9749 cells=118036
[ct_train] saved best checkpoint (val_eval_loss=2.6179 val_acc=0.9749)
[ct_train] rechunked train graphs (seed=105)

=== Epoch 105/1000 ===
[train] loss=5.0771 cls=0.4128 cme=2.1749 acc=0.9799 cells=158379
[ct_train] rechunked train graphs (seed=106)

=== Epoch 106/1000 ===
[train] loss=5.0730 cls=0.4119 cme=2.1735 acc=0.9795 cells=158379
[val]   loss=5.1453 eval=2.6178 cls=0.4102 cme=2.2076 acc=0.9750 cells=118036
[ct_train] saved best checkpoint (val_eval_loss=2.6178 val_acc=0.9750)
[ct_train] early_stopping: no improve on val/eval_loss for 1/45 val checks
[ct_train] rechunked train graphs (seed=107)

=== Epoch 107/1000 ===
[train] loss=5.0766 cls=0.4106 cme=2.1758 acc=0.9804 cells=158379
[ct_train] rechunked train graphs (seed=108)

=== Epoch 108/1000 ===
[train] loss=5.0922 cls=0.4117 cme=2.1824 acc=0.9799 cells=158379
[val]   loss=5.1449 eval=2.6176 cls=0.4100 cme=2.2076 acc=0.9749 cells=118036
[ct_train] saved best checkpoint (val_eval_loss=2.6176 val_acc=0.9750)
[ct_train] early_stopping: no improve on val/eval_loss for 2/45 val checks
[ct_train] rechunked train graphs (seed=109)

=== Epoch 109/1000 ===
[train] loss=5.0695 cls=0.4101 cme=2.1727 acc=0.9804 cells=158379
[ct_train] rechunked train graphs (seed=110)

=== Epoch 110/1000 ===
[train] loss=5.0704 cls=0.4100 cme=2.1731 acc=0.9806 cells=158379
[val]   loss=5.1439 eval=2.6170 cls=0.4097 cme=2.2072 acc=0.9750 cells=118036
[ct_train] saved best checkpoint (val_eval_loss=2.6170 val_acc=0.9750)
[ct_train] rechunked train graphs (seed=111)

=== Epoch 111/1000 ===
[train] loss=5.0625 cls=0.4087 cme=2.1701 acc=0.9807 cells=158379
[ct_train] rechunked train graphs (seed=112)

=== Epoch 112/1000 ===
[train] loss=5.0622 cls=0.4101 cme=2.1692 acc=0.9805 cells=158379
[val]   loss=5.1430 eval=2.6164 cls=0.4095 cme=2.2069 acc=0.9752 cells=118036
[ct_train] saved best checkpoint (val_eval_loss=2.6164 val_acc=0.9752)
[ct_train] rechunked train graphs (seed=113)

=== Epoch 113/1000 ===
[train] loss=5.0696 cls=0.4095 cme=2.1730 acc=0.9808 cells=158379
[ct_train] rechunked train graphs (seed=114)

=== Epoch 114/1000 ===
[train] loss=5.0699 cls=0.4099 cme=2.1729 acc=0.9805 cells=158379
[val]   loss=5.1425 eval=2.6162 cls=0.4095 cme=2.2067 acc=0.9751 cells=118036
[ct_train] saved best checkpoint (val_eval_loss=2.6162 val_acc=0.9752)
[ct_train] early_stopping: no improve on val/eval_loss for 1/45 val checks
[ct_train] rechunked train graphs (seed=115)

=== Epoch 115/1000 ===
[train] loss=5.0610 cls=0.4092 cme=2.1691 acc=0.9807 cells=158379
[ct_train] rechunked train graphs (seed=116)

=== Epoch 116/1000 ===
[train] loss=5.0599 cls=0.4085 cme=2.1689 acc=0.9808 cells=158379
[val]   loss=5.1412 eval=2.6155 cls=0.4093 cme=2.2062 acc=0.9752 cells=118036
[ct_train] saved best checkpoint (val_eval_loss=2.6155 val_acc=0.9752)
[ct_train] rechunked train graphs (seed=117)

=== Epoch 117/1000 ===
[train] loss=5.0677 cls=0.4089 cme=2.1724 acc=0.9810 cells=158379
[ct_train] rechunked train graphs (seed=118)

=== Epoch 118/1000 ===
[train] loss=5.0614 cls=0.4076 cme=2.1701 acc=0.9811 cells=158379
[val]   loss=5.1413 eval=2.6155 cls=0.4093 cme=2.2063 acc=0.9753 cells=118036
[ct_train] early_stopping: no improve on val/eval_loss for 1/45 val checks
[ct_train] rechunked train graphs (seed=119)

=== Epoch 119/1000 ===
[train] loss=5.0486 cls=0.4075 cme=2.1642 acc=0.9806 cells=158379
[ct_train] rechunked train graphs (seed=120)

=== Epoch 120/1000 ===
[train] loss=5.0496 cls=0.4061 cme=2.1652 acc=0.9814 cells=158379
[val]   loss=5.1412 eval=2.6153 cls=0.4090 cme=2.2064 acc=0.9754 cells=118036
[ct_train] saved best checkpoint (val_eval_loss=2.6153 val_acc=0.9754)
[ct_train] early_stopping: no improve on val/eval_loss for 2/45 val checks
[ct_train] rechunked train graphs (seed=121)

=== Epoch 121/1000 ===
[train] loss=5.0638 cls=0.4073 cme=2.1713 acc=0.9811 cells=158379
[ct_train] rechunked train graphs (seed=122)

=== Epoch 122/1000 ===
[train] loss=5.0479 cls=0.4076 cme=2.1639 acc=0.9813 cells=158379
[val]   loss=5.1406 eval=2.6150 cls=0.4089 cme=2.2061 acc=0.9754 cells=118036
[ct_train] saved best checkpoint (val_eval_loss=2.6150 val_acc=0.9754)
[ct_train] early_stopping: no improve on val/eval_loss for 3/45 val checks
[ct_train] rechunked train graphs (seed=123)

=== Epoch 123/1000 ===
[train] loss=5.0587 cls=0.4068 cme=2.1692 acc=0.9815 cells=158379
[ct_train] rechunked train graphs (seed=124)

=== Epoch 124/1000 ===
[train] loss=5.0626 cls=0.4065 cme=2.1712 acc=0.9815 cells=158379
[val]   loss=5.1412 eval=2.6153 cls=0.4089 cme=2.2064 acc=0.9754 cells=118036
[ct_train] early_stopping: no improve on val/eval_loss for 4/45 val checks
[ct_train] rechunked train graphs (seed=125)

=== Epoch 125/1000 ===
[train] loss=5.0561 cls=0.4066 cme=2.1681 acc=0.9819 cells=158379
[ct_train] rechunked train graphs (seed=126)

=== Epoch 126/1000 ===
[train] loss=5.0511 cls=0.4056 cme=2.1662 acc=0.9818 cells=158379
[val]   loss=5.1406 eval=2.6150 cls=0.4088 cme=2.2062 acc=0.9755 cells=118036
[ct_train] saved best checkpoint (val_eval_loss=2.6150 val_acc=0.9755)
[ct_train] early_stopping: no improve on val/eval_loss for 5/45 val checks
[ct_train] rechunked train graphs (seed=127)

=== Epoch 127/1000 ===
[train] loss=5.0654 cls=0.4063 cme=2.1725 acc=0.9816 cells=158379
[ct_train] rechunked train graphs (seed=128)

=== Epoch 128/1000 ===
[train] loss=5.0516 cls=0.4056 cme=2.1665 acc=0.9819 cells=158379
[val]   loss=5.1398 eval=2.6147 cls=0.4089 cme=2.2058 acc=0.9754 cells=118036
[ct_train] saved best checkpoint (val_eval_loss=2.6147 val_acc=0.9755)
[ct_train] rechunked train graphs (seed=129)

=== Epoch 129/1000 ===
[train] loss=5.0554 cls=0.4043 cme=2.1689 acc=0.9823 cells=158379
[ct_train] rechunked train graphs (seed=130)

=== Epoch 130/1000 ===
[train] loss=5.0528 cls=0.4041 cme=2.1676 acc=0.9824 cells=158379
[val]   loss=5.1388 eval=2.6141 cls=0.4087 cme=2.2054 acc=0.9754 cells=118036
[ct_train] saved best checkpoint (val_eval_loss=2.6141 val_acc=0.9755)
[ct_train] rechunked train graphs (seed=131)

=== Epoch 131/1000 ===
[train] loss=5.0456 cls=0.4039 cme=2.1645 acc=0.9823 cells=158379
[ct_train] rechunked train graphs (seed=132)

=== Epoch 132/1000 ===
[train] loss=5.0427 cls=0.4038 cme=2.1632 acc=0.9821 cells=158379
[val]   loss=5.1381 eval=2.6137 cls=0.4086 cme=2.2051 acc=0.9755 cells=118036
[ct_train] saved best checkpoint (val_eval_loss=2.6137 val_acc=0.9755)
[ct_train] rechunked train graphs (seed=133)

=== Epoch 133/1000 ===
[train] loss=5.0475 cls=0.4034 cme=2.1656 acc=0.9826 cells=158379
[ct_train] rechunked train graphs (seed=134)

=== Epoch 134/1000 ===
[train] loss=5.0580 cls=0.4047 cme=2.1699 acc=0.9824 cells=158379
[val]   loss=5.1379 eval=2.6137 cls=0.4087 cme=2.2050 acc=0.9756 cells=118036
[ct_train] saved best checkpoint (val_eval_loss=2.6137 val_acc=0.9756)
[ct_train] early_stopping: no improve on val/eval_loss for 1/45 val checks
[ct_train] rechunked train graphs (seed=135)

=== Epoch 135/1000 ===
[train] loss=5.0476 cls=0.4030 cme=2.1659 acc=0.9828 cells=158379
[ct_train] rechunked train graphs (seed=136)

=== Epoch 136/1000 ===
[train] loss=5.0333 cls=0.4031 cme=2.1591 acc=0.9827 cells=158379
[val]   loss=5.1385 eval=2.6140 cls=0.4087 cme=2.2053 acc=0.9756 cells=118036
[ct_train] early_stopping: no improve on val/eval_loss for 2/45 val checks
[ct_train] rechunked train graphs (seed=137)

=== Epoch 137/1000 ===
[train] loss=5.0510 cls=0.4033 cme=2.1672 acc=0.9826 cells=158379
[ct_train] rechunked train graphs (seed=138)

=== Epoch 138/1000 ===
[train] loss=5.0314 cls=0.4034 cme=2.1581 acc=0.9823 cells=158379
[val]   loss=5.1374 eval=2.6134 cls=0.4085 cme=2.2048 acc=0.9756 cells=118036
[ct_train] saved best checkpoint (val_eval_loss=2.6134 val_acc=0.9756)
[ct_train] early_stopping: no improve on val/eval_loss for 3/45 val checks
[ct_train] rechunked train graphs (seed=139)

=== Epoch 139/1000 ===
[train] loss=5.0452 cls=0.4033 cme=2.1646 acc=0.9825 cells=158379
[ct_train] rechunked train graphs (seed=140)

=== Epoch 140/1000 ===
[train] loss=5.0406 cls=0.4017 cme=2.1631 acc=0.9833 cells=158379
[val]   loss=5.1367 eval=2.6130 cls=0.4085 cme=2.2045 acc=0.9757 cells=118036
[ct_train] saved best checkpoint (val_eval_loss=2.6130 val_acc=0.9757)
[ct_train] rechunked train graphs (seed=141)

=== Epoch 141/1000 ===
[train] loss=5.0417 cls=0.4017 cme=2.1638 acc=0.9833 cells=158379
[ct_train] rechunked train graphs (seed=142)

=== Epoch 142/1000 ===
[train] loss=5.0407 cls=0.4015 cme=2.1633 acc=0.9830 cells=158379
[val]   loss=5.1365 eval=2.6129 cls=0.4085 cme=2.2044 acc=0.9757 cells=118036
[ct_train] saved best checkpoint (val_eval_loss=2.6129 val_acc=0.9757)
[ct_train] early_stopping: no improve on val/eval_loss for 1/45 val checks
[ct_train] rechunked train graphs (seed=143)

=== Epoch 143/1000 ===
[train] loss=5.0310 cls=0.4015 cme=2.1588 acc=0.9832 cells=158379
[ct_train] rechunked train graphs (seed=144)

=== Epoch 144/1000 ===
[train] loss=5.0379 cls=0.4020 cme=2.1618 acc=0.9832 cells=158379
[val]   loss=5.1365 eval=2.6130 cls=0.4085 cme=2.2044 acc=0.9756 cells=118036
[ct_train] early_stopping: no improve on val/eval_loss for 2/45 val checks
[ct_train] rechunked train graphs (seed=145)

=== Epoch 145/1000 ===
[train] loss=5.0432 cls=0.4011 cme=2.1646 acc=0.9834 cells=158379
[ct_train] rechunked train graphs (seed=146)

=== Epoch 146/1000 ===
[train] loss=5.0312 cls=0.4013 cme=2.1591 acc=0.9831 cells=158379
[val]   loss=5.1362 eval=2.6129 cls=0.4086 cme=2.2042 acc=0.9757 cells=118036
[ct_train] saved best checkpoint (val_eval_loss=2.6129 val_acc=0.9757)
[ct_train] early_stopping: no improve on val/eval_loss for 3/45 val checks
[ct_train] rechunked train graphs (seed=147)

=== Epoch 147/1000 ===
[train] loss=5.0408 cls=0.4011 cme=2.1635 acc=0.9834 cells=158379
[ct_train] rechunked train graphs (seed=148)

=== Epoch 148/1000 ===
[train] loss=5.0378 cls=0.4000 cme=2.1626 acc=0.9834 cells=158379
[val]   loss=5.1360 eval=2.6127 cls=0.4085 cme=2.2042 acc=0.9756 cells=118036
[ct_train] saved best checkpoint (val_eval_loss=2.6127 val_acc=0.9757)
[ct_train] early_stopping: no improve on val/eval_loss for 4/45 val checks
[ct_train] rechunked train graphs (seed=149)

=== Epoch 149/1000 ===
[train] loss=5.0298 cls=0.4009 cme=2.1586 acc=0.9833 cells=158379
[ct_train] rechunked train graphs (seed=150)

=== Epoch 150/1000 ===
[train] loss=5.0289 cls=0.4002 cme=2.1585 acc=0.9836 cells=158379
[val]   loss=5.1360 eval=2.6127 cls=0.4085 cme=2.2042 acc=0.9756 cells=118036
[ct_train] saved best checkpoint (val_eval_loss=2.6127 val_acc=0.9757)
[ct_train] early_stopping: no improve on val/eval_loss for 5/45 val checks
[ct_train] rechunked train graphs (seed=151)

=== Epoch 151/1000 ===
[train] loss=5.0325 cls=0.3998 cme=2.1603 acc=0.9838 cells=158379
[ct_train] rechunked train graphs (seed=152)

=== Epoch 152/1000 ===
[train] loss=5.0408 cls=0.4004 cme=2.1639 acc=0.9837 cells=158379
[val]   loss=5.1347 eval=2.6121 cls=0.4085 cme=2.2036 acc=0.9757 cells=118036
[ct_train] saved best checkpoint (val_eval_loss=2.6121 val_acc=0.9757)
[ct_train] rechunked train graphs (seed=153)

=== Epoch 153/1000 ===
[train] loss=5.0273 cls=0.3998 cme=2.1579 acc=0.9840 cells=158379
[ct_train] rechunked train graphs (seed=154)

=== Epoch 154/1000 ===
[train] loss=5.0281 cls=0.3995 cme=2.1584 acc=0.9838 cells=158379
[val]   loss=5.1350 eval=2.6122 cls=0.4084 cme=2.2038 acc=0.9758 cells=118036
[ct_train] early_stopping: no improve on val/eval_loss for 1/45 val checks
[ct_train] rechunked train graphs (seed=155)

=== Epoch 155/1000 ===
[train] loss=5.0373 cls=0.3995 cme=2.1626 acc=0.9842 cells=158379
[ct_train] rechunked train graphs (seed=156)

=== Epoch 156/1000 ===
[train] loss=5.0269 cls=0.3987 cme=2.1582 acc=0.9842 cells=158379
[val]   loss=5.1359 eval=2.6128 cls=0.4086 cme=2.2041 acc=0.9756 cells=118036
[ct_train] early_stopping: no improve on val/eval_loss for 2/45 val checks
[ct_train] rechunked train graphs (seed=157)

=== Epoch 157/1000 ===
[train] loss=5.0254 cls=0.3981 cme=2.1578 acc=0.9844 cells=158379
[ct_train] rechunked train graphs (seed=158)

=== Epoch 158/1000 ===
[train] loss=5.0247 cls=0.3979 cme=2.1576 acc=0.9845 cells=158379
[val]   loss=5.1356 eval=2.6126 cls=0.4086 cme=2.2040 acc=0.9757 cells=118036
[ct_train] early_stopping: no improve on val/eval_loss for 3/45 val checks
[ct_train] rechunked train graphs (seed=159)

=== Epoch 159/1000 ===
[train] loss=5.0192 cls=0.3973 cme=2.1553 acc=0.9847 cells=158379
[ct_train] rechunked train graphs (seed=160)

=== Epoch 160/1000 ===
[train] loss=5.0345 cls=0.3973 cme=2.1624 acc=0.9845 cells=158379
[val]   loss=5.1356 eval=2.6126 cls=0.4086 cme=2.2040 acc=0.9758 cells=118036
[ct_train] early_stopping: no improve on val/eval_loss for 4/45 val checks
[ct_train] rechunked train graphs (seed=161)

=== Epoch 161/1000 ===
[train] loss=5.0237 cls=0.3966 cme=2.1577 acc=0.9848 cells=158379
[ct_train] rechunked train graphs (seed=162)

=== Epoch 162/1000 ===
[train] loss=5.0327 cls=0.3977 cme=2.1614 acc=0.9847 cells=158379
[val]   loss=5.1350 eval=2.6124 cls=0.4087 cme=2.2037 acc=0.9758 cells=118036
[ct_train] early_stopping: no improve on val/eval_loss for 5/45 val checks
[ct_train] rechunked train graphs (seed=163)

=== Epoch 163/1000 ===
[train] loss=5.0191 cls=0.3972 cme=2.1553 acc=0.9845 cells=158379
[ct_train] rechunked train graphs (seed=164)

=== Epoch 164/1000 ===
[train] loss=5.0275 cls=0.3964 cme=2.1596 acc=0.9850 cells=158379
[val]   loss=5.1362 eval=2.6129 cls=0.4086 cme=2.2043 acc=0.9758 cells=118036
[ct_train] early_stopping: no improve on val/eval_loss for 6/45 val checks
[ct_train] rechunked train graphs (seed=165)

=== Epoch 165/1000 ===
[train] loss=5.0251 cls=0.3966 cme=2.1584 acc=0.9846 cells=158379
[ct_train] rechunked train graphs (seed=166)

=== Epoch 166/1000 ===
[train] loss=5.0209 cls=0.3964 cme=2.1565 acc=0.9847 cells=158379
[val]   loss=5.1344 eval=2.6120 cls=0.4085 cme=2.2035 acc=0.9758 cells=118036
[ct_train] saved best checkpoint (val_eval_loss=2.6120 val_acc=0.9758)
[ct_train] early_stopping: no improve on val/eval_loss for 7/45 val checks
[ct_train] rechunked train graphs (seed=167)

=== Epoch 167/1000 ===
[train] loss=5.0278 cls=0.3965 cme=2.1597 acc=0.9851 cells=158379
[ct_train] rechunked train graphs (seed=168)

=== Epoch 168/1000 ===
[train] loss=5.0169 cls=0.3949 cme=2.1554 acc=0.9851 cells=158379
[val]   loss=5.1341 eval=2.6119 cls=0.4085 cme=2.2033 acc=0.9759 cells=118036
[ct_train] saved best checkpoint (val_eval_loss=2.6119 val_acc=0.9759)
[ct_train] early_stopping: no improve on val/eval_loss for 8/45 val checks
[ct_train] rechunked train graphs (seed=169)

=== Epoch 169/1000 ===
[train] loss=5.0120 cls=0.3950 cme=2.1531 acc=0.9850 cells=158379
[ct_train] rechunked train graphs (seed=170)

=== Epoch 170/1000 ===
[train] loss=5.0249 cls=0.3963 cme=2.1584 acc=0.9849 cells=158379
[val]   loss=5.1349 eval=2.6124 cls=0.4088 cme=2.2036 acc=0.9758 cells=118036
[ct_train] early_stopping: no improve on val/eval_loss for 9/45 val checks
[ct_train] rechunked train graphs (seed=171)

=== Epoch 171/1000 ===
[train] loss=5.0095 cls=0.3956 cme=2.1517 acc=0.9851 cells=158379
[ct_train] rechunked train graphs (seed=172)

=== Epoch 172/1000 ===
[train] loss=5.0152 cls=0.3960 cme=2.1541 acc=0.9851 cells=158379
[val]   loss=5.1353 eval=2.6126 cls=0.4087 cme=2.2038 acc=0.9759 cells=118036
[ct_train] early_stopping: no improve on val/eval_loss for 10/45 val checks
[ct_train] rechunked train graphs (seed=173)

=== Epoch 173/1000 ===
[train] loss=5.0257 cls=0.3955 cme=2.1591 acc=0.9853 cells=158379
[ct_train] rechunked train graphs (seed=174)

=== Epoch 174/1000 ===
[train] loss=5.0165 cls=0.3944 cme=2.1554 acc=0.9855 cells=158379
[val]   loss=5.1343 eval=2.6121 cls=0.4088 cme=2.2033 acc=0.9760 cells=118036
[ct_train] early_stopping: no improve on val/eval_loss for 11/45 val checks
[ct_train] rechunked train graphs (seed=175)

=== Epoch 175/1000 ===
[train] loss=5.0181 cls=0.3942 cme=2.1563 acc=0.9855 cells=158379
[ct_train] rechunked train graphs (seed=176)

=== Epoch 176/1000 ===
[train] loss=5.0240 cls=0.3948 cme=2.1587 acc=0.9856 cells=158379
[val]   loss=5.1352 eval=2.6126 cls=0.4089 cme=2.2037 acc=0.9759 cells=118036
[ct_train] early_stopping: no improve on val/eval_loss for 12/45 val checks
[ct_train] rechunked train graphs (seed=177)

=== Epoch 177/1000 ===
[train] loss=5.0128 cls=0.3947 cme=2.1536 acc=0.9857 cells=158379
[ct_train] rechunked train graphs (seed=178)

=== Epoch 178/1000 ===
[train] loss=5.0135 cls=0.3950 cme=2.1537 acc=0.9854 cells=158379
[val]   loss=5.1347 eval=2.6124 cls=0.4090 cme=2.2034 acc=0.9759 cells=118036
[ct_train] early_stopping: no improve on val/eval_loss for 13/45 val checks
[ct_train] rechunked train graphs (seed=179)

=== Epoch 179/1000 ===
[train] loss=5.0194 cls=0.3946 cme=2.1567 acc=0.9855 cells=158379
[ct_train] rechunked train graphs (seed=180)

=== Epoch 180/1000 ===
[train] loss=5.0109 cls=0.3935 cme=2.1533 acc=0.9862 cells=158379
[val]   loss=5.1348 eval=2.6124 cls=0.4090 cme=2.2035 acc=0.9760 cells=118036
[ct_train] early_stopping: no improve on val/eval_loss for 14/45 val checks
[ct_train] rechunked train graphs (seed=181)

=== Epoch 181/1000 ===
[train] loss=4.9957 cls=0.3934 cme=2.1463 acc=0.9854 cells=158379
[ct_train] rechunked train graphs (seed=182)

=== Epoch 182/1000 ===
[train] loss=5.0042 cls=0.3935 cme=2.1502 acc=0.9857 cells=158379
[val]   loss=5.1359 eval=2.6131 cls=0.4091 cme=2.2040 acc=0.9759 cells=118036
[ct_train] early_stopping: no improve on val/eval_loss for 15/45 val checks
[ct_train] rechunked train graphs (seed=183)

=== Epoch 183/1000 ===
[train] loss=5.0031 cls=0.3929 cme=2.1499 acc=0.9862 cells=158379
[ct_train] rechunked train graphs (seed=184)

=== Epoch 184/1000 ===
[train] loss=5.0039 cls=0.3935 cme=2.1500 acc=0.9860 cells=158379
[val]   loss=5.1371 eval=2.6137 cls=0.4093 cme=2.2044 acc=0.9759 cells=118036
[ct_train] early_stopping: no improve on val/eval_loss for 16/45 val checks
[ct_train] rechunked train graphs (seed=185)

=== Epoch 185/1000 ===
[train] loss=5.0056 cls=0.3931 cme=2.1510 acc=0.9858 cells=158379
[ct_train] rechunked train graphs (seed=186)

=== Epoch 186/1000 ===
[train] loss=5.0107 cls=0.3941 cme=2.1529 acc=0.9858 cells=158379
[val]   loss=5.1361 eval=2.6133 cls=0.4094 cme=2.2039 acc=0.9759 cells=118036
[ct_train] early_stopping: no improve on val/eval_loss for 17/45 val checks
[ct_train] rechunked train graphs (seed=187)

=== Epoch 187/1000 ===
[train] loss=5.0087 cls=0.3935 cme=2.1522 acc=0.9860 cells=158379
[ct_train] rechunked train graphs (seed=188)

=== Epoch 188/1000 ===
[train] loss=4.9968 cls=0.3929 cme=2.1470 acc=0.9863 cells=158379
[val]   loss=5.1372 eval=2.6138 cls=0.4094 cme=2.2044 acc=0.9760 cells=118036
[ct_train] early_stopping: no improve on val/eval_loss for 18/45 val checks
[ct_train] rechunked train graphs (seed=189)

=== Epoch 189/1000 ===
[train] loss=5.0014 cls=0.3926 cme=2.1492 acc=0.9863 cells=158379
[ct_train] rechunked train graphs (seed=190)

=== Epoch 190/1000 ===
[train] loss=4.9999 cls=0.3915 cme=2.1492 acc=0.9867 cells=158379
[val]   loss=5.1368 eval=2.6137 cls=0.4096 cme=2.2041 acc=0.9760 cells=118036
[ct_train] early_stopping: no improve on val/eval_loss for 19/45 val checks
[ct_train] rechunked train graphs (seed=191)

=== Epoch 191/1000 ===
[train] loss=5.0074 cls=0.3925 cme=2.1520 acc=0.9859 cells=158379
[ct_train] rechunked train graphs (seed=192)

=== Epoch 192/1000 ===
[train] loss=5.0042 cls=0.3915 cme=2.1511 acc=0.9868 cells=158379
[val]   loss=5.1381 eval=2.6144 cls=0.4097 cme=2.2046 acc=0.9759 cells=118036
[ct_train] early_stopping: no improve on val/eval_loss for 20/45 val checks
[ct_train] rechunked train graphs (seed=193)

=== Epoch 193/1000 ===
[train] loss=5.0019 cls=0.3911 cme=2.1502 acc=0.9865 cells=158379
[ct_train] rechunked train graphs (seed=194)

=== Epoch 194/1000 ===
[train] loss=4.9975 cls=0.3906 cme=2.1483 acc=0.9870 cells=158379
[val]   loss=5.1385 eval=2.6146 cls=0.4097 cme=2.2048 acc=0.9759 cells=118036
[ct_train] early_stopping: no improve on val/eval_loss for 21/45 val checks
[ct_train] rechunked train graphs (seed=195)

=== Epoch 195/1000 ===
[train] loss=4.9928 cls=0.3911 cme=2.1460 acc=0.9867 cells=158379
[ct_train] rechunked train graphs (seed=196)

=== Epoch 196/1000 ===
[train] loss=4.9952 cls=0.3909 cme=2.1472 acc=0.9869 cells=158379
[val]   loss=5.1388 eval=2.6148 cls=0.4099 cme=2.2049 acc=0.9759 cells=118036
[ct_train] early_stopping: no improve on val/eval_loss for 22/45 val checks
[ct_train] rechunked train graphs (seed=197)

=== Epoch 197/1000 ===
[train] loss=4.9892 cls=0.3916 cme=2.1442 acc=0.9863 cells=158379
[ct_train] rechunked train graphs (seed=198)

=== Epoch 198/1000 ===
[train] loss=4.9962 cls=0.3921 cme=2.1471 acc=0.9862 cells=158379
[val]   loss=5.1400 eval=2.6154 cls=0.4099 cme=2.2055 acc=0.9759 cells=118036
[ct_train] early_stopping: no improve on val/eval_loss for 23/45 val checks
[ct_train] rechunked train graphs (seed=199)

=== Epoch 199/1000 ===
[train] loss=4.9935 cls=0.3909 cme=2.1464 acc=0.9867 cells=158379
[ct_train] rechunked train graphs (seed=200)

=== Epoch 200/1000 ===
[train] loss=4.9971 cls=0.3905 cme=2.1483 acc=0.9869 cells=158379
[val]   loss=5.1408 eval=2.6159 cls=0.4101 cme=2.2058 acc=0.9760 cells=118036
[ct_train] early_stopping: no improve on val/eval_loss for 24/45 val checks
[ct_train] rechunked train graphs (seed=201)

=== Epoch 201/1000 ===
[train] loss=4.9864 cls=0.3902 cme=2.1435 acc=0.9870 cells=158379
[ct_train] rechunked train graphs (seed=202)

=== Epoch 202/1000 ===
[train] loss=4.9830 cls=0.3898 cme=2.1420 acc=0.9872 cells=158379
[val]   loss=5.1409 eval=2.6160 cls=0.4102 cme=2.2058 acc=0.9760 cells=118036
[ct_train] early_stopping: no improve on val/eval_loss for 25/45 val checks
[ct_train] rechunked train graphs (seed=203)

=== Epoch 203/1000 ===
[train] loss=4.9919 cls=0.3892 cme=2.1464 acc=0.9873 cells=158379
[ct_train] rechunked train graphs (seed=204)

=== Epoch 204/1000 ===
[train] loss=4.9803 cls=0.3895 cme=2.1410 acc=0.9872 cells=158379
[val]   loss=5.1417 eval=2.6165 cls=0.4105 cme=2.2060 acc=0.9758 cells=118036
[ct_train] early_stopping: no improve on val/eval_loss for 26/45 val checks
[ct_train] rechunked train graphs (seed=205)

=== Epoch 205/1000 ===
[train] loss=4.9791 cls=0.3886 cme=2.1408 acc=0.9873 cells=158379
[ct_train] rechunked train graphs (seed=206)

=== Epoch 206/1000 ===
[train] loss=5.0022 cls=0.3897 cme=2.1509 acc=0.9874 cells=158379
[val]   loss=5.1426 eval=2.6170 cls=0.4107 cme=2.2064 acc=0.9759 cells=118036
[ct_train] early_stopping: no improve on val/eval_loss for 27/45 val checks
[ct_train] rechunked train graphs (seed=207)

=== Epoch 207/1000 ===
[train] loss=4.9898 cls=0.3887 cme=2.1457 acc=0.9877 cells=158379
[ct_train] rechunked train graphs (seed=208)

=== Epoch 208/1000 ===
[train] loss=4.9847 cls=0.3887 cme=2.1434 acc=0.9876 cells=158379
[val]   loss=5.1420 eval=2.6168 cls=0.4108 cme=2.2060 acc=0.9759 cells=118036
[ct_train] early_stopping: no improve on val/eval_loss for 28/45 val checks
[ct_train] rechunked train graphs (seed=209)

=== Epoch 209/1000 ===
[train] loss=4.9830 cls=0.3879 cme=2.1429 acc=0.9880 cells=158379
[ct_train] rechunked train graphs (seed=210)

=== Epoch 210/1000 ===
[train] loss=4.9854 cls=0.3878 cme=2.1441 acc=0.9881 cells=158379
[val]   loss=5.1416 eval=2.6167 cls=0.4110 cme=2.2057 acc=0.9760 cells=118036
[ct_train] early_stopping: no improve on val/eval_loss for 29/45 val checks
[ct_train] rechunked train graphs (seed=211)

=== Epoch 211/1000 ===
[train] loss=4.9838 cls=0.3876 cme=2.1434 acc=0.9881 cells=158379
[ct_train] rechunked train graphs (seed=212)

=== Epoch 212/1000 ===
[train] loss=4.9818 cls=0.3877 cme=2.1425 acc=0.9878 cells=158379
[val]   loss=5.1427 eval=2.6173 cls=0.4111 cme=2.2062 acc=0.9759 cells=118036
[ct_train] early_stopping: no improve on val/eval_loss for 30/45 val checks
[ct_train] rechunked train graphs (seed=213)

=== Epoch 213/1000 ===
[train] loss=4.9712 cls=0.3879 cme=2.1375 acc=0.9876 cells=158379
[ct_train] rechunked train graphs (seed=214)

=== Epoch 214/1000 ===
[train] loss=4.9852 cls=0.3875 cme=2.1442 acc=0.9880 cells=158379
[val]   loss=5.1441 eval=2.6180 cls=0.4112 cme=2.2068 acc=0.9758 cells=118036
[ct_train] early_stopping: no improve on val/eval_loss for 31/45 val checks
[ct_train] rechunked train graphs (seed=215)

=== Epoch 215/1000 ===
[train] loss=4.9809 cls=0.3872 cme=2.1423 acc=0.9878 cells=158379
[ct_train] rechunked train graphs (seed=216)

=== Epoch 216/1000 ===
[train] loss=4.9742 cls=0.3874 cme=2.1391 acc=0.9879 cells=158379
[val]   loss=5.1444 eval=2.6181 cls=0.4112 cme=2.2069 acc=0.9759 cells=118036
[ct_train] early_stopping: no improve on val/eval_loss for 32/45 val checks
[ct_train] rechunked train graphs (seed=217)

=== Epoch 217/1000 ===
[train] loss=4.9827 cls=0.3872 cme=2.1431 acc=0.9883 cells=158379
[ct_train] rechunked train graphs (seed=218)

=== Epoch 218/1000 ===
[train] loss=4.9770 cls=0.3870 cme=2.1406 acc=0.9885 cells=158379
[val]   loss=5.1448 eval=2.6184 cls=0.4114 cme=2.2071 acc=0.9759 cells=118036
[ct_train] early_stopping: no improve on val/eval_loss for 33/45 val checks
[ct_train] rechunked train graphs (seed=219)

=== Epoch 219/1000 ===
[train] loss=4.9788 cls=0.3864 cme=2.1417 acc=0.9887 cells=158379
[ct_train] rechunked train graphs (seed=220)

=== Epoch 220/1000 ===
[train] loss=4.9933 cls=0.3863 cme=2.1485 acc=0.9886 cells=158379
[val]   loss=5.1446 eval=2.6184 cls=0.4114 cme=2.2069 acc=0.9759 cells=118036
[ct_train] early_stopping: no improve on val/eval_loss for 34/45 val checks
[ct_train] rechunked train graphs (seed=221)

=== Epoch 221/1000 ===
[train] loss=4.9771 cls=0.3854 cme=2.1414 acc=0.9888 cells=158379
[ct_train] rechunked train graphs (seed=222)

=== Epoch 222/1000 ===
[train] loss=4.9662 cls=0.3850 cme=2.1365 acc=0.9890 cells=158379
[val]   loss=5.1442 eval=2.6183 cls=0.4116 cme=2.2067 acc=0.9760 cells=118036
[ct_train] early_stopping: no improve on val/eval_loss for 35/45 val checks
[ct_train] rechunked train graphs (seed=223)

=== Epoch 223/1000 ===
[train] loss=4.9840 cls=0.3858 cme=2.1444 acc=0.9889 cells=158379
[ct_train] rechunked train graphs (seed=224)

=== Epoch 224/1000 ===
[train] loss=4.9868 cls=0.3852 cme=2.1459 acc=0.9889 cells=158379
[val]   loss=5.1467 eval=2.6195 cls=0.4117 cme=2.2079 acc=0.9758 cells=118036
[ct_train] early_stopping: no improve on val/eval_loss for 36/45 val checks
[ct_train] rechunked train graphs (seed=225)

=== Epoch 225/1000 ===
[train] loss=4.9783 cls=0.3852 cme=2.1421 acc=0.9889 cells=158379
[ct_train] rechunked train graphs (seed=226)

=== Epoch 226/1000 ===
[train] loss=4.9832 cls=0.3849 cme=2.1444 acc=0.9892 cells=158379
[val]   loss=5.1460 eval=2.6193 cls=0.4118 cme=2.2074 acc=0.9758 cells=118036
[ct_train] early_stopping: no improve on val/eval_loss for 37/45 val checks
[ct_train] rechunked train graphs (seed=227)

=== Epoch 227/1000 ===
[train] loss=4.9631 cls=0.3850 cme=2.1351 acc=0.9892 cells=158379
[ct_train] rechunked train graphs (seed=228)

=== Epoch 228/1000 ===
[train] loss=4.9700 cls=0.3851 cme=2.1382 acc=0.9890 cells=158379
[val]   loss=5.1470 eval=2.6198 cls=0.4120 cme=2.2078 acc=0.9758 cells=118036
[ct_train] early_stopping: no improve on val/eval_loss for 38/45 val checks
[ct_train] rechunked train graphs (seed=229)

=== Epoch 229/1000 ===
[train] loss=4.9779 cls=0.3856 cme=2.1417 acc=0.9888 cells=158379
[ct_train] rechunked train graphs (seed=230)

=== Epoch 230/1000 ===
[train] loss=4.9651 cls=0.3845 cme=2.1362 acc=0.9893 cells=158379
[val]   loss=5.1480 eval=2.6204 cls=0.4123 cme=2.2081 acc=0.9757 cells=118036
[ct_train] early_stopping: no improve on val/eval_loss for 39/45 val checks
[ct_train] rechunked train graphs (seed=231)

=== Epoch 231/1000 ===
[train] loss=4.9569 cls=0.3846 cme=2.1324 acc=0.9894 cells=158379
[ct_train] rechunked train graphs (seed=232)

=== Epoch 232/1000 ===
[train] loss=4.9769 cls=0.3848 cme=2.1416 acc=0.9892 cells=158379
[val]   loss=5.1476 eval=2.6204 cls=0.4125 cme=2.2079 acc=0.9757 cells=118036
[ct_train] early_stopping: no improve on val/eval_loss for 40/45 val checks
[ct_train] rechunked train graphs (seed=233)

=== Epoch 233/1000 ===
[train] loss=4.9692 cls=0.3849 cme=2.1379 acc=0.9891 cells=158379
[ct_train] rechunked train graphs (seed=234)

=== Epoch 234/1000 ===
[train] loss=4.9747 cls=0.3846 cme=2.1407 acc=0.9892 cells=158379
[val]   loss=5.1475 eval=2.6203 cls=0.4125 cme=2.2078 acc=0.9758 cells=118036
[ct_train] early_stopping: no improve on val/eval_loss for 41/45 val checks
[ct_train] rechunked train graphs (seed=235)

=== Epoch 235/1000 ===
[train] loss=4.9638 cls=0.3843 cme=2.1357 acc=0.9893 cells=158379
[ct_train] rechunked train graphs (seed=236)

=== Epoch 236/1000 ===
[train] loss=4.9653 cls=0.3833 cme=2.1369 acc=0.9896 cells=158379
[val]   loss=5.1485 eval=2.6210 cls=0.4128 cme=2.2082 acc=0.9757 cells=118036
[ct_train] early_stopping: no improve on val/eval_loss for 42/45 val checks
[ct_train] rechunked train graphs (seed=237)

=== Epoch 237/1000 ===
[train] loss=4.9754 cls=0.3841 cme=2.1412 acc=0.9898 cells=158379
[ct_train] rechunked train graphs (seed=238)

=== Epoch 238/1000 ===
[train] loss=4.9589 cls=0.3837 cme=2.1338 acc=0.9893 cells=158379
[val]   loss=5.1493 eval=2.6214 cls=0.4130 cme=2.2085 acc=0.9758 cells=118036
[ct_train] early_stopping: no improve on val/eval_loss for 43/45 val checks
[ct_train] rechunked train graphs (seed=239)

=== Epoch 239/1000 ===
[train] loss=4.9582 cls=0.3837 cme=2.1334 acc=0.9895 cells=158379
[ct_train] rechunked train graphs (seed=240)

=== Epoch 240/1000 ===
[train] loss=4.9590 cls=0.3844 cme=2.1335 acc=0.9892 cells=158379
[val]   loss=5.1508 eval=2.6222 cls=0.4131 cme=2.2092 acc=0.9758 cells=118036
[ct_train] early_stopping: no improve on val/eval_loss for 44/45 val checks
[ct_train] rechunked train graphs (seed=241)

=== Epoch 241/1000 ===
[train] loss=4.9671 cls=0.3836 cme=2.1376 acc=0.9894 cells=158379
[ct_train] rechunked train graphs (seed=242)

=== Epoch 242/1000 ===
[train] loss=4.9629 cls=0.3824 cme=2.1361 acc=0.9899 cells=158379
[val]   loss=5.1513 eval=2.6225 cls=0.4132 cme=2.2093 acc=0.9757 cells=118036
[ct_train] early_stopping: no improve on val/eval_loss for 45/45 val checks
[ct_train] early stopping at epoch 242 (patience=45, monitor=val/eval_loss)

[ct_train] done. best_val_acc=0.9760  best_val_eval_loss=2.6119  checkpoints=/home/abel/code/Tissue-Reassembly-using-GenAI-and-new-metrics/exploration/cell_types/outputs/exp105_fusdrop0  logs=/home/abel/code/Tissue-Reassembly-using-GenAI-and-new-metrics/exploration/cell_types/logs/exp105_fusdrop0/20260808_033526
wandb: uploading history steps 227-240, summary, console lines 1167-1236; updating run metadata
wandb: uploading output.log; uploading wandb-summary.json; uploading config.yaml
wandb: uploading history steps 241-242, summary, console lines 1237-1241
wandb: 
wandb: Run summary:
wandb:                      best_epoch 168
wandb:                    best_val_acc 0.97603
wandb:              best_val_eval_loss 2.61185
wandb:                           epoch 242
wandb:                              lr 0.00018
wandb:           model/parameter_count 1305308
wandb: model/trainable_parameter_count 1305308
wandb:                       train/acc 0.98992
wandb:       train/acc_per_class/Astro 0.99475
wandb:        train/acc_per_class/Endo 0.98858
wandb:                             +54 ...
wandb: 
wandb:  View run exp105_fusdrop0 at: https://wandb.ai/abel-salmona-polytechnique-montr-al/cell_types/runs/qf83li9r
wandb:  View project at: https://wandb.ai/abel-salmona-polytechnique-montr-al/cell_types
wandb: Synced 5 W&B file(s), 1 media file(s), 2 artifact file(s) and 1 other file(s)
wandb: Find logs at: ./exploration/cell_types/logs/exp105_fusdrop0/20260808_033526/wandb/run-20260808_033534-qf83li9r/logs
