[ct_train] config=exploration/cell_types/experiments/configs/exp134_ls006_cme205.json
[ct_train] device=cuda  checkpoints=/home/abel/code/Tissue-Reassembly-using-GenAI-and-new-metrics/exploration/cell_types/outputs/exp134_ls006_cme205
[ct_train] logs=/home/abel/code/Tissue-Reassembly-using-GenAI-and-new-metrics/exploration/cell_types/logs/exp134_ls006_cme205/20260808_061147
[ct_train] Loading data …
[DataModule] Reading '/home/abel/biodata/MERFISH_LUNA_small_cortex/MERFISH_mouse_cortex_train.csv' (split=train) with float32 dtype on 254 gene cols + coord cols …
[DataModule] Loaded 158,379 rows for split=train.
[DataModule] Reading '/home/abel/biodata/MERFISH_LUNA_small_cortex/MERFISH_mouse_cortex_test.csv' (split=test) with float32 dtype on 254 gene cols + coord cols …
[DataModule] Loaded 118,036 rows for split=test.
[DataModule] Reading '/home/abel/biodata/MERFISH_LUNA_small_cortex/MERFISH_mouse_cortex_test.csv' (split=validation) with float32 dtype on 254 gene cols + coord cols …
[DataModule] Loaded 118,036 rows for split=validation.
[ct_train] genes=254  classes=23
[ct_train] model predict_cme=True  params=1,305,308
[ct_train] soft CME loaded split=train sigma=96.0 n=158379 C=23
[ct_train] soft CME loaded split=validation sigma=96.0 n=118036 C=23
[ct_train] soft CME loaded split=train sigma=50.0 n=158379 C=23
[ct_train] soft CME loaded split=train sigma=64.0 n=158379 C=23
[ct_train] soft CME loaded split=validation sigma=50.0 n=118036 C=23
[ct_train] soft CME loaded split=validation sigma=64.0 n=118036 C=23
wandb: [wandb.login()] Loaded credentials for https://api.wandb.ai from /home/abel/.netrc.
wandb: Currently logged in as: abel-salmona (abel-salmona-polytechnique-montr-al) to https://api.wandb.ai. Use `wandb login --relogin` to force relogin
wandb: WARNING Using a boolean value for 'reinit' is deprecated. Use 'return_previous' or 'finish_previous' instead.
wandb: Tracking run with wandb version 0.26.1
wandb: Run data is saved locally in /home/abel/code/Tissue-Reassembly-using-GenAI-and-new-metrics/exploration/cell_types/logs/exp134_ls006_cme205/20260808_061147/wandb/run-20260808_061156-qupy6wsu
wandb: Run `wandb offline` to turn off syncing.
wandb: Syncing run exp134_ls006_cme205
wandb:  View project at https://wandb.ai/abel-salmona-polytechnique-montr-al/cell_types
wandb:  View run at https://wandb.ai/abel-salmona-polytechnique-montr-al/cell_types/runs/qupy6wsu
wandb: WARNING Saving files without folders. If you want to preserve subdirectories pass base_path to wandb.save, i.e. wandb.save("/mnt/folder/file.h5", base_path="/mnt")
wandb: WARNING Symlinked 1 file into the W&B run directory; call wandb.save again to sync new files.
[ct_train] wandb: project=cell_types name=exp134_ls006_cme205 mode=online url=https://wandb.ai/abel-salmona-polytechnique-montr-al/cell_types/runs/qupy6wsu
[ct_train] parameters: total=1,305,308 trainable=1,305,308
  [params] mlp_in_node_features: 26,720
  [params] transformer_layers: 633,600
  [params] type_stage1: 28,320
  [params] env_stage1: 93,056
  [params] type_probe: 2,231
  [params] env_probe: 7,383
  [params] fusion_mlp: 383,008
  [params] type_stage2: 30,551
  [params] env_stage2: 100,439
[ct_train] EMA enabled decay=0.98
[ct_train] rechunked train graphs (seed=1)

=== Epoch 1/1000 ===
[train] loss=8.8776 cls=2.7633 cme=2.7794 acc=0.2336 cells=158379
[ct_train] rechunked train graphs (seed=2)

=== Epoch 2/1000 ===
[train] loss=7.4085 cls=1.8793 cme=2.5156 acc=0.6562 cells=158379
[val]   loss=8.4898 eval=5.2407 cls=2.5384 cme=2.7022 acc=0.4460 cells=118036
[ct_train] saved best checkpoint (val_eval_loss=5.2407 val_acc=0.4460)
[ct_train] rechunked train graphs (seed=3)

=== Epoch 3/1000 ===
[train] loss=6.5327 cls=1.2237 cme=2.4166 acc=0.7892 cells=158379
[ct_train] rechunked train graphs (seed=4)

=== Epoch 4/1000 ===
[train] loss=6.1299 cls=0.9158 cme=2.3739 acc=0.8619 cells=158379
[val]   loss=6.7793 eval=3.8035 cls=1.3406 cme=2.4629 acc=0.8128 cells=118036
[ct_train] saved best checkpoint (val_eval_loss=3.8035 val_acc=0.8128)
[ct_train] rechunked train graphs (seed=5)

=== Epoch 5/1000 ===
[train] loss=5.9109 cls=0.7671 cme=2.3422 acc=0.9056 cells=158379
[ct_train] rechunked train graphs (seed=6)

=== Epoch 6/1000 ===
[train] loss=5.8143 cls=0.6938 cme=2.3317 acc=0.9230 cells=158379
[val]   loss=6.0155 eval=3.1390 cls=0.7688 cme=2.3702 acc=0.9065 cells=118036
[ct_train] saved best checkpoint (val_eval_loss=3.1390 val_acc=0.9065)
[ct_train] rechunked train graphs (seed=7)

=== Epoch 7/1000 ===
[train] loss=5.7193 cls=0.6497 cme=2.3088 acc=0.9338 cells=158379
[ct_train] rechunked train graphs (seed=8)

=== Epoch 8/1000 ===
[train] loss=5.6535 cls=0.6203 cme=2.2923 acc=0.9398 cells=158379
[val]   loss=5.7411 eval=2.9093 cls=0.5825 cme=2.3268 acc=0.9363 cells=118036
[ct_train] saved best checkpoint (val_eval_loss=2.9093 val_acc=0.9363)
[ct_train] rechunked train graphs (seed=9)

=== Epoch 9/1000 ===
[train] loss=5.6365 cls=0.6071 cme=2.2906 acc=0.9437 cells=158379
[ct_train] rechunked train graphs (seed=10)

=== Epoch 10/1000 ===
[train] loss=5.6073 cls=0.5931 cme=2.2838 acc=0.9465 cells=158379
[val]   loss=5.6241 eval=2.8183 cls=0.5167 cme=2.3016 acc=0.9471 cells=118036
[ct_train] saved best checkpoint (val_eval_loss=2.8183 val_acc=0.9471)
[ct_train] rechunked train graphs (seed=11)

=== Epoch 11/1000 ===
[train] loss=5.5661 cls=0.5836 cme=2.2695 acc=0.9490 cells=158379
[ct_train] rechunked train graphs (seed=12)

=== Epoch 12/1000 ===
[train] loss=5.5588 cls=0.5759 cme=2.2696 acc=0.9511 cells=158379
[val]   loss=5.5626 eval=2.7741 cls=0.4885 cme=2.2855 acc=0.9536 cells=118036
[ct_train] saved best checkpoint (val_eval_loss=2.7741 val_acc=0.9536)
[ct_train] rechunked train graphs (seed=13)

=== Epoch 13/1000 ===
[train] loss=5.5429 cls=0.5687 cme=2.2656 acc=0.9530 cells=158379
[ct_train] rechunked train graphs (seed=14)

=== Epoch 14/1000 ===
[train] loss=5.5269 cls=0.5620 cme=2.2614 acc=0.9549 cells=158379
[val]   loss=5.5219 eval=2.7464 cls=0.4727 cme=2.2737 acc=0.9569 cells=118036
[ct_train] saved best checkpoint (val_eval_loss=2.7464 val_acc=0.9569)
[ct_train] rechunked train graphs (seed=15)

=== Epoch 15/1000 ===
[train] loss=5.5064 cls=0.5568 cme=2.2546 acc=0.9559 cells=158379
[ct_train] rechunked train graphs (seed=16)

=== Epoch 16/1000 ===
[train] loss=5.4992 cls=0.5540 cme=2.2526 acc=0.9566 cells=158379
[val]   loss=5.4916 eval=2.7268 cls=0.4624 cme=2.2644 acc=0.9591 cells=118036
[ct_train] saved best checkpoint (val_eval_loss=2.7268 val_acc=0.9591)
[ct_train] rechunked train graphs (seed=17)

=== Epoch 17/1000 ===
[train] loss=5.4824 cls=0.5481 cme=2.2477 acc=0.9578 cells=158379
[ct_train] rechunked train graphs (seed=18)

=== Epoch 18/1000 ===
[train] loss=5.4730 cls=0.5446 cme=2.2451 acc=0.9592 cells=158379
[val]   loss=5.4708 eval=2.7134 cls=0.4552 cme=2.2581 acc=0.9609 cells=118036
[ct_train] saved best checkpoint (val_eval_loss=2.7134 val_acc=0.9609)
[ct_train] rechunked train graphs (seed=19)

=== Epoch 19/1000 ===
[train] loss=5.4715 cls=0.5409 cme=2.2460 acc=0.9602 cells=158379
[ct_train] rechunked train graphs (seed=20)

=== Epoch 20/1000 ===
[train] loss=5.4602 cls=0.5390 cme=2.2417 acc=0.9603 cells=158379
[val]   loss=5.4557 eval=2.7036 cls=0.4499 cme=2.2536 acc=0.9627 cells=118036
[ct_train] saved best checkpoint (val_eval_loss=2.7036 val_acc=0.9627)
[ct_train] rechunked train graphs (seed=21)

=== Epoch 21/1000 ===
[train] loss=5.4589 cls=0.5357 cme=2.2427 acc=0.9612 cells=158379
[ct_train] rechunked train graphs (seed=22)

=== Epoch 22/1000 ===
[train] loss=5.4425 cls=0.5333 cme=2.2363 acc=0.9623 cells=158379
[val]   loss=5.4406 eval=2.6941 cls=0.4453 cme=2.2488 acc=0.9641 cells=118036
[ct_train] saved best checkpoint (val_eval_loss=2.6941 val_acc=0.9641)
[ct_train] rechunked train graphs (seed=23)

=== Epoch 23/1000 ===
[train] loss=5.4317 cls=0.5308 cme=2.2327 acc=0.9630 cells=158379
[ct_train] rechunked train graphs (seed=24)

=== Epoch 24/1000 ===
[train] loss=5.4291 cls=0.5287 cme=2.2323 acc=0.9638 cells=158379
[val]   loss=5.4271 eval=2.6857 cls=0.4412 cme=2.2445 acc=0.9655 cells=118036
[ct_train] saved best checkpoint (val_eval_loss=2.6857 val_acc=0.9655)
[ct_train] rechunked train graphs (seed=25)

=== Epoch 25/1000 ===
[train] loss=5.4288 cls=0.5262 cme=2.2333 acc=0.9641 cells=158379
[ct_train] rechunked train graphs (seed=26)

=== Epoch 26/1000 ===
[train] loss=5.4111 cls=0.5230 cme=2.2268 acc=0.9653 cells=158379
[val]   loss=5.4159 eval=2.6788 cls=0.4378 cme=2.2410 acc=0.9664 cells=118036
[ct_train] saved best checkpoint (val_eval_loss=2.6788 val_acc=0.9664)
[ct_train] rechunked train graphs (seed=27)

=== Epoch 27/1000 ===
[train] loss=5.4039 cls=0.5214 cme=2.2243 acc=0.9653 cells=158379
[ct_train] rechunked train graphs (seed=28)

=== Epoch 28/1000 ===
[train] loss=5.3963 cls=0.5193 cme=2.2218 acc=0.9661 cells=158379
[val]   loss=5.4061 eval=2.6728 cls=0.4350 cme=2.2378 acc=0.9671 cells=118036
[ct_train] saved best checkpoint (val_eval_loss=2.6728 val_acc=0.9671)
[ct_train] rechunked train graphs (seed=29)

=== Epoch 29/1000 ===
[train] loss=5.3940 cls=0.5178 cme=2.2215 acc=0.9662 cells=158379
[ct_train] rechunked train graphs (seed=30)

=== Epoch 30/1000 ===
[train] loss=5.3938 cls=0.5168 cme=2.2218 acc=0.9665 cells=158379
[val]   loss=5.3969 eval=2.6673 cls=0.4325 cme=2.2348 acc=0.9675 cells=118036
[ct_train] saved best checkpoint (val_eval_loss=2.6673 val_acc=0.9675)
[ct_train] rechunked train graphs (seed=31)

=== Epoch 31/1000 ===
[train] loss=5.3878 cls=0.5146 cme=2.2200 acc=0.9670 cells=158379
[ct_train] rechunked train graphs (seed=32)

=== Epoch 32/1000 ===
[train] loss=5.4085 cls=0.5152 cme=2.2292 acc=0.9671 cells=158379
[val]   loss=5.3900 eval=2.6630 cls=0.4304 cme=2.2326 acc=0.9680 cells=118036
[ct_train] saved best checkpoint (val_eval_loss=2.6630 val_acc=0.9680)
[ct_train] rechunked train graphs (seed=33)

=== Epoch 33/1000 ===
[train] loss=5.3846 cls=0.5105 cme=2.2206 acc=0.9681 cells=158379
[ct_train] rechunked train graphs (seed=34)

=== Epoch 34/1000 ===
[train] loss=5.3724 cls=0.5111 cme=2.2148 acc=0.9681 cells=158379
[val]   loss=5.3839 eval=2.6593 cls=0.4286 cme=2.2307 acc=0.9686 cells=118036
[ct_train] saved best checkpoint (val_eval_loss=2.6593 val_acc=0.9686)
[ct_train] rechunked train graphs (seed=35)

=== Epoch 35/1000 ===
[train] loss=5.3787 cls=0.5099 cme=2.2181 acc=0.9687 cells=158379
[ct_train] rechunked train graphs (seed=36)

=== Epoch 36/1000 ===
[train] loss=5.3702 cls=0.5074 cme=2.2154 acc=0.9690 cells=158379
[val]   loss=5.3784 eval=2.6561 cls=0.4272 cme=2.2289 acc=0.9689 cells=118036
[ct_train] saved best checkpoint (val_eval_loss=2.6561 val_acc=0.9689)
[ct_train] rechunked train graphs (seed=37)

=== Epoch 37/1000 ===
[train] loss=5.3652 cls=0.5096 cme=2.2121 acc=0.9686 cells=158379
[ct_train] rechunked train graphs (seed=38)

=== Epoch 38/1000 ===
[train] loss=5.3512 cls=0.5060 cme=2.2075 acc=0.9695 cells=158379
[val]   loss=5.3726 eval=2.6526 cls=0.4255 cme=2.2270 acc=0.9693 cells=118036
[ct_train] saved best checkpoint (val_eval_loss=2.6526 val_acc=0.9693)
[ct_train] rechunked train graphs (seed=39)

=== Epoch 39/1000 ===
[train] loss=5.3604 cls=0.5051 cme=2.2120 acc=0.9698 cells=158379
[ct_train] rechunked train graphs (seed=40)

=== Epoch 40/1000 ===
[train] loss=5.3559 cls=0.5040 cme=2.2105 acc=0.9698 cells=158379
[val]   loss=5.3675 eval=2.6495 cls=0.4242 cme=2.2253 acc=0.9698 cells=118036
[ct_train] saved best checkpoint (val_eval_loss=2.6495 val_acc=0.9698)
[ct_train] rechunked train graphs (seed=41)

=== Epoch 41/1000 ===
[train] loss=5.3441 cls=0.5031 cme=2.2055 acc=0.9699 cells=158379
[ct_train] rechunked train graphs (seed=42)

=== Epoch 42/1000 ===
[train] loss=5.3463 cls=0.5019 cme=2.2071 acc=0.9709 cells=158379
[val]   loss=5.3632 eval=2.6469 cls=0.4229 cme=2.2239 acc=0.9700 cells=118036
[ct_train] saved best checkpoint (val_eval_loss=2.6469 val_acc=0.9700)
[ct_train] rechunked train graphs (seed=43)

=== Epoch 43/1000 ===
[train] loss=5.3551 cls=0.5021 cme=2.2110 acc=0.9706 cells=158379
[ct_train] rechunked train graphs (seed=44)

=== Epoch 44/1000 ===
[train] loss=5.3378 cls=0.5007 cme=2.2039 acc=0.9710 cells=158379
[val]   loss=5.3595 eval=2.6446 cls=0.4218 cme=2.2228 acc=0.9703 cells=118036
[ct_train] saved best checkpoint (val_eval_loss=2.6446 val_acc=0.9703)
[ct_train] rechunked train graphs (seed=45)

=== Epoch 45/1000 ===
[train] loss=5.3435 cls=0.5001 cme=2.2066 acc=0.9711 cells=158379
[ct_train] rechunked train graphs (seed=46)

=== Epoch 46/1000 ===
[train] loss=5.3297 cls=0.4981 cme=2.2014 acc=0.9716 cells=158379
[val]   loss=5.3555 eval=2.6422 cls=0.4207 cme=2.2215 acc=0.9706 cells=118036
[ct_train] saved best checkpoint (val_eval_loss=2.6422 val_acc=0.9706)
[ct_train] rechunked train graphs (seed=47)

=== Epoch 47/1000 ===
[train] loss=5.3394 cls=0.4975 cme=2.2060 acc=0.9717 cells=158379
[ct_train] rechunked train graphs (seed=48)

=== Epoch 48/1000 ===
[train] loss=5.3235 cls=0.4963 cme=2.1994 acc=0.9725 cells=158379
[val]   loss=5.3521 eval=2.6402 cls=0.4197 cme=2.2204 acc=0.9709 cells=118036
[ct_train] saved best checkpoint (val_eval_loss=2.6402 val_acc=0.9709)
[ct_train] rechunked train graphs (seed=49)

=== Epoch 49/1000 ===
[train] loss=5.3317 cls=0.4963 cme=2.2031 acc=0.9725 cells=158379
[ct_train] rechunked train graphs (seed=50)

=== Epoch 50/1000 ===
[train] loss=5.3213 cls=0.4948 cme=2.1990 acc=0.9726 cells=158379
[val]   loss=5.3496 eval=2.6386 cls=0.4189 cme=2.2197 acc=0.9714 cells=118036
[ct_train] saved best checkpoint (val_eval_loss=2.6386 val_acc=0.9714)
[ct_train] rechunked train graphs (seed=51)

=== Epoch 51/1000 ===
[train] loss=5.3136 cls=0.4945 cme=2.1957 acc=0.9727 cells=158379
[ct_train] rechunked train graphs (seed=52)

=== Epoch 52/1000 ===
[train] loss=5.3146 cls=0.4938 cme=2.1965 acc=0.9732 cells=158379
[val]   loss=5.3469 eval=2.6370 cls=0.4182 cme=2.2188 acc=0.9714 cells=118036
[ct_train] saved best checkpoint (val_eval_loss=2.6370 val_acc=0.9714)
[ct_train] rechunked train graphs (seed=53)

=== Epoch 53/1000 ===
[train] loss=5.3126 cls=0.4926 cme=2.1961 acc=0.9733 cells=158379
[ct_train] rechunked train graphs (seed=54)

=== Epoch 54/1000 ===
[train] loss=5.3250 cls=0.4934 cme=2.2014 acc=0.9735 cells=158379
[val]   loss=5.3446 eval=2.6356 cls=0.4175 cme=2.2181 acc=0.9717 cells=118036
[ct_train] saved best checkpoint (val_eval_loss=2.6356 val_acc=0.9717)
[ct_train] rechunked train graphs (seed=55)

=== Epoch 55/1000 ===
[train] loss=5.3117 cls=0.4917 cme=2.1961 acc=0.9735 cells=158379
[ct_train] rechunked train graphs (seed=56)

=== Epoch 56/1000 ===
[train] loss=5.3143 cls=0.4915 cme=2.1973 acc=0.9739 cells=158379
[val]   loss=5.3417 eval=2.6339 cls=0.4169 cme=2.2170 acc=0.9720 cells=118036
[ct_train] saved best checkpoint (val_eval_loss=2.6339 val_acc=0.9720)
[ct_train] rechunked train graphs (seed=57)

=== Epoch 57/1000 ===
[train] loss=5.3088 cls=0.4909 cme=2.1952 acc=0.9739 cells=158379
[ct_train] rechunked train graphs (seed=58)

=== Epoch 58/1000 ===
[train] loss=5.3136 cls=0.4907 cme=2.1974 acc=0.9743 cells=158379
[val]   loss=5.3402 eval=2.6329 cls=0.4162 cme=2.2167 acc=0.9720 cells=118036
[ct_train] saved best checkpoint (val_eval_loss=2.6329 val_acc=0.9720)
[ct_train] rechunked train graphs (seed=59)

=== Epoch 59/1000 ===
[train] loss=5.3004 cls=0.4880 cme=2.1927 acc=0.9747 cells=158379
[ct_train] rechunked train graphs (seed=60)

=== Epoch 60/1000 ===
[train] loss=5.3195 cls=0.4905 cme=2.2002 acc=0.9739 cells=158379
[val]   loss=5.3386 eval=2.6320 cls=0.4158 cme=2.2162 acc=0.9724 cells=118036
[ct_train] saved best checkpoint (val_eval_loss=2.6320 val_acc=0.9724)
[ct_train] rechunked train graphs (seed=61)

=== Epoch 61/1000 ===
[train] loss=5.3025 cls=0.4888 cme=2.1932 acc=0.9747 cells=158379
[ct_train] rechunked train graphs (seed=62)

=== Epoch 62/1000 ===
[train] loss=5.3083 cls=0.4886 cme=2.1959 acc=0.9746 cells=158379
[val]   loss=5.3362 eval=2.6307 cls=0.4154 cme=2.2153 acc=0.9726 cells=118036
[ct_train] saved best checkpoint (val_eval_loss=2.6307 val_acc=0.9726)
[ct_train] rechunked train graphs (seed=63)

=== Epoch 63/1000 ===
[train] loss=5.2968 cls=0.4882 cme=2.1910 acc=0.9741 cells=158379
[ct_train] rechunked train graphs (seed=64)

=== Epoch 64/1000 ===
[train] loss=5.2915 cls=0.4868 cme=2.1892 acc=0.9748 cells=158379
[val]   loss=5.3348 eval=2.6298 cls=0.4149 cme=2.2149 acc=0.9728 cells=118036
[ct_train] saved best checkpoint (val_eval_loss=2.6298 val_acc=0.9728)
[ct_train] rechunked train graphs (seed=65)

=== Epoch 65/1000 ===
[train] loss=5.3009 cls=0.4869 cme=2.1934 acc=0.9747 cells=158379
[ct_train] rechunked train graphs (seed=66)

=== Epoch 66/1000 ===
[train] loss=5.3016 cls=0.4864 cme=2.1940 acc=0.9750 cells=158379
[val]   loss=5.3329 eval=2.6287 cls=0.4145 cme=2.2142 acc=0.9729 cells=118036
[ct_train] saved best checkpoint (val_eval_loss=2.6287 val_acc=0.9729)
[ct_train] rechunked train graphs (seed=67)

=== Epoch 67/1000 ===
[train] loss=5.2941 cls=0.4863 cme=2.1906 acc=0.9749 cells=158379
[ct_train] rechunked train graphs (seed=68)

=== Epoch 68/1000 ===
[train] loss=5.2898 cls=0.4847 cme=2.1894 acc=0.9750 cells=158379
[val]   loss=5.3311 eval=2.6276 cls=0.4139 cme=2.2137 acc=0.9730 cells=118036
[ct_train] saved best checkpoint (val_eval_loss=2.6276 val_acc=0.9730)
[ct_train] rechunked train graphs (seed=69)

=== Epoch 69/1000 ===
[train] loss=5.2836 cls=0.4844 cme=2.1867 acc=0.9755 cells=158379
[ct_train] rechunked train graphs (seed=70)

=== Epoch 70/1000 ===
[train] loss=5.2815 cls=0.4852 cme=2.1854 acc=0.9758 cells=158379
[val]   loss=5.3295 eval=2.6266 cls=0.4134 cme=2.2132 acc=0.9730 cells=118036
[ct_train] saved best checkpoint (val_eval_loss=2.6266 val_acc=0.9730)
[ct_train] rechunked train graphs (seed=71)

=== Epoch 71/1000 ===
[train] loss=5.2928 cls=0.4843 cme=2.1908 acc=0.9761 cells=158379
[ct_train] rechunked train graphs (seed=72)

=== Epoch 72/1000 ===
[train] loss=5.2820 cls=0.4831 cme=2.1865 acc=0.9760 cells=158379
[val]   loss=5.3276 eval=2.6255 cls=0.4131 cme=2.2124 acc=0.9731 cells=118036
[ct_train] saved best checkpoint (val_eval_loss=2.6255 val_acc=0.9731)
[ct_train] rechunked train graphs (seed=73)

=== Epoch 73/1000 ===
[train] loss=5.2938 cls=0.4836 cme=2.1917 acc=0.9755 cells=158379
[ct_train] rechunked train graphs (seed=74)

=== Epoch 74/1000 ===
[train] loss=5.2904 cls=0.4820 cme=2.1908 acc=0.9762 cells=158379
[val]   loss=5.3264 eval=2.6248 cls=0.4127 cme=2.2121 acc=0.9732 cells=118036
[ct_train] saved best checkpoint (val_eval_loss=2.6248 val_acc=0.9732)
[ct_train] rechunked train graphs (seed=75)

=== Epoch 75/1000 ===
[train] loss=5.2727 cls=0.4812 cme=2.1833 acc=0.9760 cells=158379
[ct_train] rechunked train graphs (seed=76)

=== Epoch 76/1000 ===
[train] loss=5.2720 cls=0.4810 cme=2.1829 acc=0.9763 cells=158379
[val]   loss=5.3264 eval=2.6246 cls=0.4125 cme=2.2122 acc=0.9734 cells=118036
[ct_train] saved best checkpoint (val_eval_loss=2.6246 val_acc=0.9734)
[ct_train] early_stopping: no improve on val/eval_loss for 1/45 val checks
[ct_train] rechunked train graphs (seed=77)

=== Epoch 77/1000 ===
[train] loss=5.2724 cls=0.4806 cme=2.1834 acc=0.9768 cells=158379
[ct_train] rechunked train graphs (seed=78)

=== Epoch 78/1000 ===
[train] loss=5.2748 cls=0.4805 cme=2.1845 acc=0.9764 cells=158379
[val]   loss=5.3246 eval=2.6236 cls=0.4120 cme=2.2116 acc=0.9736 cells=118036
[ct_train] saved best checkpoint (val_eval_loss=2.6236 val_acc=0.9736)
[ct_train] rechunked train graphs (seed=79)

=== Epoch 79/1000 ===
[train] loss=5.2796 cls=0.4800 cme=2.1868 acc=0.9766 cells=158379
[ct_train] rechunked train graphs (seed=80)

=== Epoch 80/1000 ===
[train] loss=5.2665 cls=0.4800 cme=2.1810 acc=0.9768 cells=158379
[val]   loss=5.3234 eval=2.6229 cls=0.4116 cme=2.2112 acc=0.9737 cells=118036
[ct_train] saved best checkpoint (val_eval_loss=2.6229 val_acc=0.9737)
[ct_train] rechunked train graphs (seed=81)

=== Epoch 81/1000 ===
[train] loss=5.2636 cls=0.4790 cme=2.1801 acc=0.9767 cells=158379
[ct_train] rechunked train graphs (seed=82)

=== Epoch 82/1000 ===
[train] loss=5.2622 cls=0.4784 cme=2.1798 acc=0.9774 cells=158379
[val]   loss=5.3219 eval=2.6221 cls=0.4113 cme=2.2107 acc=0.9738 cells=118036
[ct_train] saved best checkpoint (val_eval_loss=2.6221 val_acc=0.9738)
[ct_train] rechunked train graphs (seed=83)

=== Epoch 83/1000 ===
[train] loss=5.2693 cls=0.4782 cme=2.1830 acc=0.9773 cells=158379
[ct_train] rechunked train graphs (seed=84)

=== Epoch 84/1000 ===
[train] loss=5.2655 cls=0.4781 cme=2.1815 acc=0.9776 cells=158379
[val]   loss=5.3218 eval=2.6219 cls=0.4111 cme=2.2108 acc=0.9740 cells=118036
[ct_train] saved best checkpoint (val_eval_loss=2.6219 val_acc=0.9740)
[ct_train] early_stopping: no improve on val/eval_loss for 1/45 val checks
[ct_train] rechunked train graphs (seed=85)

=== Epoch 85/1000 ===
[train] loss=5.2551 cls=0.4769 cme=2.1772 acc=0.9780 cells=158379
[ct_train] rechunked train graphs (seed=86)

=== Epoch 86/1000 ===
[train] loss=5.2686 cls=0.4774 cme=2.1831 acc=0.9774 cells=158379
[val]   loss=5.3202 eval=2.6210 cls=0.4108 cme=2.2103 acc=0.9740 cells=118036
[ct_train] saved best checkpoint (val_eval_loss=2.6210 val_acc=0.9740)
[ct_train] rechunked train graphs (seed=87)

=== Epoch 87/1000 ===
[train] loss=5.2607 cls=0.4772 cme=2.1796 acc=0.9777 cells=158379
[ct_train] rechunked train graphs (seed=88)

=== Epoch 88/1000 ===
[train] loss=5.2692 cls=0.4768 cme=2.1837 acc=0.9778 cells=158379
[val]   loss=5.3182 eval=2.6199 cls=0.4104 cme=2.2095 acc=0.9741 cells=118036
[ct_train] saved best checkpoint (val_eval_loss=2.6199 val_acc=0.9741)
[ct_train] rechunked train graphs (seed=89)

=== Epoch 89/1000 ===
[train] loss=5.2599 cls=0.4766 cme=2.1795 acc=0.9778 cells=158379
[ct_train] rechunked train graphs (seed=90)

=== Epoch 90/1000 ===
[train] loss=5.2606 cls=0.4753 cme=2.1805 acc=0.9783 cells=158379
[val]   loss=5.3185 eval=2.6200 cls=0.4103 cme=2.2097 acc=0.9742 cells=118036
[ct_train] early_stopping: no improve on val/eval_loss for 1/45 val checks
[ct_train] rechunked train graphs (seed=91)

=== Epoch 91/1000 ===
[train] loss=5.2484 cls=0.4742 cme=2.1755 acc=0.9783 cells=158379
[ct_train] rechunked train graphs (seed=92)

=== Epoch 92/1000 ===
[train] loss=5.2522 cls=0.4743 cme=2.1770 acc=0.9787 cells=158379
[val]   loss=5.3172 eval=2.6192 cls=0.4099 cme=2.2093 acc=0.9742 cells=118036
[ct_train] saved best checkpoint (val_eval_loss=2.6192 val_acc=0.9742)
[ct_train] rechunked train graphs (seed=93)

=== Epoch 93/1000 ===
[train] loss=5.2588 cls=0.4748 cme=2.1798 acc=0.9783 cells=158379
[ct_train] rechunked train graphs (seed=94)

=== Epoch 94/1000 ===
[train] loss=5.2470 cls=0.4739 cme=2.1749 acc=0.9784 cells=158379
[val]   loss=5.3169 eval=2.6190 cls=0.4097 cme=2.2093 acc=0.9743 cells=118036
[ct_train] saved best checkpoint (val_eval_loss=2.6190 val_acc=0.9743)
[ct_train] early_stopping: no improve on val/eval_loss for 1/45 val checks
[ct_train] rechunked train graphs (seed=95)

=== Epoch 95/1000 ===
[train] loss=5.2778 cls=0.4754 cme=2.1882 acc=0.9781 cells=158379
[ct_train] rechunked train graphs (seed=96)

=== Epoch 96/1000 ===
[train] loss=5.2554 cls=0.4735 cme=2.1789 acc=0.9789 cells=158379
[val]   loss=5.3152 eval=2.6181 cls=0.4094 cme=2.2087 acc=0.9744 cells=118036
[ct_train] saved best checkpoint (val_eval_loss=2.6181 val_acc=0.9744)
[ct_train] rechunked train graphs (seed=97)

=== Epoch 97/1000 ===
[train] loss=5.2611 cls=0.4734 cme=2.1814 acc=0.9786 cells=158379
[ct_train] rechunked train graphs (seed=98)

=== Epoch 98/1000 ===
[train] loss=5.2466 cls=0.4744 cme=2.1745 acc=0.9787 cells=158379
[val]   loss=5.3148 eval=2.6177 cls=0.4091 cme=2.2086 acc=0.9746 cells=118036
[ct_train] saved best checkpoint (val_eval_loss=2.6177 val_acc=0.9746)
[ct_train] rechunked train graphs (seed=99)

=== Epoch 99/1000 ===
[train] loss=5.2387 cls=0.4746 cme=2.1708 acc=0.9784 cells=158379
[ct_train] rechunked train graphs (seed=100)

=== Epoch 100/1000 ===
[train] loss=5.2429 cls=0.4726 cme=2.1736 acc=0.9789 cells=158379
[val]   loss=5.3151 eval=2.6179 cls=0.4091 cme=2.2088 acc=0.9746 cells=118036
[ct_train] early_stopping: no improve on val/eval_loss for 1/45 val checks
[ct_train] rechunked train graphs (seed=101)

=== Epoch 101/1000 ===
[train] loss=5.2651 cls=0.4733 cme=2.1834 acc=0.9792 cells=158379
[ct_train] rechunked train graphs (seed=102)

=== Epoch 102/1000 ===
[train] loss=5.2437 cls=0.4713 cme=2.1746 acc=0.9793 cells=158379
[val]   loss=5.3142 eval=2.6174 cls=0.4088 cme=2.2085 acc=0.9746 cells=118036
[ct_train] saved best checkpoint (val_eval_loss=2.6174 val_acc=0.9746)
[ct_train] rechunked train graphs (seed=103)

=== Epoch 103/1000 ===
[train] loss=5.2527 cls=0.4712 cme=2.1787 acc=0.9793 cells=158379
[ct_train] rechunked train graphs (seed=104)

=== Epoch 104/1000 ===
[train] loss=5.2363 cls=0.4712 cme=2.1713 acc=0.9795 cells=158379
[val]   loss=5.3130 eval=2.6167 cls=0.4086 cme=2.2081 acc=0.9748 cells=118036
[ct_train] saved best checkpoint (val_eval_loss=2.6167 val_acc=0.9748)
[ct_train] rechunked train graphs (seed=105)

=== Epoch 105/1000 ===
[train] loss=5.2459 cls=0.4718 cme=2.1754 acc=0.9794 cells=158379
[ct_train] rechunked train graphs (seed=106)

=== Epoch 106/1000 ===
[train] loss=5.2388 cls=0.4702 cme=2.1729 acc=0.9795 cells=158379
[val]   loss=5.3121 eval=2.6163 cls=0.4086 cme=2.2077 acc=0.9749 cells=118036
[ct_train] saved best checkpoint (val_eval_loss=2.6163 val_acc=0.9749)
[ct_train] rechunked train graphs (seed=107)

=== Epoch 107/1000 ===
[train] loss=5.2329 cls=0.4701 cme=2.1703 acc=0.9798 cells=158379
[ct_train] rechunked train graphs (seed=108)

=== Epoch 108/1000 ===
[train] loss=5.2463 cls=0.4704 cme=2.1763 acc=0.9795 cells=158379
[val]   loss=5.3118 eval=2.6161 cls=0.4085 cme=2.2076 acc=0.9750 cells=118036
[ct_train] saved best checkpoint (val_eval_loss=2.6161 val_acc=0.9750)
[ct_train] early_stopping: no improve on val/eval_loss for 1/45 val checks
[ct_train] rechunked train graphs (seed=109)

=== Epoch 109/1000 ===
[train] loss=5.2311 cls=0.4695 cme=2.1697 acc=0.9798 cells=158379
[ct_train] rechunked train graphs (seed=110)

=== Epoch 110/1000 ===
[train] loss=5.2343 cls=0.4696 cme=2.1712 acc=0.9797 cells=158379
[val]   loss=5.3110 eval=2.6157 cls=0.4083 cme=2.2074 acc=0.9750 cells=118036
[ct_train] saved best checkpoint (val_eval_loss=2.6157 val_acc=0.9750)
[ct_train] rechunked train graphs (seed=111)

=== Epoch 111/1000 ===
[train] loss=5.2273 cls=0.4682 cme=2.1687 acc=0.9802 cells=158379
[ct_train] rechunked train graphs (seed=112)

=== Epoch 112/1000 ===
[train] loss=5.2260 cls=0.4685 cme=2.1678 acc=0.9802 cells=158379
[val]   loss=5.3107 eval=2.6156 cls=0.4083 cme=2.2073 acc=0.9750 cells=118036
[ct_train] saved best checkpoint (val_eval_loss=2.6156 val_acc=0.9750)
[ct_train] early_stopping: no improve on val/eval_loss for 1/45 val checks
[ct_train] rechunked train graphs (seed=113)

=== Epoch 113/1000 ===
[train] loss=5.2309 cls=0.4681 cme=2.1703 acc=0.9803 cells=158379
[ct_train] rechunked train graphs (seed=114)

=== Epoch 114/1000 ===
[train] loss=5.2346 cls=0.4684 cme=2.1718 acc=0.9800 cells=158379
[val]   loss=5.3097 eval=2.6150 cls=0.4081 cme=2.2069 acc=0.9749 cells=118036
[ct_train] saved best checkpoint (val_eval_loss=2.6150 val_acc=0.9750)
[ct_train] rechunked train graphs (seed=115)

=== Epoch 115/1000 ===
[train] loss=5.2213 cls=0.4684 cme=2.1658 acc=0.9801 cells=158379
[ct_train] rechunked train graphs (seed=116)

=== Epoch 116/1000 ===
[train] loss=5.2233 cls=0.4685 cme=2.1665 acc=0.9802 cells=158379
[val]   loss=5.3098 eval=2.6150 cls=0.4079 cme=2.2071 acc=0.9750 cells=118036
[ct_train] saved best checkpoint (val_eval_loss=2.6150 val_acc=0.9750)
[ct_train] early_stopping: no improve on val/eval_loss for 1/45 val checks
[ct_train] rechunked train graphs (seed=117)

=== Epoch 117/1000 ===
[train] loss=5.2261 cls=0.4675 cme=2.1684 acc=0.9808 cells=158379
[ct_train] rechunked train graphs (seed=118)

=== Epoch 118/1000 ===
[train] loss=5.2215 cls=0.4665 cme=2.1668 acc=0.9808 cells=158379
[val]   loss=5.3085 eval=2.6144 cls=0.4078 cme=2.2065 acc=0.9752 cells=118036
[ct_train] saved best checkpoint (val_eval_loss=2.6144 val_acc=0.9752)
[ct_train] rechunked train graphs (seed=119)

=== Epoch 119/1000 ===
[train] loss=5.2097 cls=0.4653 cme=2.1621 acc=0.9809 cells=158379
[ct_train] rechunked train graphs (seed=120)

=== Epoch 120/1000 ===
[train] loss=5.2110 cls=0.4656 cme=2.1624 acc=0.9810 cells=158379
[val]   loss=5.3079 eval=2.6140 cls=0.4076 cme=2.2064 acc=0.9753 cells=118036
[ct_train] saved best checkpoint (val_eval_loss=2.6140 val_acc=0.9753)
[ct_train] rechunked train graphs (seed=121)

=== Epoch 121/1000 ===
[train] loss=5.2242 cls=0.4664 cme=2.1680 acc=0.9807 cells=158379
[ct_train] rechunked train graphs (seed=122)

=== Epoch 122/1000 ===
[train] loss=5.2066 cls=0.4652 cme=2.1606 acc=0.9813 cells=158379
[val]   loss=5.3073 eval=2.6137 cls=0.4075 cme=2.2062 acc=0.9754 cells=118036
[ct_train] saved best checkpoint (val_eval_loss=2.6137 val_acc=0.9754)
[ct_train] early_stopping: no improve on val/eval_loss for 1/45 val checks
[ct_train] rechunked train graphs (seed=123)

=== Epoch 123/1000 ===
[train] loss=5.2154 cls=0.4652 cme=2.1646 acc=0.9814 cells=158379
[ct_train] rechunked train graphs (seed=124)

=== Epoch 124/1000 ===
[train] loss=5.2223 cls=0.4651 cme=2.1678 acc=0.9813 cells=158379
[val]   loss=5.3076 eval=2.6139 cls=0.4075 cme=2.2064 acc=0.9754 cells=118036
[ct_train] early_stopping: no improve on val/eval_loss for 2/45 val checks
[ct_train] rechunked train graphs (seed=125)

=== Epoch 125/1000 ===
[train] loss=5.2207 cls=0.4657 cme=2.1667 acc=0.9812 cells=158379
[ct_train] rechunked train graphs (seed=126)

=== Epoch 126/1000 ===
[train] loss=5.2134 cls=0.4647 cme=2.1639 acc=0.9815 cells=158379
[val]   loss=5.3064 eval=2.6132 cls=0.4072 cme=2.2060 acc=0.9755 cells=118036
[ct_train] saved best checkpoint (val_eval_loss=2.6132 val_acc=0.9755)
[ct_train] rechunked train graphs (seed=127)

=== Epoch 127/1000 ===
[train] loss=5.2275 cls=0.4656 cme=2.1699 acc=0.9809 cells=158379
[ct_train] rechunked train graphs (seed=128)

=== Epoch 128/1000 ===
[train] loss=5.2139 cls=0.4641 cme=2.1644 acc=0.9815 cells=158379
[val]   loss=5.3055 eval=2.6129 cls=0.4074 cme=2.2055 acc=0.9754 cells=118036
[ct_train] saved best checkpoint (val_eval_loss=2.6129 val_acc=0.9755)
[ct_train] rechunked train graphs (seed=129)

=== Epoch 129/1000 ===
[train] loss=5.2200 cls=0.4640 cme=2.1673 acc=0.9816 cells=158379
[ct_train] rechunked train graphs (seed=130)

=== Epoch 130/1000 ===
[train] loss=5.2114 cls=0.4628 cme=2.1638 acc=0.9821 cells=158379
[val]   loss=5.3047 eval=2.6124 cls=0.4073 cme=2.2052 acc=0.9754 cells=118036
[ct_train] saved best checkpoint (val_eval_loss=2.6124 val_acc=0.9755)
[ct_train] rechunked train graphs (seed=131)

=== Epoch 131/1000 ===
[train] loss=5.2065 cls=0.4635 cme=2.1613 acc=0.9818 cells=158379
[ct_train] rechunked train graphs (seed=132)

=== Epoch 132/1000 ===
[train] loss=5.2049 cls=0.4634 cme=2.1607 acc=0.9817 cells=158379
[val]   loss=5.3048 eval=2.6125 cls=0.4072 cme=2.2053 acc=0.9755 cells=118036
[ct_train] early_stopping: no improve on val/eval_loss for 1/45 val checks
[ct_train] rechunked train graphs (seed=133)

=== Epoch 133/1000 ===
[train] loss=5.2099 cls=0.4631 cme=2.1631 acc=0.9817 cells=158379
[ct_train] rechunked train graphs (seed=134)

=== Epoch 134/1000 ===
[train] loss=5.2122 cls=0.4641 cme=2.1636 acc=0.9816 cells=158379
[val]   loss=5.3053 eval=2.6127 cls=0.4072 cme=2.2055 acc=0.9755 cells=118036
[ct_train] early_stopping: no improve on val/eval_loss for 2/45 val checks
[ct_train] rechunked train graphs (seed=135)

=== Epoch 135/1000 ===
[train] loss=5.2037 cls=0.4621 cme=2.1607 acc=0.9824 cells=158379
[ct_train] rechunked train graphs (seed=136)

=== Epoch 136/1000 ===
[train] loss=5.1947 cls=0.4614 cme=2.1569 acc=0.9825 cells=158379
[val]   loss=5.3050 eval=2.6126 cls=0.4071 cme=2.2055 acc=0.9756 cells=118036
[ct_train] early_stopping: no improve on val/eval_loss for 3/45 val checks
[ct_train] rechunked train graphs (seed=137)

=== Epoch 137/1000 ===
[train] loss=5.2202 cls=0.4629 cme=2.1678 acc=0.9817 cells=158379
[ct_train] rechunked train graphs (seed=138)

=== Epoch 138/1000 ===
[train] loss=5.1967 cls=0.4619 cme=2.1577 acc=0.9823 cells=158379
[val]   loss=5.3047 eval=2.6124 cls=0.4070 cme=2.2054 acc=0.9756 cells=118036
[ct_train] saved best checkpoint (val_eval_loss=2.6124 val_acc=0.9756)
[ct_train] early_stopping: no improve on val/eval_loss for 4/45 val checks
[ct_train] rechunked train graphs (seed=139)

=== Epoch 139/1000 ===
[train] loss=5.2029 cls=0.4619 cme=2.1605 acc=0.9824 cells=158379
[ct_train] rechunked train graphs (seed=140)

=== Epoch 140/1000 ===
[train] loss=5.1985 cls=0.4607 cme=2.1589 acc=0.9828 cells=158379
[val]   loss=5.3038 eval=2.6119 cls=0.4070 cme=2.2050 acc=0.9756 cells=118036
[ct_train] saved best checkpoint (val_eval_loss=2.6119 val_acc=0.9756)
[ct_train] rechunked train graphs (seed=141)

=== Epoch 141/1000 ===
[train] loss=5.1997 cls=0.4610 cme=2.1595 acc=0.9825 cells=158379
[ct_train] rechunked train graphs (seed=142)

=== Epoch 142/1000 ===
[train] loss=5.1985 cls=0.4602 cme=2.1592 acc=0.9830 cells=158379
[val]   loss=5.3035 eval=2.6119 cls=0.4070 cme=2.2049 acc=0.9755 cells=118036
[ct_train] saved best checkpoint (val_eval_loss=2.6119 val_acc=0.9756)
[ct_train] early_stopping: no improve on val/eval_loss for 1/45 val checks
[ct_train] rechunked train graphs (seed=143)

=== Epoch 143/1000 ===
[train] loss=5.1935 cls=0.4601 cme=2.1570 acc=0.9828 cells=158379
[ct_train] rechunked train graphs (seed=144)

=== Epoch 144/1000 ===
[train] loss=5.1954 cls=0.4604 cme=2.1578 acc=0.9828 cells=158379
[val]   loss=5.3032 eval=2.6117 cls=0.4069 cme=2.2048 acc=0.9757 cells=118036
[ct_train] saved best checkpoint (val_eval_loss=2.6117 val_acc=0.9757)
[ct_train] early_stopping: no improve on val/eval_loss for 2/45 val checks
[ct_train] rechunked train graphs (seed=145)

=== Epoch 145/1000 ===
[train] loss=5.2062 cls=0.4611 cme=2.1622 acc=0.9825 cells=158379
[ct_train] rechunked train graphs (seed=146)

=== Epoch 146/1000 ===
[train] loss=5.1965 cls=0.4603 cme=2.1584 acc=0.9827 cells=158379
[val]   loss=5.3039 eval=2.6120 cls=0.4069 cme=2.2051 acc=0.9757 cells=118036
[ct_train] early_stopping: no improve on val/eval_loss for 3/45 val checks
[ct_train] rechunked train graphs (seed=147)

=== Epoch 147/1000 ===
[train] loss=5.1999 cls=0.4597 cme=2.1600 acc=0.9828 cells=158379
[ct_train] rechunked train graphs (seed=148)

=== Epoch 148/1000 ===
[train] loss=5.1996 cls=0.4591 cme=2.1602 acc=0.9832 cells=158379
[val]   loss=5.3027 eval=2.6116 cls=0.4071 cme=2.2045 acc=0.9756 cells=118036
[ct_train] saved best checkpoint (val_eval_loss=2.6116 val_acc=0.9757)
[ct_train] early_stopping: no improve on val/eval_loss for 4/45 val checks
[ct_train] rechunked train graphs (seed=149)

=== Epoch 149/1000 ===
[train] loss=5.1946 cls=0.4600 cme=2.1576 acc=0.9826 cells=158379
[ct_train] rechunked train graphs (seed=150)

=== Epoch 150/1000 ===
[train] loss=5.1896 cls=0.4587 cme=2.1559 acc=0.9834 cells=158379
[val]   loss=5.3031 eval=2.6119 cls=0.4073 cme=2.2046 acc=0.9756 cells=118036
[ct_train] early_stopping: no improve on val/eval_loss for 5/45 val checks
[ct_train] rechunked train graphs (seed=151)

=== Epoch 151/1000 ===
[train] loss=5.1944 cls=0.4586 cme=2.1581 acc=0.9835 cells=158379
[ct_train] rechunked train graphs (seed=152)

=== Epoch 152/1000 ===
[train] loss=5.1978 cls=0.4591 cme=2.1594 acc=0.9833 cells=158379
[val]   loss=5.3022 eval=2.6114 cls=0.4072 cme=2.2042 acc=0.9756 cells=118036
[ct_train] saved best checkpoint (val_eval_loss=2.6114 val_acc=0.9757)
[ct_train] early_stopping: no improve on val/eval_loss for 6/45 val checks
[ct_train] rechunked train graphs (seed=153)

=== Epoch 153/1000 ===
[train] loss=5.1897 cls=0.4594 cme=2.1556 acc=0.9828 cells=158379
[ct_train] rechunked train graphs (seed=154)

=== Epoch 154/1000 ===
[train] loss=5.1903 cls=0.4584 cme=2.1563 acc=0.9832 cells=158379
[val]   loss=5.3020 eval=2.6114 cls=0.4071 cme=2.2042 acc=0.9758 cells=118036
[ct_train] saved best checkpoint (val_eval_loss=2.6114 val_acc=0.9758)
[ct_train] early_stopping: no improve on val/eval_loss for 7/45 val checks
[ct_train] rechunked train graphs (seed=155)

=== Epoch 155/1000 ===
[train] loss=5.1985 cls=0.4580 cme=2.1602 acc=0.9839 cells=158379
[ct_train] rechunked train graphs (seed=156)

=== Epoch 156/1000 ===
[train] loss=5.1859 cls=0.4572 cme=2.1549 acc=0.9843 cells=158379
[val]   loss=5.3021 eval=2.6115 cls=0.4074 cme=2.2041 acc=0.9757 cells=118036
[ct_train] early_stopping: no improve on val/eval_loss for 8/45 val checks
[ct_train] rechunked train graphs (seed=157)

=== Epoch 157/1000 ===
[train] loss=5.1886 cls=0.4569 cme=2.1563 acc=0.9838 cells=158379
[ct_train] rechunked train graphs (seed=158)

=== Epoch 158/1000 ===
[train] loss=5.1936 cls=0.4574 cme=2.1583 acc=0.9839 cells=158379
[val]   loss=5.3013 eval=2.6112 cls=0.4075 cme=2.2038 acc=0.9757 cells=118036
[ct_train] saved best checkpoint (val_eval_loss=2.6112 val_acc=0.9758)
[ct_train] early_stopping: no improve on val/eval_loss for 9/45 val checks
[ct_train] rechunked train graphs (seed=159)

=== Epoch 159/1000 ===
[train] loss=5.1773 cls=0.4564 cme=2.1514 acc=0.9840 cells=158379
[ct_train] rechunked train graphs (seed=160)

=== Epoch 160/1000 ===
[train] loss=5.1886 cls=0.4570 cme=2.1563 acc=0.9840 cells=158379
[val]   loss=5.3018 eval=2.6115 cls=0.4075 cme=2.2040 acc=0.9757 cells=118036
[ct_train] early_stopping: no improve on val/eval_loss for 10/45 val checks
[ct_train] rechunked train graphs (seed=161)

=== Epoch 161/1000 ===
[train] loss=5.1868 cls=0.4562 cme=2.1557 acc=0.9844 cells=158379
[ct_train] rechunked train graphs (seed=162)

=== Epoch 162/1000 ===
[train] loss=5.1873 cls=0.4564 cme=2.1559 acc=0.9842 cells=158379
[val]   loss=5.3011 eval=2.6112 cls=0.4075 cme=2.2037 acc=0.9757 cells=118036
[ct_train] saved best checkpoint (val_eval_loss=2.6112 val_acc=0.9758)
[ct_train] early_stopping: no improve on val/eval_loss for 11/45 val checks
[ct_train] rechunked train graphs (seed=163)

=== Epoch 163/1000 ===
[train] loss=5.1753 cls=0.4560 cme=2.1505 acc=0.9843 cells=158379
[ct_train] rechunked train graphs (seed=164)

=== Epoch 164/1000 ===
[train] loss=5.1743 cls=0.4550 cme=2.1506 acc=0.9848 cells=158379
[val]   loss=5.3011 eval=2.6111 cls=0.4074 cme=2.2038 acc=0.9758 cells=118036
[ct_train] saved best checkpoint (val_eval_loss=2.6111 val_acc=0.9758)
[ct_train] early_stopping: no improve on val/eval_loss for 12/45 val checks
[ct_train] rechunked train graphs (seed=165)

=== Epoch 165/1000 ===
[train] loss=5.1747 cls=0.4553 cme=2.1507 acc=0.9845 cells=158379
[ct_train] rechunked train graphs (seed=166)

=== Epoch 166/1000 ===
[train] loss=5.1728 cls=0.4544 cme=2.1503 acc=0.9845 cells=158379
[val]   loss=5.3022 eval=2.6116 cls=0.4074 cme=2.2042 acc=0.9757 cells=118036
[ct_train] early_stopping: no improve on val/eval_loss for 13/45 val checks
[ct_train] rechunked train graphs (seed=167)

=== Epoch 167/1000 ===
[train] loss=5.1867 cls=0.4555 cme=2.1560 acc=0.9847 cells=158379
[ct_train] rechunked train graphs (seed=168)

=== Epoch 168/1000 ===
[train] loss=5.1772 cls=0.4542 cme=2.1524 acc=0.9847 cells=158379
[val]   loss=5.3030 eval=2.6119 cls=0.4073 cme=2.2047 acc=0.9757 cells=118036
[ct_train] early_stopping: no improve on val/eval_loss for 14/45 val checks
[ct_train] rechunked train graphs (seed=169)

=== Epoch 169/1000 ===
[train] loss=5.1710 cls=0.4541 cme=2.1495 acc=0.9849 cells=158379
[ct_train] rechunked train graphs (seed=170)

=== Epoch 170/1000 ===
[train] loss=5.1816 cls=0.4550 cme=2.1540 acc=0.9845 cells=158379
[val]   loss=5.3028 eval=2.6118 cls=0.4073 cme=2.2045 acc=0.9757 cells=118036
[ct_train] early_stopping: no improve on val/eval_loss for 15/45 val checks
[ct_train] rechunked train graphs (seed=171)

=== Epoch 171/1000 ===
[train] loss=5.1703 cls=0.4534 cme=2.1496 acc=0.9848 cells=158379
[ct_train] rechunked train graphs (seed=172)

=== Epoch 172/1000 ===
[train] loss=5.1722 cls=0.4544 cme=2.1499 acc=0.9849 cells=158379
[val]   loss=5.3021 eval=2.6116 cls=0.4073 cme=2.2042 acc=0.9758 cells=118036
[ct_train] early_stopping: no improve on val/eval_loss for 16/45 val checks
[ct_train] rechunked train graphs (seed=173)

=== Epoch 173/1000 ===
[train] loss=5.1833 cls=0.4539 cme=2.1552 acc=0.9850 cells=158379
[ct_train] rechunked train graphs (seed=174)

=== Epoch 174/1000 ===
[train] loss=5.1704 cls=0.4534 cme=2.1497 acc=0.9852 cells=158379
[val]   loss=5.3029 eval=2.6120 cls=0.4075 cme=2.2046 acc=0.9759 cells=118036
[ct_train] early_stopping: no improve on val/eval_loss for 17/45 val checks
[ct_train] rechunked train graphs (seed=175)

=== Epoch 175/1000 ===
[train] loss=5.1753 cls=0.4537 cme=2.1517 acc=0.9851 cells=158379
[ct_train] rechunked train graphs (seed=176)

=== Epoch 176/1000 ===
[train] loss=5.1745 cls=0.4535 cme=2.1514 acc=0.9853 cells=158379
[val]   loss=5.3028 eval=2.6120 cls=0.4075 cme=2.2045 acc=0.9759 cells=118036
[ct_train] early_stopping: no improve on val/eval_loss for 18/45 val checks
[ct_train] rechunked train graphs (seed=177)

=== Epoch 177/1000 ===
[train] loss=5.1623 cls=0.4526 cme=2.1463 acc=0.9856 cells=158379
[ct_train] rechunked train graphs (seed=178)

=== Epoch 178/1000 ===
[train] loss=5.1656 cls=0.4532 cme=2.1475 acc=0.9851 cells=158379
[val]   loss=5.3031 eval=2.6122 cls=0.4076 cme=2.2046 acc=0.9759 cells=118036
[ct_train] early_stopping: no improve on val/eval_loss for 19/45 val checks
[ct_train] rechunked train graphs (seed=179)

=== Epoch 179/1000 ===
[train] loss=5.1817 cls=0.4537 cme=2.1546 acc=0.9849 cells=158379
[ct_train] rechunked train graphs (seed=180)

=== Epoch 180/1000 ===
[train] loss=5.1684 cls=0.4513 cme=2.1497 acc=0.9860 cells=158379
[val]   loss=5.3037 eval=2.6124 cls=0.4076 cme=2.2048 acc=0.9759 cells=118036
[ct_train] early_stopping: no improve on val/eval_loss for 20/45 val checks
[ct_train] rechunked train graphs (seed=181)

=== Epoch 181/1000 ===
[train] loss=5.1525 cls=0.4510 cme=2.1426 acc=0.9861 cells=158379
[ct_train] rechunked train graphs (seed=182)

=== Epoch 182/1000 ===
[train] loss=5.1564 cls=0.4520 cme=2.1439 acc=0.9859 cells=158379
[val]   loss=5.3043 eval=2.6129 cls=0.4079 cme=2.2051 acc=0.9759 cells=118036
[ct_train] early_stopping: no improve on val/eval_loss for 21/45 val checks
[ct_train] rechunked train graphs (seed=183)

=== Epoch 183/1000 ===
[train] loss=5.1578 cls=0.4516 cme=2.1448 acc=0.9860 cells=158379
[ct_train] rechunked train graphs (seed=184)

=== Epoch 184/1000 ===
[train] loss=5.1556 cls=0.4522 cme=2.1434 acc=0.9856 cells=158379
[val]   loss=5.3055 eval=2.6135 cls=0.4079 cme=2.2056 acc=0.9758 cells=118036
[ct_train] early_stopping: no improve on val/eval_loss for 22/45 val checks
[ct_train] rechunked train graphs (seed=185)

=== Epoch 185/1000 ===
[train] loss=5.1575 cls=0.4509 cme=2.1448 acc=0.9860 cells=158379
[ct_train] rechunked train graphs (seed=186)

=== Epoch 186/1000 ===
[train] loss=5.1669 cls=0.4518 cme=2.1488 acc=0.9857 cells=158379
[val]   loss=5.3059 eval=2.6137 cls=0.4080 cme=2.2057 acc=0.9758 cells=118036
[ct_train] early_stopping: no improve on val/eval_loss for 23/45 val checks
[ct_train] rechunked train graphs (seed=187)

=== Epoch 187/1000 ===
[train] loss=5.1673 cls=0.4526 cme=2.1485 acc=0.9853 cells=158379
[ct_train] rechunked train graphs (seed=188)

=== Epoch 188/1000 ===
[train] loss=5.1647 cls=0.4517 cme=2.1478 acc=0.9856 cells=158379
[val]   loss=5.3072 eval=2.6144 cls=0.4082 cme=2.2062 acc=0.9757 cells=118036
[ct_train] early_stopping: no improve on val/eval_loss for 24/45 val checks
[ct_train] rechunked train graphs (seed=189)

=== Epoch 189/1000 ===
[train] loss=5.1605 cls=0.4507 cme=2.1464 acc=0.9862 cells=158379
[ct_train] rechunked train graphs (seed=190)

=== Epoch 190/1000 ===
[train] loss=5.1565 cls=0.4500 cme=2.1449 acc=0.9863 cells=158379
[val]   loss=5.3062 eval=2.6139 cls=0.4079 cme=2.2059 acc=0.9760 cells=118036
[ct_train] early_stopping: no improve on val/eval_loss for 25/45 val checks
[ct_train] rechunked train graphs (seed=191)

=== Epoch 191/1000 ===
[train] loss=5.1619 cls=0.4500 cme=2.1472 acc=0.9865 cells=158379
[ct_train] rechunked train graphs (seed=192)

=== Epoch 192/1000 ===
[train] loss=5.1627 cls=0.4498 cme=2.1478 acc=0.9867 cells=158379
[val]   loss=5.3059 eval=2.6138 cls=0.4081 cme=2.2057 acc=0.9760 cells=118036
[ct_train] early_stopping: no improve on val/eval_loss for 26/45 val checks
[ct_train] rechunked train graphs (seed=193)

=== Epoch 193/1000 ===
[train] loss=5.1605 cls=0.4497 cme=2.1468 acc=0.9866 cells=158379
[ct_train] rechunked train graphs (seed=194)

=== Epoch 194/1000 ===
[train] loss=5.1573 cls=0.4489 cme=2.1457 acc=0.9868 cells=158379
[val]   loss=5.3064 eval=2.6141 cls=0.4081 cme=2.2059 acc=0.9760 cells=118036
[ct_train] early_stopping: no improve on val/eval_loss for 27/45 val checks
[ct_train] rechunked train graphs (seed=195)

=== Epoch 195/1000 ===
[train] loss=5.1499 cls=0.4492 cme=2.1422 acc=0.9869 cells=158379
[ct_train] rechunked train graphs (seed=196)

=== Epoch 196/1000 ===
[train] loss=5.1514 cls=0.4494 cme=2.1429 acc=0.9866 cells=158379
[val]   loss=5.3074 eval=2.6147 cls=0.4085 cme=2.2062 acc=0.9758 cells=118036
[ct_train] early_stopping: no improve on val/eval_loss for 28/45 val checks
[ct_train] rechunked train graphs (seed=197)

=== Epoch 197/1000 ===
[train] loss=5.1472 cls=0.4488 cme=2.1412 acc=0.9867 cells=158379
[ct_train] rechunked train graphs (seed=198)

=== Epoch 198/1000 ===
[train] loss=5.1533 cls=0.4494 cme=2.1437 acc=0.9866 cells=158379
[val]   loss=5.3074 eval=2.6147 cls=0.4085 cme=2.2061 acc=0.9758 cells=118036
[ct_train] early_stopping: no improve on val/eval_loss for 29/45 val checks
[ct_train] rechunked train graphs (seed=199)

=== Epoch 199/1000 ===
[train] loss=5.1525 cls=0.4491 cme=2.1434 acc=0.9869 cells=158379
[ct_train] rechunked train graphs (seed=200)

=== Epoch 200/1000 ===
[train] loss=5.1580 cls=0.4492 cme=2.1459 acc=0.9868 cells=158379
[val]   loss=5.3090 eval=2.6156 cls=0.4088 cme=2.2068 acc=0.9757 cells=118036
[ct_train] early_stopping: no improve on val/eval_loss for 30/45 val checks
[ct_train] rechunked train graphs (seed=201)

=== Epoch 201/1000 ===
[train] loss=5.1437 cls=0.4486 cme=2.1398 acc=0.9868 cells=158379
[ct_train] rechunked train graphs (seed=202)

=== Epoch 202/1000 ===
[train] loss=5.1429 cls=0.4478 cme=2.1397 acc=0.9874 cells=158379
[val]   loss=5.3096 eval=2.6158 cls=0.4088 cme=2.2071 acc=0.9758 cells=118036
[ct_train] early_stopping: no improve on val/eval_loss for 31/45 val checks
[ct_train] rechunked train graphs (seed=203)

=== Epoch 203/1000 ===
[train] loss=5.1539 cls=0.4483 cme=2.1444 acc=0.9870 cells=158379
[ct_train] rechunked train graphs (seed=204)

=== Epoch 204/1000 ===
[train] loss=5.1468 cls=0.4487 cme=2.1411 acc=0.9868 cells=158379
[val]   loss=5.3100 eval=2.6161 cls=0.4090 cme=2.2071 acc=0.9759 cells=118036
[ct_train] early_stopping: no improve on val/eval_loss for 32/45 val checks
[ct_train] rechunked train graphs (seed=205)

=== Epoch 205/1000 ===
[train] loss=5.1423 cls=0.4477 cme=2.1395 acc=0.9873 cells=158379
[ct_train] rechunked train graphs (seed=206)

=== Epoch 206/1000 ===
[train] loss=5.1598 cls=0.4479 cme=2.1473 acc=0.9875 cells=158379
[val]   loss=5.3103 eval=2.6163 cls=0.4090 cme=2.2073 acc=0.9758 cells=118036
[ct_train] early_stopping: no improve on val/eval_loss for 33/45 val checks
[ct_train] rechunked train graphs (seed=207)

=== Epoch 207/1000 ===
[train] loss=5.1476 cls=0.4476 cme=2.1418 acc=0.9872 cells=158379
[ct_train] rechunked train graphs (seed=208)

=== Epoch 208/1000 ===
[train] loss=5.1430 cls=0.4472 cme=2.1401 acc=0.9876 cells=158379
[val]   loss=5.3103 eval=2.6164 cls=0.4092 cme=2.2072 acc=0.9759 cells=118036
[ct_train] early_stopping: no improve on val/eval_loss for 34/45 val checks
[ct_train] rechunked train graphs (seed=209)

=== Epoch 209/1000 ===
[train] loss=5.1448 cls=0.4475 cme=2.1407 acc=0.9876 cells=158379
[ct_train] rechunked train graphs (seed=210)

=== Epoch 210/1000 ===
[train] loss=5.1509 cls=0.4476 cme=2.1434 acc=0.9874 cells=158379
[val]   loss=5.3106 eval=2.6166 cls=0.4093 cme=2.2073 acc=0.9758 cells=118036
[ct_train] early_stopping: no improve on val/eval_loss for 35/45 val checks
[ct_train] rechunked train graphs (seed=211)

=== Epoch 211/1000 ===
[train] loss=5.1438 cls=0.4467 cme=2.1406 acc=0.9878 cells=158379
[ct_train] rechunked train graphs (seed=212)

=== Epoch 212/1000 ===
[train] loss=5.1491 cls=0.4476 cme=2.1426 acc=0.9875 cells=158379
[val]   loss=5.3099 eval=2.6163 cls=0.4093 cme=2.2070 acc=0.9760 cells=118036
[ct_train] early_stopping: no improve on val/eval_loss for 36/45 val checks
[ct_train] rechunked train graphs (seed=213)

=== Epoch 213/1000 ===
[train] loss=5.1301 cls=0.4466 cme=2.1345 acc=0.9873 cells=158379
[ct_train] rechunked train graphs (seed=214)

=== Epoch 214/1000 ===
[train] loss=5.1478 cls=0.4463 cme=2.1426 acc=0.9879 cells=158379
[val]   loss=5.3112 eval=2.6170 cls=0.4094 cme=2.2076 acc=0.9759 cells=118036
[ct_train] early_stopping: no improve on val/eval_loss for 37/45 val checks
[ct_train] rechunked train graphs (seed=215)

=== Epoch 215/1000 ===
[train] loss=5.1458 cls=0.4456 cme=2.1420 acc=0.9878 cells=158379
[ct_train] rechunked train graphs (seed=216)

=== Epoch 216/1000 ===
[train] loss=5.1332 cls=0.4454 cme=2.1364 acc=0.9881 cells=158379
[val]   loss=5.3116 eval=2.6172 cls=0.4094 cme=2.2078 acc=0.9758 cells=118036
[ct_train] early_stopping: no improve on val/eval_loss for 38/45 val checks
[ct_train] rechunked train graphs (seed=217)

=== Epoch 217/1000 ===
[train] loss=5.1445 cls=0.4464 cme=2.1411 acc=0.9879 cells=158379
[ct_train] rechunked train graphs (seed=218)

=== Epoch 218/1000 ===
[train] loss=5.1394 cls=0.4463 cme=2.1388 acc=0.9878 cells=158379
[val]   loss=5.3127 eval=2.6178 cls=0.4097 cme=2.2082 acc=0.9758 cells=118036
[ct_train] early_stopping: no improve on val/eval_loss for 39/45 val checks
[ct_train] rechunked train graphs (seed=219)

=== Epoch 219/1000 ===
[train] loss=5.1404 cls=0.4459 cme=2.1394 acc=0.9879 cells=158379
[ct_train] rechunked train graphs (seed=220)

=== Epoch 220/1000 ===
[train] loss=5.1454 cls=0.4449 cme=2.1422 acc=0.9882 cells=158379
[val]   loss=5.3128 eval=2.6180 cls=0.4099 cme=2.2081 acc=0.9759 cells=118036
[ct_train] early_stopping: no improve on val/eval_loss for 40/45 val checks
[ct_train] rechunked train graphs (seed=221)

=== Epoch 221/1000 ===
[train] loss=5.1297 cls=0.4448 cme=2.1352 acc=0.9885 cells=158379
[ct_train] rechunked train graphs (seed=222)

=== Epoch 222/1000 ===
[train] loss=5.1236 cls=0.4458 cme=2.1319 acc=0.9880 cells=158379
[val]   loss=5.3130 eval=2.6182 cls=0.4101 cme=2.2082 acc=0.9758 cells=118036
[ct_train] early_stopping: no improve on val/eval_loss for 41/45 val checks
[ct_train] rechunked train graphs (seed=223)

=== Epoch 223/1000 ===
[train] loss=5.1368 cls=0.4451 cme=2.1381 acc=0.9883 cells=158379
[ct_train] rechunked train graphs (seed=224)

=== Epoch 224/1000 ===
[train] loss=5.1448 cls=0.4447 cme=2.1420 acc=0.9885 cells=158379
[val]   loss=5.3144 eval=2.6188 cls=0.4100 cme=2.2088 acc=0.9759 cells=118036
[ct_train] early_stopping: no improve on val/eval_loss for 42/45 val checks
[ct_train] rechunked train graphs (seed=225)

=== Epoch 225/1000 ===
[train] loss=5.1376 cls=0.4453 cme=2.1385 acc=0.9879 cells=158379
[ct_train] rechunked train graphs (seed=226)

=== Epoch 226/1000 ===
[train] loss=5.1510 cls=0.4459 cme=2.1442 acc=0.9881 cells=158379
[val]   loss=5.3150 eval=2.6190 cls=0.4100 cme=2.2090 acc=0.9758 cells=118036
[ct_train] early_stopping: no improve on val/eval_loss for 43/45 val checks
[ct_train] rechunked train graphs (seed=227)

=== Epoch 227/1000 ===
[train] loss=5.1306 cls=0.4451 cme=2.1354 acc=0.9883 cells=158379
[ct_train] rechunked train graphs (seed=228)

=== Epoch 228/1000 ===
[train] loss=5.1316 cls=0.4446 cme=2.1361 acc=0.9882 cells=158379
[val]   loss=5.3148 eval=2.6191 cls=0.4102 cme=2.2089 acc=0.9759 cells=118036
[ct_train] early_stopping: no improve on val/eval_loss for 44/45 val checks
[ct_train] rechunked train graphs (seed=229)

=== Epoch 229/1000 ===
[train] loss=5.1347 cls=0.4447 cme=2.1375 acc=0.9885 cells=158379
[ct_train] rechunked train graphs (seed=230)

=== Epoch 230/1000 ===
[train] loss=5.1269 cls=0.4443 cme=2.1340 acc=0.9886 cells=158379
[val]   loss=5.3171 eval=2.6203 cls=0.4104 cme=2.2099 acc=0.9759 cells=118036
[ct_train] early_stopping: no improve on val/eval_loss for 45/45 val checks
[ct_train] early stopping at epoch 230 (patience=45, monitor=val/eval_loss)

[ct_train] done. best_val_acc=0.9760  best_val_eval_loss=2.6111  checkpoints=/home/abel/code/Tissue-Reassembly-using-GenAI-and-new-metrics/exploration/cell_types/outputs/exp134_ls006_cme205  logs=/home/abel/code/Tissue-Reassembly-using-GenAI-and-new-metrics/exploration/cell_types/logs/exp134_ls006_cme205/20260808_061147
wandb: updating run metadata
wandb: uploading output.log; uploading wandb-summary.json; uploading config.yaml
wandb: uploading data
wandb: 
wandb: Run summary:
wandb:                      best_epoch 164
wandb:                    best_val_acc 0.97604
wandb:              best_val_eval_loss 2.61114
wandb:                           epoch 230
wandb:                              lr 0.00018
wandb:           model/parameter_count 1305308
wandb: model/trainable_parameter_count 1305308
wandb:                       train/acc 0.9886
wandb:       train/acc_per_class/Astro 0.99396
wandb:        train/acc_per_class/Endo 0.98592
wandb:                             +54 ...
wandb: 
wandb:  View run exp134_ls006_cme205 at: https://wandb.ai/abel-salmona-polytechnique-montr-al/cell_types/runs/qupy6wsu
wandb:  View project at: https://wandb.ai/abel-salmona-polytechnique-montr-al/cell_types
wandb: Synced 5 W&B file(s), 1 media file(s), 2 artifact file(s) and 1 other file(s)
wandb: Find logs at: ./exploration/cell_types/logs/exp134_ls006_cme205/20260808_061147/wandb/run-20260808_061156-qupy6wsu/logs
