[ct_train] config=exploration/cell_types/experiments/configs/exp057_type128.json
[ct_train] device=cuda  checkpoints=/home/abel/code/Tissue-Reassembly-using-GenAI-and-new-metrics/exploration/cell_types/outputs/exp057_type128
[ct_train] logs=/home/abel/code/Tissue-Reassembly-using-GenAI-and-new-metrics/exploration/cell_types/logs/exp057_type128/20260807_222617
[ct_train] Loading data …
[DataModule] Reading '/home/abel/biodata/MERFISH_LUNA_small_cortex/MERFISH_mouse_cortex_train.csv' (split=train) with float32 dtype on 254 gene cols + coord cols …
[DataModule] Loaded 158,379 rows for split=train.
[DataModule] Reading '/home/abel/biodata/MERFISH_LUNA_small_cortex/MERFISH_mouse_cortex_test.csv' (split=test) with float32 dtype on 254 gene cols + coord cols …
[DataModule] Loaded 118,036 rows for split=test.
[DataModule] Reading '/home/abel/biodata/MERFISH_LUNA_small_cortex/MERFISH_mouse_cortex_test.csv' (split=validation) with float32 dtype on 254 gene cols + coord cols …
[DataModule] Loaded 118,036 rows for split=validation.
[ct_train] genes=254  classes=23
[ct_train] model predict_cme=True  params=1,337,628
[ct_train] soft CME loaded split=train sigma=96.0 n=158379 C=23
[ct_train] soft CME loaded split=validation sigma=96.0 n=118036 C=23
wandb: [wandb.login()] Loaded credentials for https://api.wandb.ai from /home/abel/.netrc.
wandb: Currently logged in as: abel-salmona (abel-salmona-polytechnique-montr-al) to https://api.wandb.ai. Use `wandb login --relogin` to force relogin
wandb: WARNING Using a boolean value for 'reinit' is deprecated. Use 'return_previous' or 'finish_previous' instead.
wandb: setting up run hsszzi0q
wandb: Tracking run with wandb version 0.26.1
wandb: Run data is saved locally in /home/abel/code/Tissue-Reassembly-using-GenAI-and-new-metrics/exploration/cell_types/logs/exp057_type128/20260807_222617/wandb/run-20260807_222625-hsszzi0q
wandb: Run `wandb offline` to turn off syncing.
wandb: Syncing run exp057_type128
wandb:  View project at https://wandb.ai/abel-salmona-polytechnique-montr-al/cell_types
wandb:  View run at https://wandb.ai/abel-salmona-polytechnique-montr-al/cell_types/runs/hsszzi0q
wandb: WARNING Saving files without folders. If you want to preserve subdirectories pass base_path to wandb.save, i.e. wandb.save("/mnt/folder/file.h5", base_path="/mnt")
wandb: WARNING Symlinked 1 file into the W&B run directory; call wandb.save again to sync new files.
[ct_train] wandb: project=cell_types name=exp057_type128 mode=online url=https://wandb.ai/abel-salmona-polytechnique-montr-al/cell_types/runs/hsszzi0q
[ct_train] parameters: total=1,337,628 trainable=1,337,628
  [params] mlp_in_node_features: 26,720
  [params] transformer_layers: 633,600
  [params] type_stage1: 37,568
  [params] env_stage1: 93,056
  [params] type_probe: 2,967
  [params] env_probe: 7,383
  [params] fusion_mlp: 395,360
  [params] type_stage2: 40,535
  [params] env_stage2: 100,439
[ct_train] rechunked train graphs (seed=1)

=== Epoch 1/1000 ===
[train] loss=8.2427 cls=2.6590 cme=2.7918 acc=0.2832 cells=158379
[ct_train] rechunked train graphs (seed=2)

=== Epoch 2/1000 ===
[train] loss=6.7662 cls=1.6991 cme=2.5335 acc=0.6497 cells=158379
[val]   loss=6.1402 eval=3.6816 cls=1.2231 cme=2.4585 acc=0.7584 cells=118036
[ct_train] saved best checkpoint (val_eval_loss=3.6816 val_acc=0.7584)
[ct_train] rechunked train graphs (seed=3)

=== Epoch 3/1000 ===
[train] loss=5.9910 cls=1.1248 cme=2.4331 acc=0.7954 cells=158379
[ct_train] rechunked train graphs (seed=4)

=== Epoch 4/1000 ===
[train] loss=5.5878 cls=0.8191 cme=2.3844 acc=0.8731 cells=158379
[val]   loss=5.3679 eval=3.0023 cls=0.6366 cme=2.3657 acc=0.9159 cells=118036
[ct_train] saved best checkpoint (val_eval_loss=3.0023 val_acc=0.9159)
[ct_train] rechunked train graphs (seed=5)

=== Epoch 5/1000 ===
[train] loss=5.3877 cls=0.6739 cme=2.3569 acc=0.9126 cells=158379
[ct_train] rechunked train graphs (seed=6)

=== Epoch 6/1000 ===
[train] loss=5.2784 cls=0.6063 cme=2.3361 acc=0.9293 cells=158379
[val]   loss=5.1703 eval=2.8472 cls=0.5242 cme=2.3231 acc=0.9455 cells=118036
[ct_train] saved best checkpoint (val_eval_loss=2.8472 val_acc=0.9455)
[ct_train] rechunked train graphs (seed=7)

=== Epoch 7/1000 ===
[train] loss=5.2039 cls=0.5691 cme=2.3174 acc=0.9386 cells=158379
[ct_train] rechunked train graphs (seed=8)

=== Epoch 8/1000 ===
[train] loss=5.1577 cls=0.5490 cme=2.3043 acc=0.9428 cells=158379
[val]   loss=5.0908 eval=2.7908 cls=0.4908 cme=2.3000 acc=0.9541 cells=118036
[ct_train] saved best checkpoint (val_eval_loss=2.7908 val_acc=0.9541)
[ct_train] rechunked train graphs (seed=9)

=== Epoch 9/1000 ===
[train] loss=5.1207 cls=0.5314 cme=2.2947 acc=0.9466 cells=158379
[ct_train] rechunked train graphs (seed=10)

=== Epoch 10/1000 ===
[train] loss=5.0892 cls=0.5218 cme=2.2837 acc=0.9494 cells=158379
[val]   loss=5.0639 eval=2.7723 cls=0.4806 cme=2.2917 acc=0.9549 cells=118036
[ct_train] saved best checkpoint (val_eval_loss=2.7723 val_acc=0.9549)
[ct_train] rechunked train graphs (seed=11)

=== Epoch 11/1000 ===
[train] loss=5.0720 cls=0.5149 cme=2.2785 acc=0.9512 cells=158379
[ct_train] rechunked train graphs (seed=12)

=== Epoch 12/1000 ===
[train] loss=5.0541 cls=0.5063 cme=2.2739 acc=0.9528 cells=158379
[val]   loss=5.0173 eval=2.7429 cls=0.4685 cme=2.2744 acc=0.9587 cells=118036
[ct_train] saved best checkpoint (val_eval_loss=2.7429 val_acc=0.9587)
[ct_train] rechunked train graphs (seed=13)

=== Epoch 13/1000 ===
[train] loss=5.0421 cls=0.5020 cme=2.2701 acc=0.9543 cells=158379
[ct_train] rechunked train graphs (seed=14)

=== Epoch 14/1000 ===
[train] loss=5.0192 cls=0.4951 cme=2.2620 acc=0.9560 cells=158379
[val]   loss=4.9983 eval=2.7305 cls=0.4627 cme=2.2678 acc=0.9596 cells=118036
[ct_train] saved best checkpoint (val_eval_loss=2.7305 val_acc=0.9596)
[ct_train] rechunked train graphs (seed=15)

=== Epoch 15/1000 ===
[train] loss=5.0047 cls=0.4914 cme=2.2567 acc=0.9565 cells=158379
[ct_train] rechunked train graphs (seed=16)

=== Epoch 16/1000 ===
[train] loss=5.0020 cls=0.4841 cme=2.2589 acc=0.9586 cells=158379
[val]   loss=4.9714 eval=2.7121 cls=0.4528 cme=2.2593 acc=0.9630 cells=118036
[ct_train] saved best checkpoint (val_eval_loss=2.7121 val_acc=0.9630)
[ct_train] rechunked train graphs (seed=17)

=== Epoch 17/1000 ===
[train] loss=4.9897 cls=0.4813 cme=2.2542 acc=0.9594 cells=158379
[ct_train] rechunked train graphs (seed=18)

=== Epoch 18/1000 ===
[train] loss=4.9841 cls=0.4783 cme=2.2529 acc=0.9598 cells=158379
[val]   loss=4.9603 eval=2.7060 cls=0.4517 cme=2.2543 acc=0.9628 cells=118036
[ct_train] saved best checkpoint (val_eval_loss=2.7060 val_acc=0.9630)
[ct_train] rechunked train graphs (seed=19)

=== Epoch 19/1000 ===
[train] loss=4.9684 cls=0.4754 cme=2.2465 acc=0.9610 cells=158379
[ct_train] rechunked train graphs (seed=20)

=== Epoch 20/1000 ===
[train] loss=4.9522 cls=0.4712 cme=2.2405 acc=0.9618 cells=158379
[val]   loss=4.9464 eval=2.6959 cls=0.4454 cme=2.2505 acc=0.9651 cells=118036
[ct_train] saved best checkpoint (val_eval_loss=2.6959 val_acc=0.9651)
[ct_train] rechunked train graphs (seed=21)

=== Epoch 21/1000 ===
[train] loss=4.9553 cls=0.4697 cme=2.2428 acc=0.9627 cells=158379
[ct_train] rechunked train graphs (seed=22)

=== Epoch 22/1000 ===
[train] loss=4.9428 cls=0.4665 cme=2.2381 acc=0.9631 cells=158379
[val]   loss=4.9361 eval=2.6898 cls=0.4435 cme=2.2463 acc=0.9655 cells=118036
[ct_train] saved best checkpoint (val_eval_loss=2.6898 val_acc=0.9655)
[ct_train] rechunked train graphs (seed=23)

=== Epoch 23/1000 ===
[train] loss=4.9424 cls=0.4662 cme=2.2381 acc=0.9637 cells=158379
[ct_train] rechunked train graphs (seed=24)

=== Epoch 24/1000 ===
[train] loss=4.9286 cls=0.4629 cme=2.2328 acc=0.9642 cells=158379
[val]   loss=4.9253 eval=2.6828 cls=0.4402 cme=2.2425 acc=0.9667 cells=118036
[ct_train] saved best checkpoint (val_eval_loss=2.6828 val_acc=0.9667)
[ct_train] rechunked train graphs (seed=25)

=== Epoch 25/1000 ===
[train] loss=4.9246 cls=0.4608 cme=2.2319 acc=0.9653 cells=158379
[ct_train] rechunked train graphs (seed=26)

=== Epoch 26/1000 ===
[train] loss=4.9233 cls=0.4606 cme=2.2314 acc=0.9652 cells=158379
[val]   loss=4.9247 eval=2.6803 cls=0.4360 cme=2.2444 acc=0.9676 cells=118036
[ct_train] saved best checkpoint (val_eval_loss=2.6803 val_acc=0.9676)
[ct_train] rechunked train graphs (seed=27)

=== Epoch 27/1000 ===
[train] loss=4.9193 cls=0.4587 cme=2.2303 acc=0.9661 cells=158379
[ct_train] rechunked train graphs (seed=28)

=== Epoch 28/1000 ===
[train] loss=4.9165 cls=0.4567 cme=2.2299 acc=0.9664 cells=158379
[val]   loss=4.9133 eval=2.6751 cls=0.4368 cme=2.2382 acc=0.9666 cells=118036
[ct_train] saved best checkpoint (val_eval_loss=2.6751 val_acc=0.9676)
[ct_train] rechunked train graphs (seed=29)

=== Epoch 29/1000 ===
[train] loss=4.9103 cls=0.4541 cme=2.2281 acc=0.9670 cells=158379
[ct_train] rechunked train graphs (seed=30)

=== Epoch 30/1000 ===
[train] loss=4.9167 cls=0.4536 cme=2.2315 acc=0.9675 cells=158379
[val]   loss=4.9078 eval=2.6703 cls=0.4327 cme=2.2375 acc=0.9684 cells=118036
[ct_train] saved best checkpoint (val_eval_loss=2.6703 val_acc=0.9684)
[ct_train] rechunked train graphs (seed=31)

=== Epoch 31/1000 ===
[train] loss=4.9069 cls=0.4520 cme=2.2274 acc=0.9674 cells=158379
[ct_train] rechunked train graphs (seed=32)

=== Epoch 32/1000 ===
[train] loss=4.8964 cls=0.4510 cme=2.2227 acc=0.9675 cells=158379
[val]   loss=4.9035 eval=2.6679 cls=0.4323 cme=2.2356 acc=0.9686 cells=118036
[ct_train] saved best checkpoint (val_eval_loss=2.6679 val_acc=0.9686)
[ct_train] rechunked train graphs (seed=33)

=== Epoch 33/1000 ===
[train] loss=4.8921 cls=0.4482 cme=2.2220 acc=0.9682 cells=158379
[ct_train] rechunked train graphs (seed=34)

=== Epoch 34/1000 ===
[train] loss=4.8899 cls=0.4474 cme=2.2212 acc=0.9683 cells=158379
[val]   loss=4.8969 eval=2.6633 cls=0.4297 cme=2.2336 acc=0.9693 cells=118036
[ct_train] saved best checkpoint (val_eval_loss=2.6633 val_acc=0.9693)
[ct_train] rechunked train graphs (seed=35)

=== Epoch 35/1000 ===
[train] loss=4.8938 cls=0.4469 cme=2.2235 acc=0.9689 cells=158379
[ct_train] rechunked train graphs (seed=36)

=== Epoch 36/1000 ===
[train] loss=4.8758 cls=0.4447 cme=2.2156 acc=0.9696 cells=158379
[val]   loss=4.8908 eval=2.6591 cls=0.4274 cme=2.2317 acc=0.9700 cells=118036
[ct_train] saved best checkpoint (val_eval_loss=2.6591 val_acc=0.9700)
[ct_train] rechunked train graphs (seed=37)

=== Epoch 37/1000 ===
[train] loss=4.8713 cls=0.4427 cme=2.2143 acc=0.9699 cells=158379
[ct_train] rechunked train graphs (seed=38)

=== Epoch 38/1000 ===
[train] loss=4.8821 cls=0.4424 cme=2.2199 acc=0.9701 cells=158379
[val]   loss=4.8849 eval=2.6560 cls=0.4272 cme=2.2288 acc=0.9700 cells=118036
[ct_train] saved best checkpoint (val_eval_loss=2.6560 val_acc=0.9700)
[ct_train] rechunked train graphs (seed=39)

=== Epoch 39/1000 ===
[train] loss=4.8663 cls=0.4408 cme=2.2127 acc=0.9706 cells=158379
[ct_train] rechunked train graphs (seed=40)

=== Epoch 40/1000 ===
[train] loss=4.8718 cls=0.4397 cme=2.2160 acc=0.9709 cells=158379
[val]   loss=4.8856 eval=2.6560 cls=0.4264 cme=2.2296 acc=0.9704 cells=118036
[ct_train] saved best checkpoint (val_eval_loss=2.6560 val_acc=0.9704)
[ct_train] early_stopping: no improve on val/eval_loss for 1/40 val checks
[ct_train] rechunked train graphs (seed=41)

=== Epoch 41/1000 ===
[train] loss=4.8771 cls=0.4412 cme=2.2180 acc=0.9708 cells=158379
[ct_train] rechunked train graphs (seed=42)

=== Epoch 42/1000 ===
[train] loss=4.8592 cls=0.4383 cme=2.2104 acc=0.9712 cells=158379
[val]   loss=4.8884 eval=2.6564 cls=0.4244 cme=2.2320 acc=0.9707 cells=118036
[ct_train] early_stopping: no improve on val/eval_loss for 2/40 val checks
[ct_train] rechunked train graphs (seed=43)

=== Epoch 43/1000 ===
[train] loss=4.8648 cls=0.4376 cme=2.2136 acc=0.9713 cells=158379
[ct_train] rechunked train graphs (seed=44)

=== Epoch 44/1000 ===
[train] loss=4.8553 cls=0.4370 cme=2.2092 acc=0.9714 cells=158379
[val]   loss=4.8792 eval=2.6515 cls=0.4237 cme=2.2278 acc=0.9711 cells=118036
[ct_train] saved best checkpoint (val_eval_loss=2.6515 val_acc=0.9711)
[ct_train] rechunked train graphs (seed=45)

=== Epoch 45/1000 ===
[train] loss=4.8593 cls=0.4360 cme=2.2117 acc=0.9717 cells=158379
[ct_train] rechunked train graphs (seed=46)

=== Epoch 46/1000 ===
[train] loss=4.8603 cls=0.4363 cme=2.2120 acc=0.9718 cells=158379
[val]   loss=4.8788 eval=2.6512 cls=0.4237 cme=2.2276 acc=0.9706 cells=118036
[ct_train] saved best checkpoint (val_eval_loss=2.6512 val_acc=0.9711)
[ct_train] early_stopping: no improve on val/eval_loss for 1/40 val checks
[ct_train] rechunked train graphs (seed=47)

=== Epoch 47/1000 ===
[train] loss=4.8446 cls=0.4343 cme=2.2052 acc=0.9719 cells=158379
[ct_train] rechunked train graphs (seed=48)

=== Epoch 48/1000 ===
[train] loss=4.8551 cls=0.4340 cme=2.2105 acc=0.9726 cells=158379
[val]   loss=4.8768 eval=2.6493 cls=0.4219 cme=2.2274 acc=0.9716 cells=118036
[ct_train] saved best checkpoint (val_eval_loss=2.6493 val_acc=0.9716)
[ct_train] rechunked train graphs (seed=49)

=== Epoch 49/1000 ===
[train] loss=4.8559 cls=0.4333 cme=2.2113 acc=0.9730 cells=158379
[ct_train] rechunked train graphs (seed=50)

=== Epoch 50/1000 ===
[train] loss=4.8431 cls=0.4318 cme=2.2056 acc=0.9730 cells=158379
[val]   loss=4.8750 eval=2.6485 cls=0.4220 cme=2.2265 acc=0.9719 cells=118036
[ct_train] saved best checkpoint (val_eval_loss=2.6485 val_acc=0.9719)
[ct_train] rechunked train graphs (seed=51)

=== Epoch 51/1000 ===
[train] loss=4.8398 cls=0.4311 cme=2.2044 acc=0.9732 cells=158379
[ct_train] rechunked train graphs (seed=52)

=== Epoch 52/1000 ===
[train] loss=4.8440 cls=0.4322 cme=2.2059 acc=0.9734 cells=158379
[val]   loss=4.8721 eval=2.6469 cls=0.4218 cme=2.2252 acc=0.9717 cells=118036
[ct_train] saved best checkpoint (val_eval_loss=2.6469 val_acc=0.9719)
[ct_train] rechunked train graphs (seed=53)

=== Epoch 53/1000 ===
[train] loss=4.8413 cls=0.4309 cme=2.2052 acc=0.9732 cells=158379
[ct_train] rechunked train graphs (seed=54)

=== Epoch 54/1000 ===
[train] loss=4.8455 cls=0.4298 cme=2.2079 acc=0.9740 cells=158379
[val]   loss=4.8628 eval=2.6415 cls=0.4201 cme=2.2213 acc=0.9718 cells=118036
[ct_train] saved best checkpoint (val_eval_loss=2.6415 val_acc=0.9719)
[ct_train] rechunked train graphs (seed=55)

=== Epoch 55/1000 ===
[train] loss=4.8351 cls=0.4278 cme=2.2036 acc=0.9743 cells=158379
[ct_train] rechunked train graphs (seed=56)

=== Epoch 56/1000 ===
[train] loss=4.8228 cls=0.4278 cme=2.1975 acc=0.9742 cells=158379
[val]   loss=4.8577 eval=2.6385 cls=0.4192 cme=2.2192 acc=0.9723 cells=118036
[ct_train] saved best checkpoint (val_eval_loss=2.6385 val_acc=0.9723)
[ct_train] rechunked train graphs (seed=57)

=== Epoch 57/1000 ===
[train] loss=4.8351 cls=0.4295 cme=2.2028 acc=0.9739 cells=158379
[ct_train] rechunked train graphs (seed=58)

=== Epoch 58/1000 ===
[train] loss=4.8198 cls=0.4266 cme=2.1966 acc=0.9745 cells=158379
[val]   loss=4.8648 eval=2.6413 cls=0.4177 cme=2.2235 acc=0.9725 cells=118036
[ct_train] early_stopping: no improve on val/eval_loss for 1/40 val checks
[ct_train] rechunked train graphs (seed=59)

=== Epoch 59/1000 ===
[train] loss=4.8320 cls=0.4260 cme=2.2030 acc=0.9746 cells=158379
[ct_train] rechunked train graphs (seed=60)

=== Epoch 60/1000 ===
[train] loss=4.8281 cls=0.4255 cme=2.2013 acc=0.9745 cells=158379
[val]   loss=4.8611 eval=2.6398 cls=0.4185 cme=2.2213 acc=0.9725 cells=118036
[ct_train] early_stopping: no improve on val/eval_loss for 2/40 val checks
[ct_train] rechunked train graphs (seed=61)

=== Epoch 61/1000 ===
[train] loss=4.8229 cls=0.4246 cme=2.1992 acc=0.9752 cells=158379
[ct_train] rechunked train graphs (seed=62)

=== Epoch 62/1000 ===
[train] loss=4.8165 cls=0.4255 cme=2.1955 acc=0.9750 cells=158379
[val]   loss=4.8563 eval=2.6372 cls=0.4182 cme=2.2190 acc=0.9728 cells=118036
[ct_train] saved best checkpoint (val_eval_loss=2.6372 val_acc=0.9728)
[ct_train] rechunked train graphs (seed=63)

=== Epoch 63/1000 ===
[train] loss=4.8178 cls=0.4245 cme=2.1966 acc=0.9751 cells=158379
[ct_train] rechunked train graphs (seed=64)

=== Epoch 64/1000 ===
[train] loss=4.8100 cls=0.4226 cme=2.1937 acc=0.9756 cells=158379
[val]   loss=4.8593 eval=2.6382 cls=0.4171 cme=2.2211 acc=0.9732 cells=118036
[ct_train] early_stopping: no improve on val/eval_loss for 1/40 val checks
[ct_train] rechunked train graphs (seed=65)

=== Epoch 65/1000 ===
[train] loss=4.8210 cls=0.4234 cme=2.1988 acc=0.9757 cells=158379
[ct_train] rechunked train graphs (seed=66)

=== Epoch 66/1000 ===
[train] loss=4.8109 cls=0.4224 cme=2.1942 acc=0.9757 cells=158379
[val]   loss=4.8530 eval=2.6346 cls=0.4161 cme=2.2185 acc=0.9732 cells=118036
[ct_train] saved best checkpoint (val_eval_loss=2.6346 val_acc=0.9732)
[ct_train] rechunked train graphs (seed=67)

=== Epoch 67/1000 ===
[train] loss=4.8011 cls=0.4208 cme=2.1902 acc=0.9766 cells=158379
[ct_train] rechunked train graphs (seed=68)

=== Epoch 68/1000 ===
[train] loss=4.7958 cls=0.4211 cme=2.1873 acc=0.9761 cells=158379
[val]   loss=4.8528 eval=2.6348 cls=0.4167 cme=2.2180 acc=0.9730 cells=118036
[ct_train] early_stopping: no improve on val/eval_loss for 1/40 val checks
[ct_train] rechunked train graphs (seed=69)

=== Epoch 69/1000 ===
[train] loss=4.8004 cls=0.4204 cme=2.1900 acc=0.9761 cells=158379
[ct_train] rechunked train graphs (seed=70)

=== Epoch 70/1000 ===
[train] loss=4.8012 cls=0.4193 cme=2.1909 acc=0.9766 cells=158379
[val]   loss=4.8637 eval=2.6405 cls=0.4173 cme=2.2232 acc=0.9731 cells=118036
[ct_train] early_stopping: no improve on val/eval_loss for 2/40 val checks
[ct_train] rechunked train graphs (seed=71)

=== Epoch 71/1000 ===
[train] loss=4.8072 cls=0.4198 cme=2.1937 acc=0.9767 cells=158379
[ct_train] rechunked train graphs (seed=72)

=== Epoch 72/1000 ===
[train] loss=4.8183 cls=0.4207 cme=2.1988 acc=0.9763 cells=158379
[val]   loss=4.8637 eval=2.6403 cls=0.4170 cme=2.2234 acc=0.9728 cells=118036
[ct_train] early_stopping: no improve on val/eval_loss for 3/40 val checks
[ct_train] rechunked train graphs (seed=73)

=== Epoch 73/1000 ===
[train] loss=4.8115 cls=0.4201 cme=2.1957 acc=0.9765 cells=158379
[ct_train] rechunked train graphs (seed=74)

=== Epoch 74/1000 ===
[train] loss=4.8043 cls=0.4184 cme=2.1930 acc=0.9770 cells=158379
[val]   loss=4.8557 eval=2.6352 cls=0.4147 cme=2.2205 acc=0.9737 cells=118036
[ct_train] early_stopping: no improve on val/eval_loss for 4/40 val checks
[ct_train] rechunked train graphs (seed=75)

=== Epoch 75/1000 ===
[train] loss=4.8036 cls=0.4188 cme=2.1924 acc=0.9766 cells=158379
[ct_train] rechunked train graphs (seed=76)

=== Epoch 76/1000 ===
[train] loss=4.8065 cls=0.4187 cme=2.1939 acc=0.9768 cells=158379
[val]   loss=4.8570 eval=2.6354 cls=0.4138 cme=2.2216 acc=0.9736 cells=118036
[ct_train] early_stopping: no improve on val/eval_loss for 5/40 val checks
[ct_train] rechunked train graphs (seed=77)

=== Epoch 77/1000 ===
[train] loss=4.8056 cls=0.4184 cme=2.1936 acc=0.9771 cells=158379
[ct_train] rechunked train graphs (seed=78)

=== Epoch 78/1000 ===
[train] loss=4.7979 cls=0.4176 cme=2.1902 acc=0.9770 cells=158379
[val]   loss=4.8453 eval=2.6302 cls=0.4151 cme=2.2151 acc=0.9735 cells=118036
[ct_train] saved best checkpoint (val_eval_loss=2.6302 val_acc=0.9737)
[ct_train] rechunked train graphs (seed=79)

=== Epoch 79/1000 ===
[train] loss=4.7977 cls=0.4179 cme=2.1899 acc=0.9771 cells=158379
[ct_train] rechunked train graphs (seed=80)

=== Epoch 80/1000 ===
[train] loss=4.7969 cls=0.4168 cme=2.1901 acc=0.9775 cells=158379
[val]   loss=4.8522 eval=2.6332 cls=0.4142 cme=2.2190 acc=0.9739 cells=118036
[ct_train] early_stopping: no improve on val/eval_loss for 1/40 val checks
[ct_train] rechunked train graphs (seed=81)

=== Epoch 81/1000 ===
[train] loss=4.7916 cls=0.4155 cme=2.1880 acc=0.9777 cells=158379
[ct_train] rechunked train graphs (seed=82)

=== Epoch 82/1000 ===
[train] loss=4.7891 cls=0.4166 cme=2.1862 acc=0.9773 cells=158379
[val]   loss=4.8489 eval=2.6325 cls=0.4162 cme=2.2163 acc=0.9734 cells=118036
[ct_train] early_stopping: no improve on val/eval_loss for 2/40 val checks
[ct_train] rechunked train graphs (seed=83)

=== Epoch 83/1000 ===
[train] loss=4.7924 cls=0.4160 cme=2.1882 acc=0.9782 cells=158379
[ct_train] rechunked train graphs (seed=84)

=== Epoch 84/1000 ===
[train] loss=4.7977 cls=0.4157 cme=2.1910 acc=0.9777 cells=158379
[val]   loss=4.8396 eval=2.6264 cls=0.4132 cme=2.2132 acc=0.9739 cells=118036
[ct_train] saved best checkpoint (val_eval_loss=2.6264 val_acc=0.9739)
[ct_train] rechunked train graphs (seed=85)

=== Epoch 85/1000 ===
[train] loss=4.7778 cls=0.4145 cme=2.1816 acc=0.9780 cells=158379
[ct_train] rechunked train graphs (seed=86)

=== Epoch 86/1000 ===
[train] loss=4.7791 cls=0.4149 cme=2.1821 acc=0.9782 cells=158379
[val]   loss=4.8478 eval=2.6307 cls=0.4136 cme=2.2171 acc=0.9743 cells=118036
[ct_train] early_stopping: no improve on val/eval_loss for 1/40 val checks
[ct_train] rechunked train graphs (seed=87)

=== Epoch 87/1000 ===
[train] loss=4.7824 cls=0.4136 cme=2.1844 acc=0.9785 cells=158379
[ct_train] rechunked train graphs (seed=88)

=== Epoch 88/1000 ===
[train] loss=4.7828 cls=0.4154 cme=2.1837 acc=0.9776 cells=158379
[val]   loss=4.8456 eval=2.6305 cls=0.4155 cme=2.2150 acc=0.9738 cells=118036
[ct_train] early_stopping: no improve on val/eval_loss for 2/40 val checks
[ct_train] rechunked train graphs (seed=89)

=== Epoch 89/1000 ===
[train] loss=4.7813 cls=0.4129 cme=2.1842 acc=0.9788 cells=158379
[ct_train] rechunked train graphs (seed=90)

=== Epoch 90/1000 ===
[train] loss=4.7783 cls=0.4134 cme=2.1825 acc=0.9789 cells=158379
[val]   loss=4.8438 eval=2.6287 cls=0.4137 cme=2.2151 acc=0.9738 cells=118036
[ct_train] early_stopping: no improve on val/eval_loss for 3/40 val checks
[ct_train] rechunked train graphs (seed=91)

=== Epoch 91/1000 ===
[train] loss=4.7788 cls=0.4134 cme=2.1827 acc=0.9784 cells=158379
[ct_train] rechunked train graphs (seed=92)

=== Epoch 92/1000 ===
[train] loss=4.7812 cls=0.4122 cme=2.1845 acc=0.9790 cells=158379
[val]   loss=4.8394 eval=2.6263 cls=0.4133 cme=2.2131 acc=0.9743 cells=118036
[ct_train] saved best checkpoint (val_eval_loss=2.6263 val_acc=0.9743)
[ct_train] early_stopping: no improve on val/eval_loss for 4/40 val checks
[ct_train] rechunked train graphs (seed=93)

=== Epoch 93/1000 ===
[train] loss=4.7674 cls=0.4121 cme=2.1777 acc=0.9789 cells=158379
[ct_train] rechunked train graphs (seed=94)

=== Epoch 94/1000 ===
[train] loss=4.7816 cls=0.4119 cme=2.1849 acc=0.9790 cells=158379
[val]   loss=4.8398 eval=2.6262 cls=0.4126 cme=2.2136 acc=0.9747 cells=118036
[ct_train] saved best checkpoint (val_eval_loss=2.6262 val_acc=0.9747)
[ct_train] early_stopping: no improve on val/eval_loss for 5/40 val checks
[ct_train] rechunked train graphs (seed=95)

=== Epoch 95/1000 ===
[train] loss=4.7723 cls=0.4112 cme=2.1805 acc=0.9793 cells=158379
[ct_train] rechunked train graphs (seed=96)

=== Epoch 96/1000 ===
[train] loss=4.7758 cls=0.4104 cme=2.1827 acc=0.9796 cells=158379
[val]   loss=4.8426 eval=2.6283 cls=0.4139 cme=2.2143 acc=0.9739 cells=118036
[ct_train] early_stopping: no improve on val/eval_loss for 6/40 val checks
[ct_train] rechunked train graphs (seed=97)

=== Epoch 97/1000 ===
[train] loss=4.7790 cls=0.4103 cme=2.1843 acc=0.9796 cells=158379
[ct_train] rechunked train graphs (seed=98)

=== Epoch 98/1000 ===
[train] loss=4.7795 cls=0.4108 cme=2.1843 acc=0.9789 cells=158379
[val]   loss=4.8377 eval=2.6256 cls=0.4135 cme=2.2121 acc=0.9743 cells=118036
[ct_train] saved best checkpoint (val_eval_loss=2.6256 val_acc=0.9747)
[ct_train] rechunked train graphs (seed=99)

=== Epoch 99/1000 ===
[train] loss=4.7636 cls=0.4093 cme=2.1771 acc=0.9797 cells=158379
[ct_train] rechunked train graphs (seed=100)

=== Epoch 100/1000 ===
[train] loss=4.7685 cls=0.4099 cme=2.1793 acc=0.9797 cells=158379
[val]   loss=4.8393 eval=2.6264 cls=0.4134 cme=2.2130 acc=0.9744 cells=118036
[ct_train] early_stopping: no improve on val/eval_loss for 1/40 val checks
[ct_train] rechunked train graphs (seed=101)

=== Epoch 101/1000 ===
[train] loss=4.7612 cls=0.4084 cme=2.1764 acc=0.9802 cells=158379
[ct_train] rechunked train graphs (seed=102)

=== Epoch 102/1000 ===
[train] loss=4.7768 cls=0.4084 cme=2.1842 acc=0.9800 cells=158379
[val]   loss=4.8433 eval=2.6288 cls=0.4144 cme=2.2145 acc=0.9741 cells=118036
[ct_train] early_stopping: no improve on val/eval_loss for 2/40 val checks
[ct_train] rechunked train graphs (seed=103)

=== Epoch 103/1000 ===
[train] loss=4.7579 cls=0.4084 cme=2.1748 acc=0.9801 cells=158379
[ct_train] rechunked train graphs (seed=104)

=== Epoch 104/1000 ===
[train] loss=4.7695 cls=0.4083 cme=2.1806 acc=0.9801 cells=158379
[val]   loss=4.8387 eval=2.6265 cls=0.4144 cme=2.2121 acc=0.9745 cells=118036
[ct_train] early_stopping: no improve on val/eval_loss for 3/40 val checks
[ct_train] rechunked train graphs (seed=105)

=== Epoch 105/1000 ===
[train] loss=4.7683 cls=0.4080 cme=2.1801 acc=0.9801 cells=158379
[ct_train] rechunked train graphs (seed=106)

=== Epoch 106/1000 ===
[train] loss=4.7578 cls=0.4069 cme=2.1754 acc=0.9806 cells=158379
[val]   loss=4.8423 eval=2.6269 cls=0.4115 cme=2.2154 acc=0.9752 cells=118036
[ct_train] early_stopping: no improve on val/eval_loss for 4/40 val checks
[ct_train] rechunked train graphs (seed=107)

=== Epoch 107/1000 ===
[train] loss=4.7585 cls=0.4071 cme=2.1757 acc=0.9802 cells=158379
[ct_train] rechunked train graphs (seed=108)

=== Epoch 108/1000 ===
[train] loss=4.7618 cls=0.4074 cme=2.1772 acc=0.9804 cells=158379
[val]   loss=4.8423 eval=2.6273 cls=0.4124 cme=2.2150 acc=0.9752 cells=118036
[ct_train] early_stopping: no improve on val/eval_loss for 5/40 val checks
[ct_train] rechunked train graphs (seed=109)

=== Epoch 109/1000 ===
[train] loss=4.7649 cls=0.4073 cme=2.1788 acc=0.9802 cells=158379
[ct_train] rechunked train graphs (seed=110)

=== Epoch 110/1000 ===
[train] loss=4.7557 cls=0.4060 cme=2.1749 acc=0.9809 cells=158379
[val]   loss=4.8382 eval=2.6255 cls=0.4127 cme=2.2127 acc=0.9748 cells=118036
[ct_train] saved best checkpoint (val_eval_loss=2.6255 val_acc=0.9752)
[ct_train] early_stopping: no improve on val/eval_loss for 6/40 val checks
[ct_train] rechunked train graphs (seed=111)

=== Epoch 111/1000 ===
[train] loss=4.7629 cls=0.4075 cme=2.1777 acc=0.9807 cells=158379
[ct_train] rechunked train graphs (seed=112)

=== Epoch 112/1000 ===
[train] loss=4.7558 cls=0.4055 cme=2.1751 acc=0.9808 cells=158379
[val]   loss=4.8367 eval=2.6249 cls=0.4131 cme=2.2118 acc=0.9745 cells=118036
[ct_train] saved best checkpoint (val_eval_loss=2.6249 val_acc=0.9752)
[ct_train] rechunked train graphs (seed=113)

=== Epoch 113/1000 ===
[train] loss=4.7649 cls=0.4070 cme=2.1790 acc=0.9805 cells=158379
[ct_train] rechunked train graphs (seed=114)

=== Epoch 114/1000 ===
[train] loss=4.7577 cls=0.4057 cme=2.1760 acc=0.9809 cells=158379
[val]   loss=4.8450 eval=2.6289 cls=0.4129 cme=2.2160 acc=0.9745 cells=118036
[ct_train] early_stopping: no improve on val/eval_loss for 1/40 val checks
[ct_train] rechunked train graphs (seed=115)

=== Epoch 115/1000 ===
[train] loss=4.7547 cls=0.4059 cme=2.1744 acc=0.9808 cells=158379
[ct_train] rechunked train graphs (seed=116)

=== Epoch 116/1000 ===
[train] loss=4.7561 cls=0.4046 cme=2.1758 acc=0.9813 cells=158379
[val]   loss=4.8391 eval=2.6252 cls=0.4114 cme=2.2138 acc=0.9752 cells=118036
[ct_train] early_stopping: no improve on val/eval_loss for 2/40 val checks
[ct_train] rechunked train graphs (seed=117)

=== Epoch 117/1000 ===
[train] loss=4.7550 cls=0.4042 cme=2.1754 acc=0.9816 cells=158379
[ct_train] rechunked train graphs (seed=118)

=== Epoch 118/1000 ===
[train] loss=4.7452 cls=0.4029 cme=2.1711 acc=0.9817 cells=158379
[val]   loss=4.8433 eval=2.6277 cls=0.4122 cme=2.2156 acc=0.9749 cells=118036
[ct_train] early_stopping: no improve on val/eval_loss for 3/40 val checks
[ct_train] rechunked train graphs (seed=119)

=== Epoch 119/1000 ===
[train] loss=4.7549 cls=0.4036 cme=2.1757 acc=0.9815 cells=158379
[ct_train] rechunked train graphs (seed=120)

=== Epoch 120/1000 ===
[train] loss=4.7498 cls=0.4040 cme=2.1729 acc=0.9815 cells=158379
[val]   loss=4.8350 eval=2.6235 cls=0.4121 cme=2.2115 acc=0.9749 cells=118036
[ct_train] saved best checkpoint (val_eval_loss=2.6235 val_acc=0.9752)
[ct_train] rechunked train graphs (seed=121)

=== Epoch 121/1000 ===
[train] loss=4.7444 cls=0.4037 cme=2.1704 acc=0.9815 cells=158379
[ct_train] rechunked train graphs (seed=122)

=== Epoch 122/1000 ===
[train] loss=4.7580 cls=0.4037 cme=2.1771 acc=0.9816 cells=158379
[val]   loss=4.8294 eval=2.6205 cls=0.4115 cme=2.2089 acc=0.9750 cells=118036
[ct_train] saved best checkpoint (val_eval_loss=2.6205 val_acc=0.9752)
[ct_train] rechunked train graphs (seed=123)

=== Epoch 123/1000 ===
[train] loss=4.7382 cls=0.4026 cme=2.1678 acc=0.9817 cells=158379
[ct_train] rechunked train graphs (seed=124)

=== Epoch 124/1000 ===
[train] loss=4.7415 cls=0.4035 cme=2.1690 acc=0.9816 cells=158379
[val]   loss=4.8310 eval=2.6212 cls=0.4114 cme=2.2098 acc=0.9750 cells=118036
[ct_train] early_stopping: no improve on val/eval_loss for 1/40 val checks
[ct_train] rechunked train graphs (seed=125)

=== Epoch 125/1000 ===
[train] loss=4.7362 cls=0.4026 cme=2.1668 acc=0.9818 cells=158379
[ct_train] rechunked train graphs (seed=126)

=== Epoch 126/1000 ===
[train] loss=4.7499 cls=0.4022 cme=2.1739 acc=0.9821 cells=158379
[val]   loss=4.8316 eval=2.6215 cls=0.4113 cme=2.2102 acc=0.9748 cells=118036
[ct_train] early_stopping: no improve on val/eval_loss for 2/40 val checks
[ct_train] rechunked train graphs (seed=127)

=== Epoch 127/1000 ===
[train] loss=4.7361 cls=0.4019 cme=2.1671 acc=0.9821 cells=158379
[ct_train] rechunked train graphs (seed=128)

=== Epoch 128/1000 ===
[train] loss=4.7460 cls=0.4020 cme=2.1720 acc=0.9822 cells=158379
[val]   loss=4.8394 eval=2.6258 cls=0.4123 cme=2.2136 acc=0.9747 cells=118036
[ct_train] early_stopping: no improve on val/eval_loss for 3/40 val checks
[ct_train] rechunked train graphs (seed=129)

=== Epoch 129/1000 ===
[train] loss=4.7414 cls=0.4009 cme=2.1702 acc=0.9826 cells=158379
[ct_train] rechunked train graphs (seed=130)

=== Epoch 130/1000 ===
[train] loss=4.7374 cls=0.4009 cme=2.1683 acc=0.9824 cells=158379
[val]   loss=4.8297 eval=2.6205 cls=0.4113 cme=2.2092 acc=0.9754 cells=118036
[ct_train] early_stopping: no improve on val/eval_loss for 4/40 val checks
[ct_train] rechunked train graphs (seed=131)

=== Epoch 131/1000 ===
[train] loss=4.7372 cls=0.4010 cme=2.1681 acc=0.9823 cells=158379
[ct_train] rechunked train graphs (seed=132)

=== Epoch 132/1000 ===
[train] loss=4.7421 cls=0.4001 cme=2.1710 acc=0.9829 cells=158379
[val]   loss=4.8316 eval=2.6216 cls=0.4115 cme=2.2100 acc=0.9752 cells=118036
[ct_train] early_stopping: no improve on val/eval_loss for 5/40 val checks
[ct_train] rechunked train graphs (seed=133)

=== Epoch 133/1000 ===
[train] loss=4.7395 cls=0.4006 cme=2.1694 acc=0.9828 cells=158379
[ct_train] rechunked train graphs (seed=134)

=== Epoch 134/1000 ===
[train] loss=4.7361 cls=0.4004 cme=2.1679 acc=0.9829 cells=158379
[val]   loss=4.8322 eval=2.6220 cls=0.4118 cme=2.2102 acc=0.9754 cells=118036
[ct_train] early_stopping: no improve on val/eval_loss for 6/40 val checks
[ct_train] rechunked train graphs (seed=135)

=== Epoch 135/1000 ===
[train] loss=4.7335 cls=0.3993 cme=2.1671 acc=0.9828 cells=158379
[ct_train] rechunked train graphs (seed=136)

=== Epoch 136/1000 ===
[train] loss=4.7266 cls=0.3991 cme=2.1638 acc=0.9831 cells=158379
[val]   loss=4.8373 eval=2.6241 cls=0.4109 cme=2.2132 acc=0.9753 cells=118036
[ct_train] early_stopping: no improve on val/eval_loss for 7/40 val checks
[ct_train] rechunked train graphs (seed=137)

=== Epoch 137/1000 ===
[train] loss=4.7287 cls=0.3996 cme=2.1645 acc=0.9826 cells=158379
[ct_train] rechunked train graphs (seed=138)

=== Epoch 138/1000 ===
[train] loss=4.7323 cls=0.3988 cme=2.1667 acc=0.9829 cells=158379
[val]   loss=4.8251 eval=2.6180 cls=0.4110 cme=2.2070 acc=0.9753 cells=118036
[ct_train] saved best checkpoint (val_eval_loss=2.6180 val_acc=0.9754)
[ct_train] rechunked train graphs (seed=139)

=== Epoch 139/1000 ===
[train] loss=4.7297 cls=0.3986 cme=2.1655 acc=0.9829 cells=158379
[ct_train] rechunked train graphs (seed=140)

=== Epoch 140/1000 ===
[train] loss=4.7321 cls=0.3983 cme=2.1669 acc=0.9833 cells=158379
[val]   loss=4.8364 eval=2.6246 cls=0.4128 cme=2.2118 acc=0.9749 cells=118036
[ct_train] early_stopping: no improve on val/eval_loss for 1/40 val checks
[ct_train] rechunked train graphs (seed=141)

=== Epoch 141/1000 ===
[train] loss=4.7291 cls=0.3976 cme=2.1657 acc=0.9836 cells=158379
[ct_train] rechunked train graphs (seed=142)

=== Epoch 142/1000 ===
[train] loss=4.7356 cls=0.3980 cme=2.1688 acc=0.9836 cells=158379
[val]   loss=4.8321 eval=2.6216 cls=0.4110 cme=2.2105 acc=0.9756 cells=118036
[ct_train] early_stopping: no improve on val/eval_loss for 2/40 val checks
[ct_train] rechunked train graphs (seed=143)

=== Epoch 143/1000 ===
[train] loss=4.7235 cls=0.3978 cme=2.1629 acc=0.9833 cells=158379
[ct_train] rechunked train graphs (seed=144)

=== Epoch 144/1000 ===
[train] loss=4.7334 cls=0.3972 cme=2.1681 acc=0.9837 cells=158379
[val]   loss=4.8382 eval=2.6248 cls=0.4113 cme=2.2135 acc=0.9755 cells=118036
[ct_train] early_stopping: no improve on val/eval_loss for 3/40 val checks
[ct_train] rechunked train graphs (seed=145)

=== Epoch 145/1000 ===
[train] loss=4.7275 cls=0.3963 cme=2.1656 acc=0.9841 cells=158379
[ct_train] rechunked train graphs (seed=146)

=== Epoch 146/1000 ===
[train] loss=4.7208 cls=0.3964 cme=2.1622 acc=0.9840 cells=158379
[val]   loss=4.8279 eval=2.6193 cls=0.4106 cme=2.2087 acc=0.9757 cells=118036
[ct_train] early_stopping: no improve on val/eval_loss for 4/40 val checks
[ct_train] rechunked train graphs (seed=147)

=== Epoch 147/1000 ===
[train] loss=4.7235 cls=0.3961 cme=2.1637 acc=0.9843 cells=158379
[ct_train] rechunked train graphs (seed=148)

=== Epoch 148/1000 ===
[train] loss=4.7320 cls=0.3973 cme=2.1673 acc=0.9839 cells=158379
[val]   loss=4.8400 eval=2.6260 cls=0.4119 cme=2.2141 acc=0.9754 cells=118036
[ct_train] early_stopping: no improve on val/eval_loss for 5/40 val checks
[ct_train] rechunked train graphs (seed=149)

=== Epoch 149/1000 ===
[train] loss=4.7228 cls=0.3955 cme=2.1637 acc=0.9845 cells=158379
[ct_train] rechunked train graphs (seed=150)

=== Epoch 150/1000 ===
[train] loss=4.7279 cls=0.3971 cme=2.1654 acc=0.9840 cells=158379
[val]   loss=4.8358 eval=2.6254 cls=0.4150 cme=2.2104 acc=0.9738 cells=118036
[ct_train] early_stopping: no improve on val/eval_loss for 6/40 val checks
[ct_train] rechunked train graphs (seed=151)

=== Epoch 151/1000 ===
[train] loss=4.7259 cls=0.3968 cme=2.1645 acc=0.9840 cells=158379
[ct_train] rechunked train graphs (seed=152)

=== Epoch 152/1000 ===
[train] loss=4.7171 cls=0.3949 cme=2.1611 acc=0.9845 cells=158379
[val]   loss=4.8430 eval=2.6267 cls=0.4105 cme=2.2162 acc=0.9755 cells=118036
[ct_train] early_stopping: no improve on val/eval_loss for 7/40 val checks
[ct_train] rechunked train graphs (seed=153)

=== Epoch 153/1000 ===
[train] loss=4.7216 cls=0.3950 cme=2.1633 acc=0.9848 cells=158379
[ct_train] rechunked train graphs (seed=154)

=== Epoch 154/1000 ===
[train] loss=4.7250 cls=0.3947 cme=2.1651 acc=0.9844 cells=158379
[val]   loss=4.8302 eval=2.6214 cls=0.4126 cme=2.2088 acc=0.9752 cells=118036
[ct_train] early_stopping: no improve on val/eval_loss for 8/40 val checks
[ct_train] rechunked train graphs (seed=155)

=== Epoch 155/1000 ===
[train] loss=4.7104 cls=0.3943 cme=2.1581 acc=0.9845 cells=158379
[ct_train] rechunked train graphs (seed=156)

=== Epoch 156/1000 ===
[train] loss=4.7157 cls=0.3942 cme=2.1608 acc=0.9848 cells=158379
[val]   loss=4.8288 eval=2.6196 cls=0.4104 cme=2.2092 acc=0.9757 cells=118036
[ct_train] early_stopping: no improve on val/eval_loss for 9/40 val checks
[ct_train] rechunked train graphs (seed=157)

=== Epoch 157/1000 ===
[train] loss=4.7187 cls=0.3931 cme=2.1628 acc=0.9850 cells=158379
[ct_train] rechunked train graphs (seed=158)

=== Epoch 158/1000 ===
[train] loss=4.7040 cls=0.3937 cme=2.1551 acc=0.9846 cells=158379
[val]   loss=4.8304 eval=2.6213 cls=0.4121 cme=2.2091 acc=0.9750 cells=118036
[ct_train] early_stopping: no improve on val/eval_loss for 10/40 val checks
[ct_train] rechunked train graphs (seed=159)

=== Epoch 159/1000 ===
[train] loss=4.7224 cls=0.3942 cme=2.1641 acc=0.9847 cells=158379
[ct_train] rechunked train graphs (seed=160)

=== Epoch 160/1000 ===
[train] loss=4.7123 cls=0.3930 cme=2.1596 acc=0.9850 cells=158379
[val]   loss=4.8246 eval=2.6178 cls=0.4110 cme=2.2068 acc=0.9757 cells=118036
[ct_train] saved best checkpoint (val_eval_loss=2.6178 val_acc=0.9757)
[ct_train] early_stopping: no improve on val/eval_loss for 11/40 val checks
[ct_train] rechunked train graphs (seed=161)

=== Epoch 161/1000 ===
[train] loss=4.7176 cls=0.3934 cme=2.1621 acc=0.9846 cells=158379
[ct_train] rechunked train graphs (seed=162)

=== Epoch 162/1000 ===
[train] loss=4.7214 cls=0.3927 cme=2.1643 acc=0.9852 cells=158379
[val]   loss=4.8415 eval=2.6269 cls=0.4123 cme=2.2146 acc=0.9750 cells=118036
[ct_train] early_stopping: no improve on val/eval_loss for 12/40 val checks
[ct_train] rechunked train graphs (seed=163)

=== Epoch 163/1000 ===
[train] loss=4.7146 cls=0.3931 cme=2.1608 acc=0.9854 cells=158379
[ct_train] rechunked train graphs (seed=164)

=== Epoch 164/1000 ===
[train] loss=4.7106 cls=0.3934 cme=2.1586 acc=0.9851 cells=158379
[val]   loss=4.8282 eval=2.6200 cls=0.4118 cme=2.2082 acc=0.9757 cells=118036
[ct_train] early_stopping: no improve on val/eval_loss for 13/40 val checks
[ct_train] rechunked train graphs (seed=165)

=== Epoch 165/1000 ===
[train] loss=4.7056 cls=0.3926 cme=2.1565 acc=0.9852 cells=158379
[ct_train] rechunked train graphs (seed=166)

=== Epoch 166/1000 ===
[train] loss=4.7071 cls=0.3931 cme=2.1570 acc=0.9851 cells=158379
[val]   loss=4.8374 eval=2.6248 cls=0.4122 cme=2.2126 acc=0.9755 cells=118036
[ct_train] early_stopping: no improve on val/eval_loss for 14/40 val checks
[ct_train] rechunked train graphs (seed=167)

=== Epoch 167/1000 ===
[train] loss=4.7136 cls=0.3913 cme=2.1611 acc=0.9857 cells=158379
[ct_train] rechunked train graphs (seed=168)

=== Epoch 168/1000 ===
[train] loss=4.6999 cls=0.3917 cme=2.1541 acc=0.9854 cells=158379
[val]   loss=4.8353 eval=2.6246 cls=0.4140 cme=2.2107 acc=0.9749 cells=118036
[ct_train] early_stopping: no improve on val/eval_loss for 15/40 val checks
[ct_train] rechunked train graphs (seed=169)

=== Epoch 169/1000 ===
[train] loss=4.7078 cls=0.3922 cme=2.1578 acc=0.9856 cells=158379
[ct_train] rechunked train graphs (seed=170)

=== Epoch 170/1000 ===
[train] loss=4.7038 cls=0.3904 cme=2.1567 acc=0.9859 cells=158379
[val]   loss=4.8322 eval=2.6229 cls=0.4135 cme=2.2093 acc=0.9751 cells=118036
[ct_train] early_stopping: no improve on val/eval_loss for 16/40 val checks
[ct_train] rechunked train graphs (seed=171)

=== Epoch 171/1000 ===
[train] loss=4.7063 cls=0.3916 cme=2.1574 acc=0.9857 cells=158379
[ct_train] rechunked train graphs (seed=172)

=== Epoch 172/1000 ===
[train] loss=4.7054 cls=0.3901 cme=2.1577 acc=0.9863 cells=158379
[val]   loss=4.8333 eval=2.6225 cls=0.4117 cme=2.2108 acc=0.9758 cells=118036
[ct_train] early_stopping: no improve on val/eval_loss for 17/40 val checks
[ct_train] rechunked train graphs (seed=173)

=== Epoch 173/1000 ===
[train] loss=4.7048 cls=0.3905 cme=2.1571 acc=0.9860 cells=158379
[ct_train] rechunked train graphs (seed=174)

=== Epoch 174/1000 ===
[train] loss=4.7076 cls=0.3899 cme=2.1589 acc=0.9862 cells=158379
[val]   loss=4.8263 eval=2.6188 cls=0.4113 cme=2.2075 acc=0.9756 cells=118036
[ct_train] early_stopping: no improve on val/eval_loss for 18/40 val checks
[ct_train] rechunked train graphs (seed=175)

=== Epoch 175/1000 ===
[train] loss=4.7015 cls=0.3902 cme=2.1557 acc=0.9861 cells=158379
[ct_train] rechunked train graphs (seed=176)

=== Epoch 176/1000 ===
[train] loss=4.7068 cls=0.3910 cme=2.1579 acc=0.9858 cells=158379
[val]   loss=4.8428 eval=2.6281 cls=0.4135 cme=2.2146 acc=0.9756 cells=118036
[ct_train] early_stopping: no improve on val/eval_loss for 19/40 val checks
[ct_train] rechunked train graphs (seed=177)

=== Epoch 177/1000 ===
[train] loss=4.6968 cls=0.3904 cme=2.1532 acc=0.9860 cells=158379
[ct_train] rechunked train graphs (seed=178)

=== Epoch 178/1000 ===
[train] loss=4.6889 cls=0.3902 cme=2.1494 acc=0.9857 cells=158379
[val]   loss=4.8409 eval=2.6274 cls=0.4138 cme=2.2136 acc=0.9753 cells=118036
[ct_train] early_stopping: no improve on val/eval_loss for 20/40 val checks
[ct_train] rechunked train graphs (seed=179)

=== Epoch 179/1000 ===
[train] loss=4.6965 cls=0.3898 cme=2.1534 acc=0.9859 cells=158379
[ct_train] rechunked train graphs (seed=180)

=== Epoch 180/1000 ===
[train] loss=4.7052 cls=0.3899 cme=2.1576 acc=0.9867 cells=158379
[val]   loss=4.8320 eval=2.6218 cls=0.4117 cme=2.2102 acc=0.9757 cells=118036
[ct_train] early_stopping: no improve on val/eval_loss for 21/40 val checks
[ct_train] rechunked train graphs (seed=181)

=== Epoch 181/1000 ===
[train] loss=4.6970 cls=0.3889 cme=2.1540 acc=0.9866 cells=158379
[ct_train] rechunked train graphs (seed=182)

=== Epoch 182/1000 ===
[train] loss=4.6975 cls=0.3886 cme=2.1545 acc=0.9865 cells=158379
[val]   loss=4.8275 eval=2.6197 cls=0.4119 cme=2.2078 acc=0.9756 cells=118036
[ct_train] early_stopping: no improve on val/eval_loss for 22/40 val checks
[ct_train] rechunked train graphs (seed=183)

=== Epoch 183/1000 ===
[train] loss=4.6932 cls=0.3884 cme=2.1524 acc=0.9867 cells=158379
[ct_train] rechunked train graphs (seed=184)

=== Epoch 184/1000 ===
[train] loss=4.6948 cls=0.3889 cme=2.1529 acc=0.9867 cells=158379
[val]   loss=4.8429 eval=2.6272 cls=0.4116 cme=2.2156 acc=0.9757 cells=118036
[ct_train] early_stopping: no improve on val/eval_loss for 23/40 val checks
[ct_train] rechunked train graphs (seed=185)

=== Epoch 185/1000 ===
[train] loss=4.6855 cls=0.3892 cme=2.1481 acc=0.9864 cells=158379
[ct_train] rechunked train graphs (seed=186)

=== Epoch 186/1000 ===
[train] loss=4.6929 cls=0.3880 cme=2.1525 acc=0.9869 cells=158379
[val]   loss=4.8303 eval=2.6209 cls=0.4115 cme=2.2094 acc=0.9759 cells=118036
[ct_train] early_stopping: no improve on val/eval_loss for 24/40 val checks
[ct_train] rechunked train graphs (seed=187)

=== Epoch 187/1000 ===
[train] loss=4.6921 cls=0.3876 cme=2.1523 acc=0.9868 cells=158379
[ct_train] rechunked train graphs (seed=188)

=== Epoch 188/1000 ===
[train] loss=4.7021 cls=0.3889 cme=2.1566 acc=0.9867 cells=158379
[val]   loss=4.8290 eval=2.6209 cls=0.4127 cme=2.2082 acc=0.9755 cells=118036
[ct_train] early_stopping: no improve on val/eval_loss for 25/40 val checks
[ct_train] rechunked train graphs (seed=189)

=== Epoch 189/1000 ===
[train] loss=4.7003 cls=0.3890 cme=2.1556 acc=0.9866 cells=158379
[ct_train] rechunked train graphs (seed=190)

=== Epoch 190/1000 ===
[train] loss=4.6902 cls=0.3876 cme=2.1513 acc=0.9869 cells=158379
[val]   loss=4.8330 eval=2.6232 cls=0.4133 cme=2.2098 acc=0.9757 cells=118036
[ct_train] early_stopping: no improve on val/eval_loss for 26/40 val checks
[ct_train] rechunked train graphs (seed=191)

=== Epoch 191/1000 ===
[train] loss=4.6853 cls=0.3866 cme=2.1493 acc=0.9873 cells=158379
[ct_train] rechunked train graphs (seed=192)

=== Epoch 192/1000 ===
[train] loss=4.6850 cls=0.3872 cme=2.1489 acc=0.9869 cells=158379
[val]   loss=4.8346 eval=2.6242 cls=0.4138 cme=2.2104 acc=0.9755 cells=118036
[ct_train] early_stopping: no improve on val/eval_loss for 27/40 val checks
[ct_train] rechunked train graphs (seed=193)

=== Epoch 193/1000 ===
[train] loss=4.6949 cls=0.3876 cme=2.1536 acc=0.9869 cells=158379
[ct_train] rechunked train graphs (seed=194)

=== Epoch 194/1000 ===
[train] loss=4.6875 cls=0.3871 cme=2.1502 acc=0.9871 cells=158379
[val]   loss=4.8335 eval=2.6230 cls=0.4126 cme=2.2105 acc=0.9756 cells=118036
[ct_train] early_stopping: no improve on val/eval_loss for 28/40 val checks
[ct_train] rechunked train graphs (seed=195)

=== Epoch 195/1000 ===
[train] loss=4.6923 cls=0.3858 cme=2.1533 acc=0.9878 cells=158379
[ct_train] rechunked train graphs (seed=196)

=== Epoch 196/1000 ===
[train] loss=4.6820 cls=0.3860 cme=2.1480 acc=0.9878 cells=158379
[val]   loss=4.8334 eval=2.6231 cls=0.4127 cme=2.2104 acc=0.9757 cells=118036
[ct_train] early_stopping: no improve on val/eval_loss for 29/40 val checks
[ct_train] rechunked train graphs (seed=197)

=== Epoch 197/1000 ===
[train] loss=4.6866 cls=0.3867 cme=2.1500 acc=0.9873 cells=158379
[ct_train] rechunked train graphs (seed=198)

=== Epoch 198/1000 ===
[train] loss=4.6764 cls=0.3853 cme=2.1455 acc=0.9878 cells=158379
[val]   loss=4.8309 eval=2.6220 cls=0.4130 cme=2.2090 acc=0.9757 cells=118036
[ct_train] early_stopping: no improve on val/eval_loss for 30/40 val checks
[ct_train] rechunked train graphs (seed=199)

=== Epoch 199/1000 ===
[train] loss=4.6887 cls=0.3852 cme=2.1518 acc=0.9879 cells=158379
[ct_train] rechunked train graphs (seed=200)

=== Epoch 200/1000 ===
[train] loss=4.7022 cls=0.3863 cme=2.1580 acc=0.9874 cells=158379
[val]   loss=4.8568 eval=2.6350 cls=0.4131 cme=2.2219 acc=0.9761 cells=118036
[ct_train] early_stopping: no improve on val/eval_loss for 31/40 val checks
[ct_train] rechunked train graphs (seed=201)

=== Epoch 201/1000 ===
[train] loss=4.6833 cls=0.3847 cme=2.1493 acc=0.9880 cells=158379
[ct_train] rechunked train graphs (seed=202)

=== Epoch 202/1000 ===
[train] loss=4.6792 cls=0.3853 cme=2.1470 acc=0.9879 cells=158379
[val]   loss=4.8347 eval=2.6246 cls=0.4146 cme=2.2101 acc=0.9754 cells=118036
[ct_train] early_stopping: no improve on val/eval_loss for 32/40 val checks
[ct_train] rechunked train graphs (seed=203)

=== Epoch 203/1000 ===
[train] loss=4.6882 cls=0.3847 cme=2.1518 acc=0.9881 cells=158379
[ct_train] rechunked train graphs (seed=204)

=== Epoch 204/1000 ===
[train] loss=4.6780 cls=0.3841 cme=2.1469 acc=0.9884 cells=158379
[val]   loss=4.8391 eval=2.6262 cls=0.4133 cme=2.2129 acc=0.9753 cells=118036
[ct_train] early_stopping: no improve on val/eval_loss for 33/40 val checks
[ct_train] rechunked train graphs (seed=205)

=== Epoch 205/1000 ===
[train] loss=4.6774 cls=0.3843 cme=2.1466 acc=0.9884 cells=158379
[ct_train] rechunked train graphs (seed=206)

=== Epoch 206/1000 ===
[train] loss=4.6749 cls=0.3840 cme=2.1454 acc=0.9885 cells=158379
[val]   loss=4.8360 eval=2.6254 cls=0.4148 cme=2.2106 acc=0.9754 cells=118036
[ct_train] early_stopping: no improve on val/eval_loss for 34/40 val checks
[ct_train] rechunked train graphs (seed=207)

=== Epoch 207/1000 ===
[train] loss=4.6879 cls=0.3846 cme=2.1517 acc=0.9882 cells=158379
[ct_train] rechunked train graphs (seed=208)

=== Epoch 208/1000 ===
[train] loss=4.6799 cls=0.3841 cme=2.1479 acc=0.9886 cells=158379
[val]   loss=4.8309 eval=2.6223 cls=0.4137 cme=2.2086 acc=0.9758 cells=118036
[ct_train] early_stopping: no improve on val/eval_loss for 35/40 val checks
[ct_train] rechunked train graphs (seed=209)

=== Epoch 209/1000 ===
[train] loss=4.6842 cls=0.3842 cme=2.1500 acc=0.9885 cells=158379
[ct_train] rechunked train graphs (seed=210)

=== Epoch 210/1000 ===
[train] loss=4.6841 cls=0.3856 cme=2.1492 acc=0.9875 cells=158379
[val]   loss=4.8328 eval=2.6233 cls=0.4137 cme=2.2095 acc=0.9754 cells=118036
[ct_train] early_stopping: no improve on val/eval_loss for 36/40 val checks
[ct_train] rechunked train graphs (seed=211)

=== Epoch 211/1000 ===
[train] loss=4.6851 cls=0.3847 cme=2.1502 acc=0.9879 cells=158379
[ct_train] rechunked train graphs (seed=212)

=== Epoch 212/1000 ===
[train] loss=4.6747 cls=0.3839 cme=2.1454 acc=0.9884 cells=158379
[val]   loss=4.8400 eval=2.6269 cls=0.4138 cme=2.2131 acc=0.9757 cells=118036
[ct_train] early_stopping: no improve on val/eval_loss for 37/40 val checks
[ct_train] rechunked train graphs (seed=213)

=== Epoch 213/1000 ===
[train] loss=4.6689 cls=0.3839 cme=2.1425 acc=0.9881 cells=158379
[ct_train] rechunked train graphs (seed=214)

=== Epoch 214/1000 ===
[train] loss=4.6746 cls=0.3836 cme=2.1455 acc=0.9884 cells=158379
[val]   loss=4.8307 eval=2.6226 cls=0.4146 cme=2.2080 acc=0.9755 cells=118036
[ct_train] early_stopping: no improve on val/eval_loss for 38/40 val checks
[ct_train] rechunked train graphs (seed=215)

=== Epoch 215/1000 ===
[train] loss=4.6858 cls=0.3831 cme=2.1513 acc=0.9889 cells=158379
[ct_train] rechunked train graphs (seed=216)

=== Epoch 216/1000 ===
[train] loss=4.6745 cls=0.3825 cme=2.1460 acc=0.9892 cells=158379
[val]   loss=4.8490 eval=2.6325 cls=0.4160 cme=2.2165 acc=0.9750 cells=118036
[ct_train] early_stopping: no improve on val/eval_loss for 39/40 val checks
[ct_train] rechunked train graphs (seed=217)

=== Epoch 217/1000 ===
[train] loss=4.6767 cls=0.3836 cme=2.1466 acc=0.9884 cells=158379
[ct_train] rechunked train graphs (seed=218)

=== Epoch 218/1000 ===
[train] loss=4.6824 cls=0.3831 cme=2.1496 acc=0.9887 cells=158379
[val]   loss=4.8390 eval=2.6262 cls=0.4134 cme=2.2128 acc=0.9758 cells=118036
[ct_train] early_stopping: no improve on val/eval_loss for 40/40 val checks
[ct_train] early stopping at epoch 218 (patience=40, monitor=val/eval_loss)

[ct_train] done. best_val_acc=0.9761  best_val_eval_loss=2.6178  checkpoints=/home/abel/code/Tissue-Reassembly-using-GenAI-and-new-metrics/exploration/cell_types/outputs/exp057_type128  logs=/home/abel/code/Tissue-Reassembly-using-GenAI-and-new-metrics/exploration/cell_types/logs/exp057_type128/20260807_222617
wandb: updating run metadata
wandb: uploading output.log; uploading wandb-summary.json; uploading config.yaml
wandb: 
wandb: Run summary:
wandb:                      best_epoch 160
wandb:                    best_val_acc 0.97608
wandb:              best_val_eval_loss 2.61781
wandb:                           epoch 218
wandb:                              lr 0.00018
wandb:           model/parameter_count 1337628
wandb: model/trainable_parameter_count 1337628
wandb:                       train/acc 0.98871
wandb:       train/acc_per_class/Astro 0.99253
wandb:        train/acc_per_class/Endo 0.98686
wandb:                             +54 ...
wandb: 
wandb:  View run exp057_type128 at: https://wandb.ai/abel-salmona-polytechnique-montr-al/cell_types/runs/hsszzi0q
wandb:  View project at: https://wandb.ai/abel-salmona-polytechnique-montr-al/cell_types
wandb: Synced 5 W&B file(s), 1 media file(s), 2 artifact file(s) and 1 other file(s)
wandb: Find logs at: ./exploration/cell_types/logs/exp057_type128/20260807_222617/wandb/run-20260807_222625-hsszzi0q/logs
