[ct_train] config=exploration/cell_types/experiments/configs/exp027_cme_w2p25.json
[ct_train] device=cuda  checkpoints=/home/abel/code/Tissue-Reassembly-using-GenAI-and-new-metrics/exploration/cell_types/outputs/exp027_cme_w2p25
[ct_train] logs=/home/abel/code/Tissue-Reassembly-using-GenAI-and-new-metrics/exploration/cell_types/logs/exp027_cme_w2p25/20260807_210147
[ct_train] Loading data …
[DataModule] Reading '/home/abel/biodata/MERFISH_LUNA_small_cortex/MERFISH_mouse_cortex_train.csv' (split=train) with float32 dtype on 254 gene cols + coord cols …
[DataModule] Loaded 158,379 rows for split=train.
[DataModule] Reading '/home/abel/biodata/MERFISH_LUNA_small_cortex/MERFISH_mouse_cortex_test.csv' (split=test) with float32 dtype on 254 gene cols + coord cols …
[DataModule] Loaded 118,036 rows for split=test.
[DataModule] Reading '/home/abel/biodata/MERFISH_LUNA_small_cortex/MERFISH_mouse_cortex_test.csv' (split=validation) with float32 dtype on 254 gene cols + coord cols …
[DataModule] Loaded 118,036 rows for split=validation.
[ct_train] genes=254  classes=23
[ct_train] model predict_cme=True  params=1,149,980
[ct_train] soft CME loaded split=train sigma=96.0 n=158379 C=23
[ct_train] soft CME loaded split=validation sigma=96.0 n=118036 C=23
wandb: [wandb.login()] Loaded credentials for https://api.wandb.ai from /home/abel/.netrc.
wandb: Currently logged in as: abel-salmona (abel-salmona-polytechnique-montr-al) to https://api.wandb.ai. Use `wandb login --relogin` to force relogin
wandb: WARNING Using a boolean value for 'reinit' is deprecated. Use 'return_previous' or 'finish_previous' instead.
wandb: setting up run yeb1mlbz
wandb: Tracking run with wandb version 0.26.1
wandb: Run data is saved locally in /home/abel/code/Tissue-Reassembly-using-GenAI-and-new-metrics/exploration/cell_types/logs/exp027_cme_w2p25/20260807_210147/wandb/run-20260807_210154-yeb1mlbz
wandb: Run `wandb offline` to turn off syncing.
wandb: Syncing run exp027_cme_w2p25
wandb:  View project at https://wandb.ai/abel-salmona-polytechnique-montr-al/cell_types
wandb:  View run at https://wandb.ai/abel-salmona-polytechnique-montr-al/cell_types/runs/yeb1mlbz
wandb: WARNING Saving files without folders. If you want to preserve subdirectories pass base_path to wandb.save, i.e. wandb.save("/mnt/folder/file.h5", base_path="/mnt")
wandb: WARNING Symlinked 1 file into the W&B run directory; call wandb.save again to sync new files.
[ct_train] wandb: project=cell_types name=exp027_cme_w2p25 mode=online url=https://wandb.ai/abel-salmona-polytechnique-montr-al/cell_types/runs/yeb1mlbz
[ct_train] parameters: total=1,149,980 trainable=1,149,980
  [params] mlp_in_node_features: 26,720
  [params] transformer_layers: 633,600
  [params] type_stage1: 19,072
  [params] env_stage1: 93,056
  [params] type_probe: 1,495
  [params] env_probe: 7,383
  [params] fusion_mlp: 247,648
  [params] type_stage2: 20,567
  [params] env_stage2: 100,439
[ct_train] rechunked train graphs (seed=1)

=== Epoch 1/1000 ===
[train] loss=9.1875 cls=2.8593 cme=2.8125 acc=0.1711 cells=158379
[ct_train] rechunked train graphs (seed=2)

=== Epoch 2/1000 ===
[train] loss=8.0767 cls=2.2277 cme=2.5995 acc=0.4419 cells=158379
[val]   loss=7.4133 eval=4.2764 cls=1.7669 cme=2.5095 acc=0.6692 cells=118036
[ct_train] saved best checkpoint (val_eval_loss=4.2764 val_acc=0.6692)
[ct_train] rechunked train graphs (seed=3)

=== Epoch 3/1000 ===
[train] loss=7.2900 cls=1.7327 cme=2.4699 acc=0.6434 cells=158379
[ct_train] rechunked train graphs (seed=4)

=== Epoch 4/1000 ===
[train] loss=6.7549 cls=1.3270 cme=2.4124 acc=0.7484 cells=158379
[val]   loss=6.3662 eval=3.3748 cls=0.9817 cme=2.3931 acc=0.8212 cells=118036
[ct_train] saved best checkpoint (val_eval_loss=3.3748 val_acc=0.8212)
[ct_train] rechunked train graphs (seed=5)

=== Epoch 5/1000 ===
[train] loss=6.4299 cls=1.0759 cme=2.3796 acc=0.8080 cells=158379
[ct_train] rechunked train graphs (seed=6)

=== Epoch 6/1000 ===
[train] loss=6.2047 cls=0.9061 cme=2.3549 acc=0.8510 cells=158379
[val]   loss=5.9563 eval=3.0236 cls=0.6774 cme=2.3462 acc=0.9004 cells=118036
[ct_train] saved best checkpoint (val_eval_loss=3.0236 val_acc=0.9004)
[ct_train] rechunked train graphs (seed=7)

=== Epoch 7/1000 ===
[train] loss=6.0567 cls=0.7917 cme=2.3400 acc=0.8874 cells=158379
[ct_train] rechunked train graphs (seed=8)

=== Epoch 8/1000 ===
[train] loss=5.9567 cls=0.7213 cme=2.3269 acc=0.9110 cells=158379
[val]   loss=5.7800 eval=2.8799 cls=0.5598 cme=2.3201 acc=0.9395 cells=118036
[ct_train] saved best checkpoint (val_eval_loss=2.8799 val_acc=0.9395)
[ct_train] rechunked train graphs (seed=9)

=== Epoch 9/1000 ===
[train] loss=5.8867 cls=0.6751 cme=2.3162 acc=0.9224 cells=158379
[ct_train] rechunked train graphs (seed=10)

=== Epoch 10/1000 ===
[train] loss=5.8341 cls=0.6439 cme=2.3068 acc=0.9310 cells=158379
[val]   loss=5.7011 eval=2.8220 cls=0.5188 cme=2.3032 acc=0.9489 cells=118036
[ct_train] saved best checkpoint (val_eval_loss=2.8220 val_acc=0.9489)
[ct_train] rechunked train graphs (seed=11)

=== Epoch 11/1000 ===
[train] loss=5.7895 cls=0.6204 cme=2.2974 acc=0.9359 cells=158379
[ct_train] rechunked train graphs (seed=12)

=== Epoch 12/1000 ===
[train] loss=5.7618 cls=0.6025 cme=2.2930 acc=0.9409 cells=158379
[val]   loss=5.6599 eval=2.7921 cls=0.4978 cme=2.2942 acc=0.9532 cells=118036
[ct_train] saved best checkpoint (val_eval_loss=2.7921 val_acc=0.9532)
[ct_train] rechunked train graphs (seed=13)

=== Epoch 13/1000 ===
[train] loss=5.7352 cls=0.5912 cme=2.2862 acc=0.9433 cells=158379
[ct_train] rechunked train graphs (seed=14)

=== Epoch 14/1000 ===
[train] loss=5.7065 cls=0.5796 cme=2.2786 acc=0.9459 cells=158379
[val]   loss=5.6260 eval=2.7731 cls=0.4908 cme=2.2823 acc=0.9550 cells=118036
[ct_train] saved best checkpoint (val_eval_loss=2.7731 val_acc=0.9550)
[ct_train] rechunked train graphs (seed=15)

=== Epoch 15/1000 ===
[train] loss=5.6854 cls=0.5714 cme=2.2729 acc=0.9476 cells=158379
[ct_train] rechunked train graphs (seed=16)

=== Epoch 16/1000 ===
[train] loss=5.6697 cls=0.5634 cme=2.2695 acc=0.9497 cells=158379
[val]   loss=5.5985 eval=2.7553 cls=0.4806 cme=2.2746 acc=0.9585 cells=118036
[ct_train] saved best checkpoint (val_eval_loss=2.7553 val_acc=0.9585)
[ct_train] rechunked train graphs (seed=17)

=== Epoch 17/1000 ===
[train] loss=5.6590 cls=0.5572 cme=2.2675 acc=0.9510 cells=158379
[ct_train] rechunked train graphs (seed=18)

=== Epoch 18/1000 ===
[train] loss=5.6431 cls=0.5507 cme=2.2633 acc=0.9528 cells=158379
[val]   loss=5.5811 eval=2.7437 cls=0.4738 cme=2.2699 acc=0.9599 cells=118036
[ct_train] saved best checkpoint (val_eval_loss=2.7437 val_acc=0.9599)
[ct_train] rechunked train graphs (seed=19)

=== Epoch 19/1000 ===
[train] loss=5.6301 cls=0.5455 cme=2.2598 acc=0.9538 cells=158379
[ct_train] rechunked train graphs (seed=20)

=== Epoch 20/1000 ===
[train] loss=5.6178 cls=0.5418 cme=2.2560 acc=0.9552 cells=158379
[val]   loss=5.5603 eval=2.7312 cls=0.4679 cme=2.2633 acc=0.9619 cells=118036
[ct_train] saved best checkpoint (val_eval_loss=2.7312 val_acc=0.9619)
[ct_train] rechunked train graphs (seed=21)

=== Epoch 21/1000 ===
[train] loss=5.6142 cls=0.5378 cme=2.2561 acc=0.9558 cells=158379
[ct_train] rechunked train graphs (seed=22)

=== Epoch 22/1000 ===
[train] loss=5.6012 cls=0.5350 cme=2.2517 acc=0.9563 cells=158379
[val]   loss=5.5471 eval=2.7229 cls=0.4636 cme=2.2593 acc=0.9632 cells=118036
[ct_train] saved best checkpoint (val_eval_loss=2.7229 val_acc=0.9632)
[ct_train] rechunked train graphs (seed=23)

=== Epoch 23/1000 ===
[train] loss=5.5947 cls=0.5307 cme=2.2507 acc=0.9572 cells=158379
[ct_train] rechunked train graphs (seed=24)

=== Epoch 24/1000 ===
[train] loss=5.5861 cls=0.5262 cme=2.2489 acc=0.9585 cells=158379
[val]   loss=5.5390 eval=2.7193 cls=0.4635 cme=2.2558 acc=0.9631 cells=118036
[ct_train] saved best checkpoint (val_eval_loss=2.7193 val_acc=0.9632)
[ct_train] rechunked train graphs (seed=25)

=== Epoch 25/1000 ===
[train] loss=5.5761 cls=0.5240 cme=2.2454 acc=0.9587 cells=158379
[ct_train] rechunked train graphs (seed=26)

=== Epoch 26/1000 ===
[train] loss=5.5662 cls=0.5203 cme=2.2426 acc=0.9600 cells=158379
[val]   loss=5.5236 eval=2.7088 cls=0.4570 cme=2.2518 acc=0.9646 cells=118036
[ct_train] saved best checkpoint (val_eval_loss=2.7088 val_acc=0.9646)
[ct_train] rechunked train graphs (seed=27)

=== Epoch 27/1000 ===
[train] loss=5.5591 cls=0.5180 cme=2.2405 acc=0.9606 cells=158379
[ct_train] rechunked train graphs (seed=28)

=== Epoch 28/1000 ===
[train] loss=5.5511 cls=0.5137 cme=2.2388 acc=0.9612 cells=158379
[val]   loss=5.5109 eval=2.7013 cls=0.4537 cme=2.2477 acc=0.9660 cells=118036
[ct_train] saved best checkpoint (val_eval_loss=2.7013 val_acc=0.9660)
[ct_train] rechunked train graphs (seed=29)

=== Epoch 29/1000 ===
[train] loss=5.5461 cls=0.5121 cme=2.2373 acc=0.9619 cells=158379
[ct_train] rechunked train graphs (seed=30)

=== Epoch 30/1000 ===
[train] loss=5.5396 cls=0.5087 cme=2.2360 acc=0.9630 cells=158379
[val]   loss=5.5105 eval=2.7004 cls=0.4524 cme=2.2480 acc=0.9663 cells=118036
[ct_train] saved best checkpoint (val_eval_loss=2.7004 val_acc=0.9663)
[ct_train] rechunked train graphs (seed=31)

=== Epoch 31/1000 ===
[train] loss=5.5343 cls=0.5073 cme=2.2342 acc=0.9632 cells=158379
[ct_train] rechunked train graphs (seed=32)

=== Epoch 32/1000 ===
[train] loss=5.5287 cls=0.5050 cme=2.2328 acc=0.9637 cells=158379
[val]   loss=5.5005 eval=2.6947 cls=0.4500 cme=2.2446 acc=0.9668 cells=118036
[ct_train] saved best checkpoint (val_eval_loss=2.6947 val_acc=0.9668)
[ct_train] rechunked train graphs (seed=33)

=== Epoch 33/1000 ===
[train] loss=5.5250 cls=0.5036 cme=2.2317 acc=0.9633 cells=158379
[ct_train] rechunked train graphs (seed=34)

=== Epoch 34/1000 ===
[train] loss=5.5203 cls=0.5018 cme=2.2304 acc=0.9641 cells=158379
[val]   loss=5.4998 eval=2.6942 cls=0.4498 cme=2.2444 acc=0.9672 cells=118036
[ct_train] saved best checkpoint (val_eval_loss=2.6942 val_acc=0.9672)
[ct_train] rechunked train graphs (seed=35)

=== Epoch 35/1000 ===
[train] loss=5.5191 cls=0.5003 cme=2.2306 acc=0.9642 cells=158379
[ct_train] rechunked train graphs (seed=36)

=== Epoch 36/1000 ===
[train] loss=5.5115 cls=0.4991 cme=2.2277 acc=0.9648 cells=158379
[val]   loss=5.4890 eval=2.6875 cls=0.4464 cme=2.2412 acc=0.9679 cells=118036
[ct_train] saved best checkpoint (val_eval_loss=2.6875 val_acc=0.9679)
[ct_train] rechunked train graphs (seed=37)

=== Epoch 37/1000 ===
[train] loss=5.5092 cls=0.4977 cme=2.2273 acc=0.9649 cells=158379
[ct_train] rechunked train graphs (seed=38)

=== Epoch 38/1000 ===
[train] loss=5.5000 cls=0.4963 cme=2.2239 acc=0.9652 cells=158379
[val]   loss=5.4868 eval=2.6864 cls=0.4461 cme=2.2403 acc=0.9682 cells=118036
[ct_train] saved best checkpoint (val_eval_loss=2.6864 val_acc=0.9682)
[ct_train] rechunked train graphs (seed=39)

=== Epoch 39/1000 ===
[train] loss=5.5019 cls=0.4952 cme=2.2252 acc=0.9660 cells=158379
[ct_train] rechunked train graphs (seed=40)

=== Epoch 40/1000 ===
[train] loss=5.4995 cls=0.4943 cme=2.2245 acc=0.9658 cells=158379
[val]   loss=5.4855 eval=2.6845 cls=0.4438 cme=2.2408 acc=0.9683 cells=118036
[ct_train] saved best checkpoint (val_eval_loss=2.6845 val_acc=0.9683)
[ct_train] rechunked train graphs (seed=41)

=== Epoch 41/1000 ===
[train] loss=5.4931 cls=0.4927 cme=2.2224 acc=0.9667 cells=158379
[ct_train] rechunked train graphs (seed=42)

=== Epoch 42/1000 ===
[train] loss=5.4943 cls=0.4908 cme=2.2238 acc=0.9671 cells=158379
[val]   loss=5.4772 eval=2.6805 cls=0.4432 cme=2.2374 acc=0.9684 cells=118036
[ct_train] saved best checkpoint (val_eval_loss=2.6805 val_acc=0.9684)
[ct_train] rechunked train graphs (seed=43)

=== Epoch 43/1000 ===
[train] loss=5.4827 cls=0.4891 cme=2.2194 acc=0.9674 cells=158379
[ct_train] rechunked train graphs (seed=44)

=== Epoch 44/1000 ===
[train] loss=5.4809 cls=0.4880 cme=2.2191 acc=0.9679 cells=158379
[val]   loss=5.4747 eval=2.6786 cls=0.4417 cme=2.2369 acc=0.9692 cells=118036
[ct_train] saved best checkpoint (val_eval_loss=2.6786 val_acc=0.9692)
[ct_train] rechunked train graphs (seed=45)

=== Epoch 45/1000 ===
[train] loss=5.4748 cls=0.4874 cme=2.2166 acc=0.9675 cells=158379
[ct_train] rechunked train graphs (seed=46)

=== Epoch 46/1000 ===
[train] loss=5.4734 cls=0.4860 cme=2.2166 acc=0.9679 cells=158379
[val]   loss=5.4666 eval=2.6747 cls=0.4412 cme=2.2335 acc=0.9693 cells=118036
[ct_train] saved best checkpoint (val_eval_loss=2.6747 val_acc=0.9693)
[ct_train] rechunked train graphs (seed=47)

=== Epoch 47/1000 ===
[train] loss=5.4731 cls=0.4844 cme=2.2172 acc=0.9687 cells=158379
[ct_train] rechunked train graphs (seed=48)

=== Epoch 48/1000 ===
[train] loss=5.4616 cls=0.4825 cme=2.2129 acc=0.9689 cells=158379
[val]   loss=5.4668 eval=2.6740 cls=0.4398 cme=2.2342 acc=0.9697 cells=118036
[ct_train] saved best checkpoint (val_eval_loss=2.6740 val_acc=0.9697)
[ct_train] rechunked train graphs (seed=49)

=== Epoch 49/1000 ===
[train] loss=5.4644 cls=0.4815 cme=2.2146 acc=0.9691 cells=158379
[ct_train] rechunked train graphs (seed=50)

=== Epoch 50/1000 ===
[train] loss=5.4658 cls=0.4811 cme=2.2154 acc=0.9685 cells=158379
[val]   loss=5.4623 eval=2.6713 cls=0.4384 cme=2.2329 acc=0.9700 cells=118036
[ct_train] saved best checkpoint (val_eval_loss=2.6713 val_acc=0.9700)
[ct_train] rechunked train graphs (seed=51)

=== Epoch 51/1000 ===
[train] loss=5.4580 cls=0.4798 cme=2.2125 acc=0.9696 cells=158379
[ct_train] rechunked train graphs (seed=52)

=== Epoch 52/1000 ===
[train] loss=5.4541 cls=0.4792 cme=2.2111 acc=0.9698 cells=158379
[val]   loss=5.4573 eval=2.6681 cls=0.4368 cme=2.2313 acc=0.9705 cells=118036
[ct_train] saved best checkpoint (val_eval_loss=2.6681 val_acc=0.9705)
[ct_train] rechunked train graphs (seed=53)

=== Epoch 53/1000 ===
[train] loss=5.4509 cls=0.4781 cme=2.2101 acc=0.9695 cells=158379
[ct_train] rechunked train graphs (seed=54)

=== Epoch 54/1000 ===
[train] loss=5.4497 cls=0.4776 cme=2.2098 acc=0.9701 cells=158379
[val]   loss=5.4574 eval=2.6685 cls=0.4374 cme=2.2311 acc=0.9704 cells=118036
[ct_train] early_stopping: no improve on val/eval_loss for 1/30 val checks
[ct_train] rechunked train graphs (seed=55)

=== Epoch 55/1000 ===
[train] loss=5.4442 cls=0.4761 cme=2.2080 acc=0.9702 cells=158379
[ct_train] rechunked train graphs (seed=56)

=== Epoch 56/1000 ===
[train] loss=5.4439 cls=0.4759 cme=2.2080 acc=0.9703 cells=158379
[val]   loss=5.4526 eval=2.6649 cls=0.4347 cme=2.2302 acc=0.9710 cells=118036
[ct_train] saved best checkpoint (val_eval_loss=2.6649 val_acc=0.9710)
[ct_train] rechunked train graphs (seed=57)

=== Epoch 57/1000 ===
[train] loss=5.4393 cls=0.4734 cme=2.2071 acc=0.9710 cells=158379
[ct_train] rechunked train graphs (seed=58)

=== Epoch 58/1000 ===
[train] loss=5.4375 cls=0.4733 cme=2.2063 acc=0.9711 cells=158379
[val]   loss=5.4524 eval=2.6640 cls=0.4333 cme=2.2307 acc=0.9716 cells=118036
[ct_train] saved best checkpoint (val_eval_loss=2.6640 val_acc=0.9716)
[ct_train] rechunked train graphs (seed=59)

=== Epoch 59/1000 ===
[train] loss=5.4337 cls=0.4720 cme=2.2052 acc=0.9713 cells=158379
[ct_train] rechunked train graphs (seed=60)

=== Epoch 60/1000 ===
[train] loss=5.4330 cls=0.4707 cme=2.2054 acc=0.9717 cells=158379
[val]   loss=5.4487 eval=2.6615 cls=0.4318 cme=2.2298 acc=0.9716 cells=118036
[ct_train] saved best checkpoint (val_eval_loss=2.6615 val_acc=0.9716)
[ct_train] rechunked train graphs (seed=61)

=== Epoch 61/1000 ===
[train] loss=5.4241 cls=0.4699 cme=2.2019 acc=0.9716 cells=158379
[ct_train] rechunked train graphs (seed=62)

=== Epoch 62/1000 ===
[train] loss=5.4314 cls=0.4696 cme=2.2052 acc=0.9719 cells=158379
[val]   loss=5.4447 eval=2.6602 cls=0.4326 cme=2.2276 acc=0.9713 cells=118036
[ct_train] saved best checkpoint (val_eval_loss=2.6602 val_acc=0.9716)
[ct_train] rechunked train graphs (seed=63)

=== Epoch 63/1000 ===
[train] loss=5.4276 cls=0.4691 cme=2.2038 acc=0.9721 cells=158379
[ct_train] rechunked train graphs (seed=64)

=== Epoch 64/1000 ===
[train] loss=5.4224 cls=0.4680 cme=2.2020 acc=0.9723 cells=158379
[val]   loss=5.4424 eval=2.6582 cls=0.4309 cme=2.2274 acc=0.9715 cells=118036
[ct_train] saved best checkpoint (val_eval_loss=2.6582 val_acc=0.9716)
[ct_train] rechunked train graphs (seed=65)

=== Epoch 65/1000 ===
[train] loss=5.4201 cls=0.4673 cme=2.2013 acc=0.9726 cells=158379
[ct_train] rechunked train graphs (seed=66)

=== Epoch 66/1000 ===
[train] loss=5.4188 cls=0.4663 cme=2.2011 acc=0.9724 cells=158379
[val]   loss=5.4424 eval=2.6583 cls=0.4311 cme=2.2272 acc=0.9720 cells=118036
[ct_train] early_stopping: no improve on val/eval_loss for 1/30 val checks
[ct_train] rechunked train graphs (seed=67)

=== Epoch 67/1000 ===
[train] loss=5.4175 cls=0.4666 cme=2.2004 acc=0.9726 cells=158379
[ct_train] rechunked train graphs (seed=68)

=== Epoch 68/1000 ===
[train] loss=5.4172 cls=0.4647 cme=2.2011 acc=0.9732 cells=158379
[val]   loss=5.4430 eval=2.6575 cls=0.4292 cme=2.2283 acc=0.9722 cells=118036
[ct_train] saved best checkpoint (val_eval_loss=2.6575 val_acc=0.9722)
[ct_train] rechunked train graphs (seed=69)

=== Epoch 69/1000 ===
[train] loss=5.4108 cls=0.4632 cme=2.1989 acc=0.9734 cells=158379
[ct_train] rechunked train graphs (seed=70)

=== Epoch 70/1000 ===
[train] loss=5.4089 cls=0.4639 cme=2.1978 acc=0.9736 cells=158379
[val]   loss=5.4370 eval=2.6552 cls=0.4298 cme=2.2254 acc=0.9725 cells=118036
[ct_train] saved best checkpoint (val_eval_loss=2.6552 val_acc=0.9725)
[ct_train] rechunked train graphs (seed=71)

=== Epoch 71/1000 ===
[train] loss=5.4079 cls=0.4625 cme=2.1979 acc=0.9735 cells=158379
[ct_train] rechunked train graphs (seed=72)

=== Epoch 72/1000 ===
[train] loss=5.4054 cls=0.4626 cme=2.1968 acc=0.9734 cells=158379
[val]   loss=5.4381 eval=2.6559 cls=0.4302 cme=2.2258 acc=0.9722 cells=118036
[ct_train] early_stopping: no improve on val/eval_loss for 1/30 val checks
[ct_train] rechunked train graphs (seed=73)

=== Epoch 73/1000 ===
[train] loss=5.4033 cls=0.4622 cme=2.1961 acc=0.9740 cells=158379
[ct_train] rechunked train graphs (seed=74)

=== Epoch 74/1000 ===
[train] loss=5.4070 cls=0.4609 cme=2.1983 acc=0.9742 cells=158379
[val]   loss=5.4473 eval=2.6594 cls=0.4290 cme=2.2304 acc=0.9725 cells=118036
[ct_train] early_stopping: no improve on val/eval_loss for 2/30 val checks
[ct_train] rechunked train graphs (seed=75)

=== Epoch 75/1000 ===
[train] loss=5.4054 cls=0.4596 cme=2.1981 acc=0.9744 cells=158379
[ct_train] rechunked train graphs (seed=76)

=== Epoch 76/1000 ===
[train] loss=5.3993 cls=0.4595 cme=2.1955 acc=0.9745 cells=158379
[val]   loss=5.4345 eval=2.6533 cls=0.4282 cme=2.2250 acc=0.9723 cells=118036
[ct_train] saved best checkpoint (val_eval_loss=2.6533 val_acc=0.9725)
[ct_train] rechunked train graphs (seed=77)

=== Epoch 77/1000 ===
[train] loss=5.3990 cls=0.4602 cme=2.1950 acc=0.9740 cells=158379
[ct_train] rechunked train graphs (seed=78)

=== Epoch 78/1000 ===
[train] loss=5.3962 cls=0.4592 cme=2.1942 acc=0.9744 cells=158379
[val]   loss=5.4458 eval=2.6578 cls=0.4275 cme=2.2304 acc=0.9731 cells=118036
[ct_train] early_stopping: no improve on val/eval_loss for 1/30 val checks
[ct_train] rechunked train graphs (seed=79)

=== Epoch 79/1000 ===
[train] loss=5.3994 cls=0.4593 cme=2.1956 acc=0.9749 cells=158379
[ct_train] rechunked train graphs (seed=80)

=== Epoch 80/1000 ===
[train] loss=5.3884 cls=0.4586 cme=2.1910 acc=0.9748 cells=158379
[val]   loss=5.4294 eval=2.6511 cls=0.4284 cme=2.2226 acc=0.9726 cells=118036
[ct_train] saved best checkpoint (val_eval_loss=2.6511 val_acc=0.9731)
[ct_train] rechunked train graphs (seed=81)

=== Epoch 81/1000 ===
[train] loss=5.3920 cls=0.4578 cme=2.1930 acc=0.9748 cells=158379
[ct_train] rechunked train graphs (seed=82)

=== Epoch 82/1000 ===
[train] loss=5.3967 cls=0.4573 cme=2.1953 acc=0.9750 cells=158379
[val]   loss=5.4315 eval=2.6504 cls=0.4255 cme=2.2249 acc=0.9732 cells=118036
[ct_train] saved best checkpoint (val_eval_loss=2.6504 val_acc=0.9732)
[ct_train] rechunked train graphs (seed=83)

=== Epoch 83/1000 ===
[train] loss=5.3929 cls=0.4573 cme=2.1936 acc=0.9749 cells=158379
[ct_train] rechunked train graphs (seed=84)

=== Epoch 84/1000 ===
[train] loss=5.3915 cls=0.4569 cme=2.1931 acc=0.9748 cells=158379
[val]   loss=5.4265 eval=2.6493 cls=0.4276 cme=2.2217 acc=0.9729 cells=118036
[ct_train] saved best checkpoint (val_eval_loss=2.6493 val_acc=0.9732)
[ct_train] rechunked train graphs (seed=85)

=== Epoch 85/1000 ===
[train] loss=5.3955 cls=0.4553 cme=2.1957 acc=0.9753 cells=158379
[ct_train] rechunked train graphs (seed=86)

=== Epoch 86/1000 ===
[train] loss=5.3848 cls=0.4549 cme=2.1911 acc=0.9755 cells=158379
[val]   loss=5.4359 eval=2.6528 cls=0.4263 cme=2.2265 acc=0.9727 cells=118036
[ct_train] early_stopping: no improve on val/eval_loss for 1/30 val checks
[ct_train] rechunked train graphs (seed=87)

=== Epoch 87/1000 ===
[train] loss=5.3932 cls=0.4546 cme=2.1949 acc=0.9755 cells=158379
[ct_train] rechunked train graphs (seed=88)

=== Epoch 88/1000 ===
[train] loss=5.3841 cls=0.4544 cme=2.1910 acc=0.9757 cells=158379
[val]   loss=5.4316 eval=2.6506 cls=0.4258 cme=2.2248 acc=0.9733 cells=118036
[ct_train] early_stopping: no improve on val/eval_loss for 2/30 val checks
[ct_train] rechunked train graphs (seed=89)

=== Epoch 89/1000 ===
[train] loss=5.3848 cls=0.4544 cme=2.1913 acc=0.9757 cells=158379
[ct_train] rechunked train graphs (seed=90)

=== Epoch 90/1000 ===
[train] loss=5.3789 cls=0.4535 cme=2.1891 acc=0.9760 cells=158379
[val]   loss=5.4239 eval=2.6466 cls=0.4246 cme=2.2219 acc=0.9735 cells=118036
[ct_train] saved best checkpoint (val_eval_loss=2.6466 val_acc=0.9735)
[ct_train] rechunked train graphs (seed=91)

=== Epoch 91/1000 ===
[train] loss=5.3791 cls=0.4536 cme=2.1891 acc=0.9761 cells=158379
[ct_train] rechunked train graphs (seed=92)

=== Epoch 92/1000 ===
[train] loss=5.3793 cls=0.4538 cme=2.1892 acc=0.9759 cells=158379
[val]   loss=5.4269 eval=2.6490 cls=0.4267 cme=2.2223 acc=0.9732 cells=118036
[ct_train] early_stopping: no improve on val/eval_loss for 1/30 val checks
[ct_train] rechunked train graphs (seed=93)

=== Epoch 93/1000 ===
[train] loss=5.3753 cls=0.4521 cme=2.1881 acc=0.9764 cells=158379
[ct_train] rechunked train graphs (seed=94)

=== Epoch 94/1000 ===
[train] loss=5.3766 cls=0.4530 cme=2.1883 acc=0.9761 cells=158379
[val]   loss=5.4230 eval=2.6461 cls=0.4247 cme=2.2215 acc=0.9731 cells=118036
[ct_train] saved best checkpoint (val_eval_loss=2.6461 val_acc=0.9735)
[ct_train] rechunked train graphs (seed=95)

=== Epoch 95/1000 ===
[train] loss=5.3732 cls=0.4512 cme=2.1876 acc=0.9765 cells=158379
[ct_train] rechunked train graphs (seed=96)

=== Epoch 96/1000 ===
[train] loss=5.3712 cls=0.4517 cme=2.1865 acc=0.9762 cells=158379
[val]   loss=5.4249 eval=2.6462 cls=0.4232 cme=2.2230 acc=0.9737 cells=118036
[ct_train] early_stopping: no improve on val/eval_loss for 1/30 val checks
[ct_train] rechunked train graphs (seed=97)

=== Epoch 97/1000 ===
[train] loss=5.3743 cls=0.4508 cme=2.1882 acc=0.9767 cells=158379
[ct_train] rechunked train graphs (seed=98)

=== Epoch 98/1000 ===
[train] loss=5.3701 cls=0.4497 cme=2.1868 acc=0.9769 cells=158379
[val]   loss=5.4185 eval=2.6435 cls=0.4234 cme=2.2200 acc=0.9739 cells=118036
[ct_train] saved best checkpoint (val_eval_loss=2.6435 val_acc=0.9739)
[ct_train] rechunked train graphs (seed=99)

=== Epoch 99/1000 ===
[train] loss=5.3675 cls=0.4502 cme=2.1855 acc=0.9768 cells=158379
[ct_train] rechunked train graphs (seed=100)

=== Epoch 100/1000 ===
[train] loss=5.3696 cls=0.4505 cme=2.1863 acc=0.9765 cells=158379
[val]   loss=5.4254 eval=2.6467 cls=0.4237 cme=2.2230 acc=0.9740 cells=118036
[ct_train] early_stopping: no improve on val/eval_loss for 1/30 val checks
[ct_train] rechunked train graphs (seed=101)

=== Epoch 101/1000 ===
[train] loss=5.3740 cls=0.4504 cme=2.1883 acc=0.9765 cells=158379
[ct_train] rechunked train graphs (seed=102)

=== Epoch 102/1000 ===
[train] loss=5.3698 cls=0.4496 cme=2.1868 acc=0.9770 cells=158379
[val]   loss=5.4210 eval=2.6456 cls=0.4254 cme=2.2203 acc=0.9729 cells=118036
[ct_train] early_stopping: no improve on val/eval_loss for 2/30 val checks
[ct_train] rechunked train graphs (seed=103)

=== Epoch 103/1000 ===
[train] loss=5.3655 cls=0.4496 cme=2.1848 acc=0.9767 cells=158379
[ct_train] rechunked train graphs (seed=104)

=== Epoch 104/1000 ===
[train] loss=5.3659 cls=0.4488 cme=2.1853 acc=0.9771 cells=158379
[val]   loss=5.4289 eval=2.6484 cls=0.4240 cme=2.2244 acc=0.9735 cells=118036
[ct_train] early_stopping: no improve on val/eval_loss for 3/30 val checks
[ct_train] rechunked train graphs (seed=105)

=== Epoch 105/1000 ===
[train] loss=5.3632 cls=0.4480 cme=2.1846 acc=0.9772 cells=158379
[ct_train] rechunked train graphs (seed=106)

=== Epoch 106/1000 ===
[train] loss=5.3643 cls=0.4475 cme=2.1852 acc=0.9773 cells=158379
[val]   loss=5.4253 eval=2.6465 cls=0.4234 cme=2.2231 acc=0.9736 cells=118036
[ct_train] early_stopping: no improve on val/eval_loss for 4/30 val checks
[ct_train] rechunked train graphs (seed=107)

=== Epoch 107/1000 ===
[train] loss=5.3623 cls=0.4472 cme=2.1845 acc=0.9774 cells=158379
[ct_train] rechunked train graphs (seed=108)

=== Epoch 108/1000 ===
[train] loss=5.3540 cls=0.4475 cme=2.1807 acc=0.9773 cells=158379
[val]   loss=5.4165 eval=2.6423 cls=0.4229 cme=2.2194 acc=0.9738 cells=118036
[ct_train] saved best checkpoint (val_eval_loss=2.6423 val_acc=0.9740)
[ct_train] rechunked train graphs (seed=109)

=== Epoch 109/1000 ===
[train] loss=5.3550 cls=0.4475 cme=2.1811 acc=0.9774 cells=158379
[ct_train] rechunked train graphs (seed=110)

=== Epoch 110/1000 ===
[train] loss=5.3530 cls=0.4460 cme=2.1809 acc=0.9777 cells=158379
[val]   loss=5.4156 eval=2.6413 cls=0.4219 cme=2.2194 acc=0.9742 cells=118036
[ct_train] saved best checkpoint (val_eval_loss=2.6413 val_acc=0.9742)
[ct_train] rechunked train graphs (seed=111)

=== Epoch 111/1000 ===
[train] loss=5.3547 cls=0.4460 cme=2.1816 acc=0.9777 cells=158379
[ct_train] rechunked train graphs (seed=112)

=== Epoch 112/1000 ===
[train] loss=5.3582 cls=0.4459 cme=2.1833 acc=0.9778 cells=158379
[val]   loss=5.4141 eval=2.6408 cls=0.4222 cme=2.2186 acc=0.9744 cells=118036
[ct_train] saved best checkpoint (val_eval_loss=2.6408 val_acc=0.9744)
[ct_train] rechunked train graphs (seed=113)

=== Epoch 113/1000 ===
[train] loss=5.3519 cls=0.4457 cme=2.1805 acc=0.9774 cells=158379
[ct_train] rechunked train graphs (seed=114)

=== Epoch 114/1000 ===
[train] loss=5.3578 cls=0.4452 cme=2.1834 acc=0.9779 cells=158379
[val]   loss=5.4140 eval=2.6402 cls=0.4211 cme=2.2191 acc=0.9748 cells=118036
[ct_train] saved best checkpoint (val_eval_loss=2.6402 val_acc=0.9748)
[ct_train] rechunked train graphs (seed=115)

=== Epoch 115/1000 ===
[train] loss=5.3522 cls=0.4443 cme=2.1813 acc=0.9784 cells=158379
[ct_train] rechunked train graphs (seed=116)

=== Epoch 116/1000 ===
[train] loss=5.3374 cls=0.4439 cme=2.1749 acc=0.9785 cells=158379
[val]   loss=5.4219 eval=2.6443 cls=0.4223 cme=2.2220 acc=0.9741 cells=118036
[ct_train] early_stopping: no improve on val/eval_loss for 1/30 val checks
[ct_train] rechunked train graphs (seed=117)

=== Epoch 117/1000 ===
[train] loss=5.3493 cls=0.4437 cme=2.1803 acc=0.9783 cells=158379
[ct_train] rechunked train graphs (seed=118)

=== Epoch 118/1000 ===
[train] loss=5.3492 cls=0.4436 cme=2.1803 acc=0.9783 cells=158379
[val]   loss=5.4162 eval=2.6410 cls=0.4208 cme=2.2202 acc=0.9747 cells=118036
[ct_train] early_stopping: no improve on val/eval_loss for 2/30 val checks
[ct_train] rechunked train graphs (seed=119)

=== Epoch 119/1000 ===
[train] loss=5.3435 cls=0.4429 cme=2.1780 acc=0.9786 cells=158379
[ct_train] rechunked train graphs (seed=120)

=== Epoch 120/1000 ===
[train] loss=5.3456 cls=0.4432 cme=2.1788 acc=0.9783 cells=158379
[val]   loss=5.4127 eval=2.6399 cls=0.4216 cme=2.2183 acc=0.9744 cells=118036
[ct_train] saved best checkpoint (val_eval_loss=2.6399 val_acc=0.9748)
[ct_train] rechunked train graphs (seed=121)

=== Epoch 121/1000 ===
[train] loss=5.3421 cls=0.4426 cme=2.1775 acc=0.9788 cells=158379
[ct_train] rechunked train graphs (seed=122)

=== Epoch 122/1000 ===
[train] loss=5.3395 cls=0.4418 cme=2.1768 acc=0.9789 cells=158379
[val]   loss=5.4154 eval=2.6408 cls=0.4212 cme=2.2196 acc=0.9746 cells=118036
[ct_train] early_stopping: no improve on val/eval_loss for 1/30 val checks
[ct_train] rechunked train graphs (seed=123)

=== Epoch 123/1000 ===
[train] loss=5.3422 cls=0.4419 cme=2.1779 acc=0.9788 cells=158379
[ct_train] rechunked train graphs (seed=124)

=== Epoch 124/1000 ===
[train] loss=5.3412 cls=0.4409 cme=2.1779 acc=0.9788 cells=158379
[val]   loss=5.4145 eval=2.6405 cls=0.4212 cme=2.2193 acc=0.9746 cells=118036
[ct_train] early_stopping: no improve on val/eval_loss for 2/30 val checks
[ct_train] rechunked train graphs (seed=125)

=== Epoch 125/1000 ===
[train] loss=5.3350 cls=0.4410 cme=2.1751 acc=0.9787 cells=158379
[ct_train] rechunked train graphs (seed=126)

=== Epoch 126/1000 ===
[train] loss=5.3421 cls=0.4412 cme=2.1782 acc=0.9789 cells=158379
[val]   loss=5.4134 eval=2.6402 cls=0.4216 cme=2.2186 acc=0.9742 cells=118036
[ct_train] early_stopping: no improve on val/eval_loss for 3/30 val checks
[ct_train] rechunked train graphs (seed=127)

=== Epoch 127/1000 ===
[train] loss=5.3349 cls=0.4395 cme=2.1758 acc=0.9793 cells=158379
[ct_train] rechunked train graphs (seed=128)

=== Epoch 128/1000 ===
[train] loss=5.3353 cls=0.4404 cme=2.1755 acc=0.9792 cells=158379
[val]   loss=5.4144 eval=2.6405 cls=0.4215 cme=2.2191 acc=0.9742 cells=118036
[ct_train] early_stopping: no improve on val/eval_loss for 4/30 val checks
[ct_train] rechunked train graphs (seed=129)

=== Epoch 129/1000 ===
[train] loss=5.3359 cls=0.4392 cme=2.1763 acc=0.9792 cells=158379
[ct_train] rechunked train graphs (seed=130)

=== Epoch 130/1000 ===
[train] loss=5.3353 cls=0.4390 cme=2.1761 acc=0.9796 cells=158379
[val]   loss=5.4111 eval=2.6380 cls=0.4195 cme=2.2185 acc=0.9750 cells=118036
[ct_train] saved best checkpoint (val_eval_loss=2.6380 val_acc=0.9750)
[ct_train] rechunked train graphs (seed=131)

=== Epoch 131/1000 ===
[train] loss=5.3334 cls=0.4388 cme=2.1754 acc=0.9795 cells=158379
[ct_train] rechunked train graphs (seed=132)

=== Epoch 132/1000 ===
[train] loss=5.3343 cls=0.4387 cme=2.1759 acc=0.9799 cells=158379
[val]   loss=5.4115 eval=2.6386 cls=0.4204 cme=2.2183 acc=0.9748 cells=118036
[ct_train] early_stopping: no improve on val/eval_loss for 1/30 val checks
[ct_train] rechunked train graphs (seed=133)

=== Epoch 133/1000 ===
[train] loss=5.3269 cls=0.4373 cme=2.1731 acc=0.9803 cells=158379
[ct_train] rechunked train graphs (seed=134)

=== Epoch 134/1000 ===
[train] loss=5.3307 cls=0.4383 cme=2.1744 acc=0.9798 cells=158379
[val]   loss=5.4134 eval=2.6393 cls=0.4200 cme=2.2193 acc=0.9747 cells=118036
[ct_train] early_stopping: no improve on val/eval_loss for 2/30 val checks
[ct_train] rechunked train graphs (seed=135)

=== Epoch 135/1000 ===
[train] loss=5.3281 cls=0.4376 cme=2.1735 acc=0.9798 cells=158379
[ct_train] rechunked train graphs (seed=136)

=== Epoch 136/1000 ===
[train] loss=5.3272 cls=0.4373 cme=2.1733 acc=0.9797 cells=158379
[val]   loss=5.4095 eval=2.6375 cls=0.4198 cme=2.2177 acc=0.9750 cells=118036
[ct_train] saved best checkpoint (val_eval_loss=2.6375 val_acc=0.9750)
[ct_train] rechunked train graphs (seed=137)

=== Epoch 137/1000 ===
[train] loss=5.3244 cls=0.4367 cme=2.1723 acc=0.9799 cells=158379
[ct_train] rechunked train graphs (seed=138)

=== Epoch 138/1000 ===
[train] loss=5.3256 cls=0.4374 cme=2.1725 acc=0.9801 cells=158379
[val]   loss=5.4091 eval=2.6373 cls=0.4199 cme=2.2174 acc=0.9749 cells=118036
[ct_train] saved best checkpoint (val_eval_loss=2.6373 val_acc=0.9750)
[ct_train] early_stopping: no improve on val/eval_loss for 1/30 val checks
[ct_train] rechunked train graphs (seed=139)

=== Epoch 139/1000 ===
[train] loss=5.3214 cls=0.4361 cme=2.1713 acc=0.9802 cells=158379
[ct_train] rechunked train graphs (seed=140)

=== Epoch 140/1000 ===
[train] loss=5.3265 cls=0.4360 cme=2.1736 acc=0.9803 cells=158379
[val]   loss=5.4088 eval=2.6369 cls=0.4194 cme=2.2175 acc=0.9749 cells=118036
[ct_train] saved best checkpoint (val_eval_loss=2.6369 val_acc=0.9750)
[ct_train] rechunked train graphs (seed=141)

=== Epoch 141/1000 ===
[train] loss=5.3238 cls=0.4355 cme=2.1726 acc=0.9805 cells=158379
[ct_train] rechunked train graphs (seed=142)

=== Epoch 142/1000 ===
[train] loss=5.3223 cls=0.4361 cme=2.1716 acc=0.9800 cells=158379
[val]   loss=5.4133 eval=2.6394 cls=0.4204 cme=2.2191 acc=0.9747 cells=118036
[ct_train] early_stopping: no improve on val/eval_loss for 1/30 val checks
[ct_train] rechunked train graphs (seed=143)

=== Epoch 143/1000 ===
[train] loss=5.3157 cls=0.4349 cme=2.1693 acc=0.9805 cells=158379
[ct_train] rechunked train graphs (seed=144)

=== Epoch 144/1000 ===
[train] loss=5.3239 cls=0.4350 cme=2.1729 acc=0.9803 cells=158379
[val]   loss=5.4077 eval=2.6365 cls=0.4196 cme=2.2169 acc=0.9752 cells=118036
[ct_train] saved best checkpoint (val_eval_loss=2.6365 val_acc=0.9752)
[ct_train] rechunked train graphs (seed=145)

=== Epoch 145/1000 ===
[train] loss=5.3181 cls=0.4349 cme=2.1703 acc=0.9805 cells=158379
[ct_train] rechunked train graphs (seed=146)

=== Epoch 146/1000 ===
[train] loss=5.3210 cls=0.4352 cme=2.1715 acc=0.9807 cells=158379
[val]   loss=5.4074 eval=2.6362 cls=0.4193 cme=2.2170 acc=0.9748 cells=118036
[ct_train] saved best checkpoint (val_eval_loss=2.6362 val_acc=0.9752)
[ct_train] rechunked train graphs (seed=147)

=== Epoch 147/1000 ===
[train] loss=5.3239 cls=0.4346 cme=2.1730 acc=0.9804 cells=158379
[ct_train] rechunked train graphs (seed=148)

=== Epoch 148/1000 ===
[train] loss=5.3137 cls=0.4336 cme=2.1689 acc=0.9807 cells=158379
[val]   loss=5.4093 eval=2.6363 cls=0.4180 cme=2.2184 acc=0.9753 cells=118036
[ct_train] early_stopping: no improve on val/eval_loss for 1/30 val checks
[ct_train] rechunked train graphs (seed=149)

=== Epoch 149/1000 ===
[train] loss=5.3213 cls=0.4339 cme=2.1722 acc=0.9811 cells=158379
[ct_train] rechunked train graphs (seed=150)

=== Epoch 150/1000 ===
[train] loss=5.3138 cls=0.4342 cme=2.1687 acc=0.9807 cells=158379
[val]   loss=5.4074 eval=2.6364 cls=0.4196 cme=2.2168 acc=0.9747 cells=118036
[ct_train] early_stopping: no improve on val/eval_loss for 2/30 val checks
[ct_train] rechunked train graphs (seed=151)

=== Epoch 151/1000 ===
[train] loss=5.3126 cls=0.4334 cme=2.1686 acc=0.9810 cells=158379
[ct_train] rechunked train graphs (seed=152)

=== Epoch 152/1000 ===
[train] loss=5.3155 cls=0.4333 cme=2.1699 acc=0.9810 cells=158379
[val]   loss=5.4038 eval=2.6339 cls=0.4180 cme=2.2159 acc=0.9754 cells=118036
[ct_train] saved best checkpoint (val_eval_loss=2.6339 val_acc=0.9754)
[ct_train] rechunked train graphs (seed=153)

=== Epoch 153/1000 ===
[train] loss=5.3128 cls=0.4326 cme=2.1690 acc=0.9812 cells=158379
[ct_train] rechunked train graphs (seed=154)

=== Epoch 154/1000 ===
[train] loss=5.3130 cls=0.4316 cme=2.1695 acc=0.9813 cells=158379
[val]   loss=5.4127 eval=2.6380 cls=0.4183 cme=2.2197 acc=0.9749 cells=118036
[ct_train] early_stopping: no improve on val/eval_loss for 1/30 val checks
[ct_train] rechunked train graphs (seed=155)

=== Epoch 155/1000 ===
[train] loss=5.3138 cls=0.4324 cme=2.1695 acc=0.9816 cells=158379
[ct_train] rechunked train graphs (seed=156)

=== Epoch 156/1000 ===
[train] loss=5.3105 cls=0.4327 cme=2.1679 acc=0.9811 cells=158379
[val]   loss=5.4097 eval=2.6379 cls=0.4204 cme=2.2175 acc=0.9745 cells=118036
[ct_train] early_stopping: no improve on val/eval_loss for 2/30 val checks
[ct_train] rechunked train graphs (seed=157)

=== Epoch 157/1000 ===
[train] loss=5.3118 cls=0.4324 cme=2.1686 acc=0.9814 cells=158379
[ct_train] rechunked train graphs (seed=158)

=== Epoch 158/1000 ===
[train] loss=5.3154 cls=0.4325 cme=2.1702 acc=0.9811 cells=158379
[val]   loss=5.4266 eval=2.6443 cls=0.4184 cme=2.2259 acc=0.9751 cells=118036
[ct_train] early_stopping: no improve on val/eval_loss for 3/30 val checks
[ct_train] rechunked train graphs (seed=159)

=== Epoch 159/1000 ===
[train] loss=5.3052 cls=0.4310 cme=2.1663 acc=0.9814 cells=158379
[ct_train] rechunked train graphs (seed=160)

=== Epoch 160/1000 ===
[train] loss=5.3093 cls=0.4316 cme=2.1679 acc=0.9815 cells=158379
[val]   loss=5.4088 eval=2.6376 cls=0.4206 cme=2.2170 acc=0.9746 cells=118036
[ct_train] early_stopping: no improve on val/eval_loss for 4/30 val checks
[ct_train] rechunked train graphs (seed=161)

=== Epoch 161/1000 ===
[train] loss=5.3072 cls=0.4319 cme=2.1668 acc=0.9813 cells=158379
[ct_train] rechunked train graphs (seed=162)

=== Epoch 162/1000 ===
[train] loss=5.3083 cls=0.4314 cme=2.1675 acc=0.9813 cells=158379
[val]   loss=5.4031 eval=2.6339 cls=0.4185 cme=2.2154 acc=0.9754 cells=118036
[ct_train] saved best checkpoint (val_eval_loss=2.6339 val_acc=0.9754)
[ct_train] early_stopping: no improve on val/eval_loss for 5/30 val checks
[ct_train] rechunked train graphs (seed=163)

=== Epoch 163/1000 ===
[train] loss=5.3078 cls=0.4302 cme=2.1678 acc=0.9816 cells=158379
[ct_train] rechunked train graphs (seed=164)

=== Epoch 164/1000 ===
[train] loss=5.3081 cls=0.4304 cme=2.1679 acc=0.9816 cells=158379
[val]   loss=5.4140 eval=2.6387 cls=0.4185 cme=2.2203 acc=0.9756 cells=118036
[ct_train] early_stopping: no improve on val/eval_loss for 6/30 val checks
[ct_train] rechunked train graphs (seed=165)

=== Epoch 165/1000 ===
[train] loss=5.3065 cls=0.4297 cme=2.1674 acc=0.9821 cells=158379
[ct_train] rechunked train graphs (seed=166)

=== Epoch 166/1000 ===
[train] loss=5.3096 cls=0.4297 cme=2.1688 acc=0.9820 cells=158379
[val]   loss=5.4114 eval=2.6374 cls=0.4183 cme=2.2192 acc=0.9753 cells=118036
[ct_train] early_stopping: no improve on val/eval_loss for 7/30 val checks
[ct_train] rechunked train graphs (seed=167)

=== Epoch 167/1000 ===
[train] loss=5.3023 cls=0.4297 cme=2.1656 acc=0.9822 cells=158379
[ct_train] rechunked train graphs (seed=168)

=== Epoch 168/1000 ===
[train] loss=5.3059 cls=0.4300 cme=2.1671 acc=0.9821 cells=158379
[val]   loss=5.4058 eval=2.6351 cls=0.4185 cme=2.2166 acc=0.9751 cells=118036
[ct_train] early_stopping: no improve on val/eval_loss for 8/30 val checks
[ct_train] rechunked train graphs (seed=169)

=== Epoch 169/1000 ===
[train] loss=5.3029 cls=0.4296 cme=2.1659 acc=0.9817 cells=158379
[ct_train] rechunked train graphs (seed=170)

=== Epoch 170/1000 ===
[train] loss=5.3028 cls=0.4296 cme=2.1659 acc=0.9819 cells=158379
[val]   loss=5.4109 eval=2.6377 cls=0.4192 cme=2.2185 acc=0.9751 cells=118036
[ct_train] early_stopping: no improve on val/eval_loss for 9/30 val checks
[ct_train] rechunked train graphs (seed=171)

=== Epoch 171/1000 ===
[train] loss=5.3006 cls=0.4287 cme=2.1653 acc=0.9824 cells=158379
[ct_train] rechunked train graphs (seed=172)

=== Epoch 172/1000 ===
[train] loss=5.3021 cls=0.4283 cme=2.1661 acc=0.9821 cells=158379
[val]   loss=5.4070 eval=2.6355 cls=0.4182 cme=2.2173 acc=0.9753 cells=118036
[ct_train] early_stopping: no improve on val/eval_loss for 10/30 val checks
[ct_train] rechunked train graphs (seed=173)

=== Epoch 173/1000 ===
[train] loss=5.3008 cls=0.4290 cme=2.1652 acc=0.9819 cells=158379
[ct_train] rechunked train graphs (seed=174)

=== Epoch 174/1000 ===
[train] loss=5.2975 cls=0.4274 cme=2.1645 acc=0.9826 cells=158379
[val]   loss=5.4134 eval=2.6376 cls=0.4170 cme=2.2206 acc=0.9758 cells=118036
[ct_train] early_stopping: no improve on val/eval_loss for 11/30 val checks
[ct_train] rechunked train graphs (seed=175)

=== Epoch 175/1000 ===
[train] loss=5.3026 cls=0.4275 cme=2.1667 acc=0.9826 cells=158379
[ct_train] rechunked train graphs (seed=176)

=== Epoch 176/1000 ===
[train] loss=5.2950 cls=0.4281 cme=2.1631 acc=0.9822 cells=158379
[val]   loss=5.4007 eval=2.6319 cls=0.4169 cme=2.2150 acc=0.9756 cells=118036
[ct_train] saved best checkpoint (val_eval_loss=2.6319 val_acc=0.9758)
[ct_train] rechunked train graphs (seed=177)

=== Epoch 177/1000 ===
[train] loss=5.2947 cls=0.4272 cme=2.1633 acc=0.9828 cells=158379
[ct_train] rechunked train graphs (seed=178)

=== Epoch 178/1000 ===
[train] loss=5.2926 cls=0.4269 cme=2.1626 acc=0.9828 cells=158379
[val]   loss=5.4143 eval=2.6391 cls=0.4189 cme=2.2202 acc=0.9752 cells=118036
[ct_train] early_stopping: no improve on val/eval_loss for 1/30 val checks
[ct_train] rechunked train graphs (seed=179)

=== Epoch 179/1000 ===
[train] loss=5.2934 cls=0.4264 cme=2.1631 acc=0.9829 cells=158379
[ct_train] rechunked train graphs (seed=180)

=== Epoch 180/1000 ===
[train] loss=5.2943 cls=0.4267 cme=2.1634 acc=0.9828 cells=158379
[val]   loss=5.4096 eval=2.6370 cls=0.4189 cme=2.2181 acc=0.9750 cells=118036
[ct_train] early_stopping: no improve on val/eval_loss for 2/30 val checks
[ct_train] rechunked train graphs (seed=181)

=== Epoch 181/1000 ===
[train] loss=5.2982 cls=0.4259 cme=2.1655 acc=0.9830 cells=158379
[ct_train] rechunked train graphs (seed=182)

=== Epoch 182/1000 ===
[train] loss=5.2914 cls=0.4267 cme=2.1621 acc=0.9828 cells=158379
[val]   loss=5.4024 eval=2.6334 cls=0.4182 cme=2.2152 acc=0.9753 cells=118036
[ct_train] early_stopping: no improve on val/eval_loss for 3/30 val checks
[ct_train] rechunked train graphs (seed=183)

=== Epoch 183/1000 ===
[train] loss=5.2912 cls=0.4263 cme=2.1622 acc=0.9830 cells=158379
[ct_train] rechunked train graphs (seed=184)

=== Epoch 184/1000 ===
[train] loss=5.2928 cls=0.4261 cme=2.1630 acc=0.9827 cells=158379
[val]   loss=5.4006 eval=2.6324 cls=0.4178 cme=2.2146 acc=0.9752 cells=118036
[ct_train] early_stopping: no improve on val/eval_loss for 4/30 val checks
[ct_train] rechunked train graphs (seed=185)

=== Epoch 185/1000 ===
[train] loss=5.2852 cls=0.4252 cme=2.1600 acc=0.9832 cells=158379
[ct_train] rechunked train graphs (seed=186)

=== Epoch 186/1000 ===
[train] loss=5.2913 cls=0.4252 cme=2.1627 acc=0.9834 cells=158379
[val]   loss=5.4030 eval=2.6329 cls=0.4168 cme=2.2161 acc=0.9758 cells=118036
[ct_train] early_stopping: no improve on val/eval_loss for 5/30 val checks
[ct_train] rechunked train graphs (seed=187)

=== Epoch 187/1000 ===
[train] loss=5.2872 cls=0.4246 cme=2.1612 acc=0.9833 cells=158379
[ct_train] rechunked train graphs (seed=188)

=== Epoch 188/1000 ===
[train] loss=5.2882 cls=0.4249 cme=2.1615 acc=0.9835 cells=158379
[val]   loss=5.4047 eval=2.6348 cls=0.4189 cme=2.2159 acc=0.9748 cells=118036
[ct_train] early_stopping: no improve on val/eval_loss for 6/30 val checks
[ct_train] rechunked train graphs (seed=189)

=== Epoch 189/1000 ===
[train] loss=5.2874 cls=0.4244 cme=2.1613 acc=0.9833 cells=158379
[ct_train] rechunked train graphs (seed=190)

=== Epoch 190/1000 ===
[train] loss=5.2857 cls=0.4243 cme=2.1606 acc=0.9833 cells=158379
[val]   loss=5.4027 eval=2.6341 cls=0.4193 cme=2.2149 acc=0.9751 cells=118036
[ct_train] early_stopping: no improve on val/eval_loss for 7/30 val checks
[ct_train] rechunked train graphs (seed=191)

=== Epoch 191/1000 ===
[train] loss=5.2837 cls=0.4237 cme=2.1600 acc=0.9836 cells=158379
[ct_train] rechunked train graphs (seed=192)

=== Epoch 192/1000 ===
[train] loss=5.2834 cls=0.4241 cme=2.1597 acc=0.9833 cells=158379
[val]   loss=5.4068 eval=2.6348 cls=0.4171 cme=2.2176 acc=0.9753 cells=118036
[ct_train] early_stopping: no improve on val/eval_loss for 8/30 val checks
[ct_train] rechunked train graphs (seed=193)

=== Epoch 193/1000 ===
[train] loss=5.2811 cls=0.4230 cme=2.1591 acc=0.9841 cells=158379
[ct_train] rechunked train graphs (seed=194)

=== Epoch 194/1000 ===
[train] loss=5.2810 cls=0.4241 cme=2.1586 acc=0.9835 cells=158379
[val]   loss=5.4006 eval=2.6317 cls=0.4167 cme=2.2151 acc=0.9759 cells=118036
[ct_train] saved best checkpoint (val_eval_loss=2.6317 val_acc=0.9759)
[ct_train] early_stopping: no improve on val/eval_loss for 9/30 val checks
[ct_train] rechunked train graphs (seed=195)

=== Epoch 195/1000 ===
[train] loss=5.2820 cls=0.4234 cme=2.1594 acc=0.9839 cells=158379
[ct_train] rechunked train graphs (seed=196)

=== Epoch 196/1000 ===
[train] loss=5.2781 cls=0.4230 cme=2.1578 acc=0.9838 cells=158379
[val]   loss=5.4059 eval=2.6342 cls=0.4168 cme=2.2174 acc=0.9760 cells=118036
[ct_train] early_stopping: no improve on val/eval_loss for 10/30 val checks
[ct_train] rechunked train graphs (seed=197)

=== Epoch 197/1000 ===
[train] loss=5.2829 cls=0.4236 cme=2.1597 acc=0.9840 cells=158379
[ct_train] rechunked train graphs (seed=198)

=== Epoch 198/1000 ===
[train] loss=5.2798 cls=0.4226 cme=2.1587 acc=0.9838 cells=158379
[val]   loss=5.4058 eval=2.6343 cls=0.4171 cme=2.2172 acc=0.9761 cells=118036
[ct_train] early_stopping: no improve on val/eval_loss for 11/30 val checks
[ct_train] rechunked train graphs (seed=199)

=== Epoch 199/1000 ===
[train] loss=5.2760 cls=0.4222 cme=2.1573 acc=0.9837 cells=158379
[ct_train] rechunked train graphs (seed=200)

=== Epoch 200/1000 ===
[train] loss=5.2793 cls=0.4225 cme=2.1586 acc=0.9842 cells=158379
[val]   loss=5.4067 eval=2.6348 cls=0.4174 cme=2.2175 acc=0.9757 cells=118036
[ct_train] early_stopping: no improve on val/eval_loss for 12/30 val checks
[ct_train] rechunked train graphs (seed=201)

=== Epoch 201/1000 ===
[train] loss=5.2754 cls=0.4216 cme=2.1572 acc=0.9843 cells=158379
[ct_train] rechunked train graphs (seed=202)

=== Epoch 202/1000 ===
[train] loss=5.2769 cls=0.4219 cme=2.1578 acc=0.9839 cells=158379
[val]   loss=5.4048 eval=2.6344 cls=0.4181 cme=2.2163 acc=0.9754 cells=118036
[ct_train] early_stopping: no improve on val/eval_loss for 13/30 val checks
[ct_train] rechunked train graphs (seed=203)

=== Epoch 203/1000 ===
[train] loss=5.2765 cls=0.4215 cme=2.1578 acc=0.9840 cells=158379
[ct_train] rechunked train graphs (seed=204)

=== Epoch 204/1000 ===
[train] loss=5.2777 cls=0.4211 cme=2.1585 acc=0.9844 cells=158379
[val]   loss=5.4013 eval=2.6336 cls=0.4194 cme=2.2142 acc=0.9752 cells=118036
[ct_train] early_stopping: no improve on val/eval_loss for 14/30 val checks
[ct_train] rechunked train graphs (seed=205)

=== Epoch 205/1000 ===
[train] loss=5.2801 cls=0.4211 cme=2.1595 acc=0.9845 cells=158379
[ct_train] rechunked train graphs (seed=206)

=== Epoch 206/1000 ===
[train] loss=5.2794 cls=0.4203 cme=2.1596 acc=0.9846 cells=158379
[val]   loss=5.4285 eval=2.6446 cls=0.4175 cme=2.2271 acc=0.9758 cells=118036
[ct_train] early_stopping: no improve on val/eval_loss for 15/30 val checks
[ct_train] rechunked train graphs (seed=207)

=== Epoch 207/1000 ===
[train] loss=5.2795 cls=0.4205 cme=2.1596 acc=0.9846 cells=158379
[ct_train] rechunked train graphs (seed=208)

=== Epoch 208/1000 ===
[train] loss=5.2767 cls=0.4199 cme=2.1586 acc=0.9848 cells=158379
[val]   loss=5.4014 eval=2.6325 cls=0.4174 cme=2.2151 acc=0.9757 cells=118036
[ct_train] early_stopping: no improve on val/eval_loss for 16/30 val checks
[ct_train] rechunked train graphs (seed=209)

=== Epoch 209/1000 ===
[train] loss=5.2732 cls=0.4208 cme=2.1566 acc=0.9842 cells=158379
[ct_train] rechunked train graphs (seed=210)

=== Epoch 210/1000 ===
[train] loss=5.2768 cls=0.4221 cme=2.1577 acc=0.9841 cells=158379
[val]   loss=5.4029 eval=2.6329 cls=0.4170 cme=2.2160 acc=0.9757 cells=118036
[ct_train] early_stopping: no improve on val/eval_loss for 17/30 val checks
[ct_train] rechunked train graphs (seed=211)

=== Epoch 211/1000 ===
[train] loss=5.2706 cls=0.4206 cme=2.1555 acc=0.9846 cells=158379
[ct_train] rechunked train graphs (seed=212)

=== Epoch 212/1000 ===
[train] loss=5.2738 cls=0.4202 cme=2.1571 acc=0.9848 cells=158379
[val]   loss=5.4027 eval=2.6324 cls=0.4161 cme=2.2163 acc=0.9759 cells=118036
[ct_train] early_stopping: no improve on val/eval_loss for 18/30 val checks
[ct_train] rechunked train graphs (seed=213)

=== Epoch 213/1000 ===
[train] loss=5.2704 cls=0.4197 cme=2.1558 acc=0.9845 cells=158379
[ct_train] rechunked train graphs (seed=214)

=== Epoch 214/1000 ===
[train] loss=5.2680 cls=0.4193 cme=2.1550 acc=0.9848 cells=158379
[val]   loss=5.4044 eval=2.6338 cls=0.4174 cme=2.2164 acc=0.9756 cells=118036
[ct_train] early_stopping: no improve on val/eval_loss for 19/30 val checks
[ct_train] rechunked train graphs (seed=215)

=== Epoch 215/1000 ===
[train] loss=5.2685 cls=0.4196 cme=2.1551 acc=0.9847 cells=158379
[ct_train] rechunked train graphs (seed=216)

=== Epoch 216/1000 ===
[train] loss=5.2763 cls=0.4197 cme=2.1585 acc=0.9844 cells=158379
[val]   loss=5.4115 eval=2.6387 cls=0.4204 cme=2.2183 acc=0.9746 cells=118036
[ct_train] early_stopping: no improve on val/eval_loss for 20/30 val checks
[ct_train] rechunked train graphs (seed=217)

=== Epoch 217/1000 ===
[train] loss=5.2666 cls=0.4194 cme=2.1543 acc=0.9848 cells=158379
[ct_train] rechunked train graphs (seed=218)

=== Epoch 218/1000 ===
[train] loss=5.2657 cls=0.4184 cme=2.1544 acc=0.9854 cells=158379
[val]   loss=5.4038 eval=2.6347 cls=0.4195 cme=2.2153 acc=0.9753 cells=118036
[ct_train] early_stopping: no improve on val/eval_loss for 21/30 val checks
[ct_train] rechunked train graphs (seed=219)

=== Epoch 219/1000 ===
[train] loss=5.2670 cls=0.4192 cme=2.1546 acc=0.9849 cells=158379
[ct_train] rechunked train graphs (seed=220)

=== Epoch 220/1000 ===
[train] loss=5.2651 cls=0.4184 cme=2.1541 acc=0.9852 cells=158379
[val]   loss=5.4060 eval=2.6357 cls=0.4194 cme=2.2162 acc=0.9749 cells=118036
[ct_train] early_stopping: no improve on val/eval_loss for 22/30 val checks
[ct_train] rechunked train graphs (seed=221)

=== Epoch 221/1000 ===
[train] loss=5.2663 cls=0.4186 cme=2.1546 acc=0.9849 cells=158379
[ct_train] rechunked train graphs (seed=222)

=== Epoch 222/1000 ===
[train] loss=5.2678 cls=0.4179 cme=2.1555 acc=0.9853 cells=158379
[val]   loss=5.4014 eval=2.6336 cls=0.4194 cme=2.2142 acc=0.9752 cells=118036
[ct_train] early_stopping: no improve on val/eval_loss for 23/30 val checks
[ct_train] rechunked train graphs (seed=223)

=== Epoch 223/1000 ===
[train] loss=5.2642 cls=0.4171 cme=2.1543 acc=0.9855 cells=158379
[ct_train] rechunked train graphs (seed=224)

=== Epoch 224/1000 ===
[train] loss=5.2621 cls=0.4171 cme=2.1533 acc=0.9858 cells=158379
[val]   loss=5.4110 eval=2.6375 cls=0.4187 cme=2.2188 acc=0.9755 cells=118036
[ct_train] early_stopping: no improve on val/eval_loss for 24/30 val checks
[ct_train] rechunked train graphs (seed=225)

=== Epoch 225/1000 ===
[train] loss=5.2639 cls=0.4167 cme=2.1543 acc=0.9858 cells=158379
[ct_train] rechunked train graphs (seed=226)

=== Epoch 226/1000 ===
[train] loss=5.2629 cls=0.4172 cme=2.1537 acc=0.9854 cells=158379
[val]   loss=5.4077 eval=2.6354 cls=0.4176 cme=2.2178 acc=0.9758 cells=118036
[ct_train] early_stopping: no improve on val/eval_loss for 25/30 val checks
[ct_train] rechunked train graphs (seed=227)

=== Epoch 227/1000 ===
[train] loss=5.2600 cls=0.4168 cme=2.1525 acc=0.9856 cells=158379
[ct_train] rechunked train graphs (seed=228)

=== Epoch 228/1000 ===
[train] loss=5.2626 cls=0.4161 cme=2.1540 acc=0.9857 cells=158379
[val]   loss=5.4062 eval=2.6350 cls=0.4181 cme=2.2170 acc=0.9757 cells=118036
[ct_train] early_stopping: no improve on val/eval_loss for 26/30 val checks
[ct_train] rechunked train graphs (seed=229)

=== Epoch 229/1000 ===
[train] loss=5.2603 cls=0.4162 cme=2.1529 acc=0.9859 cells=158379
[ct_train] rechunked train graphs (seed=230)

=== Epoch 230/1000 ===
[train] loss=5.2562 cls=0.4165 cme=2.1510 acc=0.9857 cells=158379
[val]   loss=5.4076 eval=2.6369 cls=0.4204 cme=2.2165 acc=0.9752 cells=118036
[ct_train] early_stopping: no improve on val/eval_loss for 27/30 val checks
[ct_train] rechunked train graphs (seed=231)

=== Epoch 231/1000 ===
[train] loss=5.2608 cls=0.4164 cme=2.1531 acc=0.9857 cells=158379
[ct_train] rechunked train graphs (seed=232)

=== Epoch 232/1000 ===
[train] loss=5.2615 cls=0.4170 cme=2.1531 acc=0.9854 cells=158379
[val]   loss=5.4061 eval=2.6344 cls=0.4171 cme=2.2173 acc=0.9759 cells=118036
[ct_train] early_stopping: no improve on val/eval_loss for 28/30 val checks
[ct_train] rechunked train graphs (seed=233)

=== Epoch 233/1000 ===
[train] loss=5.2617 cls=0.4156 cme=2.1538 acc=0.9860 cells=158379
[ct_train] rechunked train graphs (seed=234)

=== Epoch 234/1000 ===
[train] loss=5.2573 cls=0.4156 cme=2.1518 acc=0.9856 cells=158379
[val]   loss=5.3991 eval=2.6314 cls=0.4173 cme=2.2141 acc=0.9760 cells=118036
[ct_train] saved best checkpoint (val_eval_loss=2.6314 val_acc=0.9761)
[ct_train] rechunked train graphs (seed=235)

=== Epoch 235/1000 ===
[train] loss=5.2545 cls=0.4159 cme=2.1505 acc=0.9859 cells=158379
[ct_train] rechunked train graphs (seed=236)

=== Epoch 236/1000 ===
[train] loss=5.2586 cls=0.4151 cme=2.1527 acc=0.9864 cells=158379
[val]   loss=5.4062 eval=2.6351 cls=0.4183 cme=2.2168 acc=0.9755 cells=118036
[ct_train] early_stopping: no improve on val/eval_loss for 1/30 val checks
[ct_train] rechunked train graphs (seed=237)

=== Epoch 237/1000 ===
[train] loss=5.2553 cls=0.4145 cme=2.1514 acc=0.9864 cells=158379
[ct_train] rechunked train graphs (seed=238)

=== Epoch 238/1000 ===
[train] loss=5.2560 cls=0.4148 cme=2.1517 acc=0.9860 cells=158379
[val]   loss=5.4083 eval=2.6366 cls=0.4192 cme=2.2174 acc=0.9754 cells=118036
[ct_train] early_stopping: no improve on val/eval_loss for 2/30 val checks
[ct_train] rechunked train graphs (seed=239)

=== Epoch 239/1000 ===
[train] loss=5.2531 cls=0.4147 cme=2.1504 acc=0.9861 cells=158379
[ct_train] rechunked train graphs (seed=240)

=== Epoch 240/1000 ===
[train] loss=5.2482 cls=0.4148 cme=2.1482 acc=0.9862 cells=158379
[val]   loss=5.4041 eval=2.6339 cls=0.4177 cme=2.2162 acc=0.9759 cells=118036
[ct_train] early_stopping: no improve on val/eval_loss for 3/30 val checks
[ct_train] rechunked train graphs (seed=241)

=== Epoch 241/1000 ===
[train] loss=5.2574 cls=0.4147 cme=2.1523 acc=0.9861 cells=158379
[ct_train] rechunked train graphs (seed=242)

=== Epoch 242/1000 ===
[train] loss=5.2598 cls=0.4141 cme=2.1536 acc=0.9867 cells=158379
[val]   loss=5.4133 eval=2.6387 cls=0.4190 cme=2.2197 acc=0.9755 cells=118036
[ct_train] early_stopping: no improve on val/eval_loss for 4/30 val checks
[ct_train] rechunked train graphs (seed=243)

=== Epoch 243/1000 ===
[train] loss=5.2621 cls=0.4145 cme=2.1544 acc=0.9860 cells=158379
[ct_train] rechunked train graphs (seed=244)

=== Epoch 244/1000 ===
[train] loss=5.2601 cls=0.4142 cme=2.1538 acc=0.9865 cells=158379
[val]   loss=5.4035 eval=2.6343 cls=0.4189 cme=2.2154 acc=0.9756 cells=118036
[ct_train] early_stopping: no improve on val/eval_loss for 5/30 val checks
[ct_train] rechunked train graphs (seed=245)

=== Epoch 245/1000 ===
[train] loss=5.2514 cls=0.4142 cme=2.1499 acc=0.9863 cells=158379
[ct_train] rechunked train graphs (seed=246)

=== Epoch 246/1000 ===
[train] loss=5.2496 cls=0.4144 cme=2.1490 acc=0.9860 cells=158379
[val]   loss=5.4088 eval=2.6364 cls=0.4184 cme=2.2179 acc=0.9756 cells=118036
[ct_train] early_stopping: no improve on val/eval_loss for 6/30 val checks
[ct_train] rechunked train graphs (seed=247)

=== Epoch 247/1000 ===
[train] loss=5.2499 cls=0.4138 cme=2.1494 acc=0.9866 cells=158379
[ct_train] rechunked train graphs (seed=248)

=== Epoch 248/1000 ===
[train] loss=5.2508 cls=0.4132 cme=2.1500 acc=0.9867 cells=158379
[val]   loss=5.4002 eval=2.6322 cls=0.4177 cme=2.2145 acc=0.9759 cells=118036
[ct_train] early_stopping: no improve on val/eval_loss for 7/30 val checks
[ct_train] rechunked train graphs (seed=249)

=== Epoch 249/1000 ===
[train] loss=5.2480 cls=0.4136 cme=2.1486 acc=0.9867 cells=158379
[ct_train] rechunked train graphs (seed=250)

=== Epoch 250/1000 ===
[train] loss=5.2489 cls=0.4122 cme=2.1496 acc=0.9872 cells=158379
[val]   loss=5.4043 eval=2.6355 cls=0.4204 cme=2.2151 acc=0.9749 cells=118036
[ct_train] early_stopping: no improve on val/eval_loss for 8/30 val checks
[ct_train] rechunked train graphs (seed=251)

=== Epoch 251/1000 ===
[train] loss=5.2493 cls=0.4137 cme=2.1491 acc=0.9865 cells=158379
[ct_train] rechunked train graphs (seed=252)

=== Epoch 252/1000 ===
[train] loss=5.2425 cls=0.4131 cme=2.1464 acc=0.9868 cells=158379
[val]   loss=5.4090 eval=2.6369 cls=0.4191 cme=2.2177 acc=0.9751 cells=118036
[ct_train] early_stopping: no improve on val/eval_loss for 9/30 val checks
[ct_train] rechunked train graphs (seed=253)

=== Epoch 253/1000 ===
[train] loss=5.2444 cls=0.4117 cme=2.1479 acc=0.9869 cells=158379
[ct_train] rechunked train graphs (seed=254)

=== Epoch 254/1000 ===
[train] loss=5.2511 cls=0.4126 cme=2.1504 acc=0.9868 cells=158379
[val]   loss=5.4016 eval=2.6331 cls=0.4182 cme=2.2149 acc=0.9757 cells=118036
[ct_train] early_stopping: no improve on val/eval_loss for 10/30 val checks
[ct_train] rechunked train graphs (seed=255)

=== Epoch 255/1000 ===
[train] loss=5.2444 cls=0.4118 cme=2.1478 acc=0.9872 cells=158379
[ct_train] rechunked train graphs (seed=256)

=== Epoch 256/1000 ===
[train] loss=5.2440 cls=0.4121 cme=2.1475 acc=0.9875 cells=158379
[val]   loss=5.4051 eval=2.6352 cls=0.4193 cme=2.2159 acc=0.9758 cells=118036
[ct_train] early_stopping: no improve on val/eval_loss for 11/30 val checks
[ct_train] rechunked train graphs (seed=257)

=== Epoch 257/1000 ===
[train] loss=5.2428 cls=0.4117 cme=2.1472 acc=0.9871 cells=158379
[ct_train] rechunked train graphs (seed=258)

=== Epoch 258/1000 ===
[train] loss=5.2471 cls=0.4123 cme=2.1488 acc=0.9869 cells=158379
[val]   loss=5.4072 eval=2.6358 cls=0.4187 cme=2.2171 acc=0.9758 cells=118036
[ct_train] early_stopping: no improve on val/eval_loss for 12/30 val checks
[ct_train] rechunked train graphs (seed=259)

=== Epoch 259/1000 ===
[train] loss=5.2448 cls=0.4118 cme=2.1480 acc=0.9870 cells=158379
[ct_train] rechunked train graphs (seed=260)

=== Epoch 260/1000 ===
[train] loss=5.2417 cls=0.4116 cme=2.1467 acc=0.9867 cells=158379
[val]   loss=5.4076 eval=2.6356 cls=0.4180 cme=2.2176 acc=0.9759 cells=118036
[ct_train] early_stopping: no improve on val/eval_loss for 13/30 val checks
[ct_train] rechunked train graphs (seed=261)

=== Epoch 261/1000 ===
[train] loss=5.2408 cls=0.4112 cme=2.1465 acc=0.9875 cells=158379
[ct_train] rechunked train graphs (seed=262)

=== Epoch 262/1000 ===
[train] loss=5.2406 cls=0.4109 cme=2.1465 acc=0.9872 cells=158379
[val]   loss=5.4084 eval=2.6369 cls=0.4196 cme=2.2172 acc=0.9753 cells=118036
[ct_train] early_stopping: no improve on val/eval_loss for 14/30 val checks
[ct_train] rechunked train graphs (seed=263)

=== Epoch 263/1000 ===
[train] loss=5.2419 cls=0.4110 cme=2.1470 acc=0.9876 cells=158379
[ct_train] rechunked train graphs (seed=264)

=== Epoch 264/1000 ===
[train] loss=5.2414 cls=0.4100 cme=2.1473 acc=0.9876 cells=158379
[val]   loss=5.4116 eval=2.6384 cls=0.4199 cme=2.2185 acc=0.9754 cells=118036
[ct_train] early_stopping: no improve on val/eval_loss for 15/30 val checks
[ct_train] rechunked train graphs (seed=265)

=== Epoch 265/1000 ===
[train] loss=5.2368 cls=0.4103 cme=2.1451 acc=0.9876 cells=158379
[ct_train] rechunked train graphs (seed=266)

=== Epoch 266/1000 ===
[train] loss=5.2427 cls=0.4104 cme=2.1477 acc=0.9873 cells=158379
[val]   loss=5.4142 eval=2.6392 cls=0.4193 cme=2.2200 acc=0.9754 cells=118036
[ct_train] early_stopping: no improve on val/eval_loss for 16/30 val checks
[ct_train] rechunked train graphs (seed=267)

=== Epoch 267/1000 ===
[train] loss=5.2369 cls=0.4102 cme=2.1452 acc=0.9874 cells=158379
[ct_train] rechunked train graphs (seed=268)

=== Epoch 268/1000 ===
[train] loss=5.2421 cls=0.4107 cme=2.1473 acc=0.9873 cells=158379
[val]   loss=5.4105 eval=2.6366 cls=0.4175 cme=2.2191 acc=0.9760 cells=118036
[ct_train] early_stopping: no improve on val/eval_loss for 17/30 val checks
[ct_train] rechunked train graphs (seed=269)

=== Epoch 269/1000 ===
[train] loss=5.2352 cls=0.4102 cme=2.1444 acc=0.9874 cells=158379
[ct_train] rechunked train graphs (seed=270)

=== Epoch 270/1000 ===
[train] loss=5.2354 cls=0.4096 cme=2.1448 acc=0.9875 cells=158379
[val]   loss=5.4103 eval=2.6376 cls=0.4194 cme=2.2182 acc=0.9757 cells=118036
[ct_train] early_stopping: no improve on val/eval_loss for 18/30 val checks
[ct_train] rechunked train graphs (seed=271)

=== Epoch 271/1000 ===
[train] loss=5.2316 cls=0.4087 cme=2.1435 acc=0.9881 cells=158379
[ct_train] rechunked train graphs (seed=272)

=== Epoch 272/1000 ===
[train] loss=5.2373 cls=0.4087 cme=2.1460 acc=0.9882 cells=158379
[val]   loss=5.4123 eval=2.6389 cls=0.4201 cme=2.2188 acc=0.9755 cells=118036
[ct_train] early_stopping: no improve on val/eval_loss for 19/30 val checks
[ct_train] rechunked train graphs (seed=273)

=== Epoch 273/1000 ===
[train] loss=5.2304 cls=0.4089 cme=2.1429 acc=0.9878 cells=158379
[ct_train] rechunked train graphs (seed=274)

=== Epoch 274/1000 ===
[train] loss=5.2346 cls=0.4083 cme=2.1450 acc=0.9880 cells=158379
[val]   loss=5.4140 eval=2.6401 cls=0.4211 cme=2.2191 acc=0.9752 cells=118036
[ct_train] early_stopping: no improve on val/eval_loss for 20/30 val checks
[ct_train] rechunked train graphs (seed=275)

=== Epoch 275/1000 ===
[train] loss=5.2314 cls=0.4088 cme=2.1434 acc=0.9878 cells=158379
[ct_train] rechunked train graphs (seed=276)

=== Epoch 276/1000 ===
[train] loss=5.2418 cls=0.4087 cme=2.1480 acc=0.9883 cells=158379
[val]   loss=5.4126 eval=2.6391 cls=0.4202 cme=2.2188 acc=0.9755 cells=118036
[ct_train] early_stopping: no improve on val/eval_loss for 21/30 val checks
[ct_train] rechunked train graphs (seed=277)

=== Epoch 277/1000 ===
[train] loss=5.2261 cls=0.4081 cme=2.1413 acc=0.9881 cells=158379
[ct_train] rechunked train graphs (seed=278)

=== Epoch 278/1000 ===
[train] loss=5.2332 cls=0.4076 cme=2.1447 acc=0.9881 cells=158379
[val]   loss=5.4099 eval=2.6377 cls=0.4200 cme=2.2177 acc=0.9755 cells=118036
[ct_train] early_stopping: no improve on val/eval_loss for 22/30 val checks
[ct_train] rechunked train graphs (seed=279)

=== Epoch 279/1000 ===
[train] loss=5.2302 cls=0.4072 cme=2.1436 acc=0.9886 cells=158379
[ct_train] rechunked train graphs (seed=280)

=== Epoch 280/1000 ===
[train] loss=5.2331 cls=0.4086 cme=2.1442 acc=0.9877 cells=158379
[val]   loss=5.4161 eval=2.6416 cls=0.4220 cme=2.2196 acc=0.9752 cells=118036
[ct_train] early_stopping: no improve on val/eval_loss for 23/30 val checks
[ct_train] rechunked train graphs (seed=281)

=== Epoch 281/1000 ===
[train] loss=5.2310 cls=0.4078 cme=2.1436 acc=0.9882 cells=158379
[ct_train] rechunked train graphs (seed=282)

=== Epoch 282/1000 ===
[train] loss=5.2289 cls=0.4072 cme=2.1430 acc=0.9885 cells=158379
[val]   loss=5.4122 eval=2.6384 cls=0.4193 cme=2.2191 acc=0.9755 cells=118036
[ct_train] early_stopping: no improve on val/eval_loss for 24/30 val checks
[ct_train] rechunked train graphs (seed=283)

=== Epoch 283/1000 ===
[train] loss=5.2337 cls=0.4072 cme=2.1451 acc=0.9883 cells=158379
[ct_train] rechunked train graphs (seed=284)

=== Epoch 284/1000 ===
[train] loss=5.2276 cls=0.4071 cme=2.1424 acc=0.9883 cells=158379
[val]   loss=5.4168 eval=2.6416 cls=0.4214 cme=2.2202 acc=0.9753 cells=118036
[ct_train] early_stopping: no improve on val/eval_loss for 25/30 val checks
[ct_train] rechunked train graphs (seed=285)

=== Epoch 285/1000 ===
[train] loss=5.2222 cls=0.4063 cme=2.1404 acc=0.9888 cells=158379
[ct_train] rechunked train graphs (seed=286)

=== Epoch 286/1000 ===
[train] loss=5.2214 cls=0.4065 cme=2.1400 acc=0.9885 cells=158379
[val]   loss=5.4147 eval=2.6399 cls=0.4201 cme=2.2198 acc=0.9758 cells=118036
[ct_train] early_stopping: no improve on val/eval_loss for 26/30 val checks
[ct_train] rechunked train graphs (seed=287)

=== Epoch 287/1000 ===
[train] loss=5.2224 cls=0.4064 cme=2.1404 acc=0.9886 cells=158379
[ct_train] rechunked train graphs (seed=288)

=== Epoch 288/1000 ===
[train] loss=5.2271 cls=0.4064 cme=2.1426 acc=0.9885 cells=158379
[val]   loss=5.4141 eval=2.6393 cls=0.4196 cme=2.2198 acc=0.9758 cells=118036
[ct_train] early_stopping: no improve on val/eval_loss for 27/30 val checks
[ct_train] rechunked train graphs (seed=289)

=== Epoch 289/1000 ===
[train] loss=5.2174 cls=0.4064 cme=2.1382 acc=0.9887 cells=158379
[ct_train] rechunked train graphs (seed=290)

=== Epoch 290/1000 ===
[train] loss=5.2186 cls=0.4056 cme=2.1392 acc=0.9889 cells=158379
[val]   loss=5.4113 eval=2.6389 cls=0.4211 cme=2.2179 acc=0.9755 cells=118036
[ct_train] early_stopping: no improve on val/eval_loss for 28/30 val checks
[ct_train] rechunked train graphs (seed=291)

=== Epoch 291/1000 ===
[train] loss=5.2227 cls=0.4059 cme=2.1408 acc=0.9889 cells=158379
[ct_train] rechunked train graphs (seed=292)

=== Epoch 292/1000 ===
[train] loss=5.2202 cls=0.4064 cme=2.1395 acc=0.9885 cells=158379
[val]   loss=5.4146 eval=2.6400 cls=0.4203 cme=2.2197 acc=0.9758 cells=118036
[ct_train] early_stopping: no improve on val/eval_loss for 29/30 val checks
[ct_train] rechunked train graphs (seed=293)

=== Epoch 293/1000 ===
[train] loss=5.2219 cls=0.4059 cme=2.1405 acc=0.9886 cells=158379
[ct_train] rechunked train graphs (seed=294)

=== Epoch 294/1000 ===
[train] loss=5.2189 cls=0.4053 cme=2.1394 acc=0.9889 cells=158379
[val]   loss=5.4156 eval=2.6407 cls=0.4208 cme=2.2199 acc=0.9755 cells=118036
[ct_train] early_stopping: no improve on val/eval_loss for 30/30 val checks
[ct_train] early stopping at epoch 294 (patience=30, monitor=val/eval_loss)

[ct_train] done. best_val_acc=0.9761  best_val_eval_loss=2.6314  checkpoints=/home/abel/code/Tissue-Reassembly-using-GenAI-and-new-metrics/exploration/cell_types/outputs/exp027_cme_w2p25  logs=/home/abel/code/Tissue-Reassembly-using-GenAI-and-new-metrics/exploration/cell_types/logs/exp027_cme_w2p25/20260807_210147
wandb: updating run metadata
wandb: uploading output.log; uploading wandb-summary.json; uploading config.yaml
wandb: uploading history steps 277-294, summary, console lines 1403-1488
wandb: 
wandb: Run summary:
wandb:                      best_epoch 234
wandb:                    best_val_acc 0.97608
wandb:              best_val_eval_loss 2.63144
wandb:                           epoch 294
wandb:                              lr 0.0002
wandb:           model/parameter_count 1149980
wandb: model/trainable_parameter_count 1149980
wandb:                       train/acc 0.98893
wandb:       train/acc_per_class/Astro 0.9934
wandb:        train/acc_per_class/Endo 0.98789
wandb:                             +54 ...
wandb: 
wandb:  View run exp027_cme_w2p25 at: https://wandb.ai/abel-salmona-polytechnique-montr-al/cell_types/runs/yeb1mlbz
wandb:  View project at: https://wandb.ai/abel-salmona-polytechnique-montr-al/cell_types
wandb: Synced 5 W&B file(s), 1 media file(s), 2 artifact file(s) and 1 other file(s)
wandb: Find logs at: ./exploration/cell_types/logs/exp027_cme_w2p25/20260807_210147/wandb/run-20260807_210154-yeb1mlbz/logs
