[ct_train] config=exploration/cell_types/experiments/configs/exp019_nostage_seed1.json
[ct_train] device=cuda  checkpoints=/home/abel/code/Tissue-Reassembly-using-GenAI-and-new-metrics/exploration/cell_types/outputs/exp019_nostage_seed1
[ct_train] logs=/home/abel/code/Tissue-Reassembly-using-GenAI-and-new-metrics/exploration/cell_types/logs/exp019_nostage_seed1/20260807_204326
[ct_train] Loading data …
[DataModule] Reading '/home/abel/biodata/MERFISH_LUNA_small_cortex/MERFISH_mouse_cortex_train.csv' (split=train) with float32 dtype on 254 gene cols + coord cols …
[DataModule] Loaded 158,379 rows for split=train.
[DataModule] Reading '/home/abel/biodata/MERFISH_LUNA_small_cortex/MERFISH_mouse_cortex_test.csv' (split=test) with float32 dtype on 254 gene cols + coord cols …
[DataModule] Loaded 118,036 rows for split=test.
[DataModule] Reading '/home/abel/biodata/MERFISH_LUNA_small_cortex/MERFISH_mouse_cortex_test.csv' (split=validation) with float32 dtype on 254 gene cols + coord cols …
[DataModule] Loaded 118,036 rows for split=validation.
[ct_train] genes=254  classes=23
[ct_train] model predict_cme=True  params=1,036,124
[ct_train] soft CME loaded split=train sigma=96.0 n=158379 C=23
[ct_train] soft CME loaded split=validation sigma=96.0 n=118036 C=23
wandb: [wandb.login()] Loaded credentials for https://api.wandb.ai from /home/abel/.netrc.
wandb: Currently logged in as: abel-salmona (abel-salmona-polytechnique-montr-al) to https://api.wandb.ai. Use `wandb login --relogin` to force relogin
wandb: WARNING Using a boolean value for 'reinit' is deprecated. Use 'return_previous' or 'finish_previous' instead.
wandb: setting up run qyj9xi8i
wandb: Tracking run with wandb version 0.26.1
wandb: Run data is saved locally in /home/abel/code/Tissue-Reassembly-using-GenAI-and-new-metrics/exploration/cell_types/logs/exp019_nostage_seed1/20260807_204326/wandb/run-20260807_204334-qyj9xi8i
wandb: Run `wandb offline` to turn off syncing.
wandb: Syncing run exp019_nostage_seed1
wandb:  View project at https://wandb.ai/abel-salmona-polytechnique-montr-al/cell_types
wandb:  View run at https://wandb.ai/abel-salmona-polytechnique-montr-al/cell_types/runs/qyj9xi8i
wandb: WARNING Saving files without folders. If you want to preserve subdirectories pass base_path to wandb.save, i.e. wandb.save("/mnt/folder/file.h5", base_path="/mnt")
wandb: WARNING Symlinked 1 file into the W&B run directory; call wandb.save again to sync new files.
[ct_train] wandb: project=cell_types name=exp019_nostage_seed1 mode=online url=https://wandb.ai/abel-salmona-polytechnique-montr-al/cell_types/runs/qyj9xi8i
[ct_train] parameters: total=1,036,124 trainable=1,036,124
  [params] mlp_in_node_features: 26,720
  [params] transformer_layers: 633,600
  [params] type_stage1: 19,072
  [params] env_stage1: 74,560
  [params] type_probe: 1,495
  [params] env_probe: 5,911
  [params] fusion_mlp: 173,728
  [params] type_stage2: 20,567
  [params] env_stage2: 80,471
[ct_train] rechunked train graphs (seed=1)

=== Epoch 1/1000 ===
[train] loss=7.2098 cls=2.9087 cme=2.8674 acc=0.1692 cells=158379
[ct_train] rechunked train graphs (seed=2)

=== Epoch 2/1000 ===
[train] loss=6.3081 cls=2.3515 cme=2.6378 acc=0.3835 cells=158379
[val]   loss=5.6924 eval=4.4163 cls=1.8642 cme=2.5521 acc=0.6293 cells=118036
[ct_train] saved best checkpoint (val_eval_loss=4.4163 val_acc=0.6293)
[ct_train] rechunked train graphs (seed=3)

=== Epoch 3/1000 ===
[train] loss=5.5609 cls=1.7855 cme=2.5169 acc=0.6523 cells=158379
[ct_train] rechunked train graphs (seed=4)

=== Epoch 4/1000 ===
[train] loss=5.0285 cls=1.3569 cme=2.4477 acc=0.7645 cells=158379
[val]   loss=4.6017 eval=3.3895 cls=0.9651 cme=2.4244 acc=0.8538 cells=118036
[ct_train] saved best checkpoint (val_eval_loss=3.3895 val_acc=0.8538)
[ct_train] rechunked train graphs (seed=5)

=== Epoch 5/1000 ===
[train] loss=4.6780 cls=1.0699 cme=2.4054 acc=0.8315 cells=158379
[ct_train] rechunked train graphs (seed=6)

=== Epoch 6/1000 ===
[train] loss=4.4581 cls=0.8925 cme=2.3770 acc=0.8719 cells=158379
[val]   loss=4.2038 eval=3.0200 cls=0.6522 cme=2.3677 acc=0.9202 cells=118036
[ct_train] saved best checkpoint (val_eval_loss=3.0200 val_acc=0.9202)
[ct_train] rechunked train graphs (seed=7)

=== Epoch 7/1000 ===
[train] loss=4.3137 cls=0.7801 cme=2.3557 acc=0.9000 cells=158379
[ct_train] rechunked train graphs (seed=8)

=== Epoch 8/1000 ===
[train] loss=4.2227 cls=0.7102 cme=2.3417 acc=0.9181 cells=158379
[val]   loss=4.0504 eval=2.8826 cls=0.5469 cme=2.3357 acc=0.9451 cells=118036
[ct_train] saved best checkpoint (val_eval_loss=2.8826 val_acc=0.9451)
[ct_train] rechunked train graphs (seed=9)

=== Epoch 9/1000 ===
[train] loss=4.1632 cls=0.6651 cme=2.3320 acc=0.9300 cells=158379
[ct_train] rechunked train graphs (seed=10)

=== Epoch 10/1000 ===
[train] loss=4.1158 cls=0.6331 cme=2.3218 acc=0.9369 cells=158379
[val]   loss=3.9868 eval=2.8269 cls=0.5071 cme=2.3198 acc=0.9530 cells=118036
[ct_train] saved best checkpoint (val_eval_loss=2.8269 val_acc=0.9530)
[ct_train] rechunked train graphs (seed=11)

=== Epoch 11/1000 ===
[train] loss=4.0787 cls=0.6110 cme=2.3118 acc=0.9423 cells=158379
[ct_train] rechunked train graphs (seed=12)

=== Epoch 12/1000 ===
[train] loss=4.0556 cls=0.5939 cme=2.3078 acc=0.9459 cells=158379
[val]   loss=3.9450 eval=2.7925 cls=0.4876 cme=2.3049 acc=0.9577 cells=118036
[ct_train] saved best checkpoint (val_eval_loss=2.7925 val_acc=0.9577)
[ct_train] rechunked train graphs (seed=13)

=== Epoch 13/1000 ===
[train] loss=4.0304 cls=0.5810 cme=2.2996 acc=0.9489 cells=158379
[ct_train] rechunked train graphs (seed=14)

=== Epoch 14/1000 ===
[train] loss=4.0120 cls=0.5702 cme=2.2945 acc=0.9515 cells=158379
[val]   loss=3.9147 eval=2.7687 cls=0.4767 cme=2.2921 acc=0.9603 cells=118036
[ct_train] saved best checkpoint (val_eval_loss=2.7687 val_acc=0.9603)
[ct_train] rechunked train graphs (seed=15)

=== Epoch 15/1000 ===
[train] loss=3.9944 cls=0.5607 cme=2.2891 acc=0.9530 cells=158379
[ct_train] rechunked train graphs (seed=16)

=== Epoch 16/1000 ===
[train] loss=3.9783 cls=0.5530 cme=2.2835 acc=0.9544 cells=158379
[val]   loss=3.8954 eval=2.7526 cls=0.4671 cme=2.2855 acc=0.9623 cells=118036
[ct_train] saved best checkpoint (val_eval_loss=2.7526 val_acc=0.9623)
[ct_train] rechunked train graphs (seed=17)

=== Epoch 17/1000 ===
[train] loss=3.9681 cls=0.5470 cme=2.2808 acc=0.9560 cells=158379
[ct_train] rechunked train graphs (seed=18)

=== Epoch 18/1000 ===
[train] loss=3.9563 cls=0.5404 cme=2.2773 acc=0.9572 cells=158379
[val]   loss=3.8878 eval=2.7469 cls=0.4652 cme=2.2817 acc=0.9627 cells=118036
[ct_train] saved best checkpoint (val_eval_loss=2.7469 val_acc=0.9627)
[ct_train] rechunked train graphs (seed=19)

=== Epoch 19/1000 ===
[train] loss=3.9441 cls=0.5348 cme=2.2729 acc=0.9580 cells=158379
[ct_train] rechunked train graphs (seed=20)

=== Epoch 20/1000 ===
[train] loss=3.9344 cls=0.5308 cme=2.2691 acc=0.9592 cells=158379
[val]   loss=3.8680 eval=2.7317 cls=0.4590 cme=2.2726 acc=0.9648 cells=118036
[ct_train] saved best checkpoint (val_eval_loss=2.7317 val_acc=0.9648)
[ct_train] rechunked train graphs (seed=21)

=== Epoch 21/1000 ===
[train] loss=3.9213 cls=0.5256 cme=2.2638 acc=0.9604 cells=158379
[ct_train] rechunked train graphs (seed=22)

=== Epoch 22/1000 ===
[train] loss=3.9145 cls=0.5225 cme=2.2614 acc=0.9613 cells=158379
[val]   loss=3.8560 eval=2.7222 cls=0.4547 cme=2.2675 acc=0.9658 cells=118036
[ct_train] saved best checkpoint (val_eval_loss=2.7222 val_acc=0.9658)
[ct_train] rechunked train graphs (seed=23)

=== Epoch 23/1000 ===
[train] loss=3.9115 cls=0.5196 cme=2.2613 acc=0.9616 cells=158379
[ct_train] rechunked train graphs (seed=24)

=== Epoch 24/1000 ===
[train] loss=3.8973 cls=0.5141 cme=2.2555 acc=0.9626 cells=158379
[val]   loss=3.8450 eval=2.7138 cls=0.4513 cme=2.2625 acc=0.9668 cells=118036
[ct_train] saved best checkpoint (val_eval_loss=2.7138 val_acc=0.9668)
[ct_train] rechunked train graphs (seed=25)

=== Epoch 25/1000 ===
[train] loss=3.8954 cls=0.5113 cme=2.2561 acc=0.9638 cells=158379
[ct_train] rechunked train graphs (seed=26)

=== Epoch 26/1000 ===
[train] loss=3.8840 cls=0.5074 cme=2.2511 acc=0.9641 cells=158379
[val]   loss=3.8374 eval=2.7077 cls=0.4483 cme=2.2594 acc=0.9676 cells=118036
[ct_train] saved best checkpoint (val_eval_loss=2.7077 val_acc=0.9676)
[ct_train] rechunked train graphs (seed=27)

=== Epoch 27/1000 ===
[train] loss=3.8790 cls=0.5051 cme=2.2493 acc=0.9649 cells=158379
[ct_train] rechunked train graphs (seed=28)

=== Epoch 28/1000 ===
[train] loss=3.8739 cls=0.5033 cme=2.2471 acc=0.9652 cells=158379
[val]   loss=3.8322 eval=2.7037 cls=0.4467 cme=2.2570 acc=0.9683 cells=118036
[ct_train] saved best checkpoint (val_eval_loss=2.7037 val_acc=0.9683)
[ct_train] rechunked train graphs (seed=29)

=== Epoch 29/1000 ===
[train] loss=3.8707 cls=0.4998 cme=2.2472 acc=0.9655 cells=158379
[ct_train] rechunked train graphs (seed=30)

=== Epoch 30/1000 ===
[train] loss=3.8647 cls=0.4986 cme=2.2440 acc=0.9667 cells=158379
[val]   loss=3.8278 eval=2.7000 cls=0.4444 cme=2.2556 acc=0.9690 cells=118036
[ct_train] saved best checkpoint (val_eval_loss=2.7000 val_acc=0.9690)
[ct_train] rechunked train graphs (seed=31)

=== Epoch 31/1000 ===
[train] loss=3.8575 cls=0.4954 cme=2.2414 acc=0.9671 cells=158379
[ct_train] rechunked train graphs (seed=32)

=== Epoch 32/1000 ===
[train] loss=3.8543 cls=0.4933 cme=2.2407 acc=0.9675 cells=158379
[val]   loss=3.8230 eval=2.6960 cls=0.4418 cme=2.2541 acc=0.9694 cells=118036
[ct_train] saved best checkpoint (val_eval_loss=2.6960 val_acc=0.9694)
[ct_train] rechunked train graphs (seed=33)

=== Epoch 33/1000 ===
[train] loss=3.8489 cls=0.4903 cme=2.2391 acc=0.9686 cells=158379
[ct_train] rechunked train graphs (seed=34)

=== Epoch 34/1000 ===
[train] loss=3.8466 cls=0.4893 cme=2.2382 acc=0.9684 cells=158379
[val]   loss=3.8122 eval=2.6880 cls=0.4397 cme=2.2483 acc=0.9703 cells=118036
[ct_train] saved best checkpoint (val_eval_loss=2.6880 val_acc=0.9703)
[ct_train] rechunked train graphs (seed=35)

=== Epoch 35/1000 ===
[train] loss=3.8442 cls=0.4881 cme=2.2374 acc=0.9690 cells=158379
[ct_train] rechunked train graphs (seed=36)

=== Epoch 36/1000 ===
[train] loss=3.8372 cls=0.4849 cme=2.2349 acc=0.9696 cells=158379
[val]   loss=3.8104 eval=2.6861 cls=0.4374 cme=2.2487 acc=0.9707 cells=118036
[ct_train] saved best checkpoint (val_eval_loss=2.6861 val_acc=0.9707)
[ct_train] rechunked train graphs (seed=37)

=== Epoch 37/1000 ===
[train] loss=3.8292 cls=0.4833 cme=2.2306 acc=0.9698 cells=158379
[ct_train] rechunked train graphs (seed=38)

=== Epoch 38/1000 ===
[train] loss=3.8305 cls=0.4832 cme=2.2315 acc=0.9696 cells=158379
[val]   loss=3.8092 eval=2.6854 cls=0.4379 cme=2.2476 acc=0.9705 cells=118036
[ct_train] saved best checkpoint (val_eval_loss=2.6854 val_acc=0.9707)
[ct_train] rechunked train graphs (seed=39)

=== Epoch 39/1000 ===
[train] loss=3.8300 cls=0.4808 cme=2.2328 acc=0.9704 cells=158379
[ct_train] rechunked train graphs (seed=40)

=== Epoch 40/1000 ===
[train] loss=3.8234 cls=0.4790 cme=2.2296 acc=0.9714 cells=158379
[val]   loss=3.8074 eval=2.6843 cls=0.4381 cme=2.2462 acc=0.9704 cells=118036
[ct_train] saved best checkpoint (val_eval_loss=2.6843 val_acc=0.9707)
[ct_train] rechunked train graphs (seed=41)

=== Epoch 41/1000 ===
[train] loss=3.8221 cls=0.4781 cme=2.2293 acc=0.9716 cells=158379
[ct_train] rechunked train graphs (seed=42)

=== Epoch 42/1000 ===
[train] loss=3.8179 cls=0.4763 cme=2.2278 acc=0.9718 cells=158379
[val]   loss=3.7989 eval=2.6775 cls=0.4349 cme=2.2426 acc=0.9715 cells=118036
[ct_train] saved best checkpoint (val_eval_loss=2.6775 val_acc=0.9715)
[ct_train] rechunked train graphs (seed=43)

=== Epoch 43/1000 ===
[train] loss=3.8127 cls=0.4739 cme=2.2259 acc=0.9722 cells=158379
[ct_train] rechunked train graphs (seed=44)

=== Epoch 44/1000 ===
[train] loss=3.8145 cls=0.4745 cme=2.2267 acc=0.9718 cells=158379
[val]   loss=3.7999 eval=2.6782 cls=0.4349 cme=2.2433 acc=0.9714 cells=118036
[ct_train] early_stopping: no improve on val/eval_loss for 1/28 val checks
[ct_train] rechunked train graphs (seed=45)

=== Epoch 45/1000 ===
[train] loss=3.8134 cls=0.4734 cme=2.2266 acc=0.9722 cells=158379
[ct_train] rechunked train graphs (seed=46)

=== Epoch 46/1000 ===
[train] loss=3.8074 cls=0.4719 cme=2.2237 acc=0.9726 cells=158379
[val]   loss=3.7927 eval=2.6727 cls=0.4328 cme=2.2399 acc=0.9718 cells=118036
[ct_train] saved best checkpoint (val_eval_loss=2.6727 val_acc=0.9718)
[ct_train] rechunked train graphs (seed=47)

=== Epoch 47/1000 ===
[train] loss=3.8092 cls=0.4716 cme=2.2251 acc=0.9728 cells=158379
[ct_train] rechunked train graphs (seed=48)

=== Epoch 48/1000 ===
[train] loss=3.8024 cls=0.4692 cme=2.2221 acc=0.9730 cells=158379
[val]   loss=3.7916 eval=2.6717 cls=0.4318 cme=2.2398 acc=0.9717 cells=118036
[ct_train] saved best checkpoint (val_eval_loss=2.6717 val_acc=0.9718)
[ct_train] rechunked train graphs (seed=49)

=== Epoch 49/1000 ===
[train] loss=3.8020 cls=0.4684 cme=2.2224 acc=0.9732 cells=158379
[ct_train] rechunked train graphs (seed=50)

=== Epoch 50/1000 ===
[train] loss=3.7987 cls=0.4675 cme=2.2208 acc=0.9739 cells=158379
[val]   loss=3.7890 eval=2.6703 cls=0.4327 cme=2.2376 acc=0.9720 cells=118036
[ct_train] saved best checkpoint (val_eval_loss=2.6703 val_acc=0.9720)
[ct_train] rechunked train graphs (seed=51)

=== Epoch 51/1000 ===
[train] loss=3.7995 cls=0.4664 cme=2.2220 acc=0.9733 cells=158379
[ct_train] rechunked train graphs (seed=52)

=== Epoch 52/1000 ===
[train] loss=3.7955 cls=0.4653 cme=2.2202 acc=0.9743 cells=158379
[val]   loss=3.7845 eval=2.6666 cls=0.4307 cme=2.2359 acc=0.9725 cells=118036
[ct_train] saved best checkpoint (val_eval_loss=2.6666 val_acc=0.9725)
[ct_train] rechunked train graphs (seed=53)

=== Epoch 53/1000 ===
[train] loss=3.7940 cls=0.4656 cme=2.2189 acc=0.9739 cells=158379
[ct_train] rechunked train graphs (seed=54)

=== Epoch 54/1000 ===
[train] loss=3.7857 cls=0.4641 cme=2.2144 acc=0.9744 cells=158379
[val]   loss=3.7821 eval=2.6644 cls=0.4289 cme=2.2355 acc=0.9727 cells=118036
[ct_train] saved best checkpoint (val_eval_loss=2.6644 val_acc=0.9727)
[ct_train] rechunked train graphs (seed=55)

=== Epoch 55/1000 ===
[train] loss=3.7885 cls=0.4635 cme=2.2167 acc=0.9744 cells=158379
[ct_train] rechunked train graphs (seed=56)

=== Epoch 56/1000 ===
[train] loss=3.7875 cls=0.4616 cme=2.2173 acc=0.9748 cells=158379
[val]   loss=3.7792 eval=2.6621 cls=0.4281 cme=2.2341 acc=0.9730 cells=118036
[ct_train] saved best checkpoint (val_eval_loss=2.6621 val_acc=0.9730)
[ct_train] rechunked train graphs (seed=57)

=== Epoch 57/1000 ===
[train] loss=3.7849 cls=0.4616 cme=2.2155 acc=0.9748 cells=158379
[ct_train] rechunked train graphs (seed=58)

=== Epoch 58/1000 ===
[train] loss=3.7824 cls=0.4606 cme=2.2146 acc=0.9750 cells=158379
[val]   loss=3.7775 eval=2.6610 cls=0.4279 cme=2.2331 acc=0.9731 cells=118036
[ct_train] saved best checkpoint (val_eval_loss=2.6610 val_acc=0.9731)
[ct_train] rechunked train graphs (seed=59)

=== Epoch 59/1000 ===
[train] loss=3.7765 cls=0.4592 cme=2.2115 acc=0.9756 cells=158379
[ct_train] rechunked train graphs (seed=60)

=== Epoch 60/1000 ===
[train] loss=3.7790 cls=0.4587 cme=2.2135 acc=0.9753 cells=158379
[val]   loss=3.7803 eval=2.6626 cls=0.4274 cme=2.2353 acc=0.9731 cells=118036
[ct_train] early_stopping: no improve on val/eval_loss for 1/28 val checks
[ct_train] rechunked train graphs (seed=61)

=== Epoch 61/1000 ===
[train] loss=3.7726 cls=0.4572 cme=2.2103 acc=0.9759 cells=158379
[ct_train] rechunked train graphs (seed=62)

=== Epoch 62/1000 ===
[train] loss=3.7733 cls=0.4570 cme=2.2109 acc=0.9760 cells=158379
[val]   loss=3.7782 eval=2.6616 cls=0.4285 cme=2.2332 acc=0.9730 cells=118036
[ct_train] early_stopping: no improve on val/eval_loss for 2/28 val checks
[ct_train] rechunked train graphs (seed=63)

=== Epoch 63/1000 ===
[train] loss=3.7707 cls=0.4569 cme=2.2092 acc=0.9758 cells=158379
[ct_train] rechunked train graphs (seed=64)

=== Epoch 64/1000 ===
[train] loss=3.7695 cls=0.4562 cme=2.2089 acc=0.9759 cells=158379
[val]   loss=3.7786 eval=2.6608 cls=0.4252 cme=2.2356 acc=0.9737 cells=118036
[ct_train] saved best checkpoint (val_eval_loss=2.6608 val_acc=0.9737)
[ct_train] early_stopping: no improve on val/eval_loss for 3/28 val checks
[ct_train] rechunked train graphs (seed=65)

=== Epoch 65/1000 ===
[train] loss=3.7703 cls=0.4558 cme=2.2097 acc=0.9759 cells=158379
[ct_train] rechunked train graphs (seed=66)

=== Epoch 66/1000 ===
[train] loss=3.7688 cls=0.4540 cme=2.2099 acc=0.9765 cells=158379
[val]   loss=3.7742 eval=2.6580 cls=0.4255 cme=2.2325 acc=0.9735 cells=118036
[ct_train] saved best checkpoint (val_eval_loss=2.6580 val_acc=0.9737)
[ct_train] rechunked train graphs (seed=67)

=== Epoch 67/1000 ===
[train] loss=3.7652 cls=0.4536 cme=2.2077 acc=0.9766 cells=158379
[ct_train] rechunked train graphs (seed=68)

=== Epoch 68/1000 ===
[train] loss=3.7616 cls=0.4532 cme=2.2056 acc=0.9768 cells=158379
[val]   loss=3.7747 eval=2.6583 cls=0.4256 cme=2.2327 acc=0.9736 cells=118036
[ct_train] early_stopping: no improve on val/eval_loss for 1/28 val checks
[ct_train] rechunked train graphs (seed=69)

=== Epoch 69/1000 ===
[train] loss=3.7633 cls=0.4530 cme=2.2069 acc=0.9765 cells=158379
[ct_train] rechunked train graphs (seed=70)

=== Epoch 70/1000 ===
[train] loss=3.7620 cls=0.4527 cme=2.2062 acc=0.9766 cells=158379
[val]   loss=3.7697 eval=2.6547 cls=0.4248 cme=2.2299 acc=0.9736 cells=118036
[ct_train] saved best checkpoint (val_eval_loss=2.6547 val_acc=0.9737)
[ct_train] rechunked train graphs (seed=71)

=== Epoch 71/1000 ===
[train] loss=3.7605 cls=0.4518 cme=2.2058 acc=0.9769 cells=158379
[ct_train] rechunked train graphs (seed=72)

=== Epoch 72/1000 ===
[train] loss=3.7574 cls=0.4503 cme=2.2047 acc=0.9773 cells=158379
[val]   loss=3.7682 eval=2.6530 cls=0.4226 cme=2.2304 acc=0.9741 cells=118036
[ct_train] saved best checkpoint (val_eval_loss=2.6530 val_acc=0.9741)
[ct_train] rechunked train graphs (seed=73)

=== Epoch 73/1000 ===
[train] loss=3.7584 cls=0.4496 cme=2.2059 acc=0.9776 cells=158379
[ct_train] rechunked train graphs (seed=74)

=== Epoch 74/1000 ===
[train] loss=3.7567 cls=0.4498 cme=2.2047 acc=0.9780 cells=158379
[val]   loss=3.7738 eval=2.6579 cls=0.4261 cme=2.2318 acc=0.9734 cells=118036
[ct_train] early_stopping: no improve on val/eval_loss for 1/28 val checks
[ct_train] rechunked train graphs (seed=75)

=== Epoch 75/1000 ===
[train] loss=3.7540 cls=0.4484 cme=2.2038 acc=0.9779 cells=158379
[ct_train] rechunked train graphs (seed=76)

=== Epoch 76/1000 ===
[train] loss=3.7553 cls=0.4488 cme=2.2043 acc=0.9777 cells=158379
[val]   loss=3.7681 eval=2.6533 cls=0.4236 cme=2.2297 acc=0.9741 cells=118036
[ct_train] early_stopping: no improve on val/eval_loss for 2/28 val checks
[ct_train] rechunked train graphs (seed=77)

=== Epoch 77/1000 ===
[train] loss=3.7526 cls=0.4489 cme=2.2024 acc=0.9776 cells=158379
[ct_train] rechunked train graphs (seed=78)

=== Epoch 78/1000 ===
[train] loss=3.7514 cls=0.4482 cme=2.2022 acc=0.9777 cells=158379
[val]   loss=3.7664 eval=2.6523 cls=0.4242 cme=2.2281 acc=0.9739 cells=118036
[ct_train] saved best checkpoint (val_eval_loss=2.6523 val_acc=0.9741)
[ct_train] rechunked train graphs (seed=79)

=== Epoch 79/1000 ===
[train] loss=3.7467 cls=0.4466 cme=2.2001 acc=0.9782 cells=158379
[ct_train] rechunked train graphs (seed=80)

=== Epoch 80/1000 ===
[train] loss=3.7487 cls=0.4470 cme=2.2011 acc=0.9784 cells=158379
[val]   loss=3.7697 eval=2.6542 cls=0.4232 cme=2.2310 acc=0.9741 cells=118036
[ct_train] early_stopping: no improve on val/eval_loss for 1/28 val checks
[ct_train] rechunked train graphs (seed=81)

=== Epoch 81/1000 ===
[train] loss=3.7478 cls=0.4461 cme=2.2011 acc=0.9781 cells=158379
[ct_train] rechunked train graphs (seed=82)

=== Epoch 82/1000 ===
[train] loss=3.7445 cls=0.4457 cme=2.1993 acc=0.9782 cells=158379
[val]   loss=3.7751 eval=2.6582 cls=0.4245 cme=2.2338 acc=0.9735 cells=118036
[ct_train] early_stopping: no improve on val/eval_loss for 2/28 val checks
[ct_train] rechunked train graphs (seed=83)

=== Epoch 83/1000 ===
[train] loss=3.7469 cls=0.4455 cme=2.2010 acc=0.9783 cells=158379
[ct_train] rechunked train graphs (seed=84)

=== Epoch 84/1000 ===
[train] loss=3.7382 cls=0.4437 cme=2.1963 acc=0.9788 cells=158379
[val]   loss=3.7660 eval=2.6521 cls=0.4244 cme=2.2277 acc=0.9735 cells=118036
[ct_train] saved best checkpoint (val_eval_loss=2.6521 val_acc=0.9741)
[ct_train] early_stopping: no improve on val/eval_loss for 3/28 val checks
[ct_train] rechunked train graphs (seed=85)

=== Epoch 85/1000 ===
[train] loss=3.7409 cls=0.4436 cme=2.1982 acc=0.9793 cells=158379
[ct_train] rechunked train graphs (seed=86)

=== Epoch 86/1000 ===
[train] loss=3.7401 cls=0.4422 cme=2.1986 acc=0.9796 cells=158379
[val]   loss=3.7624 eval=2.6492 cls=0.4228 cme=2.2264 acc=0.9742 cells=118036
[ct_train] saved best checkpoint (val_eval_loss=2.6492 val_acc=0.9742)
[ct_train] rechunked train graphs (seed=87)

=== Epoch 87/1000 ===
[train] loss=3.7368 cls=0.4432 cme=2.1958 acc=0.9791 cells=158379
[ct_train] rechunked train graphs (seed=88)

=== Epoch 88/1000 ===
[train] loss=3.7381 cls=0.4422 cme=2.1972 acc=0.9793 cells=158379
[val]   loss=3.7621 eval=2.6485 cls=0.4214 cme=2.2271 acc=0.9746 cells=118036
[ct_train] saved best checkpoint (val_eval_loss=2.6485 val_acc=0.9746)
[ct_train] rechunked train graphs (seed=89)

=== Epoch 89/1000 ===
[train] loss=3.7386 cls=0.4423 cme=2.1975 acc=0.9792 cells=158379
[ct_train] rechunked train graphs (seed=90)

=== Epoch 90/1000 ===
[train] loss=3.7308 cls=0.4407 cme=2.1934 acc=0.9793 cells=158379
[val]   loss=3.7605 eval=2.6475 cls=0.4215 cme=2.2259 acc=0.9746 cells=118036
[ct_train] saved best checkpoint (val_eval_loss=2.6475 val_acc=0.9746)
[ct_train] rechunked train graphs (seed=91)

=== Epoch 91/1000 ===
[train] loss=3.7389 cls=0.4413 cme=2.1984 acc=0.9796 cells=158379
[ct_train] rechunked train graphs (seed=92)

=== Epoch 92/1000 ===
[train] loss=3.7348 cls=0.4402 cme=2.1964 acc=0.9797 cells=158379
[val]   loss=3.7765 eval=2.6582 cls=0.4215 cme=2.2367 acc=0.9743 cells=118036
[ct_train] early_stopping: no improve on val/eval_loss for 1/28 val checks
[ct_train] rechunked train graphs (seed=93)

=== Epoch 93/1000 ===
[train] loss=3.7372 cls=0.4401 cme=2.1980 acc=0.9799 cells=158379
[ct_train] rechunked train graphs (seed=94)

=== Epoch 94/1000 ===
[train] loss=3.7322 cls=0.4398 cme=2.1949 acc=0.9798 cells=158379
[val]   loss=3.7651 eval=2.6508 cls=0.4222 cme=2.2286 acc=0.9744 cells=118036
[ct_train] early_stopping: no improve on val/eval_loss for 2/28 val checks
[ct_train] rechunked train graphs (seed=95)

=== Epoch 95/1000 ===
[train] loss=3.7314 cls=0.4394 cme=2.1946 acc=0.9799 cells=158379
[ct_train] rechunked train graphs (seed=96)

=== Epoch 96/1000 ===
[train] loss=3.7303 cls=0.4398 cme=2.1937 acc=0.9798 cells=158379
[val]   loss=3.7603 eval=2.6469 cls=0.4201 cme=2.2268 acc=0.9746 cells=118036
[ct_train] saved best checkpoint (val_eval_loss=2.6469 val_acc=0.9746)
[ct_train] rechunked train graphs (seed=97)

=== Epoch 97/1000 ===
[train] loss=3.7289 cls=0.4389 cme=2.1933 acc=0.9800 cells=158379
[ct_train] rechunked train graphs (seed=98)

=== Epoch 98/1000 ===
[train] loss=3.7297 cls=0.4381 cme=2.1944 acc=0.9800 cells=158379
[val]   loss=3.7574 eval=2.6451 cls=0.4205 cme=2.2246 acc=0.9745 cells=118036
[ct_train] saved best checkpoint (val_eval_loss=2.6451 val_acc=0.9746)
[ct_train] rechunked train graphs (seed=99)

=== Epoch 99/1000 ===
[train] loss=3.7276 cls=0.4382 cme=2.1929 acc=0.9803 cells=158379
[ct_train] rechunked train graphs (seed=100)

=== Epoch 100/1000 ===
[train] loss=3.7260 cls=0.4371 cme=2.1926 acc=0.9806 cells=158379
[val]   loss=3.7599 eval=2.6468 cls=0.4206 cme=2.2262 acc=0.9748 cells=118036
[ct_train] early_stopping: no improve on val/eval_loss for 1/28 val checks
[ct_train] rechunked train graphs (seed=101)

=== Epoch 101/1000 ===
[train] loss=3.7245 cls=0.4372 cme=2.1915 acc=0.9803 cells=158379
[ct_train] rechunked train graphs (seed=102)

=== Epoch 102/1000 ===
[train] loss=3.7254 cls=0.4379 cme=2.1916 acc=0.9804 cells=158379
[val]   loss=3.7569 eval=2.6448 cls=0.4207 cme=2.2241 acc=0.9746 cells=118036
[ct_train] saved best checkpoint (val_eval_loss=2.6448 val_acc=0.9748)
[ct_train] early_stopping: no improve on val/eval_loss for 2/28 val checks
[ct_train] rechunked train graphs (seed=103)

=== Epoch 103/1000 ===
[train] loss=3.7236 cls=0.4366 cme=2.1913 acc=0.9806 cells=158379
[ct_train] rechunked train graphs (seed=104)

=== Epoch 104/1000 ===
[train] loss=3.7207 cls=0.4362 cme=2.1897 acc=0.9810 cells=158379
[val]   loss=3.7576 eval=2.6450 cls=0.4200 cme=2.2250 acc=0.9748 cells=118036
[ct_train] early_stopping: no improve on val/eval_loss for 3/28 val checks
[ct_train] rechunked train graphs (seed=105)

=== Epoch 105/1000 ===
[train] loss=3.7201 cls=0.4361 cme=2.1893 acc=0.9808 cells=158379
[ct_train] rechunked train graphs (seed=106)

=== Epoch 106/1000 ===
[train] loss=3.7186 cls=0.4351 cme=2.1890 acc=0.9810 cells=158379
[val]   loss=3.7592 eval=2.6474 cls=0.4239 cme=2.2235 acc=0.9737 cells=118036
[ct_train] early_stopping: no improve on val/eval_loss for 4/28 val checks
[ct_train] rechunked train graphs (seed=107)

=== Epoch 107/1000 ===
[train] loss=3.7168 cls=0.4345 cme=2.1882 acc=0.9810 cells=158379
[ct_train] rechunked train graphs (seed=108)

=== Epoch 108/1000 ===
[train] loss=3.7208 cls=0.4343 cme=2.1910 acc=0.9811 cells=158379
[val]   loss=3.7608 eval=2.6475 cls=0.4211 cme=2.2264 acc=0.9743 cells=118036
[ct_train] early_stopping: no improve on val/eval_loss for 5/28 val checks
[ct_train] rechunked train graphs (seed=109)

=== Epoch 109/1000 ===
[train] loss=3.7201 cls=0.4346 cme=2.1903 acc=0.9808 cells=158379
[ct_train] rechunked train graphs (seed=110)

=== Epoch 110/1000 ===
[train] loss=3.7185 cls=0.4340 cme=2.1896 acc=0.9808 cells=158379
[val]   loss=3.7517 eval=2.6406 cls=0.4186 cme=2.2221 acc=0.9751 cells=118036
[ct_train] saved best checkpoint (val_eval_loss=2.6406 val_acc=0.9751)
[ct_train] rechunked train graphs (seed=111)

=== Epoch 111/1000 ===
[train] loss=3.7210 cls=0.4326 cme=2.1923 acc=0.9814 cells=158379
[ct_train] rechunked train graphs (seed=112)

=== Epoch 112/1000 ===
[train] loss=3.7192 cls=0.4323 cme=2.1913 acc=0.9817 cells=158379
[val]   loss=3.7566 eval=2.6439 cls=0.4183 cme=2.2255 acc=0.9756 cells=118036
[ct_train] early_stopping: no improve on val/eval_loss for 1/28 val checks
[ct_train] rechunked train graphs (seed=113)

=== Epoch 113/1000 ===
[train] loss=3.7178 cls=0.4325 cme=2.1902 acc=0.9818 cells=158379
[ct_train] rechunked train graphs (seed=114)

=== Epoch 114/1000 ===
[train] loss=3.7141 cls=0.4320 cme=2.1880 acc=0.9817 cells=158379
[val]   loss=3.7592 eval=2.6465 cls=0.4212 cme=2.2253 acc=0.9744 cells=118036
[ct_train] early_stopping: no improve on val/eval_loss for 2/28 val checks
[ct_train] rechunked train graphs (seed=115)

=== Epoch 115/1000 ===
[train] loss=3.7125 cls=0.4315 cme=2.1873 acc=0.9819 cells=158379
[ct_train] rechunked train graphs (seed=116)

=== Epoch 116/1000 ===
[train] loss=3.7142 cls=0.4316 cme=2.1884 acc=0.9819 cells=158379
[val]   loss=3.7542 eval=2.6438 cls=0.4230 cme=2.2208 acc=0.9739 cells=118036
[ct_train] early_stopping: no improve on val/eval_loss for 3/28 val checks
[ct_train] rechunked train graphs (seed=117)

=== Epoch 117/1000 ===
[train] loss=3.7104 cls=0.4313 cme=2.1861 acc=0.9817 cells=158379
[ct_train] rechunked train graphs (seed=118)

=== Epoch 118/1000 ===
[train] loss=3.7106 cls=0.4320 cme=2.1857 acc=0.9816 cells=158379
[val]   loss=3.7583 eval=2.6456 cls=0.4201 cme=2.2254 acc=0.9746 cells=118036
[ct_train] early_stopping: no improve on val/eval_loss for 4/28 val checks
[ct_train] rechunked train graphs (seed=119)

=== Epoch 119/1000 ===
[train] loss=3.7081 cls=0.4309 cme=2.1848 acc=0.9819 cells=158379
[ct_train] rechunked train graphs (seed=120)

=== Epoch 120/1000 ===
[train] loss=3.7077 cls=0.4306 cme=2.1847 acc=0.9821 cells=158379
[val]   loss=3.7571 eval=2.6445 cls=0.4194 cme=2.2251 acc=0.9748 cells=118036
[ct_train] early_stopping: no improve on val/eval_loss for 5/28 val checks
[ct_train] rechunked train graphs (seed=121)

=== Epoch 121/1000 ===
[train] loss=3.7052 cls=0.4290 cme=2.1841 acc=0.9825 cells=158379
[ct_train] rechunked train graphs (seed=122)

=== Epoch 122/1000 ===
[train] loss=3.7034 cls=0.4297 cme=2.1825 acc=0.9824 cells=158379
[val]   loss=3.7563 eval=2.6437 cls=0.4187 cme=2.2251 acc=0.9752 cells=118036
[ct_train] early_stopping: no improve on val/eval_loss for 6/28 val checks
[ct_train] rechunked train graphs (seed=123)

=== Epoch 123/1000 ===
[train] loss=3.7074 cls=0.4291 cme=2.1855 acc=0.9822 cells=158379
[ct_train] rechunked train graphs (seed=124)

=== Epoch 124/1000 ===
[train] loss=3.7063 cls=0.4288 cme=2.1850 acc=0.9825 cells=158379
[val]   loss=3.7515 eval=2.6405 cls=0.4184 cme=2.2221 acc=0.9753 cells=118036
[ct_train] saved best checkpoint (val_eval_loss=2.6405 val_acc=0.9756)
[ct_train] early_stopping: no improve on val/eval_loss for 7/28 val checks
[ct_train] rechunked train graphs (seed=125)

=== Epoch 125/1000 ===
[train] loss=3.7056 cls=0.4291 cme=2.1843 acc=0.9822 cells=158379
[ct_train] rechunked train graphs (seed=126)

=== Epoch 126/1000 ===
[train] loss=3.7036 cls=0.4279 cme=2.1838 acc=0.9827 cells=158379
[val]   loss=3.7540 eval=2.6424 cls=0.4192 cme=2.2232 acc=0.9750 cells=118036
[ct_train] early_stopping: no improve on val/eval_loss for 8/28 val checks
[ct_train] rechunked train graphs (seed=127)

=== Epoch 127/1000 ===
[train] loss=3.7032 cls=0.4273 cme=2.1840 acc=0.9830 cells=158379
[ct_train] rechunked train graphs (seed=128)

=== Epoch 128/1000 ===
[train] loss=3.7019 cls=0.4275 cme=2.1830 acc=0.9830 cells=158379
[val]   loss=3.7551 eval=2.6437 cls=0.4209 cme=2.2228 acc=0.9747 cells=118036
[ct_train] early_stopping: no improve on val/eval_loss for 9/28 val checks
[ct_train] rechunked train graphs (seed=129)

=== Epoch 129/1000 ===
[train] loss=3.6984 cls=0.4269 cme=2.1810 acc=0.9832 cells=158379
[ct_train] rechunked train graphs (seed=130)

=== Epoch 130/1000 ===
[train] loss=3.7014 cls=0.4260 cme=2.1836 acc=0.9832 cells=158379
[val]   loss=3.7522 eval=2.6416 cls=0.4203 cme=2.2213 acc=0.9748 cells=118036
[ct_train] early_stopping: no improve on val/eval_loss for 10/28 val checks
[ct_train] rechunked train graphs (seed=131)

=== Epoch 131/1000 ===
[train] loss=3.6991 cls=0.4260 cme=2.1820 acc=0.9830 cells=158379
[ct_train] rechunked train graphs (seed=132)

=== Epoch 132/1000 ===
[train] loss=3.6959 cls=0.4263 cme=2.1798 acc=0.9831 cells=158379
[val]   loss=3.7520 eval=2.6414 cls=0.4203 cme=2.2212 acc=0.9750 cells=118036
[ct_train] early_stopping: no improve on val/eval_loss for 11/28 val checks
[ct_train] rechunked train graphs (seed=133)

=== Epoch 133/1000 ===
[train] loss=3.6959 cls=0.4263 cme=2.1798 acc=0.9830 cells=158379
[ct_train] rechunked train graphs (seed=134)

=== Epoch 134/1000 ===
[train] loss=3.6977 cls=0.4259 cme=2.1812 acc=0.9831 cells=158379
[val]   loss=3.7620 eval=2.6479 cls=0.4199 cme=2.2281 acc=0.9749 cells=118036
[ct_train] early_stopping: no improve on val/eval_loss for 12/28 val checks
[ct_train] rechunked train graphs (seed=135)

=== Epoch 135/1000 ===
[train] loss=3.6944 cls=0.4259 cme=2.1790 acc=0.9832 cells=158379
[ct_train] rechunked train graphs (seed=136)

=== Epoch 136/1000 ===
[train] loss=3.6927 cls=0.4248 cme=2.1786 acc=0.9835 cells=158379
[val]   loss=3.7476 eval=2.6376 cls=0.4177 cme=2.2199 acc=0.9756 cells=118036
[ct_train] saved best checkpoint (val_eval_loss=2.6376 val_acc=0.9756)
[ct_train] rechunked train graphs (seed=137)

=== Epoch 137/1000 ===
[train] loss=3.6910 cls=0.4240 cme=2.1780 acc=0.9837 cells=158379
[ct_train] rechunked train graphs (seed=138)

=== Epoch 138/1000 ===
[train] loss=3.6937 cls=0.4241 cme=2.1798 acc=0.9838 cells=158379
[val]   loss=3.7482 eval=2.6384 cls=0.4187 cme=2.2196 acc=0.9755 cells=118036
[ct_train] early_stopping: no improve on val/eval_loss for 1/28 val checks
[ct_train] rechunked train graphs (seed=139)

=== Epoch 139/1000 ===
[train] loss=3.6904 cls=0.4240 cme=2.1776 acc=0.9838 cells=158379
[ct_train] rechunked train graphs (seed=140)

=== Epoch 140/1000 ===
[train] loss=3.6920 cls=0.4230 cme=2.1793 acc=0.9839 cells=158379
[val]   loss=3.7507 eval=2.6401 cls=0.4190 cme=2.2212 acc=0.9751 cells=118036
[ct_train] early_stopping: no improve on val/eval_loss for 2/28 val checks
[ct_train] rechunked train graphs (seed=141)

=== Epoch 141/1000 ===
[train] loss=3.6904 cls=0.4228 cme=2.1784 acc=0.9840 cells=158379
[ct_train] rechunked train graphs (seed=142)

=== Epoch 142/1000 ===
[train] loss=3.6927 cls=0.4231 cme=2.1797 acc=0.9840 cells=158379
[val]   loss=3.7539 eval=2.6424 cls=0.4192 cme=2.2232 acc=0.9752 cells=118036
[ct_train] early_stopping: no improve on val/eval_loss for 3/28 val checks
[ct_train] rechunked train graphs (seed=143)

=== Epoch 143/1000 ===
[train] loss=3.6886 cls=0.4229 cme=2.1771 acc=0.9841 cells=158379
[ct_train] rechunked train graphs (seed=144)

=== Epoch 144/1000 ===
[train] loss=3.6884 cls=0.4228 cme=2.1771 acc=0.9842 cells=158379
[val]   loss=3.7455 eval=2.6368 cls=0.4192 cme=2.2176 acc=0.9748 cells=118036
[ct_train] saved best checkpoint (val_eval_loss=2.6368 val_acc=0.9756)
[ct_train] rechunked train graphs (seed=145)

=== Epoch 145/1000 ===
[train] loss=3.6856 cls=0.4219 cme=2.1758 acc=0.9842 cells=158379
[ct_train] rechunked train graphs (seed=146)

=== Epoch 146/1000 ===
[train] loss=3.6874 cls=0.4216 cme=2.1772 acc=0.9846 cells=158379
[val]   loss=3.7485 eval=2.6391 cls=0.4203 cme=2.2188 acc=0.9749 cells=118036
[ct_train] early_stopping: no improve on val/eval_loss for 1/28 val checks
[ct_train] rechunked train graphs (seed=147)

=== Epoch 147/1000 ===
[train] loss=3.6880 cls=0.4218 cme=2.1775 acc=0.9846 cells=158379
[ct_train] rechunked train graphs (seed=148)

=== Epoch 148/1000 ===
[train] loss=3.6848 cls=0.4215 cme=2.1755 acc=0.9846 cells=158379
[val]   loss=3.7476 eval=2.6374 cls=0.4171 cme=2.2203 acc=0.9762 cells=118036
[ct_train] early_stopping: no improve on val/eval_loss for 2/28 val checks
[ct_train] rechunked train graphs (seed=149)

=== Epoch 149/1000 ===
[train] loss=3.6866 cls=0.4211 cme=2.1770 acc=0.9843 cells=158379
[ct_train] rechunked train graphs (seed=150)

=== Epoch 150/1000 ===
[train] loss=3.6870 cls=0.4197 cme=2.1782 acc=0.9849 cells=158379
[val]   loss=3.7496 eval=2.6399 cls=0.4203 cme=2.2195 acc=0.9750 cells=118036
[ct_train] early_stopping: no improve on val/eval_loss for 3/28 val checks
[ct_train] rechunked train graphs (seed=151)

=== Epoch 151/1000 ===
[train] loss=3.6860 cls=0.4209 cme=2.1767 acc=0.9846 cells=158379
[ct_train] rechunked train graphs (seed=152)

=== Epoch 152/1000 ===
[train] loss=3.6867 cls=0.4197 cme=2.1780 acc=0.9853 cells=158379
[val]   loss=3.7470 eval=2.6379 cls=0.4196 cme=2.2182 acc=0.9751 cells=118036
[ct_train] early_stopping: no improve on val/eval_loss for 4/28 val checks
[ct_train] rechunked train graphs (seed=153)

=== Epoch 153/1000 ===
[train] loss=3.6835 cls=0.4190 cme=2.1763 acc=0.9851 cells=158379
[ct_train] rechunked train graphs (seed=154)

=== Epoch 154/1000 ===
[train] loss=3.6803 cls=0.4186 cme=2.1744 acc=0.9853 cells=158379
[val]   loss=3.7567 eval=2.6443 cls=0.4197 cme=2.2246 acc=0.9751 cells=118036
[ct_train] early_stopping: no improve on val/eval_loss for 5/28 val checks
[ct_train] rechunked train graphs (seed=155)

=== Epoch 155/1000 ===
[train] loss=3.6845 cls=0.4202 cme=2.1762 acc=0.9850 cells=158379
[ct_train] rechunked train graphs (seed=156)

=== Epoch 156/1000 ===
[train] loss=3.6823 cls=0.4191 cme=2.1755 acc=0.9853 cells=158379
[val]   loss=3.7485 eval=2.6389 cls=0.4198 cme=2.2191 acc=0.9752 cells=118036
[ct_train] early_stopping: no improve on val/eval_loss for 6/28 val checks
[ct_train] rechunked train graphs (seed=157)

=== Epoch 157/1000 ===
[train] loss=3.6807 cls=0.4187 cme=2.1747 acc=0.9852 cells=158379
[ct_train] rechunked train graphs (seed=158)

=== Epoch 158/1000 ===
[train] loss=3.6810 cls=0.4185 cme=2.1750 acc=0.9853 cells=158379
[val]   loss=3.7546 eval=2.6429 cls=0.4194 cme=2.2235 acc=0.9751 cells=118036
[ct_train] early_stopping: no improve on val/eval_loss for 7/28 val checks
[ct_train] rechunked train graphs (seed=159)

=== Epoch 159/1000 ===
[train] loss=3.6798 cls=0.4174 cme=2.1749 acc=0.9854 cells=158379
[ct_train] rechunked train graphs (seed=160)

=== Epoch 160/1000 ===
[train] loss=3.6758 cls=0.4175 cme=2.1722 acc=0.9856 cells=158379
[val]   loss=3.7477 eval=2.6385 cls=0.4201 cme=2.2184 acc=0.9756 cells=118036
[ct_train] early_stopping: no improve on val/eval_loss for 8/28 val checks
[ct_train] rechunked train graphs (seed=161)

=== Epoch 161/1000 ===
[train] loss=3.6793 cls=0.4185 cme=2.1739 acc=0.9852 cells=158379
[ct_train] rechunked train graphs (seed=162)

=== Epoch 162/1000 ===
[train] loss=3.6836 cls=0.4168 cme=2.1778 acc=0.9857 cells=158379
[val]   loss=3.7467 eval=2.6376 cls=0.4194 cme=2.2182 acc=0.9756 cells=118036
[ct_train] early_stopping: no improve on val/eval_loss for 9/28 val checks
[ct_train] rechunked train graphs (seed=163)

=== Epoch 163/1000 ===
[train] loss=3.6750 cls=0.4168 cme=2.1721 acc=0.9861 cells=158379
[ct_train] rechunked train graphs (seed=164)

=== Epoch 164/1000 ===
[train] loss=3.6764 cls=0.4176 cme=2.1726 acc=0.9854 cells=158379
[val]   loss=3.7458 eval=2.6368 cls=0.4187 cme=2.2181 acc=0.9757 cells=118036
[ct_train] early_stopping: no improve on val/eval_loss for 10/28 val checks
[ct_train] rechunked train graphs (seed=165)

=== Epoch 165/1000 ===
[train] loss=3.6736 cls=0.4166 cme=2.1714 acc=0.9859 cells=158379
[ct_train] rechunked train graphs (seed=166)

=== Epoch 166/1000 ===
[train] loss=3.6722 cls=0.4153 cme=2.1712 acc=0.9863 cells=158379
[val]   loss=3.7486 eval=2.6388 cls=0.4190 cme=2.2197 acc=0.9758 cells=118036
[ct_train] early_stopping: no improve on val/eval_loss for 11/28 val checks
[ct_train] rechunked train graphs (seed=167)

=== Epoch 167/1000 ===
[train] loss=3.6725 cls=0.4160 cme=2.1710 acc=0.9861 cells=158379
[ct_train] rechunked train graphs (seed=168)

=== Epoch 168/1000 ===
[train] loss=3.6773 cls=0.4167 cme=2.1738 acc=0.9858 cells=158379
[val]   loss=3.7495 eval=2.6395 cls=0.4194 cme=2.2201 acc=0.9754 cells=118036
[ct_train] early_stopping: no improve on val/eval_loss for 12/28 val checks
[ct_train] rechunked train graphs (seed=169)

=== Epoch 169/1000 ===
[train] loss=3.6729 cls=0.4151 cme=2.1718 acc=0.9864 cells=158379
[ct_train] rechunked train graphs (seed=170)

=== Epoch 170/1000 ===
[train] loss=3.6704 cls=0.4159 cme=2.1697 acc=0.9859 cells=158379
[val]   loss=3.7494 eval=2.6399 cls=0.4208 cme=2.2191 acc=0.9754 cells=118036
[ct_train] early_stopping: no improve on val/eval_loss for 13/28 val checks
[ct_train] rechunked train graphs (seed=171)

=== Epoch 171/1000 ===
[train] loss=3.6693 cls=0.4149 cme=2.1696 acc=0.9865 cells=158379
[ct_train] rechunked train graphs (seed=172)

=== Epoch 172/1000 ===
[train] loss=3.6714 cls=0.4149 cme=2.1710 acc=0.9863 cells=158379
[val]   loss=3.7493 eval=2.6391 cls=0.4186 cme=2.2205 acc=0.9757 cells=118036
[ct_train] early_stopping: no improve on val/eval_loss for 14/28 val checks
[ct_train] rechunked train graphs (seed=173)

=== Epoch 173/1000 ===
[train] loss=3.6716 cls=0.4151 cme=2.1710 acc=0.9861 cells=158379
[ct_train] rechunked train graphs (seed=174)

=== Epoch 174/1000 ===
[train] loss=3.6706 cls=0.4157 cme=2.1699 acc=0.9861 cells=158379
[val]   loss=3.7481 eval=2.6385 cls=0.4192 cme=2.2193 acc=0.9756 cells=118036
[ct_train] early_stopping: no improve on val/eval_loss for 15/28 val checks
[ct_train] rechunked train graphs (seed=175)

=== Epoch 175/1000 ===
[train] loss=3.6712 cls=0.4141 cme=2.1714 acc=0.9865 cells=158379
[ct_train] rechunked train graphs (seed=176)

=== Epoch 176/1000 ===
[train] loss=3.6671 cls=0.4135 cme=2.1691 acc=0.9869 cells=158379
[val]   loss=3.7561 eval=2.6447 cls=0.4220 cme=2.2227 acc=0.9748 cells=118036
[ct_train] early_stopping: no improve on val/eval_loss for 16/28 val checks
[ct_train] rechunked train graphs (seed=177)

=== Epoch 177/1000 ===
[train] loss=3.6677 cls=0.4133 cme=2.1696 acc=0.9866 cells=158379
[ct_train] rechunked train graphs (seed=178)

=== Epoch 178/1000 ===
[train] loss=3.6688 cls=0.4144 cme=2.1696 acc=0.9864 cells=158379
[val]   loss=3.7508 eval=2.6414 cls=0.4226 cme=2.2188 acc=0.9746 cells=118036
[ct_train] early_stopping: no improve on val/eval_loss for 17/28 val checks
[ct_train] rechunked train graphs (seed=179)

=== Epoch 179/1000 ===
[train] loss=3.6717 cls=0.4142 cme=2.1717 acc=0.9865 cells=158379
[ct_train] rechunked train graphs (seed=180)

=== Epoch 180/1000 ===
[train] loss=3.6672 cls=0.4139 cme=2.1689 acc=0.9867 cells=158379
[val]   loss=3.7521 eval=2.6417 cls=0.4207 cme=2.2209 acc=0.9749 cells=118036
[ct_train] early_stopping: no improve on val/eval_loss for 18/28 val checks
[ct_train] rechunked train graphs (seed=181)

=== Epoch 181/1000 ===
[train] loss=3.6697 cls=0.4128 cme=2.1713 acc=0.9869 cells=158379
[ct_train] rechunked train graphs (seed=182)

=== Epoch 182/1000 ===
[train] loss=3.6624 cls=0.4119 cme=2.1670 acc=0.9873 cells=158379
[val]   loss=3.7479 eval=2.6386 cls=0.4199 cme=2.2187 acc=0.9756 cells=118036
[ct_train] early_stopping: no improve on val/eval_loss for 19/28 val checks
[ct_train] rechunked train graphs (seed=183)

=== Epoch 183/1000 ===
[train] loss=3.6630 cls=0.4115 cme=2.1677 acc=0.9873 cells=158379
[ct_train] rechunked train graphs (seed=184)

=== Epoch 184/1000 ===
[train] loss=3.6652 cls=0.4118 cme=2.1689 acc=0.9872 cells=158379
[val]   loss=3.7468 eval=2.6378 cls=0.4198 cme=2.2180 acc=0.9759 cells=118036
[ct_train] early_stopping: no improve on val/eval_loss for 20/28 val checks
[ct_train] rechunked train graphs (seed=185)

=== Epoch 185/1000 ===
[train] loss=3.6629 cls=0.4110 cme=2.1679 acc=0.9877 cells=158379
[ct_train] rechunked train graphs (seed=186)

=== Epoch 186/1000 ===
[train] loss=3.6595 cls=0.4112 cme=2.1655 acc=0.9873 cells=158379
[val]   loss=3.7545 eval=2.6438 cls=0.4225 cme=2.2213 acc=0.9754 cells=118036
[ct_train] early_stopping: no improve on val/eval_loss for 21/28 val checks
[ct_train] rechunked train graphs (seed=187)

=== Epoch 187/1000 ===
[train] loss=3.6619 cls=0.4109 cme=2.1673 acc=0.9874 cells=158379
[ct_train] rechunked train graphs (seed=188)

=== Epoch 188/1000 ===
[train] loss=3.6639 cls=0.4105 cme=2.1689 acc=0.9878 cells=158379
[val]   loss=3.7447 eval=2.6365 cls=0.4200 cme=2.2165 acc=0.9759 cells=118036
[ct_train] saved best checkpoint (val_eval_loss=2.6365 val_acc=0.9762)
[ct_train] early_stopping: no improve on val/eval_loss for 22/28 val checks
[ct_train] rechunked train graphs (seed=189)

=== Epoch 189/1000 ===
[train] loss=3.6620 cls=0.4112 cme=2.1673 acc=0.9874 cells=158379
[ct_train] rechunked train graphs (seed=190)

=== Epoch 190/1000 ===
[train] loss=3.6604 cls=0.4107 cme=2.1665 acc=0.9875 cells=158379
[val]   loss=3.7474 eval=2.6389 cls=0.4220 cme=2.2169 acc=0.9752 cells=118036
[ct_train] early_stopping: no improve on val/eval_loss for 23/28 val checks
[ct_train] rechunked train graphs (seed=191)

=== Epoch 191/1000 ===
[train] loss=3.6623 cls=0.4106 cme=2.1678 acc=0.9877 cells=158379
[ct_train] rechunked train graphs (seed=192)

=== Epoch 192/1000 ===
[train] loss=3.6625 cls=0.4097 cme=2.1686 acc=0.9881 cells=158379
[val]   loss=3.7502 eval=2.6407 cls=0.4216 cme=2.2191 acc=0.9754 cells=118036
[ct_train] early_stopping: no improve on val/eval_loss for 24/28 val checks
[ct_train] rechunked train graphs (seed=193)

=== Epoch 193/1000 ===
[train] loss=3.6606 cls=0.4101 cme=2.1670 acc=0.9875 cells=158379
[ct_train] rechunked train graphs (seed=194)

=== Epoch 194/1000 ===
[train] loss=3.6595 cls=0.4092 cme=2.1668 acc=0.9879 cells=158379
[val]   loss=3.7477 eval=2.6385 cls=0.4202 cme=2.2183 acc=0.9760 cells=118036
[ct_train] early_stopping: no improve on val/eval_loss for 25/28 val checks
[ct_train] rechunked train graphs (seed=195)

=== Epoch 195/1000 ===
[train] loss=3.6581 cls=0.4098 cme=2.1656 acc=0.9879 cells=158379
[ct_train] rechunked train graphs (seed=196)

=== Epoch 196/1000 ===
[train] loss=3.6586 cls=0.4091 cme=2.1663 acc=0.9883 cells=158379
[val]   loss=3.7554 eval=2.6442 cls=0.4219 cme=2.2224 acc=0.9754 cells=118036
[ct_train] early_stopping: no improve on val/eval_loss for 26/28 val checks
[ct_train] rechunked train graphs (seed=197)

=== Epoch 197/1000 ===
[train] loss=3.6581 cls=0.4087 cme=2.1663 acc=0.9883 cells=158379
[ct_train] rechunked train graphs (seed=198)

=== Epoch 198/1000 ===
[train] loss=3.6597 cls=0.4086 cme=2.1674 acc=0.9883 cells=158379
[val]   loss=3.7476 eval=2.6382 cls=0.4193 cme=2.2189 acc=0.9761 cells=118036
[ct_train] early_stopping: no improve on val/eval_loss for 27/28 val checks
[ct_train] rechunked train graphs (seed=199)

=== Epoch 199/1000 ===
[train] loss=3.6588 cls=0.4088 cme=2.1666 acc=0.9879 cells=158379
[ct_train] rechunked train graphs (seed=200)

=== Epoch 200/1000 ===
[train] loss=3.6521 cls=0.4075 cme=2.1630 acc=0.9886 cells=158379
[val]   loss=3.7488 eval=2.6395 cls=0.4208 cme=2.2186 acc=0.9760 cells=118036
[ct_train] early_stopping: no improve on val/eval_loss for 28/28 val checks
[ct_train] early stopping at epoch 200 (patience=28, monitor=val/eval_loss)

[ct_train] done. best_val_acc=0.9762  best_val_eval_loss=2.6365  checkpoints=/home/abel/code/Tissue-Reassembly-using-GenAI-and-new-metrics/exploration/cell_types/outputs/exp019_nostage_seed1  logs=/home/abel/code/Tissue-Reassembly-using-GenAI-and-new-metrics/exploration/cell_types/logs/exp019_nostage_seed1/20260807_204326
wandb: updating run metadata
wandb: uploading output.log; uploading wandb-summary.json; uploading config.yaml
wandb: 
wandb: Run summary:
wandb:                      best_epoch 188
wandb:                    best_val_acc 0.97615
wandb:              best_val_eval_loss 2.63649
wandb:                           epoch 200
wandb:                              lr 0.0002
wandb:           model/parameter_count 1036124
wandb: model/trainable_parameter_count 1036124
wandb:                       train/acc 0.9886
wandb:       train/acc_per_class/Astro 0.99181
wandb:        train/acc_per_class/Endo 0.98592
wandb:                             +54 ...
wandb: 
wandb:  View run exp019_nostage_seed1 at: https://wandb.ai/abel-salmona-polytechnique-montr-al/cell_types/runs/qyj9xi8i
wandb:  View project at: https://wandb.ai/abel-salmona-polytechnique-montr-al/cell_types
wandb: Synced 5 W&B file(s), 1 media file(s), 2 artifact file(s) and 1 other file(s)
wandb: Find logs at: ./exploration/cell_types/logs/exp019_nostage_seed1/20260807_204326/wandb/run-20260807_204334-qyj9xi8i/logs
