[ct_train] config=exploration/cell_types/experiments/configs/exp208_kd_from206_157135.json
[ct_train] device=cuda  checkpoints=/home/abel/code/Tissue-Reassembly-using-GenAI-and-new-metrics/exploration/cell_types/outputs/exp208_kd_from206_157135
[ct_train] logs=/home/abel/code/Tissue-Reassembly-using-GenAI-and-new-metrics/exploration/cell_types/logs/exp208_kd_from206_157135/20260808_130932
[ct_train] Loading data …
[DataModule] Reading '/home/abel/biodata/MERFISH_LUNA_small_cortex/MERFISH_mouse_cortex_train.csv' (split=train) with float32 dtype on 254 gene cols + coord cols …
[DataModule] Loaded 158,379 rows for split=train.
[DataModule] Reading '/home/abel/biodata/MERFISH_LUNA_small_cortex/MERFISH_mouse_cortex_test.csv' (split=test) with float32 dtype on 254 gene cols + coord cols …
[DataModule] Loaded 118,036 rows for split=test.
[DataModule] Reading '/home/abel/biodata/MERFISH_LUNA_small_cortex/MERFISH_mouse_cortex_test.csv' (split=validation) with float32 dtype on 254 gene cols + coord cols …
[DataModule] Loaded 118,036 rows for split=validation.
[ct_train] genes=254  classes=23
[ct_train] model predict_cme=True  params=1,305,308
[ct_train] initialized student from /home/abel/code/Tissue-Reassembly-using-GenAI-and-new-metrics/exploration/cell_types/outputs/exp206_cme_T105_bake/best.pt
[ct_train] teacher loaded: /home/abel/code/Tissue-Reassembly-using-GenAI-and-new-metrics/exploration/cell_types/outputs/exp206_cme_T105_bake/best.pt
[ct_train] teacher loaded: /home/abel/code/Tissue-Reassembly-using-GenAI-and-new-metrics/exploration/cell_types/outputs/exp157_cls_w09/best.pt
[ct_train] teacher loaded: /home/abel/code/Tissue-Reassembly-using-GenAI-and-new-metrics/exploration/cell_types/outputs/exp135_ls006_aux017/best.pt
[ct_train] distillation ON: n_teachers=3 hard_w=0.2 kd_cls=2.0 kd_cme=3.0 T=1.5
[ct_train] soft CME loaded split=train sigma=96.0 n=158379 C=23
[ct_train] soft CME loaded split=validation sigma=96.0 n=118036 C=23
[ct_train] soft CME loaded split=train sigma=50.0 n=158379 C=23
[ct_train] soft CME loaded split=train sigma=64.0 n=158379 C=23
[ct_train] soft CME loaded split=validation sigma=50.0 n=118036 C=23
[ct_train] soft CME loaded split=validation sigma=64.0 n=118036 C=23
wandb: [wandb.login()] Loaded credentials for https://api.wandb.ai from /home/abel/.netrc.
wandb: Currently logged in as: abel-salmona (abel-salmona-polytechnique-montr-al) to https://api.wandb.ai. Use `wandb login --relogin` to force relogin
wandb: WARNING Using a boolean value for 'reinit' is deprecated. Use 'return_previous' or 'finish_previous' instead.
wandb: Tracking run with wandb version 0.26.1
wandb: Run data is saved locally in /home/abel/code/Tissue-Reassembly-using-GenAI-and-new-metrics/exploration/cell_types/logs/exp208_kd_from206_157135/20260808_130932/wandb/run-20260808_130940-ipmfezxw
wandb: Run `wandb offline` to turn off syncing.
wandb: Syncing run exp208_kd_from206_157135
wandb:  View project at https://wandb.ai/abel-salmona-polytechnique-montr-al/cell_types
wandb:  View run at https://wandb.ai/abel-salmona-polytechnique-montr-al/cell_types/runs/ipmfezxw
wandb: WARNING Saving files without folders. If you want to preserve subdirectories pass base_path to wandb.save, i.e. wandb.save("/mnt/folder/file.h5", base_path="/mnt")
wandb: WARNING Symlinked 1 file into the W&B run directory; call wandb.save again to sync new files.
[ct_train] wandb: project=cell_types name=exp208_kd_from206_157135 mode=online url=https://wandb.ai/abel-salmona-polytechnique-montr-al/cell_types/runs/ipmfezxw
[ct_train] parameters: total=1,305,308 trainable=1,305,308
  [params] mlp_in_node_features: 26,720
  [params] transformer_layers: 633,600
  [params] type_stage1: 28,320
  [params] env_stage1: 93,056
  [params] type_probe: 2,231
  [params] env_probe: 7,383
  [params] fusion_mlp: 383,008
  [params] type_stage2: 30,551
  [params] env_stage2: 100,439
[ct_train] EMA enabled decay=0.98
[ct_train] rechunked train graphs (seed=1)

=== Epoch 1/1000 ===
[train] loss=7.6234 cls=0.4413 cme=2.1438 acc=0.9877 cells=158379 kd=6.6075
[ct_train] rechunked train graphs (seed=2)

=== Epoch 2/1000 ===
[train] loss=7.6020 cls=0.4409 cme=2.1367 acc=0.9875 cells=158379 kd=6.5892
[val]   loss=5.2195 eval=2.6031 cls=0.4046 cme=2.1985 acc=0.9764 cells=118036
[ct_train] saved best checkpoint (val_eval_loss=2.6031 val_acc=0.9764)
[ct_train] rechunked train graphs (seed=3)

=== Epoch 3/1000 ===
[train] loss=7.6021 cls=0.4413 cme=2.1367 acc=0.9876 cells=158379 kd=6.5892
[ct_train] rechunked train graphs (seed=4)

=== Epoch 4/1000 ===
[train] loss=7.6088 cls=0.4411 cme=2.1385 acc=0.9875 cells=158379 kd=6.5952
[val]   loss=5.2201 eval=2.6034 cls=0.4046 cme=2.1988 acc=0.9765 cells=118036
[ct_train] early_stopping: no improve on val/eval_loss for 1/40 val checks
[ct_train] rechunked train graphs (seed=5)

=== Epoch 5/1000 ===
[train] loss=7.6223 cls=0.4414 cme=2.1420 acc=0.9876 cells=158379 kd=6.6071
[ct_train] rechunked train graphs (seed=6)

=== Epoch 6/1000 ===
[train] loss=7.6162 cls=0.4413 cme=2.1412 acc=0.9876 cells=158379 kd=6.6014
[val]   loss=5.2206 eval=2.6037 cls=0.4046 cme=2.1990 acc=0.9764 cells=118036
[ct_train] early_stopping: no improve on val/eval_loss for 2/40 val checks
[ct_train] rechunked train graphs (seed=7)

=== Epoch 7/1000 ===
[train] loss=7.5993 cls=0.4410 cme=2.1364 acc=0.9875 cells=158379 kd=6.5866
[ct_train] rechunked train graphs (seed=8)

=== Epoch 8/1000 ===
[train] loss=7.6045 cls=0.4413 cme=2.1371 acc=0.9875 cells=158379 kd=6.5914
[val]   loss=5.2207 eval=2.6037 cls=0.4046 cme=2.1991 acc=0.9764 cells=118036
[ct_train] early_stopping: no improve on val/eval_loss for 3/40 val checks
[ct_train] rechunked train graphs (seed=9)

=== Epoch 9/1000 ===
[train] loss=7.6088 cls=0.4409 cme=2.1386 acc=0.9874 cells=158379 kd=6.5951
[ct_train] rechunked train graphs (seed=10)

=== Epoch 10/1000 ===
[train] loss=7.6244 cls=0.4415 cme=2.1430 acc=0.9873 cells=158379 kd=6.6087
[val]   loss=5.2208 eval=2.6038 cls=0.4046 cme=2.1992 acc=0.9764 cells=118036
[ct_train] early_stopping: no improve on val/eval_loss for 4/40 val checks
[ct_train] rechunked train graphs (seed=11)

=== Epoch 11/1000 ===
[train] loss=7.6052 cls=0.4411 cme=2.1381 acc=0.9873 cells=158379 kd=6.5917
[ct_train] rechunked train graphs (seed=12)

=== Epoch 12/1000 ===
[train] loss=7.6060 cls=0.4412 cme=2.1385 acc=0.9874 cells=158379 kd=6.5924
[val]   loss=5.2207 eval=2.6037 cls=0.4046 cme=2.1991 acc=0.9764 cells=118036
[ct_train] early_stopping: no improve on val/eval_loss for 5/40 val checks
[ct_train] rechunked train graphs (seed=13)

=== Epoch 13/1000 ===
[train] loss=7.6079 cls=0.4415 cme=2.1383 acc=0.9873 cells=158379 kd=6.5943
[ct_train] rechunked train graphs (seed=14)

=== Epoch 14/1000 ===
[train] loss=7.6227 cls=0.4412 cme=2.1429 acc=0.9876 cells=158379 kd=6.6072
[val]   loss=5.2208 eval=2.6038 cls=0.4046 cme=2.1991 acc=0.9764 cells=118036
[ct_train] early_stopping: no improve on val/eval_loss for 6/40 val checks
[ct_train] rechunked train graphs (seed=15)

=== Epoch 15/1000 ===
[train] loss=7.6090 cls=0.4413 cme=2.1392 acc=0.9875 cells=158379 kd=6.5950
[ct_train] rechunked train graphs (seed=16)

=== Epoch 16/1000 ===
[train] loss=7.6094 cls=0.4418 cme=2.1393 acc=0.9875 cells=158379 kd=6.5953
[val]   loss=5.2209 eval=2.6039 cls=0.4047 cme=2.1992 acc=0.9764 cells=118036
[ct_train] early_stopping: no improve on val/eval_loss for 7/40 val checks
[ct_train] rechunked train graphs (seed=17)

=== Epoch 17/1000 ===
[train] loss=7.6071 cls=0.4413 cme=2.1387 acc=0.9874 cells=158379 kd=6.5934
[ct_train] rechunked train graphs (seed=18)

=== Epoch 18/1000 ===
[train] loss=7.6031 cls=0.4409 cme=2.1369 acc=0.9875 cells=158379 kd=6.5902
[val]   loss=5.2209 eval=2.6039 cls=0.4047 cme=2.1992 acc=0.9764 cells=118036
[ct_train] early_stopping: no improve on val/eval_loss for 8/40 val checks
[ct_train] rechunked train graphs (seed=19)

=== Epoch 19/1000 ===
[train] loss=7.6089 cls=0.4410 cme=2.1394 acc=0.9875 cells=158379 kd=6.5950
[ct_train] rechunked train graphs (seed=20)

=== Epoch 20/1000 ===
[train] loss=7.6071 cls=0.4413 cme=2.1387 acc=0.9875 cells=158379 kd=6.5933
[val]   loss=5.2210 eval=2.6039 cls=0.4047 cme=2.1992 acc=0.9764 cells=118036
[ct_train] early_stopping: no improve on val/eval_loss for 9/40 val checks
[ct_train] rechunked train graphs (seed=21)

=== Epoch 21/1000 ===
[train] loss=7.6056 cls=0.4411 cme=2.1389 acc=0.9877 cells=158379 kd=6.5918
[ct_train] rechunked train graphs (seed=22)

=== Epoch 22/1000 ===
[train] loss=7.6257 cls=0.4413 cme=2.1436 acc=0.9877 cells=158379 kd=6.6098
[val]   loss=5.2210 eval=2.6039 cls=0.4047 cme=2.1992 acc=0.9764 cells=118036
[ct_train] early_stopping: no improve on val/eval_loss for 10/40 val checks
[ct_train] rechunked train graphs (seed=23)

=== Epoch 23/1000 ===
[train] loss=7.5991 cls=0.4407 cme=2.1357 acc=0.9874 cells=158379 kd=6.5868
[ct_train] rechunked train graphs (seed=24)

=== Epoch 24/1000 ===
[train] loss=7.6113 cls=0.4414 cme=2.1395 acc=0.9875 cells=158379 kd=6.5972
[val]   loss=5.2210 eval=2.6039 cls=0.4046 cme=2.1992 acc=0.9764 cells=118036
[ct_train] early_stopping: no improve on val/eval_loss for 11/40 val checks
[ct_train] rechunked train graphs (seed=25)

=== Epoch 25/1000 ===
[train] loss=7.5906 cls=0.4409 cme=2.1342 acc=0.9876 cells=158379 kd=6.5790
[ct_train] rechunked train graphs (seed=26)

=== Epoch 26/1000 ===
[train] loss=7.6211 cls=0.4411 cme=2.1416 acc=0.9876 cells=158379 kd=6.6062
[val]   loss=5.2209 eval=2.6038 cls=0.4046 cme=2.1992 acc=0.9764 cells=118036
[ct_train] early_stopping: no improve on val/eval_loss for 12/40 val checks
[ct_train] rechunked train graphs (seed=27)

=== Epoch 27/1000 ===
[train] loss=7.5891 cls=0.4412 cme=2.1330 acc=0.9875 cells=158379 kd=6.5778
[ct_train] rechunked train graphs (seed=28)

=== Epoch 28/1000 ===
[train] loss=7.6005 cls=0.4411 cme=2.1379 acc=0.9875 cells=158379 kd=6.5872
[val]   loss=5.2208 eval=2.6038 cls=0.4046 cme=2.1992 acc=0.9764 cells=118036
[ct_train] early_stopping: no improve on val/eval_loss for 13/40 val checks
[ct_train] rechunked train graphs (seed=29)

=== Epoch 29/1000 ===
[train] loss=7.6049 cls=0.4415 cme=2.1377 acc=0.9874 cells=158379 kd=6.5916
[ct_train] rechunked train graphs (seed=30)

=== Epoch 30/1000 ===
[train] loss=7.6042 cls=0.4413 cme=2.1367 acc=0.9875 cells=158379 kd=6.5913
[val]   loss=5.2209 eval=2.6038 cls=0.4046 cme=2.1992 acc=0.9765 cells=118036
[ct_train] early_stopping: no improve on val/eval_loss for 14/40 val checks
[ct_train] rechunked train graphs (seed=31)

=== Epoch 31/1000 ===
[train] loss=7.6005 cls=0.4410 cme=2.1360 acc=0.9877 cells=158379 kd=6.5880
[ct_train] rechunked train graphs (seed=32)

=== Epoch 32/1000 ===
[train] loss=7.6143 cls=0.4411 cme=2.1408 acc=0.9875 cells=158379 kd=6.5996
[val]   loss=5.2208 eval=2.6038 cls=0.4046 cme=2.1992 acc=0.9764 cells=118036
[ct_train] early_stopping: no improve on val/eval_loss for 15/40 val checks
[ct_train] rechunked train graphs (seed=33)

=== Epoch 33/1000 ===
[train] loss=7.6101 cls=0.4411 cme=2.1398 acc=0.9876 cells=158379 kd=6.5960
[ct_train] rechunked train graphs (seed=34)

=== Epoch 34/1000 ===
[train] loss=7.5982 cls=0.4415 cme=2.1358 acc=0.9875 cells=158379 kd=6.5857
[val]   loss=5.2209 eval=2.6038 cls=0.4047 cme=2.1992 acc=0.9765 cells=118036
[ct_train] early_stopping: no improve on val/eval_loss for 16/40 val checks
[ct_train] rechunked train graphs (seed=35)

=== Epoch 35/1000 ===
[train] loss=7.6041 cls=0.4407 cme=2.1370 acc=0.9874 cells=158379 kd=6.5913
[ct_train] rechunked train graphs (seed=36)

=== Epoch 36/1000 ===
[train] loss=7.6054 cls=0.4414 cme=2.1377 acc=0.9876 cells=158379 kd=6.5921
[val]   loss=5.2209 eval=2.6039 cls=0.4047 cme=2.1992 acc=0.9765 cells=118036
[ct_train] early_stopping: no improve on val/eval_loss for 17/40 val checks
[ct_train] rechunked train graphs (seed=37)

=== Epoch 37/1000 ===
[train] loss=7.5996 cls=0.4411 cme=2.1357 acc=0.9874 cells=158379 kd=6.5872
[ct_train] rechunked train graphs (seed=38)

=== Epoch 38/1000 ===
[train] loss=7.6114 cls=0.4416 cme=2.1401 acc=0.9875 cells=158379 kd=6.5969
[val]   loss=5.2209 eval=2.6038 cls=0.4047 cme=2.1992 acc=0.9765 cells=118036
[ct_train] early_stopping: no improve on val/eval_loss for 18/40 val checks
[ct_train] rechunked train graphs (seed=39)

=== Epoch 39/1000 ===
[train] loss=7.6012 cls=0.4406 cme=2.1373 acc=0.9876 cells=158379 kd=6.5883
[ct_train] rechunked train graphs (seed=40)

=== Epoch 40/1000 ===
[train] loss=7.6044 cls=0.4408 cme=2.1374 acc=0.9876 cells=158379 kd=6.5914
[val]   loss=5.2209 eval=2.6038 cls=0.4047 cme=2.1992 acc=0.9764 cells=118036
[ct_train] early_stopping: no improve on val/eval_loss for 19/40 val checks
[ct_train] rechunked train graphs (seed=41)

=== Epoch 41/1000 ===
[train] loss=7.5992 cls=0.4409 cme=2.1365 acc=0.9875 cells=158379 kd=6.5865
[ct_train] rechunked train graphs (seed=42)

=== Epoch 42/1000 ===
[train] loss=7.5988 cls=0.4410 cme=2.1349 acc=0.9875 cells=158379 kd=6.5868
[val]   loss=5.2209 eval=2.6038 cls=0.4047 cme=2.1992 acc=0.9764 cells=118036
[ct_train] early_stopping: no improve on val/eval_loss for 20/40 val checks
[ct_train] rechunked train graphs (seed=43)

=== Epoch 43/1000 ===
[train] loss=7.6046 cls=0.4411 cme=2.1377 acc=0.9874 cells=158379 kd=6.5914
[ct_train] rechunked train graphs (seed=44)

=== Epoch 44/1000 ===
[train] loss=7.5932 cls=0.4406 cme=2.1347 acc=0.9875 cells=158379 kd=6.5814
[val]   loss=5.2209 eval=2.6038 cls=0.4046 cme=2.1992 acc=0.9764 cells=118036
[ct_train] early_stopping: no improve on val/eval_loss for 21/40 val checks
[ct_train] rechunked train graphs (seed=45)

=== Epoch 45/1000 ===
[train] loss=7.6071 cls=0.4414 cme=2.1378 acc=0.9875 cells=158379 kd=6.5937
[ct_train] rechunked train graphs (seed=46)

=== Epoch 46/1000 ===
[train] loss=7.6142 cls=0.4411 cme=2.1407 acc=0.9875 cells=158379 kd=6.5996
[val]   loss=5.2209 eval=2.6038 cls=0.4046 cme=2.1992 acc=0.9764 cells=118036
[ct_train] early_stopping: no improve on val/eval_loss for 22/40 val checks
[ct_train] rechunked train graphs (seed=47)

=== Epoch 47/1000 ===
[train] loss=7.6172 cls=0.4417 cme=2.1413 acc=0.9875 cells=158379 kd=6.6022
[ct_train] rechunked train graphs (seed=48)

=== Epoch 48/1000 ===
[train] loss=7.6198 cls=0.4414 cme=2.1418 acc=0.9875 cells=158379 kd=6.6047
[val]   loss=5.2207 eval=2.6038 cls=0.4047 cme=2.1991 acc=0.9764 cells=118036
[ct_train] early_stopping: no improve on val/eval_loss for 23/40 val checks
[ct_train] rechunked train graphs (seed=49)

=== Epoch 49/1000 ===
[train] loss=7.5935 cls=0.4411 cme=2.1356 acc=0.9874 cells=158379 kd=6.5812
[ct_train] rechunked train graphs (seed=50)

=== Epoch 50/1000 ===
[train] loss=7.6018 cls=0.4411 cme=2.1365 acc=0.9876 cells=158379 kd=6.5890
[val]   loss=5.2208 eval=2.6038 cls=0.4047 cme=2.1991 acc=0.9764 cells=118036
[ct_train] early_stopping: no improve on val/eval_loss for 24/40 val checks
[ct_train] rechunked train graphs (seed=51)

=== Epoch 51/1000 ===
[train] loss=7.6005 cls=0.4413 cme=2.1368 acc=0.9876 cells=158379 kd=6.5875
[ct_train] rechunked train graphs (seed=52)

=== Epoch 52/1000 ===
[train] loss=7.6171 cls=0.4413 cme=2.1411 acc=0.9875 cells=158379 kd=6.6022
[val]   loss=5.2208 eval=2.6038 cls=0.4047 cme=2.1991 acc=0.9764 cells=118036
[ct_train] early_stopping: no improve on val/eval_loss for 25/40 val checks
[ct_train] rechunked train graphs (seed=53)

=== Epoch 53/1000 ===
[train] loss=7.5973 cls=0.4408 cme=2.1359 acc=0.9876 cells=158379 kd=6.5849
[ct_train] rechunked train graphs (seed=54)

=== Epoch 54/1000 ===
[train] loss=7.6115 cls=0.4409 cme=2.1393 acc=0.9878 cells=158379 kd=6.5976
[val]   loss=5.2209 eval=2.6038 cls=0.4047 cme=2.1992 acc=0.9764 cells=118036
[ct_train] early_stopping: no improve on val/eval_loss for 26/40 val checks
[ct_train] rechunked train graphs (seed=55)

=== Epoch 55/1000 ===
[train] loss=7.5998 cls=0.4410 cme=2.1362 acc=0.9875 cells=158379 kd=6.5872
[ct_train] rechunked train graphs (seed=56)

=== Epoch 56/1000 ===
[train] loss=7.6140 cls=0.4413 cme=2.1400 acc=0.9874 cells=158379 kd=6.5997
[val]   loss=5.2209 eval=2.6039 cls=0.4046 cme=2.1992 acc=0.9764 cells=118036
[ct_train] early_stopping: no improve on val/eval_loss for 27/40 val checks
[ct_train] rechunked train graphs (seed=57)

=== Epoch 57/1000 ===
[train] loss=7.6074 cls=0.4409 cme=2.1387 acc=0.9875 cells=158379 kd=6.5937
[ct_train] rechunked train graphs (seed=58)

=== Epoch 58/1000 ===
[train] loss=7.5977 cls=0.4411 cme=2.1360 acc=0.9873 cells=158379 kd=6.5852
[val]   loss=5.2208 eval=2.6038 cls=0.4046 cme=2.1992 acc=0.9764 cells=118036
[ct_train] early_stopping: no improve on val/eval_loss for 28/40 val checks
[ct_train] rechunked train graphs (seed=59)

=== Epoch 59/1000 ===
[train] loss=7.6064 cls=0.4414 cme=2.1384 acc=0.9876 cells=158379 kd=6.5927
[ct_train] rechunked train graphs (seed=60)

=== Epoch 60/1000 ===
[train] loss=7.6142 cls=0.4414 cme=2.1399 acc=0.9874 cells=158379 kd=6.5999
[val]   loss=5.2210 eval=2.6039 cls=0.4047 cme=2.1992 acc=0.9764 cells=118036
[ct_train] early_stopping: no improve on val/eval_loss for 29/40 val checks
[ct_train] rechunked train graphs (seed=61)

=== Epoch 61/1000 ===
[train] loss=7.5952 cls=0.4411 cme=2.1339 acc=0.9873 cells=158379 kd=6.5836
[ct_train] rechunked train graphs (seed=62)

=== Epoch 62/1000 ===
[train] loss=7.6187 cls=0.4414 cme=2.1413 acc=0.9874 cells=158379 kd=6.6038
[val]   loss=5.2210 eval=2.6039 cls=0.4046 cme=2.1992 acc=0.9764 cells=118036
[ct_train] early_stopping: no improve on val/eval_loss for 30/40 val checks
[ct_train] rechunked train graphs (seed=63)

=== Epoch 63/1000 ===
[train] loss=7.6053 cls=0.4412 cme=2.1380 acc=0.9875 cells=158379 kd=6.5919
[ct_train] rechunked train graphs (seed=64)

=== Epoch 64/1000 ===
[train] loss=7.6061 cls=0.4417 cme=2.1386 acc=0.9875 cells=158379 kd=6.5924
[val]   loss=5.2209 eval=2.6039 cls=0.4046 cme=2.1992 acc=0.9764 cells=118036
[ct_train] early_stopping: no improve on val/eval_loss for 31/40 val checks
[ct_train] rechunked train graphs (seed=65)

=== Epoch 65/1000 ===
[train] loss=7.6052 cls=0.4416 cme=2.1383 acc=0.9874 cells=158379 kd=6.5916
[ct_train] rechunked train graphs (seed=66)

=== Epoch 66/1000 ===
[train] loss=7.5960 cls=0.4414 cme=2.1353 acc=0.9874 cells=158379 kd=6.5838
[val]   loss=5.2210 eval=2.6039 cls=0.4046 cme=2.1992 acc=0.9763 cells=118036
[ct_train] early_stopping: no improve on val/eval_loss for 32/40 val checks
[ct_train] rechunked train graphs (seed=67)

=== Epoch 67/1000 ===
[train] loss=7.6024 cls=0.4412 cme=2.1377 acc=0.9874 cells=158379 kd=6.5891
[ct_train] rechunked train graphs (seed=68)

=== Epoch 68/1000 ===
[train] loss=7.6083 cls=0.4413 cme=2.1389 acc=0.9874 cells=158379 kd=6.5945
[val]   loss=5.2209 eval=2.6038 cls=0.4046 cme=2.1992 acc=0.9764 cells=118036
[ct_train] early_stopping: no improve on val/eval_loss for 33/40 val checks
[ct_train] rechunked train graphs (seed=69)

=== Epoch 69/1000 ===
[train] loss=7.6230 cls=0.4416 cme=2.1426 acc=0.9875 cells=158379 kd=6.6075
[ct_train] rechunked train graphs (seed=70)

=== Epoch 70/1000 ===
[train] loss=7.6066 cls=0.4411 cme=2.1388 acc=0.9874 cells=158379 kd=6.5929
[val]   loss=5.2209 eval=2.6038 cls=0.4046 cme=2.1992 acc=0.9765 cells=118036
[ct_train] early_stopping: no improve on val/eval_loss for 34/40 val checks
[ct_train] rechunked train graphs (seed=71)

=== Epoch 71/1000 ===
[train] loss=7.5977 cls=0.4410 cme=2.1355 acc=0.9875 cells=158379 kd=6.5854
[ct_train] rechunked train graphs (seed=72)

=== Epoch 72/1000 ===
[train] loss=7.6172 cls=0.4414 cme=2.1428 acc=0.9876 cells=158379 kd=6.6016
[val]   loss=5.2209 eval=2.6038 cls=0.4046 cme=2.1992 acc=0.9764 cells=118036
[ct_train] early_stopping: no improve on val/eval_loss for 35/40 val checks
[ct_train] rechunked train graphs (seed=73)

=== Epoch 73/1000 ===
[train] loss=7.6001 cls=0.4413 cme=2.1373 acc=0.9873 cells=158379 kd=6.5870
[ct_train] rechunked train graphs (seed=74)

=== Epoch 74/1000 ===
[train] loss=7.5954 cls=0.4411 cme=2.1355 acc=0.9876 cells=158379 kd=6.5832
[val]   loss=5.2208 eval=2.6038 cls=0.4046 cme=2.1992 acc=0.9764 cells=118036
[ct_train] early_stopping: no improve on val/eval_loss for 36/40 val checks
[ct_train] rechunked train graphs (seed=75)

=== Epoch 75/1000 ===
[train] loss=7.6001 cls=0.4410 cme=2.1364 acc=0.9875 cells=158379 kd=6.5874
[ct_train] rechunked train graphs (seed=76)

=== Epoch 76/1000 ===
[train] loss=7.6041 cls=0.4407 cme=2.1380 acc=0.9873 cells=158379 kd=6.5908
[val]   loss=5.2209 eval=2.6038 cls=0.4046 cme=2.1992 acc=0.9764 cells=118036
[ct_train] early_stopping: no improve on val/eval_loss for 37/40 val checks
[ct_train] rechunked train graphs (seed=77)

=== Epoch 77/1000 ===
[train] loss=7.6142 cls=0.4414 cme=2.1397 acc=0.9873 cells=158379 kd=6.6000
[ct_train] rechunked train graphs (seed=78)

=== Epoch 78/1000 ===
[train] loss=7.6090 cls=0.4419 cme=2.1393 acc=0.9872 cells=158379 kd=6.5949
[val]   loss=5.2209 eval=2.6038 cls=0.4046 cme=2.1992 acc=0.9764 cells=118036
[ct_train] early_stopping: no improve on val/eval_loss for 38/40 val checks
[ct_train] rechunked train graphs (seed=79)

=== Epoch 79/1000 ===
[train] loss=7.6202 cls=0.4412 cme=2.1420 acc=0.9874 cells=158379 kd=6.6050
[ct_train] rechunked train graphs (seed=80)

=== Epoch 80/1000 ===
[train] loss=7.5910 cls=0.4411 cme=2.1341 acc=0.9875 cells=158379 kd=6.5793
[val]   loss=5.2209 eval=2.6038 cls=0.4046 cme=2.1992 acc=0.9764 cells=118036
[ct_train] early_stopping: no improve on val/eval_loss for 39/40 val checks
[ct_train] rechunked train graphs (seed=81)

=== Epoch 81/1000 ===
[train] loss=7.6151 cls=0.4412 cme=2.1413 acc=0.9874 cells=158379 kd=6.6003
[ct_train] rechunked train graphs (seed=82)

=== Epoch 82/1000 ===
[train] loss=7.5994 cls=0.4413 cme=2.1359 acc=0.9875 cells=158379 kd=6.5869
[val]   loss=5.2209 eval=2.6038 cls=0.4046 cme=2.1992 acc=0.9764 cells=118036
[ct_train] early_stopping: no improve on val/eval_loss for 40/40 val checks
[ct_train] early stopping at epoch 82 (patience=40, monitor=val/eval_loss)

[ct_train] done. best_val_acc=0.9765  best_val_eval_loss=2.6031  checkpoints=/home/abel/code/Tissue-Reassembly-using-GenAI-and-new-metrics/exploration/cell_types/outputs/exp208_kd_from206_157135  logs=/home/abel/code/Tissue-Reassembly-using-GenAI-and-new-metrics/exploration/cell_types/logs/exp208_kd_from206_157135/20260808_130932
wandb: updating run metadata
wandb: uploading config.yaml; uploading output.log; uploading wandb-summary.json
wandb: uploading history steps 75-82, summary, console lines 392-426
wandb: 
wandb: Run summary:
wandb:                      best_epoch 2
wandb:                    best_val_acc 0.97653
wandb:              best_val_eval_loss 2.6031
wandb:                           epoch 82
wandb:                              lr 2e-05
wandb:           model/parameter_count 1305308
wandb: model/trainable_parameter_count 1305308
wandb:                       train/acc 0.98749
wandb:       train/acc_per_class/Astro 0.99197
wandb:        train/acc_per_class/Endo 0.98171
wandb:                             +54 ...
wandb: 
wandb:  View run exp208_kd_from206_157135 at: https://wandb.ai/abel-salmona-polytechnique-montr-al/cell_types/runs/ipmfezxw
wandb:  View project at: https://wandb.ai/abel-salmona-polytechnique-montr-al/cell_types
wandb: Synced 5 W&B file(s), 1 media file(s), 2 artifact file(s) and 1 other file(s)
wandb: Find logs at: ./exploration/cell_types/logs/exp208_kd_from206_157135/20260808_130932/wandb/run-20260808_130940-ipmfezxw/logs
