[ct_train] config=exploration/cell_types/experiments/configs/exp073_bs1.json
[ct_train] device=cuda  checkpoints=/home/abel/code/Tissue-Reassembly-using-GenAI-and-new-metrics/exploration/cell_types/outputs/exp073_bs1
[ct_train] logs=/home/abel/code/Tissue-Reassembly-using-GenAI-and-new-metrics/exploration/cell_types/logs/exp073_bs1/20260807_235225
[ct_train] Loading data …
[DataModule] Reading '/home/abel/biodata/MERFISH_LUNA_small_cortex/MERFISH_mouse_cortex_train.csv' (split=train) with float32 dtype on 254 gene cols + coord cols …
[DataModule] Loaded 158,379 rows for split=train.
[DataModule] Reading '/home/abel/biodata/MERFISH_LUNA_small_cortex/MERFISH_mouse_cortex_test.csv' (split=test) with float32 dtype on 254 gene cols + coord cols …
[DataModule] Loaded 118,036 rows for split=test.
[DataModule] Reading '/home/abel/biodata/MERFISH_LUNA_small_cortex/MERFISH_mouse_cortex_test.csv' (split=validation) with float32 dtype on 254 gene cols + coord cols …
[DataModule] Loaded 118,036 rows for split=validation.
[ct_train] genes=254  classes=23
[ct_train] model predict_cme=True  params=1,305,308
[ct_train] soft CME loaded split=train sigma=96.0 n=158379 C=23
[ct_train] soft CME loaded split=validation sigma=96.0 n=118036 C=23
[ct_train] soft CME loaded split=train sigma=50.0 n=158379 C=23
[ct_train] soft CME loaded split=train sigma=64.0 n=158379 C=23
[ct_train] soft CME loaded split=validation sigma=50.0 n=118036 C=23
[ct_train] soft CME loaded split=validation sigma=64.0 n=118036 C=23
wandb: [wandb.login()] Loaded credentials for https://api.wandb.ai from /home/abel/.netrc.
wandb: Currently logged in as: abel-salmona (abel-salmona-polytechnique-montr-al) to https://api.wandb.ai. Use `wandb login --relogin` to force relogin
wandb: WARNING Using a boolean value for 'reinit' is deprecated. Use 'return_previous' or 'finish_previous' instead.
wandb: setting up run 87xu4uw5
wandb: Tracking run with wandb version 0.26.1
wandb: Run data is saved locally in /home/abel/code/Tissue-Reassembly-using-GenAI-and-new-metrics/exploration/cell_types/logs/exp073_bs1/20260807_235225/wandb/run-20260807_235234-87xu4uw5
wandb: Run `wandb offline` to turn off syncing.
wandb: Syncing run exp073_bs1
wandb:  View project at https://wandb.ai/abel-salmona-polytechnique-montr-al/cell_types
wandb:  View run at https://wandb.ai/abel-salmona-polytechnique-montr-al/cell_types/runs/87xu4uw5
wandb: WARNING Saving files without folders. If you want to preserve subdirectories pass base_path to wandb.save, i.e. wandb.save("/mnt/folder/file.h5", base_path="/mnt")
wandb: WARNING Symlinked 1 file into the W&B run directory; call wandb.save again to sync new files.
[ct_train] wandb: project=cell_types name=exp073_bs1 mode=online url=https://wandb.ai/abel-salmona-polytechnique-montr-al/cell_types/runs/87xu4uw5
[ct_train] parameters: total=1,305,308 trainable=1,305,308
  [params] mlp_in_node_features: 26,720
  [params] transformer_layers: 633,600
  [params] type_stage1: 28,320
  [params] env_stage1: 93,056
  [params] type_probe: 2,231
  [params] env_probe: 7,383
  [params] fusion_mlp: 383,008
  [params] type_stage2: 30,551
  [params] env_stage2: 100,439
[ct_train] rechunked train graphs (seed=1)

=== Epoch 1/1000 ===
  [train] epoch=1 step=20/33 loss=7.9624 cls=2.3002 cme=2.6349 acc=0.4789
[train] loss=8.1677 cls=2.4150 cme=2.6766 acc=0.3967 cells=158379
[ct_train] rechunked train graphs (seed=2)

=== Epoch 2/1000 ===
  [train] epoch=2 step=20/33 loss=6.0930 cls=1.0798 cme=2.3354 acc=0.8180
[train] loss=6.3938 cls=1.1912 cme=2.4234 acc=0.7878 cells=158379
[val]   loss=5.8953 eval=3.1651 cls=0.7836 cme=2.3815 acc=0.8715 cells=118036
[ct_train] saved best checkpoint (val_eval_loss=3.1651 val_acc=0.8715)
[ct_train] rechunked train graphs (seed=3)

=== Epoch 3/1000 ===
  [train] epoch=3 step=20/33 loss=5.8373 cls=0.7289 cme=2.3799 acc=0.8999
[train] loss=5.8101 cls=0.7466 cme=2.3592 acc=0.8937 cells=158379
[ct_train] rechunked train graphs (seed=4)

=== Epoch 4/1000 ===
  [train] epoch=4 step=20/33 loss=5.6195 cls=0.6168 cme=2.3315 acc=0.9255
[train] loss=5.6063 cls=0.6138 cme=2.3265 acc=0.9296 cells=158379
[val]   loss=5.4737 eval=2.8272 cls=0.5176 cme=2.3096 acc=0.9472 cells=118036
[ct_train] saved best checkpoint (val_eval_loss=2.8272 val_acc=0.9472)
[ct_train] rechunked train graphs (seed=5)

=== Epoch 5/1000 ===
  [train] epoch=5 step=20/33 loss=5.8077 cls=0.5712 cme=2.4391 acc=0.9386
[train] loss=5.5111 cls=0.5663 cme=2.3044 acc=0.9402 cells=158379
[ct_train] rechunked train graphs (seed=6)

=== Epoch 6/1000 ===
  [train] epoch=6 step=20/33 loss=5.4992 cls=0.5473 cme=2.3079 acc=0.9414
[train] loss=5.4558 cls=0.5427 cme=2.2899 acc=0.9457 cells=158379
[val]   loss=5.3956 eval=2.7721 cls=0.4823 cme=2.2898 acc=0.9566 cells=118036
[ct_train] saved best checkpoint (val_eval_loss=2.7721 val_acc=0.9566)
[ct_train] rechunked train graphs (seed=7)

=== Epoch 7/1000 ===
  [train] epoch=7 step=20/33 loss=5.4537 cls=0.5316 cme=2.2937 acc=0.9479
[train] loss=5.4147 cls=0.5252 cme=2.2790 acc=0.9497 cells=158379
[ct_train] rechunked train graphs (seed=8)

=== Epoch 8/1000 ===
  [train] epoch=8 step=20/33 loss=5.3576 cls=0.5259 cme=2.2515 acc=0.9483
[train] loss=5.3894 cls=0.5147 cme=2.2721 acc=0.9528 cells=158379
[val]   loss=5.3343 eval=2.7367 cls=0.4690 cme=2.2677 acc=0.9592 cells=118036
[ct_train] saved best checkpoint (val_eval_loss=2.7367 val_acc=0.9592)
[ct_train] rechunked train graphs (seed=9)

=== Epoch 9/1000 ===
  [train] epoch=9 step=20/33 loss=5.5523 cls=0.4994 cme=2.3541 acc=0.9557
[train] loss=5.3664 cls=0.5062 cme=2.2654 acc=0.9544 cells=158379
[ct_train] rechunked train graphs (seed=10)

=== Epoch 10/1000 ===
  [train] epoch=10 step=20/33 loss=5.3958 cls=0.4868 cme=2.2889 acc=0.9608
[train] loss=5.3438 cls=0.4990 cme=2.2583 acc=0.9562 cells=158379
[val]   loss=5.3177 eval=2.7253 cls=0.4618 cme=2.2634 acc=0.9612 cells=118036
[ct_train] saved best checkpoint (val_eval_loss=2.7253 val_acc=0.9612)
[ct_train] rechunked train graphs (seed=11)

=== Epoch 11/1000 ===
  [train] epoch=11 step=20/33 loss=5.5824 cls=0.4991 cme=2.3678 acc=0.9509
[train] loss=5.3305 cls=0.4931 cme=2.2549 acc=0.9579 cells=158379
[ct_train] rechunked train graphs (seed=12)

=== Epoch 12/1000 ===
  [train] epoch=12 step=20/33 loss=5.4205 cls=0.4783 cme=2.3032 acc=0.9645
[train] loss=5.3142 cls=0.4864 cme=2.2505 acc=0.9602 cells=158379
[val]   loss=5.2814 eval=2.7023 cls=0.4508 cme=2.2515 acc=0.9644 cells=118036
[ct_train] saved best checkpoint (val_eval_loss=2.7023 val_acc=0.9644)
[ct_train] rechunked train graphs (seed=13)

=== Epoch 13/1000 ===
  [train] epoch=13 step=20/33 loss=5.4780 cls=0.4757 cme=2.3308 acc=0.9645
[train] loss=5.3055 cls=0.4820 cme=2.2485 acc=0.9613 cells=158379
[ct_train] rechunked train graphs (seed=14)

=== Epoch 14/1000 ===
  [train] epoch=14 step=20/33 loss=5.1151 cls=0.4483 cme=2.1768 acc=0.9690
[train] loss=5.2896 cls=0.4785 cme=2.2428 acc=0.9622 cells=158379
[val]   loss=5.2704 eval=2.6959 cls=0.4481 cme=2.2478 acc=0.9646 cells=118036
[ct_train] saved best checkpoint (val_eval_loss=2.6959 val_acc=0.9646)
[ct_train] rechunked train graphs (seed=15)

=== Epoch 15/1000 ===
  [train] epoch=15 step=20/33 loss=5.4374 cls=0.4709 cme=2.3142 acc=0.9648
[train] loss=5.2772 cls=0.4740 cme=2.2391 acc=0.9631 cells=158379
[ct_train] rechunked train graphs (seed=16)

=== Epoch 16/1000 ===
  [train] epoch=16 step=20/33 loss=5.1966 cls=0.4526 cme=2.2124 acc=0.9700
[train] loss=5.2683 cls=0.4698 cme=2.2369 acc=0.9644 cells=158379
[val]   loss=5.2532 eval=2.6853 cls=0.4431 cme=2.2422 acc=0.9666 cells=118036
[ct_train] saved best checkpoint (val_eval_loss=2.6853 val_acc=0.9666)
[ct_train] rechunked train graphs (seed=17)

=== Epoch 17/1000 ===
  [train] epoch=17 step=20/33 loss=5.1415 cls=0.4449 cme=2.1895 acc=0.9696
[train] loss=5.2666 cls=0.4680 cme=2.2370 acc=0.9644 cells=158379
[ct_train] rechunked train graphs (seed=18)

=== Epoch 18/1000 ===
  [train] epoch=18 step=20/33 loss=5.1373 cls=0.4610 cme=2.1808 acc=0.9646
[train] loss=5.2609 cls=0.4657 cme=2.2355 acc=0.9651 cells=158379
[val]   loss=5.2457 eval=2.6798 cls=0.4399 cme=2.2399 acc=0.9670 cells=118036
[ct_train] saved best checkpoint (val_eval_loss=2.6798 val_acc=0.9670)
[ct_train] rechunked train graphs (seed=19)

=== Epoch 19/1000 ===
  [train] epoch=19 step=20/33 loss=5.4183 cls=0.4568 cme=2.3119 acc=0.9692
[train] loss=5.2471 cls=0.4635 cme=2.2300 acc=0.9657 cells=158379
[ct_train] rechunked train graphs (seed=20)

=== Epoch 20/1000 ===
  [train] epoch=20 step=20/33 loss=5.1465 cls=0.4697 cme=2.1801 acc=0.9665
[train] loss=5.2433 cls=0.4611 cme=2.2294 acc=0.9666 cells=158379
[val]   loss=5.2364 eval=2.6743 cls=0.4371 cme=2.2372 acc=0.9678 cells=118036
[ct_train] saved best checkpoint (val_eval_loss=2.6743 val_acc=0.9678)
[ct_train] rechunked train graphs (seed=21)

=== Epoch 21/1000 ===
  [train] epoch=21 step=20/33 loss=5.2118 cls=0.4696 cme=2.2111 acc=0.9604
[train] loss=5.2288 cls=0.4576 cme=2.2243 acc=0.9673 cells=158379
[ct_train] rechunked train graphs (seed=22)

=== Epoch 22/1000 ===
  [train] epoch=22 step=20/33 loss=5.1019 cls=0.4450 cme=2.1710 acc=0.9709
[train] loss=5.2266 cls=0.4561 cme=2.2239 acc=0.9675 cells=158379
[val]   loss=5.2294 eval=2.6686 cls=0.4327 cme=2.2359 acc=0.9694 cells=118036
[ct_train] saved best checkpoint (val_eval_loss=2.6686 val_acc=0.9694)
[ct_train] rechunked train graphs (seed=23)

=== Epoch 23/1000 ===
  [train] epoch=23 step=20/33 loss=5.3268 cls=0.4654 cme=2.2662 acc=0.9624
[train] loss=5.2159 cls=0.4524 cme=2.2208 acc=0.9686 cells=158379
[ct_train] rechunked train graphs (seed=24)

=== Epoch 24/1000 ===
  [train] epoch=24 step=20/33 loss=5.1174 cls=0.4583 cme=2.1718 acc=0.9685
[train] loss=5.2113 cls=0.4513 cme=2.2191 acc=0.9688 cells=158379
[val]   loss=5.2172 eval=2.6630 cls=0.4326 cme=2.2304 acc=0.9692 cells=118036
[ct_train] saved best checkpoint (val_eval_loss=2.6630 val_acc=0.9694)
[ct_train] rechunked train graphs (seed=25)

=== Epoch 25/1000 ===
  [train] epoch=25 step=20/33 loss=5.4276 cls=0.4563 cme=2.3166 acc=0.9663
[train] loss=5.2070 cls=0.4500 cme=2.2177 acc=0.9691 cells=158379
[ct_train] rechunked train graphs (seed=26)

=== Epoch 26/1000 ===
  [train] epoch=26 step=20/33 loss=4.9902 cls=0.4456 cme=2.1197 acc=0.9714
[train] loss=5.2006 cls=0.4483 cme=2.2156 acc=0.9697 cells=158379
[val]   loss=5.2184 eval=2.6615 cls=0.4285 cme=2.2330 acc=0.9706 cells=118036
[ct_train] saved best checkpoint (val_eval_loss=2.6615 val_acc=0.9706)
[ct_train] rechunked train graphs (seed=27)

=== Epoch 27/1000 ===
  [train] epoch=27 step=20/33 loss=5.3996 cls=0.4555 cme=2.3044 acc=0.9639
[train] loss=5.2016 cls=0.4471 cme=2.2166 acc=0.9701 cells=158379
[ct_train] rechunked train graphs (seed=28)

=== Epoch 28/1000 ===
  [train] epoch=28 step=20/33 loss=4.9851 cls=0.4448 cme=2.1172 acc=0.9712
[train] loss=5.1891 cls=0.4443 cme=2.2121 acc=0.9705 cells=158379
[val]   loss=5.2024 eval=2.6525 cls=0.4259 cme=2.2267 acc=0.9715 cells=118036
[ct_train] saved best checkpoint (val_eval_loss=2.6525 val_acc=0.9715)
[ct_train] rechunked train graphs (seed=29)

=== Epoch 29/1000 ===
  [train] epoch=29 step=20/33 loss=5.2623 cls=0.4603 cme=2.2386 acc=0.9646
[train] loss=5.1878 cls=0.4439 cme=2.2117 acc=0.9711 cells=158379
[ct_train] rechunked train graphs (seed=30)

=== Epoch 30/1000 ===
  [train] epoch=30 step=20/33 loss=5.2877 cls=0.4520 cme=2.2544 acc=0.9672
[train] loss=5.1805 cls=0.4421 cme=2.2092 acc=0.9717 cells=158379
[val]   loss=5.2003 eval=2.6517 cls=0.4267 cme=2.2250 acc=0.9708 cells=118036
[ct_train] saved best checkpoint (val_eval_loss=2.6517 val_acc=0.9715)
[ct_train] rechunked train graphs (seed=31)

=== Epoch 31/1000 ===
  [train] epoch=31 step=20/33 loss=4.9627 cls=0.4336 cme=2.1129 acc=0.9741
[train] loss=5.1760 cls=0.4411 cme=2.2075 acc=0.9718 cells=158379
[ct_train] rechunked train graphs (seed=32)

=== Epoch 32/1000 ===
  [train] epoch=32 step=20/33 loss=5.4369 cls=0.4437 cme=2.3262 acc=0.9701
[train] loss=5.1735 cls=0.4395 cme=2.2071 acc=0.9720 cells=158379
[val]   loss=5.2027 eval=2.6513 cls=0.4236 cme=2.2278 acc=0.9719 cells=118036
[ct_train] saved best checkpoint (val_eval_loss=2.6513 val_acc=0.9719)
[ct_train] rechunked train graphs (seed=33)

=== Epoch 33/1000 ===
  [train] epoch=33 step=20/33 loss=4.9758 cls=0.4328 cme=2.1192 acc=0.9747
[train] loss=5.1754 cls=0.4381 cme=2.2087 acc=0.9725 cells=158379
[ct_train] rechunked train graphs (seed=34)

=== Epoch 34/1000 ===
  [train] epoch=34 step=20/33 loss=4.8773 cls=0.4377 cme=2.0714 acc=0.9738
[train] loss=5.1701 cls=0.4378 cme=2.2064 acc=0.9725 cells=158379
[val]   loss=5.1957 eval=2.6480 cls=0.4229 cme=2.2250 acc=0.9721 cells=118036
[ct_train] saved best checkpoint (val_eval_loss=2.6480 val_acc=0.9721)
[ct_train] rechunked train graphs (seed=35)

=== Epoch 35/1000 ===
  [train] epoch=35 step=20/33 loss=4.9458 cls=0.4302 cme=2.1067 acc=0.9766
[train] loss=5.1622 cls=0.4363 cme=2.2034 acc=0.9729 cells=158379
[ct_train] rechunked train graphs (seed=36)

=== Epoch 36/1000 ===
  [train] epoch=36 step=20/33 loss=5.1842 cls=0.4334 cme=2.2155 acc=0.9754
[train] loss=5.1585 cls=0.4350 cme=2.2023 acc=0.9730 cells=158379
[val]   loss=5.1948 eval=2.6471 cls=0.4221 cme=2.2250 acc=0.9726 cells=118036
[ct_train] saved best checkpoint (val_eval_loss=2.6471 val_acc=0.9726)
[ct_train] rechunked train graphs (seed=37)

=== Epoch 37/1000 ===
  [train] epoch=37 step=20/33 loss=5.1995 cls=0.4326 cme=2.2232 acc=0.9745
[train] loss=5.1547 cls=0.4329 cme=2.2015 acc=0.9737 cells=158379
[ct_train] rechunked train graphs (seed=38)

=== Epoch 38/1000 ===
  [train] epoch=38 step=20/33 loss=4.9432 cls=0.4270 cme=2.1071 acc=0.9761
[train] loss=5.1554 cls=0.4336 cme=2.2015 acc=0.9738 cells=158379
[val]   loss=5.2070 eval=2.6523 cls=0.4209 cme=2.2314 acc=0.9728 cells=118036
[ct_train] early_stopping: no improve on val/eval_loss for 1/45 val checks
[ct_train] rechunked train graphs (seed=39)

=== Epoch 39/1000 ===
  [train] epoch=39 step=20/33 loss=4.8545 cls=0.4300 cme=2.0644 acc=0.9754
[train] loss=5.1512 cls=0.4336 cme=2.1995 acc=0.9737 cells=158379
[ct_train] rechunked train graphs (seed=40)

=== Epoch 40/1000 ===
  [train] epoch=40 step=20/33 loss=5.0389 cls=0.4341 cme=2.1470 acc=0.9744
[train] loss=5.1492 cls=0.4313 cme=2.1997 acc=0.9740 cells=158379
[val]   loss=5.2091 eval=2.6534 cls=0.4211 cme=2.2323 acc=0.9725 cells=118036
[ct_train] early_stopping: no improve on val/eval_loss for 2/45 val checks
[ct_train] rechunked train graphs (seed=41)

=== Epoch 41/1000 ===
  [train] epoch=41 step=20/33 loss=5.1221 cls=0.4368 cme=2.1844 acc=0.9730
[train] loss=5.1488 cls=0.4310 cme=2.1997 acc=0.9744 cells=158379
[ct_train] rechunked train graphs (seed=42)

=== Epoch 42/1000 ===
  [train] epoch=42 step=20/33 loss=4.8484 cls=0.4276 cme=2.0623 acc=0.9735
[train] loss=5.1408 cls=0.4300 cme=2.1964 acc=0.9744 cells=158379
[val]   loss=5.1736 eval=2.6357 cls=0.4189 cme=2.2168 acc=0.9733 cells=118036
[ct_train] saved best checkpoint (val_eval_loss=2.6357 val_acc=0.9733)
[ct_train] rechunked train graphs (seed=43)

=== Epoch 43/1000 ===
  [train] epoch=43 step=20/33 loss=5.2296 cls=0.4460 cme=2.2299 acc=0.9662
[train] loss=5.1390 cls=0.4283 cme=2.1964 acc=0.9750 cells=158379
[ct_train] rechunked train graphs (seed=44)

=== Epoch 44/1000 ===
  [train] epoch=44 step=20/33 loss=5.0014 cls=0.4134 cme=2.1394 acc=0.9797
[train] loss=5.1359 cls=0.4281 cme=2.1951 acc=0.9751 cells=158379
[val]   loss=5.1798 eval=2.6381 cls=0.4184 cme=2.2197 acc=0.9740 cells=118036
[ct_train] early_stopping: no improve on val/eval_loss for 1/45 val checks
[ct_train] rechunked train graphs (seed=45)

=== Epoch 45/1000 ===
  [train] epoch=45 step=20/33 loss=4.9517 cls=0.4267 cme=2.1109 acc=0.9772
[train] loss=5.1388 cls=0.4278 cme=2.1965 acc=0.9748 cells=158379
[ct_train] rechunked train graphs (seed=46)

=== Epoch 46/1000 ===
  [train] epoch=46 step=20/33 loss=4.9475 cls=0.4024 cme=2.1199 acc=0.9845
[train] loss=5.1251 cls=0.4256 cme=2.1912 acc=0.9760 cells=158379
[val]   loss=5.1750 eval=2.6377 cls=0.4214 cme=2.2163 acc=0.9723 cells=118036
[ct_train] early_stopping: no improve on val/eval_loss for 2/45 val checks
[ct_train] rechunked train graphs (seed=47)

=== Epoch 47/1000 ===
  [train] epoch=47 step=20/33 loss=4.9920 cls=0.4162 cme=2.1337 acc=0.9770
[train] loss=5.1278 cls=0.4261 cme=2.1922 acc=0.9758 cells=158379
[ct_train] rechunked train graphs (seed=48)

=== Epoch 48/1000 ===
  [train] epoch=48 step=20/33 loss=5.0606 cls=0.4183 cme=2.1654 acc=0.9784
[train] loss=5.1280 cls=0.4250 cme=2.1928 acc=0.9755 cells=158379
[val]   loss=5.1755 eval=2.6361 cls=0.4180 cme=2.2181 acc=0.9732 cells=118036
[ct_train] early_stopping: no improve on val/eval_loss for 3/45 val checks
[ct_train] rechunked train graphs (seed=49)

=== Epoch 49/1000 ===
  [train] epoch=49 step=20/33 loss=5.1901 cls=0.4366 cme=2.2165 acc=0.9716
[train] loss=5.1204 cls=0.4233 cme=2.1902 acc=0.9764 cells=158379
[ct_train] rechunked train graphs (seed=50)

=== Epoch 50/1000 ===
  [train] epoch=50 step=20/33 loss=5.0027 cls=0.4149 cme=2.1398 acc=0.9793
[train] loss=5.1218 cls=0.4230 cme=2.1909 acc=0.9764 cells=158379
[val]   loss=5.1718 eval=2.6338 cls=0.4172 cme=2.2165 acc=0.9736 cells=118036
[ct_train] saved best checkpoint (val_eval_loss=2.6338 val_acc=0.9740)
[ct_train] rechunked train graphs (seed=51)

=== Epoch 51/1000 ===
  [train] epoch=51 step=20/33 loss=5.2800 cls=0.4494 cme=2.2518 acc=0.9670
[train] loss=5.1154 cls=0.4222 cme=2.1883 acc=0.9766 cells=158379
[ct_train] rechunked train graphs (seed=52)

=== Epoch 52/1000 ===
  [train] epoch=52 step=20/33 loss=4.8997 cls=0.4154 cme=2.0923 acc=0.9810
[train] loss=5.1160 cls=0.4213 cme=2.1890 acc=0.9770 cells=158379
[val]   loss=5.1738 eval=2.6346 cls=0.4165 cme=2.2181 acc=0.9738 cells=118036
[ct_train] early_stopping: no improve on val/eval_loss for 1/45 val checks
[ct_train] rechunked train graphs (seed=53)

=== Epoch 53/1000 ===
  [train] epoch=53 step=20/33 loss=5.2004 cls=0.4385 cme=2.2198 acc=0.9701
[train] loss=5.1244 cls=0.4210 cme=2.1930 acc=0.9769 cells=158379
[ct_train] rechunked train graphs (seed=54)

=== Epoch 54/1000 ===
  [train] epoch=54 step=20/33 loss=4.9948 cls=0.4191 cme=2.1339 acc=0.9790
[train] loss=5.1174 cls=0.4211 cme=2.1897 acc=0.9772 cells=158379
[val]   loss=5.1620 eval=2.6288 cls=0.4161 cme=2.2127 acc=0.9745 cells=118036
[ct_train] saved best checkpoint (val_eval_loss=2.6288 val_acc=0.9745)
[ct_train] rechunked train graphs (seed=55)

=== Epoch 55/1000 ===
  [train] epoch=55 step=20/33 loss=5.1579 cls=0.4245 cme=2.2077 acc=0.9767
[train] loss=5.1090 cls=0.4202 cme=2.1862 acc=0.9772 cells=158379
[ct_train] rechunked train graphs (seed=56)

=== Epoch 56/1000 ===
  [train] epoch=56 step=20/33 loss=5.0296 cls=0.4093 cme=2.1551 acc=0.9800
[train] loss=5.1082 cls=0.4195 cme=2.1862 acc=0.9777 cells=158379
[val]   loss=5.1683 eval=2.6315 cls=0.4158 cme=2.2157 acc=0.9743 cells=118036
[ct_train] early_stopping: no improve on val/eval_loss for 1/45 val checks
[ct_train] rechunked train graphs (seed=57)

=== Epoch 57/1000 ===
  [train] epoch=57 step=20/33 loss=4.8801 cls=0.4110 cme=2.0849 acc=0.9823
[train] loss=5.1056 cls=0.4188 cme=2.1853 acc=0.9774 cells=158379
[ct_train] rechunked train graphs (seed=58)

=== Epoch 58/1000 ===
  [train] epoch=58 step=20/33 loss=5.1639 cls=0.4334 cme=2.2051 acc=0.9704
[train] loss=5.1048 cls=0.4186 cme=2.1851 acc=0.9778 cells=158379
[val]   loss=5.1643 eval=2.6297 cls=0.4156 cme=2.2141 acc=0.9743 cells=118036
[ct_train] early_stopping: no improve on val/eval_loss for 2/45 val checks
[ct_train] rechunked train graphs (seed=59)

=== Epoch 59/1000 ===
  [train] epoch=59 step=20/33 loss=5.1429 cls=0.4278 cme=2.1986 acc=0.9754
[train] loss=5.0998 cls=0.4174 cme=2.1834 acc=0.9781 cells=158379
[ct_train] rechunked train graphs (seed=60)

=== Epoch 60/1000 ===
  [train] epoch=60 step=20/33 loss=4.8795 cls=0.4066 cme=2.0867 acc=0.9852
[train] loss=5.0991 cls=0.4172 cme=2.1830 acc=0.9778 cells=158379
[val]   loss=5.1603 eval=2.6283 cls=0.4169 cme=2.2114 acc=0.9739 cells=118036
[ct_train] saved best checkpoint (val_eval_loss=2.6283 val_acc=0.9745)
[ct_train] rechunked train graphs (seed=61)

=== Epoch 61/1000 ===
  [train] epoch=61 step=20/33 loss=4.9085 cls=0.4161 cme=2.0956 acc=0.9813
[train] loss=5.0957 cls=0.4167 cme=2.1817 acc=0.9780 cells=158379
[ct_train] rechunked train graphs (seed=62)

=== Epoch 62/1000 ===
  [train] epoch=62 step=20/33 loss=4.7931 cls=0.4123 cme=2.0440 acc=0.9791
[train] loss=5.0931 cls=0.4158 cme=2.1810 acc=0.9788 cells=158379
[val]   loss=5.1665 eval=2.6314 cls=0.4173 cme=2.2142 acc=0.9738 cells=118036
[ct_train] early_stopping: no improve on val/eval_loss for 1/45 val checks
[ct_train] rechunked train graphs (seed=63)

=== Epoch 63/1000 ===
  [train] epoch=63 step=20/33 loss=4.8865 cls=0.4148 cme=2.0856 acc=0.9789
[train] loss=5.0917 cls=0.4149 cme=2.1807 acc=0.9788 cells=158379
[ct_train] rechunked train graphs (seed=64)

=== Epoch 64/1000 ===
  [train] epoch=64 step=20/33 loss=4.7970 cls=0.4086 cme=2.0475 acc=0.9816
[train] loss=5.0878 cls=0.4145 cme=2.1792 acc=0.9789 cells=158379
[val]   loss=5.1724 eval=2.6332 cls=0.4151 cme=2.2181 acc=0.9748 cells=118036
[ct_train] early_stopping: no improve on val/eval_loss for 2/45 val checks
[ct_train] rechunked train graphs (seed=65)

=== Epoch 65/1000 ===
  [train] epoch=65 step=20/33 loss=5.3483 cls=0.4161 cme=2.2979 acc=0.9776
[train] loss=5.0967 cls=0.4143 cme=2.1833 acc=0.9791 cells=158379
[ct_train] rechunked train graphs (seed=66)

=== Epoch 66/1000 ===
  [train] epoch=66 step=20/33 loss=4.9199 cls=0.3883 cme=2.1141 acc=0.9904
[train] loss=5.0875 cls=0.4137 cme=2.1793 acc=0.9791 cells=158379
[val]   loss=5.1719 eval=2.6329 cls=0.4152 cme=2.2178 acc=0.9744 cells=118036
[ct_train] early_stopping: no improve on val/eval_loss for 3/45 val checks
[ct_train] rechunked train graphs (seed=67)

=== Epoch 67/1000 ===
  [train] epoch=67 step=20/33 loss=4.8936 cls=0.4111 cme=2.0911 acc=0.9802
[train] loss=5.0870 cls=0.4139 cme=2.1790 acc=0.9792 cells=158379
[ct_train] rechunked train graphs (seed=68)

=== Epoch 68/1000 ===
  [train] epoch=68 step=20/33 loss=5.0493 cls=0.4205 cme=2.1591 acc=0.9752
[train] loss=5.0908 cls=0.4143 cme=2.1806 acc=0.9787 cells=158379
[val]   loss=5.1666 eval=2.6309 cls=0.4161 cme=2.2148 acc=0.9738 cells=118036
[ct_train] early_stopping: no improve on val/eval_loss for 4/45 val checks
[ct_train] rechunked train graphs (seed=69)

=== Epoch 69/1000 ===
  [train] epoch=69 step=20/33 loss=4.8074 cls=0.4094 cme=2.0523 acc=0.9811
[train] loss=5.0931 cls=0.4123 cme=2.1826 acc=0.9796 cells=158379
[ct_train] rechunked train graphs (seed=70)

=== Epoch 70/1000 ===
  [train] epoch=70 step=20/33 loss=5.1513 cls=0.4094 cme=2.2119 acc=0.9805
[train] loss=5.0812 cls=0.4110 cme=2.1777 acc=0.9799 cells=158379
[val]   loss=5.1534 eval=2.6235 cls=0.4136 cme=2.2099 acc=0.9747 cells=118036
[ct_train] saved best checkpoint (val_eval_loss=2.6235 val_acc=0.9748)
[ct_train] rechunked train graphs (seed=71)

=== Epoch 71/1000 ===
  [train] epoch=71 step=20/33 loss=4.9933 cls=0.4023 cme=2.1416 acc=0.9823
[train] loss=5.0776 cls=0.4112 cme=2.1759 acc=0.9801 cells=158379
[ct_train] rechunked train graphs (seed=72)

=== Epoch 72/1000 ===
  [train] epoch=72 step=20/33 loss=5.3298 cls=0.4142 cme=2.2904 acc=0.9798
[train] loss=5.0813 cls=0.4115 cme=2.1774 acc=0.9795 cells=158379
[val]   loss=5.1612 eval=2.6270 cls=0.4133 cme=2.2136 acc=0.9751 cells=118036
[ct_train] early_stopping: no improve on val/eval_loss for 1/45 val checks
[ct_train] rechunked train graphs (seed=73)

=== Epoch 73/1000 ===
  [train] epoch=73 step=20/33 loss=5.1832 cls=0.4252 cme=2.2183 acc=0.9744
[train] loss=5.0790 cls=0.4108 cme=2.1767 acc=0.9801 cells=158379
[ct_train] rechunked train graphs (seed=74)

=== Epoch 74/1000 ===
  [train] epoch=74 step=20/33 loss=5.1101 cls=0.4188 cme=2.1879 acc=0.9764
[train] loss=5.0773 cls=0.4109 cme=2.1759 acc=0.9800 cells=158379
[val]   loss=5.1519 eval=2.6230 cls=0.4141 cme=2.2088 acc=0.9749 cells=118036
[ct_train] saved best checkpoint (val_eval_loss=2.6230 val_acc=0.9751)
[ct_train] rechunked train graphs (seed=75)

=== Epoch 75/1000 ===
  [train] epoch=75 step=20/33 loss=5.1567 cls=0.4101 cme=2.2128 acc=0.9834
[train] loss=5.0743 cls=0.4099 cme=2.1749 acc=0.9801 cells=158379
[ct_train] rechunked train graphs (seed=76)

=== Epoch 76/1000 ===
  [train] epoch=76 step=20/33 loss=5.1827 cls=0.4141 cme=2.2228 acc=0.9808
[train] loss=5.0735 cls=0.4098 cme=2.1746 acc=0.9801 cells=158379
[val]   loss=5.1567 eval=2.6260 cls=0.4157 cme=2.2103 acc=0.9744 cells=118036
[ct_train] early_stopping: no improve on val/eval_loss for 1/45 val checks
[ct_train] rechunked train graphs (seed=77)

=== Epoch 77/1000 ===
  [train] epoch=77 step=20/33 loss=5.0848 cls=0.3994 cme=2.1840 acc=0.9840
[train] loss=5.0685 cls=0.4085 cme=2.1729 acc=0.9808 cells=158379
[ct_train] rechunked train graphs (seed=78)

=== Epoch 78/1000 ===
  [train] epoch=78 step=20/33 loss=4.9706 cls=0.4026 cme=2.1305 acc=0.9833
[train] loss=5.0694 cls=0.4084 cme=2.1735 acc=0.9805 cells=158379
[val]   loss=5.1601 eval=2.6275 cls=0.4154 cme=2.2121 acc=0.9744 cells=118036
[ct_train] early_stopping: no improve on val/eval_loss for 2/45 val checks
[ct_train] rechunked train graphs (seed=79)

=== Epoch 79/1000 ===
  [train] epoch=79 step=20/33 loss=4.8955 cls=0.3853 cme=2.1042 acc=0.9895
[train] loss=5.0639 cls=0.4076 cme=2.1712 acc=0.9810 cells=158379
[ct_train] rechunked train graphs (seed=80)

=== Epoch 80/1000 ===
  [train] epoch=80 step=20/33 loss=5.0136 cls=0.4051 cme=2.1494 acc=0.9831
[train] loss=5.0628 cls=0.4070 cme=2.1710 acc=0.9809 cells=158379
[val]   loss=5.1565 eval=2.6249 cls=0.4135 cme=2.2114 acc=0.9748 cells=118036
[ct_train] early_stopping: no improve on val/eval_loss for 3/45 val checks
[ct_train] rechunked train graphs (seed=81)

=== Epoch 81/1000 ===
  [train] epoch=81 step=20/33 loss=4.9439 cls=0.4016 cme=2.1179 acc=0.9844
[train] loss=5.0635 cls=0.4065 cme=2.1716 acc=0.9813 cells=158379
[ct_train] rechunked train graphs (seed=82)

=== Epoch 82/1000 ===
  [train] epoch=82 step=20/33 loss=5.1026 cls=0.3955 cme=2.1949 acc=0.9878
[train] loss=5.0619 cls=0.4061 cme=2.1710 acc=0.9816 cells=158379
[val]   loss=5.1601 eval=2.6263 cls=0.4132 cme=2.2131 acc=0.9751 cells=118036
[ct_train] early_stopping: no improve on val/eval_loss for 4/45 val checks
[ct_train] rechunked train graphs (seed=83)

=== Epoch 83/1000 ===
  [train] epoch=83 step=20/33 loss=4.9294 cls=0.4031 cme=2.1107 acc=0.9824
[train] loss=5.0599 cls=0.4062 cme=2.1700 acc=0.9813 cells=158379
[ct_train] rechunked train graphs (seed=84)

=== Epoch 84/1000 ===
  [train] epoch=84 step=20/33 loss=5.1303 cls=0.4174 cme=2.1974 acc=0.9768
[train] loss=5.0636 cls=0.4055 cme=2.1721 acc=0.9816 cells=158379
[val]   loss=5.1597 eval=2.6269 cls=0.4147 cme=2.2121 acc=0.9746 cells=118036
[ct_train] early_stopping: no improve on val/eval_loss for 5/45 val checks
[ct_train] rechunked train graphs (seed=85)

=== Epoch 85/1000 ===
  [train] epoch=85 step=20/33 loss=4.8686 cls=0.4001 cme=2.0845 acc=0.9827
[train] loss=5.0580 cls=0.4061 cme=2.1692 acc=0.9812 cells=158379
[ct_train] rechunked train graphs (seed=86)

=== Epoch 86/1000 ===
  [train] epoch=86 step=20/33 loss=4.8647 cls=0.4029 cme=2.0815 acc=0.9820
[train] loss=5.0530 cls=0.4048 cme=2.1675 acc=0.9820 cells=158379
[val]   loss=5.1641 eval=2.6275 cls=0.4119 cme=2.2156 acc=0.9757 cells=118036
[ct_train] early_stopping: no improve on val/eval_loss for 6/45 val checks
[ct_train] rechunked train graphs (seed=87)

=== Epoch 87/1000 ===
  [train] epoch=87 step=20/33 loss=5.1845 cls=0.4001 cme=2.2304 acc=0.9852
[train] loss=5.0559 cls=0.4043 cme=2.1691 acc=0.9821 cells=158379
[ct_train] rechunked train graphs (seed=88)

=== Epoch 88/1000 ===
  [train] epoch=88 step=20/33 loss=4.8328 cls=0.3955 cme=2.0704 acc=0.9877
[train] loss=5.0529 cls=0.4045 cme=2.1676 acc=0.9821 cells=158379
[val]   loss=5.1555 eval=2.6253 cls=0.4150 cme=2.2103 acc=0.9748 cells=118036
[ct_train] early_stopping: no improve on val/eval_loss for 7/45 val checks
[ct_train] rechunked train graphs (seed=89)

=== Epoch 89/1000 ===
  [train] epoch=89 step=20/33 loss=5.0589 cls=0.3943 cme=2.1746 acc=0.9849
[train] loss=5.0522 cls=0.4041 cme=2.1675 acc=0.9821 cells=158379
[ct_train] rechunked train graphs (seed=90)

=== Epoch 90/1000 ===
  [train] epoch=90 step=20/33 loss=4.9447 cls=0.4010 cme=2.1186 acc=0.9847
[train] loss=5.0542 cls=0.4049 cme=2.1680 acc=0.9814 cells=158379
[val]   loss=5.1573 eval=2.6252 cls=0.4136 cme=2.2116 acc=0.9751 cells=118036
[ct_train] early_stopping: no improve on val/eval_loss for 8/45 val checks
[ct_train] rechunked train graphs (seed=91)

=== Epoch 91/1000 ===
  [train] epoch=91 step=20/33 loss=4.8429 cls=0.3947 cme=2.0752 acc=0.9874
[train] loss=5.0520 cls=0.4039 cme=2.1674 acc=0.9819 cells=158379
[ct_train] rechunked train graphs (seed=92)

=== Epoch 92/1000 ===
  [train] epoch=92 step=20/33 loss=4.9343 cls=0.3943 cme=2.1173 acc=0.9864
[train] loss=5.0466 cls=0.4014 cme=2.1661 acc=0.9830 cells=158379
[val]   loss=5.1591 eval=2.6265 cls=0.4141 cme=2.2124 acc=0.9750 cells=118036
[ct_train] early_stopping: no improve on val/eval_loss for 9/45 val checks
[ct_train] rechunked train graphs (seed=93)

=== Epoch 93/1000 ===
  [train] epoch=93 step=20/33 loss=5.1436 cls=0.4020 cme=2.2114 acc=0.9838
[train] loss=5.0450 cls=0.4017 cme=2.1653 acc=0.9827 cells=158379
[ct_train] rechunked train graphs (seed=94)

=== Epoch 94/1000 ===
  [train] epoch=94 step=20/33 loss=5.3180 cls=0.4050 cme=2.2891 acc=0.9812
[train] loss=5.0415 cls=0.4012 cme=2.1638 acc=0.9829 cells=158379
[val]   loss=5.1598 eval=2.6258 cls=0.4120 cme=2.2138 acc=0.9759 cells=118036
[ct_train] early_stopping: no improve on val/eval_loss for 10/45 val checks
[ct_train] rechunked train graphs (seed=95)

=== Epoch 95/1000 ===
  [train] epoch=95 step=20/33 loss=4.8629 cls=0.3772 cme=2.0929 acc=0.9950
[train] loss=5.0419 cls=0.4020 cme=2.1637 acc=0.9827 cells=158379
[ct_train] rechunked train graphs (seed=96)

=== Epoch 96/1000 ===
  [train] epoch=96 step=20/33 loss=5.0689 cls=0.3948 cme=2.1799 acc=0.9867
[train] loss=5.0419 cls=0.4011 cme=2.1641 acc=0.9827 cells=158379
[val]   loss=5.1551 eval=2.6237 cls=0.4128 cme=2.2109 acc=0.9758 cells=118036
[ct_train] early_stopping: no improve on val/eval_loss for 11/45 val checks
[ct_train] rechunked train graphs (seed=97)

=== Epoch 97/1000 ===
  [train] epoch=97 step=20/33 loss=4.9352 cls=0.3968 cme=2.1161 acc=0.9855
[train] loss=5.0422 cls=0.4012 cme=2.1641 acc=0.9828 cells=158379
[ct_train] rechunked train graphs (seed=98)

=== Epoch 98/1000 ===
  [train] epoch=98 step=20/33 loss=5.0221 cls=0.3914 cme=2.1602 acc=0.9856
[train] loss=5.0377 cls=0.3997 cme=2.1628 acc=0.9832 cells=158379
[val]   loss=5.1508 eval=2.6222 cls=0.4135 cme=2.2087 acc=0.9753 cells=118036
[ct_train] saved best checkpoint (val_eval_loss=2.6222 val_acc=0.9759)
[ct_train] rechunked train graphs (seed=99)

=== Epoch 99/1000 ===
  [train] epoch=99 step=20/33 loss=4.9293 cls=0.3921 cme=2.1161 acc=0.9865
[train] loss=5.0400 cls=0.3999 cme=2.1637 acc=0.9834 cells=158379
[ct_train] rechunked train graphs (seed=100)

=== Epoch 100/1000 ===
  [train] epoch=100 step=20/33 loss=4.7606 cls=0.3983 cme=2.0354 acc=0.9839
[train] loss=5.0394 cls=0.4005 cme=2.1632 acc=0.9833 cells=158379
[val]   loss=5.1680 eval=2.6316 cls=0.4150 cme=2.2166 acc=0.9751 cells=118036
[ct_train] early_stopping: no improve on val/eval_loss for 1/45 val checks
[ct_train] rechunked train graphs (seed=101)

=== Epoch 101/1000 ===
  [train] epoch=101 step=20/33 loss=5.3093 cls=0.4059 cme=2.2847 acc=0.9805
[train] loss=5.0380 cls=0.3993 cme=2.1632 acc=0.9835 cells=158379
[ct_train] rechunked train graphs (seed=102)

=== Epoch 102/1000 ===
  [train] epoch=102 step=20/33 loss=5.0838 cls=0.4038 cme=2.1824 acc=0.9817
[train] loss=5.0357 cls=0.4006 cme=2.1614 acc=0.9829 cells=158379
[val]   loss=5.1596 eval=2.6268 cls=0.4147 cme=2.2121 acc=0.9751 cells=118036
[ct_train] early_stopping: no improve on val/eval_loss for 2/45 val checks
[ct_train] rechunked train graphs (seed=103)

=== Epoch 103/1000 ===
  [train] epoch=103 step=20/33 loss=5.1431 cls=0.4125 cme=2.2058 acc=0.9772
[train] loss=5.0332 cls=0.3986 cme=2.1612 acc=0.9838 cells=158379
[ct_train] rechunked train graphs (seed=104)

=== Epoch 104/1000 ===
  [train] epoch=104 step=20/33 loss=5.1301 cls=0.4114 cme=2.2002 acc=0.9785
[train] loss=5.0308 cls=0.3993 cme=2.1598 acc=0.9833 cells=158379
[val]   loss=5.1446 eval=2.6190 cls=0.4130 cme=2.2060 acc=0.9757 cells=118036
[ct_train] saved best checkpoint (val_eval_loss=2.6190 val_acc=0.9759)
[ct_train] rechunked train graphs (seed=105)

=== Epoch 105/1000 ===
  [train] epoch=105 step=20/33 loss=5.3023 cls=0.4037 cme=2.2827 acc=0.9833
[train] loss=5.0284 cls=0.3978 cme=2.1593 acc=0.9844 cells=158379
[ct_train] rechunked train graphs (seed=106)

=== Epoch 106/1000 ===
  [train] epoch=106 step=20/33 loss=5.1392 cls=0.4014 cme=2.2100 acc=0.9841
[train] loss=5.0349 cls=0.3989 cme=2.1619 acc=0.9837 cells=158379
[val]   loss=5.1707 eval=2.6315 cls=0.4137 cme=2.2178 acc=0.9755 cells=118036
[ct_train] early_stopping: no improve on val/eval_loss for 1/45 val checks
[ct_train] rechunked train graphs (seed=107)

=== Epoch 107/1000 ===
  [train] epoch=107 step=20/33 loss=5.1362 cls=0.4121 cme=2.2026 acc=0.9778
[train] loss=5.0324 cls=0.3977 cme=2.1613 acc=0.9839 cells=158379
[ct_train] rechunked train graphs (seed=108)

=== Epoch 108/1000 ===
  [train] epoch=108 step=20/33 loss=5.1730 cls=0.4153 cme=2.2178 acc=0.9796
[train] loss=5.0286 cls=0.3970 cme=2.1599 acc=0.9842 cells=158379
[val]   loss=5.1527 eval=2.6230 cls=0.4131 cme=2.2099 acc=0.9758 cells=118036
[ct_train] early_stopping: no improve on val/eval_loss for 2/45 val checks
[ct_train] rechunked train graphs (seed=109)

=== Epoch 109/1000 ===
  [train] epoch=109 step=20/33 loss=4.9163 cls=0.3895 cme=2.1114 acc=0.9869
[train] loss=5.0257 cls=0.3970 cme=2.1584 acc=0.9840 cells=158379
[ct_train] rechunked train graphs (seed=110)

=== Epoch 110/1000 ===
  [train] epoch=110 step=20/33 loss=4.8331 cls=0.3957 cme=2.0693 acc=0.9839
[train] loss=5.0265 cls=0.3962 cme=2.1592 acc=0.9845 cells=158379
[val]   loss=5.1569 eval=2.6249 cls=0.4128 cme=2.2121 acc=0.9755 cells=118036
[ct_train] early_stopping: no improve on val/eval_loss for 3/45 val checks
[ct_train] rechunked train graphs (seed=111)

=== Epoch 111/1000 ===
  [train] epoch=111 step=20/33 loss=5.3210 cls=0.4002 cme=2.2931 acc=0.9825
[train] loss=5.0220 cls=0.3954 cme=2.1576 acc=0.9847 cells=158379
[ct_train] rechunked train graphs (seed=112)

=== Epoch 112/1000 ===
  [train] epoch=112 step=20/33 loss=4.9045 cls=0.3901 cme=2.1059 acc=0.9880
[train] loss=5.0207 cls=0.3956 cme=2.1569 acc=0.9846 cells=158379
[val]   loss=5.1521 eval=2.6241 cls=0.4155 cme=2.2086 acc=0.9749 cells=118036
[ct_train] early_stopping: no improve on val/eval_loss for 4/45 val checks
[ct_train] rechunked train graphs (seed=113)

=== Epoch 113/1000 ===
  [train] epoch=113 step=20/33 loss=5.0555 cls=0.4073 cme=2.1678 acc=0.9812
[train] loss=5.0183 cls=0.3945 cme=2.1562 acc=0.9854 cells=158379
[ct_train] rechunked train graphs (seed=114)

=== Epoch 114/1000 ===
  [train] epoch=114 step=20/33 loss=5.1524 cls=0.3925 cme=2.2188 acc=0.9860
[train] loss=5.0184 cls=0.3956 cme=2.1558 acc=0.9848 cells=158379
[val]   loss=5.1626 eval=2.6291 cls=0.4156 cme=2.2135 acc=0.9750 cells=118036
[ct_train] early_stopping: no improve on val/eval_loss for 5/45 val checks
[ct_train] rechunked train graphs (seed=115)

=== Epoch 115/1000 ===
  [train] epoch=115 step=20/33 loss=5.2029 cls=0.4199 cme=2.2296 acc=0.9780
[train] loss=5.0174 cls=0.3955 cme=2.1554 acc=0.9851 cells=158379
[ct_train] rechunked train graphs (seed=116)

=== Epoch 116/1000 ===
  [train] epoch=116 step=20/33 loss=4.9575 cls=0.3858 cme=2.1327 acc=0.9878
[train] loss=5.0193 cls=0.3947 cme=2.1566 acc=0.9849 cells=158379
[val]   loss=5.1682 eval=2.6307 cls=0.4139 cme=2.2168 acc=0.9759 cells=118036
[ct_train] early_stopping: no improve on val/eval_loss for 6/45 val checks
[ct_train] rechunked train graphs (seed=117)

=== Epoch 117/1000 ===
  [train] epoch=117 step=20/33 loss=5.0717 cls=0.4000 cme=2.1781 acc=0.9810
[train] loss=5.0178 cls=0.3940 cme=2.1563 acc=0.9851 cells=158379
[ct_train] rechunked train graphs (seed=118)

=== Epoch 118/1000 ===
  [train] epoch=118 step=20/33 loss=5.0609 cls=0.3974 cme=2.1746 acc=0.9842
[train] loss=5.0094 cls=0.3932 cme=2.1527 acc=0.9857 cells=158379
[val]   loss=5.1474 eval=2.6208 cls=0.4135 cme=2.2073 acc=0.9757 cells=118036
[ct_train] early_stopping: no improve on val/eval_loss for 7/45 val checks
[ct_train] rechunked train graphs (seed=119)

=== Epoch 119/1000 ===
  [train] epoch=119 step=20/33 loss=5.0676 cls=0.3896 cme=2.1820 acc=0.9907
[train] loss=5.0146 cls=0.3940 cme=2.1547 acc=0.9852 cells=158379
[ct_train] rechunked train graphs (seed=120)

=== Epoch 120/1000 ===
  [train] epoch=120 step=20/33 loss=4.9002 cls=0.3927 cme=2.1018 acc=0.9857
[train] loss=5.0143 cls=0.3940 cme=2.1546 acc=0.9851 cells=158379
[val]   loss=5.1712 eval=2.6334 cls=0.4162 cme=2.2172 acc=0.9752 cells=118036
[ct_train] early_stopping: no improve on val/eval_loss for 8/45 val checks
[ct_train] rechunked train graphs (seed=121)

=== Epoch 121/1000 ===
  [train] epoch=121 step=20/33 loss=5.0040 cls=0.3852 cme=2.1546 acc=0.9900
[train] loss=5.0096 cls=0.3928 cme=2.1530 acc=0.9857 cells=158379
[ct_train] rechunked train graphs (seed=122)

=== Epoch 122/1000 ===
  [train] epoch=122 step=20/33 loss=5.1119 cls=0.4058 cme=2.1945 acc=0.9805
[train] loss=5.0069 cls=0.3932 cme=2.1515 acc=0.9855 cells=158379
[val]   loss=5.1587 eval=2.6276 cls=0.4168 cme=2.2108 acc=0.9753 cells=118036
[ct_train] early_stopping: no improve on val/eval_loss for 9/45 val checks
[ct_train] rechunked train graphs (seed=123)

=== Epoch 123/1000 ===
  [train] epoch=123 step=20/33 loss=4.9203 cls=0.3806 cme=2.1181 acc=0.9906
[train] loss=5.0054 cls=0.3923 cme=2.1513 acc=0.9857 cells=158379
[ct_train] rechunked train graphs (seed=124)

=== Epoch 124/1000 ===
  [train] epoch=124 step=20/33 loss=4.7205 cls=0.3904 cme=2.0205 acc=0.9855
[train] loss=5.0068 cls=0.3922 cme=2.1520 acc=0.9859 cells=158379
[val]   loss=5.1587 eval=2.6269 cls=0.4150 cme=2.2119 acc=0.9759 cells=118036
[ct_train] early_stopping: no improve on val/eval_loss for 10/45 val checks
[ct_train] rechunked train graphs (seed=125)

=== Epoch 125/1000 ===
  [train] epoch=125 step=20/33 loss=4.9093 cls=0.3904 cme=2.1073 acc=0.9858
[train] loss=5.0081 cls=0.3918 cme=2.1528 acc=0.9859 cells=158379
[ct_train] rechunked train graphs (seed=126)

=== Epoch 126/1000 ===
  [train] epoch=126 step=20/33 loss=5.0842 cls=0.3901 cme=2.1894 acc=0.9883
[train] loss=5.0021 cls=0.3909 cme=2.1504 acc=0.9865 cells=158379
[val]   loss=5.1653 eval=2.6310 cls=0.4166 cme=2.2143 acc=0.9752 cells=118036
[ct_train] early_stopping: no improve on val/eval_loss for 11/45 val checks
[ct_train] rechunked train graphs (seed=127)

=== Epoch 127/1000 ===
  [train] epoch=127 step=20/33 loss=5.2994 cls=0.3962 cme=2.2848 acc=0.9859
[train] loss=5.0074 cls=0.3920 cme=2.1524 acc=0.9860 cells=158379
[ct_train] rechunked train graphs (seed=128)

=== Epoch 128/1000 ===
  [train] epoch=128 step=20/33 loss=5.0427 cls=0.3959 cme=2.1673 acc=0.9839
[train] loss=5.0014 cls=0.3909 cme=2.1501 acc=0.9865 cells=158379
[val]   loss=5.1586 eval=2.6266 cls=0.4147 cme=2.2119 acc=0.9757 cells=118036
[ct_train] early_stopping: no improve on val/eval_loss for 12/45 val checks
[ct_train] rechunked train graphs (seed=129)

=== Epoch 129/1000 ===
  [train] epoch=129 step=20/33 loss=4.7793 cls=0.3824 cme=2.0519 acc=0.9904
[train] loss=5.0023 cls=0.3910 cme=2.1505 acc=0.9861 cells=158379
[ct_train] rechunked train graphs (seed=130)

=== Epoch 130/1000 ===
  [train] epoch=130 step=20/33 loss=5.2987 cls=0.3953 cme=2.2848 acc=0.9838
[train] loss=4.9989 cls=0.3900 cme=2.1493 acc=0.9865 cells=158379
[val]   loss=5.1564 eval=2.6256 cls=0.4146 cme=2.2110 acc=0.9759 cells=118036
[ct_train] early_stopping: no improve on val/eval_loss for 13/45 val checks
[ct_train] rechunked train graphs (seed=131)

=== Epoch 131/1000 ===
  [train] epoch=131 step=20/33 loss=5.0621 cls=0.3960 cme=2.1766 acc=0.9834
[train] loss=5.0044 cls=0.3896 cme=2.1521 acc=0.9867 cells=158379
[ct_train] rechunked train graphs (seed=132)

=== Epoch 132/1000 ===
  [train] epoch=132 step=20/33 loss=5.0600 cls=0.3986 cme=2.1736 acc=0.9845
[train] loss=4.9977 cls=0.3895 cme=2.1490 acc=0.9870 cells=158379
[val]   loss=5.1651 eval=2.6312 cls=0.4177 cme=2.2134 acc=0.9751 cells=118036
[ct_train] early_stopping: no improve on val/eval_loss for 14/45 val checks
[ct_train] rechunked train graphs (seed=133)

=== Epoch 133/1000 ===
  [train] epoch=133 step=20/33 loss=5.0853 cls=0.3918 cme=2.1882 acc=0.9875
[train] loss=4.9953 cls=0.3891 cme=2.1481 acc=0.9869 cells=158379
[ct_train] rechunked train graphs (seed=134)

=== Epoch 134/1000 ===
  [train] epoch=134 step=20/33 loss=4.8719 cls=0.3848 cme=2.0925 acc=0.9882
[train] loss=4.9945 cls=0.3886 cme=2.1479 acc=0.9873 cells=158379
[val]   loss=5.1539 eval=2.6254 cls=0.4165 cme=2.2089 acc=0.9752 cells=118036
[ct_train] early_stopping: no improve on val/eval_loss for 15/45 val checks
[ct_train] rechunked train graphs (seed=135)

=== Epoch 135/1000 ===
  [train] epoch=135 step=20/33 loss=5.0869 cls=0.3927 cme=2.1885 acc=0.9870
[train] loss=4.9921 cls=0.3882 cme=2.1471 acc=0.9872 cells=158379
[ct_train] rechunked train graphs (seed=136)

=== Epoch 136/1000 ===
  [train] epoch=136 step=20/33 loss=5.1386 cls=0.4072 cme=2.2056 acc=0.9828
[train] loss=4.9938 cls=0.3901 cme=2.1469 acc=0.9867 cells=158379
[val]   loss=5.1662 eval=2.6318 cls=0.4175 cme=2.2143 acc=0.9756 cells=118036
[ct_train] early_stopping: no improve on val/eval_loss for 16/45 val checks
[ct_train] rechunked train graphs (seed=137)

=== Epoch 137/1000 ===
  [train] epoch=137 step=20/33 loss=4.7183 cls=0.3888 cme=2.0201 acc=0.9876
[train] loss=4.9914 cls=0.3879 cme=2.1468 acc=0.9874 cells=158379
[ct_train] rechunked train graphs (seed=138)

=== Epoch 138/1000 ===
  [train] epoch=138 step=20/33 loss=4.9396 cls=0.3793 cme=2.1274 acc=0.9919
[train] loss=4.9988 cls=0.3885 cme=2.1500 acc=0.9873 cells=158379
[val]   loss=5.1858 eval=2.6421 cls=0.4196 cme=2.2225 acc=0.9744 cells=118036
[ct_train] early_stopping: no improve on val/eval_loss for 17/45 val checks
[ct_train] rechunked train graphs (seed=139)

=== Epoch 139/1000 ===
  [train] epoch=139 step=20/33 loss=5.0444 cls=0.4021 cme=2.1650 acc=0.9826
[train] loss=4.9997 cls=0.3885 cme=2.1504 acc=0.9873 cells=158379
[ct_train] rechunked train graphs (seed=140)

=== Epoch 140/1000 ===
  [train] epoch=140 step=20/33 loss=4.9411 cls=0.3847 cme=2.1256 acc=0.9901
[train] loss=4.9919 cls=0.3877 cme=2.1472 acc=0.9875 cells=158379
[val]   loss=5.1606 eval=2.6285 cls=0.4163 cme=2.2122 acc=0.9755 cells=118036
[ct_train] early_stopping: no improve on val/eval_loss for 18/45 val checks
[ct_train] rechunked train graphs (seed=141)

=== Epoch 141/1000 ===
  [train] epoch=141 step=20/33 loss=4.9938 cls=0.3769 cme=2.1525 acc=0.9916
[train] loss=4.9899 cls=0.3877 cme=2.1462 acc=0.9876 cells=158379
[ct_train] rechunked train graphs (seed=142)

=== Epoch 142/1000 ===
  [train] epoch=142 step=20/33 loss=5.1930 cls=0.3909 cme=2.2386 acc=0.9863
[train] loss=4.9836 cls=0.3869 cme=2.1437 acc=0.9879 cells=158379
[val]   loss=5.1683 eval=2.6354 cls=0.4229 cme=2.2125 acc=0.9740 cells=118036
[ct_train] early_stopping: no improve on val/eval_loss for 19/45 val checks
[ct_train] rechunked train graphs (seed=143)

=== Epoch 143/1000 ===
  [train] epoch=143 step=20/33 loss=4.8947 cls=0.3757 cme=2.1086 acc=0.9932
[train] loss=4.9868 cls=0.3874 cme=2.1449 acc=0.9874 cells=158379
[ct_train] rechunked train graphs (seed=144)

=== Epoch 144/1000 ===
  [train] epoch=144 step=20/33 loss=5.0270 cls=0.4017 cme=2.1570 acc=0.9819
[train] loss=4.9832 cls=0.3867 cme=2.1437 acc=0.9877 cells=158379
[val]   loss=5.1651 eval=2.6312 cls=0.4173 cme=2.2138 acc=0.9759 cells=118036
[ct_train] early_stopping: no improve on val/eval_loss for 20/45 val checks
[ct_train] rechunked train graphs (seed=145)

=== Epoch 145/1000 ===
  [train] epoch=145 step=20/33 loss=4.9243 cls=0.3781 cme=2.1209 acc=0.9916
[train] loss=4.9833 cls=0.3871 cme=2.1435 acc=0.9878 cells=158379
[ct_train] rechunked train graphs (seed=146)

=== Epoch 146/1000 ===
  [train] epoch=146 step=20/33 loss=4.8584 cls=0.3901 cme=2.0846 acc=0.9869
[train] loss=4.9814 cls=0.3864 cme=2.1429 acc=0.9882 cells=158379
[val]   loss=5.1696 eval=2.6334 cls=0.4176 cme=2.2158 acc=0.9754 cells=118036
[ct_train] early_stopping: no improve on val/eval_loss for 21/45 val checks
[ct_train] rechunked train graphs (seed=147)

=== Epoch 147/1000 ===
  [train] epoch=147 step=20/33 loss=5.0828 cls=0.3900 cme=2.1882 acc=0.9882
[train] loss=4.9904 cls=0.3859 cme=2.1472 acc=0.9883 cells=158379
[ct_train] rechunked train graphs (seed=148)

=== Epoch 148/1000 ===
  [train] epoch=148 step=20/33 loss=5.0159 cls=0.3978 cme=2.1539 acc=0.9841
[train] loss=4.9789 cls=0.3858 cme=2.1420 acc=0.9880 cells=158379
[val]   loss=5.1704 eval=2.6337 cls=0.4177 cme=2.2160 acc=0.9759 cells=118036
[ct_train] early_stopping: no improve on val/eval_loss for 22/45 val checks
[ct_train] rechunked train graphs (seed=149)

=== Epoch 149/1000 ===
  [train] epoch=149 step=20/33 loss=4.8591 cls=0.3894 cme=2.0853 acc=0.9867
[train] loss=4.9797 cls=0.3855 cme=2.1425 acc=0.9882 cells=158379
[ct_train] rechunked train graphs (seed=150)

=== Epoch 150/1000 ===
  [train] epoch=150 step=20/33 loss=4.8059 cls=0.3856 cme=2.0621 acc=0.9882
[train] loss=4.9791 cls=0.3854 cme=2.1424 acc=0.9883 cells=158379
[val]   loss=5.1713 eval=2.6357 cls=0.4210 cme=2.2148 acc=0.9749 cells=118036
[ct_train] early_stopping: no improve on val/eval_loss for 23/45 val checks
[ct_train] rechunked train graphs (seed=151)

=== Epoch 151/1000 ===
  [train] epoch=151 step=20/33 loss=4.9491 cls=0.3863 cme=2.1273 acc=0.9890
[train] loss=4.9794 cls=0.3858 cme=2.1423 acc=0.9881 cells=158379
[ct_train] rechunked train graphs (seed=152)

=== Epoch 152/1000 ===
  [train] epoch=152 step=20/33 loss=5.2382 cls=0.3868 cme=2.2607 acc=0.9896
[train] loss=4.9761 cls=0.3850 cme=2.1411 acc=0.9886 cells=158379
[val]   loss=5.1768 eval=2.6368 cls=0.4181 cme=2.2187 acc=0.9758 cells=118036
[ct_train] early_stopping: no improve on val/eval_loss for 24/45 val checks
[ct_train] rechunked train graphs (seed=153)

=== Epoch 153/1000 ===
  [train] epoch=153 step=20/33 loss=4.9575 cls=0.3860 cme=2.1319 acc=0.9872
[train] loss=4.9763 cls=0.3849 cme=2.1412 acc=0.9886 cells=158379
[ct_train] rechunked train graphs (seed=154)

=== Epoch 154/1000 ===
  [train] epoch=154 step=20/33 loss=4.9182 cls=0.3756 cme=2.1193 acc=0.9942
[train] loss=4.9763 cls=0.3842 cme=2.1416 acc=0.9885 cells=158379
[val]   loss=5.1769 eval=2.6381 cls=0.4203 cme=2.2178 acc=0.9746 cells=118036
[ct_train] early_stopping: no improve on val/eval_loss for 25/45 val checks
[ct_train] rechunked train graphs (seed=155)

=== Epoch 155/1000 ===
  [train] epoch=155 step=20/33 loss=5.0613 cls=0.3855 cme=2.1799 acc=0.9886
[train] loss=4.9727 cls=0.3830 cme=2.1404 acc=0.9892 cells=158379
[ct_train] rechunked train graphs (seed=156)

=== Epoch 156/1000 ===
  [train] epoch=156 step=20/33 loss=4.7487 cls=0.3745 cme=2.0413 acc=0.9943
[train] loss=4.9700 cls=0.3838 cme=2.1388 acc=0.9890 cells=158379
[val]   loss=5.1796 eval=2.6374 cls=0.4168 cme=2.2206 acc=0.9763 cells=118036
[ct_train] early_stopping: no improve on val/eval_loss for 26/45 val checks
[ct_train] rechunked train graphs (seed=157)

=== Epoch 157/1000 ===
  [train] epoch=157 step=20/33 loss=4.8573 cls=0.3820 cme=2.0877 acc=0.9905
[train] loss=4.9730 cls=0.3836 cme=2.1403 acc=0.9889 cells=158379
[ct_train] rechunked train graphs (seed=158)

=== Epoch 158/1000 ===
  [train] epoch=158 step=20/33 loss=4.8568 cls=0.3872 cme=2.0852 acc=0.9875
[train] loss=4.9683 cls=0.3837 cme=2.1381 acc=0.9891 cells=158379
[val]   loss=5.1808 eval=2.6412 cls=0.4228 cme=2.2184 acc=0.9745 cells=118036
[ct_train] early_stopping: no improve on val/eval_loss for 27/45 val checks
[ct_train] rechunked train graphs (seed=159)

=== Epoch 159/1000 ===
  [train] epoch=159 step=20/33 loss=5.2571 cls=0.3900 cme=2.2681 acc=0.9864
[train] loss=4.9648 cls=0.3828 cme=2.1369 acc=0.9891 cells=158379
[ct_train] rechunked train graphs (seed=160)

=== Epoch 160/1000 ===
  [train] epoch=160 step=20/33 loss=4.8580 cls=0.3829 cme=2.0876 acc=0.9889
[train] loss=4.9661 cls=0.3827 cme=2.1375 acc=0.9895 cells=158379
[val]   loss=5.1819 eval=2.6397 cls=0.4187 cme=2.2210 acc=0.9760 cells=118036
[ct_train] early_stopping: no improve on val/eval_loss for 28/45 val checks
[ct_train] rechunked train graphs (seed=161)

=== Epoch 161/1000 ===
  [train] epoch=161 step=20/33 loss=5.0306 cls=0.3879 cme=2.1648 acc=0.9878
[train] loss=4.9661 cls=0.3834 cme=2.1373 acc=0.9891 cells=158379
[ct_train] rechunked train graphs (seed=162)

=== Epoch 162/1000 ===
  [train] epoch=162 step=20/33 loss=5.0252 cls=0.3842 cme=2.1644 acc=0.9887
[train] loss=4.9706 cls=0.3835 cme=2.1392 acc=0.9889 cells=158379
[val]   loss=5.1951 eval=2.6499 cls=0.4266 cme=2.2234 acc=0.9740 cells=118036
[ct_train] early_stopping: no improve on val/eval_loss for 29/45 val checks
[ct_train] rechunked train graphs (seed=163)

=== Epoch 163/1000 ===
  [train] epoch=163 step=20/33 loss=4.9574 cls=0.3796 cme=2.1358 acc=0.9905
[train] loss=4.9745 cls=0.3835 cme=2.1410 acc=0.9888 cells=158379
[ct_train] rechunked train graphs (seed=164)

=== Epoch 164/1000 ===
  [train] epoch=164 step=20/33 loss=4.8641 cls=0.3795 cme=2.0912 acc=0.9909
[train] loss=4.9659 cls=0.3832 cme=2.1373 acc=0.9888 cells=158379
[val]   loss=5.1918 eval=2.6482 cls=0.4261 cme=2.2221 acc=0.9738 cells=118036
[ct_train] early_stopping: no improve on val/eval_loss for 30/45 val checks
[ct_train] rechunked train graphs (seed=165)

=== Epoch 165/1000 ===
  [train] epoch=165 step=20/33 loss=4.7983 cls=0.3661 cme=2.0685 acc=0.9973
[train] loss=4.9705 cls=0.3830 cme=2.1394 acc=0.9891 cells=158379
[ct_train] rechunked train graphs (seed=166)

=== Epoch 166/1000 ===
  [train] epoch=166 step=20/33 loss=5.0730 cls=0.3927 cme=2.1822 acc=0.9849
[train] loss=4.9675 cls=0.3816 cme=2.1388 acc=0.9896 cells=158379
[val]   loss=5.1825 eval=2.6410 cls=0.4206 cme=2.2204 acc=0.9756 cells=118036
[ct_train] early_stopping: no improve on val/eval_loss for 31/45 val checks
[ct_train] rechunked train graphs (seed=167)

=== Epoch 167/1000 ===
  [train] epoch=167 step=20/33 loss=4.8706 cls=0.3849 cme=2.0916 acc=0.9873
[train] loss=4.9602 cls=0.3810 cme=2.1356 acc=0.9901 cells=158379
[ct_train] rechunked train graphs (seed=168)

=== Epoch 168/1000 ===
  [train] epoch=168 step=20/33 loss=5.1241 cls=0.3885 cme=2.2078 acc=0.9853
[train] loss=4.9604 cls=0.3820 cme=2.1352 acc=0.9896 cells=158379
[val]   loss=5.1780 eval=2.6393 cls=0.4211 cme=2.2181 acc=0.9756 cells=118036
[ct_train] early_stopping: no improve on val/eval_loss for 32/45 val checks
[ct_train] rechunked train graphs (seed=169)

=== Epoch 169/1000 ===
  [train] epoch=169 step=20/33 loss=4.8924 cls=0.3726 cme=2.1086 acc=0.9936
[train] loss=4.9555 cls=0.3807 cme=2.1336 acc=0.9903 cells=158379
[ct_train] rechunked train graphs (seed=170)

=== Epoch 170/1000 ===
  [train] epoch=170 step=20/33 loss=5.2259 cls=0.3830 cme=2.2567 acc=0.9913
[train] loss=4.9563 cls=0.3808 cme=2.1339 acc=0.9903 cells=158379
[val]   loss=5.1850 eval=2.6432 cls=0.4229 cme=2.2203 acc=0.9750 cells=118036
[ct_train] early_stopping: no improve on val/eval_loss for 33/45 val checks
[ct_train] rechunked train graphs (seed=171)

=== Epoch 171/1000 ===
  [train] epoch=171 step=20/33 loss=4.8475 cls=0.3824 cme=2.0824 acc=0.9880
[train] loss=4.9549 cls=0.3805 cme=2.1334 acc=0.9901 cells=158379
[ct_train] rechunked train graphs (seed=172)

=== Epoch 172/1000 ===
  [train] epoch=172 step=20/33 loss=4.9605 cls=0.3727 cme=2.1404 acc=0.9951
[train] loss=4.9553 cls=0.3803 cme=2.1337 acc=0.9903 cells=158379
[val]   loss=5.1909 eval=2.6466 cls=0.4241 cme=2.2225 acc=0.9749 cells=118036
[ct_train] early_stopping: no improve on val/eval_loss for 34/45 val checks
[ct_train] rechunked train graphs (seed=173)

=== Epoch 173/1000 ===
  [train] epoch=173 step=20/33 loss=4.8422 cls=0.3843 cme=2.0799 acc=0.9883
[train] loss=4.9559 cls=0.3798 cme=2.1342 acc=0.9902 cells=158379
[ct_train] rechunked train graphs (seed=174)

=== Epoch 174/1000 ===
  [train] epoch=174 step=20/33 loss=5.1058 cls=0.3846 cme=2.2008 acc=0.9895
[train] loss=4.9523 cls=0.3804 cme=2.1323 acc=0.9901 cells=158379
[val]   loss=5.1878 eval=2.6458 cls=0.4248 cme=2.2209 acc=0.9745 cells=118036
[ct_train] early_stopping: no improve on val/eval_loss for 35/45 val checks
[ct_train] rechunked train graphs (seed=175)

=== Epoch 175/1000 ===
  [train] epoch=175 step=20/33 loss=4.9230 cls=0.3787 cme=2.1187 acc=0.9926
[train] loss=4.9545 cls=0.3806 cme=2.1332 acc=0.9898 cells=158379
[ct_train] rechunked train graphs (seed=176)

=== Epoch 176/1000 ===
  [train] epoch=176 step=20/33 loss=4.8990 cls=0.3783 cme=2.1088 acc=0.9911
[train] loss=4.9613 cls=0.3809 cme=2.1362 acc=0.9898 cells=158379
[val]   loss=5.1863 eval=2.6434 cls=0.4220 cme=2.2214 acc=0.9754 cells=118036
[ct_train] early_stopping: no improve on val/eval_loss for 36/45 val checks
[ct_train] rechunked train graphs (seed=177)

=== Epoch 177/1000 ===
  [train] epoch=177 step=20/33 loss=5.0388 cls=0.3830 cme=2.1709 acc=0.9907
[train] loss=4.9562 cls=0.3797 cme=2.1344 acc=0.9904 cells=158379
[ct_train] rechunked train graphs (seed=178)

=== Epoch 178/1000 ===
  [train] epoch=178 step=20/33 loss=4.8355 cls=0.3765 cme=2.0794 acc=0.9918
[train] loss=4.9500 cls=0.3787 cme=2.1320 acc=0.9909 cells=158379
[val]   loss=5.1921 eval=2.6466 cls=0.4226 cme=2.2240 acc=0.9753 cells=118036
[ct_train] early_stopping: no improve on val/eval_loss for 37/45 val checks
[ct_train] rechunked train graphs (seed=179)

=== Epoch 179/1000 ===
  [train] epoch=179 step=20/33 loss=4.9167 cls=0.3803 cme=2.1152 acc=0.9910
[train] loss=4.9535 cls=0.3801 cme=2.1329 acc=0.9902 cells=158379
[ct_train] rechunked train graphs (seed=180)

=== Epoch 180/1000 ===
  [train] epoch=180 step=20/33 loss=4.8986 cls=0.3725 cme=2.1118 acc=0.9938
[train] loss=4.9428 cls=0.3780 cme=2.1290 acc=0.9909 cells=158379
[val]   loss=5.1874 eval=2.6438 cls=0.4212 cme=2.2225 acc=0.9756 cells=118036
[ct_train] early_stopping: no improve on val/eval_loss for 38/45 val checks
[ct_train] rechunked train graphs (seed=181)

=== Epoch 181/1000 ===
  [train] epoch=181 step=20/33 loss=4.8453 cls=0.3851 cme=2.0808 acc=0.9873
[train] loss=4.9643 cls=0.3791 cme=2.1384 acc=0.9905 cells=158379
[ct_train] rechunked train graphs (seed=182)

=== Epoch 182/1000 ===
  [train] epoch=182 step=20/33 loss=4.7553 cls=0.3783 cme=2.0424 acc=0.9913
[train] loss=4.9483 cls=0.3791 cme=2.1309 acc=0.9906 cells=158379
[val]   loss=5.1925 eval=2.6468 cls=0.4230 cme=2.2238 acc=0.9751 cells=118036
[ct_train] early_stopping: no improve on val/eval_loss for 39/45 val checks
[ct_train] rechunked train graphs (seed=183)

=== Epoch 183/1000 ===
  [train] epoch=183 step=20/33 loss=4.8324 cls=0.3758 cme=2.0783 acc=0.9925
[train] loss=4.9433 cls=0.3782 cme=2.1292 acc=0.9911 cells=158379
[ct_train] rechunked train graphs (seed=184)

=== Epoch 184/1000 ===
  [train] epoch=184 step=20/33 loss=4.8333 cls=0.3747 cme=2.0793 acc=0.9927
[train] loss=4.9414 cls=0.3777 cme=2.1284 acc=0.9911 cells=158379
[val]   loss=5.1960 eval=2.6499 cls=0.4257 cme=2.2242 acc=0.9749 cells=118036
[ct_train] early_stopping: no improve on val/eval_loss for 40/45 val checks
[ct_train] rechunked train graphs (seed=185)

=== Epoch 185/1000 ===
  [train] epoch=185 step=20/33 loss=4.9332 cls=0.3777 cme=2.1250 acc=0.9915
[train] loss=4.9445 cls=0.3770 cme=2.1302 acc=0.9917 cells=158379
[ct_train] rechunked train graphs (seed=186)

=== Epoch 186/1000 ===
  [train] epoch=186 step=20/33 loss=5.0829 cls=0.3868 cme=2.1895 acc=0.9892
[train] loss=4.9489 cls=0.3771 cme=2.1323 acc=0.9913 cells=158379
[val]   loss=5.1955 eval=2.6489 cls=0.4244 cme=2.2244 acc=0.9748 cells=118036
[ct_train] early_stopping: no improve on val/eval_loss for 41/45 val checks
[ct_train] rechunked train graphs (seed=187)

=== Epoch 187/1000 ===
  [train] epoch=187 step=20/33 loss=4.9408 cls=0.3676 cme=2.1329 acc=0.9962
[train] loss=4.9397 cls=0.3766 cme=2.1282 acc=0.9917 cells=158379
[ct_train] rechunked train graphs (seed=188)

=== Epoch 188/1000 ===
  [train] epoch=188 step=20/33 loss=4.8979 cls=0.3715 cme=2.1117 acc=0.9938
[train] loss=4.9410 cls=0.3777 cme=2.1283 acc=0.9912 cells=158379
[val]   loss=5.1916 eval=2.6487 cls=0.4270 cme=2.2217 acc=0.9743 cells=118036
[ct_train] early_stopping: no improve on val/eval_loss for 42/45 val checks
[ct_train] rechunked train graphs (seed=189)

=== Epoch 189/1000 ===
  [train] epoch=189 step=20/33 loss=4.9367 cls=0.3710 cme=2.1292 acc=0.9954
[train] loss=4.9382 cls=0.3773 cme=2.1272 acc=0.9916 cells=158379
[ct_train] rechunked train graphs (seed=190)

=== Epoch 190/1000 ===
  [train] epoch=190 step=20/33 loss=4.7652 cls=0.3738 cme=2.0497 acc=0.9936
[train] loss=4.9447 cls=0.3775 cme=2.1301 acc=0.9913 cells=158379
[val]   loss=5.1928 eval=2.6481 cls=0.4253 cme=2.2228 acc=0.9749 cells=118036
[ct_train] early_stopping: no improve on val/eval_loss for 43/45 val checks
[ct_train] rechunked train graphs (seed=191)

=== Epoch 191/1000 ===
  [train] epoch=191 step=20/33 loss=4.8356 cls=0.3782 cme=2.0790 acc=0.9906
[train] loss=4.9373 cls=0.3770 cme=2.1269 acc=0.9913 cells=158379
[ct_train] rechunked train graphs (seed=192)

=== Epoch 192/1000 ===
  [train] epoch=192 step=20/33 loss=4.9888 cls=0.3847 cme=2.1476 acc=0.9888
[train] loss=4.9366 cls=0.3775 cme=2.1264 acc=0.9912 cells=158379
[val]   loss=5.2149 eval=2.6585 cls=0.4250 cme=2.2335 acc=0.9751 cells=118036
[ct_train] early_stopping: no improve on val/eval_loss for 44/45 val checks
[ct_train] rechunked train graphs (seed=193)

=== Epoch 193/1000 ===
  [train] epoch=193 step=20/33 loss=4.9724 cls=0.3836 cme=2.1404 acc=0.9888
[train] loss=4.9376 cls=0.3766 cme=2.1272 acc=0.9916 cells=158379
[ct_train] rechunked train graphs (seed=194)

=== Epoch 194/1000 ===
  [train] epoch=194 step=20/33 loss=5.1528 cls=0.3831 cme=2.2238 acc=0.9899
[train] loss=4.9354 cls=0.3774 cme=2.1258 acc=0.9912 cells=158379
[val]   loss=5.2131 eval=2.6598 cls=0.4289 cme=2.2309 acc=0.9748 cells=118036
[ct_train] early_stopping: no improve on val/eval_loss for 45/45 val checks
[ct_train] early stopping at epoch 194 (patience=45, monitor=val/eval_loss)

[ct_train] done. best_val_acc=0.9763  best_val_eval_loss=2.6190  checkpoints=/home/abel/code/Tissue-Reassembly-using-GenAI-and-new-metrics/exploration/cell_types/outputs/exp073_bs1  logs=/home/abel/code/Tissue-Reassembly-using-GenAI-and-new-metrics/exploration/cell_types/logs/exp073_bs1/20260807_235225
wandb: updating run metadata
wandb: uploading history steps 360-388, summary, console lines 1096-1179
wandb: 
wandb: Run summary:
wandb:                      best_epoch 104
wandb:                    best_val_acc 0.97631
wandb:              best_val_eval_loss 2.61899
wandb:                           epoch 194
wandb:                              lr 0.00018
wandb:           model/parameter_count 1305308
wandb: model/trainable_parameter_count 1305308
wandb:                       train/acc 0.99115
wandb:       train/acc_per_class/Astro 0.99412
wandb:        train/acc_per_class/Endo 0.9909
wandb:                             +58 ...
wandb: 
wandb:  View run exp073_bs1 at: https://wandb.ai/abel-salmona-polytechnique-montr-al/cell_types/runs/87xu4uw5
wandb:  View project at: https://wandb.ai/abel-salmona-polytechnique-montr-al/cell_types
wandb: Synced 5 W&B file(s), 1 media file(s), 2 artifact file(s) and 1 other file(s)
wandb: Find logs at: ./exploration/cell_types/logs/exp073_bs1/20260807_235225/wandb/run-20260807_235234-87xu4uw5/logs
