[ct_train] config=exploration/cell_types/experiments/configs/exp191_kd_div2_old.json
[ct_train] device=cuda  checkpoints=/home/abel/code/Tissue-Reassembly-using-GenAI-and-new-metrics/exploration/cell_types/outputs/exp191_kd_div2_old
[ct_train] logs=/home/abel/code/Tissue-Reassembly-using-GenAI-and-new-metrics/exploration/cell_types/logs/exp191_kd_div2_old/20260808_114622
[ct_train] Loading data …
[DataModule] Reading '/home/abel/biodata/MERFISH_LUNA_small_cortex/MERFISH_mouse_cortex_train.csv' (split=train) with float32 dtype on 254 gene cols + coord cols …
[DataModule] Loaded 158,379 rows for split=train.
[DataModule] Reading '/home/abel/biodata/MERFISH_LUNA_small_cortex/MERFISH_mouse_cortex_test.csv' (split=test) with float32 dtype on 254 gene cols + coord cols …
[DataModule] Loaded 118,036 rows for split=test.
[DataModule] Reading '/home/abel/biodata/MERFISH_LUNA_small_cortex/MERFISH_mouse_cortex_test.csv' (split=validation) with float32 dtype on 254 gene cols + coord cols …
[DataModule] Loaded 118,036 rows for split=validation.
[ct_train] genes=254  classes=23
[ct_train] model predict_cme=True  params=1,305,308
[ct_train] initialized student from /home/abel/code/Tissue-Reassembly-using-GenAI-and-new-metrics/exploration/cell_types/outputs/exp188_kd_diverse/best.pt
[ct_train] teacher loaded: /home/abel/code/Tissue-Reassembly-using-GenAI-and-new-metrics/exploration/cell_types/outputs/exp188_kd_diverse/best.pt
[ct_train] teacher loaded: /home/abel/code/Tissue-Reassembly-using-GenAI-and-new-metrics/exploration/cell_types/outputs/exp157_cls_w09/best.pt
[ct_train] teacher loaded: /home/abel/code/Tissue-Reassembly-using-GenAI-and-new-metrics/exploration/cell_types/outputs/exp135_ls006_aux017/best.pt
[ct_train] distillation ON: n_teachers=3 hard_w=0.2 kd_cls=2.0 kd_cme=3.0 T=1.5
[ct_train] soft CME loaded split=train sigma=96.0 n=158379 C=23
[ct_train] soft CME loaded split=validation sigma=96.0 n=118036 C=23
[ct_train] soft CME loaded split=train sigma=50.0 n=158379 C=23
[ct_train] soft CME loaded split=train sigma=64.0 n=158379 C=23
[ct_train] soft CME loaded split=validation sigma=50.0 n=118036 C=23
[ct_train] soft CME loaded split=validation sigma=64.0 n=118036 C=23
wandb: [wandb.login()] Loaded credentials for https://api.wandb.ai from /home/abel/.netrc.
wandb: Currently logged in as: abel-salmona (abel-salmona-polytechnique-montr-al) to https://api.wandb.ai. Use `wandb login --relogin` to force relogin
wandb: WARNING Using a boolean value for 'reinit' is deprecated. Use 'return_previous' or 'finish_previous' instead.
wandb: Tracking run with wandb version 0.26.1
wandb: Run data is saved locally in /home/abel/code/Tissue-Reassembly-using-GenAI-and-new-metrics/exploration/cell_types/logs/exp191_kd_div2_old/20260808_114622/wandb/run-20260808_114630-c5vw5vzx
wandb: Run `wandb offline` to turn off syncing.
wandb: Syncing run exp191_kd_div2_old
wandb:  View project at https://wandb.ai/abel-salmona-polytechnique-montr-al/cell_types
wandb:  View run at https://wandb.ai/abel-salmona-polytechnique-montr-al/cell_types/runs/c5vw5vzx
wandb: WARNING Saving files without folders. If you want to preserve subdirectories pass base_path to wandb.save, i.e. wandb.save("/mnt/folder/file.h5", base_path="/mnt")
wandb: WARNING Symlinked 1 file into the W&B run directory; call wandb.save again to sync new files.
[ct_train] wandb: project=cell_types name=exp191_kd_div2_old mode=online url=https://wandb.ai/abel-salmona-polytechnique-montr-al/cell_types/runs/c5vw5vzx
[ct_train] parameters: total=1,305,308 trainable=1,305,308
  [params] mlp_in_node_features: 26,720
  [params] transformer_layers: 633,600
  [params] type_stage1: 28,320
  [params] env_stage1: 93,056
  [params] type_probe: 2,231
  [params] env_probe: 7,383
  [params] fusion_mlp: 383,008
  [params] type_stage2: 30,551
  [params] env_stage2: 100,439
[ct_train] EMA enabled decay=0.98
[ct_train] rechunked train graphs (seed=1)

=== Epoch 1/1000 ===
[train] loss=7.5621 cls=0.4414 cme=2.1434 acc=0.9877 cells=158379 kd=6.5463
[ct_train] rechunked train graphs (seed=2)

=== Epoch 2/1000 ===
[train] loss=7.5402 cls=0.4410 cme=2.1365 acc=0.9874 cells=158379 kd=6.5275
[val]   loss=5.2221 eval=2.6047 cls=0.4048 cme=2.1999 acc=0.9765 cells=118036
[ct_train] saved best checkpoint (val_eval_loss=2.6047 val_acc=0.9765)
[ct_train] rechunked train graphs (seed=3)

=== Epoch 3/1000 ===
[train] loss=7.5400 cls=0.4413 cme=2.1365 acc=0.9875 cells=158379 kd=6.5272
[ct_train] rechunked train graphs (seed=4)

=== Epoch 4/1000 ===
[train] loss=7.5468 cls=0.4412 cme=2.1383 acc=0.9874 cells=158379 kd=6.5333
[val]   loss=5.2221 eval=2.6046 cls=0.4047 cme=2.1999 acc=0.9765 cells=118036
[ct_train] saved best checkpoint (val_eval_loss=2.6046 val_acc=0.9765)
[ct_train] early_stopping: no improve on val/eval_loss for 1/40 val checks
[ct_train] rechunked train graphs (seed=5)

=== Epoch 5/1000 ===
[train] loss=7.5604 cls=0.4414 cme=2.1418 acc=0.9876 cells=158379 kd=6.5453
[ct_train] rechunked train graphs (seed=6)

=== Epoch 6/1000 ===
[train] loss=7.5541 cls=0.4413 cme=2.1410 acc=0.9876 cells=158379 kd=6.5394
[val]   loss=5.2223 eval=2.6046 cls=0.4047 cme=2.2000 acc=0.9765 cells=118036
[ct_train] early_stopping: no improve on val/eval_loss for 2/40 val checks
[ct_train] rechunked train graphs (seed=7)

=== Epoch 7/1000 ===
[train] loss=7.5368 cls=0.4411 cme=2.1362 acc=0.9875 cells=158379 kd=6.5243
[ct_train] rechunked train graphs (seed=8)

=== Epoch 8/1000 ===
[train] loss=7.5421 cls=0.4413 cme=2.1368 acc=0.9875 cells=158379 kd=6.5293
[val]   loss=5.2222 eval=2.6046 cls=0.4046 cme=2.1999 acc=0.9765 cells=118036
[ct_train] saved best checkpoint (val_eval_loss=2.6046 val_acc=0.9765)
[ct_train] early_stopping: no improve on val/eval_loss for 3/40 val checks
[ct_train] rechunked train graphs (seed=9)

=== Epoch 9/1000 ===
[train] loss=7.5466 cls=0.4409 cme=2.1385 acc=0.9874 cells=158379 kd=6.5330
[ct_train] rechunked train graphs (seed=10)

=== Epoch 10/1000 ===
[train] loss=7.5621 cls=0.4415 cme=2.1427 acc=0.9873 cells=158379 kd=6.5466
[val]   loss=5.2221 eval=2.6045 cls=0.4046 cme=2.1999 acc=0.9764 cells=118036
[ct_train] saved best checkpoint (val_eval_loss=2.6045 val_acc=0.9765)
[ct_train] early_stopping: no improve on val/eval_loss for 4/40 val checks
[ct_train] rechunked train graphs (seed=11)

=== Epoch 11/1000 ===
[train] loss=7.5426 cls=0.4411 cme=2.1379 acc=0.9873 cells=158379 kd=6.5293
[ct_train] rechunked train graphs (seed=12)

=== Epoch 12/1000 ===
[train] loss=7.5436 cls=0.4412 cme=2.1383 acc=0.9874 cells=158379 kd=6.5301
[val]   loss=5.2221 eval=2.6045 cls=0.4046 cme=2.1999 acc=0.9764 cells=118036
[ct_train] early_stopping: no improve on val/eval_loss for 5/40 val checks
[ct_train] rechunked train graphs (seed=13)

=== Epoch 13/1000 ===
[train] loss=7.5456 cls=0.4415 cme=2.1382 acc=0.9872 cells=158379 kd=6.5321
[ct_train] rechunked train graphs (seed=14)

=== Epoch 14/1000 ===
[train] loss=7.5604 cls=0.4412 cme=2.1427 acc=0.9876 cells=158379 kd=6.5450
[val]   loss=5.2222 eval=2.6046 cls=0.4046 cme=2.1999 acc=0.9764 cells=118036
[ct_train] early_stopping: no improve on val/eval_loss for 6/40 val checks
[ct_train] rechunked train graphs (seed=15)

=== Epoch 15/1000 ===
[train] loss=7.5464 cls=0.4413 cme=2.1391 acc=0.9875 cells=158379 kd=6.5325
[ct_train] rechunked train graphs (seed=16)

=== Epoch 16/1000 ===
[train] loss=7.5470 cls=0.4418 cme=2.1392 acc=0.9875 cells=158379 kd=6.5330
[val]   loss=5.2224 eval=2.6047 cls=0.4047 cme=2.2000 acc=0.9764 cells=118036
[ct_train] early_stopping: no improve on val/eval_loss for 7/40 val checks
[ct_train] rechunked train graphs (seed=17)

=== Epoch 17/1000 ===
[train] loss=7.5449 cls=0.4413 cme=2.1387 acc=0.9874 cells=158379 kd=6.5312
[ct_train] rechunked train graphs (seed=18)

=== Epoch 18/1000 ===
[train] loss=7.5405 cls=0.4410 cme=2.1368 acc=0.9876 cells=158379 kd=6.5277
[val]   loss=5.2224 eval=2.6047 cls=0.4047 cme=2.2000 acc=0.9764 cells=118036
[ct_train] early_stopping: no improve on val/eval_loss for 8/40 val checks
[ct_train] rechunked train graphs (seed=19)

=== Epoch 19/1000 ===
[train] loss=7.5463 cls=0.4410 cme=2.1393 acc=0.9875 cells=158379 kd=6.5324
[ct_train] rechunked train graphs (seed=20)

=== Epoch 20/1000 ===
[train] loss=7.5446 cls=0.4413 cme=2.1386 acc=0.9875 cells=158379 kd=6.5310
[val]   loss=5.2224 eval=2.6047 cls=0.4047 cme=2.2000 acc=0.9764 cells=118036
[ct_train] early_stopping: no improve on val/eval_loss for 9/40 val checks
[ct_train] rechunked train graphs (seed=21)

=== Epoch 21/1000 ===
[train] loss=7.5431 cls=0.4411 cme=2.1388 acc=0.9877 cells=158379 kd=6.5294
[ct_train] rechunked train graphs (seed=22)

=== Epoch 22/1000 ===
[train] loss=7.5632 cls=0.4413 cme=2.1435 acc=0.9876 cells=158379 kd=6.5474
[val]   loss=5.2224 eval=2.6047 cls=0.4047 cme=2.2000 acc=0.9764 cells=118036
[ct_train] early_stopping: no improve on val/eval_loss for 10/40 val checks
[ct_train] rechunked train graphs (seed=23)

=== Epoch 23/1000 ===
[train] loss=7.5363 cls=0.4408 cme=2.1355 acc=0.9874 cells=158379 kd=6.5242
[ct_train] rechunked train graphs (seed=24)

=== Epoch 24/1000 ===
[train] loss=7.5486 cls=0.4414 cme=2.1394 acc=0.9874 cells=158379 kd=6.5346
[val]   loss=5.2224 eval=2.6046 cls=0.4047 cme=2.2000 acc=0.9764 cells=118036
[ct_train] early_stopping: no improve on val/eval_loss for 11/40 val checks
[ct_train] rechunked train graphs (seed=25)

=== Epoch 25/1000 ===
[train] loss=7.5279 cls=0.4409 cme=2.1341 acc=0.9874 cells=158379 kd=6.5163
[ct_train] rechunked train graphs (seed=26)

=== Epoch 26/1000 ===
[train] loss=7.5586 cls=0.4411 cme=2.1415 acc=0.9876 cells=158379 kd=6.5437
[val]   loss=5.2223 eval=2.6046 cls=0.4046 cme=2.2000 acc=0.9764 cells=118036
[ct_train] early_stopping: no improve on val/eval_loss for 12/40 val checks
[ct_train] rechunked train graphs (seed=27)

=== Epoch 27/1000 ===
[train] loss=7.5262 cls=0.4413 cme=2.1329 acc=0.9875 cells=158379 kd=6.5151
[ct_train] rechunked train graphs (seed=28)

=== Epoch 28/1000 ===
[train] loss=7.5378 cls=0.4411 cme=2.1378 acc=0.9875 cells=158379 kd=6.5246
[val]   loss=5.2223 eval=2.6046 cls=0.4046 cme=2.2000 acc=0.9764 cells=118036
[ct_train] early_stopping: no improve on val/eval_loss for 13/40 val checks
[ct_train] rechunked train graphs (seed=29)

=== Epoch 29/1000 ===
[train] loss=7.5422 cls=0.4415 cme=2.1375 acc=0.9874 cells=158379 kd=6.5290
[ct_train] rechunked train graphs (seed=30)

=== Epoch 30/1000 ===
[train] loss=7.5414 cls=0.4414 cme=2.1365 acc=0.9874 cells=158379 kd=6.5286
[val]   loss=5.2223 eval=2.6046 cls=0.4046 cme=2.2000 acc=0.9765 cells=118036
[ct_train] early_stopping: no improve on val/eval_loss for 14/40 val checks
[ct_train] rechunked train graphs (seed=31)

=== Epoch 31/1000 ===
[train] loss=7.5376 cls=0.4410 cme=2.1359 acc=0.9877 cells=158379 kd=6.5252
[ct_train] rechunked train graphs (seed=32)

=== Epoch 32/1000 ===
[train] loss=7.5515 cls=0.4411 cme=2.1407 acc=0.9875 cells=158379 kd=6.5369
[val]   loss=5.2224 eval=2.6046 cls=0.4046 cme=2.2000 acc=0.9765 cells=118036
[ct_train] early_stopping: no improve on val/eval_loss for 15/40 val checks
[ct_train] rechunked train graphs (seed=33)

=== Epoch 33/1000 ===
[train] loss=7.5473 cls=0.4411 cme=2.1396 acc=0.9875 cells=158379 kd=6.5333
[ct_train] rechunked train graphs (seed=34)

=== Epoch 34/1000 ===
[train] loss=7.5362 cls=0.4416 cme=2.1358 acc=0.9875 cells=158379 kd=6.5237
[val]   loss=5.2222 eval=2.6046 cls=0.4047 cme=2.1999 acc=0.9764 cells=118036
[ct_train] early_stopping: no improve on val/eval_loss for 16/40 val checks
[ct_train] rechunked train graphs (seed=35)

=== Epoch 35/1000 ===
[train] loss=7.5420 cls=0.4407 cme=2.1370 acc=0.9875 cells=158379 kd=6.5292
[ct_train] rechunked train graphs (seed=36)

=== Epoch 36/1000 ===
[train] loss=7.5431 cls=0.4414 cme=2.1378 acc=0.9876 cells=158379 kd=6.5297
[val]   loss=5.2223 eval=2.6046 cls=0.4047 cme=2.1999 acc=0.9765 cells=118036
[ct_train] early_stopping: no improve on val/eval_loss for 17/40 val checks
[ct_train] rechunked train graphs (seed=37)

=== Epoch 37/1000 ===
[train] loss=7.5371 cls=0.4412 cme=2.1357 acc=0.9873 cells=158379 kd=6.5247
[ct_train] rechunked train graphs (seed=38)

=== Epoch 38/1000 ===
[train] loss=7.5488 cls=0.4417 cme=2.1400 acc=0.9875 cells=158379 kd=6.5344
[val]   loss=5.2222 eval=2.6046 cls=0.4047 cme=2.1999 acc=0.9764 cells=118036
[ct_train] early_stopping: no improve on val/eval_loss for 18/40 val checks
[ct_train] rechunked train graphs (seed=39)

=== Epoch 39/1000 ===
[train] loss=7.5385 cls=0.4406 cme=2.1372 acc=0.9875 cells=158379 kd=6.5257
[ct_train] rechunked train graphs (seed=40)

=== Epoch 40/1000 ===
[train] loss=7.5417 cls=0.4409 cme=2.1373 acc=0.9875 cells=158379 kd=6.5286
[val]   loss=5.2223 eval=2.6046 cls=0.4047 cme=2.1999 acc=0.9764 cells=118036
[ct_train] early_stopping: no improve on val/eval_loss for 19/40 val checks
[ct_train] rechunked train graphs (seed=41)

=== Epoch 41/1000 ===
[train] loss=7.5365 cls=0.4410 cme=2.1364 acc=0.9875 cells=158379 kd=6.5239
[ct_train] rechunked train graphs (seed=42)

=== Epoch 42/1000 ===
[train] loss=7.5360 cls=0.4410 cme=2.1348 acc=0.9875 cells=158379 kd=6.5241
[val]   loss=5.2223 eval=2.6046 cls=0.4047 cme=2.1999 acc=0.9764 cells=118036
[ct_train] early_stopping: no improve on val/eval_loss for 20/40 val checks
[ct_train] rechunked train graphs (seed=43)

=== Epoch 43/1000 ===
[train] loss=7.5420 cls=0.4412 cme=2.1376 acc=0.9873 cells=158379 kd=6.5288
[ct_train] rechunked train graphs (seed=44)

=== Epoch 44/1000 ===
[train] loss=7.5304 cls=0.4406 cme=2.1346 acc=0.9874 cells=158379 kd=6.5187
[val]   loss=5.2224 eval=2.6047 cls=0.4047 cme=2.2000 acc=0.9764 cells=118036
[ct_train] early_stopping: no improve on val/eval_loss for 21/40 val checks
[ct_train] rechunked train graphs (seed=45)

=== Epoch 45/1000 ===
[train] loss=7.5445 cls=0.4415 cme=2.1376 acc=0.9874 cells=158379 kd=6.5313
[ct_train] rechunked train graphs (seed=46)

=== Epoch 46/1000 ===
[train] loss=7.5517 cls=0.4412 cme=2.1407 acc=0.9875 cells=158379 kd=6.5371
[val]   loss=5.2222 eval=2.6046 cls=0.4047 cme=2.1999 acc=0.9764 cells=118036
[ct_train] early_stopping: no improve on val/eval_loss for 22/40 val checks
[ct_train] rechunked train graphs (seed=47)

=== Epoch 47/1000 ===
[train] loss=7.5549 cls=0.4417 cme=2.1414 acc=0.9874 cells=158379 kd=6.5399
[ct_train] rechunked train graphs (seed=48)

=== Epoch 48/1000 ===
[train] loss=7.5570 cls=0.4414 cme=2.1417 acc=0.9876 cells=158379 kd=6.5420
[val]   loss=5.2220 eval=2.6045 cls=0.4047 cme=2.1998 acc=0.9765 cells=118036
[ct_train] saved best checkpoint (val_eval_loss=2.6045 val_acc=0.9765)
[ct_train] early_stopping: no improve on val/eval_loss for 23/40 val checks
[ct_train] rechunked train graphs (seed=49)

=== Epoch 49/1000 ===
[train] loss=7.5307 cls=0.4411 cme=2.1355 acc=0.9873 cells=158379 kd=6.5185
[ct_train] rechunked train graphs (seed=50)

=== Epoch 50/1000 ===
[train] loss=7.5389 cls=0.4412 cme=2.1364 acc=0.9876 cells=158379 kd=6.5262
[val]   loss=5.2221 eval=2.6045 cls=0.4047 cme=2.1998 acc=0.9765 cells=118036
[ct_train] early_stopping: no improve on val/eval_loss for 24/40 val checks
[ct_train] rechunked train graphs (seed=51)

=== Epoch 51/1000 ===
[train] loss=7.5373 cls=0.4413 cme=2.1366 acc=0.9876 cells=158379 kd=6.5245
[ct_train] rechunked train graphs (seed=52)

=== Epoch 52/1000 ===
[train] loss=7.5542 cls=0.4413 cme=2.1410 acc=0.9875 cells=158379 kd=6.5395
[val]   loss=5.2221 eval=2.6046 cls=0.4047 cme=2.1999 acc=0.9764 cells=118036
[ct_train] early_stopping: no improve on val/eval_loss for 25/40 val checks
[ct_train] rechunked train graphs (seed=53)

=== Epoch 53/1000 ===
[train] loss=7.5342 cls=0.4409 cme=2.1357 acc=0.9877 cells=158379 kd=6.5218
[ct_train] rechunked train graphs (seed=54)

=== Epoch 54/1000 ===
[train] loss=7.5486 cls=0.4409 cme=2.1392 acc=0.9878 cells=158379 kd=6.5348
[val]   loss=5.2223 eval=2.6046 cls=0.4047 cme=2.1999 acc=0.9765 cells=118036
[ct_train] early_stopping: no improve on val/eval_loss for 26/40 val checks
[ct_train] rechunked train graphs (seed=55)

=== Epoch 55/1000 ===
[train] loss=7.5366 cls=0.4410 cme=2.1361 acc=0.9874 cells=158379 kd=6.5241
[ct_train] rechunked train graphs (seed=56)

=== Epoch 56/1000 ===
[train] loss=7.5510 cls=0.4413 cme=2.1398 acc=0.9874 cells=158379 kd=6.5368
[val]   loss=5.2223 eval=2.6046 cls=0.4047 cme=2.2000 acc=0.9764 cells=118036
[ct_train] early_stopping: no improve on val/eval_loss for 27/40 val checks
[ct_train] rechunked train graphs (seed=57)

=== Epoch 57/1000 ===
[train] loss=7.5442 cls=0.4409 cme=2.1385 acc=0.9875 cells=158379 kd=6.5307
[ct_train] rechunked train graphs (seed=58)

=== Epoch 58/1000 ===
[train] loss=7.5346 cls=0.4412 cme=2.1358 acc=0.9873 cells=158379 kd=6.5222
[val]   loss=5.2223 eval=2.6046 cls=0.4047 cme=2.1999 acc=0.9764 cells=118036
[ct_train] early_stopping: no improve on val/eval_loss for 28/40 val checks
[ct_train] rechunked train graphs (seed=59)

=== Epoch 59/1000 ===
[train] loss=7.5435 cls=0.4414 cme=2.1383 acc=0.9876 cells=158379 kd=6.5300
[ct_train] rechunked train graphs (seed=60)

=== Epoch 60/1000 ===
[train] loss=7.5512 cls=0.4414 cme=2.1397 acc=0.9873 cells=158379 kd=6.5370
[val]   loss=5.2224 eval=2.6047 cls=0.4047 cme=2.2000 acc=0.9765 cells=118036
[ct_train] early_stopping: no improve on val/eval_loss for 29/40 val checks
[ct_train] rechunked train graphs (seed=61)

=== Epoch 61/1000 ===
[train] loss=7.5322 cls=0.4411 cme=2.1337 acc=0.9873 cells=158379 kd=6.5207
[ct_train] rechunked train graphs (seed=62)

=== Epoch 62/1000 ===
[train] loss=7.5558 cls=0.4414 cme=2.1412 acc=0.9874 cells=158379 kd=6.5410
[val]   loss=5.2224 eval=2.6047 cls=0.4047 cme=2.2000 acc=0.9764 cells=118036
[ct_train] early_stopping: no improve on val/eval_loss for 30/40 val checks
[ct_train] rechunked train graphs (seed=63)

=== Epoch 63/1000 ===
[train] loss=7.5424 cls=0.4412 cme=2.1379 acc=0.9875 cells=158379 kd=6.5291
[ct_train] rechunked train graphs (seed=64)

=== Epoch 64/1000 ===
[train] loss=7.5431 cls=0.4417 cme=2.1384 acc=0.9875 cells=158379 kd=6.5294
[val]   loss=5.2223 eval=2.6046 cls=0.4047 cme=2.1999 acc=0.9764 cells=118036
[ct_train] early_stopping: no improve on val/eval_loss for 31/40 val checks
[ct_train] rechunked train graphs (seed=65)

=== Epoch 65/1000 ===
[train] loss=7.5421 cls=0.4417 cme=2.1383 acc=0.9874 cells=158379 kd=6.5285
[ct_train] rechunked train graphs (seed=66)

=== Epoch 66/1000 ===
[train] loss=7.5329 cls=0.4414 cme=2.1352 acc=0.9873 cells=158379 kd=6.5207
[val]   loss=5.2222 eval=2.6046 cls=0.4047 cme=2.1999 acc=0.9764 cells=118036
[ct_train] early_stopping: no improve on val/eval_loss for 32/40 val checks
[ct_train] rechunked train graphs (seed=67)

=== Epoch 67/1000 ===
[train] loss=7.5396 cls=0.4412 cme=2.1376 acc=0.9873 cells=158379 kd=6.5264
[ct_train] rechunked train graphs (seed=68)

=== Epoch 68/1000 ===
[train] loss=7.5454 cls=0.4413 cme=2.1388 acc=0.9874 cells=158379 kd=6.5317
[val]   loss=5.2222 eval=2.6046 cls=0.4047 cme=2.1999 acc=0.9765 cells=118036
[ct_train] early_stopping: no improve on val/eval_loss for 33/40 val checks
[ct_train] rechunked train graphs (seed=69)

=== Epoch 69/1000 ===
[train] loss=7.5602 cls=0.4417 cme=2.1425 acc=0.9875 cells=158379 kd=6.5448
[ct_train] rechunked train graphs (seed=70)

=== Epoch 70/1000 ===
[train] loss=7.5437 cls=0.4411 cme=2.1387 acc=0.9875 cells=158379 kd=6.5300
[val]   loss=5.2223 eval=2.6046 cls=0.4047 cme=2.1999 acc=0.9765 cells=118036
[ct_train] early_stopping: no improve on val/eval_loss for 34/40 val checks
[ct_train] rechunked train graphs (seed=71)

=== Epoch 71/1000 ===
[train] loss=7.5345 cls=0.4411 cme=2.1354 acc=0.9875 cells=158379 kd=6.5223
[ct_train] rechunked train graphs (seed=72)

=== Epoch 72/1000 ===
[train] loss=7.5542 cls=0.4414 cme=2.1427 acc=0.9876 cells=158379 kd=6.5388
[val]   loss=5.2222 eval=2.6046 cls=0.4047 cme=2.1999 acc=0.9765 cells=118036
[ct_train] early_stopping: no improve on val/eval_loss for 35/40 val checks
[ct_train] rechunked train graphs (seed=73)

=== Epoch 73/1000 ===
[train] loss=7.5370 cls=0.4413 cme=2.1371 acc=0.9872 cells=158379 kd=6.5240
[ct_train] rechunked train graphs (seed=74)

=== Epoch 74/1000 ===
[train] loss=7.5323 cls=0.4411 cme=2.1354 acc=0.9876 cells=158379 kd=6.5201
[val]   loss=5.2222 eval=2.6045 cls=0.4046 cme=2.1999 acc=0.9765 cells=118036
[ct_train] early_stopping: no improve on val/eval_loss for 36/40 val checks
[ct_train] rechunked train graphs (seed=75)

=== Epoch 75/1000 ===
[train] loss=7.5370 cls=0.4411 cme=2.1363 acc=0.9874 cells=158379 kd=6.5244
[ct_train] rechunked train graphs (seed=76)

=== Epoch 76/1000 ===
[train] loss=7.5411 cls=0.4407 cme=2.1379 acc=0.9872 cells=158379 kd=6.5279
[val]   loss=5.2223 eval=2.6046 cls=0.4046 cme=2.2000 acc=0.9765 cells=118036
[ct_train] early_stopping: no improve on val/eval_loss for 37/40 val checks
[ct_train] rechunked train graphs (seed=77)

=== Epoch 77/1000 ===
[train] loss=7.5511 cls=0.4414 cme=2.1395 acc=0.9874 cells=158379 kd=6.5371
[ct_train] rechunked train graphs (seed=78)

=== Epoch 78/1000 ===
[train] loss=7.5458 cls=0.4419 cme=2.1392 acc=0.9872 cells=158379 kd=6.5318
[val]   loss=5.2223 eval=2.6046 cls=0.4046 cme=2.2000 acc=0.9765 cells=118036
[ct_train] early_stopping: no improve on val/eval_loss for 38/40 val checks
[ct_train] rechunked train graphs (seed=79)

=== Epoch 79/1000 ===
[train] loss=7.5572 cls=0.4412 cme=2.1419 acc=0.9874 cells=158379 kd=6.5421
[ct_train] rechunked train graphs (seed=80)

=== Epoch 80/1000 ===
[train] loss=7.5277 cls=0.4410 cme=2.1340 acc=0.9874 cells=158379 kd=6.5161
[val]   loss=5.2223 eval=2.6046 cls=0.4047 cme=2.1999 acc=0.9764 cells=118036
[ct_train] early_stopping: no improve on val/eval_loss for 39/40 val checks
[ct_train] rechunked train graphs (seed=81)

=== Epoch 81/1000 ===
[train] loss=7.5521 cls=0.4412 cme=2.1412 acc=0.9874 cells=158379 kd=6.5374
[ct_train] rechunked train graphs (seed=82)

=== Epoch 82/1000 ===
[train] loss=7.5362 cls=0.4413 cme=2.1357 acc=0.9875 cells=158379 kd=6.5238
[val]   loss=5.2224 eval=2.6046 cls=0.4047 cme=2.2000 acc=0.9765 cells=118036
[ct_train] early_stopping: no improve on val/eval_loss for 40/40 val checks
[ct_train] early stopping at epoch 82 (patience=40, monitor=val/eval_loss)

[ct_train] done. best_val_acc=0.9765  best_val_eval_loss=2.6045  checkpoints=/home/abel/code/Tissue-Reassembly-using-GenAI-and-new-metrics/exploration/cell_types/outputs/exp191_kd_div2_old  logs=/home/abel/code/Tissue-Reassembly-using-GenAI-and-new-metrics/exploration/cell_types/logs/exp191_kd_div2_old/20260808_114622
wandb: updating run metadata
wandb: uploading wandb-summary.json; uploading config.yaml; uploading output.log
wandb: 
wandb: Run summary:
wandb:                      best_epoch 48
wandb:                    best_val_acc 0.97653
wandb:              best_val_eval_loss 2.60449
wandb:                           epoch 82
wandb:                              lr 3e-05
wandb:           model/parameter_count 1305308
wandb: model/trainable_parameter_count 1305308
wandb:                       train/acc 0.98752
wandb:       train/acc_per_class/Astro 0.99221
wandb:        train/acc_per_class/Endo 0.98188
wandb:                             +54 ...
wandb: 
wandb:  View run exp191_kd_div2_old at: https://wandb.ai/abel-salmona-polytechnique-montr-al/cell_types/runs/c5vw5vzx
wandb:  View project at: https://wandb.ai/abel-salmona-polytechnique-montr-al/cell_types
wandb: Synced 5 W&B file(s), 1 media file(s), 2 artifact file(s) and 1 other file(s)
wandb: Find logs at: ./exploration/cell_types/logs/exp191_kd_div2_old/20260808_114622/wandb/run-20260808_114630-c5vw5vzx/logs
